CMD: /usr/lib/jvm/java-8-openjdk-amd64/bin/java -Dtools_jar_location=/usr/lib/jvm/java-8-openjdk-amd64/lib/tools.jar -jar /home/pizza/TestRound2/evosuite-1.2.0.jar -generateSuite -class com.fasterxml.jackson.databind.ser.BeanPropertyWriter -projectCP /home/pizza/TestRound2/Test/JacksonDatabind-1b/target/classes:/home/pizza/defects4j/framework/projects/JacksonDatabind/lib/com/fasterxml/jackson/core/jackson-annotations/2.2.1/jackson-annotations-2.2.1.jar:/home/pizza/defects4j/framework/projects/JacksonDatabind/lib/com/fasterxml/jackson/core/jackson-core/2.2.1/jackson-core-2.2.1.jar -base_dir /home/pizza/TestRound2/results/project-JacksonDatabind/JacksonDatabind-1/round03/evosuite-work -seed 11 -Dalgorithm=NSGAII -Dsearch_budget=60 -Dtest_format=JUNIT4 -Dassertions=true

* EvoSuite 1.2.0
* Going to generate test cases for class: com.fasterxml.jackson.databind.ser.BeanPropertyWriter
* Starting Client-0
* Connecting to master process on port 8220
* Analyzing classpath: 
  - /home/pizza/TestRound2/Test/JacksonDatabind-1b/target/classes
  - /home/pizza/defects4j/framework/projects/JacksonDatabind/lib/com/fasterxml/jackson/core/jackson-annotations/2.2.1/jackson-annotations-2.2.1.jar
  - /home/pizza/defects4j/framework/projects/JacksonDatabind/lib/com/fasterxml/jackson/core/jackson-core/2.2.1/jackson-core-2.2.1.jar
* Finished analyzing classpath
* Generating tests for class com.fasterxml.jackson.databind.ser.BeanPropertyWriter
* Test criteria:
  - Line Coverage
  - Branch Coverage
  - Exception
  - Mutation testing (weak)
  - Method-Output Coverage
  - Top-Level Method Coverage
  - No-Exception Top-Level Method Coverage
  - Context Branch Coverage
* Setting up search algorithm for whole suite generation
* Total number of test goals: 
  - Line 194
  - Branch 120
  - Exception 0
  - MutationFactory 299
  - Output 156
  - Method 38
  - MethodNoException 38
  - CBranchFitnessFactory 120

[Progress:>                             0%] [Cov:>                                  0%]* Using seed 11
* Starting evolution
[MASTER] 00:23:39.619 [logback-1] WARN  TestCluster - Failed to check cache for java.util.Collection<E> : Type points to itself
[MASTER] 00:23:39.650 [logback-1] WARN  TestCluster - Failed to check cache for java.util.Map<K, V> : Type points to itself
[MASTER] 00:23:39.913 [logback-1] WARN  TestCluster - Failed to check cache for java.util.EnumSet<E> : Type points to itself
[MASTER] 00:23:40.142 [logback-1] WARN  TestCluster - Failed to check cache for java.util.ArrayDeque<E> : Type points to itself
[MASTER] 00:23:40.803 [logback-1] WARN  TestCluster - Failed to check cache for java.util.TreeSet<E> : Type points to itself
[MASTER] 00:23:41.392 [logback-1] WARN  TestCluster - Failed to check cache for java.lang.Class<T> : Type points to itself
[MASTER] 00:23:42.854 [logback-1] WARN  TestCluster - Failed to check cache for java.util.LinkedList<E> : Type points to itself
[MASTER] 00:23:42.876 [logback-1] WARN  TestCluster - Failed to check cache for com.fasterxml.jackson.databind.JsonSerializer<T> : Type points to itself
[MASTER] 00:23:44.006 [logback-1] WARN  TestCluster - Failed to check cache for java.util.HashSet<E> : Type points to itself
[MASTER] 00:23:44.739 [logback-1] WARN  TestCluster - Failed to check cache for java.util.Vector<E> : Type points to itself
[MASTER] 00:23:45.291 [logback-1] WARN  TestCluster - Failed to check cache for java.util.ArrayList<E> : Type points to itself
[MASTER] 00:23:45.476 [logback-1] WARN  TestCluster - Failed to check cache for com.fasterxml.jackson.annotation.ObjectIdGenerator<T> : Type points to itself
[MASTER] 00:23:47.459 [logback-1] WARN  TestCluster - Failed to check cache for java.util.PriorityQueue<E> : Type points to itself
[MASTER] 00:23:49.183 [logback-1] WARN  TestCluster - Failed to check cache for java.util.LinkedHashSet<E> : Type points to itself

[Progress:=====>                        18%] [Cov:>                                  0%]
[Progress:=======>                      25%] [Cov:>                                  0%]
[Progress:=======>                      25%] [Cov:====>                              12%]
[Progress:=======>                      26%] [Cov:====>                              12%]
[Progress:========>                     28%] [Cov:>                                  0%]
[Progress:========>                     28%] [Cov:====>                              12%]
[Progress:=========>                    30%] [Cov:>                                  0%]
[Progress:=========>                    31%] [Cov:>                                  0%]
[Progress:=========>                    31%] [Cov:====>                              12%]
[Progress:=========>                    33%] [Cov:>                                  0%]
[Progress:=========>                    33%] [Cov:====>                              12%]
[Progress:==========>                   35%] [Cov:>                                  0%]
[Progress:==========>                   35%] [Cov:====>                              12%][MASTER] 00:24:00.298 [logback-1] WARN  TestCluster - Failed to check cache for com.fasterxml.jackson.databind.JsonDeserializer<T> : Type points to itself

[Progress:==========>                   36%] [Cov:>                                  0%]
[Progress:==========>                   36%] [Cov:====>                              12%]
[Progress:===========>                  38%] [Cov:>                                  0%]
[Progress:===========>                  38%] [Cov:====>                              12%]
[Progress:============>                 40%] [Cov:===>                               11%]
[Progress:============>                 40%] [Cov:====>                              12%]
[Progress:============>                 41%] [Cov:>                                  0%]
[Progress:============>                 41%] [Cov:====>                              12%]
[Progress:============>                 41%] [Cov:====>                              12%]
[Progress:============>                 43%] [Cov:====>                              12%][MASTER] 00:24:05.622 [logback-1] WARN  TestChromosome - Functional mock problem: org.evosuite.ga.ConstructionFailedException: Failed to add constructor for com.fasterxml.jackson.databind.ser.BeanSerializerBuilder due to org.evosuite.ga.ConstructionFailedException: Failed to add constructor for com.fasterxml.jackson.databind.SerializationConfig due to org.evosuite.ga.ConstructionFailedException: Failed to add constructor for com.fasterxml.jackson.databind.cfg.BaseSettings due to org.evosuite.ga.ConstructionFailedException: Invalid generic instance

[Progress:=============>                45%] [Cov:====>                              12%]
[Progress:=============>                46%] [Cov:====>                              12%][MASTER] 00:24:08.045 [logback-1] WARN  TestChromosome - Functional mock problem: org.evosuite.ga.ConstructionFailedException: Invalid generic instance

[Progress:==============>               48%] [Cov:====>                              12%]
[Progress:===============>              51%] [Cov:====>                              12%]
[Progress:===============>              53%] [Cov:====>                              12%]
[Progress:===============>              53%] [Cov:====>                              12%]
[Progress:================>             55%] [Cov:====>                              12%]
[Progress:================>             55%] [Cov:====>                              12%][MASTER] 00:24:12.426 [logback-1] WARN  TestChromosome - Functional mock problem: org.evosuite.ga.ConstructionFailedException: Have no generator for class com.fasterxml.jackson.databind.introspect.POJOPropertiesCollector canUseFunctionalMocks=false, canBeMocked: true

[Progress:================>             55%] [Cov:====>                              12%]
[Progress:================>             56%] [Cov:====>                              12%]
[Progress:=================>            58%] [Cov:====>                              12%][MASTER] 00:24:14.229 [logback-1] WARN  TestChromosome - Functional mock problem: org.evosuite.ga.ConstructionFailedException: Failed to add constructor for com.fasterxml.jackson.databind.introspect.AnnotatedMethod due to org.evosuite.ga.ConstructionFailedException: Failed to add constructor for com.fasterxml.jackson.databind.DeserializationConfig due to org.evosuite.ga.ConstructionFailedException: Failed to add constructor for com.fasterxml.jackson.databind.cfg.BaseSettings due to org.evosuite.ga.ConstructionFailedException: Invalid generic instance

[Progress:=================>            58%] [Cov:====>                              12%]
[Progress:==================>           60%] [Cov:====>                              12%]
[Progress:==================>           60%] [Cov:====>                              12%][MASTER] 00:24:15.831 [logback-1] WARN  TestChromosome - Functional mock problem: org.evosuite.ga.ConstructionFailedException: Max recursion depth reached

[Progress:==================>           60%] [Cov:====>                              12%]
[Progress:==================>           61%] [Cov:====>                              12%]
[Progress:==================>           61%] [Cov:====>                              12%]
[Progress:==================>           63%] [Cov:===>                               11%]
[Progress:==================>           63%] [Cov:====>                              12%]
[Progress:==================>           63%] [Cov:====>                              12%]
[Progress:===================>          65%] [Cov:====>                              12%]
[Progress:===================>          65%] [Cov:====>                              12%]
[Progress:===================>          66%] [Cov:====>                              12%]
[Progress:===================>          66%] [Cov:====>                              13%]
[Progress:===================>          66%] [Cov:====>                              14%]
[Progress:====================>         68%] [Cov:====>                              12%]
[Progress:====================>         68%] [Cov:====>                              14%]
[Progress:=====================>        70%] [Cov:====>                              12%][MASTER] 00:24:21.229 [logback-1] WARN  TestChromosome - Functional mock problem: org.evosuite.ga.ConstructionFailedException: Failed to add constructor for com.fasterxml.jackson.databind.type.TypeBindings due to org.evosuite.ga.ConstructionFailedException: Failed to add constructor for com.fasterxml.jackson.databind.ObjectMapper due to org.evosuite.ga.ConstructionFailedException: Max recursion depth reached

[Progress:=====================>        70%] [Cov:====>                              14%]
[Progress:=====================>        71%] [Cov:====>                              12%]
[Progress:=====================>        71%] [Cov:====>                              14%]
[Progress:=====================>        71%] [Cov:====>                              14%][MASTER] 00:24:22.298 [logback-1] WARN  TestChromosome - Functional mock problem: org.evosuite.ga.ConstructionFailedException: Failed to add constructor for com.fasterxml.jackson.databind.deser.BeanDeserializerBuilder due to org.evosuite.ga.ConstructionFailedException: Failed to add constructor for com.fasterxml.jackson.databind.DeserializationConfig due to org.evosuite.ga.ConstructionFailedException: Failed to add constructor for com.fasterxml.jackson.databind.cfg.BaseSettings due to org.evosuite.ga.ConstructionFailedException: Invalid generic instance
[MASTER] 00:24:22.497 [logback-1] WARN  TestChromosome - Functional mock problem: org.evosuite.ga.ConstructionFailedException: Failed to add constructor for com.fasterxml.jackson.databind.DeserializationConfig due to org.evosuite.ga.ConstructionFailedException: Error: VariableReference: Statement 11, type java.util.HashMap<com.fasterxml.jackson.databind.type.ClassKey, java.lang.Class<java.lang.reflect.Field>> is not assignable to java.util.Map<com.fasterxml.jackson.databind.type.ClassKey, java.lang.Class<?>>

[Progress:=====================>        71%] [Cov:====>                              14%]
[Progress:=====================>        73%] [Cov:====>                              12%]
[Progress:=====================>        73%] [Cov:====>                              14%]
[Progress:=====================>        73%] [Cov:====>                              14%]
[Progress:======================>       75%] [Cov:====>                              14%]
[Progress:======================>       76%] [Cov:====>                              14%]
[Progress:=======================>      78%] [Cov:====>                              14%]
[Progress:=======================>      78%] [Cov:====>                              14%][MASTER] 00:24:27.038 [logback-1] WARN  TestChromosome - Functional mock problem: org.evosuite.ga.ConstructionFailedException: Failed to add constructor for com.fasterxml.jackson.databind.SerializationConfig due to org.evosuite.ga.ConstructionFailedException: Failed to add constructor for com.fasterxml.jackson.databind.cfg.BaseSettings due to org.evosuite.ga.ConstructionFailedException: Invalid generic instance

[Progress:========================>     80%] [Cov:====>                              14%]
[Progress:========================>     80%] [Cov:====>                              14%]
[Progress:========================>     81%] [Cov:====>                              14%][MASTER] 00:24:28.233 [logback-1] WARN  TestChromosome - Functional mock problem: org.evosuite.ga.ConstructionFailedException: Failed to add constructor for com.fasterxml.jackson.databind.ser.DefaultSerializerProvider$Impl due to org.evosuite.ga.ConstructionFailedException: Failed to add constructor for com.fasterxml.jackson.databind.SerializationConfig due to org.evosuite.ga.ConstructionFailedException: Failed to add constructor for com.fasterxml.jackson.databind.cfg.BaseSettings due to org.evosuite.ga.ConstructionFailedException: Invalid generic instance
[MASTER] 00:24:28.314 [logback-1] WARN  TestChromosome - Functional mock problem: org.evosuite.ga.ConstructionFailedException: Failed to add constructor for com.fasterxml.jackson.databind.DeserializationConfig due to org.evosuite.ga.ConstructionFailedException: Failed to add constructor for com.fasterxml.jackson.databind.cfg.BaseSettings due to org.evosuite.ga.ConstructionFailedException: Invalid generic instance

[Progress:========================>     81%] [Cov:====>                              14%]
[Progress:========================>     83%] [Cov:====>                              14%]
[Progress:========================>     83%] [Cov:====>                              14%]
[Progress:=========================>    85%] [Cov:====>                              14%]
[Progress:=========================>    85%] [Cov:====>                              14%]
[Progress:=========================>    86%] [Cov:====>                              14%]
[Progress:=========================>    86%] [Cov:====>                              14%]
[Progress:==========================>   88%] [Cov:====>                              13%]
[Progress:==========================>   88%] [Cov:====>                              14%]
[Progress:==========================>   88%] [Cov:====>                              14%]
[Progress:===========================>  90%] [Cov:====>                              14%]
[Progress:===========================>  90%] [Cov:====>                              14%]
[Progress:===========================>  91%] [Cov:====>                              14%]
[Progress:===========================>  91%] [Cov:====>                              14%]
[Progress:===========================>  93%] [Cov:====>                              14%]
[Progress:============================> 95%] [Cov:====>                              14%]
[Progress:============================> 95%] [Cov:====>                              14%]
[Progress:============================> 96%] [Cov:====>                              14%]
[Progress:=============================>98%] [Cov:====>                              14%]
[Progress:=============================>98%] [Cov:====>                              14%]
[Progress:==============================100%] [Cov:====>                              14%][MASTER] 00:24:39.332 [logback-1] WARN  TestChromosome - Functional mock problem: org.evosuite.ga.ConstructionFailedException: Failed to add constructor for com.fasterxml.jackson.databind.deser.BeanDeserializerBuilder due to org.evosuite.ga.ConstructionFailedException: Failed to add constructor for com.fasterxml.jackson.databind.SerializationConfig due to org.evosuite.ga.ConstructionFailedException: Failed to add constructor for com.fasterxml.jackson.databind.cfg.BaseSettings due to org.evosuite.ga.ConstructionFailedException: Invalid generic instance
[MASTER] 00:24:39.449 [logback-1] WARN  TestChromosome - Functional mock problem: org.evosuite.ga.ConstructionFailedException: Failed to add constructor for com.fasterxml.jackson.databind.DeserializationConfig due to org.evosuite.ga.ConstructionFailedException: Max recursion depth reached

[Progress:==============================100%] [Cov:====>                              14%]
[Progress:==============================100%] [Cov:====>                              14%]
[Progress:==============================100%] [Cov:====>                              14%]
* Search finished after 62s and 28 generations, 7817 statements, best individual has fitness: 1111.4943820224719
* Minimizing test suite
* Going to analyze the coverage criteria
* Coverage analysis for criterion LINE
* Coverage of criterion LINE: 9%
* Total number of goals: 194
* Number of covered goals: 17
* Coverage analysis for criterion BRANCH
* Coverage of criterion BRANCH: 3%
* Total number of goals: 120
* Number of covered goals: 4
* Coverage analysis for criterion EXCEPTION
* Coverage of criterion EXCEPTION: 100%
* Total number of goals: 3
* Number of covered goals: 3
* Coverage analysis for criterion WEAKMUTATION
* Coverage of criterion WEAKMUTATION: 6%
* Total number of goals: 299
* Number of covered goals: 19
* Coverage analysis for criterion OUTPUT
* Coverage of criterion OUTPUT: 0%
* Total number of goals: 156
* Number of covered goals: 0
* Coverage analysis for criterion METHOD
* Coverage of criterion METHOD: 8%
* Total number of goals: 38
* Number of covered goals: 3
* Coverage analysis for criterion METHODNOEXCEPTION
* Coverage of criterion METHODNOEXCEPTION: 0%
* Total number of goals: 38
* Number of covered goals: 0
* Coverage analysis for criterion CBRANCH
* Coverage of criterion CBRANCH: 2%
* Total number of goals: 120
* Number of covered goals: 3
* Generated 4 tests with total length 25
* Resulting test suite's coverage: 14% (average coverage for all fitness functions)
* Generating assertions
* Resulting test suite's mutation score: 0%
* Compiling and checking tests
* Permissions denied during test execution: 
  - java.lang.RuntimePermission: 
         writeFileDescriptor: 1
* Writing tests to file
* Writing JUnit test case 'BeanPropertyWriter_ESTest' to evosuite-tests
* Done!

* Computation finished

