CMD: /usr/lib/jvm/java-8-openjdk-amd64/bin/java -Dtools_jar_location=/usr/lib/jvm/java-8-openjdk-amd64/lib/tools.jar -jar /home/pizza/TestRound2/evosuite-1.2.0.jar -generateSuite -class com.google.javascript.jscomp.MinimizeExitPoints -projectCP /home/pizza/TestRound2/Test/Closure-126b/build/classes:/home/pizza/TestRound2/Test/Closure-126b/lib/args4j.jar:/home/pizza/TestRound2/Test/Closure-126b/lib/guava.jar:/home/pizza/TestRound2/Test/Closure-126b/lib/json.jar:/home/pizza/TestRound2/Test/Closure-126b/lib/jsr305.jar:/home/pizza/TestRound2/Test/Closure-126b/lib/protobuf-java.jar:/home/pizza/TestRound2/Test/Closure-126b/build/lib/rhino.jar:/home/pizza/TestRound2/Test/Closure-126b/lib/ant.jar -base_dir /home/pizza/TestRound2/results/project-Closure/Closure-126/round03/evosuite-work -seed 11 -Dalgorithm=NSGAII -Dsearch_budget=60 -Dtest_format=JUNIT4 -Dassertions=true

* EvoSuite 1.2.0
* Going to generate test cases for class: com.google.javascript.jscomp.MinimizeExitPoints
* Starting Client-0
* Connecting to master process on port 8222
* Analyzing classpath: 
  - /home/pizza/TestRound2/Test/Closure-126b/build/classes
  - /home/pizza/TestRound2/Test/Closure-126b/lib/args4j.jar
  - /home/pizza/TestRound2/Test/Closure-126b/lib/guava.jar
  - /home/pizza/TestRound2/Test/Closure-126b/lib/json.jar
  - /home/pizza/TestRound2/Test/Closure-126b/lib/jsr305.jar
  - /home/pizza/TestRound2/Test/Closure-126b/lib/protobuf-java.jar
  - /home/pizza/TestRound2/Test/Closure-126b/build/lib/rhino.jar
  - /home/pizza/TestRound2/Test/Closure-126b/lib/ant.jar
* Finished analyzing classpath
* Generating tests for class com.google.javascript.jscomp.MinimizeExitPoints
* Test criteria:
  - Line Coverage
  - Branch Coverage
  - Exception
  - Mutation testing (weak)
  - Method-Output Coverage
  - Top-Level Method Coverage
  - No-Exception Top-Level Method Coverage
  - Context Branch Coverage
* Setting up search algorithm for whole suite generation
* Total number of test goals: 
  - Line 102
  - Branch 78
  - Exception 0
  - MutationFactory 279
  - Output 0
  - Method 4

[Progress:>                             0%] [Cov:>                                  0%]  - MethodNoException 4
  - CBranchFitnessFactory 78
* Using seed 11
* Starting evolution
[MASTER] 10:13:45.136 [logback-1] WARN  TestCluster - Failed to check cache for com.google.javascript.jscomp.ControlFlowGraph<N>.Branch : Type points to itself

[Progress:===>                          13%] [Cov:>                                  0%]
[Progress:====>                         16%] [Cov:>                                  1%]
[Progress:=====>                        18%] [Cov:>                                  1%]
[Progress:=====>                        18%] [Cov:=>                                 3%]
[Progress:=====>                        18%] [Cov:=====>                             16%]
[Progress:=====>                        18%] [Cov:=========>                         27%]
[Progress:=====>                        18%] [Cov:============>                      36%]
[Progress:=====>                        18%] [Cov:============>                      37%]
[Progress:=====>                        18%] [Cov:===============>                   44%]
[Progress:======>                       20%] [Cov:====>                              12%]
[Progress:======>                       20%] [Cov:=======>                           22%]
[Progress:======>                       20%] [Cov:========>                          23%]
[Progress:======>                       20%] [Cov:=========>                         28%]
[Progress:======>                       20%] [Cov:==========>                        31%]
[Progress:======>                       21%] [Cov:====>                              13%]
[Progress:======>                       21%] [Cov:=======>                           22%]
[Progress:======>                       21%] [Cov:========>                          23%]
[Progress:======>                       21%] [Cov:========>                          25%]
[Progress:======>                       21%] [Cov:=========>                         28%]
[Progress:======>                       21%] [Cov:==========>                        31%]
[Progress:=======>                      26%] [Cov:>                                  0%]
[Progress:=======>                      26%] [Cov:====>                              13%]
[Progress:=======>                      26%] [Cov:========>                          23%]
[Progress:=======>                      26%] [Cov:=========>                         28%]
[Progress:=======>                      26%] [Cov:==========>                        31%]
[Progress:========>                     28%] [Cov:>                                  0%]
[Progress:========>                     28%] [Cov:====>                              13%]
[Progress:========>                     28%] [Cov:=======>                           22%]
[Progress:========>                     28%] [Cov:========>                          25%]
[Progress:========>                     28%] [Cov:=========>                         28%]
[Progress:=========>                    30%] [Cov:====>                              14%]
[Progress:=========>                    30%] [Cov:=====>                             16%]
[Progress:=========>                    30%] [Cov:=====>                             17%]
[Progress:=========>                    30%] [Cov:========>                          25%]
[Progress:=========>                    30%] [Cov:=========>                         28%]
[Progress:=========>                    30%] [Cov:==========>                        30%]
[Progress:=========>                    30%] [Cov:=============>                     39%]
[Progress:=========>                    30%] [Cov:=================>                 50%]
[Progress:=========>                    31%] [Cov:>                                  1%]
[Progress:=========>                    31%] [Cov:=>                                 3%]
[Progress:=========>                    31%] [Cov:=====>                             16%]
[Progress:=========>                    31%] [Cov:=========>                         27%]
[Progress:=========>                    31%] [Cov:============>                      36%]
[Progress:=========>                    31%] [Cov:===============>                   44%]
[Progress:=========>                    31%] [Cov:=================>                 50%]
[Progress:=========>                    33%] [Cov:>                                  1%]
[Progress:=========>                    33%] [Cov:>                                  2%]
[Progress:=========>                    33%] [Cov:====>                              13%]
[Progress:=========>                    33%] [Cov:====>                              14%]
[Progress:=========>                    33%] [Cov:=======>                           22%]
[Progress:=========>                    33%] [Cov:========>                          25%]
[Progress:=========>                    33%] [Cov:=========>                         28%]
[Progress:=========>                    33%] [Cov:==========>                        31%]
[Progress:=========>                    33%] [Cov:============>                      37%]
[Progress:=========>                    33%] [Cov:=============>                     39%]
[Progress:=========>                    33%] [Cov:===============>                   44%]
[Progress:=========>                    33%] [Cov:=================>                 50%]
[Progress:============>                 43%] [Cov:>                                  0%]
[Progress:============>                 43%] [Cov:>                                  2%]
[Progress:============>                 43%] [Cov:====>                              13%]
[Progress:============>                 43%] [Cov:====>                              14%]
[Progress:============>                 43%] [Cov:=======>                           22%]
[Progress:============>                 43%] [Cov:========>                          25%]
[Progress:============>                 43%] [Cov:==========>                        31%]
[Progress:============>                 43%] [Cov:===========>                       34%]
[Progress:============>                 43%] [Cov:=============>                     39%]
[Progress:============>                 43%] [Cov:=================>                 50%]
[Progress:============>                 43%] [Cov:=================>                 51%]
[Progress:============>                 43%] [Cov:=================>                 51%]
[Progress:=============>                45%] [Cov:=========>                         28%]
[Progress:=============>                45%] [Cov:===========>                       32%]
[Progress:=============>                45%] [Cov:=============>                     39%]
[Progress:=============>                45%] [Cov:===============>                   44%]
[Progress:=============>                45%] [Cov:=================>                 50%]
[Progress:=============>                45%] [Cov:================>                  48%]
[Progress:=============>                45%] [Cov:=================>                 49%]
[Progress:=============>                45%] [Cov:=================>                 50%]
[Progress:=============>                45%] [Cov:=================>                 51%]
[Progress:===============>              53%] [Cov:=========>                         28%]
[Progress:===============>              53%] [Cov:=================>                 50%]
[Progress:===============>              53%] [Cov:================>                  48%]
[Progress:===============>              53%] [Cov:=================>                 49%]
[Progress:===============>              53%] [Cov:=================>                 50%]
[Progress:================>             55%] [Cov:===============>                   44%]
[Progress:================>             55%] [Cov:=================>                 50%]
[Progress:================>             55%] [Cov:=================>                 51%]
[Progress:================>             55%] [Cov:================>                  48%]
[Progress:================>             55%] [Cov:=================>                 50%]
[Progress:================>             55%] [Cov:=================>                 51%]
[Progress:================>             56%] [Cov:=================>                 51%]
[Progress:================>             56%] [Cov:==================>                52%]
[Progress:================>             56%] [Cov:==================>                52%]
[Progress:=================>            58%] [Cov:================>                  48%]
[Progress:=================>            58%] [Cov:=================>                 50%]
[Progress:=================>            58%] [Cov:=================>                 51%]
[Progress:=================>            58%] [Cov:==================>                52%]
[Progress:=================>            58%] [Cov:==================>                52%]
[Progress:=================>            58%] [Cov:==================>                52%]
[Progress:==================>           60%] [Cov:=================>                 51%]
[Progress:==================>           60%] [Cov:==================>                52%]
[Progress:==================>           60%] [Cov:==================>                52%]
[Progress:==================>           61%] [Cov:==================>                52%]
[Progress:==================>           61%] [Cov:==================>                52%]
[Progress:==================>           63%] [Cov:==================>                52%]
[Progress:==================>           63%] [Cov:==================>                53%]
[Progress:==================>           63%] [Cov:==================>                53%]
[Progress:===================>          65%] [Cov:==================>                52%]
[Progress:=====================>        73%] [Cov:================>                  48%]
[Progress:=====================>        73%] [Cov:==================>                52%]
[Progress:=====================>        73%] [Cov:==================>                53%]
[Progress:=====================>        73%] [Cov:==================>                53%]
[Progress:=====================>        73%] [Cov:==================>                53%]
[Progress:======================>       75%] [Cov:==================>                52%]
[Progress:======================>       75%] [Cov:==================>                53%]
[Progress:======================>       75%] [Cov:==================>                53%]
[Progress:======================>       76%] [Cov:==================>                53%]
[Progress:======================>       76%] [Cov:==================>                53%]
[Progress:======================>       76%] [Cov:==================>                53%]
[Progress:=======================>      78%] [Cov:==================>                53%]
[Progress:=======================>      78%] [Cov:==================>                53%]
[Progress:========================>     80%] [Cov:==================>                53%]
[Progress:========================>     80%] [Cov:==================>                53%]
[Progress:========================>     81%] [Cov:==================>                53%]
[Progress:========================>     81%] [Cov:==================>                53%]
[Progress:========================>     83%] [Cov:==================>                53%]
[Progress:========================>     83%] [Cov:==================>                54%]
[Progress:========================>     83%] [Cov:===================>               55%]
[Progress:========================>     83%] [Cov:===================>               55%]
[Progress:=========================>    85%] [Cov:==================>                53%]
[Progress:=========================>    85%] [Cov:===================>               55%]
[Progress:=========================>    85%] [Cov:===================>               55%]
[Progress:=========================>    86%] [Cov:==================>                53%]
[Progress:=========================>    86%] [Cov:===================>               55%]
[Progress:=========================>    86%] [Cov:===================>               55%]
[Progress:==========================>   88%] [Cov:===================>               55%]
[Progress:==========================>   88%] [Cov:===================>               55%]
[Progress:===========================>  90%] [Cov:===================>               55%]
[Progress:===========================>  90%] [Cov:===================>               55%]
[Progress:===========================>  90%] [Cov:===================>               55%]
[Progress:===========================>  91%] [Cov:===================>               55%]
[Progress:===========================>  91%] [Cov:===================>               55%]
[Progress:===========================>  91%] [Cov:===================>               55%]
[Progress:===========================>  93%] [Cov:===================>               55%]
[Progress:===========================>  93%] [Cov:===================>               55%]
[Progress:============================> 95%] [Cov:===================>               55%]
[Progress:============================> 95%] [Cov:===================>               55%]
[Progress:============================> 96%] [Cov:===================>               55%]
[Progress:============================> 96%] [Cov:===================>               55%]
[Progress:============================> 96%] [Cov:===================>               55%]
[Progress:=============================>98%] [Cov:===================>               55%]
[Progress:=============================>98%] [Cov:===================>               55%]
[Progress:=============================>98%] [Cov:===================>               56%]
[Progress:=============================>98%] [Cov:===================>               57%]
[Progress:=============================>98%] [Cov:===================>               57%]
[Progress:==============================100%] [Cov:===================>               55%]
[Progress:==============================100%] [Cov:===================>               57%]
[Progress:==============================100%] [Cov:===================>               57%]
[Progress:==============================100%] [Cov:===================>               55%]
[Progress:==============================100%] [Cov:===================>               57%]
[Progress:==============================100%] [Cov:===================>               57%]
* Search finished after 66s and 36 generations, 9873 statements, best individual has fitness: 497.7006768409207
[MASTER] 10:14:48.611 [logback-1] WARN  TimeController - Phase SEARCH lasted too long, 6 seconds more than allowed.
* Minimizing test suite
* Going to analyze the coverage criteria
* Coverage analysis for criterion LINE
* Coverage of criterion LINE: 21%
* Total number of goals: 102
* Number of covered goals: 21
* Coverage analysis for criterion BRANCH
* Coverage of criterion BRANCH: 29%
* Total number of goals: 78
* Number of covered goals: 23
* Coverage analysis for criterion EXCEPTION
* Coverage of criterion EXCEPTION: 50%
* Total number of goals: 4
* Number of covered goals: 2
* Coverage analysis for criterion WEAKMUTATION
* Coverage of criterion WEAKMUTATION: 13%
* Total number of goals: 279
* Number of covered goals: 35
* Coverage analysis for criterion OUTPUT
* Coverage of criterion OUTPUT: 100% (no goals)
* Coverage analysis for criterion METHOD
* Coverage of criterion METHOD: 100%
* Total number of goals: 4
* Number of covered goals: 4
* Coverage analysis for criterion METHODNOEXCEPTION
* Coverage of criterion METHODNOEXCEPTION: 100%
* Total number of goals: 4
* Number of covered goals: 4
* Coverage analysis for criterion CBRANCH
* Coverage of criterion CBRANCH: 29%
* Total number of goals: 78
* Number of covered goals: 23
* Generated 7 tests with total length 32
* Resulting test suite's coverage: 58% (average coverage for all fitness functions)
* Generating assertions
* Resulting test suite's mutation score: 4%
* Compiling and checking tests
* Permissions denied during test execution: 
  - java.lang.RuntimePermission: 
         writeFileDescriptor: 5
* Writing tests to file
* Writing JUnit test case 'MinimizeExitPoints_ESTest' to evosuite-tests
* Done!

* Computation finished

[MASTER] 10:15:09.308 [Thread-3] ERROR ExternalProcessGroupHandler - Exception while reading output of client process. Stream closed
