CMD: /usr/lib/jvm/java-8-openjdk-amd64/bin/java -Dtools_jar_location=/usr/lib/jvm/java-8-openjdk-amd64/lib/tools.jar -jar /home/pizza/TestRound2/evosuite-1.2.0.jar -generateSuite -class com.fasterxml.jackson.databind.ser.std.JsonValueSerializer -projectCP /home/pizza/TestRound2/Test/JacksonDatabind-60b/target/classes:/home/pizza/defects4j/framework/projects/JacksonDatabind/lib/com/fasterxml/jackson/core/jackson-annotations/2.8.0/jackson-annotations-2.8.0.jar:/home/pizza/defects4j/framework/projects/JacksonDatabind/lib/com/fasterxml/jackson/core/jackson-core/2.8.3/jackson-core-2.8.3.jar -base_dir /home/pizza/TestRound2/results/project-JacksonDatabind/JacksonDatabind-60/round03/evosuite-work -seed 11 -Dalgorithm=NSGAII -Dsearch_budget=60 -Dtest_format=JUNIT4 -Dassertions=true

* EvoSuite 1.2.0
* Going to generate test cases for class: com.fasterxml.jackson.databind.ser.std.JsonValueSerializer
* Starting Client-0
* Connecting to master process on port 8220
* Analyzing classpath: 
  - /home/pizza/TestRound2/Test/JacksonDatabind-60b/target/classes
  - /home/pizza/defects4j/framework/projects/JacksonDatabind/lib/com/fasterxml/jackson/core/jackson-annotations/2.8.0/jackson-annotations-2.8.0.jar
  - /home/pizza/defects4j/framework/projects/JacksonDatabind/lib/com/fasterxml/jackson/core/jackson-core/2.8.3/jackson-core-2.8.3.jar
* Finished analyzing classpath
* Generating tests for class com.fasterxml.jackson.databind.ser.std.JsonValueSerializer
* Test criteria:
  - Line Coverage
  - Branch Coverage
  - Exception
  - Mutation testing (weak)
  - Method-Output Coverage
  - Top-Level Method Coverage
  - No-Exception Top-Level Method Coverage
  - Context Branch Coverage
* Setting up search algorithm for whole suite generation
* Total number of test goals: 
  - Line 110
  - Branch 77
  - Exception 0
  - MutationFactory 121
  - Output 41
  - Method 11
  - MethodNoException 11
  - CBranchFitnessFactory 77

[Progress:>                             0%] [Cov:>                                  0%]* Using seed 11
* Starting evolution
[MASTER] 02:29:35.132 [logback-1] WARN  TestCluster - Failed to check cache for java.util.HashMap<K, V> : Type points to itself
[MASTER] 02:29:35.210 [logback-1] WARN  TestCluster - Failed to check cache for java.util.LinkedList<E> : Type points to itself

[Progress:=>                            5%] [Cov:>                                  0%]
[Progress:==>                           8%] [Cov:>                                  0%][MASTER] 02:29:39.844 [logback-1] WARN  TestCluster - Failed to check cache for com.fasterxml.jackson.databind.JsonSerializer<T> : Type points to itself

[Progress:==>                           8%] [Cov:====>                              12%][MASTER] 02:29:39.979 [logback-1] WARN  TestCluster - Failed to check cache for com.fasterxml.jackson.databind.JsonDeserializer<T> : Type points to itself

[Progress:==>                           8%] [Cov:====>                              13%]
[Progress:===>                          10%] [Cov:>                                  0%]
[Progress:===>                          10%] [Cov:====>                              12%]
[Progress:===>                          10%] [Cov:====>                              13%]
[Progress:===>                          11%] [Cov:>                                  0%]
[Progress:===>                          11%] [Cov:====>                              12%][MASTER] 02:29:41.830 [logback-1] WARN  TestCluster - Failed to check cache for com.fasterxml.jackson.annotation.ObjectIdGenerator<T> : Type points to itself

[Progress:===>                          11%] [Cov:====>                              13%]
[Progress:===>                          11%] [Cov:===>                               11%]
[Progress:===>                          11%] [Cov:====>                              12%][MASTER] 02:29:42.571 [logback-1] WARN  TestChromosome - Functional mock problem: org.evosuite.ga.ConstructionFailedException: Invalid generic instance

[Progress:===>                          11%] [Cov:====>                              13%][MASTER] 02:29:42.690 [logback-1] WARN  TestChromosome - Functional mock problem: org.evosuite.ga.ConstructionFailedException: Failed to add constructor for com.fasterxml.jackson.databind.DeserializationConfig due to org.evosuite.ga.ConstructionFailedException: Failed to add constructor for com.fasterxml.jackson.databind.cfg.BaseSettings due to org.evosuite.ga.ConstructionFailedException: Invalid generic instance
[MASTER] 02:29:42.762 [logback-1] WARN  TestChromosome - Functional mock problem: org.evosuite.ga.ConstructionFailedException: Failed to add constructor for com.fasterxml.jackson.databind.ser.BeanSerializerBuilder due to org.evosuite.ga.ConstructionFailedException: Failed to add constructor for com.fasterxml.jackson.databind.DeserializationConfig due to org.evosuite.ga.ConstructionFailedException: Failed to add constructor for com.fasterxml.jackson.databind.cfg.BaseSettings due to org.evosuite.ga.ConstructionFailedException: Max recursion depth reached

[Progress:===>                          13%] [Cov:====>                              12%]
[Progress:===>                          13%] [Cov:====>                              13%][MASTER] 02:29:42.868 [logback-1] WARN  TestChromosome - Functional mock problem: org.evosuite.ga.ConstructionFailedException: Failed to add constructor for com.fasterxml.jackson.databind.ser.BeanSerializerBuilder due to org.evosuite.ga.ConstructionFailedException: Failed to add constructor for com.fasterxml.jackson.databind.SerializationConfig due to org.evosuite.ga.ConstructionFailedException: Failed to add constructor for com.fasterxml.jackson.databind.cfg.BaseSettings due to org.evosuite.ga.ConstructionFailedException: Invalid generic instance
[MASTER] 02:29:42.969 [logback-1] WARN  TestChromosome - Functional mock problem: org.evosuite.ga.ConstructionFailedException: Failed to add constructor for com.fasterxml.jackson.databind.deser.BeanDeserializerBuilder due to org.evosuite.ga.ConstructionFailedException: Failed to add constructor for com.fasterxml.jackson.databind.DeserializationConfig due to org.evosuite.ga.ConstructionFailedException: Failed to add constructor for com.fasterxml.jackson.databind.cfg.BaseSettings due to org.evosuite.ga.ConstructionFailedException: Max recursion depth reached

[Progress:===>                          13%] [Cov:====>                              12%]
[Progress:===>                          13%] [Cov:====>                              13%][MASTER] 02:29:43.213 [logback-1] WARN  TestChromosome - Functional mock problem: org.evosuite.ga.ConstructionFailedException: Failed to add constructor for com.fasterxml.jackson.databind.deser.BeanDeserializerBuilder due to org.evosuite.ga.ConstructionFailedException: Failed to add constructor for com.fasterxml.jackson.databind.SerializationConfig due to org.evosuite.ga.ConstructionFailedException: Failed to add constructor for com.fasterxml.jackson.databind.cfg.BaseSettings due to org.evosuite.ga.ConstructionFailedException: Max recursion depth reached
[MASTER] 02:29:43.374 [logback-1] WARN  TestChromosome - Functional mock problem: org.evosuite.ga.ConstructionFailedException: Failed to add constructor for com.fasterxml.jackson.databind.introspect.POJOPropertyBuilder due to org.evosuite.ga.ConstructionFailedException: Invalid generic instance
[MASTER] 02:29:43.473 [logback-1] WARN  TestChromosome - Functional mock problem: org.evosuite.ga.ConstructionFailedException: Failed to add constructor for com.fasterxml.jackson.databind.ser.BeanSerializerBuilder due to org.evosuite.ga.ConstructionFailedException: Failed to add constructor for com.fasterxml.jackson.databind.SerializationConfig due to org.evosuite.ga.ConstructionFailedException: Max recursion depth reached
[MASTER] 02:29:43.514 [logback-1] WARN  TestChromosome - Functional mock problem: org.evosuite.ga.ConstructionFailedException: Failed to add constructor for com.fasterxml.jackson.databind.SerializationConfig due to org.evosuite.ga.ConstructionFailedException: Failed to add constructor for com.fasterxml.jackson.databind.cfg.BaseSettings due to org.evosuite.ga.ConstructionFailedException: Max recursion depth reached

[Progress:===>                          13%] [Cov:====>                              13%][MASTER] 02:29:43.645 [logback-1] WARN  TestChromosome - Functional mock problem: org.evosuite.ga.ConstructionFailedException: Failed to add constructor for com.fasterxml.jackson.databind.type.ResolvedRecursiveType due to org.evosuite.ga.ConstructionFailedException: Have no generator for class com.fasterxml.jackson.databind.type.ResolvedRecursiveType canUseFunctionalMocks=false, canBeMocked: true
[MASTER] 02:29:43.760 [logback-1] WARN  TestChromosome - Functional mock problem: org.evosuite.ga.ConstructionFailedException: Failed to add constructor for com.fasterxml.jackson.databind.introspect.POJOPropertyBuilder due to org.evosuite.ga.ConstructionFailedException: Failed to add constructor for com.fasterxml.jackson.databind.introspect.POJOPropertyBuilder due to org.evosuite.ga.ConstructionFailedException: Invalid generic instance

[Progress:====>                         15%] [Cov:====>                              13%]
[Progress:====>                         15%] [Cov:====>                              13%][MASTER] 02:29:44.161 [logback-1] WARN  TestChromosome - Functional mock problem: org.evosuite.ga.ConstructionFailedException: Failed to add constructor for com.fasterxml.jackson.databind.DeserializationConfig due to org.evosuite.ga.ConstructionFailedException: Failed to add constructor for com.fasterxml.jackson.databind.cfg.BaseSettings due to org.evosuite.ga.ConstructionFailedException: Max recursion depth reached
[MASTER] 02:29:44.236 [logback-1] WARN  TestChromosome - Functional mock problem: org.evosuite.ga.ConstructionFailedException: Have no generator for class com.fasterxml.jackson.databind.introspect.BasicClassIntrospector canUseFunctionalMocks=false, canBeMocked: true

[Progress:====>                         15%] [Cov:====>                              13%][MASTER] 02:29:44.447 [logback-1] WARN  TestChromosome - Functional mock problem: org.evosuite.ga.ConstructionFailedException: Failed to add constructor for com.fasterxml.jackson.databind.introspect.AnnotatedMethod due to org.evosuite.ga.ConstructionFailedException: Failed to add constructor for com.fasterxml.jackson.databind.introspect.TypeResolutionContext$Basic due to org.evosuite.ga.ConstructionFailedException: Max recursion depth reached
[MASTER] 02:29:44.571 [logback-1] WARN  TestChromosome - Functional mock problem: org.evosuite.ga.ConstructionFailedException: Failed to add constructor for com.fasterxml.jackson.databind.introspect.AnnotatedMethod due to org.evosuite.ga.ConstructionFailedException: Invalid generic instance
[MASTER] 02:29:44.593 [logback-1] WARN  TestChromosome - Functional mock problem: org.evosuite.ga.ConstructionFailedException: Failed to add constructor for com.fasterxml.jackson.databind.deser.BeanDeserializerBuilder due to org.evosuite.ga.ConstructionFailedException: Failed to add constructor for com.fasterxml.jackson.databind.DeserializationConfig due to org.evosuite.ga.ConstructionFailedException: Max recursion depth reached
[MASTER] 02:29:44.740 [logback-1] WARN  TestChromosome - Functional mock problem: org.evosuite.ga.ConstructionFailedException: Failed to add constructor for com.fasterxml.jackson.databind.ser.BeanSerializerBuilder due to org.evosuite.ga.ConstructionFailedException: Failed to add constructor for com.fasterxml.jackson.databind.SerializationConfig due to org.evosuite.ga.ConstructionFailedException: Failed to add constructor for com.fasterxml.jackson.databind.cfg.BaseSettings due to org.evosuite.ga.ConstructionFailedException: Max recursion depth reached

[Progress:====>                         15%] [Cov:====>                              12%]
[Progress:====>                         15%] [Cov:====>                              13%][MASTER] 02:29:44.771 [logback-1] WARN  TestChromosome - Functional mock problem: org.evosuite.ga.ConstructionFailedException: Failed to add constructor for com.fasterxml.jackson.databind.ser.BeanSerializerBuilder due to org.evosuite.ga.ConstructionFailedException: Failed to add constructor for com.fasterxml.jackson.databind.DeserializationConfig due to org.evosuite.ga.ConstructionFailedException: Failed to add constructor for com.fasterxml.jackson.databind.cfg.BaseSettings due to org.evosuite.ga.ConstructionFailedException: Invalid generic instance

[Progress:====>                         16%] [Cov:====>                              13%][MASTER] 02:29:44.900 [logback-1] WARN  TestChromosome - Functional mock problem: org.evosuite.ga.ConstructionFailedException: Max recursion depth reached

[Progress:====>                         16%] [Cov:====>                              12%]
[Progress:====>                         16%] [Cov:====>                              13%][MASTER] 02:29:45.348 [logback-1] WARN  TestChromosome - Functional mock problem: org.evosuite.ga.ConstructionFailedException: Failed to add constructor for java.lang.StringBuilder due to org.evosuite.ga.ConstructionFailedException: Max recursion depth reached
[MASTER] 02:29:45.357 [logback-1] WARN  TestChromosome - Functional mock problem: org.evosuite.ga.ConstructionFailedException: Failed to add constructor for com.fasterxml.jackson.databind.deser.BeanDeserializerBuilder due to org.evosuite.ga.ConstructionFailedException: Max recursion depth reached
[MASTER] 02:29:45.474 [logback-1] WARN  TestChromosome - Functional mock problem: org.evosuite.ga.ConstructionFailedException: Failed to add constructor for com.fasterxml.jackson.databind.deser.DefaultDeserializationContext$Impl due to org.evosuite.ga.ConstructionFailedException: Max recursion depth reached

[Progress:====>                         16%] [Cov:====>                              12%]
[Progress:====>                         16%] [Cov:====>                              13%][MASTER] 02:29:45.588 [logback-1] WARN  TestChromosome - Functional mock problem: org.evosuite.ga.ConstructionFailedException: Failed to add constructor for com.fasterxml.jackson.databind.deser.BeanDeserializerBuilder due to org.evosuite.ga.ConstructionFailedException: Failed to add constructor for com.fasterxml.jackson.databind.DeserializationConfig due to org.evosuite.ga.ConstructionFailedException: Failed to add constructor for com.fasterxml.jackson.databind.cfg.BaseSettings due to org.evosuite.ga.ConstructionFailedException: Invalid generic instance
[MASTER] 02:29:45.595 [logback-1] WARN  TestChromosome - Functional mock problem: org.evosuite.ga.ConstructionFailedException: Failed to add constructor for com.fasterxml.jackson.databind.type.ResolvedRecursiveType due to org.evosuite.ga.ConstructionFailedException: Max recursion depth reached

[Progress:=====>                        18%] [Cov:====>                              13%]
[Progress:=====>                        18%] [Cov:====>                              13%]
[Progress:=====>                        18%] [Cov:====>                              13%][MASTER] 02:29:46.293 [logback-1] WARN  TestChromosome - Functional mock problem: org.evosuite.ga.ConstructionFailedException: Failed to add constructor for com.fasterxml.jackson.databind.ser.BeanSerializerBuilder due to org.evosuite.ga.ConstructionFailedException: Invalid generic instance
[MASTER] 02:29:46.420 [logback-1] WARN  TestChromosome - Functional mock problem: org.evosuite.ga.ConstructionFailedException: Failed to add constructor for com.fasterxml.jackson.databind.SerializationConfig due to org.evosuite.ga.ConstructionFailedException: Failed to add constructor for com.fasterxml.jackson.databind.cfg.BaseSettings due to org.evosuite.ga.ConstructionFailedException: Invalid generic instance

[Progress:=====>                        18%] [Cov:====>                              13%]
[Progress:======>                       20%] [Cov:====>                              13%]
[Progress:======>                       20%] [Cov:====>                              13%]
[Progress:======>                       20%] [Cov:====>                              13%]
[Progress:======>                       20%] [Cov:====>                              13%]
[Progress:======>                       21%] [Cov:====>                              13%]
[Progress:======>                       21%] [Cov:====>                              13%][MASTER] 02:29:48.051 [logback-1] WARN  TestChromosome - Functional mock problem: org.evosuite.ga.ConstructionFailedException: Failed to add constructor for com.fasterxml.jackson.databind.introspect.POJOPropertyBuilder due to org.evosuite.ga.ConstructionFailedException: Max recursion depth reached

[Progress:======>                       21%] [Cov:===>                               11%]
[Progress:======>                       21%] [Cov:====>                              13%][MASTER] 02:29:48.461 [logback-1] WARN  TestChromosome - Functional mock problem: org.evosuite.ga.ConstructionFailedException: Failed to add constructor for com.fasterxml.jackson.databind.DeserializationConfig due to org.evosuite.ga.ConstructionFailedException: Failed to add constructor for com.fasterxml.jackson.databind.introspect.SimpleMixInResolver due to org.evosuite.ga.ConstructionFailedException: Failed to add constructor for com.fasterxml.jackson.databind.SerializationConfig due to org.evosuite.ga.ConstructionFailedException: Max recursion depth reached

[Progress:======>                       21%] [Cov:===>                               11%]
[Progress:======>                       21%] [Cov:====>                              13%][MASTER] 02:29:48.585 [logback-1] WARN  TestChromosome - Functional mock problem: org.evosuite.ga.ConstructionFailedException: Failed to add constructor for com.fasterxml.jackson.databind.introspect.AnnotatedMethod due to org.evosuite.ga.ConstructionFailedException: Failed to add constructor for com.fasterxml.jackson.databind.DeserializationConfig due to org.evosuite.ga.ConstructionFailedException: Failed to add constructor for com.fasterxml.jackson.databind.cfg.BaseSettings due to org.evosuite.ga.ConstructionFailedException: Invalid generic instance
[MASTER] 02:29:48.596 [logback-1] WARN  TestChromosome - Functional mock problem: org.evosuite.ga.ConstructionFailedException: Failed to add constructor for com.fasterxml.jackson.databind.ser.BeanSerializerBuilder due to org.evosuite.ga.ConstructionFailedException: Have no generator for class com.fasterxml.jackson.databind.introspect.BasicClassIntrospector canUseFunctionalMocks=false, canBeMocked: true

[Progress:======>                       23%] [Cov:====>                              13%][MASTER] 02:29:48.810 [logback-1] WARN  TestChromosome - Functional mock problem: org.evosuite.ga.ConstructionFailedException: Failed to add constructor for com.fasterxml.jackson.databind.type.ResolvedRecursiveType due to org.evosuite.ga.ConstructionFailedException: Failed to add constructor for com.fasterxml.jackson.databind.DeserializationConfig due to org.evosuite.ga.ConstructionFailedException: Failed to add constructor for com.fasterxml.jackson.databind.introspect.SimpleMixInResolver due to org.evosuite.ga.ConstructionFailedException: Failed to add constructor for com.fasterxml.jackson.databind.SerializationConfig due to org.evosuite.ga.ConstructionFailedException: Max recursion depth reached

[Progress:======>                       23%] [Cov:====>                              13%]
[Progress:======>                       23%] [Cov:====>                              13%]
[Progress:======>                       23%] [Cov:====>                              13%]
[Progress:======>                       23%] [Cov:====>                              13%]
[Progress:=======>                      25%] [Cov:====>                              13%]
[Progress:=======>                      25%] [Cov:===>                               11%]
[Progress:=======>                      25%] [Cov:====>                              13%]
[Progress:=======>                      25%] [Cov:====>                              13%][MASTER] 02:29:50.196 [logback-1] WARN  TestChromosome - Functional mock problem: org.evosuite.ga.ConstructionFailedException: Failed to add constructor for com.fasterxml.jackson.databind.deser.BeanDeserializerBuilder due to org.evosuite.ga.ConstructionFailedException: Invalid generic instance

[Progress:=======>                      25%] [Cov:====>                              13%]
[Progress:=======>                      25%] [Cov:====>                              13%]
[Progress:=======>                      25%] [Cov:====>                              13%][MASTER] 02:29:50.712 [logback-1] WARN  TestChromosome - Functional mock problem: org.evosuite.ga.ConstructionFailedException: Failed to add constructor for org.evosuite.runtime.mock.java.lang.MockError due to org.evosuite.ga.ConstructionFailedException: Failed to add constructor for java.sql.SQLTransientException due to org.evosuite.ga.ConstructionFailedException: Failed to add constructor for java.sql.SQLDataException due to org.evosuite.ga.ConstructionFailedException: Max recursion depth reached

[Progress:=======>                      26%] [Cov:====>                              13%]
[Progress:=======>                      26%] [Cov:====>                              13%]
[Progress:=======>                      26%] [Cov:====>                              13%][MASTER] 02:29:51.226 [logback-1] WARN  TestChromosome - Functional mock problem: org.evosuite.ga.ConstructionFailedException: Failed to add constructor for com.fasterxml.jackson.databind.ser.BeanSerializerBuilder due to org.evosuite.ga.ConstructionFailedException: Failed to add constructor for com.fasterxml.jackson.databind.SerializationConfig due to org.evosuite.ga.ConstructionFailedException: Failed to add constructor for com.fasterxml.jackson.databind.introspect.SimpleMixInResolver due to org.evosuite.ga.ConstructionFailedException: Failed to add constructor for com.fasterxml.jackson.databind.DeserializationConfig due to org.evosuite.ga.ConstructionFailedException: Max recursion depth reached

[Progress:=======>                      26%] [Cov:====>                              13%]
[Progress:=======>                      26%] [Cov:====>                              13%][MASTER] 02:29:51.402 [logback-1] WARN  TestChromosome - Functional mock problem: org.evosuite.ga.ConstructionFailedException: Failed to add constructor for com.fasterxml.jackson.databind.introspect.AnnotatedMethod due to org.evosuite.ga.ConstructionFailedException: Failed to add constructor for com.fasterxml.jackson.databind.DeserializationConfig due to org.evosuite.ga.ConstructionFailedException: Failed to add constructor for com.fasterxml.jackson.databind.cfg.BaseSettings due to org.evosuite.ga.ConstructionFailedException: Max recursion depth reached

[Progress:=======>                      26%] [Cov:====>                              13%][MASTER] 02:29:51.570 [logback-1] WARN  TestChromosome - Functional mock problem: org.evosuite.ga.ConstructionFailedException: Failed to add constructor for com.fasterxml.jackson.databind.deser.CreatorProperty due to org.evosuite.ga.ConstructionFailedException: Failed to add constructor for com.fasterxml.jackson.databind.ser.BeanPropertyWriter due to org.evosuite.ga.ConstructionFailedException: Failed to add constructor for com.fasterxml.jackson.databind.introspect.AnnotatedField due to org.evosuite.ga.ConstructionFailedException: Max recursion depth reached

[Progress:=======>                      26%] [Cov:====>                              13%][MASTER] 02:29:51.707 [logback-1] WARN  TestCluster - Failed to check cache for java.lang.Class<T> : Type points to itself

[Progress:========>                     28%] [Cov:====>                              13%]
[Progress:========>                     28%] [Cov:====>                              13%]
[Progress:========>                     28%] [Cov:====>                              13%]
[Progress:========>                     28%] [Cov:====>                              13%]
[Progress:========>                     28%] [Cov:====>                              13%][MASTER] 02:29:52.260 [logback-1] WARN  TestCluster - Failed to check cache for java.util.Collection<E> : Type points to itself

[Progress:========>                     28%] [Cov:===>                               11%]
[Progress:========>                     28%] [Cov:====>                              13%]
[Progress:========>                     28%] [Cov:====>                              13%]
[Progress:========>                     28%] [Cov:====>                              13%]
[Progress:=========>                    30%] [Cov:====>                              13%]
[Progress:=========>                    30%] [Cov:====>                              13%]
[Progress:=========>                    30%] [Cov:====>                              13%]
[Progress:=========>                    30%] [Cov:====>                              13%]
[Progress:=========>                    30%] [Cov:====>                              13%]
[Progress:=========>                    30%] [Cov:====>                              13%]
[Progress:=========>                    30%] [Cov:====>                              13%]
[Progress:=========>                    30%] [Cov:====>                              13%]
[Progress:=========>                    30%] [Cov:====>                              13%]
[Progress:=========>                    30%] [Cov:====>                              13%]
[Progress:=========>                    31%] [Cov:====>                              13%]
[Progress:=========>                    31%] [Cov:====>                              13%]
[Progress:=========>                    31%] [Cov:====>                              13%]
[Progress:=========>                    31%] [Cov:====>                              13%]
[Progress:=========>                    31%] [Cov:====>                              13%]
[Progress:=========>                    31%] [Cov:====>                              13%]
[Progress:=========>                    31%] [Cov:====>                              13%]
[Progress:=========>                    31%] [Cov:====>                              13%]
[Progress:=========>                    31%] [Cov:====>                              13%]
[Progress:=========>                    33%] [Cov:====>                              13%]
[Progress:=========>                    33%] [Cov:====>                              13%]
[Progress:=========>                    33%] [Cov:====>                              13%]
[Progress:=========>                    33%] [Cov:====>                              13%]
[Progress:=========>                    33%] [Cov:====>                              13%]
[Progress:=========>                    33%] [Cov:====>                              13%]
[Progress:=========>                    33%] [Cov:====>                              13%]
[Progress:=========>                    33%] [Cov:====>                              13%]
[Progress:=========>                    33%] [Cov:====>                              13%]
[Progress:==========>                   35%] [Cov:====>                              13%]
[Progress:==========>                   35%] [Cov:====>                              13%]
[Progress:==========>                   35%] [Cov:====>                              13%]
[Progress:==========>                   35%] [Cov:====>                              13%]
[Progress:==========>                   35%] [Cov:====>                              13%]
[Progress:==========>                   35%] [Cov:====>                              13%]
[Progress:==========>                   36%] [Cov:====>                              13%]
[Progress:==========>                   36%] [Cov:====>                              13%]
[Progress:==========>                   36%] [Cov:====>                              13%]
[Progress:==========>                   36%] [Cov:====>                              13%]
[Progress:==========>                   36%] [Cov:====>                              13%]
[Progress:==========>                   36%] [Cov:====>                              13%]
[Progress:==========>                   36%] [Cov:====>                              13%]
[Progress:==========>                   36%] [Cov:====>                              13%]
[Progress:===========>                  38%] [Cov:====>                              13%]
[Progress:===========>                  38%] [Cov:====>                              13%]
[Progress:===========>                  38%] [Cov:====>                              13%]
[Progress:===========>                  38%] [Cov:====>                              13%]
[Progress:===========>                  38%] [Cov:====>                              13%]
[Progress:===========>                  38%] [Cov:====>                              13%]
[Progress:===========>                  38%] [Cov:====>                              13%]
[Progress:===========>                  38%] [Cov:====>                              13%]
[Progress:===========>                  38%] [Cov:====>                              13%]
[Progress:============>                 40%] [Cov:====>                              13%]
[Progress:============>                 40%] [Cov:====>                              13%][MASTER] 02:29:58.945 [logback-1] WARN  TestCluster - Failed to check cache for java.util.TreeSet<E> : Type points to itself

[Progress:============>                 40%] [Cov:====>                              13%]
[Progress:============>                 40%] [Cov:====>                              13%]
[Progress:============>                 40%] [Cov:====>                              13%]
[Progress:============>                 40%] [Cov:====>                              13%]
[Progress:============>                 40%] [Cov:====>                              13%]
[Progress:============>                 40%] [Cov:====>                              13%]
[Progress:============>                 41%] [Cov:====>                              13%]
[Progress:============>                 41%] [Cov:====>                              13%]
[Progress:============>                 41%] [Cov:====>                              13%]
[Progress:============>                 41%] [Cov:====>                              13%]
[Progress:============>                 41%] [Cov:====>                              13%]
[Progress:============>                 41%] [Cov:====>                              13%]
[Progress:============>                 41%] [Cov:====>                              13%]
[Progress:============>                 41%] [Cov:====>                              13%]
[Progress:============>                 43%] [Cov:====>                              13%]
[Progress:============>                 43%] [Cov:====>                              13%]
[Progress:============>                 43%] [Cov:====>                              13%]
[Progress:============>                 43%] [Cov:====>                              13%]
[Progress:============>                 43%] [Cov:====>                              13%]
[Progress:============>                 43%] [Cov:====>                              13%]
[Progress:============>                 43%] [Cov:====>                              13%]
[Progress:============>                 43%] [Cov:====>                              13%]
[Progress:=============>                45%] [Cov:====>                              13%]
[Progress:=============>                45%] [Cov:====>                              13%]
[Progress:=============>                45%] [Cov:====>                              13%]
[Progress:=============>                45%] [Cov:====>                              13%]
[Progress:=============>                45%] [Cov:====>                              13%]
[Progress:=============>                45%] [Cov:====>                              13%]
[Progress:=============>                45%] [Cov:====>                              13%]
[Progress:=============>                46%] [Cov:====>                              13%]
[Progress:=============>                46%] [Cov:====>                              13%]
[Progress:=============>                46%] [Cov:====>                              13%]
[Progress:=============>                46%] [Cov:====>                              13%]
[Progress:=============>                46%] [Cov:====>                              13%]
[Progress:=============>                46%] [Cov:====>                              13%]
[Progress:=============>                46%] [Cov:====>                              13%]
[Progress:=============>                46%] [Cov:====>                              13%]
[Progress:==============>               48%] [Cov:====>                              13%]
[Progress:==============>               48%] [Cov:====>                              13%]
[Progress:==============>               48%] [Cov:====>                              13%]
[Progress:==============>               48%] [Cov:====>                              13%]
[Progress:==============>               48%] [Cov:====>                              13%]
[Progress:==============>               48%] [Cov:====>                              13%]
[Progress:==============>               48%] [Cov:====>                              13%]
[Progress:==============>               48%] [Cov:====>                              13%]
[Progress:===============>              50%] [Cov:====>                              13%]
[Progress:===============>              50%] [Cov:====>                              13%]
[Progress:===============>              50%] [Cov:====>                              13%]
[Progress:===============>              50%] [Cov:====>                              13%]
[Progress:===============>              50%] [Cov:====>                              13%]
[Progress:===============>              50%] [Cov:====>                              13%]
[Progress:===============>              50%] [Cov:====>                              13%]
[Progress:===============>              50%] [Cov:====>                              13%]
[Progress:===============>              50%] [Cov:====>                              13%]
[Progress:===============>              51%] [Cov:====>                              13%]
[Progress:===============>              51%] [Cov:====>                              13%]
[Progress:===============>              51%] [Cov:====>                              13%]
[Progress:===============>              51%] [Cov:====>                              13%]
[Progress:===============>              51%] [Cov:====>                              13%]
[Progress:===============>              51%] [Cov:====>                              13%]
[Progress:===============>              51%] [Cov:====>                              13%]
[Progress:===============>              51%] [Cov:====>                              13%]
[Progress:===============>              53%] [Cov:====>                              13%]
[Progress:===============>              53%] [Cov:====>                              13%]
[Progress:===============>              53%] [Cov:====>                              13%]
[Progress:===============>              53%] [Cov:====>                              13%]
[Progress:===============>              53%] [Cov:====>                              13%]
[Progress:===============>              53%] [Cov:====>                              13%]
[Progress:===============>              53%] [Cov:====>                              13%]
[Progress:===============>              53%] [Cov:====>                              13%][MASTER] 02:30:07.763 [logback-1] WARN  TestCluster - Failed to check cache for java.util.PriorityQueue<E> : Type points to itself

[Progress:================>             55%] [Cov:===>                               11%]
[Progress:================>             55%] [Cov:====>                              13%]
[Progress:================>             55%] [Cov:====>                              13%]
[Progress:================>             55%] [Cov:====>                              13%]
[Progress:================>             55%] [Cov:====>                              13%]
[Progress:================>             55%] [Cov:====>                              13%]
[Progress:================>             55%] [Cov:====>                              13%]
[Progress:================>             55%] [Cov:====>                              13%]
[Progress:================>             55%] [Cov:====>                              13%]
[Progress:================>             56%] [Cov:====>                              13%]
[Progress:================>             56%] [Cov:====>                              13%]
[Progress:================>             56%] [Cov:====>                              13%]
[Progress:================>             56%] [Cov:====>                              13%]
[Progress:================>             56%] [Cov:====>                              13%]
[Progress:================>             56%] [Cov:====>                              13%]
[Progress:================>             56%] [Cov:====>                              13%]
[Progress:=================>            58%] [Cov:====>                              13%]
[Progress:=================>            58%] [Cov:====>                              13%]
[Progress:=================>            58%] [Cov:====>                              13%]
[Progress:=================>            58%] [Cov:====>                              13%]
[Progress:=================>            58%] [Cov:====>                              13%]
[Progress:=================>            58%] [Cov:====>                              13%]
[Progress:=================>            58%] [Cov:====>                              13%]
[Progress:=================>            58%] [Cov:====>                              13%]
[Progress:=================>            58%] [Cov:====>                              13%]
[Progress:==================>           60%] [Cov:====>                              13%]
[Progress:==================>           60%] [Cov:====>                              13%]
[Progress:==================>           60%] [Cov:====>                              13%]
[Progress:==================>           60%] [Cov:====>                              13%]
[Progress:==================>           60%] [Cov:====>                              13%]
[Progress:==================>           60%] [Cov:====>                              13%]
[Progress:==================>           60%] [Cov:====>                              13%]
[Progress:==================>           61%] [Cov:====>                              13%]
[Progress:==================>           61%] [Cov:====>                              13%]
[Progress:==================>           61%] [Cov:====>                              13%]
[Progress:==================>           61%] [Cov:====>                              13%]
[Progress:==================>           61%] [Cov:====>                              13%]
[Progress:==================>           61%] [Cov:====>                              13%]
[Progress:==================>           61%] [Cov:====>                              13%]
[Progress:==================>           61%] [Cov:====>                              13%]
[Progress:==================>           61%] [Cov:====>                              13%]
[Progress:==================>           63%] [Cov:====>                              13%]
[Progress:==================>           63%] [Cov:====>                              13%]
[Progress:==================>           63%] [Cov:====>                              13%]
[Progress:==================>           63%] [Cov:====>                              13%]
[Progress:==================>           63%] [Cov:====>                              13%]
[Progress:==================>           63%] [Cov:====>                              13%]
[Progress:==================>           63%] [Cov:====>                              13%]
[Progress:==================>           63%] [Cov:====>                              13%]
[Progress:===================>          65%] [Cov:====>                              13%]
[Progress:===================>          65%] [Cov:====>                              13%]
[Progress:===================>          65%] [Cov:====>                              13%]
[Progress:===================>          65%] [Cov:====>                              13%]
[Progress:===================>          65%] [Cov:====>                              13%]
[Progress:===================>          65%] [Cov:====>                              13%]
[Progress:===================>          65%] [Cov:====>                              13%]
[Progress:===================>          65%] [Cov:====>                              13%]
[Progress:===================>          65%] [Cov:====>                              13%]
[Progress:===================>          65%] [Cov:====>                              13%]
[Progress:===================>          66%] [Cov:====>                              13%]
[Progress:===================>          66%] [Cov:====>                              13%]
[Progress:===================>          66%] [Cov:====>                              13%]
[Progress:===================>          66%] [Cov:====>                              13%]
[Progress:===================>          66%] [Cov:====>                              13%]
[Progress:===================>          66%] [Cov:====>                              13%]
[Progress:===================>          66%] [Cov:====>                              13%]
[Progress:===================>          66%] [Cov:====>                              13%]
[Progress:====================>         68%] [Cov:====>                              13%]
[Progress:====================>         68%] [Cov:====>                              13%]
[Progress:====================>         68%] [Cov:====>                              13%]
[Progress:====================>         68%] [Cov:====>                              13%]
[Progress:====================>         68%] [Cov:====>                              13%]
[Progress:====================>         68%] [Cov:====>                              13%]
[Progress:====================>         68%] [Cov:====>                              13%]
[Progress:====================>         68%] [Cov:====>                              13%]
[Progress:====================>         68%] [Cov:====>                              13%]
[Progress:====================>         68%] [Cov:====>                              13%]
[Progress:=====================>        70%] [Cov:====>                              13%]
[Progress:=====================>        70%] [Cov:====>                              13%]
[Progress:=====================>        70%] [Cov:====>                              13%]
[Progress:=====================>        70%] [Cov:====>                              13%]
[Progress:=====================>        70%] [Cov:====>                              13%]
[Progress:=====================>        70%] [Cov:====>                              13%]
[Progress:=====================>        70%] [Cov:====>                              13%]
[Progress:=====================>        70%] [Cov:====>                              13%]
[Progress:=====================>        70%] [Cov:====>                              13%]
[Progress:=====================>        71%] [Cov:====>                              13%]
[Progress:=====================>        71%] [Cov:====>                              13%]
[Progress:=====================>        71%] [Cov:====>                              13%]
[Progress:=====================>        71%] [Cov:====>                              13%]
[Progress:=====================>        71%] [Cov:====>                              13%]
[Progress:=====================>        71%] [Cov:====>                              13%]
[Progress:=====================>        71%] [Cov:====>                              13%]
[Progress:=====================>        71%] [Cov:====>                              13%]
[Progress:=====================>        71%] [Cov:====>                              13%]
[Progress:=====================>        71%] [Cov:====>                              13%]
[Progress:=====================>        73%] [Cov:====>                              13%]
[Progress:=====================>        73%] [Cov:====>                              13%]
[Progress:=====================>        73%] [Cov:====>                              13%]
[Progress:=====================>        73%] [Cov:====>                              13%][MASTER] 02:30:19.410 [logback-1] WARN  TestCluster - Failed to check cache for java.util.Comparator<T> : Type points to itself

[Progress:=====================>        73%] [Cov:====>                              13%]
[Progress:=====================>        73%] [Cov:====>                              13%]
[Progress:=====================>        73%] [Cov:====>                              13%]
[Progress:======================>       75%] [Cov:====>                              13%]
[Progress:======================>       75%] [Cov:====>                              13%]
[Progress:======================>       75%] [Cov:====>                              13%]
[Progress:======================>       75%] [Cov:====>                              13%]
[Progress:======================>       75%] [Cov:====>                              13%]
[Progress:======================>       75%] [Cov:====>                              13%]
[Progress:======================>       75%] [Cov:====>                              13%]
[Progress:======================>       75%] [Cov:====>                              13%]
[Progress:======================>       76%] [Cov:====>                              13%]
[Progress:======================>       76%] [Cov:====>                              13%]
[Progress:======================>       76%] [Cov:====>                              13%]
[Progress:======================>       76%] [Cov:====>                              13%]
[Progress:======================>       76%] [Cov:====>                              13%]
[Progress:======================>       76%] [Cov:====>                              13%]
[Progress:======================>       76%] [Cov:====>                              13%]
[Progress:=======================>      78%] [Cov:====>                              13%]
[Progress:=======================>      78%] [Cov:====>                              13%]
[Progress:=======================>      78%] [Cov:====>                              13%]
[Progress:=======================>      78%] [Cov:====>                              13%]
[Progress:=======================>      78%] [Cov:====>                              13%]
[Progress:=======================>      78%] [Cov:====>                              13%][MASTER] 02:30:22.490 [logback-1] WARN  TestCluster - Failed to check cache for java.util.Vector<E> : Type points to itself

[Progress:=======================>      78%] [Cov:====>                              13%]
[Progress:=======================>      78%] [Cov:====>                              13%]
[Progress:========================>     80%] [Cov:====>                              13%]
[Progress:========================>     80%] [Cov:====>                              13%]
[Progress:========================>     80%] [Cov:====>                              13%]
[Progress:========================>     80%] [Cov:====>                              13%]
[Progress:========================>     80%] [Cov:====>                              13%]
[Progress:========================>     81%] [Cov:====>                              13%]
[Progress:========================>     81%] [Cov:====>                              13%]
[Progress:========================>     81%] [Cov:====>                              13%]
[Progress:========================>     81%] [Cov:====>                              13%]
[Progress:========================>     81%] [Cov:====>                              13%]
[Progress:========================>     81%] [Cov:====>                              13%]
[Progress:========================>     81%] [Cov:====>                              13%]
[Progress:========================>     83%] [Cov:====>                              13%]
[Progress:========================>     83%] [Cov:====>                              13%][MASTER] 02:30:24.944 [logback-1] WARN  TestCluster - Failed to check cache for java.util.ArrayList<E> : Type points to itself

[Progress:========================>     83%] [Cov:====>                              13%]
[Progress:========================>     83%] [Cov:====>                              13%]
[Progress:========================>     83%] [Cov:====>                              13%]
[Progress:========================>     83%] [Cov:====>                              13%]
[Progress:=========================>    85%] [Cov:====>                              13%]
[Progress:=========================>    85%] [Cov:====>                              13%]
[Progress:=========================>    85%] [Cov:====>                              13%]
[Progress:=========================>    85%] [Cov:====>                              13%]
[Progress:=========================>    85%] [Cov:====>                              13%]
[Progress:=========================>    85%] [Cov:====>                              13%]
[Progress:=========================>    85%] [Cov:====>                              13%]
[Progress:=========================>    86%] [Cov:====>                              13%]
[Progress:=========================>    86%] [Cov:====>                              13%]
[Progress:=========================>    86%] [Cov:====>                              13%]
[Progress:=========================>    86%] [Cov:====>                              13%]
[Progress:=========================>    86%] [Cov:====>                              13%]
[Progress:=========================>    86%] [Cov:====>                              13%]
[Progress:=========================>    86%] [Cov:====>                              13%]
[Progress:==========================>   88%] [Cov:====>                              13%]
[Progress:==========================>   88%] [Cov:====>                              13%]
[Progress:==========================>   88%] [Cov:====>                              13%]
[Progress:==========================>   88%] [Cov:====>                              13%]
[Progress:==========================>   88%] [Cov:====>                              13%]
[Progress:==========================>   88%] [Cov:====>                              13%]
[Progress:==========================>   88%] [Cov:====>                              13%]
[Progress:==========================>   88%] [Cov:====>                              13%]
[Progress:===========================>  90%] [Cov:====>                              13%]
[Progress:===========================>  90%] [Cov:====>                              13%]
[Progress:===========================>  90%] [Cov:====>                              13%]
[Progress:===========================>  90%] [Cov:====>                              13%]
[Progress:===========================>  90%] [Cov:====>                              13%]
[Progress:===========================>  90%] [Cov:====>                              13%]
[Progress:===========================>  90%] [Cov:====>                              13%]
[Progress:===========================>  91%] [Cov:====>                              13%]
[Progress:===========================>  91%] [Cov:====>                              13%]
[Progress:===========================>  91%] [Cov:====>                              13%]
[Progress:===========================>  91%] [Cov:====>                              13%]
[Progress:===========================>  91%] [Cov:====>                              13%]
[Progress:===========================>  91%] [Cov:====>                              13%]
[Progress:===========================>  91%] [Cov:====>                              13%]
[Progress:===========================>  91%] [Cov:====>                              13%]
[Progress:===========================>  91%] [Cov:====>                              13%]
[Progress:===========================>  93%] [Cov:====>                              13%]
[Progress:===========================>  93%] [Cov:====>                              13%]
[Progress:===========================>  93%] [Cov:====>                              13%]
[Progress:===========================>  93%] [Cov:====>                              13%]
[Progress:===========================>  93%] [Cov:====>                              13%]
[Progress:===========================>  93%] [Cov:====>                              13%]
[Progress:===========================>  93%] [Cov:====>                              13%]
[Progress:============================> 95%] [Cov:====>                              13%]
[Progress:============================> 95%] [Cov:====>                              13%]
[Progress:============================> 95%] [Cov:====>                              13%]
[Progress:============================> 95%] [Cov:====>                              13%]
[Progress:============================> 95%] [Cov:====>                              13%]
[Progress:============================> 95%] [Cov:====>                              13%]
[Progress:============================> 95%] [Cov:====>                              13%]
[Progress:============================> 95%] [Cov:====>                              13%]
[Progress:============================> 96%] [Cov:====>                              13%]
[Progress:============================> 96%] [Cov:====>                              13%]
[Progress:============================> 96%] [Cov:====>                              13%]
[Progress:============================> 96%] [Cov:====>                              13%]
[Progress:============================> 96%] [Cov:====>                              13%]
[Progress:============================> 96%] [Cov:====>                              13%]
[Progress:=============================>98%] [Cov:====>                              13%]
[Progress:=============================>98%] [Cov:====>                              13%]
[Progress:=============================>98%] [Cov:====>                              13%]
[Progress:=============================>98%] [Cov:====>                              13%]
[Progress:=============================>98%] [Cov:====>                              13%]
[Progress:=============================>98%] [Cov:====>                              13%]
[Progress:==============================100%] [Cov:====>                              13%]
[Progress:==============================100%] [Cov:====>                              13%]
[Progress:==============================100%] [Cov:====>                              13%]
[Progress:==============================100%] [Cov:====>                              13%]
[Progress:==============================100%] [Cov:====>                              13%]
[Progress:==============================100%] [Cov:====>                              13%]
[Progress:==============================100%] [Cov:====>                              13%]
[Progress:==============================100%] [Cov:====>                              13%]
[Progress:==============================100%] [Cov:====>                              13%]
[Progress:==============================100%] [Cov:====>                              13%]
[Progress:==============================100%] [Cov:====>                              13%]
* Search finished after 61s and 338 generations, 30152 statements, best individual has fitness: 579.990990990991
* Minimizing test suite
* Going to analyze the coverage criteria
* Coverage analysis for criterion LINE
* Coverage of criterion LINE: 0%
* Total number of goals: 110
* Number of covered goals: 0
* Coverage analysis for criterion BRANCH
* Coverage of criterion BRANCH: 3%
* Total number of goals: 77
* Number of covered goals: 2
* Coverage analysis for criterion EXCEPTION
* Coverage of criterion EXCEPTION: 100%
* Total number of goals: 2
* Number of covered goals: 2
* Coverage analysis for criterion WEAKMUTATION
* Coverage of criterion WEAKMUTATION: 0%
* Total number of goals: 121
* Number of covered goals: 0
* Coverage analysis for criterion OUTPUT
* Coverage of criterion OUTPUT: 0%
* Total number of goals: 41
* Number of covered goals: 0
* Coverage analysis for criterion METHOD
* Coverage of criterion METHOD: 18%
* Total number of goals: 11
* Number of covered goals: 2
* Coverage analysis for criterion METHODNOEXCEPTION
* Coverage of criterion METHODNOEXCEPTION: 0%
* Total number of goals: 11
* Number of covered goals: 0
* Coverage analysis for criterion CBRANCH
* Coverage of criterion CBRANCH: 0%
* Total number of goals: 77
* Number of covered goals: 0
* Generated 2 tests with total length 3
* Resulting test suite's coverage: 14% (average coverage for all fitness functions)
* Generating assertions
* Resulting test suite's mutation score: 0%
* Compiling and checking tests
* Permissions denied during test execution: 
  - java.lang.RuntimePermission: 
         writeFileDescriptor: 7
* Writing tests to file
* Writing JUnit test case 'JsonValueSerializer_ESTest' to evosuite-tests
* Done!

* Computation finished

