CMD: /usr/lib/jvm/java-8-openjdk-amd64/bin/java -Dtools_jar_location=/usr/lib/jvm/java-8-openjdk-amd64/lib/tools.jar -jar /home/pizza/TestRound2/evosuite-1.2.0.jar -generateSuite -class org.apache.commons.math.stat.Frequency -projectCP /home/pizza/TestRound2/Test/Math-89b/target/classes -base_dir /home/pizza/TestRound2/results/project-Math/Math-89/round03/evosuite-work -seed 11 -Dalgorithm=NSGAII -Dsearch_budget=60 -Dtest_format=JUNIT4 -Dassertions=true

* EvoSuite 1.2.0
* Going to generate test cases for class: org.apache.commons.math.stat.Frequency
* Starting Client-0
* Connecting to master process on port 8220
* Analyzing classpath: 
  - /home/pizza/TestRound2/Test/Math-89b/target/classes
* Finished analyzing classpath
* Generating tests for class org.apache.commons.math.stat.Frequency
* Test criteria:
  - Line Coverage
  - Branch Coverage
  - Exception
  - Mutation testing (weak)
  - Method-Output Coverage
  - Top-Level Method Coverage
  - No-Exception Top-Level Method Coverage
  - Context Branch Coverage
* Setting up search algorithm for whole suite generation
* Total number of test goals: 
  - Line 108
  - Branch 54
  - Exception 0
  - MutationFactory 138
  - Output 56
  - Method 29
  - MethodNoException 29
  - CBranchFitnessFactory 54

[Progress:>                             0%] [Cov:>                                  0%]* Using seed 11
* Starting evolution

[Progress:>                             0%] [Cov:>                                  0%]
[Progress:>                             1%] [Cov:==>                                8%]
[Progress:>                             1%] [Cov:===>                               10%]
[Progress:>                             1%] [Cov:======>                            18%]
[Progress:>                             1%] [Cov:=======>                           20%]
[Progress:>                             1%] [Cov:==========>                        30%]
[Progress:>                             1%] [Cov:===========>                       33%]
[Progress:>                             1%] [Cov:===============>                   43%]
[Progress:>                             1%] [Cov:=================>                 49%]
[Progress:>                             1%] [Cov:==================>                53%]
[Progress:>                             1%] [Cov:=====================>             62%]
[Progress:>                             1%] [Cov:========================>          71%]
[Progress:>                             1%] [Cov:==========================>        77%]
[Progress:>                             1%] [Cov:===========================>       78%]
[Progress:>                             3%] [Cov:=====================>             62%]
[Progress:>                             3%] [Cov:========================>          70%]
[Progress:>                             3%] [Cov:==========================>        75%]
[Progress:>                             3%] [Cov:==========================>        77%]
[Progress:>                             3%] [Cov:============================>      82%]
[Progress:>                             3%] [Cov:===========================>       78%]
[Progress:=>                            5%] [Cov:===========================>       78%]
[Progress:=>                            5%] [Cov:===========================>       79%]
[Progress:=>                            5%] [Cov:============================>      80%]
[Progress:=>                            5%] [Cov:============================>      81%]
[Progress:=>                            5%] [Cov:=============================>     83%]
[Progress:=>                            5%] [Cov:=============================>     84%]
[Progress:=>                            5%] [Cov:=============================>     85%]
[Progress:=>                            5%] [Cov:===========================>       78%]
[Progress:=>                            5%] [Cov:===========================>       79%]
[Progress:=>                            5%] [Cov:============================>      80%]
[Progress:=>                            5%] [Cov:=============================>     83%]
[Progress:=>                            5%] [Cov:=============================>     84%]
[Progress:=>                            6%] [Cov:========================>          70%]
[Progress:=>                            6%] [Cov:=========================>         74%]
[Progress:=>                            6%] [Cov:==========================>        76%]
[Progress:=>                            6%] [Cov:===========================>       79%]
[Progress:=>                            6%] [Cov:============================>      81%]
[Progress:=>                            6%] [Cov:============================>      82%]
[Progress:=>                            6%] [Cov:=============================>     84%]
[Progress:=>                            6%] [Cov:=============================>     85%]
[Progress:=>                            6%] [Cov:============================>      81%]
[Progress:=>                            6%] [Cov:=============================>     85%]
[Progress:=>                            6%] [Cov:==============================>    86%]
[Progress:==>                           8%] [Cov:==========================>        75%]
[Progress:==>                           8%] [Cov:==========================>        77%]
[Progress:==>                           8%] [Cov:===========================>       78%]
[Progress:==>                           8%] [Cov:============================>      80%]
[Progress:==>                           8%] [Cov:=============================>     83%]
[Progress:==>                           8%] [Cov:=============================>     85%]
[Progress:==>                           8%] [Cov:==============================>    86%]
[Progress:==>                           8%] [Cov:==============================>    87%]
[Progress:==>                           8%] [Cov:=============================>     83%]
[Progress:==>                           8%] [Cov:=============================>     84%]
[Progress:===>                          10%] [Cov:============================>      80%]
[Progress:===>                          10%] [Cov:=============================>     84%]
[Progress:===>                          10%] [Cov:=============================>     85%]
[Progress:===>                          10%] [Cov:==============================>    87%]
[Progress:===>                          10%] [Cov:=============================>     85%]
[Progress:===>                          10%] [Cov:==============================>    86%]
[Progress:===>                          10%] [Cov:==============================>    87%]
[Progress:===>                          10%] [Cov:==============================>    88%]
[Progress:===>                          10%] [Cov:===============================>   89%]
[Progress:===>                          11%] [Cov:============================>      81%]
[Progress:===>                          11%] [Cov:=============================>     83%]
[Progress:===>                          11%] [Cov:=============================>     84%]
[Progress:===>                          11%] [Cov:=============================>     85%]
[Progress:===>                          11%] [Cov:==============================>    87%]
[Progress:===>                          11%] [Cov:==============================>    88%]
[Progress:===>                          11%] [Cov:=============================>     85%]
[Progress:===>                          11%] [Cov:==============================>    86%]
[Progress:===>                          11%] [Cov:==============================>    87%]
[Progress:===>                          11%] [Cov:==============================>    88%]
[Progress:===>                          13%] [Cov:=============================>     83%]
[Progress:===>                          13%] [Cov:=============================>     84%]
[Progress:===>                          13%] [Cov:==============================>    87%]
[Progress:===>                          13%] [Cov:==============================>    88%]
[Progress:===>                          13%] [Cov:===============================>   89%]
[Progress:===>                          13%] [Cov:==============================>    87%]
[Progress:===>                          13%] [Cov:==============================>    88%]
[Progress:===>                          13%] [Cov:===============================>   89%]
[Progress:====>                         15%] [Cov:==============================>    86%]
[Progress:====>                         15%] [Cov:==============================>    88%]
[Progress:====>                         15%] [Cov:===============================>   89%]
[Progress:====>                         15%] [Cov:==============================>    86%]
[Progress:====>                         15%] [Cov:==============================>    87%]
[Progress:====>                         15%] [Cov:==============================>    88%]
[Progress:====>                         15%] [Cov:===============================>   89%]
[Progress:====>                         15%] [Cov:===============================>   90%]
[Progress:====>                         16%] [Cov:==============================>    87%]
[Progress:====>                         16%] [Cov:==============================>    88%]
[Progress:====>                         16%] [Cov:===============================>   89%]
[Progress:====>                         16%] [Cov:===============================>   89%]
[Progress:====>                         16%] [Cov:===============================>   90%]
[Progress:====>                         16%] [Cov:===============================>   91%]
[Progress:====>                         16%] [Cov:================================>  92%]
[Progress:=====>                        18%] [Cov:==============================>    87%]
[Progress:=====>                        18%] [Cov:==============================>    88%]
[Progress:=====>                        18%] [Cov:===============================>   89%]
[Progress:=====>                        18%] [Cov:===============================>   90%]
[Progress:=====>                        18%] [Cov:================================>  92%]
[Progress:=====>                        18%] [Cov:===============================>   90%]
[Progress:======>                       20%] [Cov:==============================>    87%]
[Progress:======>                       20%] [Cov:===============================>   91%]
[Progress:======>                       20%] [Cov:================================>  92%]
[Progress:======>                       20%] [Cov:===============================>   90%]
[Progress:======>                       20%] [Cov:================================>  92%]
[Progress:======>                       21%] [Cov:==============================>    88%]
[Progress:======>                       21%] [Cov:================================>  92%]
[Progress:======>                       21%] [Cov:================================>  92%]
[Progress:======>                       23%] [Cov:===============================>   90%]
[Progress:======>                       23%] [Cov:===============================>   91%]
[Progress:======>                       23%] [Cov:================================>  92%]
[Progress:======>                       23%] [Cov:================================>  92%]
[Progress:=======>                      25%] [Cov:==============================>    86%]
[Progress:=======>                      25%] [Cov:===============================>   91%]
[Progress:=======>                      25%] [Cov:================================>  92%]
[Progress:=======>                      25%] [Cov:================================>  92%]
[Progress:=======>                      26%] [Cov:===============================>   90%]
[Progress:=======>                      26%] [Cov:===============================>   91%]
[Progress:=======>                      26%] [Cov:================================>  92%]
[Progress:=======>                      26%] [Cov:================================>  92%]
[Progress:========>                     28%] [Cov:===============================>   90%]
[Progress:========>                     28%] [Cov:================================>  92%]
[Progress:========>                     28%] [Cov:================================>  92%]
[Progress:=========>                    30%] [Cov:================================>  92%]
[Progress:=========>                    30%] [Cov:================================>  92%]
[Progress:=========>                    31%] [Cov:===============================>   91%]
[Progress:=========>                    31%] [Cov:================================>  92%]
[Progress:=========>                    31%] [Cov:================================>  92%]
[Progress:=========>                    33%] [Cov:===============================>   89%]
[Progress:=========>                    33%] [Cov:================================>  92%]
[Progress:=========>                    33%] [Cov:================================>  92%]
[Progress:=========>                    33%] [Cov:================================>  93%]
[Progress:==========>                   35%] [Cov:================================>  92%]
[Progress:==========>                   35%] [Cov:================================>  93%]
[Progress:==========>                   35%] [Cov:================================>  93%]
[Progress:==========>                   36%] [Cov:===============================>   91%]
[Progress:==========>                   36%] [Cov:================================>  92%]
[Progress:==========>                   36%] [Cov:================================>  93%]
[Progress:==========>                   36%] [Cov:================================>  93%]
[Progress:===========>                  38%] [Cov:===============================>   89%]
[Progress:===========>                  38%] [Cov:================================>  93%]
[Progress:===========>                  38%] [Cov:================================>  93%]
[Progress:============>                 40%] [Cov:================================>  92%]
[Progress:============>                 40%] [Cov:================================>  93%]
[Progress:============>                 40%] [Cov:================================>  93%]
[Progress:============>                 41%] [Cov:==============================>    88%]
[Progress:============>                 41%] [Cov:================================>  93%]
[Progress:============>                 41%] [Cov:================================>  93%]
[Progress:============>                 43%] [Cov:================================>  92%]
[Progress:============>                 43%] [Cov:================================>  93%]
[Progress:============>                 43%] [Cov:================================>  93%]
[Progress:=============>                45%] [Cov:================================>  93%]
[Progress:=============>                45%] [Cov:================================>  93%]
[Progress:=============>                46%] [Cov:================================>  92%]
[Progress:=============>                46%] [Cov:================================>  93%]
[Progress:==============>               48%] [Cov:================================>  93%]
[Progress:==============>               48%] [Cov:================================>  93%]
[Progress:===============>              50%] [Cov:================================>  92%]
[Progress:===============>              50%] [Cov:================================>  93%]
[Progress:===============>              50%] [Cov:================================>  93%]
[Progress:===============>              50%] [Cov:================================>  94%]
[Progress:===============>              51%] [Cov:================================>  93%]
[Progress:===============>              51%] [Cov:================================>  93%]
[Progress:===============>              53%] [Cov:================================>  93%]
[Progress:===============>              53%] [Cov:================================>  93%]
[Progress:===============>              53%] [Cov:================================>  94%]
[Progress:================>             55%] [Cov:================================>  93%]
[Progress:================>             55%] [Cov:================================>  94%]
[Progress:================>             55%] [Cov:================================>  94%]
[Progress:================>             56%] [Cov:==============================>    87%]
[Progress:================>             56%] [Cov:===============================>   91%]
[Progress:================>             56%] [Cov:================================>  94%]
[Progress:=================>            58%] [Cov:================================>  93%]
[Progress:=================>            58%] [Cov:================================>  94%]
[Progress:=================>            58%] [Cov:================================>  94%]
[Progress:==================>           60%] [Cov:================================>  93%]
[Progress:==================>           60%] [Cov:================================>  94%]
[Progress:==================>           60%] [Cov:================================>  94%]
[Progress:==================>           61%] [Cov:================================>  93%]
[Progress:==================>           61%] [Cov:================================>  94%]
[Progress:==================>           61%] [Cov:================================>  93%]
[Progress:==================>           61%] [Cov:================================>  94%]
[Progress:==================>           63%] [Cov:================================>  94%]
[Progress:===================>          65%] [Cov:================================>  93%]
[Progress:===================>          65%] [Cov:================================>  94%]
[Progress:===================>          65%] [Cov:================================>  93%]
[Progress:===================>          65%] [Cov:================================>  94%]
[Progress:===================>          66%] [Cov:================================>  94%]
[Progress:===================>          66%] [Cov:================================>  93%]
[Progress:===================>          66%] [Cov:================================>  94%]
[Progress:====================>         68%] [Cov:================================>  94%]
[Progress:====================>         68%] [Cov:================================>  94%]
[Progress:=====================>        70%] [Cov:================================>  94%]
[Progress:=====================>        70%] [Cov:================================>  94%]
[Progress:=====================>        71%] [Cov:================================>  94%]
[Progress:=====================>        73%] [Cov:================================>  92%]
[Progress:=====================>        73%] [Cov:================================>  94%]
[Progress:=====================>        73%] [Cov:================================>  94%]
[Progress:======================>       75%] [Cov:================================>  94%]
[Progress:======================>       75%] [Cov:================================>  94%]
[Progress:======================>       76%] [Cov:================================>  94%]
[Progress:======================>       76%] [Cov:================================>  94%]
[Progress:=======================>      78%] [Cov:================================>  94%]
[Progress:========================>     80%] [Cov:================================>  94%]
[Progress:========================>     80%] [Cov:================================>  94%]
[Progress:========================>     81%] [Cov:================================>  94%]
[Progress:========================>     81%] [Cov:================================>  94%]
[Progress:========================>     83%] [Cov:================================>  94%]
[Progress:=========================>    85%] [Cov:================================>  94%]
[Progress:=========================>    85%] [Cov:================================>  94%]
[Progress:=========================>    86%] [Cov:================================>  94%]
[Progress:=========================>    86%] [Cov:================================>  94%]
[Progress:==========================>   88%] [Cov:================================>  94%]
[Progress:==========================>   88%] [Cov:================================>  94%]
[Progress:===========================>  90%] [Cov:================================>  94%]
[Progress:===========================>  91%] [Cov:================================>  94%]
[Progress:===========================>  91%] [Cov:================================>  94%]
[Progress:===========================>  93%] [Cov:================================>  94%]
[Progress:===========================>  93%] [Cov:================================>  94%]
[Progress:============================> 95%] [Cov:================================>  94%]
[Progress:============================> 96%] [Cov:================================>  94%]
[Progress:============================> 96%] [Cov:================================>  94%]
[Progress:=============================>98%] [Cov:================================>  94%]
[Progress:=============================>98%] [Cov:================================>  94%]
[Progress:==============================100%] [Cov:================================>  94%]
[Progress:==============================100%] [Cov:================================>  94%]
[Progress:==============================100%] [Cov:================================>  94%]
* Search finished after 62s and 53 generations, 38495 statements, best individual has fitness: 25.5
* Minimizing test suite
* Going to analyze the coverage criteria
* Coverage analysis for criterion LINE
* Coverage of criterion LINE: 100%
* Total number of goals: 108
* Number of covered goals: 108
* Coverage analysis for criterion BRANCH
* Coverage of criterion BRANCH: 100%
* Total number of goals: 54
* Number of covered goals: 54
* Coverage analysis for criterion EXCEPTION
* Coverage of criterion EXCEPTION: 12%
* Total number of goals: 17
* Number of covered goals: 2
* Coverage analysis for criterion WEAKMUTATION
* Coverage of criterion WEAKMUTATION: 98%
* Total number of goals: 138
* Number of covered goals: 135
* Coverage analysis for criterion OUTPUT
* Coverage of criterion OUTPUT: 64%
* Total number of goals: 56
* Number of covered goals: 36
* Coverage analysis for criterion METHOD
* Coverage of criterion METHOD: 97%
* Total number of goals: 29
* Number of covered goals: 28
* Coverage analysis for criterion METHODNOEXCEPTION
* Coverage of criterion METHODNOEXCEPTION: 97%
* Total number of goals: 29
* Number of covered goals: 28
* Coverage analysis for criterion CBRANCH
* Coverage of criterion CBRANCH: 96%
* Total number of goals: 54
* Number of covered goals: 52
* Generated 47 tests with total length 208
* Resulting test suite's coverage: 94% (average coverage for all fitness functions)
* Generating assertions
* Resulting test suite's mutation score: 63%
* Compiling and checking tests
* Writing tests to file
* Writing JUnit test case 'Frequency_ESTest' to evosuite-tests
* Done!

* Computation finished

