CMD: /usr/lib/jvm/java-8-openjdk-amd64/bin/java -Dtools_jar_location=/usr/lib/jvm/java-8-openjdk-amd64/lib/tools.jar -jar /home/pizza/evosuite/evosuite-1.2.0.jar -generateSuite -class com.google.javascript.jscomp.MustBeReachingVariableDef -projectCP /home/pizza/evosuite/Test/Closure-30b/build/classes:/home/pizza/evosuite/Test/Closure-30b/lib/args4j.jar:/home/pizza/evosuite/Test/Closure-30b/lib/guava.jar:/home/pizza/evosuite/Test/Closure-30b/lib/json.jar:/home/pizza/evosuite/Test/Closure-30b/lib/jsr305.jar:/home/pizza/evosuite/Test/Closure-30b/lib/protobuf-java.jar:/home/pizza/evosuite/Test/Closure-30b/build/lib/rhino.jar:/home/pizza/evosuite/Test/Closure-30b/lib/ant.jar -base_dir /home/pizza/evosuite/results/project-Closure/Closure-30/round02/evosuite-work -seed 11 -Dalgorithm=NSGAII -Dsearch_budget=150 -Dtest_format=JUNIT4 -Dassertions=true

* EvoSuite 1.2.0
* Going to generate test cases for class: com.google.javascript.jscomp.MustBeReachingVariableDef
* Starting Client-0
* Connecting to master process on port 8220
* Analyzing classpath: 
  - /home/pizza/evosuite/Test/Closure-30b/build/classes
  - /home/pizza/evosuite/Test/Closure-30b/lib/args4j.jar
  - /home/pizza/evosuite/Test/Closure-30b/lib/guava.jar
  - /home/pizza/evosuite/Test/Closure-30b/lib/json.jar
  - /home/pizza/evosuite/Test/Closure-30b/lib/jsr305.jar
  - /home/pizza/evosuite/Test/Closure-30b/lib/protobuf-java.jar
  - /home/pizza/evosuite/Test/Closure-30b/build/lib/rhino.jar
  - /home/pizza/evosuite/Test/Closure-30b/lib/ant.jar
* Finished analyzing classpath
* Generating tests for class com.google.javascript.jscomp.MustBeReachingVariableDef
* Test criteria:
  - Line Coverage
  - Branch Coverage
  - Exception
  - Mutation testing (weak)
  - Method-Output Coverage
  - Top-Level Method Coverage
  - No-Exception Top-Level Method Coverage
  - Context Branch Coverage
* Setting up search algorithm for whole suite generation
* Total number of test goals: 
  - Line 164
  - Branch 175
  - Exception 0
  - MutationFactory 134
  - Output 148
  - Method 13
  - MethodNoException 13
  - CBranchFitnessFactory 175

[Progress:>                             0%] [Cov:>                                  0%]* Using seed 11
* Starting evolution
[MASTER] 03:11:11.835 [logback-1] WARN  TestCluster - Failed to check cache for java.util.Set<java.lang.String> : Invalid generic instance
[MASTER] 03:11:12.063 [logback-1] WARN  TestCluster - Failed to check cache for java.util.AbstractMap<K, V>.SimpleImmutableEntry<K, V> : Type points to itself

[Progress:>                             2%] [Cov:>                                  0%]
[Progress:>                             3%] [Cov:====>                              13%]
[Progress:>                             3%] [Cov:====>                              14%]
[Progress:>                             3%] [Cov:=====>                             15%]
[Progress:>                             3%] [Cov:=====>                             16%]
[Progress:>                             3%] [Cov:======>                            18%]
[Progress:=>                            4%] [Cov:>                                  0%]
[Progress:=>                            4%] [Cov:====>                              12%]
[Progress:=>                            4%] [Cov:====>                              13%]
[Progress:=>                            4%] [Cov:====>                              14%]
[Progress:=>                            4%] [Cov:=====>                             17%]
[Progress:=>                            5%] [Cov:>                                  0%]
[Progress:=>                            5%] [Cov:>                                  1%]
[Progress:=>                            5%] [Cov:====>                              13%]
[Progress:=>                            5%] [Cov:=====>                             16%]
[Progress:=>                            5%] [Cov:======>                            18%]
[Progress:=>                            5%] [Cov:======>                            19%]
[Progress:=>                            5%] [Cov:======>                            19%]
[Progress:=>                            6%] [Cov:=====>                             17%]
[Progress:=>                            6%] [Cov:======>                            19%]
[Progress:=>                            6%] [Cov:======>                            19%]
[Progress:=>                            6%] [Cov:======>                            19%]
[Progress:=>                            6%] [Cov:=======>                           20%]
[Progress:=>                            6%] [Cov:=======>                           21%]
[Progress:=>                            6%] [Cov:======>                            19%]
[Progress:=>                            6%] [Cov:=======>                           21%]
[Progress:=>                            6%] [Cov:======>                            19%]
[Progress:==>                           7%] [Cov:======>                            19%]
[Progress:==>                           7%] [Cov:======>                            19%]
[Progress:==>                           8%] [Cov:=====>                             17%]
[Progress:==>                           8%] [Cov:======>                            18%]
[Progress:==>                           8%] [Cov:======>                            19%]
[Progress:==>                           8%] [Cov:======>                            19%]
[Progress:==>                           8%] [Cov:=======>                           20%]
[Progress:==>                           8%] [Cov:======>                            19%]
[Progress:==>                           8%] [Cov:=======>                           20%]
[Progress:==>                           8%] [Cov:======>                            19%]
[Progress:==>                           8%] [Cov:=======>                           20%]
[Progress:==>                           8%] [Cov:======>                            19%]
[Progress:==>                           8%] [Cov:=======>                           20%]
[Progress:==>                           9%] [Cov:======>                            19%]
[Progress:==>                           9%] [Cov:=======>                           20%]
[Progress:==>                           9%] [Cov:=======>                           20%]
[Progress:==>                           9%] [Cov:=======>                           20%]
[Progress:===>                          10%] [Cov:======>                            19%]
[Progress:===>                          10%] [Cov:=======>                           20%]
[Progress:===>                          10%] [Cov:=======>                           20%]
[Progress:===>                          10%] [Cov:=======>                           21%]
[Progress:===>                          10%] [Cov:=======>                           22%]
[Progress:===>                          10%] [Cov:=======>                           22%]
[Progress:===>                          10%] [Cov:=======>                           22%]
[Progress:===>                          10%] [Cov:=======>                           22%]
[Progress:===>                          11%] [Cov:=======>                           22%]
[Progress:===>                          11%] [Cov:=======>                           22%]
[Progress:===>                          11%] [Cov:=======>                           22%]
[Progress:===>                          12%] [Cov:=======>                           21%]
[Progress:===>                          12%] [Cov:=======>                           22%]
[Progress:===>                          12%] [Cov:=======>                           22%]
[Progress:===>                          12%] [Cov:=======>                           22%]
[Progress:===>                          12%] [Cov:=======>                           22%]
[Progress:===>                          12%] [Cov:=======>                           22%]
[Progress:===>                          13%] [Cov:=======>                           22%]
[Progress:===>                          13%] [Cov:=======>                           22%]
[Progress:===>                          13%] [Cov:=======>                           22%]
[Progress:===>                          13%] [Cov:=======>                           22%]
[Progress:====>                         14%] [Cov:=======>                           22%]
[Progress:====>                         14%] [Cov:=======>                           22%]
[Progress:====>                         14%] [Cov:=======>                           22%]
[Progress:====>                         14%] [Cov:=======>                           22%]
[Progress:====>                         14%] [Cov:=======>                           22%]
[Progress:====>                         14%] [Cov:========>                          24%]
[Progress:====>                         14%] [Cov:=========>                         26%]
[Progress:====>                         15%] [Cov:=======>                           22%]
[Progress:====>                         15%] [Cov:=========>                         26%]
[Progress:====>                         15%] [Cov:=========>                         26%]
[Progress:====>                         16%] [Cov:=======>                           22%]
[Progress:====>                         16%] [Cov:========>                          23%]
[Progress:====>                         16%] [Cov:========>                          24%]
[Progress:====>                         16%] [Cov:========>                          25%]
[Progress:====>                         16%] [Cov:=========>                         26%]
[Progress:====>                         16%] [Cov:=========>                         26%]
[Progress:====>                         16%] [Cov:=========>                         26%]
[Progress:====>                         16%] [Cov:=========>                         26%]
[Progress:====>                         16%] [Cov:=========>                         26%]
[Progress:=====>                        17%] [Cov:=========>                         26%]
[Progress:=====>                        17%] [Cov:=========>                         26%]
[Progress:=====>                        17%] [Cov:=========>                         26%]
[Progress:=====>                        17%] [Cov:=========>                         26%]
[Progress:=====>                        18%] [Cov:=========>                         26%]
[Progress:=====>                        18%] [Cov:=========>                         26%]
[Progress:=====>                        18%] [Cov:=========>                         26%]
[Progress:=====>                        18%] [Cov:=========>                         26%]
[Progress:=====>                        18%] [Cov:=========>                         26%]
[Progress:=====>                        19%] [Cov:=========>                         26%]
[Progress:=====>                        19%] [Cov:=========>                         27%]
[Progress:=====>                        19%] [Cov:=========>                         28%]
[Progress:=====>                        19%] [Cov:=========>                         28%]
[Progress:=====>                        19%] [Cov:=========>                         28%]
[Progress:======>                       20%] [Cov:=========>                         26%]
[Progress:======>                       20%] [Cov:=========>                         28%]
[Progress:======>                       20%] [Cov:=========>                         28%]
[Progress:======>                       20%] [Cov:=========>                         28%]
[Progress:======>                       20%] [Cov:==========>                        29%]
[Progress:======>                       20%] [Cov:==========>                        29%]
[Progress:======>                       20%] [Cov:==========>                        29%]
[Progress:======>                       21%] [Cov:=========>                         28%]
[Progress:======>                       21%] [Cov:==========>                        29%]
[Progress:======>                       21%] [Cov:==========>                        29%]
[Progress:======>                       21%] [Cov:==========>                        31%]
[Progress:======>                       21%] [Cov:===========>                       34%]
[Progress:======>                       21%] [Cov:============>                      35%]
[Progress:======>                       21%] [Cov:============>                      36%]
[Progress:======>                       21%] [Cov:============>                      36%]
[Progress:======>                       22%] [Cov:==========>                        29%]
[Progress:======>                       22%] [Cov:============>                      36%]
[Progress:======>                       22%] [Cov:============>                      36%]
[Progress:======>                       22%] [Cov:============>                      36%]
[Progress:======>                       23%] [Cov:==========>                        30%]
[Progress:======>                       23%] [Cov:============>                      36%]
[Progress:======>                       23%] [Cov:============>                      36%]
[Progress:======>                       23%] [Cov:============>                      36%]
[Progress:=======>                      24%] [Cov:============>                      36%]
[Progress:=======>                      24%] [Cov:============>                      36%]
[Progress:=======>                      24%] [Cov:============>                      37%]
[Progress:=======>                      24%] [Cov:============>                      37%]
[Progress:=======>                      24%] [Cov:============>                      37%]
[Progress:=======>                      25%] [Cov:============>                      36%]
[Progress:=======>                      25%] [Cov:============>                      37%]
[Progress:=======>                      25%] [Cov:============>                      37%]
[Progress:=======>                      25%] [Cov:============>                      37%]
[Progress:=======>                      26%] [Cov:============>                      36%]
[Progress:=======>                      26%] [Cov:============>                      37%]
[Progress:=======>                      26%] [Cov:============>                      37%]
[Progress:=======>                      26%] [Cov:=============>                     38%]
[Progress:=======>                      26%] [Cov:=============>                     39%]
[Progress:=======>                      26%] [Cov:=============>                     39%]
[Progress:=======>                      26%] [Cov:=============>                     39%]
[Progress:========>                     27%] [Cov:============>                      36%]
[Progress:========>                     27%] [Cov:=============>                     39%]
[Progress:========>                     27%] [Cov:=============>                     39%]
[Progress:========>                     28%] [Cov:============>                      37%]
[Progress:========>                     28%] [Cov:=============>                     39%]
[Progress:========>                     28%] [Cov:=============>                     39%]
[Progress:========>                     28%] [Cov:=============>                     39%]
[Progress:========>                     28%] [Cov:=============>                     38%]
[Progress:========>                     28%] [Cov:=============>                     39%]
[Progress:========>                     29%] [Cov:=============>                     39%]
[Progress:========>                     29%] [Cov:=============>                     39%]
[Progress:========>                     29%] [Cov:=============>                     39%]
[Progress:=========>                    30%] [Cov:=============>                     39%]
[Progress:=========>                    30%] [Cov:=============>                     39%]
[Progress:=========>                    30%] [Cov:=============>                     38%]
[Progress:=========>                    30%] [Cov:=============>                     39%]
[Progress:=========>                    30%] [Cov:=============>                     39%]
[Progress:=========>                    31%] [Cov:=============>                     39%]
[Progress:=========>                    31%] [Cov:=============>                     39%]
[Progress:=========>                    31%] [Cov:=============>                     39%]
[Progress:=========>                    32%] [Cov:=============>                     39%]
[Progress:=========>                    32%] [Cov:==============>                    41%]
[Progress:=========>                    32%] [Cov:==============>                    41%]
[Progress:=========>                    32%] [Cov:==============>                    41%]
[Progress:=========>                    32%] [Cov:==============>                    41%]
[Progress:=========>                    33%] [Cov:==============>                    41%]
[Progress:=========>                    33%] [Cov:==============>                    41%]
[Progress:=========>                    33%] [Cov:==============>                    41%]
[Progress:==========>                   34%] [Cov:==============>                    41%]
[Progress:==========>                   34%] [Cov:==============>                    41%]
[Progress:==========>                   34%] [Cov:==============>                    41%]
[Progress:==========>                   34%] [Cov:==============>                    41%]
[Progress:==========>                   34%] [Cov:==============>                    41%]
[Progress:==========>                   35%] [Cov:==============>                    41%]
[Progress:==========>                   35%] [Cov:==============>                    41%]
[Progress:==========>                   36%] [Cov:==============>                    41%]
[Progress:==========>                   36%] [Cov:==============>                    41%]
[Progress:==========>                   36%] [Cov:==============>                    42%]
[Progress:==========>                   36%] [Cov:==============>                    42%]
[Progress:==========>                   36%] [Cov:==============>                    42%]
[Progress:==========>                   36%] [Cov:==============>                    42%]
[Progress:===========>                  37%] [Cov:==============>                    41%]
[Progress:===========>                  37%] [Cov:==============>                    42%]
[Progress:===========>                  37%] [Cov:==============>                    41%]
[Progress:===========>                  37%] [Cov:==============>                    42%]
[Progress:===========>                  38%] [Cov:==============>                    41%]
[Progress:===========>                  38%] [Cov:==============>                    42%]
[Progress:===========>                  38%] [Cov:==============>                    41%]
[Progress:===========>                  38%] [Cov:==============>                    42%]
[Progress:===========>                  38%] [Cov:==============>                    42%]
[Progress:===========>                  38%] [Cov:===============>                   43%]
[Progress:===========>                  38%] [Cov:==============>                    42%]
[Progress:===========>                  38%] [Cov:===============>                   43%]
[Progress:===========>                  39%] [Cov:===============>                   43%]
[Progress:===========>                  39%] [Cov:==============>                    42%]
[Progress:===========>                  39%] [Cov:===============>                   43%]
[Progress:===========>                  39%] [Cov:===============>                   43%]
[Progress:============>                 40%] [Cov:===============>                   43%]
[Progress:============>                 40%] [Cov:===============>                   43%]
[Progress:============>                 40%] [Cov:===============>                   44%]
[Progress:============>                 40%] [Cov:===============>                   44%]
[Progress:============>                 40%] [Cov:===============>                   44%]
[Progress:============>                 41%] [Cov:===============>                   43%]
[Progress:============>                 41%] [Cov:===============>                   44%]
[Progress:============>                 41%] [Cov:===============>                   44%]
[Progress:============>                 41%] [Cov:===============>                   44%]
[Progress:============>                 42%] [Cov:===============>                   44%]
[Progress:============>                 42%] [Cov:===============>                   44%]
[Progress:============>                 42%] [Cov:===============>                   44%]
[Progress:============>                 43%] [Cov:===============>                   44%]
[Progress:============>                 43%] [Cov:===============>                   44%]
[Progress:============>                 43%] [Cov:===============>                   44%]
[Progress:=============>                44%] [Cov:===============>                   44%]
[Progress:=============>                44%] [Cov:===============>                   44%]
[Progress:=============>                44%] [Cov:===============>                   44%]
[Progress:=============>                45%] [Cov:===============>                   44%]
[Progress:=============>                45%] [Cov:===============>                   44%]
[Progress:=============>                45%] [Cov:===============>                   44%]
[Progress:=============>                46%] [Cov:===============>                   44%]
[Progress:=============>                46%] [Cov:===============>                   44%]
[Progress:=============>                46%] [Cov:===============>                   44%]
[Progress:=============>                46%] [Cov:===============>                   44%]
[Progress:==============>               47%] [Cov:===============>                   44%]
[Progress:==============>               47%] [Cov:===============>                   44%]
[Progress:==============>               48%] [Cov:===============>                   44%]
[Progress:==============>               48%] [Cov:===============>                   44%]
[Progress:==============>               48%] [Cov:===============>                   44%]
[Progress:==============>               49%] [Cov:===============>                   44%]
[Progress:==============>               49%] [Cov:===============>                   44%]
[Progress:===============>              50%] [Cov:===============>                   44%]
[Progress:===============>              50%] [Cov:===============>                   44%]
[Progress:===============>              50%] [Cov:===============>                   44%]
[Progress:===============>              50%] [Cov:===============>                   44%]
[Progress:===============>              51%] [Cov:==============>                    42%]
[Progress:===============>              51%] [Cov:===============>                   44%]
[Progress:===============>              51%] [Cov:===============>                   44%]
[Progress:===============>              52%] [Cov:===============>                   44%]
[Progress:===============>              52%] [Cov:===============>                   44%]
[Progress:===============>              52%] [Cov:===============>                   44%]
[Progress:===============>              52%] [Cov:===============>                   44%]
[Progress:===============>              53%] [Cov:===============>                   44%]
[Progress:===============>              53%] [Cov:===============>                   44%]
[Progress:================>             54%] [Cov:===============>                   44%]
[Progress:================>             54%] [Cov:===============>                   44%]
[Progress:================>             54%] [Cov:===============>                   44%]
[Progress:================>             54%] [Cov:===============>                   44%]
[Progress:================>             55%] [Cov:===============>                   44%]
[Progress:================>             55%] [Cov:===============>                   44%]
[Progress:================>             56%] [Cov:===============>                   44%]
[Progress:================>             56%] [Cov:===============>                   44%]
[Progress:================>             56%] [Cov:===============>                   44%]
[Progress:=================>            57%] [Cov:===============>                   44%]
[Progress:=================>            57%] [Cov:===============>                   44%]
[Progress:=================>            57%] [Cov:===============>                   44%]
[Progress:=================>            58%] [Cov:===============>                   44%]
[Progress:=================>            58%] [Cov:===============>                   44%]
[Progress:=================>            58%] [Cov:===============>                   44%]
[Progress:=================>            59%] [Cov:===============>                   44%]
[Progress:=================>            59%] [Cov:===============>                   44%]
[Progress:==================>           60%] [Cov:==============>                    41%]
[Progress:==================>           60%] [Cov:===============>                   44%]
[Progress:==================>           60%] [Cov:===============>                   44%]
[Progress:==================>           60%] [Cov:===============>                   44%]
[Progress:==================>           60%] [Cov:===============>                   44%]
[Progress:==================>           61%] [Cov:===============>                   44%]
[Progress:==================>           61%] [Cov:===============>                   44%]
[Progress:==================>           62%] [Cov:===============>                   44%]
[Progress:==================>           62%] [Cov:===============>                   44%]
[Progress:==================>           62%] [Cov:===============>                   44%]
[Progress:==================>           62%] [Cov:===============>                   44%]
[Progress:==================>           63%] [Cov:===============>                   44%]
[Progress:==================>           63%] [Cov:===============>                   44%]
[Progress:===================>          64%] [Cov:===============>                   44%]
[Progress:===================>          64%] [Cov:===============>                   44%]
[Progress:===================>          64%] [Cov:===============>                   44%]
[Progress:===================>          64%] [Cov:===============>                   44%]
[Progress:===================>          65%] [Cov:===============>                   44%]
[Progress:===================>          65%] [Cov:===============>                   44%]
[Progress:===================>          66%] [Cov:===============>                   44%]
[Progress:===================>          66%] [Cov:===============>                   44%]
[Progress:===================>          66%] [Cov:===============>                   44%]
[Progress:===================>          66%] [Cov:===============>                   44%]
[Progress:====================>         67%] [Cov:===============>                   44%]
[Progress:====================>         67%] [Cov:===============>                   44%]
[Progress:====================>         68%] [Cov:===============>                   44%]
[Progress:====================>         68%] [Cov:===============>                   44%]
[Progress:====================>         68%] [Cov:===============>                   44%]
[Progress:====================>         69%] [Cov:===============>                   44%]
[Progress:====================>         69%] [Cov:===============>                   44%]
[Progress:====================>         69%] [Cov:===============>                   44%]
[Progress:=====================>        70%] [Cov:===============>                   44%]
[Progress:=====================>        70%] [Cov:===============>                   44%]
[Progress:=====================>        70%] [Cov:===============>                   44%]
[Progress:=====================>        71%] [Cov:===============>                   44%]
[Progress:=====================>        71%] [Cov:===============>                   45%]
[Progress:=====================>        71%] [Cov:================>                  46%]
[Progress:=====================>        71%] [Cov:================>                  47%]
[Progress:=====================>        71%] [Cov:================>                  48%]
[Progress:=====================>        71%] [Cov:================>                  48%]
[Progress:=====================>        72%] [Cov:===============>                   44%]
[Progress:=====================>        72%] [Cov:================>                  48%]
[Progress:=====================>        72%] [Cov:================>                  48%]
[Progress:=====================>        72%] [Cov:================>                  48%]
[Progress:=====================>        73%] [Cov:===>                               11%]
[Progress:=====================>        73%] [Cov:===============>                   44%]
[Progress:=====================>        73%] [Cov:================>                  48%]
[Progress:=====================>        73%] [Cov:================>                  48%]
[Progress:======================>       74%] [Cov:================>                  47%]
[Progress:======================>       74%] [Cov:================>                  48%]
[Progress:======================>       74%] [Cov:================>                  48%]
[Progress:======================>       74%] [Cov:================>                  48%]
[Progress:======================>       74%] [Cov:================>                  48%]
[Progress:======================>       75%] [Cov:================>                  46%]
[Progress:======================>       75%] [Cov:================>                  47%]
[Progress:======================>       75%] [Cov:================>                  48%]
[Progress:======================>       75%] [Cov:================>                  48%]
[Progress:======================>       76%] [Cov:================>                  48%]
[Progress:======================>       76%] [Cov:================>                  48%]
[Progress:======================>       76%] [Cov:================>                  48%]
[Progress:======================>       76%] [Cov:================>                  48%]
[Progress:=======================>      77%] [Cov:================>                  48%]
[Progress:=======================>      77%] [Cov:================>                  48%]
[Progress:=======================>      78%] [Cov:================>                  48%]
[Progress:=======================>      78%] [Cov:================>                  48%]
[Progress:=======================>      78%] [Cov:================>                  48%]
[Progress:=======================>      79%] [Cov:================>                  48%]
[Progress:=======================>      79%] [Cov:================>                  47%]
[Progress:=======================>      79%] [Cov:================>                  48%]
[Progress:========================>     80%] [Cov:================>                  48%]
[Progress:========================>     80%] [Cov:================>                  47%]
[Progress:========================>     80%] [Cov:================>                  48%]
[Progress:========================>     80%] [Cov:================>                  47%]
[Progress:========================>     80%] [Cov:================>                  48%]
[Progress:========================>     81%] [Cov:================>                  48%]
[Progress:========================>     81%] [Cov:================>                  47%]
[Progress:========================>     81%] [Cov:================>                  48%]
[Progress:========================>     82%] [Cov:================>                  48%]
[Progress:========================>     82%] [Cov:================>                  47%]
[Progress:========================>     82%] [Cov:================>                  48%]
[Progress:========================>     82%] [Cov:================>                  47%]
[Progress:========================>     82%] [Cov:================>                  48%]
[Progress:========================>     83%] [Cov:================>                  48%]
[Progress:========================>     83%] [Cov:================>                  47%]
[Progress:========================>     83%] [Cov:================>                  48%]
[Progress:=========================>    84%] [Cov:================>                  48%]
[Progress:=========================>    84%] [Cov:================>                  47%]
[Progress:=========================>    84%] [Cov:================>                  48%]
[Progress:=========================>    84%] [Cov:================>                  47%]
[Progress:=========================>    84%] [Cov:================>                  48%]
[Progress:=========================>    85%] [Cov:================>                  48%]
[Progress:=========================>    85%] [Cov:=================>                 49%]
[Progress:=========================>    86%] [Cov:================>                  48%]
[Progress:=========================>    86%] [Cov:=================>                 49%][MASTER] 03:13:21.227 [logback-1] WARN  TestCluster - Failed to check cache for com.google.common.base.Supplier<T> : Type points to itself

[Progress:=========================>    86%] [Cov:=================>                 49%]
[Progress:==========================>   87%] [Cov:================>                  48%]
[Progress:==========================>   87%] [Cov:=================>                 49%]
[Progress:==========================>   88%] [Cov:================>                  48%]
[Progress:==========================>   88%] [Cov:=================>                 49%]
[Progress:==========================>   88%] [Cov:=================>                 49%]
[Progress:==========================>   88%] [Cov:=================>                 49%]
[Progress:==========================>   89%] [Cov:=================>                 49%]
[Progress:==========================>   89%] [Cov:=================>                 49%]
[Progress:===========================>  90%] [Cov:=================>                 49%]
[Progress:===========================>  90%] [Cov:=================>                 49%]
[Progress:===========================>  90%] [Cov:=================>                 49%]
[Progress:===========================>  91%] [Cov:=================>                 49%]
[Progress:===========================>  91%] [Cov:=================>                 49%]
[Progress:===========================>  92%] [Cov:=================>                 49%]
[Progress:===========================>  92%] [Cov:=================>                 49%]
[Progress:===========================>  92%] [Cov:=================>                 49%]
[Progress:===========================>  93%] [Cov:=================>                 49%]
[Progress:===========================>  93%] [Cov:=================>                 49%]
[Progress:============================> 94%] [Cov:=================>                 49%]
[Progress:============================> 94%] [Cov:=================>                 49%][MASTER] 03:13:34.261 [logback-1] WARN  TestCluster - Failed to check cache for java.util.Collection<com.google.javascript.jscomp.Scope$Var> : Invalid generic instance

[Progress:============================> 94%] [Cov:=================>                 49%]
[Progress:============================> 95%] [Cov:=================>                 49%]
[Progress:============================> 95%] [Cov:=================>                 49%]
[Progress:============================> 96%] [Cov:=================>                 49%]
[Progress:============================> 96%] [Cov:=================>                 49%]
[Progress:============================> 96%] [Cov:=================>                 49%]
[Progress:=============================>97%] [Cov:=================>                 49%]
[Progress:=============================>97%] [Cov:=================>                 49%]
[Progress:=============================>98%] [Cov:=================>                 49%]
[Progress:=============================>98%] [Cov:=================>                 49%]
[Progress:=============================>98%] [Cov:=================>                 49%]
[Progress:=============================>99%] [Cov:=================>                 49%]
[Progress:=============================>99%] [Cov:=================>                 49%]
[Progress:==============================100%] [Cov:=================>                 49%]
[Progress:==============================100%] [Cov:=================>                 49%]
[Progress:==============================100%] [Cov:=================>                 49%]
* Search finished after 152s and 202 generations, 55003 statements, best individual has fitness: 730.1189948254379
* Minimizing test suite
* Going to analyze the coverage criteria
* Coverage analysis for criterion LINE
* Coverage of criterion LINE: 43%
* Total number of goals: 164
* Number of covered goals: 70
* Coverage analysis for criterion BRANCH
* Coverage of criterion BRANCH: 37%
* Total number of goals: 175
* Number of covered goals: 65
* Coverage analysis for criterion EXCEPTION
* Coverage of criterion EXCEPTION: 38%
* Total number of goals: 8
* Number of covered goals: 3
* Coverage analysis for criterion WEAKMUTATION
* Coverage of criterion WEAKMUTATION: 25%
* Total number of goals: 134
* Number of covered goals: 34
* Coverage analysis for criterion OUTPUT
* Coverage of criterion OUTPUT: 3%
* Total number of goals: 148
* Number of covered goals: 5
* Coverage analysis for criterion METHOD
* Coverage of criterion METHOD: 85%
* Total number of goals: 13
* Number of covered goals: 11
* Coverage analysis for criterion METHODNOEXCEPTION
* Coverage of criterion METHODNOEXCEPTION: 77%
* Total number of goals: 13
* Number of covered goals: 10
* Coverage analysis for criterion CBRANCH
* Coverage of criterion CBRANCH: 37%
* Total number of goals: 175
* Number of covered goals: 65
* Generated 11 tests with total length 68
* Resulting test suite's coverage: 49% (average coverage for all fitness functions)
* Generating assertions
* Resulting test suite's mutation score: 17%
* Compiling and checking tests
* Writing tests to file
* Writing JUnit test case 'MustBeReachingVariableDef_ESTest' to evosuite-tests
* Done!

* Computation finished

