CMD: /usr/lib/jvm/java-8-openjdk-amd64/bin/java -Dtools_jar_location=/usr/lib/jvm/java-8-openjdk-amd64/lib/tools.jar -jar /home/pizza/TestRound2/evosuite-1.2.0.jar -generateSuite -class org.jsoup.parser.HtmlTreeBuilder -projectCP /home/pizza/TestRound2/Test/Jsoup-68b/target/classes -base_dir /home/pizza/TestRound2/results/project-Jsoup/Jsoup-68/round03/evosuite-work -seed 11 -Dalgorithm=NSGAII -Dsearch_budget=60 -Dtest_format=JUNIT4 -Dassertions=true

* EvoSuite 1.2.0
* Going to generate test cases for class: org.jsoup.parser.HtmlTreeBuilder
* Starting Client-0
* Connecting to master process on port 8224
* Analyzing classpath: 
  - /home/pizza/TestRound2/Test/Jsoup-68b/target/classes
* Finished analyzing classpath
* Generating tests for class org.jsoup.parser.HtmlTreeBuilder
* Test criteria:
  - Line Coverage
  - Branch Coverage
  - Exception
  - Mutation testing (weak)
  - Method-Output Coverage
  - Top-Level Method Coverage
  - No-Exception Top-Level Method Coverage
  - Context Branch Coverage
* Setting up search algorithm for whole suite generation
* Total number of test goals: 
  - Line 374
  - Branch 253
  - Exception 0
  - MutationFactory 993
  - Output 207
  - Method 71
  - MethodNoException 71
  - CBranchFitnessFactory 253

[Progress:>                             0%] [Cov:>                                  0%]* Using seed 11
* Starting evolution

[Progress:====>                         16%] [Cov:>                                  0%]
[Progress:====>                         16%] [Cov:====>                              12%]
[Progress:====>                         16%] [Cov:====>                              13%]
[Progress:=====>                        18%] [Cov:>                                  0%]
[Progress:=====>                        18%] [Cov:>                                  1%]
[Progress:=====>                        18%] [Cov:====>                              13%]
[Progress:=====>                        18%] [Cov:====>                              14%]
[Progress:=====>                        18%] [Cov:=====>                             15%]
[Progress:======>                       20%] [Cov:>                                  0%]
[Progress:======>                       20%] [Cov:>                                  1%]
[Progress:======>                       20%] [Cov:====>                              13%]
[Progress:======>                       21%] [Cov:====>                              12%]
[Progress:======>                       21%] [Cov:====>                              14%]
[Progress:======>                       21%] [Cov:=====>                             15%]
[Progress:======>                       23%] [Cov:>                                  0%]
[Progress:======>                       23%] [Cov:====>                              12%]
[Progress:======>                       23%] [Cov:====>                              13%]
[Progress:======>                       23%] [Cov:====>                              14%]
[Progress:======>                       23%] [Cov:=====>                             15%]
[Progress:======>                       23%] [Cov:=====>                             16%]
[Progress:=======>                      25%] [Cov:>                                  0%]
[Progress:=======>                      25%] [Cov:====>                              13%]
[Progress:=======>                      25%] [Cov:====>                              14%]
[Progress:=======>                      25%] [Cov:=====>                             16%]
[Progress:=======>                      25%] [Cov:=====>                             17%][MASTER] 07:16:30.906 [logback-1] WARN  TestCluster - Failed to check cache for java.util.Comparator<T> : Type points to itself

[Progress:=======>                      25%] [Cov:======>                            18%]
[Progress:=======>                      25%] [Cov:=======>                           20%]
[Progress:=======>                      26%] [Cov:>                                  0%]
[Progress:=======>                      26%] [Cov:>                                  1%]
[Progress:=======>                      26%] [Cov:====>                              13%]
[Progress:=======>                      26%] [Cov:====>                              14%]
[Progress:=======>                      26%] [Cov:=====>                             15%]
[Progress:=======>                      26%] [Cov:=====>                             16%]
[Progress:=======>                      26%] [Cov:=======>                           20%]
[Progress:========>                     28%] [Cov:====>                              14%]
[Progress:========>                     28%] [Cov:=====>                             15%]
[Progress:========>                     28%] [Cov:=====>                             16%]
[Progress:========>                     28%] [Cov:=======>                           20%]
[Progress:=========>                    30%] [Cov:======>                            19%]
[Progress:=========>                    30%] [Cov:=======>                           20%]
[Progress:=========>                    30%] [Cov:=======>                           20%]
[Progress:=========>                    31%] [Cov:=====>                             15%]
[Progress:=========>                    31%] [Cov:======>                            18%]
[Progress:=========>                    31%] [Cov:=======>                           20%]
[Progress:=========>                    31%] [Cov:=======>                           20%]
[Progress:=========>                    33%] [Cov:======>                            19%]
[Progress:=========>                    33%] [Cov:=======>                           20%]
[Progress:=========>                    33%] [Cov:=======>                           21%]
[Progress:==========>                   35%] [Cov:=====>                             17%]
[Progress:==========>                   35%] [Cov:======>                            18%]
[Progress:==========>                   35%] [Cov:=======>                           21%]
[Progress:==========>                   35%] [Cov:=======>                           22%]
[Progress:==========>                   36%] [Cov:=====>                             17%]
[Progress:==========>                   36%] [Cov:======>                            18%]
[Progress:==========>                   36%] [Cov:======>                            19%]
[Progress:==========>                   36%] [Cov:=======>                           21%]
[Progress:==========>                   36%] [Cov:=======>                           22%]
[Progress:===========>                  38%] [Cov:=======>                           22%]
[Progress:===========>                  38%] [Cov:=======>                           22%]
[Progress:===========>                  38%] [Cov:========>                          23%]
[Progress:============>                 40%] [Cov:======>                            19%]
[Progress:============>                 40%] [Cov:=======>                           20%]
[Progress:============>                 40%] [Cov:=======>                           21%]
[Progress:============>                 40%] [Cov:=======>                           22%]
[Progress:============>                 40%] [Cov:========>                          23%]
[Progress:============>                 40%] [Cov:========>                          24%]
[Progress:============>                 41%] [Cov:======>                            19%]
[Progress:============>                 41%] [Cov:=======>                           22%]
[Progress:============>                 41%] [Cov:========>                          24%]
[Progress:============>                 43%] [Cov:======>                            19%]
[Progress:============>                 43%] [Cov:=======>                           20%]
[Progress:============>                 43%] [Cov:=======>                           21%]
[Progress:============>                 43%] [Cov:=======>                           22%]
[Progress:============>                 43%] [Cov:========>                          23%]
[Progress:============>                 43%] [Cov:========>                          24%]
[Progress:============>                 43%] [Cov:========>                          25%]
[Progress:=============>                45%] [Cov:========>                          24%]
[Progress:=============>                45%] [Cov:========>                          25%]
[Progress:=============>                45%] [Cov:========>                          25%]
[Progress:=============>                46%] [Cov:=======>                           20%]
[Progress:=============>                46%] [Cov:=======>                           22%]
[Progress:=============>                46%] [Cov:========>                          23%]
[Progress:=============>                46%] [Cov:========>                          24%]
[Progress:=============>                46%] [Cov:========>                          25%]
[Progress:==============>               48%] [Cov:=======>                           20%]
[Progress:==============>               48%] [Cov:========>                          23%]
[Progress:==============>               48%] [Cov:========>                          25%]
[Progress:===============>              50%] [Cov:========>                          24%]
[Progress:===============>              50%] [Cov:========>                          25%]
[Progress:===============>              50%] [Cov:=========>                         26%]
[Progress:===============>              50%] [Cov:=========>                         26%]
[Progress:===============>              50%] [Cov:=========>                         27%]
[Progress:===============>              50%] [Cov:=========>                         28%]
[Progress:===============>              51%] [Cov:=======>                           22%]
[Progress:===============>              51%] [Cov:========>                          25%]
[Progress:===============>              51%] [Cov:=========>                         28%]
[Progress:===============>              53%] [Cov:========>                          24%]
[Progress:===============>              53%] [Cov:=========>                         26%]
[Progress:===============>              53%] [Cov:=========>                         26%]
[Progress:===============>              53%] [Cov:=========>                         27%]
[Progress:===============>              53%] [Cov:=========>                         28%]
[Progress:===============>              53%] [Cov:==========>                        29%]
[Progress:================>             55%] [Cov:=========>                         26%]
[Progress:================>             55%] [Cov:=========>                         28%]
[Progress:================>             55%] [Cov:==========>                        29%]
[Progress:================>             55%] [Cov:==========>                        30%]
[Progress:================>             55%] [Cov:==========>                        31%]
[Progress:================>             56%] [Cov:=========>                         28%]
[Progress:================>             56%] [Cov:==========>                        31%]
[Progress:================>             56%] [Cov:===========>                       32%]
[Progress:=================>            58%] [Cov:=========>                         28%]
[Progress:=================>            58%] [Cov:==========>                        29%]
[Progress:=================>            58%] [Cov:===========>                       32%]
[Progress:==================>           60%] [Cov:==========>                        29%]
[Progress:==================>           60%] [Cov:==========>                        30%]
[Progress:==================>           60%] [Cov:===========>                       32%]
[Progress:==================>           61%] [Cov:======>                            18%]
[Progress:==================>           61%] [Cov:=========>                         27%]
[Progress:==================>           61%] [Cov:==========>                        29%]
[Progress:==================>           61%] [Cov:==========>                        30%]
[Progress:==================>           61%] [Cov:==========>                        31%]
[Progress:==================>           61%] [Cov:===========>                       32%]
[Progress:==================>           61%] [Cov:===========>                       33%]
[Progress:==================>           61%] [Cov:===========>                       33%]
[Progress:==================>           63%] [Cov:===========>                       32%]
[Progress:==================>           63%] [Cov:===========>                       33%]
[Progress:==================>           63%] [Cov:===========>                       34%]
[Progress:===================>          65%] [Cov:==========>                        29%]
[Progress:===================>          65%] [Cov:==========>                        30%]
[Progress:===================>          65%] [Cov:===========>                       33%]
[Progress:===================>          65%] [Cov:===========>                       34%]
[Progress:===================>          65%] [Cov:============>                      35%]
[Progress:===================>          66%] [Cov:==========>                        29%]
[Progress:===================>          66%] [Cov:==========>                        30%]
[Progress:===================>          66%] [Cov:===========>                       32%]
[Progress:===================>          66%] [Cov:===========>                       33%]
[Progress:===================>          66%] [Cov:===========>                       34%]
[Progress:====================>         68%] [Cov:===========>                       32%]
[Progress:====================>         68%] [Cov:===========>                       33%]
[Progress:====================>         68%] [Cov:===========>                       34%]
[Progress:====================>         68%] [Cov:============>                      35%]
[Progress:====================>         68%] [Cov:============>                      36%]
[Progress:=====================>        70%] [Cov:==========>                        30%]
[Progress:=====================>        70%] [Cov:===========>                       33%]
[Progress:=====================>        70%] [Cov:===========>                       34%]
[Progress:=====================>        70%] [Cov:============>                      35%]
[Progress:=====================>        70%] [Cov:============>                      36%]
[Progress:=====================>        71%] [Cov:==========>                        30%]
[Progress:=====================>        71%] [Cov:===========>                       34%]
[Progress:=====================>        71%] [Cov:============>                      35%]
[Progress:=====================>        71%] [Cov:============>                      36%]
[Progress:=====================>        73%] [Cov:============>                      35%]
[Progress:=====================>        73%] [Cov:============>                      36%]
[Progress:=====================>        73%] [Cov:============>                      37%]
[Progress:======================>       75%] [Cov:===========>                       34%]
[Progress:======================>       75%] [Cov:============>                      35%]
[Progress:======================>       75%] [Cov:============>                      37%]
[Progress:======================>       76%] [Cov:============>                      35%]
[Progress:======================>       76%] [Cov:============>                      36%]
[Progress:======================>       76%] [Cov:============>                      37%]
[Progress:======================>       76%] [Cov:============>                      37%]
[Progress:=======================>      78%] [Cov:============>                      36%]
[Progress:=======================>      78%] [Cov:============>                      37%]
[Progress:=======================>      78%] [Cov:=============>                     38%]
[Progress:========================>     80%] [Cov:============>                      37%]
[Progress:========================>     80%] [Cov:============>                      37%]
[Progress:========================>     80%] [Cov:=============>                     38%]
[Progress:========================>     81%] [Cov:===========>                       34%]
[Progress:========================>     81%] [Cov:============>                      35%]
[Progress:========================>     81%] [Cov:============>                      37%]
[Progress:========================>     83%] [Cov:===========>                       33%]
[Progress:========================>     83%] [Cov:============>                      36%]
[Progress:========================>     83%] [Cov:============>                      37%]
[Progress:========================>     83%] [Cov:=============>                     38%]
[Progress:========================>     83%] [Cov:=============>                     39%]
[Progress:========================>     83%] [Cov:=============>                     39%]
[Progress:=========================>    85%] [Cov:============>                      37%]
[Progress:=========================>    85%] [Cov:=============>                     38%]
[Progress:=========================>    85%] [Cov:=============>                     39%]
[Progress:=========================>    85%] [Cov:=============>                     39%]
[Progress:=========================>    86%] [Cov:============>                      36%]
[Progress:=========================>    86%] [Cov:=============>                     38%]
[Progress:=========================>    86%] [Cov:=============>                     39%]
[Progress:==========================>   88%] [Cov:===========>                       33%]
[Progress:==========================>   88%] [Cov:============>                      37%]
[Progress:==========================>   88%] [Cov:=============>                     38%]
[Progress:==========================>   88%] [Cov:=============>                     39%]
[Progress:==========================>   88%] [Cov:=============>                     38%]
[Progress:==========================>   88%] [Cov:=============>                     39%]
[Progress:===========================>  90%] [Cov:============>                      35%]
[Progress:===========================>  90%] [Cov:=============>                     38%]
[Progress:===========================>  90%] [Cov:=============>                     39%]
[Progress:===========================>  90%] [Cov:=============>                     38%]
[Progress:===========================>  90%] [Cov:=============>                     39%]
[Progress:===========================>  91%] [Cov:===========>                       34%]
[Progress:===========================>  91%] [Cov:=============>                     38%]
[Progress:===========================>  91%] [Cov:=============>                     39%]
[Progress:===========================>  91%] [Cov:==============>                    40%]
[Progress:===========================>  93%] [Cov:============>                      37%]
[Progress:===========================>  93%] [Cov:=============>                     38%]
[Progress:===========================>  93%] [Cov:=============>                     39%]
[Progress:===========================>  93%] [Cov:==============>                    40%]
[Progress:============================> 95%] [Cov:=============>                     39%]
[Progress:============================> 95%] [Cov:==============>                    40%]
[Progress:============================> 95%] [Cov:==============>                    40%]
[Progress:============================> 96%] [Cov:=============>                     39%]
[Progress:============================> 96%] [Cov:==============>                    40%]
[Progress:=============================>98%] [Cov:============>                      36%]
[Progress:=============================>98%] [Cov:=============>                     38%]
[Progress:=============================>98%] [Cov:==============>                    40%]
[Progress:=============================>98%] [Cov:==============>                    41%]
[Progress:==============================100%] [Cov:=============>                     38%]
[Progress:==============================100%] [Cov:==============>                    40%]
[Progress:==============================100%] [Cov:==============>                    41%]
[Progress:==============================100%] [Cov:============>                      35%]
[Progress:==============================100%] [Cov:============>                      37%]
[Progress:==============================100%] [Cov:=============>                     38%]
[Progress:==============================100%] [Cov:==============>                    41%]
[Progress:==============================100%] [Cov:=============>                     38%]
[Progress:==============================100%] [Cov:==============>                    40%]
[Progress:==============================100%] [Cov:==============>                    41%]
[Progress:==============================100%] [Cov:==============>                    41%]
* Search finished after 62s and 34 generations, 8308 statements, best individual has fitness: 1570.4651970348928
* Minimizing test suite
* Going to analyze the coverage criteria
* Coverage analysis for criterion LINE
* Coverage of criterion LINE: 46%
* Total number of goals: 374
* Number of covered goals: 172
* Coverage analysis for criterion BRANCH
* Coverage of criterion BRANCH: 39%
* Total number of goals: 253
* Number of covered goals: 98
* Coverage analysis for criterion EXCEPTION
* Coverage of criterion EXCEPTION: 16%
* Total number of goals: 51
* Number of covered goals: 8
* Coverage analysis for criterion WEAKMUTATION
* Coverage of criterion WEAKMUTATION: 44%
* Total number of goals: 993
* Number of covered goals: 440
* Coverage analysis for criterion OUTPUT
* Coverage of criterion OUTPUT: 11%
* Total number of goals: 207
* Number of covered goals: 23
* Coverage analysis for criterion METHOD
* Coverage of criterion METHOD: 45%
* Total number of goals: 71
* Number of covered goals: 32
* Coverage analysis for criterion METHODNOEXCEPTION
* Coverage of criterion METHODNOEXCEPTION: 35%
* Total number of goals: 71
* Number of covered goals: 25
* Coverage analysis for criterion CBRANCH
* Coverage of criterion CBRANCH: 38%
* Total number of goals: 253
* Number of covered goals: 97
* Generated 33 tests with total length 106
* Resulting test suite's coverage: 42% (average coverage for all fitness functions)
* Generating assertions
* Resulting test suite's mutation score: 15%
* Compiling and checking tests
* Writing tests to file
* Writing JUnit test case 'HtmlTreeBuilder_ESTest' to evosuite-tests
* Done!

* Computation finished

