CMD: /usr/lib/jvm/java-8-openjdk-amd64/bin/java -Dtools_jar_location=/usr/lib/jvm/java-8-openjdk-amd64/lib/tools.jar -jar /home/user/evosuite/evosuite-1.2.0.jar -generateSuite -class org.jsoup.parser.TokenQueue -projectCP /home/user/evosuite/Test/Jsoup-53b/target/classes -base_dir /home/user/evosuite/results/project-Jsoup/Jsoup-53/round02/evosuite-work -seed 11 -Dalgorithm=NSGAII -Dsearch_budget=150 -Dtest_format=JUNIT4 -Dassertions=true

* EvoSuite 1.2.0
* Going to generate test cases for class: org.jsoup.parser.TokenQueue
* Starting Client-0
* Connecting to master process on port 8224
* Analyzing classpath: 
  - /home/user/evosuite/Test/Jsoup-53b/target/classes
* Finished analyzing classpath
* Generating tests for class org.jsoup.parser.TokenQueue
* Test criteria:
  - Line Coverage
  - Branch Coverage
  - Exception
  - Mutation testing (weak)
  - Method-Output Coverage
  - Top-Level Method Coverage
  - No-Exception Top-Level Method Coverage
  - Context Branch Coverage
* Setting up search algorithm for whole suite generation
* Total number of test goals: 
  - Line 130
  - Branch 119
  - Exception 0
  - MutationFactory 630
  - Output 68
  - Method 31
  - MethodNoException 31
  - CBranchFitnessFactory 119
* Using seed 11
* Starting evolution

[Progress:>                             0%] [Cov:>                                  0%]
[Progress:>                             0%] [Cov:>                                  0%]
[Progress:>                             0%] [Cov:==>                                6%]
[Progress:>                             0%] [Cov:===>                               10%]
[Progress:>                             0%] [Cov:====>                              13%]
[Progress:>                             0%] [Cov:========>                          23%]
[Progress:>                             0%] [Cov:==========>                        29%]
[Progress:>                             0%] [Cov:==========>                        31%]
[Progress:>                             0%] [Cov:============>                      36%]
[Progress:>                             0%] [Cov:==============>                    41%]
[Progress:>                             0%] [Cov:===============>                   43%]
[Progress:>                             0%] [Cov:=================>                 49%]
[Progress:>                             0%] [Cov:===================>               56%]
[Progress:>                             0%] [Cov:====================>              59%]
[Progress:>                             0%] [Cov:=====================>             61%]
[Progress:>                             0%] [Cov:======================>            64%]
[Progress:>                             1%] [Cov:==>                                7%]
[Progress:>                             1%] [Cov:===>                               9%]
[Progress:>                             1%] [Cov:====>                              13%]
[Progress:>                             1%] [Cov:=====>                             17%]
[Progress:>                             1%] [Cov:=========>                         26%]
[Progress:>                             1%] [Cov:==========>                        29%]
[Progress:>                             1%] [Cov:===========>                       34%]
[Progress:>                             1%] [Cov:==============>                    40%]
[Progress:>                             1%] [Cov:===============>                   45%]
[Progress:>                             1%] [Cov:================>                  46%]
[Progress:>                             1%] [Cov:===================>               55%]
[Progress:>                             1%] [Cov:======================>            65%]
[Progress:>                             1%] [Cov:=======================>           68%]
[Progress:>                             2%] [Cov:==>                                7%]
[Progress:>                             2%] [Cov:=====>                             16%]
[Progress:>                             2%] [Cov:=========>                         28%]
[Progress:>                             2%] [Cov:============>                      37%]
[Progress:>                             2%] [Cov:==============>                    41%]
[Progress:>                             2%] [Cov:=================>                 49%]
[Progress:>                             2%] [Cov:===================>               56%]
[Progress:>                             2%] [Cov:=====================>             60%]
[Progress:>                             2%] [Cov:======================>            65%]
[Progress:>                             2%] [Cov:=======================>           66%]
[Progress:>                             2%] [Cov:=======================>           67%]
[Progress:>                             2%] [Cov:=======================>           68%]
[Progress:>                             2%] [Cov:========================>          69%]
[Progress:>                             3%] [Cov:==================>                52%]
[Progress:>                             3%] [Cov:====================>              58%]
[Progress:>                             3%] [Cov:====================>              59%]
[Progress:>                             3%] [Cov:=====================>             60%]
[Progress:>                             3%] [Cov:=====================>             61%]
[Progress:>                             3%] [Cov:========================>          69%]
[Progress:=>                            4%] [Cov:=======================>           68%]
[Progress:=>                            4%] [Cov:========================>          69%]
[Progress:=>                            4%] [Cov:========================>          69%]
[Progress:=>                            4%] [Cov:========================>          70%]
[Progress:=>                            4%] [Cov:========================>          71%]
[Progress:=>                            4%] [Cov:=========================>         72%]
[Progress:=>                            5%] [Cov:=======================>           67%]
[Progress:=>                            5%] [Cov:=======================>           68%]
[Progress:=>                            5%] [Cov:========================>          69%]
[Progress:=>                            5%] [Cov:========================>          70%]
[Progress:=>                            5%] [Cov:========================>          71%]
[Progress:=>                            5%] [Cov:=========================>         72%]
[Progress:=>                            6%] [Cov:=======================>           68%]
[Progress:=>                            6%] [Cov:========================>          69%]
[Progress:=>                            6%] [Cov:========================>          70%]
[Progress:=>                            6%] [Cov:========================>          71%]
[Progress:=>                            6%] [Cov:=========================>         72%]
[Progress:=>                            6%] [Cov:=========================>         73%]
[Progress:=>                            6%] [Cov:==========================>        75%]
[Progress:=>                            6%] [Cov:=========================>         74%]
[Progress:==>                           7%] [Cov:=========================>         72%]
[Progress:==>                           7%] [Cov:=========================>         73%]
[Progress:==>                           7%] [Cov:=========================>         74%]
[Progress:==>                           7%] [Cov:==========================>        75%]
[Progress:==>                           7%] [Cov:==========================>        76%]
[Progress:==>                           8%] [Cov:========================>          71%]
[Progress:==>                           8%] [Cov:=========================>         74%]
[Progress:==>                           8%] [Cov:==========================>        75%]
[Progress:==>                           8%] [Cov:==========================>        76%]
[Progress:==>                           8%] [Cov:==========================>        76%]
[Progress:==>                           9%] [Cov:==========================>        75%]
[Progress:==>                           9%] [Cov:==========================>        76%]
[Progress:==>                           9%] [Cov:==========================>        76%]
[Progress:===>                          10%] [Cov:==========================>        75%]
[Progress:===>                          10%] [Cov:==========================>        76%]
[Progress:===>                          10%] [Cov:==========================>        77%]
[Progress:===>                          10%] [Cov:==========================>        76%]
[Progress:===>                          10%] [Cov:==========================>        77%]
[Progress:===>                          10%] [Cov:===========================>       78%]
[Progress:===>                          11%] [Cov:==========================>        76%]
[Progress:===>                          11%] [Cov:==========================>        75%]
[Progress:===>                          11%] [Cov:==========================>        76%]
[Progress:===>                          11%] [Cov:==========================>        77%]
[Progress:===>                          11%] [Cov:===========================>       78%]
[Progress:===>                          11%] [Cov:===========================>       79%]
[Progress:===>                          12%] [Cov:==========================>        76%]
[Progress:===>                          12%] [Cov:==========================>        77%]
[Progress:===>                          12%] [Cov:===========================>       78%]
[Progress:===>                          12%] [Cov:===========================>       79%]
[Progress:===>                          12%] [Cov:===========================>       78%]
[Progress:===>                          12%] [Cov:===========================>       79%]
[Progress:===>                          13%] [Cov:==========================>        77%]
[Progress:===>                          13%] [Cov:===========================>       78%]
[Progress:===>                          13%] [Cov:===========================>       79%]
[Progress:====>                         14%] [Cov:===========================>       79%]
[Progress:====>                         14%] [Cov:===========================>       78%]
[Progress:====>                         14%] [Cov:===========================>       79%]
[Progress:====>                         14%] [Cov:============================>      80%]
[Progress:====>                         14%] [Cov:============================>      81%]
[Progress:====>                         14%] [Cov:============================>      82%]
[Progress:====>                         15%] [Cov:============================>      80%]
[Progress:====>                         15%] [Cov:============================>      82%]
[Progress:====>                         16%] [Cov:==========================>        77%]
[Progress:====>                         16%] [Cov:===========================>       78%]
[Progress:====>                         16%] [Cov:===========================>       79%]
[Progress:====>                         16%] [Cov:============================>      82%]
[Progress:====>                         16%] [Cov:============================>      82%]
[Progress:=====>                        17%] [Cov:===========================>       78%]
[Progress:=====>                        17%] [Cov:============================>      80%]
[Progress:=====>                        17%] [Cov:============================>      82%]
[Progress:=====>                        18%] [Cov:============================>      81%]
[Progress:=====>                        18%] [Cov:============================>      82%]
[Progress:=====>                        18%] [Cov:============================>      82%]
[Progress:=====>                        19%] [Cov:===========================>       79%]
[Progress:=====>                        19%] [Cov:============================>      80%]
[Progress:=====>                        19%] [Cov:============================>      82%]
[Progress:=====>                        19%] [Cov:=============================>     83%]
[Progress:=====>                        19%] [Cov:============================>      82%]
[Progress:======>                       20%] [Cov:============================>      81%]
[Progress:======>                       20%] [Cov:============================>      82%]
[Progress:======>                       20%] [Cov:=============================>     83%]
[Progress:======>                       21%] [Cov:============================>      80%]
[Progress:======>                       21%] [Cov:============================>      81%]
[Progress:======>                       21%] [Cov:=============================>     83%]
[Progress:======>                       22%] [Cov:============================>      82%]
[Progress:======>                       22%] [Cov:=============================>     83%]
[Progress:======>                       22%] [Cov:=============================>     83%]
[Progress:======>                       23%] [Cov:============================>      80%]
[Progress:======>                       23%] [Cov:============================>      82%]
[Progress:======>                       23%] [Cov:=============================>     83%]
[Progress:======>                       23%] [Cov:============================>      82%]
[Progress:======>                       23%] [Cov:=============================>     83%]
[Progress:=======>                      24%] [Cov:============================>      82%]
[Progress:=======>                      24%] [Cov:=============================>     83%]
[Progress:=======>                      24%] [Cov:=============================>     83%]
[Progress:=======>                      24%] [Cov:=============================>     84%]
[Progress:=======>                      25%] [Cov:============================>      82%]
[Progress:=======>                      25%] [Cov:=============================>     83%]
[Progress:=======>                      25%] [Cov:=============================>     84%]
[Progress:=======>                      26%] [Cov:============================>      81%]
[Progress:=======>                      26%] [Cov:============================>      82%]
[Progress:=======>                      26%] [Cov:=============================>     83%]
[Progress:=======>                      26%] [Cov:=============================>     84%]
[Progress:=======>                      26%] [Cov:=============================>     84%]
[Progress:========>                     27%] [Cov:=============================>     83%]
[Progress:========>                     27%] [Cov:=============================>     84%]
[Progress:========>                     27%] [Cov:=============================>     84%]
[Progress:========>                     28%] [Cov:============================>      82%]
[Progress:========>                     28%] [Cov:=============================>     83%]
[Progress:========>                     28%] [Cov:=============================>     84%]
[Progress:========>                     28%] [Cov:=============================>     84%]
[Progress:========>                     29%] [Cov:=============================>     84%]
[Progress:=========>                    30%] [Cov:=============================>     83%]
[Progress:=========>                    30%] [Cov:=============================>     84%]
[Progress:=========>                    30%] [Cov:=============================>     84%]
[Progress:=========>                    30%] [Cov:=============================>     84%]
[Progress:=========>                    31%] [Cov:=============================>     84%]
[Progress:=========>                    32%] [Cov:=============================>     84%]
[Progress:=========>                    32%] [Cov:=============================>     84%]
[Progress:=========>                    32%] [Cov:=============================>     85%]
[Progress:=========>                    33%] [Cov:=============================>     84%]
[Progress:=========>                    33%] [Cov:=============================>     84%]
[Progress:=========>                    33%] [Cov:=============================>     85%]
[Progress:==========>                   34%] [Cov:=============================>     84%]
[Progress:==========>                   34%] [Cov:=============================>     85%]
[Progress:==========>                   34%] [Cov:=============================>     84%]
[Progress:==========>                   34%] [Cov:=============================>     85%]
[Progress:==========>                   35%] [Cov:===========================>       79%]
[Progress:==========>                   35%] [Cov:============================>      81%]
[Progress:==========>                   35%] [Cov:============================>      82%]
[Progress:==========>                   35%] [Cov:=============================>     84%]
[Progress:==========>                   35%] [Cov:=============================>     85%]
[Progress:==========>                   35%] [Cov:=============================>     84%]
[Progress:==========>                   35%] [Cov:=============================>     85%]
[Progress:==========>                   35%] [Cov:==============================>    86%]
[Progress:==========>                   36%] [Cov:=============================>     84%]
[Progress:==========>                   36%] [Cov:=============================>     85%]
[Progress:==========>                   36%] [Cov:=============================>     84%]
[Progress:==========>                   36%] [Cov:=============================>     85%]
[Progress:===========>                  37%] [Cov:===========================>       79%]
[Progress:===========>                  37%] [Cov:=============================>     84%]
[Progress:===========>                  37%] [Cov:=============================>     85%]
[Progress:===========>                  38%] [Cov:=============================>     84%]
[Progress:===========>                  38%] [Cov:=============================>     85%]
[Progress:===========>                  38%] [Cov:=============================>     84%]
[Progress:===========>                  38%] [Cov:=============================>     85%]
[Progress:===========>                  39%] [Cov:=============================>     85%]
[Progress:============>                 40%] [Cov:=============================>     85%]
[Progress:============>                 40%] [Cov:=============================>     85%]
[Progress:============>                 40%] [Cov:==============================>    86%]
[Progress:============>                 40%] [Cov:=============================>     85%]
[Progress:============>                 40%] [Cov:==============================>    86%]
[Progress:============>                 41%] [Cov:=============================>     85%]
[Progress:============>                 41%] [Cov:==============================>    86%]
[Progress:============>                 42%] [Cov:=============================>     85%]
[Progress:============>                 42%] [Cov:==============================>    86%]
[Progress:============>                 42%] [Cov:=============================>     85%]
[Progress:============>                 42%] [Cov:==============================>    86%]
[Progress:============>                 43%] [Cov:=============================>     85%]
[Progress:============>                 43%] [Cov:==============================>    86%]
[Progress:============>                 43%] [Cov:=============================>     85%]
[Progress:============>                 43%] [Cov:==============================>    86%]
[Progress:=============>                44%] [Cov:=============================>     85%]
[Progress:=============>                44%] [Cov:==============================>    86%]
[Progress:=============>                44%] [Cov:==============================>    86%]
[Progress:=============>                45%] [Cov:=============================>     85%]
[Progress:=============>                45%] [Cov:==============================>    86%]
[Progress:=============>                46%] [Cov:=============================>     85%]
[Progress:=============>                46%] [Cov:==============================>    86%]
[Progress:=============>                46%] [Cov:==============================>    86%]
[Progress:=============>                46%] [Cov:==============================>    87%]
[Progress:=============>                46%] [Cov:==============================>    86%]
[Progress:==============>               47%] [Cov:==============================>    86%]
[Progress:==============>               48%] [Cov:=============================>     85%]
[Progress:==============>               48%] [Cov:==============================>    86%]
[Progress:==============>               48%] [Cov:==============================>    87%]
[Progress:==============>               48%] [Cov:==============================>    86%]
[Progress:==============>               48%] [Cov:==============================>    87%]
[Progress:==============>               49%] [Cov:=============================>     85%]
[Progress:==============>               49%] [Cov:==============================>    86%]
[Progress:==============>               49%] [Cov:==============================>    87%]
[Progress:==============>               49%] [Cov:==============================>    86%]
[Progress:===============>              50%] [Cov:==============================>    86%]
[Progress:===============>              50%] [Cov:==============================>    87%]
[Progress:===============>              50%] [Cov:==============================>    86%]
[Progress:===============>              50%] [Cov:==============================>    87%]
[Progress:===============>              51%] [Cov:==============================>    86%]
[Progress:===============>              51%] [Cov:==============================>    87%]
[Progress:===============>              51%] [Cov:===============================>   89%]
[Progress:===============>              51%] [Cov:===============================>   90%]
[Progress:===============>              52%] [Cov:==============================>    86%]
[Progress:===============>              52%] [Cov:==============================>    87%]
[Progress:===============>              52%] [Cov:===============================>   90%]
[Progress:===============>              53%] [Cov:===============================>   90%]
[Progress:===============>              53%] [Cov:===============================>   90%]
[Progress:================>             54%] [Cov:==============================>    86%]
[Progress:================>             54%] [Cov:==============================>    87%]
[Progress:================>             54%] [Cov:===============================>   90%]
[Progress:================>             54%] [Cov:===============================>   90%]
[Progress:================>             55%] [Cov:==============================>    86%]
[Progress:================>             55%] [Cov:==============================>    87%]
[Progress:================>             55%] [Cov:==============================>    88%]
[Progress:================>             55%] [Cov:===============================>   90%]
[Progress:================>             56%] [Cov:===============================>   90%]
[Progress:================>             56%] [Cov:===============================>   90%]
[Progress:================>             56%] [Cov:===============================>   90%]
[Progress:================>             56%] [Cov:===============================>   91%]
[Progress:=================>            57%] [Cov:===============================>   90%]
[Progress:=================>            57%] [Cov:===============================>   91%]
[Progress:=================>            58%] [Cov:==============================>    87%]
[Progress:=================>            58%] [Cov:===============================>   90%]
[Progress:=================>            58%] [Cov:===============================>   91%]
[Progress:=================>            59%] [Cov:===============================>   90%]
[Progress:=================>            59%] [Cov:===============================>   91%]
[Progress:=================>            59%] [Cov:===============================>   91%]
[Progress:==================>           60%] [Cov:===============================>   89%]
[Progress:==================>           60%] [Cov:===============================>   90%]
[Progress:==================>           60%] [Cov:===============================>   91%]
[Progress:==================>           60%] [Cov:===============================>   91%]
[Progress:==================>           61%] [Cov:===============================>   90%]
[Progress:==================>           61%] [Cov:===============================>   91%]
[Progress:==================>           61%] [Cov:===============================>   91%]
[Progress:==================>           62%] [Cov:===============================>   90%]
[Progress:==================>           62%] [Cov:===============================>   91%]
[Progress:==================>           62%] [Cov:===============================>   91%]
[Progress:==================>           63%] [Cov:==============================>    87%]
[Progress:==================>           63%] [Cov:===============================>   90%]
[Progress:==================>           63%] [Cov:===============================>   91%]
[Progress:===================>          64%] [Cov:===============================>   90%]
[Progress:===================>          64%] [Cov:===============================>   91%]
[Progress:===================>          64%] [Cov:===============================>   91%]
[Progress:===================>          65%] [Cov:===============================>   90%]
[Progress:===================>          65%] [Cov:===============================>   91%]
[Progress:===================>          65%] [Cov:===============================>   91%]
[Progress:===================>          66%] [Cov:===============================>   91%]
[Progress:===================>          66%] [Cov:===============================>   91%]
[Progress:====================>         67%] [Cov:===============================>   91%]
[Progress:====================>         67%] [Cov:===============================>   91%]
[Progress:====================>         68%] [Cov:===============================>   90%]
[Progress:====================>         68%] [Cov:===============================>   91%]
[Progress:====================>         68%] [Cov:===============================>   91%]
[Progress:====================>         69%] [Cov:===============================>   90%]
[Progress:====================>         69%] [Cov:===============================>   91%]
[Progress:=====================>        70%] [Cov:===============================>   90%]
[Progress:=====================>        70%] [Cov:===============================>   91%]
[Progress:=====================>        70%] [Cov:===============================>   91%]
[Progress:=====================>        71%] [Cov:===============================>   91%]
[Progress:=====================>        71%] [Cov:===============================>   91%]
[Progress:=====================>        72%] [Cov:=============================>     83%]
[Progress:=====================>        72%] [Cov:===============================>   89%]
[Progress:=====================>        72%] [Cov:===============================>   91%]
[Progress:=====================>        72%] [Cov:===============================>   91%]
[Progress:=====================>        72%] [Cov:================================>  92%]
[Progress:=====================>        73%] [Cov:===============================>   91%]
[Progress:=====================>        73%] [Cov:================================>  92%]
[Progress:======================>       74%] [Cov:===============================>   91%]
[Progress:======================>       74%] [Cov:================================>  92%]
[Progress:======================>       74%] [Cov:================================>  92%]
[Progress:======================>       75%] [Cov:===============================>   91%]
[Progress:======================>       75%] [Cov:================================>  92%]
[Progress:======================>       76%] [Cov:===============================>   91%]
[Progress:======================>       76%] [Cov:================================>  92%]
[Progress:======================>       76%] [Cov:================================>  92%]
[Progress:=======================>      77%] [Cov:===============================>   91%]
[Progress:=======================>      77%] [Cov:================================>  92%]
[Progress:=======================>      77%] [Cov:================================>  92%]
[Progress:=======================>      78%] [Cov:===============================>   91%]
[Progress:=======================>      78%] [Cov:================================>  92%]
[Progress:=======================>      79%] [Cov:================================>  92%]
[Progress:=======================>      79%] [Cov:================================>  92%]
[Progress:========================>     80%] [Cov:================================>  92%]
[Progress:========================>     80%] [Cov:================================>  92%]
[Progress:========================>     81%] [Cov:================================>  92%]
[Progress:========================>     82%] [Cov:================================>  92%]
[Progress:========================>     82%] [Cov:================================>  92%]
[Progress:========================>     83%] [Cov:================================>  92%]
[Progress:=========================>    84%] [Cov:================================>  92%]
[Progress:=========================>    84%] [Cov:================================>  92%]
[Progress:=========================>    85%] [Cov:================================>  92%]
[Progress:=========================>    86%] [Cov:================================>  92%]
[Progress:=========================>    86%] [Cov:================================>  92%]
[Progress:==========================>   87%] [Cov:================================>  92%]
[Progress:==========================>   88%] [Cov:===============================>   91%]
[Progress:==========================>   88%] [Cov:================================>  92%]
[Progress:==========================>   88%] [Cov:================================>  92%]
[Progress:==========================>   89%] [Cov:===============================>   91%]
[Progress:==========================>   89%] [Cov:================================>  92%]
[Progress:===========================>  90%] [Cov:================================>  92%]
[Progress:===========================>  90%] [Cov:================================>  92%]
[Progress:===========================>  91%] [Cov:===============================>   91%]
[Progress:===========================>  91%] [Cov:================================>  92%]
[Progress:===========================>  92%] [Cov:===============================>   91%]
[Progress:===========================>  92%] [Cov:================================>  92%]
[Progress:===========================>  92%] [Cov:================================>  92%]
[Progress:===========================>  93%] [Cov:================================>  92%]
[Progress:===========================>  93%] [Cov:================================>  92%]
[Progress:============================> 94%] [Cov:================================>  92%]
[Progress:============================> 95%] [Cov:================================>  92%]
[Progress:============================> 95%] [Cov:================================>  92%]
[Progress:============================> 96%] [Cov:================================>  92%]
[Progress:=============================>97%] [Cov:================================>  92%]
[Progress:=============================>97%] [Cov:================================>  92%]
[Progress:=============================>97%] [Cov:================================>  93%]
[Progress:=============================>98%] [Cov:================================>  92%]
[Progress:=============================>99%] [Cov:===========================>       78%]
[Progress:=============================>99%] [Cov:===============================>   91%]
[Progress:=============================>99%] [Cov:================================>  92%]
[Progress:=============================>99%] [Cov:================================>  93%]
[Progress:=============================>99%] [Cov:================================>  92%]
[Progress:==============================100%] [Cov:================================>  92%]
[Progress:==============================100%] [Cov:================================>  93%]
[Progress:==============================100%] [Cov:================================>  93%]
[Progress:==============================100%] [Cov:================================>  92%]
* Search finished after 153s and 80 generations, 40578 statements, best individual has fitness: 80.29920281385814
* Minimizing test suite
* Going to analyze the coverage criteria
* Coverage analysis for criterion LINE
* Coverage of criterion LINE: 95%
* Total number of goals: 130
* Number of covered goals: 124
* Coverage analysis for criterion BRANCH
* Coverage of criterion BRANCH: 89%
* Total number of goals: 119
* Number of covered goals: 106
* Coverage analysis for criterion EXCEPTION
* Coverage of criterion EXCEPTION: 18%
* Total number of goals: 17
* Number of covered goals: 3
* Coverage analysis for criterion WEAKMUTATION
* Coverage of criterion WEAKMUTATION: 87%
* Total number of goals: 630
* Number of covered goals: 551
* Coverage analysis for criterion OUTPUT
* Coverage of criterion OUTPUT: 74%
* Total number of goals: 68
* Number of covered goals: 50
* Coverage analysis for criterion METHOD
* Coverage of criterion METHOD: 100%
* Total number of goals: 31
* Number of covered goals: 31
* Coverage analysis for criterion METHODNOEXCEPTION
* Coverage of criterion METHODNOEXCEPTION: 100%
* Total number of goals: 31
* Number of covered goals: 31
* Coverage analysis for criterion CBRANCH
* Coverage of criterion CBRANCH: 86%
* Total number of goals: 119
* Number of covered goals: 102
* Generated 51 tests with total length 164
* Resulting test suite's coverage: 93% (average coverage for all fitness functions)
* Generating assertions
* Resulting test suite's mutation score: 62%
* Compiling and checking tests
* Writing tests to file
* Writing JUnit test case 'TokenQueue_ESTest' to evosuite-tests
* Done!

* Computation finished

