CMD: /usr/lib/jvm/java-8-openjdk-amd64/bin/java -Dtools_jar_location=/usr/lib/jvm/java-8-openjdk-amd64/lib/tools.jar -jar /home/pizza/evosuite/evosuite-1.2.0.jar -generateSuite -class com.google.gson.internal.bind.TypeAdapters -projectCP /home/pizza/evosuite/Test/Gson-11b/target/classes -base_dir /home/pizza/evosuite/results/project-Gson/Gson-11/round02/evosuite-work -seed 11 -Dalgorithm=NSGAII -Dsearch_budget=150 -Dtest_format=JUNIT4 -Dassertions=true

* EvoSuite 1.2.0
* Going to generate test cases for class: com.google.gson.internal.bind.TypeAdapters
* Starting Client-0
* Connecting to master process on port 8224
* Analyzing classpath: 
  - /home/pizza/evosuite/Test/Gson-11b/target/classes
* Finished analyzing classpath
* Generating tests for class com.google.gson.internal.bind.TypeAdapters
* Test criteria:
  - Line Coverage
  - Branch Coverage
  - Exception
  - Mutation testing (weak)
  - Method-Output Coverage
  - Top-Level Method Coverage
  - No-Exception Top-Level Method Coverage
  - Context Branch Coverage
* Setting up search algorithm for whole suite generation
* Total number of test goals: 
  - Line 392
  - Branch 283
  - Exception 0
  - MutationFactory 467
  - Output 10
  - Method 7
  - MethodNoException 7
  - CBranchFitnessFactory 283

[Progress:>                             0%] [Cov:>                                  0%]* Using seed 11
* Starting evolution

[Progress:>                             0%] [Cov:>                                  0%]
[Progress:>                             1%] [Cov:>                                  0%]
[Progress:>                             1%] [Cov:>                                  1%]
[Progress:>                             1%] [Cov:====>                              14%]
[Progress:>                             1%] [Cov:=====>                             16%]
[Progress:>                             1%] [Cov:========>                          24%]
[Progress:>                             1%] [Cov:===========>                       32%]
[Progress:>                             1%] [Cov:===========>                       33%]
[Progress:>                             2%] [Cov:>                                  0%]
[Progress:>                             2%] [Cov:>                                  1%]
[Progress:>                             2%] [Cov:====>                              13%]
[Progress:>                             2%] [Cov:=====>                             16%]
[Progress:>                             2%] [Cov:========>                          24%]
[Progress:>                             2%] [Cov:===========>                       32%]
[Progress:>                             2%] [Cov:===========>                       33%]
[Progress:>                             2%] [Cov:============>                      37%]
[Progress:>                             2%] [Cov:=============>                     38%]
[Progress:=>                            6%] [Cov:>                                  0%]
[Progress:=>                            6%] [Cov:>                                  1%]
[Progress:=>                            6%] [Cov:====>                              13%]
[Progress:=>                            6%] [Cov:=====>                             16%]
[Progress:=>                            6%] [Cov:========>                          24%]
[Progress:=>                            6%] [Cov:===========>                       32%]
[Progress:=>                            6%] [Cov:===========>                       33%]
[Progress:=>                            6%] [Cov:============>                      37%]
[Progress:=>                            6%] [Cov:=============>                     38%]
[Progress:==>                           9%] [Cov:>                                  0%]
[Progress:==>                           9%] [Cov:>                                  1%]
[Progress:==>                           9%] [Cov:====>                              13%]
[Progress:==>                           9%] [Cov:=====>                             15%]
[Progress:==>                           9%] [Cov:=====>                             16%]
[Progress:==>                           9%] [Cov:======>                            19%]
[Progress:==>                           9%] [Cov:========>                          24%]
[Progress:==>                           9%] [Cov:===========>                       32%]
[Progress:==>                           9%] [Cov:===========>                       33%]
[Progress:===>                          12%] [Cov:>                                  0%]
[Progress:===>                          12%] [Cov:>                                  1%]
[Progress:===>                          12%] [Cov:====>                              13%]
[Progress:===>                          12%] [Cov:=====>                             16%]
[Progress:===>                          12%] [Cov:========>                          24%]
[Progress:===>                          12%] [Cov:==========>                        31%]
[Progress:===>                          12%] [Cov:===========>                       32%]
[Progress:===>                          12%] [Cov:===========>                       33%]
[Progress:===>                          12%] [Cov:=============>                     38%]
[Progress:===>                          13%] [Cov:>                                  0%]
[Progress:===>                          13%] [Cov:>                                  1%]
[Progress:===>                          13%] [Cov:====>                              13%]
[Progress:===>                          13%] [Cov:=====>                             16%]
[Progress:===>                          13%] [Cov:=======>                           22%]
[Progress:===>                          13%] [Cov:==========>                        30%]
[Progress:===>                          13%] [Cov:=============>                     38%]
[Progress:====>                         16%] [Cov:>                                  0%]
[Progress:====>                         16%] [Cov:>                                  1%]
[Progress:====>                         16%] [Cov:====>                              13%]
[Progress:====>                         16%] [Cov:=====>                             15%]
[Progress:====>                         16%] [Cov:=====>                             16%]
[Progress:====>                         16%] [Cov:======>                            19%]
[Progress:====>                         16%] [Cov:========>                          24%]
[Progress:====>                         16%] [Cov:=========>                         28%]
[Progress:====>                         16%] [Cov:==========>                        31%]
[Progress:====>                         16%] [Cov:===========>                       32%]
[Progress:====>                         16%] [Cov:===========>                       33%]
[Progress:====>                         16%] [Cov:============>                      37%]
[Progress:====>                         16%] [Cov:=============>                     38%]
[Progress:====>                         16%] [Cov:=============>                     39%]
[Progress:====>                         16%] [Cov:============>                      35%]
[Progress:====>                         16%] [Cov:============>                      36%]
[Progress:====>                         16%] [Cov:=============>                     38%]
[Progress:====>                         16%] [Cov:=============>                     39%]
[Progress:=====>                        17%] [Cov:===========>                       33%]
[Progress:=====>                        17%] [Cov:=============>                     39%]
[Progress:=====>                        17%] [Cov:============>                      35%]
[Progress:=====>                        17%] [Cov:=============>                     39%]
[Progress:=====>                        18%] [Cov:=============>                     38%]
[Progress:=====>                        18%] [Cov:=============>                     39%]
[Progress:=====>                        18%] [Cov:============>                      35%]
[Progress:=====>                        18%] [Cov:=============>                     39%]
[Progress:=====>                        18%] [Cov:============>                      35%]
[Progress:=====>                        18%] [Cov:=============>                     39%]
[Progress:=====>                        19%] [Cov:============>                      35%]
[Progress:=====>                        19%] [Cov:=============>                     39%]
[Progress:=====>                        19%] [Cov:============>                      35%]
[Progress:=====>                        19%] [Cov:=============>                     38%]
[Progress:=====>                        19%] [Cov:=============>                     39%]
[Progress:======>                       22%] [Cov:=============>                     38%]
[Progress:======>                       22%] [Cov:=============>                     39%]
[Progress:======>                       23%] [Cov:=============>                     39%]
[Progress:======>                       23%] [Cov:=============>                     39%]
[Progress:======>                       23%] [Cov:==============>                    40%]
[Progress:=======>                      24%] [Cov:=============>                     39%]
[Progress:=======>                      24%] [Cov:=============>                     39%]
[Progress:=======>                      24%] [Cov:==============>                    40%]
[Progress:=======>                      24%] [Cov:=============>                     39%]
[Progress:=======>                      24%] [Cov:==============>                    40%]
[Progress:=======>                      24%] [Cov:==============>                    40%]
[Progress:=======>                      25%] [Cov:=============>                     39%]
[Progress:=======>                      25%] [Cov:==============>                    40%]
[Progress:=======>                      25%] [Cov:==============>                    40%]
[Progress:=======>                      26%] [Cov:=============>                     39%]
[Progress:=======>                      26%] [Cov:==============>                    40%]
[Progress:=======>                      26%] [Cov:==============>                    41%]
[Progress:=======>                      26%] [Cov:==============>                    41%]
[Progress:=======>                      26%] [Cov:==============>                    41%]
[Progress:========>                     27%] [Cov:=============>                     39%]
[Progress:========>                     27%] [Cov:==============>                    40%]
[Progress:========>                     27%] [Cov:==============>                    41%]
[Progress:========>                     27%] [Cov:==============>                    41%]
[Progress:========>                     28%] [Cov:==============>                    40%]
[Progress:========>                     28%] [Cov:==============>                    41%]
[Progress:========>                     28%] [Cov:==============>                    41%]
[Progress:========>                     29%] [Cov:==============>                    40%]
[Progress:========>                     29%] [Cov:==============>                    41%]
[Progress:========>                     29%] [Cov:==============>                    41%]
[Progress:=========>                    30%] [Cov:==============>                    41%]
[Progress:=========>                    30%] [Cov:==============>                    41%]
[Progress:=========>                    30%] [Cov:==============>                    41%]
[Progress:=========>                    31%] [Cov:==============>                    41%]
[Progress:=========>                    31%] [Cov:==============>                    41%]
[Progress:=========>                    32%] [Cov:==============>                    41%]
[Progress:=========>                    32%] [Cov:==============>                    41%]
[Progress:=========>                    32%] [Cov:==============>                    42%]
[Progress:=========>                    32%] [Cov:==============>                    42%]
[Progress:=========>                    33%] [Cov:============>                      37%]
[Progress:=========>                    33%] [Cov:==============>                    41%]
[Progress:=========>                    33%] [Cov:==============>                    42%][MASTER] 14:52:51.620 [logback-1] WARN  TestCluster - Failed to check cache for com.google.gson.reflect.TypeToken<T> : Type points to itself

[Progress:=========>                    33%] [Cov:==============>                    42%]
[Progress:==========>                   34%] [Cov:==============>                    41%]
[Progress:==========>                   34%] [Cov:==============>                    42%]
[Progress:===========>                  37%] [Cov:==============>                    41%]
[Progress:===========>                  37%] [Cov:==============>                    42%]
[Progress:===========>                  38%] [Cov:==============>                    42%]
[Progress:===========>                  38%] [Cov:==============>                    42%]
[Progress:===========>                  38%] [Cov:==============>                    42%]
[Progress:===========>                  39%] [Cov:==============>                    42%]
[Progress:===========>                  39%] [Cov:==============>                    42%]
[Progress:============>                 40%] [Cov:==============>                    41%]
[Progress:============>                 40%] [Cov:==============>                    42%]
[Progress:============>                 40%] [Cov:==============>                    42%]
[Progress:============>                 41%] [Cov:==============>                    42%]
[Progress:============>                 41%] [Cov:==============>                    42%]
[Progress:============>                 42%] [Cov:==============>                    42%]
[Progress:============>                 42%] [Cov:==============>                    42%]
[Progress:============>                 42%] [Cov:==============>                    42%]
[Progress:============>                 43%] [Cov:==============>                    41%]
[Progress:============>                 43%] [Cov:==============>                    42%]
[Progress:=============>                44%] [Cov:==============>                    42%]
[Progress:=============>                44%] [Cov:==============>                    42%]
[Progress:==============>               47%] [Cov:==============>                    42%]
[Progress:==============>               48%] [Cov:==============>                    41%]
[Progress:==============>               48%] [Cov:==============>                    42%]
[Progress:==============>               48%] [Cov:===============>                   43%]
[Progress:==============>               48%] [Cov:===============>                   43%]
[Progress:==============>               48%] [Cov:===============>                   43%]
[Progress:==============>               49%] [Cov:==============>                    42%]
[Progress:==============>               49%] [Cov:===============>                   43%]
[Progress:===============>              50%] [Cov:==============>                    42%]
[Progress:===============>              50%] [Cov:===============>                   43%]
[Progress:===============>              50%] [Cov:===============>                   43%]
[Progress:===============>              51%] [Cov:===============>                   43%]
[Progress:===============>              51%] [Cov:===============>                   43%]
[Progress:===============>              52%] [Cov:==============>                    42%]
[Progress:===============>              52%] [Cov:===============>                   43%]
[Progress:===============>              52%] [Cov:===============>                   43%]
[Progress:===============>              53%] [Cov:===============>                   43%]
[Progress:===============>              53%] [Cov:===============>                   43%]
[Progress:================>             54%] [Cov:===============>                   43%]
[Progress:================>             54%] [Cov:===============>                   43%]
[Progress:================>             55%] [Cov:===============>                   43%]
[Progress:================>             56%] [Cov:===============>                   43%]
[Progress:================>             56%] [Cov:===============>                   43%]
[Progress:=================>            57%] [Cov:===============>                   43%]
[Progress:=================>            57%] [Cov:===============>                   43%]
[Progress:=================>            58%] [Cov:==============>                    41%]
[Progress:=================>            58%] [Cov:===============>                   43%]
[Progress:=================>            58%] [Cov:===============>                   43%]
[Progress:=================>            59%] [Cov:===============>                   43%]
[Progress:=================>            59%] [Cov:===============>                   43%]
[Progress:==================>           60%] [Cov:===============>                   43%]
[Progress:==================>           60%] [Cov:===============>                   43%]
[Progress:==================>           61%] [Cov:===============>                   43%]
[Progress:==================>           62%] [Cov:===============>                   43%]
[Progress:==================>           62%] [Cov:===============>                   43%]
[Progress:==================>           63%] [Cov:===============>                   43%]
[Progress:==================>           63%] [Cov:===============>                   43%]
[Progress:===================>          64%] [Cov:===============>                   43%]
[Progress:===================>          65%] [Cov:==============>                    42%]
[Progress:===================>          65%] [Cov:===============>                   43%]
[Progress:===================>          65%] [Cov:===============>                   43%]
[Progress:===================>          66%] [Cov:===============>                   43%]
[Progress:====================>         67%] [Cov:===============>                   43%]
[Progress:====================>         67%] [Cov:===============>                   43%]
[Progress:====================>         68%] [Cov:===============>                   43%]
[Progress:====================>         68%] [Cov:===============>                   43%]
[Progress:====================>         69%] [Cov:===============>                   43%]
[Progress:=====================>        70%] [Cov:===============>                   43%]
[Progress:=====================>        70%] [Cov:===============>                   43%]
[Progress:=====================>        71%] [Cov:===============>                   43%]
[Progress:=====================>        72%] [Cov:===============>                   43%]
[Progress:=====================>        72%] [Cov:===============>                   43%]
[Progress:=====================>        73%] [Cov:===============>                   43%]
[Progress:======================>       74%] [Cov:===============>                   43%]
[Progress:======================>       74%] [Cov:===============>                   43%]
[Progress:======================>       75%] [Cov:===============>                   43%]
[Progress:======================>       75%] [Cov:===============>                   43%]
[Progress:======================>       76%] [Cov:===============>                   43%]
[Progress:=======================>      77%] [Cov:===============>                   43%]
[Progress:=======================>      77%] [Cov:===============>                   43%]
[Progress:=======================>      78%] [Cov:===============>                   43%]
[Progress:=======================>      78%] [Cov:===============>                   43%]
[Progress:=======================>      79%] [Cov:===============>                   43%]
[Progress:========================>     80%] [Cov:===============>                   43%]
[Progress:========================>     80%] [Cov:===============>                   43%]
[Progress:========================>     81%] [Cov:===============>                   43%]
[Progress:========================>     82%] [Cov:===============>                   43%]
[Progress:========================>     82%] [Cov:===============>                   43%]
[Progress:========================>     83%] [Cov:===============>                   43%]
[Progress:========================>     83%] [Cov:===============>                   43%]
[Progress:=========================>    84%] [Cov:===============>                   43%]
[Progress:=========================>    84%] [Cov:===============>                   43%]
[Progress:=========================>    85%] [Cov:===============>                   43%]
[Progress:=========================>    86%] [Cov:===============>                   43%]
[Progress:=========================>    86%] [Cov:===============>                   43%]
[Progress:==========================>   87%] [Cov:===============>                   43%]
[Progress:==========================>   88%] [Cov:===============>                   43%]
[Progress:==========================>   88%] [Cov:===============>                   43%]
[Progress:==========================>   89%] [Cov:===============>                   43%]
[Progress:==========================>   89%] [Cov:===============>                   43%]
[Progress:===========================>  90%] [Cov:===============>                   43%]
[Progress:===========================>  91%] [Cov:==============>                    42%]
[Progress:===========================>  91%] [Cov:===============>                   43%]
[Progress:===========================>  91%] [Cov:===============>                   43%]
[Progress:===========================>  92%] [Cov:===============>                   43%]
[Progress:===========================>  92%] [Cov:===============>                   43%]
[Progress:===========================>  93%] [Cov:===============>                   43%]
[Progress:============================> 94%] [Cov:===============>                   43%]
[Progress:============================> 94%] [Cov:===============>                   43%]
[Progress:============================> 95%] [Cov:===============>                   43%]
[Progress:============================> 96%] [Cov:===============>                   43%]
[Progress:============================> 96%] [Cov:===============>                   43%]
[Progress:=============================>97%] [Cov:===============>                   43%]
[Progress:=============================>98%] [Cov:===============>                   43%]
[Progress:=============================>98%] [Cov:===============>                   43%]
[Progress:=============================>99%] [Cov:===============>                   43%]
[Progress:==============================100%] [Cov:===============>                   43%]
[Progress:==============================100%] [Cov:===============>                   43%]
[Progress:==============================100%] [Cov:===============>                   43%]
[Progress:==============================100%] [Cov:===============>                   43%]
* Search finished after 153s and 67 generations, 34219 statements, best individual has fitness: 1473.9969325153374
* Minimizing test suite
* Going to analyze the coverage criteria
* Coverage analysis for criterion LINE
* Coverage of criterion LINE: 17%
* Total number of goals: 392
* Number of covered goals: 67
* Coverage analysis for criterion BRANCH
* Coverage of criterion BRANCH: 17%
* Total number of goals: 283
* Number of covered goals: 49
* Coverage analysis for criterion EXCEPTION
* Coverage of criterion EXCEPTION: 100% (no goals)
* Coverage analysis for criterion WEAKMUTATION
* Coverage of criterion WEAKMUTATION: 39%
* Total number of goals: 467
* Number of covered goals: 184
* Coverage analysis for criterion OUTPUT
* Coverage of criterion OUTPUT: 50%
* Total number of goals: 10
* Number of covered goals: 5
* Coverage analysis for criterion METHOD
* Coverage of criterion METHOD: 71%
* Total number of goals: 7
* Number of covered goals: 5
* Coverage analysis for criterion METHODNOEXCEPTION
* Coverage of criterion METHODNOEXCEPTION: 71%
* Total number of goals: 7
* Number of covered goals: 5
* Coverage analysis for criterion CBRANCH
* Coverage of criterion CBRANCH: 17%
* Total number of goals: 283
* Number of covered goals: 49
* Generated 13 tests with total length 56
* Resulting test suite's coverage: 44% (average coverage for all fitness functions)
* Generating assertions
* Resulting test suite's mutation score: 8%
* Compiling and checking tests
* Permissions denied during test execution: 
  - java.lang.RuntimePermission: 
         writeFileDescriptor: 13
* Writing tests to file
* Writing JUnit test case 'TypeAdapters_ESTest' to evosuite-tests
* Done!

* Computation finished

