CMD: /usr/lib/jvm/java-8-openjdk-amd64/bin/java -Dtools_jar_location=/usr/lib/jvm/java-8-openjdk-amd64/lib/tools.jar -jar /home/pizza/TestRound2/evosuite-1.2.0.jar -generateSuite -class com.google.javascript.jscomp.UnreachableCodeElimination -projectCP /home/pizza/TestRound2/Test/Closure-85b/build/classes:/home/pizza/TestRound2/Test/Closure-85b/lib/ant-launcher.jar:/home/pizza/TestRound2/Test/Closure-85b/lib/ant.jar:/home/pizza/TestRound2/Test/Closure-85b/lib/args4j.jar:/home/pizza/TestRound2/Test/Closure-85b/lib/caja-r4314.jar:/home/pizza/TestRound2/Test/Closure-85b/lib/guava.jar:/home/pizza/TestRound2/Test/Closure-85b/lib/json.jar:/home/pizza/TestRound2/Test/Closure-85b/lib/jsr305.jar:/home/pizza/TestRound2/Test/Closure-85b/lib/junit.jar:/home/pizza/TestRound2/Test/Closure-85b/lib/libtrunk_rhino_parser_jarjared.jar:/home/pizza/TestRound2/Test/Closure-85b/lib/protobuf-java.jar -base_dir /home/pizza/TestRound2/results/project-Closure/Closure-85/round03/evosuite-work -seed 11 -Dalgorithm=NSGAII -Dsearch_budget=60 -Dtest_format=JUNIT4 -Dassertions=true

* EvoSuite 1.2.0
* Going to generate test cases for class: com.google.javascript.jscomp.UnreachableCodeElimination
* Starting Client-0
* Connecting to master process on port 8220
* Analyzing classpath: 
  - /home/pizza/TestRound2/Test/Closure-85b/build/classes
  - /home/pizza/TestRound2/Test/Closure-85b/lib/ant-launcher.jar
  - /home/pizza/TestRound2/Test/Closure-85b/lib/ant.jar
  - /home/pizza/TestRound2/Test/Closure-85b/lib/args4j.jar
  - /home/pizza/TestRound2/Test/Closure-85b/lib/caja-r4314.jar
  - /home/pizza/TestRound2/Test/Closure-85b/lib/guava.jar
  - /home/pizza/TestRound2/Test/Closure-85b/lib/json.jar
  - /home/pizza/TestRound2/Test/Closure-85b/lib/jsr305.jar
  - /home/pizza/TestRound2/Test/Closure-85b/lib/junit.jar
  - /home/pizza/TestRound2/Test/Closure-85b/lib/libtrunk_rhino_parser_jarjared.jar
  - /home/pizza/TestRound2/Test/Closure-85b/lib/protobuf-java.jar
* Finished analyzing classpath
* Generating tests for class com.google.javascript.jscomp.UnreachableCodeElimination
* Test criteria:
  - Line Coverage
  - Branch Coverage
  - Exception
  - Mutation testing (weak)
  - Method-Output Coverage
  - Top-Level Method Coverage
  - No-Exception Top-Level Method Coverage
  - Context Branch Coverage
* Setting up search algorithm for whole suite generation
* Total number of test goals: 
  - Line 76
  - Branch 71
  - Exception 0
  - MutationFactory 99
  - Output 0
  - Method 5
  - MethodNoException 5
  - CBranchFitnessFactory 71

[Progress:>                             0%] [Cov:>                                  0%]* Using seed 11
* Starting evolution

[Progress:>                             3%] [Cov:>                                  0%]
[Progress:=>                            5%] [Cov:>                                  1%]
[Progress:=>                            5%] [Cov:====>                              14%]
[Progress:=>                            5%] [Cov:========>                          24%]
[Progress:=>                            5%] [Cov:==========>                        29%]
[Progress:=>                            5%] [Cov:==========>                        31%]
[Progress:=>                            5%] [Cov:===========>                       34%]
[Progress:=>                            5%] [Cov:============>                      36%]
[Progress:=>                            5%] [Cov:============>                      37%]
[Progress:=>                            5%] [Cov:=============>                     39%][MASTER] 14:56:09.051 [logback-1] WARN  TestCluster - Failed to check cache for java.util.Comparator<T> : Type points to itself

[Progress:=>                            6%] [Cov:>                                  1%]
[Progress:=>                            6%] [Cov:>                                  2%]
[Progress:=>                            6%] [Cov:====>                              13%]
[Progress:=>                            6%] [Cov:=====>                             15%]
[Progress:=>                            6%] [Cov:========>                          23%]
[Progress:=>                            6%] [Cov:========>                          25%]
[Progress:=>                            6%] [Cov:===========>                       34%]
[Progress:=>                            6%] [Cov:=============>                     39%]
[Progress:==>                           8%] [Cov:>                                  1%]
[Progress:==>                           8%] [Cov:>                                  2%]
[Progress:==>                           8%] [Cov:====>                              13%]
[Progress:==>                           8%] [Cov:====>                              14%]
[Progress:==>                           8%] [Cov:========>                          23%]
[Progress:==>                           8%] [Cov:========>                          25%]
[Progress:==>                           8%] [Cov:===========>                       32%]
[Progress:==>                           8%] [Cov:============>                      36%]
[Progress:==>                           8%] [Cov:============>                      37%]
[Progress:==>                           8%] [Cov:=============>                     39%]
[Progress:==>                           8%] [Cov:=============>                     39%]
[Progress:==>                           8%] [Cov:==============>                    40%]
[Progress:==>                           8%] [Cov:==============>                    42%]
[Progress:===>                          10%] [Cov:==============>                    42%]
[Progress:===>                          10%] [Cov:===============>                   43%]
[Progress:===>                          10%] [Cov:===============>                   44%]
[Progress:===>                          10%] [Cov:===============>                   45%]
[Progress:===>                          10%] [Cov:===============>                   45%]
[Progress:===>                          10%] [Cov:===============>                   45%]
[Progress:===>                          10%] [Cov:===============>                   45%]
[Progress:===>                          11%] [Cov:==============>                    42%]
[Progress:===>                          11%] [Cov:===============>                   43%]
[Progress:===>                          11%] [Cov:===============>                   44%]
[Progress:===>                          11%] [Cov:===============>                   45%]
[Progress:===>                          11%] [Cov:===============>                   45%]
[Progress:======>                       20%] [Cov:===============>                   44%]
[Progress:======>                       20%] [Cov:===============>                   45%]
[Progress:======>                       20%] [Cov:===============>                   45%]
[Progress:======>                       20%] [Cov:===============>                   45%]
[Progress:======>                       21%] [Cov:==============>                    42%]
[Progress:======>                       21%] [Cov:===============>                   45%]
[Progress:======>                       21%] [Cov:===============>                   45%]
[Progress:======>                       21%] [Cov:===============>                   45%]
[Progress:======>                       21%] [Cov:===============>                   45%]
[Progress:======>                       21%] [Cov:===============>                   45%]
[Progress:======>                       23%] [Cov:===============>                   44%]
[Progress:======>                       23%] [Cov:===============>                   45%]
[Progress:======>                       23%] [Cov:================>                  46%]
[Progress:======>                       23%] [Cov:================>                  48%]
[Progress:======>                       23%] [Cov:================>                  48%]
[Progress:======>                       23%] [Cov:================>                  48%]
[Progress:======>                       23%] [Cov:================>                  48%]
[Progress:======>                       23%] [Cov:================>                  48%]
[Progress:=======>                      25%] [Cov:================>                  48%]
[Progress:=======>                      25%] [Cov:================>                  48%]
[Progress:=======>                      25%] [Cov:================>                  48%]
[Progress:=======>                      25%] [Cov:================>                  48%]
[Progress:=======>                      25%] [Cov:================>                  48%]
[Progress:=======>                      26%] [Cov:================>                  48%]
[Progress:=======>                      26%] [Cov:================>                  48%]
[Progress:=======>                      26%] [Cov:=================>                 49%]
[Progress:=======>                      26%] [Cov:=================>                 49%]
[Progress:=======>                      26%] [Cov:=================>                 49%]
[Progress:========>                     28%] [Cov:================>                  48%]
[Progress:========>                     28%] [Cov:=================>                 49%]
[Progress:========>                     28%] [Cov:=================>                 49%]
[Progress:========>                     28%] [Cov:================>                  48%]
[Progress:========>                     28%] [Cov:=================>                 49%]
[Progress:========>                     28%] [Cov:================>                  48%]
[Progress:========>                     28%] [Cov:=================>                 49%]
[Progress:=========>                    30%] [Cov:=================>                 49%]
[Progress:=========>                    30%] [Cov:=================>                 50%]
[Progress:=========>                    30%] [Cov:=================>                 50%]
[Progress:=========>                    30%] [Cov:=================>                 50%]
[Progress:=========>                    31%] [Cov:=================>                 49%]
[Progress:=========>                    31%] [Cov:=================>                 50%]
[Progress:=========>                    31%] [Cov:=================>                 50%]
[Progress:=========>                    31%] [Cov:=================>                 50%]
[Progress:=========>                    31%] [Cov:=================>                 50%]
[Progress:=========>                    33%] [Cov:=================>                 49%]
[Progress:=========>                    33%] [Cov:=================>                 50%]
[Progress:=========>                    33%] [Cov:=================>                 50%]
[Progress:=========>                    33%] [Cov:=================>                 49%]
[Progress:=========>                    33%] [Cov:=================>                 50%]
[Progress:=========>                    33%] [Cov:=================>                 50%]
[Progress:=========>                    33%] [Cov:=================>                 50%]
[Progress:==========>                   35%] [Cov:=================>                 50%]
[Progress:==========>                   35%] [Cov:=================>                 50%]
[Progress:==========>                   35%] [Cov:=================>                 49%]
[Progress:==========>                   35%] [Cov:=================>                 50%]
[Progress:==========>                   35%] [Cov:=================>                 50%]
[Progress:==========>                   36%] [Cov:=================>                 50%]
[Progress:==========>                   36%] [Cov:=================>                 50%]
[Progress:==========>                   36%] [Cov:=================>                 50%]
[Progress:=============>                45%] [Cov:=================>                 50%]
[Progress:=============>                45%] [Cov:=================>                 50%]
[Progress:=============>                45%] [Cov:=================>                 50%]
[Progress:=============>                46%] [Cov:=================>                 50%]
[Progress:=============>                46%] [Cov:=================>                 50%]
[Progress:=============>                46%] [Cov:=================>                 50%]
[Progress:=============>                46%] [Cov:=================>                 50%]
[Progress:==============>               48%] [Cov:=================>                 50%]
[Progress:==============>               48%] [Cov:=================>                 50%]
[Progress:==============>               48%] [Cov:=================>                 50%]
[Progress:==============>               48%] [Cov:==================>                52%]
[Progress:==============>               48%] [Cov:==================>                54%]
[Progress:==============>               48%] [Cov:===================>               57%]
[Progress:==============>               48%] [Cov:===================>               57%]
[Progress:===============>              50%] [Cov:=================>                 50%]
[Progress:===============>              50%] [Cov:===================>               57%]
[Progress:===============>              50%] [Cov:===================>               57%]
[Progress:===============>              50%] [Cov:===================>               57%]
[Progress:===============>              50%] [Cov:===================>               57%]
[Progress:===============>              51%] [Cov:=================>                 50%]
[Progress:===============>              51%] [Cov:===================>               57%]
[Progress:===============>              51%] [Cov:===================>               57%]
[Progress:===============>              51%] [Cov:===================>               57%]
[Progress:===============>              51%] [Cov:===================>               57%]
[Progress:===============>              51%] [Cov:===================>               57%]
[Progress:===============>              53%] [Cov:===================>               57%]
[Progress:===============>              53%] [Cov:===================>               57%]
[Progress:===============>              53%] [Cov:===================>               57%]
[Progress:===============>              53%] [Cov:===================>               57%]
[Progress:================>             55%] [Cov:===================>               57%]
[Progress:================>             55%] [Cov:===================>               57%]
[Progress:================>             55%] [Cov:===================>               57%]
[Progress:================>             55%] [Cov:===================>               57%]
[Progress:================>             55%] [Cov:===================>               57%]
[Progress:================>             56%] [Cov:===================>               57%]
[Progress:================>             56%] [Cov:===================>               57%]
[Progress:================>             56%] [Cov:===================>               57%]
[Progress:================>             56%] [Cov:===================>               57%]
[Progress:================>             56%] [Cov:====================>              58%]
[Progress:================>             56%] [Cov:=====================>             60%]
[Progress:================>             56%] [Cov:===================>               57%]
[Progress:=================>            58%] [Cov:==================>                54%]
[Progress:=================>            58%] [Cov:===================>               57%]
[Progress:=================>            58%] [Cov:====================>              58%]
[Progress:=================>            58%] [Cov:=====================>             60%]
[Progress:=================>            58%] [Cov:===================>               57%]
[Progress:=================>            58%] [Cov:====================>              58%]
[Progress:=================>            58%] [Cov:=====================>             60%]
[Progress:=================>            58%] [Cov:===================>               57%]
[Progress:=================>            58%] [Cov:===================>               57%]
[Progress:=================>            58%] [Cov:====================>              59%]
[Progress:==================>           60%] [Cov:===================>               57%]
[Progress:==================>           60%] [Cov:====================>              58%]
[Progress:==================>           60%] [Cov:=====================>             60%]
[Progress:==================>           60%] [Cov:===================>               57%]
[Progress:==================>           60%] [Cov:===================>               57%]
[Progress:==================>           60%] [Cov:====================>              58%]
[Progress:==================>           60%] [Cov:=====================>             60%]
[Progress:==================>           60%] [Cov:===================>               57%]
[Progress:==================>           60%] [Cov:====================>              59%]
[Progress:==================>           60%] [Cov:=====================>             60%]
[Progress:==================>           60%] [Cov:===================>               57%]
[Progress:==================>           60%] [Cov:====================>              58%]
[Progress:==================>           60%] [Cov:=====================>             60%]
[Progress:==================>           61%] [Cov:===================>               57%]
[Progress:==================>           61%] [Cov:=====================>             60%]
[Progress:==================>           61%] [Cov:=====================>             62%]
[Progress:==================>           61%] [Cov:======================>            63%]
[Progress:==================>           61%] [Cov:======================>            64%]
[Progress:==================>           61%] [Cov:======================>            64%]
[Progress:==================>           61%] [Cov:======================>            64%]
[Progress:==================>           61%] [Cov:======================>            64%]
[Progress:==================>           63%] [Cov:===================>               57%]
[Progress:==================>           63%] [Cov:======================>            64%]
[Progress:==================>           63%] [Cov:======================>            64%]
[Progress:==================>           63%] [Cov:======================>            64%]
[Progress:==================>           63%] [Cov:======================>            64%]
[Progress:==================>           63%] [Cov:======================>            64%]
[Progress:===================>          65%] [Cov:======================>            64%]
[Progress:===================>          65%] [Cov:======================>            64%]
[Progress:===================>          65%] [Cov:======================>            64%]
[Progress:===================>          65%] [Cov:======================>            64%]
[Progress:===================>          66%] [Cov:======================>            64%]
[Progress:===================>          66%] [Cov:======================>            64%]
[Progress:===================>          66%] [Cov:======================>            64%]
[Progress:===================>          66%] [Cov:======================>            64%]
[Progress:====================>         68%] [Cov:======================>            64%]
[Progress:====================>         68%] [Cov:=====================>             62%]
[Progress:====================>         68%] [Cov:======================>            64%]
[Progress:====================>         68%] [Cov:=====================>             62%]
[Progress:====================>         68%] [Cov:======================>            64%]
[Progress:=====================>        70%] [Cov:======================>            64%]
[Progress:=====================>        70%] [Cov:======================>            64%]
[Progress:=====================>        70%] [Cov:======================>            64%]
[Progress:=====================>        70%] [Cov:=====================>             62%]
[Progress:=====================>        70%] [Cov:======================>            64%]
[Progress:=====================>        70%] [Cov:======================>            64%]
[Progress:=====================>        71%] [Cov:======================>            64%]
[Progress:=====================>        71%] [Cov:======================>            64%]
[Progress:=====================>        73%] [Cov:======================>            64%]
[Progress:=====================>        73%] [Cov:=====================>             62%]
[Progress:=====================>        73%] [Cov:======================>            64%]
[Progress:=====================>        73%] [Cov:======================>            64%]
[Progress:=====================>        73%] [Cov:======================>            64%]
[Progress:======================>       75%] [Cov:======================>            64%]
[Progress:======================>       75%] [Cov:=====================>             62%]
[Progress:======================>       75%] [Cov:======================>            64%]
[Progress:======================>       75%] [Cov:=====================>             62%]
[Progress:======================>       75%] [Cov:======================>            64%]
[Progress:======================>       75%] [Cov:=====================>             62%]
[Progress:======================>       75%] [Cov:======================>            64%]
[Progress:======================>       76%] [Cov:======================>            64%]
[Progress:======================>       76%] [Cov:=====================>             62%]
[Progress:======================>       76%] [Cov:======================>            64%]
[Progress:======================>       76%] [Cov:=====================>             62%]
[Progress:======================>       76%] [Cov:======================>            64%]
[Progress:======================>       76%] [Cov:=====================>             62%]
[Progress:======================>       76%] [Cov:======================>            64%]
[Progress:=======================>      78%] [Cov:======================>            64%]
[Progress:=======================>      78%] [Cov:=====================>             62%]
[Progress:=======================>      78%] [Cov:======================>            64%]
[Progress:=======================>      78%] [Cov:=====================>             62%]
[Progress:=======================>      78%] [Cov:======================>            64%]
[Progress:========================>     80%] [Cov:======================>            64%]
[Progress:========================>     80%] [Cov:=====================>             62%]
[Progress:========================>     80%] [Cov:======================>            64%]
[Progress:========================>     80%] [Cov:=====================>             62%]
[Progress:========================>     80%] [Cov:======================>            64%]
[Progress:========================>     80%] [Cov:=====================>             62%]
[Progress:========================>     80%] [Cov:======================>            64%]
[Progress:========================>     81%] [Cov:======================>            64%]
[Progress:========================>     81%] [Cov:=====================>             62%]
[Progress:========================>     81%] [Cov:======================>            64%]
[Progress:========================>     81%] [Cov:=====================>             62%]
[Progress:========================>     81%] [Cov:======================>            64%]
[Progress:========================>     83%] [Cov:======================>            64%]
[Progress:========================>     83%] [Cov:=====================>             62%]
[Progress:========================>     83%] [Cov:======================>            64%]
[Progress:========================>     83%] [Cov:=====================>             62%]
[Progress:========================>     83%] [Cov:======================>            64%]
[Progress:========================>     83%] [Cov:======================>            64%]
[Progress:=========================>    85%] [Cov:======================>            64%]
[Progress:=========================>    85%] [Cov:======================>            64%]
[Progress:=========================>    85%] [Cov:======================>            64%]
[Progress:=========================>    85%] [Cov:======================>            64%]
[Progress:=========================>    86%] [Cov:======================>            64%]
[Progress:=========================>    86%] [Cov:======================>            64%]
[Progress:=========================>    86%] [Cov:======================>            64%]
[Progress:==========================>   88%] [Cov:======================>            64%]
[Progress:==========================>   88%] [Cov:======================>            64%]
[Progress:==========================>   88%] [Cov:======================>            64%]
[Progress:==========================>   88%] [Cov:======================>            64%]
[Progress:===========================>  90%] [Cov:======================>            64%]
[Progress:===========================>  90%] [Cov:======================>            64%]
[Progress:===========================>  90%] [Cov:======================>            64%]
[Progress:===========================>  90%] [Cov:======================>            64%]
[Progress:===========================>  91%] [Cov:======================>            64%]
[Progress:===========================>  91%] [Cov:======================>            64%]
[Progress:===========================>  91%] [Cov:======================>            64%]
[Progress:===========================>  93%] [Cov:======================>            64%]
[Progress:===========================>  93%] [Cov:======================>            64%]
[Progress:===========================>  93%] [Cov:======================>            64%]
[Progress:===========================>  93%] [Cov:======================>            64%]
[Progress:============================> 95%] [Cov:======================>            64%]
[Progress:============================> 95%] [Cov:======================>            64%]
[Progress:============================> 95%] [Cov:======================>            64%]
[Progress:============================> 95%] [Cov:======================>            64%]
[Progress:============================> 96%] [Cov:======================>            64%]
[Progress:============================> 96%] [Cov:======================>            64%]
[Progress:============================> 96%] [Cov:======================>            64%]
[Progress:=============================>98%] [Cov:======================>            63%]
[Progress:=============================>98%] [Cov:======================>            64%]
[Progress:=============================>98%] [Cov:======================>            64%]
[Progress:=============================>98%] [Cov:======================>            64%]
[Progress:==============================100%] [Cov:=====================>             62%]
[Progress:==============================100%] [Cov:======================>            64%]
[Progress:==============================100%] [Cov:======================>            64%]
[Progress:==============================100%] [Cov:======================>            64%]
[Progress:==============================100%] [Cov:======================>            64%]
[Progress:==============================100%] [Cov:======================>            64%]
* Search finished after 61s and 140 generations, 40836 statements, best individual has fitness: 222.0170772959702
* Minimizing test suite
* Going to analyze the coverage criteria
* Coverage analysis for criterion LINE
* Coverage of criterion LINE: 61%
* Total number of goals: 76
* Number of covered goals: 46
* Coverage analysis for criterion BRANCH
* Coverage of criterion BRANCH: 44%
* Total number of goals: 71
* Number of covered goals: 31
* Coverage analysis for criterion EXCEPTION
* Coverage of criterion EXCEPTION: 50%
* Total number of goals: 6
* Number of covered goals: 3
* Coverage analysis for criterion WEAKMUTATION
* Coverage of criterion WEAKMUTATION: 58%
* Total number of goals: 99
* Number of covered goals: 57
* Coverage analysis for criterion OUTPUT
* Coverage of criterion OUTPUT: 100% (no goals)
* Coverage analysis for criterion METHOD
* Coverage of criterion METHOD: 100%
* Total number of goals: 5
* Number of covered goals: 5
* Coverage analysis for criterion METHODNOEXCEPTION
* Coverage of criterion METHODNOEXCEPTION: 60%
* Total number of goals: 5
* Number of covered goals: 3
* Coverage analysis for criterion CBRANCH
* Coverage of criterion CBRANCH: 44%
* Total number of goals: 71
* Number of covered goals: 31
* Generated 9 tests with total length 51
* Resulting test suite's coverage: 65% (average coverage for all fitness functions)
* Generating assertions
* Resulting test suite's mutation score: 28%
* Compiling and checking tests
* Permissions denied during test execution: 
  - java.lang.RuntimePermission: 
         writeFileDescriptor: 2
* Writing tests to file
* Writing JUnit test case 'UnreachableCodeElimination_ESTest' to evosuite-tests
* Done!

* Computation finished

