CMD: /usr/lib/jvm/java-8-openjdk-amd64/bin/java -Dtools_jar_location=/usr/lib/jvm/java-8-openjdk-amd64/lib/tools.jar -jar /home/user/TestRound2/evosuite-1.2.0.jar -generateSuite -class org.joda.time.format.DateTimeFormatter -projectCP /home/user/TestRound2/Test/Time-7b/target/classes:/home/user/defects4j/framework/projects/Time/lib/org/joda/joda-convert/1.2/joda-convert-1.2.jar -base_dir /home/user/TestRound2/results/project-Time/Time-7/round03/evosuite-work -seed 11 -Dalgorithm=NSGAII -Dsearch_budget=60 -Dtest_format=JUNIT4 -Dassertions=true

* EvoSuite 1.2.0
* Going to generate test cases for class: org.joda.time.format.DateTimeFormatter
* Starting Client-0
* Connecting to master process on port 8220
* Analyzing classpath: 
  - /home/user/TestRound2/Test/Time-7b/target/classes
  - /home/user/defects4j/framework/projects/Time/lib/org/joda/joda-convert/1.2/joda-convert-1.2.jar
* Finished analyzing classpath
* Generating tests for class org.joda.time.format.DateTimeFormatter
* Test criteria:
  - Line Coverage
  - Branch Coverage
  - Exception
  - Mutation testing (weak)
  - Method-Output Coverage
  - Top-Level Method Coverage
  - No-Exception Top-Level Method Coverage
  - Context Branch Coverage
* Setting up search algorithm for whole suite generation
* Total number of test goals: 
  - Line 208
  - Branch 113
  - Exception 0
  - MutationFactory 325
  - Output 147
  - Method 39
  - MethodNoException 39
  - CBranchFitnessFactory 113

[Progress:>                             0%] [Cov:>                                  0%]* Using seed 11
* Starting evolution

[Progress:>                             0%] [Cov:>                                  0%]
[Progress:>                             1%] [Cov:=>                                 3%]
[Progress:>                             1%] [Cov:=>                                 5%]
[Progress:>                             1%] [Cov:=====>                             17%]
[Progress:>                             1%] [Cov:======>                            18%]
[Progress:>                             1%] [Cov:=======>                           20%]
[Progress:>                             1%] [Cov:=======>                           22%]
[Progress:>                             1%] [Cov:========>                          25%]
[Progress:>                             1%] [Cov:=========>                         26%]
[Progress:>                             1%] [Cov:=========>                         27%]
[Progress:>                             1%] [Cov:=========>                         28%]
[Progress:>                             1%] [Cov:==========>                        29%]
[Progress:>                             1%] [Cov:===========>                       33%]
[Progress:>                             1%] [Cov:===========>                       34%]
[Progress:>                             3%] [Cov:>                                  1%]
[Progress:>                             3%] [Cov:=>                                 4%]
[Progress:>                             3%] [Cov:=====>                             17%]
[Progress:>                             3%] [Cov:======>                            19%]
[Progress:>                             3%] [Cov:=======>                           20%]
[Progress:>                             3%] [Cov:=======>                           22%]
[Progress:>                             3%] [Cov:========>                          23%]
[Progress:>                             3%] [Cov:========>                          24%]
[Progress:>                             3%] [Cov:=========>                         26%]
[Progress:=>                            5%] [Cov:======>                            18%]
[Progress:=>                            5%] [Cov:=======>                           20%]
[Progress:=>                            5%] [Cov:========>                          23%]
[Progress:=>                            5%] [Cov:========>                          25%]
[Progress:=>                            5%] [Cov:=========>                         26%]
[Progress:=>                            5%] [Cov:=========>                         27%]
[Progress:=>                            5%] [Cov:=========>                         28%]
[Progress:=>                            5%] [Cov:==========>                        29%]
[Progress:=>                            5%] [Cov:===========>                       33%]
[Progress:=>                            5%] [Cov:============>                      36%]
[Progress:=>                            5%] [Cov:=============>                     38%]
[Progress:=>                            6%] [Cov:=>                                 3%]
[Progress:=>                            6%] [Cov:=>                                 5%]
[Progress:=>                            6%] [Cov:=====>                             17%]
[Progress:=>                            6%] [Cov:=======>                           20%]
[Progress:=>                            6%] [Cov:=======>                           22%]
[Progress:=>                            6%] [Cov:========>                          25%]
[Progress:=>                            6%] [Cov:=========>                         28%]
[Progress:=>                            6%] [Cov:=============>                     38%]
[Progress:=>                            6%] [Cov:=============>                     38%]
[Progress:==>                           8%] [Cov:===========>                       32%]
[Progress:==>                           8%] [Cov:===========>                       33%]
[Progress:==>                           8%] [Cov:===========>                       34%]
[Progress:==>                           8%] [Cov:============>                      35%]
[Progress:==>                           8%] [Cov:============>                      36%]
[Progress:==>                           8%] [Cov:============>                      37%]
[Progress:==>                           8%] [Cov:=============>                     38%]
[Progress:==>                           8%] [Cov:=============>                     39%]
[Progress:===>                          10%] [Cov:=========>                         28%]
[Progress:===>                          10%] [Cov:==========>                        29%]
[Progress:===>                          10%] [Cov:==========>                        31%]
[Progress:===>                          10%] [Cov:===========>                       33%]
[Progress:===>                          10%] [Cov:===========>                       34%]
[Progress:===>                          10%] [Cov:============>                      37%]
[Progress:===>                          10%] [Cov:=============>                     39%]
[Progress:===>                          10%] [Cov:=============>                     39%]
[Progress:===>                          11%] [Cov:=============>                     39%]
[Progress:===>                          11%] [Cov:==============>                    40%]
[Progress:===>                          11%] [Cov:==============>                    41%]
[Progress:===>                          11%] [Cov:==============>                    42%]
[Progress:===>                          11%] [Cov:===============>                   43%]
[Progress:===>                          11%] [Cov:===============>                   44%]
[Progress:===>                          11%] [Cov:===============>                   44%]
[Progress:===>                          13%] [Cov:==============>                    40%]
[Progress:===>                          13%] [Cov:==============>                    41%]
[Progress:===>                          13%] [Cov:==============>                    42%]
[Progress:===>                          13%] [Cov:===============>                   44%]
[Progress:===>                          13%] [Cov:===============>                   43%]
[Progress:===>                          13%] [Cov:===============>                   44%]
[Progress:===>                          13%] [Cov:===============>                   45%]
[Progress:===>                          13%] [Cov:================>                  46%]
[Progress:===>                          13%] [Cov:================>                  47%]
[Progress:====>                         15%] [Cov:=============>                     38%]
[Progress:====>                         15%] [Cov:==============>                    41%]
[Progress:====>                         15%] [Cov:===============>                   43%]
[Progress:====>                         15%] [Cov:===============>                   44%]
[Progress:====>                         15%] [Cov:===============>                   45%]
[Progress:====>                         15%] [Cov:================>                  46%]
[Progress:====>                         15%] [Cov:================>                  47%]
[Progress:====>                         16%] [Cov:==============>                    42%]
[Progress:====>                         16%] [Cov:===============>                   44%]
[Progress:====>                         16%] [Cov:===============>                   45%]
[Progress:====>                         16%] [Cov:================>                  46%]
[Progress:====>                         16%] [Cov:================>                  47%]
[Progress:=====>                        18%] [Cov:===============>                   43%]
[Progress:=====>                        18%] [Cov:================>                  46%]
[Progress:=====>                        18%] [Cov:================>                  47%]
[Progress:=====>                        18%] [Cov:================>                  48%]
[Progress:======>                       20%] [Cov:================>                  47%]
[Progress:======>                       20%] [Cov:================>                  47%]
[Progress:======>                       20%] [Cov:================>                  48%]
[Progress:======>                       21%] [Cov:================>                  46%]
[Progress:======>                       21%] [Cov:================>                  47%]
[Progress:======>                       21%] [Cov:================>                  48%]
[Progress:======>                       21%] [Cov:=================>                 49%]
[Progress:======>                       21%] [Cov:=================>                 50%]
[Progress:======>                       21%] [Cov:=================>                 51%]
[Progress:======>                       21%] [Cov:=================>                 51%]
[Progress:======>                       23%] [Cov:================>                  47%]
[Progress:======>                       23%] [Cov:================>                  48%]
[Progress:======>                       23%] [Cov:=================>                 49%]
[Progress:======>                       23%] [Cov:=================>                 50%]
[Progress:======>                       23%] [Cov:==================>                52%]
[Progress:======>                       23%] [Cov:==================>                53%]
[Progress:======>                       23%] [Cov:==================>                54%]
[Progress:======>                       23%] [Cov:==================>                54%]
[Progress:======>                       23%] [Cov:===================>               56%]
[Progress:=======>                      25%] [Cov:================>                  47%]
[Progress:=======>                      25%] [Cov:================>                  48%]
[Progress:=======>                      25%] [Cov:=================>                 49%]
[Progress:=======>                      25%] [Cov:=================>                 50%]
[Progress:=======>                      25%] [Cov:==================>                52%]
[Progress:=======>                      25%] [Cov:===================>               56%]
[Progress:=======>                      25%] [Cov:===================>               57%]
[Progress:=======>                      26%] [Cov:================>                  47%]
[Progress:=======>                      26%] [Cov:================>                  48%]
[Progress:=======>                      26%] [Cov:===================>               56%]
[Progress:=======>                      26%] [Cov:==================>                54%]
[Progress:=======>                      26%] [Cov:===================>               55%]
[Progress:=======>                      26%] [Cov:===================>               56%]
[Progress:========>                     28%] [Cov:=================>                 49%]
[Progress:========>                     28%] [Cov:===================>               55%]
[Progress:========>                     28%] [Cov:===================>               56%]
[Progress:========>                     28%] [Cov:====================>              58%]
[Progress:========>                     28%] [Cov:====================>              58%]
[Progress:=========>                    30%] [Cov:=================>                 49%]
[Progress:=========>                    30%] [Cov:==================>                53%]
[Progress:=========>                    30%] [Cov:==================>                54%]
[Progress:=========>                    30%] [Cov:===================>               55%]
[Progress:=========>                    30%] [Cov:===================>               56%]
[Progress:=========>                    30%] [Cov:===================>               57%]
[Progress:=========>                    30%] [Cov:====================>              58%]
[Progress:=========>                    31%] [Cov:====================>              58%]
[Progress:=========>                    33%] [Cov:===================>               55%]
[Progress:=========>                    33%] [Cov:====================>              58%]
[Progress:==========>                   35%] [Cov:==================>                54%]
[Progress:==========>                   35%] [Cov:===================>               55%]
[Progress:==========>                   35%] [Cov:===================>               56%]
[Progress:==========>                   35%] [Cov:===================>               57%]
[Progress:==========>                   35%] [Cov:====================>              58%]
[Progress:==========>                   35%] [Cov:====================>              59%]
[Progress:==========>                   36%] [Cov:===================>               55%]
[Progress:==========>                   36%] [Cov:===================>               56%]
[Progress:==========>                   36%] [Cov:===================>               57%]
[Progress:==========>                   36%] [Cov:====================>              58%]
[Progress:==========>                   36%] [Cov:====================>              58%]
[Progress:==========>                   36%] [Cov:====================>              59%]
[Progress:==========>                   36%] [Cov:=====================>             60%]
[Progress:===========>                  38%] [Cov:===================>               56%]
[Progress:===========>                  38%] [Cov:====================>              58%]
[Progress:===========>                  38%] [Cov:====================>              59%]
[Progress:===========>                  38%] [Cov:====================>              58%]
[Progress:===========>                  38%] [Cov:====================>              59%]
[Progress:===========>                  38%] [Cov:=====================>             60%]
[Progress:============>                 40%] [Cov:=================>                 51%]
[Progress:============>                 40%] [Cov:===================>               55%]
[Progress:============>                 40%] [Cov:===================>               57%]
[Progress:============>                 40%] [Cov:====================>              58%]
[Progress:============>                 40%] [Cov:====================>              59%]
[Progress:============>                 40%] [Cov:=====================>             60%]
[Progress:============>                 40%] [Cov:====================>              59%]
[Progress:============>                 40%] [Cov:=====================>             60%]
[Progress:============>                 41%] [Cov:====================>              59%]
[Progress:============>                 41%] [Cov:=====================>             60%]
[Progress:============>                 41%] [Cov:====================>              59%]
[Progress:============>                 41%] [Cov:=====================>             60%]
[Progress:============>                 41%] [Cov:=====================>             61%]
[Progress:============>                 43%] [Cov:====================>              59%]
[Progress:============>                 43%] [Cov:=====================>             60%]
[Progress:=============>                45%] [Cov:===================>               57%]
[Progress:=============>                45%] [Cov:====================>              59%]
[Progress:=============>                45%] [Cov:=====================>             60%]
[Progress:=============>                45%] [Cov:=====================>             61%]
[Progress:=============>                45%] [Cov:=====================>             61%]
[Progress:=============>                46%] [Cov:===================>               57%]
[Progress:=============>                46%] [Cov:=====================>             60%]
[Progress:=============>                46%] [Cov:=====================>             61%]
[Progress:=============>                46%] [Cov:=====================>             61%]
[Progress:=============>                46%] [Cov:=====================>             62%]
[Progress:=============>                46%] [Cov:======================>            63%]
[Progress:==============>               48%] [Cov:====================>              59%]
[Progress:==============>               48%] [Cov:=====================>             60%]
[Progress:==============>               48%] [Cov:=====================>             61%]
[Progress:==============>               48%] [Cov:=====================>             62%]
[Progress:==============>               48%] [Cov:=====================>             61%]
[Progress:==============>               48%] [Cov:=====================>             62%]
[Progress:==============>               48%] [Cov:======================>            63%]
[Progress:===============>              50%] [Cov:=====================>             61%]
[Progress:===============>              50%] [Cov:=====================>             62%]
[Progress:===============>              50%] [Cov:=====================>             62%]
[Progress:===============>              51%] [Cov:=====================>             61%]
[Progress:===============>              51%] [Cov:=====================>             62%]
[Progress:===============>              53%] [Cov:=====================>             61%]
[Progress:===============>              53%] [Cov:=====================>             61%]
[Progress:===============>              53%] [Cov:=====================>             62%]
[Progress:===============>              53%] [Cov:======================>            63%]
[Progress:================>             55%] [Cov:=====================>             61%]
[Progress:================>             55%] [Cov:=====================>             62%]
[Progress:================>             55%] [Cov:=====================>             61%]
[Progress:================>             56%] [Cov:=====================>             61%]
[Progress:================>             56%] [Cov:=====================>             62%]
[Progress:================>             56%] [Cov:======================>            63%]
[Progress:=================>            58%] [Cov:=====================>             61%]
[Progress:=================>            58%] [Cov:=====================>             62%]
[Progress:=================>            58%] [Cov:======================>            63%]
[Progress:=================>            58%] [Cov:=====================>             62%]
[Progress:=================>            58%] [Cov:======================>            63%]
[Progress:==================>           60%] [Cov:=====================>             61%]
[Progress:==================>           60%] [Cov:=====================>             62%]
[Progress:==================>           60%] [Cov:======================>            63%]
[Progress:==================>           61%] [Cov:======================>            63%]
[Progress:==================>           61%] [Cov:=====================>             62%]
[Progress:==================>           61%] [Cov:======================>            63%]
[Progress:==================>           63%] [Cov:=====================>             62%]
[Progress:==================>           63%] [Cov:======================>            63%]
[Progress:==================>           63%] [Cov:=====================>             62%]
[Progress:==================>           63%] [Cov:======================>            63%]
[Progress:==================>           63%] [Cov:======================>            64%]
[Progress:===================>          65%] [Cov:=====================>             62%]
[Progress:===================>          65%] [Cov:======================>            63%]
[Progress:===================>          65%] [Cov:======================>            64%]
[Progress:===================>          65%] [Cov:======================>            65%]
[Progress:===================>          66%] [Cov:=====================>             62%]
[Progress:===================>          66%] [Cov:======================>            63%]
[Progress:===================>          66%] [Cov:=====================>             62%]
[Progress:===================>          66%] [Cov:======================>            64%]
[Progress:====================>         68%] [Cov:=====================>             62%]
[Progress:====================>         68%] [Cov:======================>            63%]
[Progress:====================>         68%] [Cov:======================>            63%]
[Progress:====================>         68%] [Cov:======================>            64%]
[Progress:=====================>        70%] [Cov:====================>              58%]
[Progress:=====================>        70%] [Cov:=====================>             62%]
[Progress:=====================>        70%] [Cov:======================>            63%]
[Progress:=====================>        70%] [Cov:======================>            64%]
[Progress:=====================>        70%] [Cov:======================>            63%]
[Progress:=====================>        70%] [Cov:======================>            64%]
[Progress:=====================>        70%] [Cov:======================>            65%]
[Progress:=====================>        71%] [Cov:=====================>             62%]
[Progress:=====================>        71%] [Cov:======================>            63%]
[Progress:=====================>        71%] [Cov:======================>            64%]
[Progress:=====================>        71%] [Cov:======================>            65%]
[Progress:=====================>        71%] [Cov:=====================>             61%]
[Progress:=====================>        71%] [Cov:======================>            63%]
[Progress:=====================>        73%] [Cov:=====================>             62%]
[Progress:=====================>        73%] [Cov:======================>            63%]
[Progress:=====================>        73%] [Cov:======================>            64%]
[Progress:=====================>        73%] [Cov:======================>            65%]
[Progress:======================>       75%] [Cov:=====================>             62%]
[Progress:======================>       75%] [Cov:======================>            63%]
[Progress:======================>       75%] [Cov:======================>            64%]
[Progress:======================>       75%] [Cov:======================>            65%]
[Progress:======================>       75%] [Cov:======================>            63%]
[Progress:======================>       75%] [Cov:======================>            64%]
[Progress:======================>       75%] [Cov:======================>            65%]
[Progress:======================>       76%] [Cov:=====================>             62%]
[Progress:======================>       76%] [Cov:======================>            63%]
[Progress:======================>       76%] [Cov:======================>            64%]
[Progress:======================>       76%] [Cov:======================>            65%]
[Progress:======================>       76%] [Cov:======================>            63%]
[Progress:======================>       76%] [Cov:======================>            65%]
[Progress:=======================>      78%] [Cov:======================>            63%]
[Progress:=======================>      78%] [Cov:======================>            64%]
[Progress:=======================>      78%] [Cov:======================>            65%]
[Progress:========================>     80%] [Cov:======================>            63%]
[Progress:========================>     80%] [Cov:======================>            65%]
[Progress:========================>     80%] [Cov:======================>            63%]
[Progress:========================>     80%] [Cov:======================>            64%]
[Progress:========================>     80%] [Cov:======================>            65%]
[Progress:========================>     81%] [Cov:=====================>             62%]
[Progress:========================>     81%] [Cov:======================>            63%]
[Progress:========================>     81%] [Cov:======================>            64%]
[Progress:========================>     81%] [Cov:======================>            65%]
[Progress:========================>     81%] [Cov:======================>            63%]
[Progress:========================>     81%] [Cov:======================>            64%]
[Progress:========================>     83%] [Cov:=====================>             62%]
[Progress:========================>     83%] [Cov:======================>            63%]
[Progress:========================>     83%] [Cov:======================>            64%]
[Progress:========================>     83%] [Cov:======================>            65%]
[Progress:========================>     83%] [Cov:=======================>           66%]
[Progress:=========================>    85%] [Cov:=====================>             61%]
[Progress:=========================>    85%] [Cov:=====================>             62%]
[Progress:=========================>    85%] [Cov:======================>            64%]
[Progress:=========================>    85%] [Cov:======================>            65%]
[Progress:=========================>    85%] [Cov:======================>            64%]
[Progress:=========================>    85%] [Cov:======================>            65%]
[Progress:=========================>    86%] [Cov:=====================>             60%]
[Progress:=========================>    86%] [Cov:======================>            64%]
[Progress:=========================>    86%] [Cov:======================>            65%]
[Progress:=========================>    86%] [Cov:======================>            65%]
[Progress:==========================>   88%] [Cov:======================>            64%]
[Progress:==========================>   88%] [Cov:======================>            65%]
[Progress:===========================>  90%] [Cov:======================>            64%]
[Progress:===========================>  90%] [Cov:======================>            65%]
[Progress:===========================>  90%] [Cov:======================>            65%]
[Progress:===========================>  90%] [Cov:=======================>           66%]
[Progress:===========================>  90%] [Cov:=======================>           67%]
[Progress:===========================>  91%] [Cov:======================>            64%]
[Progress:===========================>  91%] [Cov:======================>            65%]
[Progress:===========================>  91%] [Cov:======================>            65%]
[Progress:===========================>  91%] [Cov:=======================>           66%]
[Progress:===========================>  93%] [Cov:======================>            65%]
[Progress:===========================>  93%] [Cov:=======================>           66%]
[Progress:===========================>  93%] [Cov:=======================>           67%]
[Progress:============================> 95%] [Cov:======================>            65%]
[Progress:============================> 95%] [Cov:=======================>           66%]
[Progress:============================> 96%] [Cov:======================>            64%]
[Progress:============================> 96%] [Cov:======================>            65%]
[Progress:============================> 96%] [Cov:=======================>           66%]
[Progress:============================> 96%] [Cov:=======================>           67%]
[Progress:============================> 96%] [Cov:======================>            65%]
[Progress:============================> 96%] [Cov:=======================>           66%]
[Progress:=============================>98%] [Cov:======================>            65%]
[Progress:=============================>98%] [Cov:=======================>           66%]
[Progress:=============================>98%] [Cov:=======================>           67%]
[Progress:=============================>98%] [Cov:=======================>           68%]
[Progress:==============================100%] [Cov:======================>            65%]
[Progress:==============================100%] [Cov:======================>            65%]
[Progress:==============================100%] [Cov:=======================>           67%]
[Progress:==============================100%] [Cov:======================>            65%]
[Progress:==============================100%] [Cov:=======================>           66%]
[Progress:==============================100%] [Cov:=======================>           67%]
[Progress:==============================100%] [Cov:======================>            65%]
* Search finished after 62s and 46 generations, 23130 statements, best individual has fitness: 401.27110655737704
* Minimizing test suite
* Going to analyze the coverage criteria
* Coverage analysis for criterion LINE
* Coverage of criterion LINE: 71%
* Total number of goals: 208
* Number of covered goals: 148
* Coverage analysis for criterion BRANCH
* Coverage of criterion BRANCH: 60%
* Total number of goals: 113
* Number of covered goals: 68
* Coverage analysis for criterion EXCEPTION
* Coverage of criterion EXCEPTION: 14%
* Total number of goals: 35
* Number of covered goals: 5
* Coverage analysis for criterion WEAKMUTATION
* Coverage of criterion WEAKMUTATION: 65%
* Total number of goals: 325
* Number of covered goals: 211
* Coverage analysis for criterion OUTPUT
* Coverage of criterion OUTPUT: 44%
* Total number of goals: 147
* Number of covered goals: 64
* Coverage analysis for criterion METHOD
* Coverage of criterion METHOD: 77%
* Total number of goals: 39
* Number of covered goals: 30
* Coverage analysis for criterion METHODNOEXCEPTION
* Coverage of criterion METHODNOEXCEPTION: 72%
* Total number of goals: 39
* Number of covered goals: 28
* Coverage analysis for criterion CBRANCH
* Coverage of criterion CBRANCH: 58%
* Total number of goals: 113
* Number of covered goals: 65
* Generated 44 tests with total length 200
* Resulting test suite's coverage: 66% (average coverage for all fitness functions)
* Generating assertions
* Resulting test suite's mutation score: 33%
* Compiling and checking tests
* Permissions denied during test execution: 
  - java.lang.RuntimePermission: 
         writeFileDescriptor: 1
* Writing tests to file
* Writing JUnit test case 'DateTimeFormatter_ESTest' to evosuite-tests
* Done!

* Computation finished

