CMD: /usr/lib/jvm/java-8-openjdk-amd64/bin/java -Dtools_jar_location=/usr/lib/jvm/java-8-openjdk-amd64/lib/tools.jar -jar /home/pizza/evosuite/evosuite-1.2.0.jar -generateSuite -class org.apache.commons.lang.time.DurationFormatUtils -projectCP /home/pizza/evosuite/Test/Lang-63b/target/classes -base_dir /home/pizza/evosuite/results/project-Lang/Lang-63/round02/evosuite-work -seed 11 -Dalgorithm=NSGAII -Dsearch_budget=150 -Dtest_format=JUNIT4 -Dassertions=true

* EvoSuite 1.2.0
* Going to generate test cases for class: org.apache.commons.lang.time.DurationFormatUtils
* Starting Client-0
* Connecting to master process on port 8220
* Analyzing classpath: 
  - /home/pizza/evosuite/Test/Lang-63b/target/classes
* Finished analyzing classpath
* Generating tests for class org.apache.commons.lang.time.DurationFormatUtils
* Test criteria:
  - Line Coverage
  - Branch Coverage
  - Exception
  - Mutation testing (weak)
  - Method-Output Coverage
  - Top-Level Method Coverage
  - No-Exception Top-Level Method Coverage
  - Context Branch Coverage
* Setting up search algorithm for whole suite generation
* Total number of test goals: 
  - Line 245
  - Branch 157
  - Exception 0
  - MutationFactory 719
  - Output 33
  - Method 20
  - MethodNoException 20
  - CBranchFitnessFactory 157

[Progress:>                             0%] [Cov:>                                  0%]* Using seed 11
* Starting evolution
[MASTER] 22:23:19.863 [logback-1] WARN  TestCluster - Failed to check cache for java.util.List<E> : Type points to itself

[Progress:>                             0%] [Cov:>                                  0%]
[Progress:>                             0%] [Cov:==>                                7%]
[Progress:>                             0%] [Cov:=====>                             15%]
[Progress:>                             0%] [Cov:=========>                         28%]
[Progress:>                             0%] [Cov:=============>                     38%]
[Progress:>                             0%] [Cov:==============>                    41%]
[Progress:>                             0%] [Cov:=================>                 51%]
[Progress:>                             0%] [Cov:=====================>             60%]
[Progress:>                             0%] [Cov:======================>            65%]
[Progress:>                             1%] [Cov:==>                                7%]
[Progress:>                             1%] [Cov:=====>                             16%]
[Progress:>                             1%] [Cov:=========>                         28%]
[Progress:>                             1%] [Cov:==============>                    40%]
[Progress:>                             1%] [Cov:===============>                   44%]
[Progress:>                             1%] [Cov:==================>                53%]
[Progress:>                             1%] [Cov:=====================>             62%]
[Progress:>                             1%] [Cov:=======================>           68%]
[Progress:>                             2%] [Cov:=>                                 5%]
[Progress:>                             2%] [Cov:==>                                7%]
[Progress:>                             2%] [Cov:===>                               11%]
[Progress:>                             2%] [Cov:=====>                             15%]
[Progress:>                             2%] [Cov:========>                          24%]
[Progress:>                             2%] [Cov:=========>                         28%]
[Progress:>                             2%] [Cov:===========>                       32%]
[Progress:>                             2%] [Cov:=============>                     38%]
[Progress:>                             2%] [Cov:==============>                    41%]
[Progress:>                             2%] [Cov:=================>                 50%]
[Progress:>                             2%] [Cov:===================>               57%]
[Progress:>                             2%] [Cov:======================>            63%]
[Progress:>                             2%] [Cov:=======================>           66%]
[Progress:>                             2%] [Cov:========================>          70%]
[Progress:>                             2%] [Cov:========================>          70%]
[Progress:>                             3%] [Cov:=======================>           66%]
[Progress:>                             3%] [Cov:=======================>           67%]
[Progress:>                             3%] [Cov:=======================>           68%]
[Progress:>                             3%] [Cov:========================>          69%]
[Progress:=>                            4%] [Cov:======================>            63%]
[Progress:=>                            4%] [Cov:======================>            64%]
[Progress:=>                            4%] [Cov:=======================>           66%]
[Progress:=>                            4%] [Cov:========================>          70%]
[Progress:=>                            4%] [Cov:=========================>         72%]
[Progress:=>                            5%] [Cov:=======================>           66%]
[Progress:=>                            5%] [Cov:=======================>           67%]
[Progress:=>                            5%] [Cov:=======================>           68%]
[Progress:=>                            5%] [Cov:========================>          69%]
[Progress:=>                            5%] [Cov:=========================>         72%]
[Progress:=>                            6%] [Cov:=======================>           66%]
[Progress:=>                            6%] [Cov:=======================>           67%]
[Progress:=>                            6%] [Cov:=======================>           68%]
[Progress:=>                            6%] [Cov:=========================>         72%]
[Progress:=>                            6%] [Cov:=========================>         72%]
[Progress:=>                            6%] [Cov:=========================>         73%]
[Progress:=>                            6%] [Cov:=========================>         74%]
[Progress:==>                           7%] [Cov:=======================>           68%]
[Progress:==>                           7%] [Cov:========================>          69%]
[Progress:==>                           7%] [Cov:========================>          70%]
[Progress:==>                           7%] [Cov:========================>          71%]
[Progress:==>                           7%] [Cov:=========================>         72%]
[Progress:==>                           7%] [Cov:=========================>         73%]
[Progress:==>                           7%] [Cov:=========================>         74%]
[Progress:==>                           7%] [Cov:=========================>         74%]
[Progress:==>                           8%] [Cov:========================>          69%]
[Progress:==>                           8%] [Cov:========================>          70%]
[Progress:==>                           8%] [Cov:=========================>         72%]
[Progress:==>                           8%] [Cov:=========================>         74%]
[Progress:==>                           8%] [Cov:==========================>        75%]
[Progress:==>                           9%] [Cov:========================>          69%]
[Progress:==>                           9%] [Cov:=========================>         73%]
[Progress:==>                           9%] [Cov:==========================>        75%]
[Progress:===>                          10%] [Cov:========================>          70%]
[Progress:===>                          10%] [Cov:========================>          71%]
[Progress:===>                          10%] [Cov:=========================>         72%]
[Progress:===>                          10%] [Cov:=========================>         73%]
[Progress:===>                          10%] [Cov:==========================>        75%]
[Progress:===>                          10%] [Cov:=========================>         74%]
[Progress:===>                          10%] [Cov:==========================>        75%]
[Progress:===>                          10%] [Cov:==========================>        76%]
[Progress:===>                          11%] [Cov:=========================>         72%]
[Progress:===>                          11%] [Cov:=========================>         74%]
[Progress:===>                          11%] [Cov:==========================>        75%]
[Progress:===>                          12%] [Cov:=========================>         73%]
[Progress:===>                          12%] [Cov:=========================>         74%]
[Progress:===>                          12%] [Cov:=========================>         74%]
[Progress:===>                          12%] [Cov:==========================>        75%]
[Progress:===>                          12%] [Cov:==========================>        76%]
[Progress:===>                          13%] [Cov:=========================>         72%]
[Progress:===>                          13%] [Cov:=========================>         74%]
[Progress:===>                          13%] [Cov:==========================>        75%]
[Progress:===>                          13%] [Cov:==========================>        76%]
[Progress:===>                          13%] [Cov:==========================>        76%]
[Progress:====>                         14%] [Cov:==========================>        75%]
[Progress:====>                         14%] [Cov:==========================>        76%]
[Progress:====>                         15%] [Cov:=========================>         73%]
[Progress:====>                         15%] [Cov:==========================>        76%]
[Progress:====>                         15%] [Cov:==========================>        76%]
[Progress:====>                         16%] [Cov:=========================>         72%]
[Progress:====>                         16%] [Cov:=========================>         74%]
[Progress:====>                         16%] [Cov:==========================>        76%]
[Progress:====>                         16%] [Cov:==========================>        77%]
[Progress:====>                         16%] [Cov:==========================>        77%]
[Progress:=====>                        17%] [Cov:==========================>        76%]
[Progress:=====>                        17%] [Cov:==========================>        77%]
[Progress:=====>                        18%] [Cov:=========================>         74%]
[Progress:=====>                        18%] [Cov:==========================>        75%]
[Progress:=====>                        18%] [Cov:==========================>        76%]
[Progress:=====>                        18%] [Cov:==========================>        77%]
[Progress:=====>                        18%] [Cov:==========================>        77%]
[Progress:=====>                        19%] [Cov:==========================>        75%]
[Progress:=====>                        19%] [Cov:==========================>        76%]
[Progress:======>                       20%] [Cov:==========================>        76%]
[Progress:======>                       20%] [Cov:==========================>        77%]
[Progress:======>                       20%] [Cov:==========================>        76%]
[Progress:======>                       20%] [Cov:==========================>        77%]
[Progress:======>                       21%] [Cov:==========================>        76%]
[Progress:======>                       21%] [Cov:==========================>        77%]
[Progress:======>                       22%] [Cov:=========================>         74%]
[Progress:======>                       22%] [Cov:==========================>        76%]
[Progress:======>                       22%] [Cov:==========================>        77%]
[Progress:======>                       22%] [Cov:==========================>        76%]
[Progress:======>                       22%] [Cov:==========================>        77%]
[Progress:======>                       23%] [Cov:==========================>        76%]
[Progress:======>                       23%] [Cov:==========================>        77%]
[Progress:=======>                      24%] [Cov:==========================>        75%]
[Progress:=======>                      24%] [Cov:==========================>        77%]
[Progress:=======>                      24%] [Cov:==========================>        76%]
[Progress:=======>                      24%] [Cov:==========================>        77%]
[Progress:=======>                      25%] [Cov:==========================>        75%]
[Progress:=======>                      25%] [Cov:==========================>        76%]
[Progress:=======>                      25%] [Cov:==========================>        77%]
[Progress:=======>                      26%] [Cov:==========================>        76%]
[Progress:=======>                      26%] [Cov:==========================>        77%]
[Progress:=======>                      26%] [Cov:==========================>        76%]
[Progress:=======>                      26%] [Cov:==========================>        77%]
[Progress:========>                     27%] [Cov:=========================>         74%]
[Progress:========>                     27%] [Cov:==========================>        75%]
[Progress:========>                     27%] [Cov:==========================>        77%]
[Progress:========>                     28%] [Cov:==========================>        76%]
[Progress:========>                     28%] [Cov:==========================>        77%]
[Progress:========>                     28%] [Cov:==========================>        76%]
[Progress:========>                     28%] [Cov:==========================>        77%]
[Progress:========>                     29%] [Cov:==========================>        76%]
[Progress:========>                     29%] [Cov:==========================>        77%]
[Progress:=========>                    30%] [Cov:=========================>         74%]
[Progress:=========>                    30%] [Cov:==========================>        75%]
[Progress:=========>                    30%] [Cov:==========================>        76%]
[Progress:=========>                    30%] [Cov:==========================>        77%]
[Progress:=========>                    30%] [Cov:==========================>        76%]
[Progress:=========>                    30%] [Cov:==========================>        77%]
[Progress:=========>                    31%] [Cov:==========================>        77%]
[Progress:=========>                    32%] [Cov:===========>                       32%]
[Progress:=========>                    32%] [Cov:==========================>        76%]
[Progress:=========>                    32%] [Cov:==========================>        77%]
[Progress:=========>                    32%] [Cov:==========================>        76%]
[Progress:=========>                    32%] [Cov:==========================>        77%]
[Progress:=========>                    33%] [Cov:==========================>        75%]
[Progress:=========>                    33%] [Cov:==========================>        76%]
[Progress:=========>                    33%] [Cov:==========================>        77%]
[Progress:==========>                   34%] [Cov:==========================>        77%]
[Progress:==========>                   34%] [Cov:==========================>        76%]
[Progress:==========>                   34%] [Cov:==========================>        77%]
[Progress:==========>                   35%] [Cov:==========================>        77%]
[Progress:==========>                   35%] [Cov:==========================>        76%]
[Progress:==========>                   35%] [Cov:==========================>        77%]
[Progress:==========>                   36%] [Cov:=========================>         73%]
[Progress:==========>                   36%] [Cov:==========================>        76%]
[Progress:==========>                   36%] [Cov:==========================>        77%]
[Progress:===========>                  37%] [Cov:==========================>        76%]
[Progress:===========>                  37%] [Cov:==========================>        77%]
[Progress:===========>                  37%] [Cov:==========================>        76%]
[Progress:===========>                  37%] [Cov:==========================>        77%]
[Progress:===========>                  38%] [Cov:=======================>           68%]
[Progress:===========>                  38%] [Cov:==========================>        75%]
[Progress:===========>                  38%] [Cov:==========================>        77%]
[Progress:===========>                  39%] [Cov:==========================>        76%]
[Progress:===========>                  39%] [Cov:==========================>        77%]
[Progress:===========>                  39%] [Cov:===========================>       78%]
[Progress:===========>                  39%] [Cov:==========================>        77%]
[Progress:============>                 40%] [Cov:==========================>        77%]
[Progress:============>                 40%] [Cov:===========================>       78%]
[Progress:============>                 41%] [Cov:==========================>        77%]
[Progress:============>                 41%] [Cov:===========================>       78%]
[Progress:============>                 42%] [Cov:==========================>        77%]
[Progress:============>                 42%] [Cov:===========================>       78%]
[Progress:============>                 43%] [Cov:==========================>        75%]
[Progress:============>                 43%] [Cov:==========================>        76%]
[Progress:============>                 43%] [Cov:===========================>       78%]
[Progress:=============>                44%] [Cov:==========================>        76%]
[Progress:=============>                44%] [Cov:==========================>        77%]
[Progress:=============>                44%] [Cov:===========================>       78%]
[Progress:=============>                45%] [Cov:==========================>        77%]
[Progress:=============>                45%] [Cov:===========================>       78%]
[Progress:=============>                45%] [Cov:==========================>        77%]
[Progress:=============>                45%] [Cov:===========================>       78%]
[Progress:=============>                46%] [Cov:==========================>        77%]
[Progress:=============>                46%] [Cov:===========================>       78%]
[Progress:==============>               47%] [Cov:=========================>         74%]
[Progress:==============>               47%] [Cov:===========================>       78%]
[Progress:==============>               47%] [Cov:==========================>        77%]
[Progress:==============>               48%] [Cov:==========================>        77%]
[Progress:==============>               48%] [Cov:===========================>       78%]
[Progress:==============>               49%] [Cov:==========================>        77%]
[Progress:==============>               49%] [Cov:===========================>       78%]
[Progress:===============>              50%] [Cov:===========================>       78%]
[Progress:===============>              50%] [Cov:==========================>        77%]
[Progress:===============>              50%] [Cov:===========================>       78%]
[Progress:===============>              51%] [Cov:==========================>        76%]
[Progress:===============>              51%] [Cov:===========================>       78%]
[Progress:===============>              52%] [Cov:==========================>        77%]
[Progress:===============>              52%] [Cov:===========================>       78%]
[Progress:===============>              52%] [Cov:==========================>        77%]
[Progress:===============>              52%] [Cov:===========================>       78%]
[Progress:===============>              53%] [Cov:==========================>        77%]
[Progress:===============>              53%] [Cov:===========================>       78%]
[Progress:================>             54%] [Cov:==========================>        77%]
[Progress:================>             54%] [Cov:===========================>       78%]
[Progress:================>             54%] [Cov:==========================>        77%]
[Progress:================>             54%] [Cov:===========================>       78%]
[Progress:================>             55%] [Cov:===========================>       78%]
[Progress:================>             56%] [Cov:===========================>       78%]
[Progress:================>             56%] [Cov:==========================>        77%]
[Progress:=================>            57%] [Cov:==========================>        76%]
[Progress:=================>            57%] [Cov:===========================>       78%]
[Progress:=================>            57%] [Cov:===========================>       79%]
[Progress:=================>            58%] [Cov:==========================>        76%]
[Progress:=================>            58%] [Cov:===========================>       78%]
[Progress:=================>            59%] [Cov:==========================>        76%]
[Progress:=================>            59%] [Cov:===========================>       78%]
[Progress:=================>            59%] [Cov:==========================>        76%]
[Progress:=================>            59%] [Cov:==========================>        77%]
[Progress:=================>            59%] [Cov:===========================>       78%]
[Progress:==================>           60%] [Cov:==========================>        76%]
[Progress:==================>           60%] [Cov:===========================>       78%]
[Progress:==================>           61%] [Cov:==========================>        76%]
[Progress:==================>           61%] [Cov:==========================>        77%]
[Progress:==================>           61%] [Cov:===========================>       78%]
[Progress:==================>           62%] [Cov:==========================>        77%]
[Progress:==================>           62%] [Cov:===========================>       78%]
[Progress:==================>           62%] [Cov:==========================>        77%]
[Progress:==================>           62%] [Cov:===========================>       78%]
[Progress:==================>           62%] [Cov:===========================>       79%]
[Progress:==================>           62%] [Cov:============================>      80%]
[Progress:==================>           62%] [Cov:============================>      81%]
[Progress:==================>           63%] [Cov:===========================>       78%]
[Progress:===================>          64%] [Cov:===========================>       78%]
[Progress:===================>          64%] [Cov:==========================>        77%]
[Progress:===================>          64%] [Cov:===========================>       78%]
[Progress:===================>          64%] [Cov:===========================>       79%]
[Progress:===================>          64%] [Cov:============================>      80%]
[Progress:===================>          65%] [Cov:==========================>        77%]
[Progress:===================>          65%] [Cov:===========================>       78%]
[Progress:===================>          66%] [Cov:==========================>        77%]
[Progress:===================>          66%] [Cov:===========================>       78%]
[Progress:===================>          66%] [Cov:===========================>       79%]
[Progress:===================>          66%] [Cov:============================>      80%]
[Progress:===================>          66%] [Cov:============================>      81%]
[Progress:====================>         67%] [Cov:===========================>       78%]
[Progress:====================>         67%] [Cov:==========================>        77%]
[Progress:====================>         67%] [Cov:===========================>       78%]
[Progress:====================>         68%] [Cov:===========================>       78%]
[Progress:====================>         68%] [Cov:===========================>       79%]
[Progress:====================>         68%] [Cov:============================>      80%]
[Progress:====================>         68%] [Cov:============================>      81%]
[Progress:====================>         68%] [Cov:============================>      82%]
[Progress:====================>         69%] [Cov:===========================>       78%]
[Progress:====================>         69%] [Cov:==========================>        77%]
[Progress:====================>         69%] [Cov:===========================>       78%]
[Progress:====================>         69%] [Cov:============================>      80%]
[Progress:=====================>        70%] [Cov:=========================>         74%]
[Progress:=====================>        70%] [Cov:============================>      81%]
[Progress:=====================>        70%] [Cov:=============================>     83%]
[Progress:=====================>        71%] [Cov:===========================>       79%]
[Progress:=====================>        71%] [Cov:============================>      80%]
[Progress:=====================>        71%] [Cov:============================>      82%]
[Progress:=====================>        72%] [Cov:===========================>       78%]
[Progress:=====================>        72%] [Cov:===========================>       79%]
[Progress:=====================>        72%] [Cov:==========================>        77%]
[Progress:=====================>        72%] [Cov:===========================>       79%]
[Progress:=====================>        72%] [Cov:============================>      80%]
[Progress:=====================>        72%] [Cov:============================>      81%]
[Progress:=====================>        72%] [Cov:=============================>     83%]
[Progress:=====================>        73%] [Cov:===========================>       78%]
[Progress:=====================>        73%] [Cov:============================>      80%]
[Progress:=====================>        73%] [Cov:============================>      81%]
[Progress:=====================>        73%] [Cov:============================>      82%]
[Progress:======================>       74%] [Cov:===========================>       78%]
[Progress:======================>       74%] [Cov:============================>      80%]
[Progress:======================>       74%] [Cov:============================>      81%]
[Progress:======================>       74%] [Cov:=============================>     83%]
[Progress:======================>       74%] [Cov:============================>      82%]
[Progress:======================>       75%] [Cov:===========================>       78%]
[Progress:======================>       76%] [Cov:===========================>       78%]
[Progress:======================>       76%] [Cov:============================>      80%]
[Progress:======================>       76%] [Cov:============================>      81%]
[Progress:======================>       76%] [Cov:=============================>     83%]
[Progress:=======================>      77%] [Cov:===========================>       78%]
[Progress:=======================>      77%] [Cov:=============================>     83%]
[Progress:=======================>      78%] [Cov:===========================>       78%]
[Progress:=======================>      78%] [Cov:============================>      81%]
[Progress:=======================>      78%] [Cov:=============================>     83%]
[Progress:=======================>      79%] [Cov:===========================>       78%]
[Progress:=======================>      79%] [Cov:============================>      81%]
[Progress:=======================>      79%] [Cov:=============================>     83%]
[Progress:========================>     80%] [Cov:===========================>       78%]
[Progress:========================>     80%] [Cov:============================>      80%]
[Progress:========================>     80%] [Cov:============================>      81%]
[Progress:========================>     80%] [Cov:=============================>     83%]
[Progress:========================>     80%] [Cov:=============================>     83%]
[Progress:========================>     81%] [Cov:===========================>       78%]
[Progress:========================>     81%] [Cov:=============================>     83%]
[Progress:========================>     82%] [Cov:===========================>       78%]
[Progress:========================>     82%] [Cov:============================>      81%]
[Progress:========================>     82%] [Cov:=============================>     83%]
[Progress:========================>     82%] [Cov:=============================>     83%]
[Progress:========================>     83%] [Cov:===========================>       78%]
[Progress:========================>     83%] [Cov:=============================>     83%]
[Progress:=========================>    84%] [Cov:==========================>        77%]
[Progress:=========================>    84%] [Cov:=============================>     83%]
[Progress:=========================>    84%] [Cov:=============================>     83%]
[Progress:=========================>    84%] [Cov:=============================>     84%]
[Progress:=========================>    85%] [Cov:===========================>       78%]
[Progress:=========================>    85%] [Cov:=============================>     83%]
[Progress:=========================>    86%] [Cov:=============================>     83%]
[Progress:=========================>    86%] [Cov:=============================>     84%]
[Progress:=========================>    86%] [Cov:=============================>     83%]
[Progress:==========================>   87%] [Cov:==========================>        75%]
[Progress:==========================>   87%] [Cov:===========================>       78%]
[Progress:==========================>   87%] [Cov:=============================>     83%]
[Progress:==========================>   88%] [Cov:===========================>       78%]
[Progress:==========================>   88%] [Cov:=============================>     83%]
[Progress:==========================>   88%] [Cov:=============================>     84%]
[Progress:==========================>   89%] [Cov:=============================>     83%]
[Progress:==========================>   89%] [Cov:=============================>     84%]
[Progress:===========================>  90%] [Cov:============================>      82%]
[Progress:===========================>  90%] [Cov:=============================>     83%]
[Progress:===========================>  90%] [Cov:=============================>     84%]
[Progress:===========================>  91%] [Cov:=============================>     83%]
[Progress:===========================>  91%] [Cov:=============================>     84%]
[Progress:===========================>  92%] [Cov:=============================>     83%]
[Progress:===========================>  92%] [Cov:=============================>     84%]
[Progress:===========================>  92%] [Cov:=============================>     85%]
[Progress:===========================>  92%] [Cov:=============================>     84%]
[Progress:===========================>  92%] [Cov:=============================>     85%]
[Progress:===========================>  93%] [Cov:=============================>     83%]
[Progress:===========================>  93%] [Cov:=============================>     84%]
[Progress:============================> 94%] [Cov:============================>      82%]
[Progress:============================> 94%] [Cov:=============================>     83%]
[Progress:============================> 94%] [Cov:=============================>     84%]
[Progress:============================> 94%] [Cov:=============================>     85%]
[Progress:============================> 94%] [Cov:=============================>     84%]
[Progress:============================> 95%] [Cov:=============================>     84%]
[Progress:============================> 95%] [Cov:=============================>     85%]
[Progress:============================> 96%] [Cov:===========================>       79%]
[Progress:============================> 96%] [Cov:=============================>     83%]
[Progress:============================> 96%] [Cov:=============================>     84%]
[Progress:============================> 96%] [Cov:=============================>     85%]
[Progress:=============================>97%] [Cov:=============================>     84%]
[Progress:=============================>97%] [Cov:=============================>     85%]
[Progress:=============================>97%] [Cov:=============================>     85%]
[Progress:=============================>98%] [Cov:=============================>     84%]
[Progress:=============================>98%] [Cov:=============================>     85%]
[Progress:=============================>99%] [Cov:=============================>     84%]
[Progress:=============================>99%] [Cov:=============================>     85%]
[Progress:==============================100%] [Cov:=============================>     85%]
[Progress:==============================100%] [Cov:==============================>    86%]
[Progress:==============================100%] [Cov:=============================>     84%]
[Progress:==============================100%] [Cov:=============================>     85%]
[Progress:==============================100%] [Cov:=============================>     85%]
[Progress:==============================100%] [Cov:==============================>    86%]
* Search finished after 154s and 49 generations, 30288 statements, best individual has fitness: 172.42535870875508
* Minimizing test suite
* Going to analyze the coverage criteria
* Coverage analysis for criterion LINE
* Coverage of criterion LINE: 90%
* Total number of goals: 245
* Number of covered goals: 220
* Coverage analysis for criterion BRANCH
* Coverage of criterion BRANCH: 88%
* Total number of goals: 157
* Number of covered goals: 138
* Coverage analysis for criterion EXCEPTION
* Coverage of criterion EXCEPTION: 11%
* Total number of goals: 9
* Number of covered goals: 1
* Coverage analysis for criterion WEAKMUTATION
* Coverage of criterion WEAKMUTATION: 89%
* Total number of goals: 719
* Number of covered goals: 639
* Coverage analysis for criterion OUTPUT
* Coverage of criterion OUTPUT: 48%
* Total number of goals: 33
* Number of covered goals: 16
* Coverage analysis for criterion METHOD
* Coverage of criterion METHOD: 100%
* Total number of goals: 20
* Number of covered goals: 20
* Coverage analysis for criterion METHODNOEXCEPTION
* Coverage of criterion METHODNOEXCEPTION: 100%
* Total number of goals: 20
* Number of covered goals: 20
* Coverage analysis for criterion CBRANCH
* Coverage of criterion CBRANCH: 73%
* Total number of goals: 157
* Number of covered goals: 114
* Generated 29 tests with total length 57
* Resulting test suite's coverage: 86% (average coverage for all fitness functions)
* Generating assertions
* Resulting test suite's mutation score: 22%
* Compiling and checking tests
* Writing tests to file
* Writing JUnit test case 'DurationFormatUtils_ESTest' to evosuite-tests
* Done!

* Computation finished

