CMD: /usr/lib/jvm/java-8-openjdk-amd64/bin/java -Dtools_jar_location=/usr/lib/jvm/java-8-openjdk-amd64/lib/tools.jar -jar /home/pizza/TestRound2/evosuite-1.2.0.jar -generateSuite -class com.google.gson.TypeInfoFactory -projectCP /home/pizza/TestRound2/Test/Gson-1b/target/classes -base_dir /home/pizza/TestRound2/results/project-Gson/Gson-1/round03/evosuite-work -seed 11 -Dalgorithm=NSGAII -Dsearch_budget=60 -Dtest_format=JUNIT4 -Dassertions=true

* EvoSuite 1.2.0
* Going to generate test cases for class: com.google.gson.TypeInfoFactory
* Starting Client-0
* Connecting to master process on port 8227
* Analyzing classpath: 
  - /home/pizza/TestRound2/Test/Gson-1b/target/classes
* Finished analyzing classpath
* Generating tests for class com.google.gson.TypeInfoFactory
* Test criteria:
  - Line Coverage
  - Branch Coverage
  - Exception
  - Mutation testing (weak)
  - Method-Output Coverage
  - Top-Level Method Coverage
  - No-Exception Top-Level Method Coverage
  - Context Branch Coverage
* Setting up search algorithm for whole suite generation
* Total number of test goals: 
  - Line 48
  - Branch 24
  - Exception 0
  - MutationFactory 79
  - Output 6
  - Method 2
  - MethodNoException 2
  - CBranchFitnessFactory 24

[Progress:>                             0%] [Cov:>                                  0%]* Using seed 11
* Starting evolution

[Progress:>                             1%] [Cov:>                                  0%]
[Progress:=>                            5%] [Cov:>                                  0%]
[Progress:=>                            5%] [Cov:>                                  1%]
[Progress:=>                            5%] [Cov:====>                              13%]
[Progress:=>                            5%] [Cov:======>                            18%]
[Progress:=>                            5%] [Cov:========>                          24%]
[Progress:=>                            5%] [Cov:========>                          25%]
[Progress:=>                            6%] [Cov:>                                  0%]
[Progress:=>                            6%] [Cov:>                                  1%]
[Progress:=>                            6%] [Cov:====>                              13%]
[Progress:=>                            6%] [Cov:====>                              14%]
[Progress:=>                            6%] [Cov:======>                            18%]
[Progress:=>                            6%] [Cov:========>                          24%]
[Progress:=>                            6%] [Cov:========>                          25%]
[Progress:==>                           8%] [Cov:>                                  0%]
[Progress:==>                           8%] [Cov:>                                  1%]
[Progress:==>                           8%] [Cov:====>                              14%]
[Progress:==>                           8%] [Cov:========>                          24%]
[Progress:==>                           8%] [Cov:========>                          25%]
[Progress:==>                           8%] [Cov:========>                          25%]
[Progress:===>                          10%] [Cov:======>                            18%]
[Progress:===>                          10%] [Cov:========>                          25%]
[Progress:===>                          10%] [Cov:========>                          25%]
[Progress:===>                          10%] [Cov:========>                          25%]
[Progress:===>                          10%] [Cov:========>                          25%]
[Progress:===>                          11%] [Cov:========>                          25%]
[Progress:===>                          11%] [Cov:========>                          25%]
[Progress:===>                          11%] [Cov:========>                          25%]
[Progress:===>                          11%] [Cov:========>                          25%]
[Progress:===>                          13%] [Cov:========>                          25%]
[Progress:===>                          13%] [Cov:========>                          25%]
[Progress:===>                          13%] [Cov:========>                          25%]
[Progress:====>                         15%] [Cov:========>                          25%]
[Progress:====>                         15%] [Cov:========>                          25%]
[Progress:====>                         15%] [Cov:========>                          25%]
[Progress:====>                         15%] [Cov:========>                          25%]
[Progress:====>                         16%] [Cov:========>                          25%]
[Progress:====>                         16%] [Cov:========>                          25%]
[Progress:====>                         16%] [Cov:========>                          25%]
[Progress:====>                         16%] [Cov:========>                          25%]
[Progress:=====>                        18%] [Cov:========>                          25%]
[Progress:=====>                        18%] [Cov:========>                          25%]
[Progress:=====>                        18%] [Cov:========>                          25%]
[Progress:=====>                        18%] [Cov:========>                          25%]
[Progress:=====>                        18%] [Cov:========>                          25%]
[Progress:=====>                        18%] [Cov:========>                          25%]
[Progress:=====>                        18%] [Cov:========>                          25%]
[Progress:======>                       20%] [Cov:========>                          25%]
[Progress:======>                       20%] [Cov:========>                          25%]
[Progress:======>                       20%] [Cov:========>                          25%]
[Progress:======>                       20%] [Cov:========>                          25%]
[Progress:======>                       20%] [Cov:========>                          25%]
[Progress:======>                       21%] [Cov:========>                          25%]
[Progress:======>                       21%] [Cov:========>                          25%]
[Progress:======>                       21%] [Cov:========>                          25%]
[Progress:======>                       21%] [Cov:========>                          25%]
[Progress:======>                       21%] [Cov:========>                          25%]
[Progress:======>                       23%] [Cov:========>                          25%]
[Progress:======>                       23%] [Cov:========>                          25%]
[Progress:======>                       23%] [Cov:========>                          25%]
[Progress:======>                       23%] [Cov:========>                          25%]
[Progress:======>                       23%] [Cov:========>                          25%]
[Progress:=======>                      25%] [Cov:========>                          25%]
[Progress:=======>                      25%] [Cov:========>                          25%]
[Progress:=======>                      25%] [Cov:========>                          25%]
[Progress:=======>                      25%] [Cov:========>                          25%]
[Progress:=======>                      25%] [Cov:========>                          25%]
[Progress:=======>                      25%] [Cov:========>                          25%]
[Progress:=======>                      26%] [Cov:========>                          25%]
[Progress:=======>                      26%] [Cov:========>                          25%]
[Progress:=======>                      26%] [Cov:========>                          25%]
[Progress:=======>                      26%] [Cov:========>                          25%]
[Progress:=======>                      26%] [Cov:========>                          25%]
[Progress:========>                     28%] [Cov:========>                          25%]
[Progress:========>                     28%] [Cov:========>                          25%]
[Progress:========>                     28%] [Cov:========>                          25%]
[Progress:========>                     28%] [Cov:========>                          25%]
[Progress:========>                     28%] [Cov:========>                          25%]
[Progress:=========>                    30%] [Cov:========>                          25%]
[Progress:=========>                    30%] [Cov:========>                          25%]
[Progress:=========>                    30%] [Cov:========>                          25%]
[Progress:=========>                    30%] [Cov:========>                          25%]
[Progress:=========>                    30%] [Cov:========>                          25%]
[Progress:=========>                    30%] [Cov:========>                          25%]
[Progress:=========>                    30%] [Cov:========>                          25%]
[Progress:=========>                    30%] [Cov:========>                          25%]
[Progress:=========>                    31%] [Cov:========>                          25%]
[Progress:=========>                    31%] [Cov:========>                          25%]
[Progress:=========>                    31%] [Cov:========>                          25%]
[Progress:=========>                    31%] [Cov:========>                          25%]
[Progress:=========>                    31%] [Cov:========>                          25%]
[Progress:=========>                    31%] [Cov:========>                          25%]
[Progress:=========>                    31%] [Cov:========>                          25%]
[Progress:=========>                    33%] [Cov:========>                          25%]
[Progress:=========>                    33%] [Cov:========>                          25%]
[Progress:=========>                    33%] [Cov:========>                          25%]
[Progress:=========>                    33%] [Cov:========>                          25%]
[Progress:=========>                    33%] [Cov:========>                          25%]
[Progress:=========>                    33%] [Cov:========>                          25%]
[Progress:=========>                    33%] [Cov:========>                          25%]
[Progress:==========>                   35%] [Cov:========>                          25%]
[Progress:==========>                   35%] [Cov:========>                          25%]
[Progress:==========>                   35%] [Cov:========>                          25%]
[Progress:==========>                   35%] [Cov:========>                          25%]
[Progress:==========>                   35%] [Cov:========>                          25%]
[Progress:==========>                   35%] [Cov:========>                          25%]
[Progress:==========>                   35%] [Cov:========>                          25%]
[Progress:==========>                   35%] [Cov:========>                          25%]
[Progress:==========>                   36%] [Cov:========>                          25%]
[Progress:==========>                   36%] [Cov:========>                          25%]
[Progress:==========>                   36%] [Cov:========>                          25%]
[Progress:==========>                   36%] [Cov:========>                          25%]
[Progress:==========>                   36%] [Cov:========>                          25%]
[Progress:==========>                   36%] [Cov:========>                          25%]
[Progress:==========>                   36%] [Cov:========>                          25%]
[Progress:==========>                   36%] [Cov:========>                          25%]
[Progress:===========>                  38%] [Cov:========>                          25%]
[Progress:===========>                  38%] [Cov:========>                          25%]
[Progress:===========>                  38%] [Cov:========>                          25%]
[Progress:===========>                  38%] [Cov:========>                          25%]
[Progress:===========>                  38%] [Cov:========>                          25%]
[Progress:===========>                  38%] [Cov:========>                          25%]
[Progress:===========>                  38%] [Cov:========>                          25%]
[Progress:===========>                  38%] [Cov:========>                          25%]
[Progress:===========>                  38%] [Cov:========>                          25%]
[Progress:============>                 40%] [Cov:========>                          25%]
[Progress:============>                 40%] [Cov:========>                          25%]
[Progress:============>                 40%] [Cov:========>                          25%]
[Progress:============>                 40%] [Cov:========>                          25%]
[Progress:============>                 40%] [Cov:========>                          25%]
[Progress:============>                 40%] [Cov:========>                          25%]
[Progress:============>                 40%] [Cov:========>                          25%]
[Progress:============>                 40%] [Cov:========>                          25%]
[Progress:============>                 40%] [Cov:========>                          25%]
[Progress:============>                 40%] [Cov:========>                          25%]
[Progress:============>                 41%] [Cov:========>                          25%]
[Progress:============>                 41%] [Cov:========>                          25%]
[Progress:============>                 41%] [Cov:========>                          25%]
[Progress:============>                 41%] [Cov:========>                          25%]
[Progress:============>                 41%] [Cov:========>                          25%]
[Progress:============>                 41%] [Cov:========>                          25%]
[Progress:============>                 41%] [Cov:========>                          25%]
[Progress:============>                 41%] [Cov:========>                          25%]
[Progress:============>                 41%] [Cov:========>                          25%]
[Progress:============>                 41%] [Cov:========>                          25%]
[Progress:============>                 41%] [Cov:========>                          25%]
[Progress:============>                 43%] [Cov:========>                          25%]
[Progress:============>                 43%] [Cov:========>                          25%]
[Progress:============>                 43%] [Cov:========>                          25%]
[Progress:============>                 43%] [Cov:========>                          25%]
[Progress:============>                 43%] [Cov:========>                          25%]
[Progress:============>                 43%] [Cov:========>                          25%]
[Progress:============>                 43%] [Cov:========>                          25%]
[Progress:============>                 43%] [Cov:========>                          25%]
[Progress:============>                 43%] [Cov:========>                          25%]
[Progress:============>                 43%] [Cov:========>                          25%]
[Progress:============>                 43%] [Cov:========>                          25%]
[Progress:============>                 43%] [Cov:========>                          25%]
[Progress:============>                 43%] [Cov:========>                          25%]
[Progress:=============>                45%] [Cov:========>                          25%]
[Progress:=============>                45%] [Cov:========>                          25%]
[Progress:=============>                45%] [Cov:========>                          25%]
[Progress:=============>                45%] [Cov:========>                          25%]
[Progress:=============>                45%] [Cov:========>                          25%]
[Progress:=============>                45%] [Cov:========>                          25%]
[Progress:=============>                45%] [Cov:========>                          25%]
[Progress:=============>                45%] [Cov:========>                          25%]
[Progress:=============>                45%] [Cov:========>                          25%]
[Progress:=============>                45%] [Cov:========>                          25%]
[Progress:=============>                45%] [Cov:========>                          25%]
[Progress:=============>                45%] [Cov:========>                          25%]
[Progress:=============>                46%] [Cov:========>                          25%]
[Progress:=============>                46%] [Cov:========>                          25%]
[Progress:=============>                46%] [Cov:========>                          25%]
[Progress:=============>                46%] [Cov:========>                          25%]
[Progress:=============>                46%] [Cov:========>                          25%]
[Progress:=============>                46%] [Cov:========>                          25%]
[Progress:=============>                46%] [Cov:========>                          25%]
[Progress:=============>                46%] [Cov:========>                          25%]
[Progress:=============>                46%] [Cov:========>                          25%]
[Progress:=============>                46%] [Cov:========>                          25%]
[Progress:==============>               48%] [Cov:========>                          25%]
[Progress:==============>               48%] [Cov:========>                          25%]
[Progress:==============>               48%] [Cov:========>                          25%]
[Progress:==============>               48%] [Cov:========>                          25%]
[Progress:==============>               48%] [Cov:========>                          25%]
[Progress:==============>               48%] [Cov:========>                          25%]
[Progress:==============>               48%] [Cov:========>                          25%]
[Progress:==============>               48%] [Cov:========>                          25%]
[Progress:==============>               48%] [Cov:========>                          25%]
[Progress:===============>              50%] [Cov:===>                               11%]
[Progress:===============>              50%] [Cov:========>                          25%]
[Progress:===============>              50%] [Cov:========>                          25%]
[Progress:===============>              50%] [Cov:========>                          25%]
[Progress:===============>              50%] [Cov:========>                          25%]
[Progress:===============>              50%] [Cov:========>                          25%]
[Progress:===============>              50%] [Cov:========>                          25%]
[Progress:===============>              50%] [Cov:========>                          25%]
[Progress:===============>              50%] [Cov:========>                          25%]
[Progress:===============>              50%] [Cov:========>                          25%]
[Progress:===============>              50%] [Cov:========>                          25%]
[Progress:===============>              51%] [Cov:========>                          25%]
[Progress:===============>              51%] [Cov:========>                          25%]
[Progress:===============>              51%] [Cov:========>                          25%]
[Progress:===============>              51%] [Cov:========>                          25%]
[Progress:===============>              51%] [Cov:========>                          25%]
[Progress:===============>              51%] [Cov:========>                          25%]
[Progress:===============>              51%] [Cov:========>                          25%]
[Progress:===============>              51%] [Cov:========>                          25%]
[Progress:===============>              51%] [Cov:========>                          25%]
[Progress:===============>              53%] [Cov:========>                          25%]
[Progress:===============>              53%] [Cov:========>                          25%]
[Progress:===============>              53%] [Cov:========>                          25%]
[Progress:===============>              53%] [Cov:========>                          25%]
[Progress:===============>              53%] [Cov:========>                          25%]
[Progress:===============>              53%] [Cov:========>                          25%]
[Progress:===============>              53%] [Cov:========>                          25%]
[Progress:===============>              53%] [Cov:========>                          25%]
[Progress:===============>              53%] [Cov:========>                          25%]
[Progress:===============>              53%] [Cov:========>                          25%]
[Progress:================>             55%] [Cov:========>                          25%]
[Progress:================>             55%] [Cov:========>                          25%]
[Progress:================>             55%] [Cov:========>                          25%]
[Progress:================>             55%] [Cov:========>                          25%]
[Progress:================>             55%] [Cov:========>                          25%]
[Progress:================>             55%] [Cov:========>                          25%]
[Progress:================>             55%] [Cov:========>                          25%]
[Progress:================>             55%] [Cov:========>                          25%]
[Progress:================>             55%] [Cov:========>                          25%]
[Progress:================>             56%] [Cov:========>                          25%]
[Progress:================>             56%] [Cov:========>                          25%]
[Progress:================>             56%] [Cov:========>                          25%]
[Progress:================>             56%] [Cov:========>                          25%]
[Progress:================>             56%] [Cov:========>                          25%]
[Progress:================>             56%] [Cov:========>                          25%]
[Progress:================>             56%] [Cov:========>                          25%]
[Progress:================>             56%] [Cov:========>                          25%]
[Progress:=================>            58%] [Cov:========>                          25%]
[Progress:=================>            58%] [Cov:========>                          25%]
[Progress:=================>            58%] [Cov:========>                          25%]
[Progress:=================>            58%] [Cov:========>                          25%]
[Progress:=================>            58%] [Cov:========>                          25%]
[Progress:=================>            58%] [Cov:========>                          25%]
[Progress:=================>            58%] [Cov:========>                          25%]
[Progress:=================>            58%] [Cov:========>                          25%]
[Progress:=================>            58%] [Cov:========>                          25%]
[Progress:=================>            58%] [Cov:========>                          25%]
[Progress:==================>           60%] [Cov:========>                          25%]
[Progress:==================>           60%] [Cov:========>                          25%]
[Progress:==================>           60%] [Cov:========>                          25%]
[Progress:==================>           60%] [Cov:========>                          25%]
[Progress:==================>           60%] [Cov:========>                          25%]
[Progress:==================>           60%] [Cov:========>                          25%]
[Progress:==================>           60%] [Cov:========>                          25%]
[Progress:==================>           60%] [Cov:========>                          25%]
[Progress:==================>           60%] [Cov:========>                          25%]
[Progress:==================>           60%] [Cov:========>                          25%]
[Progress:==================>           61%] [Cov:========>                          25%]
[Progress:==================>           61%] [Cov:========>                          25%]
[Progress:==================>           61%] [Cov:========>                          25%]
[Progress:==================>           61%] [Cov:========>                          25%]
[Progress:==================>           61%] [Cov:========>                          25%]
[Progress:==================>           61%] [Cov:========>                          25%]
[Progress:==================>           61%] [Cov:========>                          25%]
[Progress:==================>           61%] [Cov:========>                          25%]
[Progress:==================>           61%] [Cov:========>                          25%]
[Progress:==================>           61%] [Cov:========>                          25%]
[Progress:==================>           63%] [Cov:========>                          25%]
[Progress:==================>           63%] [Cov:========>                          25%]
[Progress:==================>           63%] [Cov:========>                          25%]
[Progress:==================>           63%] [Cov:========>                          25%]
[Progress:==================>           63%] [Cov:========>                          25%]
[Progress:==================>           63%] [Cov:========>                          25%]
[Progress:==================>           63%] [Cov:========>                          25%]
[Progress:==================>           63%] [Cov:========>                          25%]
[Progress:===================>          65%] [Cov:========>                          25%]
[Progress:===================>          65%] [Cov:========>                          25%]
[Progress:===================>          65%] [Cov:========>                          25%]
[Progress:===================>          65%] [Cov:========>                          25%]
[Progress:===================>          65%] [Cov:========>                          25%]
[Progress:===================>          65%] [Cov:========>                          25%]
[Progress:===================>          65%] [Cov:========>                          25%]
[Progress:===================>          65%] [Cov:========>                          25%]
[Progress:===================>          66%] [Cov:========>                          25%]
[Progress:===================>          66%] [Cov:========>                          25%]
[Progress:===================>          66%] [Cov:========>                          25%]
[Progress:===================>          66%] [Cov:========>                          25%]
[Progress:===================>          66%] [Cov:========>                          25%]
[Progress:===================>          66%] [Cov:========>                          25%]
[Progress:===================>          66%] [Cov:========>                          25%]
[Progress:===================>          66%] [Cov:========>                          25%]
[Progress:===================>          66%] [Cov:========>                          25%]
[Progress:===================>          66%] [Cov:========>                          25%]
[Progress:====================>         68%] [Cov:========>                          25%]
[Progress:====================>         68%] [Cov:========>                          25%]
[Progress:====================>         68%] [Cov:========>                          25%]
[Progress:====================>         68%] [Cov:========>                          25%]
[Progress:====================>         68%] [Cov:========>                          25%]
[Progress:====================>         68%] [Cov:========>                          25%]
[Progress:====================>         68%] [Cov:========>                          25%]
[Progress:====================>         68%] [Cov:========>                          25%]
[Progress:====================>         68%] [Cov:========>                          25%]
[Progress:=====================>        70%] [Cov:========>                          25%]
[Progress:=====================>        70%] [Cov:========>                          25%]
[Progress:=====================>        70%] [Cov:========>                          25%]
[Progress:=====================>        70%] [Cov:========>                          25%]
[Progress:=====================>        70%] [Cov:========>                          25%]
[Progress:=====================>        70%] [Cov:========>                          25%]
[Progress:=====================>        70%] [Cov:========>                          25%]
[Progress:=====================>        70%] [Cov:========>                          25%]
[Progress:=====================>        70%] [Cov:========>                          25%]
[Progress:=====================>        71%] [Cov:========>                          25%]
[Progress:=====================>        71%] [Cov:========>                          25%]
[Progress:=====================>        71%] [Cov:========>                          25%]
[Progress:=====================>        71%] [Cov:========>                          25%]
[Progress:=====================>        71%] [Cov:========>                          25%]
[Progress:=====================>        71%] [Cov:========>                          25%]
[Progress:=====================>        71%] [Cov:========>                          25%]
[Progress:=====================>        71%] [Cov:========>                          25%]
[Progress:=====================>        73%] [Cov:========>                          25%]
[Progress:=====================>        73%] [Cov:========>                          25%]
[Progress:=====================>        73%] [Cov:========>                          25%]
[Progress:=====================>        73%] [Cov:========>                          25%]
[Progress:=====================>        73%] [Cov:========>                          25%]
[Progress:=====================>        73%] [Cov:========>                          25%]
[Progress:=====================>        73%] [Cov:========>                          25%]
[Progress:======================>       75%] [Cov:========>                          25%]
[Progress:======================>       75%] [Cov:========>                          25%]
[Progress:======================>       75%] [Cov:========>                          25%]
[Progress:======================>       75%] [Cov:========>                          25%]
[Progress:======================>       75%] [Cov:========>                          25%]
[Progress:======================>       75%] [Cov:========>                          25%]
[Progress:======================>       75%] [Cov:========>                          25%]
[Progress:======================>       75%] [Cov:========>                          25%]
[Progress:======================>       76%] [Cov:========>                          25%]
[Progress:======================>       76%] [Cov:========>                          25%]
[Progress:======================>       76%] [Cov:========>                          25%]
[Progress:======================>       76%] [Cov:========>                          25%]
[Progress:======================>       76%] [Cov:========>                          25%]
[Progress:======================>       76%] [Cov:========>                          25%]
[Progress:======================>       76%] [Cov:========>                          25%]
[Progress:======================>       76%] [Cov:========>                          25%]
[Progress:======================>       76%] [Cov:========>                          25%]
[Progress:=======================>      78%] [Cov:========>                          25%]
[Progress:=======================>      78%] [Cov:========>                          25%]
[Progress:=======================>      78%] [Cov:========>                          25%]
[Progress:=======================>      78%] [Cov:========>                          25%]
[Progress:=======================>      78%] [Cov:========>                          25%]
[Progress:=======================>      78%] [Cov:========>                          25%]
[Progress:=======================>      78%] [Cov:========>                          25%]
[Progress:=======================>      78%] [Cov:========>                          25%]
[Progress:=======================>      78%] [Cov:========>                          25%]
[Progress:=======================>      78%] [Cov:========>                          25%]
[Progress:=======================>      78%] [Cov:========>                          25%]
[Progress:=======================>      78%] [Cov:========>                          25%]
[Progress:========================>     80%] [Cov:===>                               11%]
[Progress:========================>     80%] [Cov:========>                          25%]
[Progress:========================>     80%] [Cov:========>                          25%]
[Progress:========================>     80%] [Cov:========>                          25%]
[Progress:========================>     80%] [Cov:========>                          25%]
[Progress:========================>     80%] [Cov:========>                          25%]
[Progress:========================>     80%] [Cov:========>                          25%]
[Progress:========================>     80%] [Cov:========>                          25%]
[Progress:========================>     80%] [Cov:========>                          25%]
[Progress:========================>     81%] [Cov:========>                          25%]
[Progress:========================>     81%] [Cov:========>                          25%]
[Progress:========================>     81%] [Cov:========>                          25%]
[Progress:========================>     81%] [Cov:========>                          25%]
[Progress:========================>     81%] [Cov:========>                          25%]
[Progress:========================>     81%] [Cov:========>                          25%]
[Progress:========================>     81%] [Cov:========>                          25%]
[Progress:========================>     81%] [Cov:========>                          25%]
[Progress:========================>     81%] [Cov:========>                          25%]
[Progress:========================>     83%] [Cov:========>                          25%]
[Progress:========================>     83%] [Cov:========>                          25%]
[Progress:========================>     83%] [Cov:========>                          25%]
[Progress:========================>     83%] [Cov:========>                          25%]
[Progress:========================>     83%] [Cov:========>                          25%]
[Progress:========================>     83%] [Cov:========>                          25%]
[Progress:========================>     83%] [Cov:========>                          25%]
[Progress:========================>     83%] [Cov:========>                          25%]
[Progress:========================>     83%] [Cov:========>                          25%]
[Progress:========================>     83%] [Cov:========>                          25%]
[Progress:========================>     83%] [Cov:========>                          25%]
[Progress:=========================>    85%] [Cov:========>                          25%]
[Progress:=========================>    85%] [Cov:========>                          25%]
[Progress:=========================>    85%] [Cov:========>                          25%]
[Progress:=========================>    85%] [Cov:========>                          25%]
[Progress:=========================>    85%] [Cov:========>                          25%]
[Progress:=========================>    85%] [Cov:========>                          25%]
[Progress:=========================>    85%] [Cov:========>                          25%]
[Progress:=========================>    85%] [Cov:========>                          25%]
[Progress:=========================>    85%] [Cov:========>                          25%]
[Progress:=========================>    85%] [Cov:========>                          25%]
[Progress:=========================>    86%] [Cov:========>                          25%]
[Progress:=========================>    86%] [Cov:========>                          25%]
[Progress:=========================>    86%] [Cov:========>                          25%]
[Progress:=========================>    86%] [Cov:========>                          25%]
[Progress:=========================>    86%] [Cov:========>                          25%]
[Progress:=========================>    86%] [Cov:========>                          25%]
[Progress:=========================>    86%] [Cov:========>                          25%]
[Progress:=========================>    86%] [Cov:========>                          25%]
[Progress:=========================>    86%] [Cov:========>                          25%]
[Progress:=========================>    86%] [Cov:========>                          25%]
[Progress:==========================>   88%] [Cov:========>                          25%]
[Progress:==========================>   88%] [Cov:========>                          25%]
[Progress:==========================>   88%] [Cov:========>                          25%]
[Progress:==========================>   88%] [Cov:========>                          25%]
[Progress:==========================>   88%] [Cov:========>                          25%]
[Progress:==========================>   88%] [Cov:========>                          25%]
[Progress:==========================>   88%] [Cov:========>                          25%]
[Progress:==========================>   88%] [Cov:========>                          25%]
[Progress:==========================>   88%] [Cov:========>                          25%]
[Progress:===========================>  90%] [Cov:========>                          25%]
[Progress:===========================>  90%] [Cov:========>                          25%]
[Progress:===========================>  90%] [Cov:========>                          25%]
[Progress:===========================>  90%] [Cov:========>                          25%]
[Progress:===========================>  90%] [Cov:========>                          25%]
[Progress:===========================>  90%] [Cov:========>                          25%]
[Progress:===========================>  90%] [Cov:========>                          25%]
[Progress:===========================>  90%] [Cov:========>                          25%]
[Progress:===========================>  90%] [Cov:========>                          25%]
[Progress:===========================>  90%] [Cov:========>                          25%]
[Progress:===========================>  91%] [Cov:========>                          25%]
[Progress:===========================>  91%] [Cov:========>                          25%]
[Progress:===========================>  91%] [Cov:========>                          25%]
[Progress:===========================>  91%] [Cov:========>                          25%]
[Progress:===========================>  91%] [Cov:========>                          25%]
[Progress:===========================>  91%] [Cov:========>                          25%]
[Progress:===========================>  91%] [Cov:========>                          25%]
[Progress:===========================>  91%] [Cov:========>                          25%]
[Progress:===========================>  91%] [Cov:========>                          25%]
[Progress:===========================>  91%] [Cov:========>                          25%]
[Progress:===========================>  91%] [Cov:========>                          25%]
[Progress:===========================>  91%] [Cov:========>                          25%]
[Progress:===========================>  91%] [Cov:========>                          25%]
[Progress:===========================>  91%] [Cov:========>                          25%]
[Progress:===========================>  91%] [Cov:========>                          25%]
[Progress:===========================>  93%] [Cov:========>                          25%]
[Progress:===========================>  93%] [Cov:========>                          25%]
[Progress:===========================>  93%] [Cov:========>                          25%]
[Progress:===========================>  93%] [Cov:========>                          25%]
[Progress:===========================>  93%] [Cov:========>                          25%]
[Progress:===========================>  93%] [Cov:========>                          25%]
[Progress:===========================>  93%] [Cov:========>                          25%]
[Progress:===========================>  93%] [Cov:========>                          25%]
[Progress:===========================>  93%] [Cov:========>                          25%]
[Progress:===========================>  93%] [Cov:========>                          25%]
[Progress:===========================>  93%] [Cov:========>                          25%]
[Progress:===========================>  93%] [Cov:========>                          25%]
[Progress:===========================>  93%] [Cov:========>                          25%]
[Progress:===========================>  93%] [Cov:========>                          25%]
[Progress:===========================>  93%] [Cov:========>                          25%]
[Progress:===========================>  93%] [Cov:========>                          25%]
[Progress:============================> 95%] [Cov:========>                          25%]
[Progress:============================> 95%] [Cov:========>                          25%]
[Progress:============================> 95%] [Cov:========>                          25%]
[Progress:============================> 95%] [Cov:========>                          25%]
[Progress:============================> 95%] [Cov:========>                          25%]
[Progress:============================> 95%] [Cov:========>                          25%]
[Progress:============================> 95%] [Cov:========>                          25%]
[Progress:============================> 95%] [Cov:========>                          25%]
[Progress:============================> 95%] [Cov:========>                          25%]
[Progress:============================> 95%] [Cov:========>                          25%]
[Progress:============================> 95%] [Cov:========>                          25%]
[Progress:============================> 95%] [Cov:========>                          25%]
[Progress:============================> 95%] [Cov:========>                          25%]
[Progress:============================> 96%] [Cov:========>                          25%]
[Progress:============================> 96%] [Cov:========>                          25%]
[Progress:============================> 96%] [Cov:========>                          25%]
[Progress:============================> 96%] [Cov:========>                          25%]
[Progress:============================> 96%] [Cov:========>                          25%]
[Progress:============================> 96%] [Cov:========>                          25%]
[Progress:============================> 96%] [Cov:========>                          25%]
[Progress:============================> 96%] [Cov:========>                          25%]
[Progress:============================> 96%] [Cov:========>                          25%]
[Progress:============================> 96%] [Cov:========>                          25%]
[Progress:=============================>98%] [Cov:========>                          25%]
[Progress:=============================>98%] [Cov:========>                          25%]
[Progress:=============================>98%] [Cov:========>                          25%]
[Progress:=============================>98%] [Cov:========>                          25%]
[Progress:=============================>98%] [Cov:========>                          25%]
[Progress:=============================>98%] [Cov:========>                          25%]
[Progress:=============================>98%] [Cov:========>                          25%]
[Progress:=============================>98%] [Cov:========>                          25%]
[Progress:=============================>98%] [Cov:========>                          25%]
[Progress:=============================>98%] [Cov:========>                          25%]
[Progress:=============================>98%] [Cov:========>                          25%]
[Progress:=============================>98%] [Cov:========>                          25%]
[Progress:==============================100%] [Cov:========>                          25%]
[Progress:==============================100%] [Cov:========>                          25%]
[Progress:==============================100%] [Cov:========>                          25%]
[Progress:==============================100%] [Cov:========>                          25%]
[Progress:==============================100%] [Cov:========>                          25%]
[Progress:==============================100%] [Cov:========>                          25%]
[Progress:==============================100%] [Cov:========>                          25%]
[Progress:==============================100%] [Cov:========>                          25%]
[Progress:==============================100%] [Cov:========>                          25%]
[Progress:==============================100%] [Cov:========>                          25%]
[Progress:==============================100%] [Cov:========>                          25%]
[Progress:==============================100%] [Cov:========>                          25%]
[Progress:==============================100%] [Cov:========>                          25%]
[Progress:==============================100%] [Cov:========>                          25%]
* Search finished after 62s and 426 generations, 71905 statements, best individual has fitness: 205.97826086956522
* Minimizing test suite
* Going to analyze the coverage criteria
* Coverage analysis for criterion LINE
* Coverage of criterion LINE: 6%
* Total number of goals: 48
* Number of covered goals: 3
* Coverage analysis for criterion BRANCH
* Coverage of criterion BRANCH: 8%
* Total number of goals: 24
* Number of covered goals: 2
* Coverage analysis for criterion EXCEPTION
* Coverage of criterion EXCEPTION: 100%
* Total number of goals: 2
* Number of covered goals: 2
* Coverage analysis for criterion WEAKMUTATION
* Coverage of criterion WEAKMUTATION: 0%
* Total number of goals: 79
* Number of covered goals: 0
* Coverage analysis for criterion OUTPUT
* Coverage of criterion OUTPUT: 0%
* Total number of goals: 6
* Number of covered goals: 0
* Coverage analysis for criterion METHOD
* Coverage of criterion METHOD: 100%
* Total number of goals: 2
* Number of covered goals: 2
* Coverage analysis for criterion METHODNOEXCEPTION
* Coverage of criterion METHODNOEXCEPTION: 0%
* Total number of goals: 2
* Number of covered goals: 0
* Coverage analysis for criterion CBRANCH
* Coverage of criterion CBRANCH: 8%
* Total number of goals: 24
* Number of covered goals: 2
* Generated 2 tests with total length 3
* Resulting test suite's coverage: 26% (average coverage for all fitness functions)
* Generating assertions
* Resulting test suite's mutation score: 0%
* Compiling and checking tests
* Writing tests to file
* Writing JUnit test case 'TypeInfoFactory_ESTest' to evosuite-tests
* Done!

* Computation finished

