CMD: /usr/lib/jvm/java-8-openjdk-amd64/bin/java -Dtools_jar_location=/usr/lib/jvm/java-8-openjdk-amd64/lib/tools.jar -jar /home/pizza/evosuite/evosuite-1.2.0.jar -generateSuite -class org.joda.time.Partial -projectCP /home/pizza/evosuite/Test/Time-2b/target/classes:/home/pizza/defects4j/framework/projects/Time/lib/org/joda/joda-convert/1.2/joda-convert-1.2.jar -base_dir /home/pizza/evosuite/results/project-Time/Time-2/round02/evosuite-work -seed 11 -Dalgorithm=NSGAII -Dsearch_budget=150 -Dtest_format=JUNIT4 -Dassertions=true

* EvoSuite 1.2.0
* Going to generate test cases for class: org.joda.time.Partial
* Starting Client-0
* Connecting to master process on port 8220
* Analyzing classpath: 
  - /home/pizza/evosuite/Test/Time-2b/target/classes
  - /home/pizza/defects4j/framework/projects/Time/lib/org/joda/joda-convert/1.2/joda-convert-1.2.jar
* Finished analyzing classpath
* Generating tests for class org.joda.time.Partial
* Test criteria:
  - Line Coverage
  - Branch Coverage
  - Exception
  - Mutation testing (weak)
  - Method-Output Coverage
  - Top-Level Method Coverage
  - No-Exception Top-Level Method Coverage
  - Context Branch Coverage
* Setting up search algorithm for whole suite generation
* Total number of test goals: 
  - Line 255
  - Branch 134
  - Exception 0
  - MutationFactory 465
  - Output 84
  - Method 45
  - MethodNoException 45
  - CBranchFitnessFactory 134

[Progress:>                             0%] [Cov:>                                  0%]* Using seed 11
* Starting evolution

[Progress:>                             0%] [Cov:>                                  0%]
[Progress:>                             0%] [Cov:>                                  1%]
[Progress:>                             0%] [Cov:=>                                 3%]
[Progress:>                             0%] [Cov:=>                                 5%]
[Progress:>                             0%] [Cov:====>                              14%]
[Progress:>                             0%] [Cov:=====>                             17%]
[Progress:>                             0%] [Cov:======>                            18%]
[Progress:>                             0%] [Cov:======>                            19%]
[Progress:>                             0%] [Cov:=======>                           22%]
[Progress:>                             0%] [Cov:========>                          24%]
[Progress:>                             0%] [Cov:========>                          25%]
[Progress:>                             1%] [Cov:>                                  1%]
[Progress:>                             1%] [Cov:>                                  2%]
[Progress:>                             1%] [Cov:=====>                             15%]
[Progress:>                             1%] [Cov:=====>                             16%]
[Progress:>                             1%] [Cov:=====>                             17%]
[Progress:>                             1%] [Cov:======>                            18%]
[Progress:>                             1%] [Cov:=======>                           21%]
[Progress:>                             1%] [Cov:========>                          23%]
[Progress:>                             1%] [Cov:========>                          24%]
[Progress:>                             1%] [Cov:========>                          25%]
[Progress:>                             1%] [Cov:=========>                         26%]
[Progress:>                             1%] [Cov:=========>                         27%]
[Progress:>                             2%] [Cov:>                                  1%]
[Progress:>                             2%] [Cov:>                                  2%]
[Progress:>                             2%] [Cov:====>                              14%]
[Progress:>                             2%] [Cov:=====>                             15%]
[Progress:>                             2%] [Cov:=====>                             16%]
[Progress:>                             2%] [Cov:=====>                             17%]
[Progress:>                             2%] [Cov:======>                            19%]
[Progress:>                             2%] [Cov:=======>                           20%]
[Progress:>                             2%] [Cov:=======>                           22%]
[Progress:>                             2%] [Cov:========>                          23%]
[Progress:>                             2%] [Cov:========>                          24%]
[Progress:>                             2%] [Cov:========>                          25%]
[Progress:>                             2%] [Cov:=========>                         26%]
[Progress:>                             2%] [Cov:=========>                         27%]
[Progress:>                             2%] [Cov:=========>                         28%]
[Progress:>                             2%] [Cov:==========>                        29%]
[Progress:>                             3%] [Cov:=====>                             16%]
[Progress:>                             3%] [Cov:=======>                           20%]
[Progress:>                             3%] [Cov:=======>                           21%]
[Progress:>                             3%] [Cov:=======>                           22%]
[Progress:>                             3%] [Cov:========>                          23%]
[Progress:>                             3%] [Cov:========>                          24%]
[Progress:>                             3%] [Cov:========>                          25%]
[Progress:>                             3%] [Cov:=========>                         26%]
[Progress:>                             3%] [Cov:==========>                        29%]
[Progress:=>                            4%] [Cov:======>                            18%]
[Progress:=>                            4%] [Cov:=======>                           22%]
[Progress:=>                            4%] [Cov:========>                          24%]
[Progress:=>                            4%] [Cov:=========>                         26%]
[Progress:=>                            4%] [Cov:=========>                         28%]
[Progress:=>                            4%] [Cov:==========>                        29%]
[Progress:=>                            4%] [Cov:==========>                        30%]
[Progress:=>                            4%] [Cov:==========>                        29%]
[Progress:=>                            4%] [Cov:==========>                        30%]
[Progress:=>                            4%] [Cov:==========>                        31%]
[Progress:=>                            4%] [Cov:===========>                       32%]
[Progress:=>                            4%] [Cov:==========>                        29%]
[Progress:=>                            4%] [Cov:==========>                        31%]
[Progress:=>                            4%] [Cov:===========>                       32%]
[Progress:=>                            4%] [Cov:===========>                       33%]
[Progress:=>                            4%] [Cov:===========>                       34%]
[Progress:=>                            4%] [Cov:===========>                       34%]
[Progress:=>                            5%] [Cov:==========>                        29%]
[Progress:=>                            5%] [Cov:==========>                        30%]
[Progress:=>                            5%] [Cov:===========>                       32%]
[Progress:=>                            5%] [Cov:===========>                       33%]
[Progress:=>                            5%] [Cov:===========>                       34%]
[Progress:=>                            5%] [Cov:===========>                       34%]
[Progress:=>                            5%] [Cov:============>                      35%]
[Progress:=>                            5%] [Cov:============>                      36%]
[Progress:=>                            6%] [Cov:==========>                        30%]
[Progress:=>                            6%] [Cov:==========>                        31%]
[Progress:=>                            6%] [Cov:===========>                       32%]
[Progress:=>                            6%] [Cov:===========>                       33%]
[Progress:=>                            6%] [Cov:===========>                       34%]
[Progress:=>                            6%] [Cov:===========>                       34%]
[Progress:=>                            6%] [Cov:============>                      36%]
[Progress:=>                            6%] [Cov:============>                      37%]
[Progress:=>                            6%] [Cov:=============>                     38%]
[Progress:=>                            6%] [Cov:=============>                     38%]
[Progress:=>                            6%] [Cov:==============>                    40%]
[Progress:=>                            6%] [Cov:==============>                    42%]
[Progress:==>                           7%] [Cov:===========>                       33%]
[Progress:==>                           7%] [Cov:============>                      36%]
[Progress:==>                           7%] [Cov:============>                      37%]
[Progress:==>                           7%] [Cov:=============>                     38%]
[Progress:==>                           7%] [Cov:============>                      37%]
[Progress:==>                           7%] [Cov:=============>                     38%]
[Progress:==>                           8%] [Cov:============>                      37%]
[Progress:==>                           8%] [Cov:============>                      37%]
[Progress:==>                           8%] [Cov:==============>                    42%]
[Progress:==>                           8%] [Cov:===============>                   43%]
[Progress:==>                           8%] [Cov:==============>                    41%]
[Progress:==>                           8%] [Cov:==============>                    42%]
[Progress:==>                           8%] [Cov:===============>                   43%]
[Progress:==>                           8%] [Cov:===============>                   44%]
[Progress:==>                           9%] [Cov:===========>                       34%]
[Progress:==>                           9%] [Cov:===============>                   44%]
[Progress:==>                           9%] [Cov:===============>                   44%]
[Progress:==>                           9%] [Cov:===============>                   45%]
[Progress:==>                           9%] [Cov:===============>                   45%]
[Progress:===>                          10%] [Cov:==============>                    41%]
[Progress:===>                          10%] [Cov:===============>                   43%]
[Progress:===>                          10%] [Cov:===============>                   45%]
[Progress:===>                          10%] [Cov:================>                  46%]
[Progress:===>                          10%] [Cov:================>                  47%]
[Progress:===>                          10%] [Cov:===============>                   43%]
[Progress:===>                          10%] [Cov:================>                  46%]
[Progress:===>                          10%] [Cov:================>                  47%]
[Progress:===>                          10%] [Cov:===============>                   43%]
[Progress:===>                          10%] [Cov:===============>                   44%]
[Progress:===>                          10%] [Cov:===============>                   45%]
[Progress:===>                          10%] [Cov:================>                  46%]
[Progress:===>                          10%] [Cov:================>                  47%]
[Progress:===>                          11%] [Cov:==============>                    41%]
[Progress:===>                          11%] [Cov:===============>                   43%]
[Progress:===>                          11%] [Cov:================>                  47%]
[Progress:===>                          11%] [Cov:===============>                   43%]
[Progress:===>                          11%] [Cov:===============>                   44%]
[Progress:===>                          11%] [Cov:================>                  46%]
[Progress:===>                          11%] [Cov:================>                  47%]
[Progress:===>                          12%] [Cov:==============>                    42%]
[Progress:===>                          12%] [Cov:===============>                   43%]
[Progress:===>                          12%] [Cov:===============>                   45%]
[Progress:===>                          12%] [Cov:================>                  46%]
[Progress:===>                          12%] [Cov:================>                  47%]
[Progress:===>                          12%] [Cov:================>                  48%]
[Progress:===>                          12%] [Cov:=================>                 49%]
[Progress:===>                          12%] [Cov:================>                  48%]
[Progress:===>                          12%] [Cov:=================>                 49%]
[Progress:===>                          12%] [Cov:===============>                   45%]
[Progress:===>                          12%] [Cov:================>                  48%]
[Progress:===>                          12%] [Cov:=================>                 49%]
[Progress:===>                          13%] [Cov:================>                  48%]
[Progress:===>                          13%] [Cov:================>                  48%]
[Progress:===>                          13%] [Cov:=================>                 49%]
[Progress:====>                         14%] [Cov:=================>                 49%]
[Progress:====>                         14%] [Cov:================>                  48%]
[Progress:====>                         14%] [Cov:=================>                 49%]
[Progress:====>                         14%] [Cov:=================>                 50%]
[Progress:====>                         14%] [Cov:=================>                 51%]
[Progress:====>                         14%] [Cov:==================>                52%]
[Progress:====>                         14%] [Cov:================>                  48%]
[Progress:====>                         14%] [Cov:=================>                 50%]
[Progress:====>                         14%] [Cov:==================>                52%]
[Progress:====>                         14%] [Cov:==================>                53%]
[Progress:====>                         14%] [Cov:==================>                54%]
[Progress:====>                         15%] [Cov:================>                  48%]
[Progress:====>                         15%] [Cov:=================>                 49%]
[Progress:====>                         15%] [Cov:=================>                 50%]
[Progress:====>                         15%] [Cov:==================>                52%]
[Progress:====>                         15%] [Cov:================>                  48%]
[Progress:====>                         15%] [Cov:=================>                 51%]
[Progress:====>                         15%] [Cov:==================>                52%]
[Progress:====>                         16%] [Cov:================>                  48%]
[Progress:====>                         16%] [Cov:=================>                 49%]
[Progress:====>                         16%] [Cov:==================>                53%]
[Progress:====>                         16%] [Cov:==================>                54%]
[Progress:====>                         16%] [Cov:================>                  48%]
[Progress:====>                         16%] [Cov:==================>                52%]
[Progress:====>                         16%] [Cov:==================>                53%]
[Progress:====>                         16%] [Cov:==================>                54%]
[Progress:====>                         16%] [Cov:===================>               55%]
[Progress:====>                         16%] [Cov:==================>                53%]
[Progress:=====>                        17%] [Cov:=================>                 51%]
[Progress:=====>                        17%] [Cov:==================>                52%]
[Progress:=====>                        17%] [Cov:==================>                54%]
[Progress:=====>                        17%] [Cov:===================>               55%]
[Progress:=====>                        17%] [Cov:===================>               56%]
[Progress:=====>                        17%] [Cov:=================>                 51%]
[Progress:=====>                        17%] [Cov:==================>                53%]
[Progress:=====>                        18%] [Cov:=================>                 49%]
[Progress:=====>                        18%] [Cov:==================>                52%]
[Progress:=====>                        18%] [Cov:==================>                54%]
[Progress:=====>                        18%] [Cov:===================>               55%]
[Progress:=====>                        18%] [Cov:===================>               56%]
[Progress:=====>                        18%] [Cov:==================>                52%]
[Progress:=====>                        18%] [Cov:==================>                54%]
[Progress:=====>                        18%] [Cov:===================>               55%]
[Progress:=====>                        18%] [Cov:===================>               56%]
[Progress:=====>                        19%] [Cov:=================>                 51%]
[Progress:=====>                        19%] [Cov:===================>               56%]
[Progress:=====>                        19%] [Cov:==================>                53%]
[Progress:=====>                        19%] [Cov:==================>                54%]
[Progress:=====>                        19%] [Cov:===================>               56%]
[Progress:======>                       20%] [Cov:==================>                53%]
[Progress:======>                       20%] [Cov:===================>               55%]
[Progress:======>                       20%] [Cov:===================>               56%]
[Progress:======>                       20%] [Cov:===================>               56%]
[Progress:======>                       20%] [Cov:===================>               57%]
[Progress:======>                       20%] [Cov:====================>              58%]
[Progress:======>                       21%] [Cov:==================>                53%]
[Progress:======>                       21%] [Cov:===================>               56%]
[Progress:======>                       21%] [Cov:===================>               57%]
[Progress:======>                       21%] [Cov:===================>               56%]
[Progress:======>                       21%] [Cov:===================>               57%]
[Progress:======>                       21%] [Cov:====================>              58%]
[Progress:======>                       22%] [Cov:==================>                53%]
[Progress:======>                       22%] [Cov:===================>               55%]
[Progress:======>                       22%] [Cov:===================>               56%]
[Progress:======>                       22%] [Cov:===================>               57%]
[Progress:======>                       22%] [Cov:===================>               56%]
[Progress:======>                       22%] [Cov:===================>               57%]
[Progress:======>                       22%] [Cov:====================>              58%]
[Progress:======>                       22%] [Cov:===================>               56%]
[Progress:======>                       22%] [Cov:===================>               57%]
[Progress:======>                       22%] [Cov:====================>              58%]
[Progress:======>                       22%] [Cov:====================>              59%]
[Progress:======>                       23%] [Cov:==================>                54%]
[Progress:======>                       23%] [Cov:===================>               57%]
[Progress:======>                       23%] [Cov:====================>              58%]
[Progress:======>                       23%] [Cov:====================>              59%]
[Progress:======>                       23%] [Cov:====================>              59%]
[Progress:=======>                      24%] [Cov:===================>               57%]
[Progress:=======>                      24%] [Cov:====================>              58%]
[Progress:=======>                      24%] [Cov:====================>              59%]
[Progress:=======>                      24%] [Cov:=====================>             60%]
[Progress:=======>                      24%] [Cov:=====================>             60%]
[Progress:=======>                      25%] [Cov:==================>                52%]
[Progress:=======>                      25%] [Cov:===================>               55%]
[Progress:=======>                      25%] [Cov:===================>               56%]
[Progress:=======>                      25%] [Cov:====================>              59%]
[Progress:=======>                      25%] [Cov:=====================>             60%]
[Progress:=======>                      25%] [Cov:=====================>             61%]
[Progress:=======>                      25%] [Cov:=====================>             61%]
[Progress:=======>                      26%] [Cov:==================>                53%]
[Progress:=======>                      26%] [Cov:====================>              58%]
[Progress:=======>                      26%] [Cov:====================>              59%]
[Progress:=======>                      26%] [Cov:=====================>             60%]
[Progress:=======>                      26%] [Cov:=====================>             61%]
[Progress:=======>                      26%] [Cov:=====================>             61%]
[Progress:========>                     27%] [Cov:===================>               57%]
[Progress:========>                     27%] [Cov:====================>              58%]
[Progress:========>                     27%] [Cov:====================>              59%]
[Progress:========>                     27%] [Cov:=====================>             61%]
[Progress:========>                     28%] [Cov:=====================>             61%]
[Progress:========>                     28%] [Cov:=====================>             61%]
[Progress:========>                     28%] [Cov:=====================>             62%]
[Progress:========>                     28%] [Cov:=====================>             60%]
[Progress:========>                     28%] [Cov:=====================>             61%]
[Progress:========>                     29%] [Cov:====================>              59%]
[Progress:========>                     29%] [Cov:=====================>             61%]
[Progress:========>                     29%] [Cov:=====================>             62%]
[Progress:=========>                    30%] [Cov:===================>               57%]
[Progress:=========>                    30%] [Cov:=====================>             62%]
[Progress:=========>                    30%] [Cov:=====================>             62%]
[Progress:=========>                    31%] [Cov:====================>              59%]
[Progress:=========>                    31%] [Cov:=====================>             60%]
[Progress:=========>                    31%] [Cov:=====================>             62%]
[Progress:=========>                    31%] [Cov:=====================>             62%]
[Progress:=========>                    32%] [Cov:====================>              59%]
[Progress:=========>                    32%] [Cov:=====================>             62%]
[Progress:=========>                    32%] [Cov:======================>            63%]
[Progress:=========>                    32%] [Cov:=====================>             61%]
[Progress:=========>                    32%] [Cov:======================>            63%]
[Progress:=========>                    33%] [Cov:=====================>             61%]
[Progress:=========>                    33%] [Cov:=====================>             62%]
[Progress:=========>                    33%] [Cov:======================>            63%]
[Progress:=========>                    33%] [Cov:=====================>             61%]
[Progress:=========>                    33%] [Cov:======================>            63%]
[Progress:==========>                   34%] [Cov:======================>            63%]
[Progress:==========>                   34%] [Cov:=====================>             62%]
[Progress:==========>                   34%] [Cov:======================>            63%]
[Progress:==========>                   35%] [Cov:======================>            63%]
[Progress:==========>                   36%] [Cov:====================>              59%]
[Progress:==========>                   36%] [Cov:=====================>             60%]
[Progress:==========>                   36%] [Cov:=====================>             61%]
[Progress:==========>                   36%] [Cov:=====================>             62%]
[Progress:==========>                   36%] [Cov:======================>            63%]
[Progress:==========>                   36%] [Cov:=====================>             62%]
[Progress:==========>                   36%] [Cov:======================>            63%]
[Progress:===========>                  37%] [Cov:=====================>             61%]
[Progress:===========>                  37%] [Cov:=====================>             62%]
[Progress:===========>                  37%] [Cov:======================>            63%]
[Progress:===========>                  37%] [Cov:=====================>             62%]
[Progress:===========>                  37%] [Cov:======================>            63%]
[Progress:===========>                  38%] [Cov:====================>              58%]
[Progress:===========>                  38%] [Cov:=====================>             61%]
[Progress:===========>                  38%] [Cov:=====================>             62%]
[Progress:===========>                  38%] [Cov:======================>            63%]
[Progress:===========>                  38%] [Cov:======================>            64%]
[Progress:===========>                  38%] [Cov:======================>            65%]
[Progress:===========>                  38%] [Cov:======================>            65%]
[Progress:===========>                  39%] [Cov:=====================>             62%]
[Progress:===========>                  39%] [Cov:======================>            63%]
[Progress:===========>                  39%] [Cov:======================>            64%]
[Progress:============>                 40%] [Cov:===>                               11%]
[Progress:============>                 40%] [Cov:=====================>             62%]
[Progress:============>                 40%] [Cov:======================>            63%]
[Progress:============>                 40%] [Cov:======================>            64%]
[Progress:============>                 40%] [Cov:======================>            65%]
[Progress:============>                 40%] [Cov:======================>            63%]
[Progress:============>                 40%] [Cov:======================>            64%]
[Progress:============>                 40%] [Cov:======================>            65%]
[Progress:============>                 41%] [Cov:=====================>             61%]
[Progress:============>                 41%] [Cov:======================>            63%]
[Progress:============>                 41%] [Cov:======================>            65%]
[Progress:============>                 41%] [Cov:======================>            65%]
[Progress:============>                 42%] [Cov:======================>            63%]
[Progress:============>                 42%] [Cov:======================>            64%]
[Progress:============>                 42%] [Cov:======================>            65%]
[Progress:============>                 42%] [Cov:======================>            65%]
[Progress:============>                 43%] [Cov:======================>            64%]
[Progress:============>                 43%] [Cov:======================>            65%]
[Progress:============>                 43%] [Cov:=======================>           66%]
[Progress:=============>                44%] [Cov:======================>            63%]
[Progress:=============>                44%] [Cov:======================>            64%]
[Progress:=============>                44%] [Cov:======================>            65%]
[Progress:=============>                44%] [Cov:======================>            64%]
[Progress:=============>                44%] [Cov:======================>            65%]
[Progress:=============>                44%] [Cov:=======================>           66%]
[Progress:=============>                45%] [Cov:======================>            65%]
[Progress:=============>                45%] [Cov:======================>            64%]
[Progress:=============>                45%] [Cov:======================>            65%]
[Progress:=============>                45%] [Cov:=======================>           66%]
[Progress:=============>                46%] [Cov:======================>            65%]
[Progress:=============>                46%] [Cov:=======================>           66%]
[Progress:=============>                46%] [Cov:======================>            64%]
[Progress:=============>                46%] [Cov:======================>            65%]
[Progress:=============>                46%] [Cov:=======================>           66%]
[Progress:=============>                46%] [Cov:=======================>           67%]
[Progress:==============>               47%] [Cov:======================>            65%]
[Progress:==============>               47%] [Cov:=======================>           66%]
[Progress:==============>               47%] [Cov:=======================>           67%]
[Progress:==============>               48%] [Cov:======================>            64%]
[Progress:==============>               48%] [Cov:======================>            65%]
[Progress:==============>               48%] [Cov:=======================>           66%]
[Progress:==============>               48%] [Cov:=======================>           67%]
[Progress:==============>               48%] [Cov:=======================>           67%]
[Progress:==============>               49%] [Cov:======================>            65%]
[Progress:==============>               49%] [Cov:=======================>           66%]
[Progress:==============>               49%] [Cov:=======================>           67%]
[Progress:===============>              50%] [Cov:======================>            65%]
[Progress:===============>              50%] [Cov:=======================>           66%]
[Progress:===============>              50%] [Cov:=======================>           67%]
[Progress:===============>              50%] [Cov:=======================>           67%]
[Progress:===============>              51%] [Cov:======================>            64%]
[Progress:===============>              51%] [Cov:=======================>           66%]
[Progress:===============>              51%] [Cov:=======================>           67%]
[Progress:===============>              51%] [Cov:=======================>           67%]
[Progress:===============>              52%] [Cov:=======================>           66%]
[Progress:===============>              52%] [Cov:=======================>           67%]
[Progress:===============>              52%] [Cov:=======================>           68%]
[Progress:===============>              52%] [Cov:=======================>           68%]
[Progress:===============>              53%] [Cov:=======================>           67%]
[Progress:================>             54%] [Cov:=======================>           66%]
[Progress:================>             54%] [Cov:=======================>           67%]
[Progress:================>             54%] [Cov:=======================>           68%]
[Progress:================>             54%] [Cov:=======================>           68%]
[Progress:================>             55%] [Cov:=======================>           67%]
[Progress:================>             55%] [Cov:=======================>           68%]
[Progress:================>             56%] [Cov:=======================>           67%]
[Progress:================>             56%] [Cov:=======================>           68%]
[Progress:================>             56%] [Cov:========================>          69%]
[Progress:=================>            57%] [Cov:=======================>           68%]
[Progress:=================>            57%] [Cov:========================>          69%]
[Progress:=================>            58%] [Cov:=======================>           67%]
[Progress:=================>            58%] [Cov:=======================>           68%]
[Progress:=================>            58%] [Cov:========================>          69%]
[Progress:=================>            59%] [Cov:=======================>           68%]
[Progress:=================>            59%] [Cov:========================>          69%]
[Progress:==================>           60%] [Cov:=======================>           67%]
[Progress:==================>           60%] [Cov:=======================>           68%]
[Progress:==================>           60%] [Cov:========================>          69%]
[Progress:==================>           61%] [Cov:=======================>           68%]
[Progress:==================>           61%] [Cov:========================>          69%]
[Progress:==================>           61%] [Cov:========================>          69%]
[Progress:==================>           61%] [Cov:========================>          70%]
[Progress:==================>           62%] [Cov:=======================>           68%]
[Progress:==================>           62%] [Cov:========================>          69%]
[Progress:==================>           63%] [Cov:=======================>           68%]
[Progress:==================>           63%] [Cov:========================>          69%]
[Progress:==================>           63%] [Cov:========================>          70%]
[Progress:===================>          64%] [Cov:========================>          69%]
[Progress:===================>          64%] [Cov:========================>          70%]
[Progress:===================>          64%] [Cov:========================>          70%]
[Progress:===================>          65%] [Cov:========================>          70%]
[Progress:===================>          66%] [Cov:========================>          69%]
[Progress:===================>          66%] [Cov:========================>          70%]
[Progress:====================>         67%] [Cov:========================>          69%]
[Progress:====================>         67%] [Cov:========================>          70%]
[Progress:====================>         68%] [Cov:=======================>           68%]
[Progress:====================>         68%] [Cov:========================>          69%]
[Progress:====================>         68%] [Cov:========================>          70%]
[Progress:====================>         68%] [Cov:========================>          70%]
[Progress:====================>         68%] [Cov:========================>          71%]
[Progress:====================>         69%] [Cov:========================>          69%]
[Progress:====================>         69%] [Cov:========================>          70%]
[Progress:====================>         69%] [Cov:========================>          69%]
[Progress:====================>         69%] [Cov:========================>          70%]
[Progress:=====================>        70%] [Cov:========================>          70%]
[Progress:=====================>        71%] [Cov:========================>          69%]
[Progress:=====================>        71%] [Cov:========================>          70%]
[Progress:=====================>        71%] [Cov:========================>          71%]
[Progress:=====================>        71%] [Cov:========================>          69%]
[Progress:=====================>        71%] [Cov:========================>          70%]
[Progress:=====================>        71%] [Cov:========================>          71%]
[Progress:=====================>        72%] [Cov:=======================>           67%]
[Progress:=====================>        72%] [Cov:========================>          71%]
[Progress:=====================>        72%] [Cov:========================>          70%]
[Progress:=====================>        72%] [Cov:========================>          71%]
[Progress:=====================>        73%] [Cov:========================>          70%]
[Progress:=====================>        73%] [Cov:========================>          71%]
[Progress:=====================>        73%] [Cov:=========================>         72%]
[Progress:======================>       74%] [Cov:========================>          71%]
[Progress:======================>       74%] [Cov:========================>          70%]
[Progress:======================>       74%] [Cov:========================>          71%]
[Progress:======================>       75%] [Cov:========================>          70%]
[Progress:======================>       75%] [Cov:========================>          71%]
[Progress:======================>       76%] [Cov:========================>          71%]
[Progress:======================>       76%] [Cov:========================>          70%]
[Progress:======================>       76%] [Cov:========================>          71%]
[Progress:=======================>      77%] [Cov:========================>          71%]
[Progress:=======================>      77%] [Cov:=========================>         72%]
[Progress:=======================>      78%] [Cov:========================>          71%]
[Progress:=======================>      78%] [Cov:========================>          70%]
[Progress:=======================>      78%] [Cov:========================>          71%]
[Progress:=======================>      78%] [Cov:=========================>         72%]
[Progress:=======================>      79%] [Cov:========================>          70%]
[Progress:=======================>      79%] [Cov:========================>          71%]
[Progress:========================>     80%] [Cov:========================>          71%]
[Progress:========================>     80%] [Cov:========================>          70%]
[Progress:========================>     80%] [Cov:========================>          71%]
[Progress:========================>     80%] [Cov:=========================>         72%]
[Progress:========================>     81%] [Cov:========================>          71%]
[Progress:========================>     81%] [Cov:=========================>         72%]
[Progress:========================>     81%] [Cov:========================>          70%]
[Progress:========================>     81%] [Cov:========================>          71%]
[Progress:========================>     81%] [Cov:=========================>         72%]
[Progress:========================>     82%] [Cov:=======================>           68%]
[Progress:========================>     82%] [Cov:========================>          71%]
[Progress:========================>     82%] [Cov:=========================>         72%]
[Progress:========================>     83%] [Cov:========================>          70%]
[Progress:========================>     83%] [Cov:========================>          71%]
[Progress:========================>     83%] [Cov:=========================>         72%]
[Progress:========================>     83%] [Cov:========================>          70%]
[Progress:========================>     83%] [Cov:========================>          71%]
[Progress:========================>     83%] [Cov:=========================>         72%]
[Progress:=========================>    84%] [Cov:========================>          71%]
[Progress:=========================>    84%] [Cov:=========================>         72%]
[Progress:=========================>    85%] [Cov:========================>          71%]
[Progress:=========================>    85%] [Cov:=========================>         72%]
[Progress:=========================>    85%] [Cov:========================>          71%]
[Progress:=========================>    85%] [Cov:=========================>         72%]
[Progress:=========================>    86%] [Cov:=========================>         72%]
[Progress:==========================>   87%] [Cov:========================>          71%]
[Progress:==========================>   87%] [Cov:=========================>         72%]
[Progress:==========================>   87%] [Cov:========================>          71%]
[Progress:==========================>   87%] [Cov:=========================>         72%]
[Progress:==========================>   88%] [Cov:=========================>         72%]
[Progress:==========================>   89%] [Cov:========================>          71%]
[Progress:==========================>   89%] [Cov:========================>          71%]
[Progress:==========================>   89%] [Cov:=========================>         72%]
[Progress:===========================>  90%] [Cov:========================>          71%]
[Progress:===========================>  90%] [Cov:=========================>         72%]
[Progress:===========================>  90%] [Cov:========================>          71%]
[Progress:===========================>  90%] [Cov:=========================>         72%]
[Progress:===========================>  91%] [Cov:=========================>         72%]
[Progress:===========================>  92%] [Cov:========================>          71%]
[Progress:===========================>  92%] [Cov:=========================>         73%]
[Progress:===========================>  92%] [Cov:=========================>         72%]
[Progress:===========================>  93%] [Cov:=========================>         72%]
[Progress:============================> 94%] [Cov:=========================>         72%]
[Progress:============================> 94%] [Cov:=========================>         73%]
[Progress:============================> 94%] [Cov:=========================>         72%]
[Progress:============================> 95%] [Cov:========================>          71%]
[Progress:============================> 95%] [Cov:=========================>         72%]
[Progress:============================> 95%] [Cov:=========================>         73%]
[Progress:============================> 96%] [Cov:=========================>         72%]
[Progress:============================> 96%] [Cov:=========================>         73%]
[Progress:============================> 96%] [Cov:=========================>         72%]
[Progress:=============================>97%] [Cov:=========================>         72%]
[Progress:=============================>97%] [Cov:=========================>         73%]
[Progress:=============================>98%] [Cov:=========================>         72%]
[Progress:=============================>98%] [Cov:=========================>         73%]
[Progress:=============================>98%] [Cov:=========================>         72%]
[Progress:=============================>98%] [Cov:=========================>         73%]
[Progress:=============================>99%] [Cov:=========================>         73%]
[Progress:==============================100%] [Cov:=========================>         72%]
[Progress:==============================100%] [Cov:=========================>         73%]
[Progress:==============================100%] [Cov:=========================>         73%]
* Search finished after 151s and 84 generations, 38507 statements, best individual has fitness: 264.1866801678057
* Minimizing test suite
* Going to analyze the coverage criteria
* Coverage analysis for criterion LINE
* Coverage of criterion LINE: 84%
* Total number of goals: 255
* Number of covered goals: 213
* Coverage analysis for criterion BRANCH
* Coverage of criterion BRANCH: 78%
* Total number of goals: 134
* Number of covered goals: 105
* Coverage analysis for criterion EXCEPTION
* Coverage of criterion EXCEPTION: 35%
* Total number of goals: 34
* Number of covered goals: 12
* Coverage analysis for criterion WEAKMUTATION
* Coverage of criterion WEAKMUTATION: 81%
* Total number of goals: 465
* Number of covered goals: 377
* Coverage analysis for criterion OUTPUT
* Coverage of criterion OUTPUT: 32%
* Total number of goals: 84
* Number of covered goals: 27
* Coverage analysis for criterion METHOD
* Coverage of criterion METHOD: 84%
* Total number of goals: 45
* Number of covered goals: 38
* Coverage analysis for criterion METHODNOEXCEPTION
* Coverage of criterion METHODNOEXCEPTION: 69%
* Total number of goals: 45
* Number of covered goals: 31
* Coverage analysis for criterion CBRANCH
* Coverage of criterion CBRANCH: 75%
* Total number of goals: 134
* Number of covered goals: 100
* Generated 51 tests with total length 242
* Resulting test suite's coverage: 73% (average coverage for all fitness functions)
* Generating assertions
* Resulting test suite's mutation score: 49%
* Compiling and checking tests
* Writing tests to file
* Writing JUnit test case 'Partial_ESTest' to evosuite-tests
* Done!

* Computation finished

