CMD: /usr/lib/jvm/java-8-openjdk-amd64/bin/java -Dtools_jar_location=/usr/lib/jvm/java-8-openjdk-amd64/lib/tools.jar -jar /home/user/evosuite/evosuite-1.2.0.jar -generateSuite -class org.apache.commons.math3.optimization.univariate.BrentOptimizer -projectCP /home/user/evosuite/Test/Math-24b/target/classes -base_dir /home/user/evosuite/results/project-Math/Math-24/round02/evosuite-work -seed 11 -Dalgorithm=NSGAII -Dsearch_budget=150 -Dtest_format=JUNIT4 -Dassertions=true

* EvoSuite 1.2.0
* Going to generate test cases for class: org.apache.commons.math3.optimization.univariate.BrentOptimizer
* Starting Client-0
* Connecting to master process on port 8220
* Analyzing classpath: 
  - /home/user/evosuite/Test/Math-24b/target/classes
* Finished analyzing classpath
* Generating tests for class org.apache.commons.math3.optimization.univariate.BrentOptimizer
* Test criteria:
  - Line Coverage
  - Branch Coverage
  - Exception
  - Mutation testing (weak)
  - Method-Output Coverage
  - Top-Level Method Coverage
  - No-Exception Top-Level Method Coverage
  - Context Branch Coverage
* Setting up search algorithm for whole suite generation
* Total number of test goals: 
  - Line 118
  - Branch 75
  - Exception 0
  - MutationFactory 171
  - Output 7
  - Method 3
  - MethodNoException 3
  - CBranchFitnessFactory 75
* Using seed 11
* Starting evolution

[Progress:>                             0%] [Cov:>                                  0%]
[Progress:>                             0%] [Cov:>                                  0%][MASTER] 18:38:33.463 [logback-1] WARN  TestCluster - Failed to check cache for org.apache.commons.math3.optimization.ConvergenceChecker<PAIR> : Type points to itself

[Progress:>                             1%] [Cov:>                                  2%]
[Progress:>                             1%] [Cov:=>                                 3%]
[Progress:>                             1%] [Cov:=====>                             16%]
[Progress:>                             1%] [Cov:=====>                             17%]
[Progress:>                             1%] [Cov:=========>                         28%]
[Progress:>                             1%] [Cov:============>                      36%]
[Progress:>                             1%] [Cov:============>                      37%]
[Progress:>                             2%] [Cov:>                                  0%]
[Progress:>                             2%] [Cov:>                                  2%]
[Progress:>                             2%] [Cov:=>                                 3%]
[Progress:>                             2%] [Cov:====>                              13%]
[Progress:>                             2%] [Cov:=====>                             16%]
[Progress:>                             2%] [Cov:=====>                             17%]
[Progress:>                             2%] [Cov:=======>                           21%]
[Progress:>                             2%] [Cov:========>                          25%]
[Progress:>                             2%] [Cov:=========>                         28%]
[Progress:>                             2%] [Cov:==========>                        29%]
[Progress:>                             2%] [Cov:===========>                       33%]
[Progress:>                             2%] [Cov:============>                      36%]
[Progress:>                             2%] [Cov:============>                      37%]
[Progress:>                             2%] [Cov:==============>                    42%]
[Progress:>                             2%] [Cov:===============>                   44%]
[Progress:>                             3%] [Cov:===>                               9%]
[Progress:>                             3%] [Cov:=====>                             16%]
[Progress:>                             3%] [Cov:======>                            18%]
[Progress:>                             3%] [Cov:==========>                        29%]
[Progress:>                             3%] [Cov:=============>                     39%]
[Progress:>                             3%] [Cov:=================>                 50%]
[Progress:>                             3%] [Cov:====================>              58%]
[Progress:>                             3%] [Cov:======================>            63%]
[Progress:>                             3%] [Cov:======================>            63%]
[Progress:=>                            4%] [Cov:==========>                        30%]
[Progress:=>                            4%] [Cov:============>                      37%]
[Progress:=>                            4%] [Cov:===============>                   44%]
[Progress:=>                            4%] [Cov:================>                  48%]
[Progress:=>                            4%] [Cov:======================>            63%]
[Progress:=>                            4%] [Cov:======================>            63%]
[Progress:=>                            4%] [Cov:=======================>           66%]
[Progress:=>                            4%] [Cov:======================>            63%]
[Progress:=>                            5%] [Cov:=====================>             60%]
[Progress:=>                            5%] [Cov:=====================>             61%]
[Progress:=>                            5%] [Cov:======================>            65%]
[Progress:=>                            5%] [Cov:========================>          70%]
[Progress:=>                            5%] [Cov:======================>            65%]
[Progress:=>                            5%] [Cov:=======================>           66%]
[Progress:=>                            6%] [Cov:=====>                             17%]
[Progress:=>                            6%] [Cov:================>                  46%]
[Progress:=>                            6%] [Cov:==================>                53%]
[Progress:=>                            6%] [Cov:==================>                54%]
[Progress:=>                            6%] [Cov:=====================>             60%]
[Progress:=>                            6%] [Cov:=====================>             61%]
[Progress:=>                            6%] [Cov:=====================>             62%]
[Progress:=>                            6%] [Cov:=======================>           66%]
[Progress:=>                            6%] [Cov:========================>          70%]
[Progress:=>                            6%] [Cov:======================>            65%]
[Progress:=>                            6%] [Cov:=======================>           67%]
[Progress:=>                            6%] [Cov:========================>          71%]
[Progress:=>                            6%] [Cov:======================>            65%]
[Progress:=>                            6%] [Cov:=======================>           68%]
[Progress:=>                            6%] [Cov:========================>          70%]
[Progress:=>                            6%] [Cov:========================>          71%]
[Progress:=>                            6%] [Cov:=========================>         73%]
[Progress:==>                           7%] [Cov:===>                               11%]
[Progress:==>                           7%] [Cov:======================>            65%]
[Progress:==>                           7%] [Cov:=======================>           66%]
[Progress:==>                           7%] [Cov:=======================>           68%]
[Progress:==>                           7%] [Cov:========================>          70%]
[Progress:==>                           7%] [Cov:======================>            65%]
[Progress:==>                           7%] [Cov:=========================>         72%]
[Progress:==>                           8%] [Cov:=========================>         72%]
[Progress:==>                           8%] [Cov:=========================>         73%]
[Progress:==>                           8%] [Cov:======================>            65%]
[Progress:==>                           8%] [Cov:=========================>         72%]
[Progress:==>                           8%] [Cov:=========================>         73%]
[Progress:==>                           8%] [Cov:======================>            65%]
[Progress:==>                           8%] [Cov:=======================>           67%]
[Progress:==>                           8%] [Cov:=======================>           68%]
[Progress:==>                           8%] [Cov:=========================>         72%]
[Progress:==>                           9%] [Cov:=========================>         73%]
[Progress:==>                           9%] [Cov:======================>            65%]
[Progress:==>                           9%] [Cov:=========================>         72%]
[Progress:==>                           9%] [Cov:=========================>         73%]
[Progress:===>                          10%] [Cov:=======================>           68%]
[Progress:===>                          10%] [Cov:=========================>         73%]
[Progress:===>                          10%] [Cov:======================>            65%]
[Progress:===>                          10%] [Cov:=========================>         73%]
[Progress:===>                          10%] [Cov:=========================>         74%]
[Progress:===>                          10%] [Cov:======================>            65%]
[Progress:===>                          10%] [Cov:=========================>         74%]
[Progress:===>                          11%] [Cov:==============>                    42%]
[Progress:===>                          11%] [Cov:=======================>           67%]
[Progress:===>                          11%] [Cov:========================>          71%]
[Progress:===>                          11%] [Cov:=========================>         72%]
[Progress:===>                          11%] [Cov:=========================>         73%]
[Progress:===>                          11%] [Cov:=========================>         74%]
[Progress:===>                          11%] [Cov:========================>          69%]
[Progress:===>                          11%] [Cov:========================>          70%]
[Progress:===>                          11%] [Cov:========================>          71%]
[Progress:===>                          11%] [Cov:=========================>         74%]
[Progress:===>                          12%] [Cov:=========================>         73%]
[Progress:===>                          12%] [Cov:=========================>         74%]
[Progress:===>                          12%] [Cov:========================>          71%]
[Progress:===>                          12%] [Cov:=========================>         73%]
[Progress:===>                          12%] [Cov:=========================>         74%]
[Progress:===>                          12%] [Cov:==========================>        76%]
[Progress:===>                          12%] [Cov:===========================>       78%]
[Progress:===>                          12%] [Cov:========================>          71%]
[Progress:===>                          12%] [Cov:=========================>         74%]
[Progress:===>                          12%] [Cov:==========================>        75%]
[Progress:===>                          12%] [Cov:==========================>        76%]
[Progress:===>                          13%] [Cov:=========================>         74%]
[Progress:===>                          13%] [Cov:==========================>        75%]
[Progress:===>                          13%] [Cov:==========================>        76%]
[Progress:===>                          13%] [Cov:===========================>       78%]
[Progress:===>                          13%] [Cov:===========================>       79%]
[Progress:====>                         14%] [Cov:========================>          71%]
[Progress:====>                         14%] [Cov:=========================>         72%]
[Progress:====>                         14%] [Cov:=========================>         74%]
[Progress:====>                         14%] [Cov:===========================>       79%]
[Progress:====>                         14%] [Cov:===========================>       79%]
[Progress:====>                         15%] [Cov:========================>          71%]
[Progress:====>                         15%] [Cov:=========================>         74%]
[Progress:====>                         15%] [Cov:==========================>        76%]
[Progress:====>                         15%] [Cov:===========================>       78%]
[Progress:====>                         15%] [Cov:===========================>       79%]
[Progress:====>                         15%] [Cov:===========================>       79%]
[Progress:====>                         15%] [Cov:============================>      80%]
[Progress:====>                         16%] [Cov:========================>          71%]
[Progress:====>                         16%] [Cov:===========================>       79%]
[Progress:====>                         16%] [Cov:===========================>       79%]
[Progress:====>                         16%] [Cov:============================>      80%]
[Progress:====>                         16%] [Cov:============================>      81%]
[Progress:====>                         16%] [Cov:============================>      82%]
[Progress:====>                         16%] [Cov:============================>      82%]
[Progress:=====>                        17%] [Cov:==========================>        75%]
[Progress:=====>                        17%] [Cov:============================>      82%]
[Progress:=====>                        17%] [Cov:============================>      82%]
[Progress:=====>                        18%] [Cov:==========================>        76%]
[Progress:=====>                        18%] [Cov:============================>      80%]
[Progress:=====>                        18%] [Cov:============================>      81%]
[Progress:=====>                        18%] [Cov:============================>      82%]
[Progress:=====>                        18%] [Cov:============================>      82%]
[Progress:=====>                        18%] [Cov:=============================>     83%]
[Progress:=====>                        18%] [Cov:=============================>     83%]
[Progress:=====>                        19%] [Cov:==========================>        76%]
[Progress:=====>                        19%] [Cov:===========================>       78%]
[Progress:=====>                        19%] [Cov:=============================>     83%]
[Progress:=====>                        19%] [Cov:=============================>     83%]
[Progress:======>                       20%] [Cov:==========================>        76%]
[Progress:======>                       20%] [Cov:============================>      81%]
[Progress:======>                       20%] [Cov:============================>      82%]
[Progress:======>                       20%] [Cov:=============================>     83%]
[Progress:======>                       20%] [Cov:=============================>     83%]
[Progress:======>                       20%] [Cov:============================>      80%]
[Progress:======>                       20%] [Cov:============================>      81%]
[Progress:======>                       20%] [Cov:============================>      82%]
[Progress:======>                       20%] [Cov:=============================>     83%]
[Progress:======>                       21%] [Cov:===========================>       79%]
[Progress:======>                       21%] [Cov:============================>      82%]
[Progress:======>                       21%] [Cov:=============================>     83%]
[Progress:======>                       21%] [Cov:============================>      80%]
[Progress:======>                       21%] [Cov:=============================>     83%]
[Progress:======>                       22%] [Cov:============================>      82%]
[Progress:======>                       22%] [Cov:=============================>     83%]
[Progress:======>                       22%] [Cov:============================>      82%]
[Progress:======>                       22%] [Cov:=============================>     83%]
[Progress:======>                       22%] [Cov:=============================>     84%]
[Progress:======>                       22%] [Cov:============================>      82%]
[Progress:======>                       22%] [Cov:=============================>     83%]
[Progress:======>                       23%] [Cov:===========================>       79%]
[Progress:======>                       23%] [Cov:=============================>     83%]
[Progress:======>                       23%] [Cov:=============================>     84%]
[Progress:=======>                      24%] [Cov:===========================>       79%]
[Progress:=======>                      24%] [Cov:============================>      82%]
[Progress:=======>                      24%] [Cov:=============================>     83%]
[Progress:=======>                      24%] [Cov:=============================>     84%]
[Progress:=======>                      24%] [Cov:============================>      82%]
[Progress:=======>                      24%] [Cov:=============================>     84%]
[Progress:=======>                      25%] [Cov:=============================>     83%]
[Progress:=======>                      25%] [Cov:=============================>     84%]
[Progress:=======>                      25%] [Cov:============================>      82%]
[Progress:=======>                      25%] [Cov:=============================>     84%]
[Progress:=======>                      26%] [Cov:=============================>     84%]
[Progress:=======>                      26%] [Cov:=============================>     84%]
[Progress:========>                     27%] [Cov:=============================>     83%]
[Progress:========>                     27%] [Cov:=============================>     84%]
[Progress:========>                     27%] [Cov:=============================>     84%]
[Progress:========>                     28%] [Cov:=============================>     84%]
[Progress:========>                     28%] [Cov:=============================>     84%]
[Progress:========>                     28%] [Cov:=============================>     84%]
[Progress:========>                     29%] [Cov:=============================>     84%]
[Progress:=========>                    30%] [Cov:=============================>     84%]
[Progress:=========>                    30%] [Cov:=============================>     84%]
[Progress:=========>                    31%] [Cov:=============================>     84%]
[Progress:=========>                    31%] [Cov:=============================>     84%]
[Progress:=========>                    32%] [Cov:=============================>     84%]
[Progress:=========>                    32%] [Cov:=============================>     84%]
[Progress:=========>                    33%] [Cov:============================>      82%]
[Progress:=========>                    33%] [Cov:=============================>     84%]
[Progress:=========>                    33%] [Cov:=============================>     84%]
[Progress:==========>                   34%] [Cov:=============================>     84%]
[Progress:==========>                   34%] [Cov:=============================>     84%]
[Progress:==========>                   34%] [Cov:=============================>     84%]
[Progress:==========>                   35%] [Cov:========================>          70%]
[Progress:==========>                   35%] [Cov:============================>      81%]
[Progress:==========>                   35%] [Cov:=============================>     84%]
[Progress:==========>                   35%] [Cov:=============================>     84%]
[Progress:==========>                   36%] [Cov:=============================>     84%]
[Progress:==========>                   36%] [Cov:=============================>     84%]
[Progress:===========>                  37%] [Cov:=============================>     84%]
[Progress:===========>                  37%] [Cov:============================>      82%]
[Progress:===========>                  37%] [Cov:=============================>     84%]
[Progress:===========>                  38%] [Cov:=============================>     84%]
[Progress:===========>                  38%] [Cov:============================>      82%]
[Progress:===========>                  38%] [Cov:=============================>     84%]
[Progress:===========>                  39%] [Cov:=============================>     84%]
[Progress:===========>                  39%] [Cov:============================>      82%]
[Progress:===========>                  39%] [Cov:=============================>     84%]
[Progress:============>                 40%] [Cov:=============================>     84%]
[Progress:============>                 40%] [Cov:============================>      82%]
[Progress:============>                 40%] [Cov:=============================>     84%]
[Progress:============>                 41%] [Cov:=============================>     84%]
[Progress:============>                 41%] [Cov:============================>      82%]
[Progress:============>                 41%] [Cov:=============================>     84%]
[Progress:============>                 42%] [Cov:=============================>     84%]
[Progress:============>                 42%] [Cov:============================>      82%]
[Progress:============>                 42%] [Cov:=============================>     83%]
[Progress:============>                 42%] [Cov:=============================>     84%]
[Progress:============>                 43%] [Cov:=============================>     84%]
[Progress:============>                 43%] [Cov:============================>      81%]
[Progress:============>                 43%] [Cov:=============================>     84%]
[Progress:=============>                44%] [Cov:=============================>     84%]
[Progress:=============>                44%] [Cov:=============================>     84%]
[Progress:=============>                45%] [Cov:=============================>     84%]
[Progress:=============>                45%] [Cov:=============================>     84%]
[Progress:=============>                46%] [Cov:=============================>     84%]
[Progress:=============>                46%] [Cov:=============================>     84%]
[Progress:=============>                46%] [Cov:=============================>     85%]
[Progress:==============>               47%] [Cov:=============================>     84%]
[Progress:==============>               48%] [Cov:=============================>     84%]
[Progress:==============>               48%] [Cov:=============================>     85%]
[Progress:==============>               48%] [Cov:=============================>     85%]
[Progress:==============>               48%] [Cov:==============================>    86%]
[Progress:==============>               49%] [Cov:=============================>     84%]
[Progress:==============>               49%] [Cov:=============================>     85%]
[Progress:==============>               49%] [Cov:==============================>    86%]
[Progress:==============>               49%] [Cov:=============================>     85%]
[Progress:===============>              50%] [Cov:=============================>     84%]
[Progress:===============>              50%] [Cov:=============================>     85%]
[Progress:===============>              50%] [Cov:==============================>    86%]
[Progress:===============>              50%] [Cov:=============================>     84%]
[Progress:===============>              50%] [Cov:=============================>     85%]
[Progress:===============>              50%] [Cov:==============================>    86%]
[Progress:===============>              51%] [Cov:=============================>     84%]
[Progress:===============>              51%] [Cov:=============================>     85%]
[Progress:===============>              51%] [Cov:==============================>    86%]
[Progress:===============>              51%] [Cov:=============================>     85%]
[Progress:===============>              51%] [Cov:==============================>    86%]
[Progress:===============>              52%] [Cov:=============================>     85%]
[Progress:===============>              52%] [Cov:==============================>    86%]
[Progress:===============>              52%] [Cov:=============================>     85%]
[Progress:===============>              53%] [Cov:=============================>     85%]
[Progress:===============>              53%] [Cov:==============================>    86%]
[Progress:================>             54%] [Cov:=============================>     85%]
[Progress:================>             54%] [Cov:==============================>    86%]
[Progress:================>             54%] [Cov:=============================>     85%]
[Progress:================>             54%] [Cov:==============================>    86%]
[Progress:================>             54%] [Cov:==============================>    86%]
[Progress:================>             55%] [Cov:=============================>     84%]
[Progress:================>             55%] [Cov:==============================>    86%]
[Progress:================>             55%] [Cov:=============================>     84%]
[Progress:================>             55%] [Cov:==============================>    86%]
[Progress:================>             56%] [Cov:==============================>    86%]
[Progress:================>             56%] [Cov:=============================>     84%]
[Progress:================>             56%] [Cov:==============================>    86%]
[Progress:=================>            57%] [Cov:==============================>    86%]
[Progress:=================>            57%] [Cov:==============================>    86%]
[Progress:=================>            58%] [Cov:==============================>    86%]
[Progress:=================>            58%] [Cov:==============================>    86%]
[Progress:=================>            58%] [Cov:==============================>    86%]
[Progress:=================>            59%] [Cov:==============================>    86%]
[Progress:==================>           60%] [Cov:==============================>    86%]
[Progress:==================>           60%] [Cov:==============================>    86%]
[Progress:==================>           60%] [Cov:==============================>    86%]
[Progress:==================>           61%] [Cov:==============================>    86%]
[Progress:==================>           62%] [Cov:=============================>     84%]
[Progress:==================>           62%] [Cov:==============================>    86%]
[Progress:==================>           62%] [Cov:==============================>    86%]
[Progress:==================>           63%] [Cov:=============================>     84%]
[Progress:==================>           63%] [Cov:==============================>    86%]
[Progress:==================>           63%] [Cov:==============================>    86%]
[Progress:===================>          64%] [Cov:=============================>     84%]
[Progress:===================>          64%] [Cov:==============================>    86%]
[Progress:===================>          64%] [Cov:==============================>    86%]
[Progress:===================>          65%] [Cov:==============================>    86%]
[Progress:===================>          65%] [Cov:==============================>    86%]
[Progress:===================>          66%] [Cov:==============================>    86%]
[Progress:===================>          66%] [Cov:==============================>    87%]
[Progress:===================>          66%] [Cov:==============================>    88%]
[Progress:===================>          66%] [Cov:==============================>    88%]
[Progress:====================>         67%] [Cov:==============================>    86%]
[Progress:====================>         67%] [Cov:==============================>    87%]
[Progress:====================>         67%] [Cov:==============================>    88%]
[Progress:====================>         67%] [Cov:==============================>    88%]
[Progress:====================>         68%] [Cov:==============================>    86%]
[Progress:====================>         68%] [Cov:==============================>    88%]
[Progress:====================>         68%] [Cov:==============================>    88%]
[Progress:====================>         69%] [Cov:==============================>    86%]
[Progress:====================>         69%] [Cov:==============================>    88%]
[Progress:=====================>        70%] [Cov:=============================>     85%]
[Progress:=====================>        70%] [Cov:==============================>    88%]
[Progress:=====================>        70%] [Cov:==============================>    88%]
[Progress:=====================>        71%] [Cov:==============================>    88%]
[Progress:=====================>        71%] [Cov:==============================>    88%]
[Progress:=====================>        72%] [Cov:==============================>    88%]
[Progress:=====================>        72%] [Cov:==============================>    88%]
[Progress:=====================>        73%] [Cov:==============================>    88%]
[Progress:=====================>        73%] [Cov:==============================>    88%]
[Progress:======================>       74%] [Cov:==============================>    88%]
[Progress:======================>       74%] [Cov:==============================>    88%]
[Progress:======================>       75%] [Cov:==============================>    88%]
[Progress:======================>       75%] [Cov:==============================>    88%]
[Progress:======================>       76%] [Cov:==============================>    88%]
[Progress:======================>       76%] [Cov:==============================>    88%]
[Progress:=======================>      77%] [Cov:==============================>    88%]
[Progress:=======================>      78%] [Cov:==============================>    88%]
[Progress:=======================>      78%] [Cov:==============================>    88%]
[Progress:=======================>      78%] [Cov:==============================>    88%]
[Progress:=======================>      79%] [Cov:==============================>    87%]
[Progress:=======================>      79%] [Cov:==============================>    88%]
[Progress:========================>     80%] [Cov:==============================>    88%]
[Progress:========================>     80%] [Cov:==============================>    88%]
[Progress:========================>     81%] [Cov:==============================>    88%]
[Progress:========================>     81%] [Cov:==============================>    88%]
[Progress:========================>     82%] [Cov:==============================>    88%]
[Progress:========================>     82%] [Cov:==============================>    88%]
[Progress:========================>     83%] [Cov:==============================>    88%]
[Progress:=========================>    84%] [Cov:==============================>    88%]
[Progress:=========================>    84%] [Cov:==============================>    88%]
[Progress:=========================>    85%] [Cov:==============================>    88%]
[Progress:=========================>    85%] [Cov:==============================>    88%]
[Progress:=========================>    86%] [Cov:==============================>    88%]
[Progress:=========================>    86%] [Cov:==============================>    88%]
[Progress:==========================>   87%] [Cov:==============================>    88%]
[Progress:==========================>   88%] [Cov:==============================>    88%]
[Progress:==========================>   88%] [Cov:==============================>    88%]
[Progress:==========================>   89%] [Cov:===>                               11%]
[Progress:==========================>   89%] [Cov:==============================>    88%]
[Progress:==========================>   89%] [Cov:==============================>    88%]
[Progress:===========================>  90%] [Cov:==============================>    88%]
[Progress:===========================>  90%] [Cov:==============================>    88%]
[Progress:===========================>  90%] [Cov:===============================>   89%]
[Progress:===========================>  91%] [Cov:==============================>    88%]
[Progress:===========================>  91%] [Cov:===============================>   89%]
[Progress:===========================>  92%] [Cov:==============================>    88%]
[Progress:===========================>  92%] [Cov:===============================>   89%]
[Progress:===========================>  92%] [Cov:===============================>   89%]
[Progress:===========================>  93%] [Cov:=============================>     85%]
[Progress:===========================>  93%] [Cov:==============================>    88%]
[Progress:===========================>  93%] [Cov:===============================>   89%]
[Progress:============================> 94%] [Cov:==============================>    88%]
[Progress:============================> 94%] [Cov:===============================>   89%]
[Progress:============================> 95%] [Cov:===============================>   89%]
[Progress:============================> 96%] [Cov:===============================>   89%]
[Progress:============================> 96%] [Cov:===============================>   89%]
[Progress:=============================>97%] [Cov:===============================>   89%]
[Progress:=============================>97%] [Cov:===============================>   89%]
[Progress:=============================>98%] [Cov:===============================>   89%]
[Progress:=============================>98%] [Cov:===============================>   89%]
[Progress:=============================>99%] [Cov:===============================>   89%]
[Progress:=============================>99%] [Cov:===============================>   89%]
[Progress:==============================100%] [Cov:===============================>   89%]
[Progress:==============================100%] [Cov:===============================>   89%]
* Search finished after 152s and 104 generations, 22460 statements, best individual has fitness: 96.38885961541912
* Minimizing test suite
* Going to analyze the coverage criteria
* Coverage analysis for criterion LINE
* Coverage of criterion LINE: 93%
* Total number of goals: 118
* Number of covered goals: 110
* Coverage analysis for criterion BRANCH
* Coverage of criterion BRANCH: 81%
* Total number of goals: 75
* Number of covered goals: 61
* Coverage analysis for criterion EXCEPTION
* Coverage of criterion EXCEPTION: 80%
* Total number of goals: 5
* Number of covered goals: 4
* Coverage analysis for criterion WEAKMUTATION
* Coverage of criterion WEAKMUTATION: 82%
* Total number of goals: 171
* Number of covered goals: 140
* Coverage analysis for criterion OUTPUT
* Coverage of criterion OUTPUT: 86%
* Total number of goals: 7
* Number of covered goals: 6
* Coverage analysis for criterion METHOD
* Coverage of criterion METHOD: 100%
* Total number of goals: 3
* Number of covered goals: 3
* Coverage analysis for criterion METHODNOEXCEPTION
* Coverage of criterion METHODNOEXCEPTION: 100%
* Total number of goals: 3
* Number of covered goals: 3
* Coverage analysis for criterion CBRANCH
* Coverage of criterion CBRANCH: 81%
* Total number of goals: 75
* Number of covered goals: 61
* Generated 12 tests with total length 46
* Resulting test suite's coverage: 89% (average coverage for all fitness functions)
* Generating assertions
* Resulting test suite's mutation score: 53%
* Compiling and checking tests
* Writing tests to file
* Writing JUnit test case 'BrentOptimizer_ESTest' to evosuite-tests
* Done!

* Computation finished

