CMD: /usr/lib/jvm/java-8-openjdk-amd64/bin/java -Dtools_jar_location=/usr/lib/jvm/java-8-openjdk-amd64/lib/tools.jar -jar /home/pizza/TestRound2/evosuite-1.2.0.jar -generateSuite -class org.apache.commons.csv.CSVPrinter -projectCP /home/pizza/TestRound2/Test/Csv-13b/target/classes -base_dir /home/pizza/TestRound2/results/project-Csv/Csv-13/round03/evosuite-work -seed 11 -Dalgorithm=NSGAII -Dsearch_budget=60 -Dtest_format=JUNIT4 -Dassertions=true

* EvoSuite 1.2.0
* Going to generate test cases for class: org.apache.commons.csv.CSVPrinter
* Starting Client-0
* Connecting to master process on port 8220
* Analyzing classpath: 
  - /home/pizza/TestRound2/Test/Csv-13b/target/classes
* Finished analyzing classpath
* Generating tests for class org.apache.commons.csv.CSVPrinter
* Test criteria:
  - Line Coverage
  - Branch Coverage
  - Exception
  - Mutation testing (weak)
  - Method-Output Coverage
  - Top-Level Method Coverage
  - No-Exception Top-Level Method Coverage
  - Context Branch Coverage
* Setting up search algorithm for whole suite generation
* Total number of test goals: 
  - Line 164
  - Branch 137
  - Exception 0
  - MutationFactory 464
  - Output 2
  - Method 12
  - MethodNoException 12
  - CBranchFitnessFactory 137

[Progress:>                             0%] [Cov:>                                  0%]* Using seed 11
* Starting evolution
[MASTER] 18:54:41.904 [logback-1] WARN  TestCluster - Failed to check cache for java.util.ArrayDeque<E> : Type points to itself

[Progress:>                             1%] [Cov:>                                  0%]
[Progress:>                             3%] [Cov:>                                  0%]
[Progress:>                             3%] [Cov:>                                  1%]
[Progress:>                             3%] [Cov:====>                              13%]
[Progress:>                             3%] [Cov:=====>                             15%]
[Progress:>                             3%] [Cov:=====>                             17%][MASTER] 18:54:44.377 [logback-1] WARN  TestCluster - Failed to check cache for java.util.Comparator<T> : Type points to itself

[Progress:>                             3%] [Cov:======>                            18%]
[Progress:>                             3%] [Cov:=======>                           21%]
[Progress:>                             3%] [Cov:========>                          23%]
[Progress:>                             3%] [Cov:========>                          25%]
[Progress:>                             3%] [Cov:=========>                         26%]
[Progress:=>                            5%] [Cov:=>                                 5%]
[Progress:=>                            5%] [Cov:===>                               9%]
[Progress:=>                            5%] [Cov:=====>                             16%]
[Progress:=>                            5%] [Cov:=======>                           21%]
[Progress:=>                            5%] [Cov:========>                          24%]
[Progress:=>                            5%] [Cov:==========>                        30%]
[Progress:=>                            5%] [Cov:============>                      37%]
[Progress:=>                            5%] [Cov:===============>                   45%]
[Progress:=>                            5%] [Cov:================>                  47%]
[Progress:=>                            6%] [Cov:=>                                 5%]
[Progress:=>                            6%] [Cov:==>                                8%]
[Progress:=>                            6%] [Cov:=====>                             17%]
[Progress:=>                            6%] [Cov:=======>                           21%]
[Progress:=>                            6%] [Cov:========>                          24%]
[Progress:=>                            6%] [Cov:==========>                        30%]
[Progress:=>                            6%] [Cov:============>                      36%]
[Progress:=>                            6%] [Cov:===============>                   43%]
[Progress:=>                            6%] [Cov:===============>                   45%]
[Progress:=>                            6%] [Cov:================>                  46%]
[Progress:=>                            6%] [Cov:================>                  48%]
[Progress:=>                            6%] [Cov:================>                  47%]
[Progress:=>                            6%] [Cov:=================>                 50%]
[Progress:=>                            6%] [Cov:===================>               57%]
[Progress:=>                            6%] [Cov:====================>              58%]
[Progress:=>                            6%] [Cov:====================>              58%]
[Progress:==>                           8%] [Cov:===============>                   45%]
[Progress:==>                           8%] [Cov:================>                  47%]
[Progress:==>                           8%] [Cov:================>                  48%]
[Progress:==>                           8%] [Cov:=================>                 50%]
[Progress:==>                           8%] [Cov:==================>                52%]
[Progress:==>                           8%] [Cov:====================>              58%]
[Progress:==>                           8%] [Cov:==================>                53%]
[Progress:==>                           8%] [Cov:====================>              58%]
[Progress:==>                           8%] [Cov:====================>              59%]
[Progress:==>                           8%] [Cov:=====================>             60%]
[Progress:==>                           8%] [Cov:=====================>             61%]
[Progress:===>                          10%] [Cov:===============>                   45%]
[Progress:===>                          10%] [Cov:==================>                53%]
[Progress:===>                          10%] [Cov:===================>               55%]
[Progress:===>                          10%] [Cov:====================>              58%]
[Progress:===>                          10%] [Cov:=====================>             61%]
[Progress:===>                          10%] [Cov:=====================>             62%]
[Progress:===>                          10%] [Cov:=====================>             61%]
[Progress:===>                          11%] [Cov:===================>               56%]
[Progress:===>                          11%] [Cov:===================>               57%]
[Progress:===>                          11%] [Cov:=====================>             60%]
[Progress:===>                          11%] [Cov:=====================>             61%]
[Progress:===>                          11%] [Cov:===================>               56%]
[Progress:===>                          11%] [Cov:=====================>             61%]
[Progress:===>                          13%] [Cov:===================>               57%]
[Progress:===>                          13%] [Cov:=====================>             61%]
[Progress:===>                          13%] [Cov:=====================>             62%]
[Progress:===>                          13%] [Cov:======================>            63%]
[Progress:===>                          13%] [Cov:======================>            63%]
[Progress:====>                         15%] [Cov:===================>               57%]
[Progress:====>                         15%] [Cov:====================>              58%]
[Progress:====>                         15%] [Cov:====================>              59%]
[Progress:====>                         15%] [Cov:=====================>             60%]
[Progress:====>                         15%] [Cov:=====================>             61%]
[Progress:====>                         15%] [Cov:======================>            63%]
[Progress:====>                         15%] [Cov:======================>            63%]
[Progress:====>                         16%] [Cov:=====================>             61%]
[Progress:====>                         16%] [Cov:=====================>             62%]
[Progress:====>                         16%] [Cov:======================>            63%]
[Progress:====>                         16%] [Cov:======================>            63%]
[Progress:====>                         16%] [Cov:======================>            64%]
[Progress:====>                         16%] [Cov:======================>            65%]
[Progress:====>                         16%] [Cov:======================>            65%]
[Progress:=====>                        18%] [Cov:=====================>             62%]
[Progress:=====>                        18%] [Cov:======================>            63%]
[Progress:=====>                        18%] [Cov:======================>            64%]
[Progress:=====>                        18%] [Cov:======================>            65%]
[Progress:=====>                        18%] [Cov:=======================>           66%]
[Progress:=====>                        18%] [Cov:======================>            65%]
[Progress:======>                       20%] [Cov:=====================>             62%]
[Progress:======>                       20%] [Cov:======================>            64%]
[Progress:======>                       20%] [Cov:======================>            65%]
[Progress:======>                       20%] [Cov:=======================>           66%]
[Progress:======>                       20%] [Cov:======================>            65%]
[Progress:======>                       20%] [Cov:=======================>           66%]
[Progress:======>                       21%] [Cov:======================>            64%]
[Progress:======>                       21%] [Cov:=======================>           66%]
[Progress:======>                       21%] [Cov:======================>            65%]
[Progress:======>                       21%] [Cov:=======================>           66%]
[Progress:======>                       23%] [Cov:======================>            64%]
[Progress:======>                       23%] [Cov:======================>            65%]
[Progress:======>                       23%] [Cov:=======================>           66%]
[Progress:=======>                      25%] [Cov:======================>            64%]
[Progress:=======>                      25%] [Cov:======================>            64%]
[Progress:=======>                      25%] [Cov:======================>            65%]
[Progress:=======>                      25%] [Cov:=======================>           66%]
[Progress:=======>                      26%] [Cov:=====================>             62%]
[Progress:=======>                      26%] [Cov:======================>            65%]
[Progress:=======>                      26%] [Cov:=======================>           66%]
[Progress:=======>                      26%] [Cov:======================>            64%]
[Progress:=======>                      26%] [Cov:=======================>           66%]
[Progress:=======>                      26%] [Cov:=======================>           67%]
[Progress:========>                     28%] [Cov:=======================>           66%]
[Progress:========>                     28%] [Cov:=======================>           67%]
[Progress:========>                     28%] [Cov:=======================>           67%]
[Progress:=========>                    30%] [Cov:======================>            65%]
[Progress:=========>                    30%] [Cov:=======================>           66%]
[Progress:=========>                    30%] [Cov:=======================>           67%]
[Progress:=========>                    31%] [Cov:================>                  46%]
[Progress:=========>                    31%] [Cov:======================>            65%]
[Progress:=========>                    31%] [Cov:=======================>           66%]
[Progress:=========>                    31%] [Cov:=======================>           67%]
[Progress:=========>                    33%] [Cov:==================>                52%]
[Progress:=========>                    33%] [Cov:======================>            64%]
[Progress:=========>                    33%] [Cov:=======================>           66%]
[Progress:=========>                    33%] [Cov:=======================>           67%]
[Progress:==========>                   35%] [Cov:======================>            65%]
[Progress:==========>                   35%] [Cov:=======================>           66%]
[Progress:==========>                   35%] [Cov:=======================>           67%]
[Progress:==========>                   35%] [Cov:=======================>           67%]
[Progress:==========>                   36%] [Cov:======================>            64%]
[Progress:==========>                   36%] [Cov:=======================>           67%]
[Progress:===========>                  38%] [Cov:======================>            64%]
[Progress:===========>                  38%] [Cov:======================>            65%]
[Progress:===========>                  38%] [Cov:=======================>           66%]
[Progress:===========>                  38%] [Cov:=======================>           67%]
[Progress:============>                 40%] [Cov:=======================>           66%]
[Progress:============>                 40%] [Cov:=======================>           67%]
[Progress:============>                 40%] [Cov:=======================>           67%]
[Progress:============>                 41%] [Cov:======================>            64%]
[Progress:============>                 41%] [Cov:=======================>           66%]
[Progress:============>                 41%] [Cov:=======================>           67%]
[Progress:============>                 43%] [Cov:=======================>           67%]
[Progress:=============>                45%] [Cov:=======================>           68%]
[Progress:=============>                46%] [Cov:=======================>           67%]
[Progress:=============>                46%] [Cov:=======================>           68%]
[Progress:==============>               48%] [Cov:========>                          24%]
[Progress:==============>               48%] [Cov:=======================>           67%]
[Progress:==============>               48%] [Cov:=======================>           68%]
[Progress:===============>              50%] [Cov:=======================>           68%]
[Progress:===============>              50%] [Cov:========================>          69%]
[Progress:===============>              50%] [Cov:========================>          69%]
[Progress:===============>              51%] [Cov:=======================>           67%]
[Progress:===============>              51%] [Cov:========================>          69%]
[Progress:===============>              53%] [Cov:=======================>           66%]
[Progress:===============>              53%] [Cov:=======================>           67%]
[Progress:===============>              53%] [Cov:========================>          69%]
[Progress:================>             55%] [Cov:=======================>           66%]
[Progress:================>             55%] [Cov:=======================>           67%]
[Progress:================>             55%] [Cov:========================>          69%]
[Progress:================>             56%] [Cov:=======================>           66%]
[Progress:================>             56%] [Cov:=======================>           67%]
[Progress:================>             56%] [Cov:=======================>           68%]
[Progress:=================>            58%] [Cov:=======================>           66%]
[Progress:=================>            58%] [Cov:=======================>           67%]
[Progress:=================>            58%] [Cov:========================>          69%]
[Progress:==================>           60%] [Cov:======================>            65%]
[Progress:==================>           60%] [Cov:=======================>           68%]
[Progress:==================>           60%] [Cov:========================>          69%]
[Progress:==================>           60%] [Cov:========================>          69%]
[Progress:==================>           61%] [Cov:=======================>           66%]
[Progress:==================>           61%] [Cov:=======================>           68%]
[Progress:==================>           63%] [Cov:=======================>           67%]
[Progress:==================>           63%] [Cov:========================>          69%]
[Progress:==================>           63%] [Cov:========================>          71%]
[Progress:==================>           63%] [Cov:=========================>         72%]
[Progress:===================>          65%] [Cov:========================>          69%]
[Progress:===================>          66%] [Cov:=======================>           68%]
[Progress:===================>          66%] [Cov:========================>          69%]
[Progress:===================>          66%] [Cov:=========================>         72%]
[Progress:====================>         68%] [Cov:=======================>           68%]
[Progress:====================>         68%] [Cov:========================>          69%]
[Progress:====================>         68%] [Cov:========================>          70%]
[Progress:====================>         68%] [Cov:========================>          71%]
[Progress:====================>         68%] [Cov:=========================>         72%]
[Progress:=====================>        70%] [Cov:===============>                   43%]
[Progress:=====================>        70%] [Cov:========================>          69%]
[Progress:=====================>        71%] [Cov:========================>          69%]
[Progress:=====================>        71%] [Cov:=========================>         72%]
[Progress:=====================>        73%] [Cov:========================>          69%]
[Progress:=====================>        73%] [Cov:========================>          70%]
[Progress:=====================>        73%] [Cov:=========================>         72%]
[Progress:======================>       75%] [Cov:========================>          69%]
[Progress:======================>       75%] [Cov:========================>          70%]
[Progress:======================>       75%] [Cov:========================>          71%]
[Progress:======================>       76%] [Cov:========================>          69%]
[Progress:======================>       76%] [Cov:========================>          71%]
[Progress:======================>       76%] [Cov:=========================>         72%]
[Progress:======================>       76%] [Cov:=========================>         72%]
[Progress:=======================>      78%] [Cov:========================>          69%]
[Progress:=======================>      78%] [Cov:========================>          70%]
[Progress:=======================>      78%] [Cov:=========================>         72%]
[Progress:========================>     80%] [Cov:========================>          69%]
[Progress:========================>     80%] [Cov:=========================>         72%]
[Progress:========================>     81%] [Cov:=======================>           68%]
[Progress:========================>     81%] [Cov:========================>          69%]
[Progress:========================>     81%] [Cov:========================>          70%]
[Progress:========================>     81%] [Cov:========================>          71%]
[Progress:========================>     81%] [Cov:=========================>         72%]
[Progress:========================>     81%] [Cov:=========================>         72%]
[Progress:========================>     83%] [Cov:========================>          70%]
[Progress:========================>     83%] [Cov:========================>          71%]
[Progress:========================>     83%] [Cov:=========================>         72%]
[Progress:=========================>    85%] [Cov:========================>          69%]
[Progress:=========================>    85%] [Cov:========================>          70%]
[Progress:=========================>    85%] [Cov:========================>          71%]
[Progress:=========================>    85%] [Cov:=========================>         72%]
[Progress:=========================>    86%] [Cov:=========================>         72%]
[Progress:=========================>    86%] [Cov:=========================>         72%]
[Progress:==========================>   88%] [Cov:=========================>         72%]
[Progress:===========================>  90%] [Cov:========================>          71%]
[Progress:===========================>  90%] [Cov:=========================>         72%]
[Progress:===========================>  91%] [Cov:========================>          70%]
[Progress:===========================>  91%] [Cov:=========================>         72%]
[Progress:===========================>  93%] [Cov:=========================>         72%]
[Progress:============================> 95%] [Cov:=========================>         72%]
[Progress:============================> 96%] [Cov:=========================>         72%]
[Progress:============================> 96%] [Cov:=========================>         72%]
[Progress:=============================>98%] [Cov:========================>          71%]
[Progress:=============================>98%] [Cov:=========================>         72%]
[Progress:==============================100%] [Cov:========================>          71%]
[Progress:==============================100%] [Cov:=========================>         72%]
[Progress:==============================100%] [Cov:=========================>         72%]
[Progress:==============================100%] [Cov:=========================>         72%]
* Search finished after 62s and 31 generations, 16421 statements, best individual has fitness: 400.61187240370566
* Minimizing test suite
* Going to analyze the coverage criteria
* Coverage analysis for criterion LINE
* Coverage of criterion LINE: 75%
* Total number of goals: 164
* Number of covered goals: 123
* Coverage analysis for criterion BRANCH
* Coverage of criterion BRANCH: 63%
* Total number of goals: 137
* Number of covered goals: 86
* Coverage analysis for criterion EXCEPTION
* Coverage of criterion EXCEPTION: 12%
* Total number of goals: 16
* Number of covered goals: 2
* Coverage analysis for criterion WEAKMUTATION
* Coverage of criterion WEAKMUTATION: 58%
* Total number of goals: 464
* Number of covered goals: 269
* Coverage analysis for criterion OUTPUT
* Coverage of criterion OUTPUT: 50%
* Total number of goals: 2
* Number of covered goals: 1
* Coverage analysis for criterion METHOD
* Coverage of criterion METHOD: 100%
* Total number of goals: 12
* Number of covered goals: 12
* Coverage analysis for criterion METHODNOEXCEPTION
* Coverage of criterion METHODNOEXCEPTION: 100%
* Total number of goals: 12
* Number of covered goals: 12
* Coverage analysis for criterion CBRANCH
* Coverage of criterion CBRANCH: 58%
* Total number of goals: 137
* Number of covered goals: 80
* Generated 15 tests with total length 124
* Resulting test suite's coverage: 72% (average coverage for all fitness functions)
* Generating assertions
* Resulting test suite's mutation score: 23%
* Compiling and checking tests
* Permissions denied during test execution: 
  - java.lang.RuntimePermission: 
         writeFileDescriptor: 11
* Writing tests to file
* Writing JUnit test case 'CSVPrinter_ESTest' to evosuite-tests
* Done!

* Computation finished

