CMD: /usr/lib/jvm/java-8-openjdk-amd64/bin/java -Dtools_jar_location=/usr/lib/jvm/java-8-openjdk-amd64/lib/tools.jar -jar /home/pizza/TestRound2/evosuite-1.2.0.jar -generateSuite -class com.fasterxml.jackson.core.base.ParserMinimalBase -projectCP /home/pizza/TestRound2/Test/JacksonCore-24b/target/classes -base_dir /home/pizza/TestRound2/results/project-JacksonCore/JacksonCore-24/round03/evosuite-work -seed 11 -Dalgorithm=NSGAII -Dsearch_budget=60 -Dtest_format=JUNIT4 -Dassertions=true

* EvoSuite 1.2.0
* Going to generate test cases for class: com.fasterxml.jackson.core.base.ParserMinimalBase
* Starting Client-0
* Connecting to master process on port 8220
* Analyzing classpath: 
  - /home/pizza/TestRound2/Test/JacksonCore-24b/target/classes
* Finished analyzing classpath
* Generating tests for class com.fasterxml.jackson.core.base.ParserMinimalBase
* Test criteria:
  - Line Coverage
  - Branch Coverage
  - Exception
  - Mutation testing (weak)
  - Method-Output Coverage
  - Top-Level Method Coverage
  - No-Exception Top-Level Method Coverage
  - Context Branch Coverage
* Setting up search algorithm for whole suite generation
* Total number of test goals: 
  - Line 205
  - Branch 212
  - Exception 0
  - MutationFactory 323
  - Output 182
  - Method 61
  - MethodNoException 61
  - CBranchFitnessFactory 212

[Progress:>                             0%] [Cov:>                                  0%]* Using seed 11
* Starting evolution

[Progress:>                             1%] [Cov:>                                  0%]
[Progress:>                             3%] [Cov:>                                  0%]
[Progress:>                             3%] [Cov:====>                              13%]
[Progress:=>                            5%] [Cov:>                                  0%]
[Progress:=>                            5%] [Cov:>                                  1%]
[Progress:=>                            5%] [Cov:====>                              13%]
[Progress:=>                            5%] [Cov:====>                              14%]
[Progress:===>                          13%] [Cov:>                                  0%]
[Progress:===>                          13%] [Cov:>                                  1%]
[Progress:===>                          13%] [Cov:====>                              13%]
[Progress:====>                         15%] [Cov:>                                  0%]
[Progress:====>                         15%] [Cov:====>                              12%]
[Progress:====>                         15%] [Cov:====>                              13%]
[Progress:======>                       23%] [Cov:>                                  0%]
[Progress:======>                       23%] [Cov:====>                              12%]
[Progress:======>                       23%] [Cov:====>                              13%]
[Progress:======>                       23%] [Cov:====>                              14%]
[Progress:=========>                    31%] [Cov:>                                  0%]
[Progress:=========>                    31%] [Cov:>                                  1%]
[Progress:=========>                    31%] [Cov:====>                              13%]
[Progress:=========>                    31%] [Cov:====>                              14%]
[Progress:=========>                    33%] [Cov:>                                  0%]
[Progress:=========>                    33%] [Cov:====>                              12%]
[Progress:=========>                    33%] [Cov:====>                              13%]
[Progress:============>                 41%] [Cov:====>                              13%]
[Progress:============>                 41%] [Cov:====>                              14%]
[Progress:============>                 41%] [Cov:=====>                             15%]
[Progress:============>                 43%] [Cov:===>                               11%]
[Progress:============>                 43%] [Cov:====>                              14%]
[Progress:============>                 43%] [Cov:====>                              13%]
[Progress:============>                 43%] [Cov:====>                              14%]
[Progress:============>                 43%] [Cov:=====>                             15%]
[Progress:============>                 43%] [Cov:=====>                             16%][MASTER] 20:51:12.649 [logback-1] WARN  TestChromosome - Functional mock problem: org.evosuite.ga.ConstructionFailedException: Failed to add constructor for com.fasterxml.jackson.core.io.IOContext due to org.evosuite.ga.ConstructionFailedException: Failed to add constructor for java.io.BufferedInputStream due to org.evosuite.ga.ConstructionFailedException: Failed to add constructor for java.io.PipedInputStream due to org.evosuite.ga.ConstructionFailedException: Failed to add constructor for java.io.PipedOutputStream due to org.evosuite.ga.ConstructionFailedException: Max recursion depth reached

[Progress:============>                 43%] [Cov:=====>                             17%]
[Progress:============>                 43%] [Cov:=====>                             17%]
[Progress:=============>                45%] [Cov:====>                              13%]
[Progress:=============>                45%] [Cov:====>                              14%]
[Progress:=============>                45%] [Cov:=====>                             15%]
[Progress:=============>                45%] [Cov:=====>                             16%]
[Progress:=============>                45%] [Cov:=====>                             17%]
[Progress:=============>                45%] [Cov:=====>                             17%]
[Progress:=============>                46%] [Cov:====>                              13%]
[Progress:=============>                46%] [Cov:====>                              14%]
[Progress:=============>                46%] [Cov:=====>                             15%]
[Progress:=============>                46%] [Cov:=====>                             17%]
[Progress:=============>                46%] [Cov:======>                            18%]
[Progress:==============>               48%] [Cov:====>                              14%]
[Progress:==============>               48%] [Cov:=====>                             15%]
[Progress:==============>               48%] [Cov:=====>                             17%]
[Progress:===============>              50%] [Cov:=====>                             15%]
[Progress:===============>              50%] [Cov:=====>                             16%]
[Progress:===============>              50%] [Cov:=====>                             17%]
[Progress:===============>              50%] [Cov:======>                            19%]
[Progress:===============>              51%] [Cov:======>                            18%][MASTER] 20:51:17.543 [logback-1] WARN  TestChromosome - Functional mock problem: org.evosuite.ga.ConstructionFailedException: Failed to add constructor for com.fasterxml.jackson.core.io.IOContext due to org.evosuite.ga.ConstructionFailedException: Failed to add constructor for com.fasterxml.jackson.core.json.ReaderBasedJsonParser due to org.evosuite.ga.ConstructionFailedException: Have no generator for class com.fasterxml.jackson.core.io.IOContext canUseFunctionalMocks=false, canBeMocked: true

[Progress:===============>              53%] [Cov:====>                              14%]
[Progress:===============>              53%] [Cov:======>                            18%]
[Progress:===============>              53%] [Cov:======>                            18%][MASTER] 20:51:18.668 [logback-1] WARN  TestChromosome - Functional mock problem: org.evosuite.ga.ConstructionFailedException: Failed to add constructor for com.fasterxml.jackson.core.io.IOContext due to org.evosuite.ga.ConstructionFailedException: Failed to add constructor for com.fasterxml.jackson.core.json.UTF8DataInputJsonParser due to org.evosuite.ga.ConstructionFailedException: Failed to add constructor for org.evosuite.runtime.mock.java.io.MockRandomAccessFile due to org.evosuite.ga.ConstructionFailedException: Failed to add constructor for org.evosuite.runtime.mock.java.io.MockFile due to org.evosuite.ga.ConstructionFailedException: Max recursion depth reached

[Progress:===============>              53%] [Cov:======>                            19%]
[Progress:================>             55%] [Cov:=====>                             16%]
[Progress:================>             55%] [Cov:=====>                             17%]
[Progress:================>             55%] [Cov:======>                            18%]
[Progress:================>             55%] [Cov:======>                            18%]
[Progress:================>             56%] [Cov:=====>                             17%]
[Progress:================>             56%] [Cov:======>                            18%]
[Progress:================>             56%] [Cov:======>                            19%]
[Progress:=================>            58%] [Cov:=====>                             15%]
[Progress:=================>            58%] [Cov:=====>                             17%]
[Progress:=================>            58%] [Cov:======>                            19%]
[Progress:=================>            58%] [Cov:======>                            18%]
[Progress:=================>            58%] [Cov:======>                            19%]
[Progress:=================>            58%] [Cov:=======>                           20%]
[Progress:==================>           60%] [Cov:======>                            18%]
[Progress:==================>           60%] [Cov:======>                            19%][MASTER] 20:51:22.521 [logback-1] WARN  TestChromosome - Functional mock problem: org.evosuite.ga.ConstructionFailedException: Failed to add constructor for com.fasterxml.jackson.core.io.IOContext due to org.evosuite.ga.ConstructionFailedException: Failed to add constructor for com.fasterxml.jackson.core.json.UTF8DataInputJsonParser due to org.evosuite.ga.ConstructionFailedException: Have no generator for class com.fasterxml.jackson.core.io.IOContext canUseFunctionalMocks=false, canBeMocked: true

[Progress:==================>           61%] [Cov:======>                            18%]
[Progress:==================>           61%] [Cov:======>                            19%]
[Progress:==================>           61%] [Cov:=======>                           20%]
[Progress:==================>           63%] [Cov:=====>                             15%]
[Progress:==================>           63%] [Cov:=======>                           21%][MASTER] 20:51:25.067 [logback-1] WARN  TestChromosome - Functional mock problem: org.evosuite.ga.ConstructionFailedException: Have no generator for class com.fasterxml.jackson.core.io.IOContext canUseFunctionalMocks=false, canBeMocked: true

[Progress:===================>          65%] [Cov:=====>                             17%]
[Progress:===================>          65%] [Cov:======>                            19%]
[Progress:===================>          65%] [Cov:=======>                           20%]
[Progress:===================>          65%] [Cov:=======>                           21%]
[Progress:===================>          66%] [Cov:=======>                           21%]
[Progress:====================>         68%] [Cov:=====>                             17%]
[Progress:====================>         68%] [Cov:======>                            19%]
[Progress:====================>         68%] [Cov:=======>                           20%]
[Progress:====================>         68%] [Cov:=======>                           21%]
[Progress:======================>       76%] [Cov:======>                            18%]
[Progress:======================>       76%] [Cov:=======>                           20%]
[Progress:======================>       76%] [Cov:=======>                           21%]
[Progress:=======================>      78%] [Cov:======>                            19%]
[Progress:=======================>      78%] [Cov:=======>                           21%]
[Progress:========================>     80%] [Cov:=======>                           21%]
[Progress:========================>     80%] [Cov:=======>                           21%]
[Progress:========================>     81%] [Cov:=======>                           20%]
[Progress:========================>     81%] [Cov:=======>                           21%]
[Progress:========================>     81%] [Cov:=======>                           22%]
[Progress:========================>     81%] [Cov:=======>                           21%]
[Progress:========================>     81%] [Cov:=======>                           22%]
[Progress:========================>     83%] [Cov:======>                            19%]
[Progress:========================>     83%] [Cov:=======>                           20%]
[Progress:========================>     83%] [Cov:=======>                           21%]
[Progress:========================>     83%] [Cov:=======>                           22%]
[Progress:=========================>    85%] [Cov:=======>                           20%]
[Progress:=========================>    85%] [Cov:=======>                           21%]
[Progress:=========================>    85%] [Cov:=======>                           22%]
[Progress:=========================>    86%] [Cov:=======>                           22%]
[Progress:=========================>    86%] [Cov:=======>                           22%]
[Progress:=========================>    86%] [Cov:========>                          23%]
[Progress:==========================>   88%] [Cov:=======>                           21%]
[Progress:==========================>   88%] [Cov:=======>                           22%]
[Progress:==========================>   88%] [Cov:========>                          23%]
[Progress:==========================>   88%] [Cov:========>                          23%]
[Progress:===========================>  90%] [Cov:=======>                           22%]
[Progress:===========================>  90%] [Cov:========>                          23%]
[Progress:===========================>  91%] [Cov:========>                          23%]
[Progress:===========================>  91%] [Cov:========>                          23%]
[Progress:===========================>  93%] [Cov:======>                            18%]
[Progress:===========================>  93%] [Cov:=======>                           21%]
[Progress:===========================>  93%] [Cov:=======>                           22%]
[Progress:===========================>  93%] [Cov:========>                          23%]
[Progress:===========================>  93%] [Cov:========>                          23%]
[Progress:===========================>  93%] [Cov:========>                          24%]
[Progress:============================> 95%] [Cov:=======>                           21%]
[Progress:============================> 95%] [Cov:=======>                           22%]
[Progress:============================> 95%] [Cov:========>                          23%]
[Progress:============================> 95%] [Cov:========>                          24%]
[Progress:============================> 95%] [Cov:========>                          23%]
[Progress:============================> 96%] [Cov:=======>                           20%]
[Progress:============================> 96%] [Cov:=======>                           21%]
[Progress:============================> 96%] [Cov:=======>                           22%]
[Progress:============================> 96%] [Cov:========>                          23%]
[Progress:============================> 96%] [Cov:========>                          24%]
[Progress:=============================>98%] [Cov:=======>                           21%]
[Progress:=============================>98%] [Cov:========>                          23%]
[Progress:=============================>98%] [Cov:========>                          24%]
[Progress:=============================>98%] [Cov:========>                          24%]
[Progress:==============================100%] [Cov:=======>                           20%]
[Progress:==============================100%] [Cov:========>                          24%]
[Progress:==============================100%] [Cov:========>                          24%]
[Progress:==============================100%] [Cov:========>                          24%]
[Progress:==============================100%] [Cov:========>                          24%]
[Progress:==============================100%] [Cov:========>                          24%]
* Search finished after 68s and 22 generations, 16870 statements, best individual has fitness: 1926.8371666928865
[MASTER] 20:51:53.268 [logback-1] WARN  TimeController - Phase SEARCH lasted too long, 7 seconds more than allowed.
* Minimizing test suite
* Going to analyze the coverage criteria
* Coverage analysis for criterion LINE
* Coverage of criterion LINE: 20%
* Total number of goals: 205
* Number of covered goals: 42
* Coverage analysis for criterion BRANCH
* Coverage of criterion BRANCH: 13%
* Total number of goals: 212
* Number of covered goals: 28
* Coverage analysis for criterion EXCEPTION
* Coverage of criterion EXCEPTION: 0%
* Total number of goals: 3
* Number of covered goals: 0
* Coverage analysis for criterion WEAKMUTATION
* Coverage of criterion WEAKMUTATION: 26%
* Total number of goals: 323
* Number of covered goals: 84
* Coverage analysis for criterion OUTPUT
* Coverage of criterion OUTPUT: 9%
* Total number of goals: 182
* Number of covered goals: 17
* Coverage analysis for criterion METHOD
* Coverage of criterion METHOD: 18%
* Total number of goals: 61
* Number of covered goals: 11
* Coverage analysis for criterion METHODNOEXCEPTION
* Coverage of criterion METHODNOEXCEPTION: 18%
* Total number of goals: 61
* Number of covered goals: 11
* Coverage analysis for criterion CBRANCH
* Coverage of criterion CBRANCH: 13%
* Total number of goals: 212
* Number of covered goals: 28
* Generated 14 tests with total length 106
* Resulting test suite's coverage: 25% (average coverage for all fitness functions)
* Generating assertions
* Resulting test suite's mutation score: 8%
* Compiling and checking tests
* Writing tests to file
* Writing JUnit test case 'ParserMinimalBase_ESTest' to evosuite-tests
* Done!

* Computation finished

