CMD: /usr/lib/jvm/java-8-openjdk-amd64/bin/java -Dtools_jar_location=/usr/lib/jvm/java-8-openjdk-amd64/lib/tools.jar -jar /home/pizza/TestRound2/evosuite-1.2.0.jar -generateSuite -class com.google.javascript.jscomp.PureFunctionIdentifier -projectCP /home/pizza/TestRound2/Test/Closure-141b/build/classes:/home/pizza/TestRound2/Test/Closure-141b/lib/ant_deploy.jar:/home/pizza/TestRound2/Test/Closure-141b/lib/args4j_deploy.jar:/home/pizza/TestRound2/Test/Closure-141b/lib/google_common_deploy.jar:/home/pizza/TestRound2/Test/Closure-141b/lib/hamcrest-core-1.1.jar:/home/pizza/TestRound2/Test/Closure-141b/lib/junit.jar:/home/pizza/TestRound2/Test/Closure-141b/lib/libtrunk_rhino_parser_jarjared.jar:/home/pizza/TestRound2/Test/Closure-141b/lib/protobuf_deploy.jar -base_dir /home/pizza/TestRound2/results/project-Closure/Closure-141/round03/evosuite-work -seed 11 -Dalgorithm=NSGAII -Dsearch_budget=60 -Dtest_format=JUNIT4 -Dassertions=true

* EvoSuite 1.2.0
* Going to generate test cases for class: com.google.javascript.jscomp.PureFunctionIdentifier
* Starting Client-0
* Connecting to master process on port 8222
* Analyzing classpath: 
  - /home/pizza/TestRound2/Test/Closure-141b/build/classes
  - /home/pizza/TestRound2/Test/Closure-141b/lib/ant_deploy.jar
  - /home/pizza/TestRound2/Test/Closure-141b/lib/args4j_deploy.jar
  - /home/pizza/TestRound2/Test/Closure-141b/lib/google_common_deploy.jar
  - /home/pizza/TestRound2/Test/Closure-141b/lib/hamcrest-core-1.1.jar
  - /home/pizza/TestRound2/Test/Closure-141b/lib/junit.jar
  - /home/pizza/TestRound2/Test/Closure-141b/lib/libtrunk_rhino_parser_jarjared.jar
  - /home/pizza/TestRound2/Test/Closure-141b/lib/protobuf_deploy.jar
* Finished analyzing classpath
* Generating tests for class com.google.javascript.jscomp.PureFunctionIdentifier
* Test criteria:
  - Line Coverage
  - Branch Coverage
  - Exception
  - Mutation testing (weak)
  - Method-Output Coverage
  - Top-Level Method Coverage
  - No-Exception Top-Level Method Coverage
  - Context Branch Coverage
* Setting up search algorithm for whole suite generation
* Total number of test goals: 
  - Line 268
  - Branch 211
  - Exception 0
  - MutationFactory 290
  - Output 3
  - Method 19
  - MethodNoException 19
  - CBranchFitnessFactory 211
* Using seed 11
* Starting evolution

[Progress:>                             0%] [Cov:>                                  0%][MASTER] 08:42:23.412 [logback-1] WARN  TestCluster - Failed to check cache for java.util.Vector<E> : Type points to itself
[MASTER] 08:42:23.414 [logback-1] WARN  TestCluster - Failed to check cache for java.util.AbstractMap<K, V>.SimpleImmutableEntry<K, V> : Type points to itself

[Progress:=>                            6%] [Cov:>                                  0%]
[Progress:==>                           8%] [Cov:>                                  0%]
[Progress:==>                           8%] [Cov:>                                  1%]
[Progress:==>                           8%] [Cov:>                                  2%]
[Progress:==>                           8%] [Cov:====>                              12%]
[Progress:==>                           8%] [Cov:====>                              14%]
[Progress:==>                           8%] [Cov:=====>                             15%]
[Progress:==>                           8%] [Cov:=====>                             16%]
[Progress:==>                           8%] [Cov:=====>                             17%]
[Progress:===>                          10%] [Cov:>                                  0%]
[Progress:===>                          11%] [Cov:>                                  0%]
[Progress:===>                          11%] [Cov:====>                              12%]
[Progress:===>                          11%] [Cov:====>                              14%]
[Progress:===>                          11%] [Cov:=====>                             15%]
[Progress:===>                          11%] [Cov:=====>                             16%]
[Progress:===>                          11%] [Cov:=====>                             17%]
[Progress:===>                          13%] [Cov:>                                  0%]
[Progress:===>                          13%] [Cov:====>                              12%]
[Progress:===>                          13%] [Cov:====>                              13%]
[Progress:===>                          13%] [Cov:====>                              14%]
[Progress:===>                          13%] [Cov:=====>                             16%]
[Progress:===>                          13%] [Cov:=====>                             17%]
[Progress:====>                         15%] [Cov:>                                  0%]
[Progress:====>                         15%] [Cov:====>                              12%]
[Progress:====>                         15%] [Cov:====>                              13%]
[Progress:====>                         15%] [Cov:====>                              14%]
[Progress:====>                         15%] [Cov:=====>                             15%]
[Progress:====>                         15%] [Cov:=====>                             16%]
[Progress:====>                         15%] [Cov:=====>                             17%]
[Progress:====>                         15%] [Cov:=====>                             17%]
[Progress:====>                         16%] [Cov:=====>                             17%]
[Progress:====>                         16%] [Cov:=====>                             17%]
[Progress:=====>                        18%] [Cov:====>                              13%]
[Progress:=====>                        18%] [Cov:=====>                             16%]
[Progress:=====>                        18%] [Cov:=====>                             17%]
[Progress:=====>                        18%] [Cov:=====>                             17%]
[Progress:=====>                        18%] [Cov:=====>                             17%]
[Progress:======>                       20%] [Cov:=====>                             17%]
[Progress:======>                       20%] [Cov:======>                            18%]
[Progress:======>                       20%] [Cov:=======>                           22%]
[Progress:======>                       20%] [Cov:=======>                           22%]
[Progress:======>                       20%] [Cov:=======>                           22%]
[Progress:======>                       21%] [Cov:====>                              14%]
[Progress:======>                       21%] [Cov:=====>                             17%]
[Progress:======>                       21%] [Cov:======>                            18%]
[Progress:======>                       21%] [Cov:=======>                           22%]
[Progress:======>                       21%] [Cov:=======>                           22%]
[Progress:======>                       23%] [Cov:=====>                             17%]
[Progress:======>                       23%] [Cov:======>                            18%]
[Progress:======>                       23%] [Cov:=======>                           22%][MASTER] 08:42:36.357 [logback-1] WARN  TestCluster - Failed to check cache for java.util.ArrayDeque<E> : Type points to itself

[Progress:======>                       23%] [Cov:=======>                           22%]
[Progress:=======>                      25%] [Cov:=======>                           22%]
[Progress:=======>                      25%] [Cov:=======>                           22%]
[Progress:=======>                      26%] [Cov:=====>                             15%]
[Progress:=======>                      26%] [Cov:=======>                           22%]
[Progress:=======>                      26%] [Cov:========>                          23%]
[Progress:=======>                      26%] [Cov:========>                          23%]
[Progress:========>                     28%] [Cov:========>                          23%]
[Progress:========>                     28%] [Cov:========>                          23%]
[Progress:========>                     28%] [Cov:========>                          23%]
[Progress:========>                     28%] [Cov:========>                          24%]
[Progress:=========>                    30%] [Cov:=======>                           22%]
[Progress:=========>                    30%] [Cov:========>                          23%]
[Progress:=========>                    30%] [Cov:========>                          24%]
[Progress:=========>                    30%] [Cov:========>                          24%]
[Progress:=========>                    31%] [Cov:=======>                           21%]
[Progress:=========>                    31%] [Cov:========>                          23%]
[Progress:=========>                    31%] [Cov:========>                          24%]
[Progress:=========>                    31%] [Cov:========>                          24%]
[Progress:=========>                    33%] [Cov:========>                          23%]
[Progress:=========>                    33%] [Cov:========>                          24%]
[Progress:=========>                    33%] [Cov:========>                          24%]
[Progress:==========>                   35%] [Cov:========>                          24%]
[Progress:==========>                   35%] [Cov:========>                          24%]
[Progress:==========>                   36%] [Cov:========>                          24%]
[Progress:==========>                   36%] [Cov:========>                          24%]
[Progress:==========>                   36%] [Cov:========>                          25%]
[Progress:===========>                  38%] [Cov:========>                          24%]
[Progress:===========>                  38%] [Cov:========>                          25%]
[Progress:============>                 40%] [Cov:========>                          24%]
[Progress:============>                 41%] [Cov:========>                          24%]
[Progress:============>                 41%] [Cov:========>                          25%]
[Progress:============>                 43%] [Cov:========>                          24%]
[Progress:============>                 43%] [Cov:========>                          25%]
[Progress:============>                 43%] [Cov:========>                          25%]
[Progress:=============>                45%] [Cov:========>                          24%]
[Progress:=============>                45%] [Cov:========>                          25%]
[Progress:=============>                45%] [Cov:========>                          25%]
[Progress:=============>                46%] [Cov:========>                          23%]
[Progress:=============>                46%] [Cov:========>                          24%]
[Progress:=============>                46%] [Cov:========>                          25%]
[Progress:=============>                46%] [Cov:========>                          25%]
[Progress:==============>               48%] [Cov:========>                          23%]
[Progress:==============>               48%] [Cov:========>                          25%]
[Progress:===============>              50%] [Cov:========>                          25%]
[Progress:===============>              50%] [Cov:========>                          25%]
[Progress:===============>              51%] [Cov:========>                          25%]
[Progress:===============>              51%] [Cov:========>                          25%]
[Progress:===============>              53%] [Cov:========>                          25%]
[Progress:================>             55%] [Cov:========>                          25%]
[Progress:================>             55%] [Cov:========>                          25%]
[Progress:================>             56%] [Cov:========>                          25%]
[Progress:================>             56%] [Cov:========>                          25%]
[Progress:=================>            58%] [Cov:========>                          25%]
[Progress:==================>           60%] [Cov:========>                          25%]
[Progress:==================>           60%] [Cov:========>                          25%]
[Progress:==================>           61%] [Cov:========>                          25%]
[Progress:==================>           63%] [Cov:========>                          25%]
[Progress:==================>           63%] [Cov:========>                          25%]
[Progress:===================>          65%] [Cov:========>                          25%]
[Progress:===================>          65%] [Cov:========>                          25%]
[Progress:===================>          66%] [Cov:========>                          25%]
[Progress:===================>          66%] [Cov:========>                          25%]
[Progress:====================>         68%] [Cov:========>                          24%]
[Progress:====================>         68%] [Cov:========>                          25%]
[Progress:====================>         68%] [Cov:========>                          25%]
[Progress:=====================>        70%] [Cov:========>                          24%]
[Progress:=====================>        70%] [Cov:========>                          25%]
[Progress:=====================>        70%] [Cov:========>                          25%]
[Progress:=====================>        71%] [Cov:========>                          25%]
[Progress:=====================>        71%] [Cov:========>                          25%]
[Progress:=====================>        73%] [Cov:========>                          25%]
[Progress:=====================>        73%] [Cov:========>                          25%]
[Progress:======================>       75%] [Cov:========>                          25%]
[Progress:======================>       76%] [Cov:========>                          25%]
[Progress:======================>       76%] [Cov:========>                          25%]
[Progress:=======================>      78%] [Cov:========>                          25%]
[Progress:=======================>      78%] [Cov:========>                          25%]
[Progress:========================>     80%] [Cov:========>                          25%]
[Progress:========================>     80%] [Cov:========>                          25%]
[Progress:========================>     81%] [Cov:========>                          25%]
[Progress:========================>     81%] [Cov:========>                          25%]
[Progress:========================>     83%] [Cov:========>                          25%]
[Progress:=========================>    85%] [Cov:========>                          25%]
[Progress:=========================>    85%] [Cov:========>                          25%]
[Progress:=========================>    86%] [Cov:========>                          25%]
[Progress:=========================>    86%] [Cov:========>                          25%]
[Progress:==========================>   88%] [Cov:========>                          25%]
[Progress:===========================>  90%] [Cov:========>                          25%]
[Progress:===========================>  91%] [Cov:========>                          25%]
[Progress:===========================>  91%] [Cov:========>                          25%]
[Progress:===========================>  93%] [Cov:========>                          25%]
[Progress:===========================>  93%] [Cov:========>                          25%]
[Progress:============================> 95%] [Cov:========>                          25%]
[Progress:============================> 95%] [Cov:========>                          25%]
[Progress:============================> 96%] [Cov:========>                          25%]
[Progress:============================> 96%] [Cov:========>                          25%]
[Progress:=============================>98%] [Cov:========>                          25%][MASTER] 08:43:21.770 [logback-1] WARN  TestCluster - Failed to check cache for java.util.Comparator<T> : Type points to itself

[Progress:=============================>98%] [Cov:========>                          25%]
[Progress:==============================100%] [Cov:========>                          25%]
[Progress:==============================100%] [Cov:========>                          25%]
[Progress:==============================100%] [Cov:========>                          23%]
[Progress:==============================100%] [Cov:========>                          25%]
[Progress:==============================100%] [Cov:========>                          25%]
* Search finished after 62s and 48 generations, 12281 statements, best individual has fitness: 1181.9952153110048
* Minimizing test suite
* Going to analyze the coverage criteria
* Coverage analysis for criterion LINE
* Coverage of criterion LINE: 22%
* Total number of goals: 268
* Number of covered goals: 60
* Coverage analysis for criterion BRANCH
* Coverage of criterion BRANCH: 12%
* Total number of goals: 211
* Number of covered goals: 25
* Coverage analysis for criterion EXCEPTION
* Coverage of criterion EXCEPTION: 25%
* Total number of goals: 4
* Number of covered goals: 1
* Coverage analysis for criterion WEAKMUTATION
* Coverage of criterion WEAKMUTATION: 12%
* Total number of goals: 290
* Number of covered goals: 34
* Coverage analysis for criterion OUTPUT
* Coverage of criterion OUTPUT: 33%
* Total number of goals: 3
* Number of covered goals: 1
* Coverage analysis for criterion METHOD
* Coverage of criterion METHOD: 16%
* Total number of goals: 19
* Number of covered goals: 3
* Coverage analysis for criterion METHODNOEXCEPTION
* Coverage of criterion METHODNOEXCEPTION: 16%
* Total number of goals: 19
* Number of covered goals: 3
* Coverage analysis for criterion CBRANCH
* Coverage of criterion CBRANCH: 12%
* Total number of goals: 211
* Number of covered goals: 25
* Generated 5 tests with total length 30
* Resulting test suite's coverage: 25% (average coverage for all fitness functions)
* Generating assertions
* Resulting test suite's mutation score: 9%
* Compiling and checking tests
* Permissions denied during test execution: 
  - java.lang.RuntimePermission: 
         writeFileDescriptor: 6
* Writing tests to file
* Writing JUnit test case 'PureFunctionIdentifier_ESTest' to evosuite-tests
* Done!

* Computation finished

