CMD: /usr/lib/jvm/java-8-openjdk-amd64/bin/java -Dtools_jar_location=/usr/lib/jvm/java-8-openjdk-amd64/lib/tools.jar -jar /home/pizza/TestRound2/evosuite-1.2.0.jar -generateSuite -class org.jsoup.parser.HtmlTreeBuilder -projectCP /home/pizza/TestRound2/Test/Jsoup-33b/target/classes -base_dir /home/pizza/TestRound2/results/project-Jsoup/Jsoup-33/round03/evosuite-work -seed 11 -Dalgorithm=NSGAII -Dsearch_budget=60 -Dtest_format=JUNIT4 -Dassertions=true

* EvoSuite 1.2.0
* Going to generate test cases for class: org.jsoup.parser.HtmlTreeBuilder
* Starting Client-0
* Connecting to master process on port 8220
* Analyzing classpath: 
  - /home/pizza/TestRound2/Test/Jsoup-33b/target/classes
* Finished analyzing classpath
* Generating tests for class org.jsoup.parser.HtmlTreeBuilder
* Test criteria:
  - Line Coverage
  - Branch Coverage
  - Exception
  - Mutation testing (weak)
  - Method-Output Coverage
  - Top-Level Method Coverage
  - No-Exception Top-Level Method Coverage
  - Context Branch Coverage
* Setting up search algorithm for whole suite generation
* Total number of test goals: 
  - Line 392
  - Branch 247
  - Exception 0
  - MutationFactory 792
  - Output 166
  - Method 68
  - MethodNoException 68
  - CBranchFitnessFactory 247

[Progress:>                             0%] [Cov:>                                  0%]* Using seed 11
* Starting evolution

[Progress:>                             1%] [Cov:>                                  0%]
[Progress:>                             3%] [Cov:=>                                 3%]
[Progress:>                             3%] [Cov:=>                                 5%]
[Progress:>                             3%] [Cov:====>                              13%]
[Progress:>                             3%] [Cov:=====>                             17%]
[Progress:>                             3%] [Cov:======>                            19%]
[Progress:>                             3%] [Cov:========>                          23%]
[Progress:>                             3%] [Cov:========>                          25%]
[Progress:>                             3%] [Cov:=========>                         27%]
[Progress:=>                            5%] [Cov:====>                              13%]
[Progress:=>                            5%] [Cov:====>                              14%]
[Progress:=>                            5%] [Cov:=====>                             15%]
[Progress:=>                            5%] [Cov:=====>                             16%]
[Progress:=>                            5%] [Cov:=====>                             17%]
[Progress:=>                            5%] [Cov:======>                            18%]
[Progress:=>                            5%] [Cov:=======>                           20%]
[Progress:=>                            5%] [Cov:=======>                           22%]
[Progress:=>                            5%] [Cov:========>                          23%]
[Progress:=>                            6%] [Cov:>                                  0%]
[Progress:=>                            6%] [Cov:>                                  2%]
[Progress:=>                            6%] [Cov:=====>                             15%]
[Progress:=>                            6%] [Cov:=====>                             16%]
[Progress:=>                            6%] [Cov:=====>                             17%]
[Progress:=>                            6%] [Cov:======>                            18%]
[Progress:=>                            6%] [Cov:=======>                           20%]
[Progress:=>                            6%] [Cov:========>                          23%]
[Progress:=>                            6%] [Cov:========>                          24%]
[Progress:=>                            6%] [Cov:=========>                         26%]
[Progress:=>                            6%] [Cov:=========>                         28%]
[Progress:=>                            6%] [Cov:==========>                        29%]
[Progress:==>                           8%] [Cov:=>                                 3%]
[Progress:==>                           8%] [Cov:=>                                 5%]
[Progress:==>                           8%] [Cov:====>                              13%]
[Progress:==>                           8%] [Cov:=====>                             17%]
[Progress:==>                           8%] [Cov:=======>                           22%]
[Progress:==>                           8%] [Cov:========>                          23%]
[Progress:==>                           8%] [Cov:=========>                         26%]
[Progress:==>                           8%] [Cov:==========>                        29%]
[Progress:==>                           8%] [Cov:==========>                        31%]
[Progress:==>                           8%] [Cov:==========>                        29%]
[Progress:==>                           8%] [Cov:==========>                        30%]
[Progress:===>                          10%] [Cov:======>                            19%]
[Progress:===>                          10%] [Cov:=======>                           20%]
[Progress:===>                          10%] [Cov:==========>                        31%]
[Progress:===>                          10%] [Cov:==========>                        29%]
[Progress:===>                          11%] [Cov:=====>                             15%]
[Progress:===>                          11%] [Cov:======>                            19%]
[Progress:===>                          11%] [Cov:==========>                        30%]
[Progress:===>                          11%] [Cov:===========>                       33%]
[Progress:===>                          11%] [Cov:===========>                       34%]
[Progress:===>                          11%] [Cov:============>                      35%]
[Progress:===>                          11%] [Cov:============>                      36%]
[Progress:===>                          11%] [Cov:============>                      36%]
[Progress:===>                          13%] [Cov:=======>                           22%]
[Progress:===>                          13%] [Cov:========>                          23%]
[Progress:===>                          13%] [Cov:==========>                        29%]
[Progress:===>                          13%] [Cov:==========>                        30%]
[Progress:===>                          13%] [Cov:==========>                        31%]
[Progress:===>                          13%] [Cov:============>                      35%]
[Progress:===>                          13%] [Cov:============>                      36%]
[Progress:====>                         15%] [Cov:=======>                           22%]
[Progress:====>                         15%] [Cov:===========>                       34%]
[Progress:====>                         15%] [Cov:============>                      36%]
[Progress:====>                         15%] [Cov:============>                      37%]
[Progress:====>                         15%] [Cov:=============>                     38%]
[Progress:====>                         16%] [Cov:=========>                         28%]
[Progress:====>                         16%] [Cov:==========>                        31%]
[Progress:====>                         16%] [Cov:===========>                       32%]
[Progress:====>                         16%] [Cov:===========>                       34%]
[Progress:====>                         16%] [Cov:============>                      36%]
[Progress:====>                         16%] [Cov:============>                      37%]
[Progress:====>                         16%] [Cov:=============>                     38%]
[Progress:====>                         16%] [Cov:=============>                     38%]
[Progress:=====>                        18%] [Cov:============>                      36%]
[Progress:=====>                        18%] [Cov:============>                      37%]
[Progress:=====>                        18%] [Cov:=============>                     39%]
[Progress:=====>                        18%] [Cov:==============>                    40%]
[Progress:======>                       20%] [Cov:==============>                    40%]
[Progress:======>                       20%] [Cov:==============>                    41%]
[Progress:======>                       21%] [Cov:==========>                        30%]
[Progress:======>                       21%] [Cov:============>                      36%]
[Progress:======>                       21%] [Cov:=============>                     38%]
[Progress:======>                       21%] [Cov:==============>                    41%]
[Progress:======>                       23%] [Cov:============>                      36%]
[Progress:======>                       23%] [Cov:=============>                     38%]
[Progress:======>                       23%] [Cov:=============>                     39%]
[Progress:======>                       23%] [Cov:==============>                    41%]
[Progress:=======>                      25%] [Cov:===========>                       32%]
[Progress:=======>                      25%] [Cov:============>                      36%]
[Progress:=======>                      25%] [Cov:=============>                     38%]
[Progress:=======>                      25%] [Cov:==============>                    40%]
[Progress:=======>                      25%] [Cov:==============>                    41%]
[Progress:=======>                      25%] [Cov:==============>                    42%]
[Progress:=======>                      25%] [Cov:==============>                    42%]
[Progress:=======>                      25%] [Cov:===============>                   44%]
[Progress:=======>                      26%] [Cov:==============>                    40%]
[Progress:=======>                      26%] [Cov:==============>                    41%]
[Progress:========>                     28%] [Cov:============>                      35%]
[Progress:========>                     28%] [Cov:==============>                    41%]
[Progress:=========>                    30%] [Cov:============>                      35%]
[Progress:=========>                    30%] [Cov:============>                      37%]
[Progress:=========>                    30%] [Cov:==============>                    40%]
[Progress:=========>                    30%] [Cov:==============>                    41%]
[Progress:=========>                    30%] [Cov:==============>                    42%]
[Progress:=========>                    30%] [Cov:==============>                    42%]
[Progress:=========>                    30%] [Cov:===============>                   43%]
[Progress:=========>                    31%] [Cov:============>                      37%]
[Progress:=========>                    31%] [Cov:=============>                     38%]
[Progress:=========>                    31%] [Cov:==============>                    41%]
[Progress:=========>                    31%] [Cov:==============>                    42%]
[Progress:=========>                    31%] [Cov:===============>                   43%]
[Progress:=========>                    33%] [Cov:=============>                     39%]
[Progress:=========>                    33%] [Cov:==============>                    42%]
[Progress:=========>                    33%] [Cov:===============>                   43%]
[Progress:=========>                    33%] [Cov:===============>                   44%]
[Progress:==========>                   35%] [Cov:==============>                    41%]
[Progress:==========>                   35%] [Cov:==============>                    42%]
[Progress:==========>                   35%] [Cov:===============>                   43%]
[Progress:==========>                   35%] [Cov:===============>                   44%]
[Progress:==========>                   36%] [Cov:==============>                    42%]
[Progress:==========>                   36%] [Cov:===============>                   44%]
[Progress:==========>                   36%] [Cov:===============>                   45%]
[Progress:===========>                  38%] [Cov:==============>                    42%]
[Progress:===========>                  38%] [Cov:===============>                   43%]
[Progress:===========>                  38%] [Cov:===============>                   44%]
[Progress:===========>                  38%] [Cov:===============>                   45%]
[Progress:===========>                  38%] [Cov:================>                  46%]
[Progress:===========>                  38%] [Cov:===============>                   43%]
[Progress:===========>                  38%] [Cov:===============>                   44%]
[Progress:============>                 40%] [Cov:===============>                   44%]
[Progress:============>                 40%] [Cov:===============>                   45%]
[Progress:============>                 40%] [Cov:================>                  46%]
[Progress:============>                 41%] [Cov:===============>                   43%]
[Progress:============>                 41%] [Cov:===============>                   44%]
[Progress:============>                 41%] [Cov:===============>                   45%]
[Progress:============>                 41%] [Cov:================>                  46%]
[Progress:============>                 43%] [Cov:===============>                   44%]
[Progress:============>                 43%] [Cov:===============>                   45%]
[Progress:============>                 43%] [Cov:===============>                   45%]
[Progress:=============>                45%] [Cov:==============>                    42%]
[Progress:=============>                45%] [Cov:===============>                   43%]
[Progress:=============>                45%] [Cov:================>                  46%]
[Progress:=============>                46%] [Cov:===============>                   44%]
[Progress:=============>                46%] [Cov:===============>                   45%]
[Progress:=============>                46%] [Cov:================>                  46%]
[Progress:=============>                46%] [Cov:===============>                   45%]
[Progress:=============>                46%] [Cov:================>                  46%]
[Progress:==============>               48%] [Cov:================>                  46%]
[Progress:===============>              50%] [Cov:==============>                    42%]
[Progress:===============>              50%] [Cov:===============>                   43%]
[Progress:===============>              50%] [Cov:===============>                   45%]
[Progress:===============>              50%] [Cov:================>                  46%]
[Progress:===============>              51%] [Cov:===============>                   45%]
[Progress:===============>              51%] [Cov:================>                  46%]
[Progress:===============>              51%] [Cov:===============>                   45%]
[Progress:===============>              51%] [Cov:================>                  46%]
[Progress:===============>              53%] [Cov:===============>                   45%]
[Progress:===============>              53%] [Cov:================>                  46%]
[Progress:===============>              53%] [Cov:================>                  47%]
[Progress:===============>              53%] [Cov:================>                  48%]
[Progress:================>             55%] [Cov:===============>                   44%]
[Progress:================>             55%] [Cov:===============>                   45%]
[Progress:================>             55%] [Cov:================>                  46%]
[Progress:================>             55%] [Cov:================>                  47%]
[Progress:================>             55%] [Cov:================>                  48%]
[Progress:================>             56%] [Cov:===============>                   45%]
[Progress:================>             56%] [Cov:================>                  46%]
[Progress:================>             56%] [Cov:================>                  47%]
[Progress:================>             56%] [Cov:================>                  47%]
[Progress:=================>            58%] [Cov:===============>                   45%]
[Progress:=================>            58%] [Cov:================>                  46%]
[Progress:=================>            58%] [Cov:================>                  47%]
[Progress:=================>            58%] [Cov:================>                  48%]
[Progress:==================>           60%] [Cov:================>                  47%]
[Progress:==================>           60%] [Cov:================>                  48%]
[Progress:==================>           61%] [Cov:================>                  47%]
[Progress:==================>           63%] [Cov:==============>                    42%]
[Progress:==================>           63%] [Cov:===============>                   44%]
[Progress:==================>           63%] [Cov:================>                  46%]
[Progress:==================>           63%] [Cov:================>                  47%]
[Progress:==================>           63%] [Cov:================>                  47%]
[Progress:==================>           63%] [Cov:================>                  48%]
[Progress:===================>          65%] [Cov:================>                  47%]
[Progress:===================>          65%] [Cov:================>                  48%]
[Progress:===================>          66%] [Cov:================>                  47%]
[Progress:===================>          66%] [Cov:================>                  48%]
[Progress:====================>         68%] [Cov:===============>                   44%]
[Progress:====================>         68%] [Cov:================>                  47%]
[Progress:====================>         68%] [Cov:================>                  48%]
[Progress:====================>         68%] [Cov:================>                  48%]
[Progress:====================>         68%] [Cov:=================>                 49%]
[Progress:=====================>        70%] [Cov:================>                  47%]
[Progress:=====================>        70%] [Cov:================>                  48%]
[Progress:=====================>        71%] [Cov:================>                  47%]
[Progress:=====================>        71%] [Cov:================>                  48%]
[Progress:=====================>        73%] [Cov:================>                  46%]
[Progress:=====================>        73%] [Cov:================>                  47%]
[Progress:=====================>        73%] [Cov:=================>                 49%]
[Progress:=====================>        73%] [Cov:=================>                 49%]
[Progress:======================>       75%] [Cov:================>                  46%]
[Progress:======================>       75%] [Cov:================>                  47%]
[Progress:======================>       75%] [Cov:================>                  48%]
[Progress:======================>       76%] [Cov:=================>                 49%]
[Progress:======================>       76%] [Cov:=================>                 50%]
[Progress:=======================>      78%] [Cov:================>                  47%]
[Progress:=======================>      78%] [Cov:================>                  48%]
[Progress:========================>     80%] [Cov:================>                  46%]
[Progress:========================>     80%] [Cov:================>                  47%]
[Progress:========================>     80%] [Cov:=================>                 50%]
[Progress:========================>     81%] [Cov:================>                  47%]
[Progress:========================>     81%] [Cov:================>                  48%]
[Progress:========================>     81%] [Cov:=================>                 49%]
[Progress:========================>     83%] [Cov:================>                  47%]
[Progress:========================>     83%] [Cov:================>                  48%]
[Progress:========================>     83%] [Cov:=================>                 49%]
[Progress:=========================>    85%] [Cov:================>                  47%]
[Progress:=========================>    85%] [Cov:=================>                 49%]
[Progress:=========================>    85%] [Cov:=================>                 50%]
[Progress:=========================>    86%] [Cov:================>                  46%]
[Progress:=========================>    86%] [Cov:================>                  48%]
[Progress:=========================>    86%] [Cov:=================>                 49%][MASTER] 07:07:03.195 [logback-1] WARN  TestCluster - Failed to check cache for java.util.Comparator<T> : Type points to itself

[Progress:=========================>    86%] [Cov:=================>                 50%]
[Progress:==========================>   88%] [Cov:================>                  48%]
[Progress:==========================>   88%] [Cov:=================>                 49%]
[Progress:==========================>   88%] [Cov:=================>                 50%]
[Progress:===========================>  90%] [Cov:================>                  47%]
[Progress:===========================>  90%] [Cov:=================>                 49%]
[Progress:===========================>  90%] [Cov:=================>                 50%]
[Progress:===========================>  91%] [Cov:===============>                   45%]
[Progress:===========================>  91%] [Cov:================>                  47%]
[Progress:===========================>  91%] [Cov:=================>                 49%]
[Progress:===========================>  91%] [Cov:=================>                 50%]
[Progress:===========================>  91%] [Cov:=================>                 51%]
[Progress:===========================>  93%] [Cov:=================>                 50%]
[Progress:============================> 95%] [Cov:=================>                 49%]
[Progress:============================> 95%] [Cov:=================>                 50%]
[Progress:============================> 96%] [Cov:================>                  48%]
[Progress:============================> 96%] [Cov:=================>                 49%]
[Progress:============================> 96%] [Cov:=================>                 49%]
[Progress:============================> 96%] [Cov:=================>                 50%]
[Progress:=============================>98%] [Cov:=================>                 49%]
[Progress:=============================>98%] [Cov:=================>                 50%]
[Progress:==============================100%] [Cov:=================>                 50%]
[Progress:==============================100%] [Cov:=================>                 51%]
[Progress:==============================100%] [Cov:=================>                 50%]
[Progress:==============================100%] [Cov:=================>                 51%]
* Search finished after 62s and 24 generations, 6277 statements, best individual has fitness: 1119.2450492591438
* Minimizing test suite
* Going to analyze the coverage criteria
* Coverage analysis for criterion LINE
* Coverage of criterion LINE: 49%
* Total number of goals: 392
* Number of covered goals: 191
* Coverage analysis for criterion BRANCH
* Coverage of criterion BRANCH: 43%
* Total number of goals: 247
* Number of covered goals: 107
* Coverage analysis for criterion EXCEPTION
* Coverage of criterion EXCEPTION: 30%
* Total number of goals: 50
* Number of covered goals: 15
* Coverage analysis for criterion WEAKMUTATION
* Coverage of criterion WEAKMUTATION: 64%
* Total number of goals: 792
* Number of covered goals: 508
* Coverage analysis for criterion OUTPUT
* Coverage of criterion OUTPUT: 17%
* Total number of goals: 166
* Number of covered goals: 28
* Coverage analysis for criterion METHOD
* Coverage of criterion METHOD: 60%
* Total number of goals: 68
* Number of covered goals: 41
* Coverage analysis for criterion METHODNOEXCEPTION
* Coverage of criterion METHODNOEXCEPTION: 53%
* Total number of goals: 68
* Number of covered goals: 36
* Coverage analysis for criterion CBRANCH
* Coverage of criterion CBRANCH: 43%
* Total number of goals: 247
* Number of covered goals: 107
* Generated 49 tests with total length 156
* Resulting test suite's coverage: 51% (average coverage for all fitness functions)
* Generating assertions
* Resulting test suite's mutation score: 32%
* Compiling and checking tests
* Writing tests to file
* Writing JUnit test case 'HtmlTreeBuilder_ESTest' to evosuite-tests
* Done!

* Computation finished

