CMD: /usr/lib/jvm/java-8-openjdk-amd64/bin/java -Dtools_jar_location=/usr/lib/jvm/java-8-openjdk-amd64/lib/tools.jar -jar /home/pizza/evosuite/evosuite-1.2.0.jar -generateSuite -class com.fasterxml.jackson.databind.SerializationConfig -projectCP /home/pizza/evosuite/Test/JacksonDatabind-48b/target/classes:/home/pizza/defects4j/framework/projects/JacksonDatabind/lib/com/fasterxml/jackson/core/jackson-annotations/2.7.0/jackson-annotations-2.7.0.jar:/home/pizza/defects4j/framework/projects/JacksonDatabind/lib/com/fasterxml/jackson/core/jackson-core/2.7.4/jackson-core-2.7.4.jar -base_dir /home/pizza/evosuite/results/project-JacksonDatabind/JacksonDatabind-48/round02/evosuite-work -seed 11 -Dalgorithm=NSGAII -Dsearch_budget=150 -Dtest_format=JUNIT4 -Dassertions=true

* EvoSuite 1.2.0
* Going to generate test cases for class: com.fasterxml.jackson.databind.SerializationConfig
* Starting Client-0
* Connecting to master process on port 8224
* Analyzing classpath: 
  - /home/pizza/evosuite/Test/JacksonDatabind-48b/target/classes
  - /home/pizza/defects4j/framework/projects/JacksonDatabind/lib/com/fasterxml/jackson/core/jackson-annotations/2.7.0/jackson-annotations-2.7.0.jar
  - /home/pizza/defects4j/framework/projects/JacksonDatabind/lib/com/fasterxml/jackson/core/jackson-core/2.7.4/jackson-core-2.7.4.jar
* Finished analyzing classpath
* Generating tests for class com.fasterxml.jackson.databind.SerializationConfig
* Test criteria:
  - Line Coverage
  - Branch Coverage
  - Exception
  - Mutation testing (weak)
  - Method-Output Coverage
  - Top-Level Method Coverage
  - No-Exception Top-Level Method Coverage
  - Context Branch Coverage
* Setting up search algorithm for whole suite generation
* Total number of test goals: 
  - Line 296
  - Branch 161
  - Exception 0
  - MutationFactory 290
  - Output 630
  - Method 63
  - MethodNoException 63
  - CBranchFitnessFactory 161

[Progress:>                             0%] [Cov:>                                  0%]* Using seed 11
* Starting evolution
[MASTER] 06:01:58.027 [logback-1] WARN  TestCluster - Failed to check cache for java.util.ArrayList<E> : Type points to itself
[MASTER] 06:01:58.051 [logback-1] WARN  TestCluster - Failed to check cache for java.util.Map<K, V> : Type points to itself
[MASTER] 06:01:58.827 [logback-1] WARN  TestCluster - Failed to check cache for java.util.EnumSet<E> : Type points to itself
[MASTER] 06:01:58.981 [logback-1] WARN  TestCluster - Failed to check cache for com.fasterxml.jackson.annotation.ObjectIdGenerator<T> : Type points to itself
[MASTER] 06:01:59.216 [logback-1] WARN  TestCluster - Failed to check cache for java.util.LinkedList<E> : Type points to itself

[Progress:>                             0%] [Cov:>                                  0%]
[Progress:>                             1%] [Cov:>                                  0%]
[Progress:>                             1%] [Cov:>                                  2%]
[Progress:>                             1%] [Cov:=>                                 3%]
[Progress:>                             1%] [Cov:====>                              13%]
[Progress:>                             1%] [Cov:=====>                             16%]
[Progress:>                             1%] [Cov:=====>                             17%]
[Progress:>                             1%] [Cov:======>                            18%]
[Progress:>                             2%] [Cov:=>                                 3%]
[Progress:>                             2%] [Cov:=>                                 4%]
[Progress:>                             2%] [Cov:=====>                             16%]
[Progress:>                             2%] [Cov:======>                            19%]
[Progress:>                             2%] [Cov:=======>                           21%]
[Progress:>                             3%] [Cov:>                                  2%]
[Progress:>                             3%] [Cov:==>                                6%]
[Progress:>                             3%] [Cov:======>                            19%]
[Progress:>                             3%] [Cov:=======>                           20%]
[Progress:>                             3%] [Cov:=======>                           21%]
[Progress:>                             3%] [Cov:========>                          24%]
[Progress:>                             3%] [Cov:=========>                         27%]
[Progress:>                             3%] [Cov:=========>                         28%]
[Progress:>                             3%] [Cov:=========>                         28%]
[Progress:=>                            4%] [Cov:=======>                           21%]
[Progress:=>                            4%] [Cov:========>                          24%]
[Progress:=>                            4%] [Cov:========>                          25%]
[Progress:=>                            4%] [Cov:=========>                         27%]
[Progress:=>                            4%] [Cov:=========>                         28%]
[Progress:=>                            4%] [Cov:==========>                        29%]
[Progress:=>                            4%] [Cov:==========>                        31%]
[Progress:=>                            4%] [Cov:==========>                        31%]
[Progress:=>                            5%] [Cov:=========>                         28%]
[Progress:=>                            5%] [Cov:==========>                        29%]
[Progress:=>                            5%] [Cov:==========>                        31%]
[Progress:=>                            5%] [Cov:==========>                        31%]
[Progress:=>                            6%] [Cov:=========>                         26%]
[Progress:=>                            6%] [Cov:=========>                         27%]
[Progress:=>                            6%] [Cov:=========>                         28%]
[Progress:=>                            6%] [Cov:==========>                        31%]
[Progress:=>                            6%] [Cov:==========>                        31%]
[Progress:=>                            6%] [Cov:===========>                       32%]
[Progress:=>                            6%] [Cov:===========>                       33%]
[Progress:=>                            6%] [Cov:===========>                       34%]
[Progress:==>                           7%] [Cov:==========>                        30%]
[Progress:==>                           7%] [Cov:===========>                       34%]
[Progress:==>                           7%] [Cov:============>                      35%]
[Progress:==>                           7%] [Cov:============>                      36%]
[Progress:==>                           8%] [Cov:=========>                         28%]
[Progress:==>                           8%] [Cov:==========>                        29%]
[Progress:==>                           8%] [Cov:==========>                        30%]
[Progress:==>                           8%] [Cov:==========>                        31%]
[Progress:==>                           8%] [Cov:===========>                       32%]
[Progress:==>                           8%] [Cov:===========>                       33%]
[Progress:==>                           8%] [Cov:===========>                       34%]
[Progress:==>                           8%] [Cov:============>                      36%]
[Progress:==>                           8%] [Cov:============>                      37%]
[Progress:==>                           8%] [Cov:=============>                     38%]
[Progress:==>                           8%] [Cov:=============>                     39%]
[Progress:==>                           9%] [Cov:===========>                       33%]
[Progress:==>                           9%] [Cov:============>                      36%]
[Progress:==>                           9%] [Cov:=============>                     39%]
[Progress:==>                           9%] [Cov:==============>                    40%]
[Progress:===>                          10%] [Cov:============>                      36%]
[Progress:===>                          10%] [Cov:============>                      37%]
[Progress:===>                          10%] [Cov:==============>                    40%]
[Progress:===>                          10%] [Cov:==============>                    41%]
[Progress:===>                          11%] [Cov:=============>                     38%]
[Progress:===>                          11%] [Cov:=============>                     39%]
[Progress:===>                          11%] [Cov:==============>                    41%]
[Progress:===>                          11%] [Cov:==============>                    42%]
[Progress:===>                          12%] [Cov:=============>                     38%]
[Progress:===>                          12%] [Cov:=============>                     39%]
[Progress:===>                          12%] [Cov:==============>                    40%]
[Progress:===>                          12%] [Cov:==============>                    42%]
[Progress:===>                          12%] [Cov:==============>                    42%]
[Progress:===>                          12%] [Cov:===============>                   43%]
[Progress:===>                          12%] [Cov:===============>                   44%]
[Progress:===>                          12%] [Cov:===============>                   45%]
[Progress:===>                          12%] [Cov:================>                  46%]
[Progress:===>                          13%] [Cov:============>                      36%]
[Progress:===>                          13%] [Cov:==============>                    40%]
[Progress:===>                          13%] [Cov:==============>                    41%]
[Progress:===>                          13%] [Cov:================>                  46%]
[Progress:===>                          13%] [Cov:================>                  47%]
[Progress:===>                          13%] [Cov:================>                  48%]
[Progress:====>                         14%] [Cov:================>                  46%]
[Progress:====>                         14%] [Cov:================>                  48%]
[Progress:====>                         15%] [Cov:============>                      36%]
[Progress:====>                         15%] [Cov:==============>                    40%]
[Progress:====>                         15%] [Cov:================>                  47%]
[Progress:====>                         15%] [Cov:================>                  48%]
[Progress:====>                         16%] [Cov:================>                  46%]
[Progress:====>                         16%] [Cov:================>                  48%]
[Progress:====>                         16%] [Cov:=================>                 49%]
[Progress:====>                         16%] [Cov:=================>                 49%]
[Progress:=====>                        17%] [Cov:================>                  47%]
[Progress:=====>                        17%] [Cov:=================>                 49%]
[Progress:=====>                        17%] [Cov:=================>                 50%]
[Progress:=====>                        18%] [Cov:=================>                 49%]
[Progress:=====>                        18%] [Cov:=================>                 50%]
[Progress:=====>                        18%] [Cov:=================>                 50%]
[Progress:=====>                        19%] [Cov:================>                  47%]
[Progress:=====>                        19%] [Cov:=================>                 49%]
[Progress:=====>                        19%] [Cov:=================>                 50%]
[Progress:======>                       20%] [Cov:================>                  48%]
[Progress:======>                       20%] [Cov:=================>                 50%]
[Progress:======>                       20%] [Cov:=================>                 51%][MASTER] 06:02:29.447 [logback-1] WARN  TestChromosome - Functional mock problem: org.evosuite.ga.ConstructionFailedException: Invalid generic instance

[Progress:======>                       20%] [Cov:=================>                 51%]
[Progress:======>                       21%] [Cov:=================>                 49%]
[Progress:======>                       21%] [Cov:=================>                 50%]
[Progress:======>                       22%] [Cov:=================>                 49%]
[Progress:======>                       22%] [Cov:=================>                 50%]
[Progress:======>                       22%] [Cov:=================>                 50%]
[Progress:======>                       23%] [Cov:================>                  48%]
[Progress:======>                       23%] [Cov:=================>                 50%]
[Progress:======>                       23%] [Cov:=================>                 51%]
[Progress:=======>                      24%] [Cov:=================>                 50%]
[Progress:=======>                      24%] [Cov:=================>                 51%]
[Progress:=======>                      24%] [Cov:=================>                 51%]
[Progress:=======>                      25%] [Cov:=================>                 49%]
[Progress:=======>                      25%] [Cov:=================>                 50%]
[Progress:=======>                      25%] [Cov:=================>                 51%]
[Progress:=======>                      26%] [Cov:================>                  48%]
[Progress:=======>                      26%] [Cov:=================>                 49%]
[Progress:=======>                      26%] [Cov:=================>                 50%][MASTER] 06:02:37.324 [logback-1] WARN  TestCluster - Failed to check cache for java.util.TreeSet<E> : Type points to itself

[Progress:=======>                      26%] [Cov:=================>                 51%]
[Progress:=======>                      26%] [Cov:=================>                 51%]
[Progress:========>                     27%] [Cov:=================>                 50%]
[Progress:========>                     27%] [Cov:=================>                 51%]
[Progress:========>                     28%] [Cov:=================>                 51%]
[Progress:========>                     29%] [Cov:=================>                 51%]
[Progress:=========>                    30%] [Cov:=================>                 51%]
[Progress:=========>                    30%] [Cov:==================>                52%]
[Progress:=========>                    30%] [Cov:==================>                53%]
[Progress:=========>                    31%] [Cov:================>                  48%]
[Progress:=========>                    31%] [Cov:=================>                 51%]
[Progress:=========>                    31%] [Cov:==================>                53%]
[Progress:=========>                    32%] [Cov:=================>                 50%]
[Progress:=========>                    32%] [Cov:==================>                52%]
[Progress:=========>                    32%] [Cov:==================>                53%]
[Progress:=========>                    33%] [Cov:=================>                 51%]
[Progress:=========>                    33%] [Cov:==================>                52%]
[Progress:==========>                   34%] [Cov:==================>                52%]
[Progress:==========>                   34%] [Cov:==================>                53%]
[Progress:==========>                   35%] [Cov:================>                  48%]
[Progress:==========>                   35%] [Cov:=================>                 51%]
[Progress:==========>                   35%] [Cov:==================>                52%]
[Progress:==========>                   35%] [Cov:==================>                53%]
[Progress:==========>                   36%] [Cov:=================>                 51%]
[Progress:==========>                   36%] [Cov:==================>                52%]
[Progress:==========>                   36%] [Cov:==================>                53%]
[Progress:==========>                   36%] [Cov:==================>                54%]
[Progress:===========>                  37%] [Cov:=================>                 51%]
[Progress:===========>                  37%] [Cov:==================>                52%]
[Progress:===========>                  37%] [Cov:==================>                53%]
[Progress:===========>                  38%] [Cov:==================>                52%]
[Progress:===========>                  38%] [Cov:==================>                53%]
[Progress:===========>                  38%] [Cov:==================>                54%]
[Progress:===========>                  38%] [Cov:==================>                54%]
[Progress:===========>                  39%] [Cov:==================>                53%]
[Progress:===========>                  39%] [Cov:==================>                54%]
[Progress:============>                 40%] [Cov:==================>                52%]
[Progress:============>                 40%] [Cov:==================>                53%]
[Progress:============>                 40%] [Cov:==================>                54%]
[Progress:============>                 40%] [Cov:==================>                54%]
[Progress:============>                 41%] [Cov:==================>                53%]
[Progress:============>                 41%] [Cov:==================>                54%]
[Progress:============>                 41%] [Cov:===================>               55%]
[Progress:============>                 42%] [Cov:==================>                54%]
[Progress:============>                 42%] [Cov:===================>               55%]
[Progress:============>                 43%] [Cov:==================>                54%]
[Progress:============>                 43%] [Cov:===================>               55%]
[Progress:============>                 43%] [Cov:===================>               55%]
[Progress:=============>                44%] [Cov:==================>                53%]
[Progress:=============>                44%] [Cov:==================>                54%]
[Progress:=============>                44%] [Cov:===================>               55%]
[Progress:=============>                45%] [Cov:==================>                53%]
[Progress:=============>                45%] [Cov:===================>               55%]
[Progress:=============>                45%] [Cov:===================>               56%]
[Progress:=============>                46%] [Cov:==================>                54%]
[Progress:=============>                46%] [Cov:===================>               55%]
[Progress:=============>                46%] [Cov:===================>               56%]
[Progress:=============>                46%] [Cov:===================>               56%]
[Progress:==============>               47%] [Cov:==================>                54%]
[Progress:==============>               47%] [Cov:===================>               55%]
[Progress:==============>               47%] [Cov:===================>               56%]
[Progress:==============>               48%] [Cov:===================>               55%]
[Progress:==============>               48%] [Cov:===================>               56%]
[Progress:==============>               49%] [Cov:==================>                54%]
[Progress:==============>               49%] [Cov:===================>               55%][MASTER] 06:03:11.850 [logback-1] WARN  TestCluster - Failed to check cache for com.fasterxml.jackson.databind.jsontype.TypeResolverBuilder<T> : Type points to itself

[Progress:==============>               49%] [Cov:===================>               55%]
[Progress:==============>               49%] [Cov:===================>               56%]
[Progress:==============>               49%] [Cov:===================>               57%]
[Progress:===============>              50%] [Cov:===================>               55%]
[Progress:===============>              50%] [Cov:===================>               56%]
[Progress:===============>              50%] [Cov:===================>               57%]
[Progress:===============>              50%] [Cov:====================>              58%]
[Progress:===============>              51%] [Cov:==================>                54%]
[Progress:===============>              51%] [Cov:===================>               55%]
[Progress:===============>              51%] [Cov:===================>               56%]
[Progress:===============>              51%] [Cov:====================>              58%]
[Progress:===============>              52%] [Cov:===================>               56%]
[Progress:===============>              52%] [Cov:===================>               57%]
[Progress:===============>              53%] [Cov:===================>               56%]
[Progress:===============>              53%] [Cov:===================>               57%]
[Progress:===============>              53%] [Cov:====================>              58%]
[Progress:================>             54%] [Cov:===================>               56%]
[Progress:================>             54%] [Cov:====================>              58%]
[Progress:================>             55%] [Cov:===================>               55%]
[Progress:================>             55%] [Cov:===================>               56%]
[Progress:================>             55%] [Cov:===================>               57%]
[Progress:================>             56%] [Cov:===================>               57%]
[Progress:================>             56%] [Cov:====================>              58%]
[Progress:================>             56%] [Cov:===================>               57%]
[Progress:================>             56%] [Cov:====================>              58%]
[Progress:=================>            57%] [Cov:====================>              58%]
[Progress:=================>            58%] [Cov:===================>               55%]
[Progress:=================>            58%] [Cov:===================>               57%]
[Progress:=================>            58%] [Cov:====================>              58%]
[Progress:=================>            58%] [Cov:====================>              59%]
[Progress:=================>            58%] [Cov:====================>              59%][MASTER] 06:03:26.513 [logback-1] WARN  TestCluster - Failed to check cache for java.util.Collection<E> : Type points to itself

[Progress:=================>            59%] [Cov:===================>               56%]
[Progress:=================>            59%] [Cov:===================>               57%]
[Progress:=================>            59%] [Cov:====================>              58%]
[Progress:=================>            59%] [Cov:====================>              59%]
[Progress:==================>           60%] [Cov:===================>               57%]
[Progress:==================>           60%] [Cov:====================>              58%]
[Progress:==================>           60%] [Cov:====================>              59%]
[Progress:==================>           60%] [Cov:=====================>             60%]
[Progress:==================>           61%] [Cov:===================>               57%]
[Progress:==================>           61%] [Cov:====================>              58%]
[Progress:==================>           61%] [Cov:====================>              59%]
[Progress:==================>           62%] [Cov:====================>              58%]
[Progress:==================>           62%] [Cov:====================>              59%]
[Progress:==================>           62%] [Cov:=====================>             60%]
[Progress:==================>           63%] [Cov:====================>              58%]
[Progress:==================>           63%] [Cov:====================>              59%]
[Progress:===================>          64%] [Cov:====================>              58%]
[Progress:===================>          64%] [Cov:====================>              59%]
[Progress:===================>          64%] [Cov:=====================>             60%]
[Progress:===================>          65%] [Cov:====================>              58%]
[Progress:===================>          65%] [Cov:====================>              59%]
[Progress:===================>          65%] [Cov:=====================>             60%]
[Progress:===================>          66%] [Cov:====================>              59%]
[Progress:====================>         67%] [Cov:===================>               57%]
[Progress:====================>         67%] [Cov:=====================>             60%]
[Progress:====================>         67%] [Cov:=====================>             60%]
[Progress:====================>         68%] [Cov:====================>              59%]
[Progress:====================>         68%] [Cov:=====================>             60%]
[Progress:====================>         69%] [Cov:====================>              59%]
[Progress:====================>         69%] [Cov:=====================>             60%]
[Progress:====================>         69%] [Cov:=====================>             60%]
[Progress:=====================>        70%] [Cov:====================>              58%]
[Progress:=====================>        70%] [Cov:=====================>             60%]
[Progress:=====================>        70%] [Cov:=====================>             61%]
[Progress:=====================>        71%] [Cov:====================>              59%]
[Progress:=====================>        71%] [Cov:=====================>             60%]
[Progress:=====================>        71%] [Cov:=====================>             61%]
[Progress:=====================>        72%] [Cov:=====================>             60%]
[Progress:=====================>        72%] [Cov:=====================>             61%]
[Progress:=====================>        73%] [Cov:====================>              59%]
[Progress:=====================>        73%] [Cov:=====================>             60%]
[Progress:=====================>        73%] [Cov:=====================>             61%]
[Progress:=====================>        73%] [Cov:=====================>             61%]
[Progress:======================>       74%] [Cov:=====================>             60%]
[Progress:======================>       74%] [Cov:=====================>             61%]
[Progress:======================>       75%] [Cov:====================>              59%]
[Progress:======================>       75%] [Cov:=====================>             60%]
[Progress:======================>       75%] [Cov:=====================>             61%]
[Progress:======================>       76%] [Cov:=====================>             60%]
[Progress:======================>       76%] [Cov:=====================>             61%]
[Progress:=======================>      77%] [Cov:=====================>             60%]
[Progress:=======================>      77%] [Cov:=====================>             61%]
[Progress:=======================>      78%] [Cov:====================>              59%]
[Progress:=======================>      78%] [Cov:=====================>             60%]
[Progress:=======================>      78%] [Cov:=====================>             61%]
[Progress:=======================>      78%] [Cov:=====================>             61%]
[Progress:=======================>      78%] [Cov:=====================>             62%]
[Progress:=======================>      79%] [Cov:=====================>             61%]
[Progress:========================>     80%] [Cov:=====================>             60%]
[Progress:========================>     80%] [Cov:=====================>             61%]
[Progress:========================>     80%] [Cov:=====================>             61%]
[Progress:========================>     80%] [Cov:=====================>             62%]
[Progress:========================>     81%] [Cov:=====================>             60%]
[Progress:========================>     81%] [Cov:=====================>             61%]
[Progress:========================>     81%] [Cov:=====================>             62%]
[Progress:========================>     82%] [Cov:=====================>             60%]
[Progress:========================>     82%] [Cov:=====================>             61%]
[Progress:========================>     82%] [Cov:=====================>             61%]
[Progress:========================>     82%] [Cov:=====================>             62%]
[Progress:========================>     83%] [Cov:=====================>             61%]
[Progress:========================>     83%] [Cov:=====================>             62%]
[Progress:=========================>    84%] [Cov:=====================>             61%]
[Progress:=========================>    84%] [Cov:=====================>             62%]
[Progress:=========================>    84%] [Cov:=====================>             61%]
[Progress:=========================>    84%] [Cov:=====================>             62%]
[Progress:=========================>    85%] [Cov:=====================>             61%]
[Progress:=========================>    85%] [Cov:=====================>             62%]
[Progress:=========================>    86%] [Cov:=====================>             62%]
[Progress:=========================>    86%] [Cov:=====================>             61%]
[Progress:=========================>    86%] [Cov:=====================>             62%]
[Progress:==========================>   87%] [Cov:=====================>             61%]
[Progress:==========================>   87%] [Cov:=====================>             62%]
[Progress:==========================>   88%] [Cov:=====================>             61%]
[Progress:==========================>   88%] [Cov:=====================>             62%]
[Progress:==========================>   88%] [Cov:======================>            63%]
[Progress:==========================>   88%] [Cov:=====================>             62%]
[Progress:==========================>   89%] [Cov:=====================>             61%]
[Progress:==========================>   89%] [Cov:=====================>             62%]
[Progress:===========================>  90%] [Cov:=====================>             62%]
[Progress:===========================>  90%] [Cov:======================>            63%]
[Progress:===========================>  91%] [Cov:=====================>             61%]
[Progress:===========================>  91%] [Cov:=====================>             62%]
[Progress:===========================>  91%] [Cov:======================>            63%]
[Progress:===========================>  91%] [Cov:======================>            63%]
[Progress:===========================>  92%] [Cov:=====================>             62%]
[Progress:===========================>  92%] [Cov:======================>            63%]
[Progress:===========================>  93%] [Cov:=====================>             62%]
[Progress:===========================>  93%] [Cov:======================>            63%]
[Progress:===========================>  93%] [Cov:======================>            63%]
[Progress:============================> 94%] [Cov:======================>            63%]
[Progress:============================> 95%] [Cov:=====================>             62%]
[Progress:============================> 95%] [Cov:======================>            63%]
[Progress:============================> 95%] [Cov:======================>            64%]
[Progress:============================> 96%] [Cov:=====================>             62%]
[Progress:============================> 96%] [Cov:======================>            64%]
[Progress:============================> 96%] [Cov:======================>            64%]
[Progress:=============================>97%] [Cov:======================>            63%]
[Progress:=============================>98%] [Cov:=====================>             62%]
[Progress:=============================>98%] [Cov:======================>            63%]
[Progress:=============================>98%] [Cov:======================>            64%]
[Progress:=============================>98%] [Cov:======================>            64%]
[Progress:=============================>99%] [Cov:======================>            63%]
[Progress:=============================>99%] [Cov:======================>            64%]
[Progress:==============================100%] [Cov:======================>            63%]
[Progress:==============================100%] [Cov:======================>            64%]
[Progress:==============================100%] [Cov:======================>            63%]
[Progress:==============================100%] [Cov:======================>            64%]
* Search finished after 153s and 55 generations, 36119 statements, best individual has fitness: 1300.4610285042033
* Minimizing test suite
* Going to analyze the coverage criteria
* Coverage analysis for criterion LINE
* Coverage of criterion LINE: 83%
* Total number of goals: 296
* Number of covered goals: 247
* Coverage analysis for criterion BRANCH
* Coverage of criterion BRANCH: 59%
* Total number of goals: 161
* Number of covered goals: 95
* Coverage analysis for criterion EXCEPTION
* Coverage of criterion EXCEPTION: 11%
* Total number of goals: 28
* Number of covered goals: 3
* Coverage analysis for criterion WEAKMUTATION
* Coverage of criterion WEAKMUTATION: 65%
* Total number of goals: 290
* Number of covered goals: 188
* Coverage analysis for criterion OUTPUT
* Coverage of criterion OUTPUT: 32%
* Total number of goals: 630
* Number of covered goals: 203
* Coverage analysis for criterion METHOD
* Coverage of criterion METHOD: 83%
* Total number of goals: 63
* Number of covered goals: 52
* Coverage analysis for criterion METHODNOEXCEPTION
* Coverage of criterion METHODNOEXCEPTION: 79%
* Total number of goals: 63
* Number of covered goals: 50
* Coverage analysis for criterion CBRANCH
* Coverage of criterion CBRANCH: 58%
* Total number of goals: 161
* Number of covered goals: 94
* Generated 60 tests with total length 510
* Resulting test suite's coverage: 65% (average coverage for all fitness functions)
* Generating assertions
* Resulting test suite's mutation score: 23%
* Compiling and checking tests
* Writing tests to file
* Writing JUnit test case 'SerializationConfig_ESTest' to evosuite-tests
* Done!

* Computation finished

