CMD: /usr/lib/jvm/java-8-openjdk-amd64/bin/java -Dtools_jar_location=/usr/lib/jvm/java-8-openjdk-amd64/lib/tools.jar -jar /home/pizza/evosuite/evosuite-1.2.0.jar -generateSuite -class com.fasterxml.jackson.databind.deser.BeanDeserializerFactory -projectCP /home/pizza/evosuite/Test/JacksonDatabind-58b/target/classes:/home/pizza/defects4j/framework/projects/JacksonDatabind/lib/com/fasterxml/jackson/core/jackson-annotations/2.7.0/jackson-annotations-2.7.0.jar:/home/pizza/defects4j/framework/projects/JacksonDatabind/lib/com/fasterxml/jackson/core/jackson-core/2.7.7/jackson-core-2.7.7.jar -base_dir /home/pizza/evosuite/results/project-JacksonDatabind/JacksonDatabind-58/round02/evosuite-work -seed 11 -Dalgorithm=NSGAII -Dsearch_budget=150 -Dtest_format=JUNIT4 -Dassertions=true

* EvoSuite 1.2.0
* Going to generate test cases for class: com.fasterxml.jackson.databind.deser.BeanDeserializerFactory
* Starting Client-0
* Connecting to master process on port 8220
* Analyzing classpath: 
  - /home/pizza/evosuite/Test/JacksonDatabind-58b/target/classes
  - /home/pizza/defects4j/framework/projects/JacksonDatabind/lib/com/fasterxml/jackson/core/jackson-annotations/2.7.0/jackson-annotations-2.7.0.jar
  - /home/pizza/defects4j/framework/projects/JacksonDatabind/lib/com/fasterxml/jackson/core/jackson-core/2.7.7/jackson-core-2.7.7.jar
* Finished analyzing classpath
* Generating tests for class com.fasterxml.jackson.databind.deser.BeanDeserializerFactory
* Test criteria:
  - Line Coverage
  - Branch Coverage
  - Exception
  - Mutation testing (weak)
  - Method-Output Coverage
  - Top-Level Method Coverage
  - No-Exception Top-Level Method Coverage
  - Context Branch Coverage
* Setting up search algorithm for whole suite generation
* Total number of test goals: 
  - Line 318
  - Branch 201
  - Exception 0
  - MutationFactory 141
  - Output 94
  - Method 20
  - MethodNoException 20
  - CBranchFitnessFactory 201
* Using seed 11
* Starting evolution

[Progress:>                             0%] [Cov:>                                  0%][MASTER] 06:55:43.505 [logback-1] WARN  TestCluster - Failed to check cache for java.util.ArrayList<E> : Type points to itself
[MASTER] 06:55:43.505 [logback-1] WARN  TestCluster - Failed to check cache for java.util.AbstractMap<K, V>.SimpleImmutableEntry<K, V> : Type points to itself
[MASTER] 06:55:43.505 [logback-1] WARN  TestCluster - Failed to check cache for java.util.Map<K, V> : Type points to itself
[MASTER] 06:55:45.075 [logback-1] WARN  TestCluster - Failed to check cache for java.util.LinkedHashSet<E> : Type points to itself
[MASTER] 06:55:46.318 [logback-1] WARN  TestCluster - Failed to check cache for com.fasterxml.jackson.databind.JsonDeserializer<T> : Type points to itself
[MASTER] 06:55:46.399 [logback-1] WARN  TestCluster - Failed to check cache for java.util.ArrayDeque<E> : Type points to itself
[MASTER] 06:55:46.750 [logback-1] WARN  TestCluster - Failed to check cache for java.util.Collection<E> : Type points to itself
[MASTER] 06:55:49.089 [logback-1] WARN  TestCluster - Failed to check cache for java.util.TreeSet<E> : Type points to itself
[MASTER] 06:55:49.129 [logback-1] WARN  TestCluster - Failed to check cache for java.util.Vector<E> : Type points to itself

[Progress:=>                            4%] [Cov:>                                  0%]
[Progress:=>                            4%] [Cov:====>                              13%]
[Progress:=>                            4%] [Cov:=====>                             15%]
[Progress:=>                            4%] [Cov:=====>                             16%]
[Progress:=>                            4%] [Cov:=====>                             17%]
[Progress:=>                            5%] [Cov:====>                              13%]
[Progress:=>                            5%] [Cov:====>                              14%]
[Progress:=>                            5%] [Cov:=====>                             15%]
[Progress:=>                            5%] [Cov:=====>                             16%]
[Progress:=>                            5%] [Cov:=====>                             17%]
[Progress:=>                            6%] [Cov:>                                  0%]
[Progress:=>                            6%] [Cov:>                                  1%]
[Progress:=>                            6%] [Cov:====>                              13%]
[Progress:=>                            6%] [Cov:====>                              14%]
[Progress:=>                            6%] [Cov:=====>                             15%]
[Progress:=>                            6%] [Cov:=====>                             16%]
[Progress:=>                            6%] [Cov:=====>                             17%]
[Progress:=>                            6%] [Cov:======>                            18%][MASTER] 06:55:53.995 [logback-1] WARN  TestCluster - Failed to check cache for java.util.Comparator<T> : Type points to itself

[Progress:=>                            6%] [Cov:=====>                             17%]
[Progress:==>                           7%] [Cov:=====>                             17%][MASTER] 06:55:54.454 [logback-1] WARN  TestChromosome - Functional mock problem: org.evosuite.ga.ConstructionFailedException: Failed to add constructor for com.fasterxml.jackson.databind.deser.CreatorProperty due to org.evosuite.ga.ConstructionFailedException: Failed to add constructor for com.fasterxml.jackson.databind.deser.CreatorProperty due to org.evosuite.ga.ConstructionFailedException: Failed to add constructor for com.fasterxml.jackson.databind.deser.CreatorProperty due to org.evosuite.ga.ConstructionFailedException: Max recursion depth reached

[Progress:==>                           7%] [Cov:======>                            18%][MASTER] 06:55:54.868 [logback-1] WARN  TestChromosome - Functional mock problem: org.evosuite.ga.ConstructionFailedException: Have no generator for class com.fasterxml.jackson.databind.introspect.BasicClassIntrospector canUseFunctionalMocks=false, canBeMocked: true
[MASTER] 06:55:54.925 [logback-1] WARN  TestChromosome - Functional mock problem: org.evosuite.ga.ConstructionFailedException: No generators of type java.lang.Class<com.fasterxml.jackson.databind.module.SimpleAbstractTypeResolver>
[MASTER] 06:55:55.020 [logback-1] WARN  TestChromosome - Functional mock problem: org.evosuite.ga.ConstructionFailedException: Invalid generic instance
[MASTER] 06:55:55.091 [logback-1] WARN  TestChromosome - Functional mock problem: org.evosuite.ga.ConstructionFailedException: Failed to add constructor for com.fasterxml.jackson.databind.DeserializationConfig due to org.evosuite.ga.ConstructionFailedException: Failed to add constructor for com.fasterxml.jackson.databind.cfg.BaseSettings due to org.evosuite.ga.ConstructionFailedException: Max recursion depth reached
[MASTER] 06:55:55.174 [logback-1] WARN  TestChromosome - Functional mock problem: org.evosuite.ga.ConstructionFailedException: Failed to add constructor for com.fasterxml.jackson.databind.deser.CreatorProperty due to org.evosuite.ga.ConstructionFailedException: Failed to add constructor for com.fasterxml.jackson.databind.deser.CreatorProperty due to org.evosuite.ga.ConstructionFailedException: Failed to add constructor for com.fasterxml.jackson.databind.deser.CreatorProperty due to org.evosuite.ga.ConstructionFailedException: Failed to add constructor for com.fasterxml.jackson.databind.jsontype.impl.AsExternalTypeDeserializer due to org.evosuite.ga.ConstructionFailedException: Failed to add constructor for com.fasterxml.jackson.databind.jsontype.impl.AsExternalTypeDeserializer due to org.evosuite.ga.ConstructionFailedException: Max recursion depth reached
[MASTER] 06:55:55.294 [logback-1] WARN  TestChromosome - Functional mock problem: org.evosuite.ga.ConstructionFailedException: Failed to add constructor for com.fasterxml.jackson.databind.DeserializationConfig due to org.evosuite.ga.ConstructionFailedException: Failed to add constructor for com.fasterxml.jackson.databind.cfg.BaseSettings due to org.evosuite.ga.ConstructionFailedException: Invalid generic instance

[Progress:==>                           7%] [Cov:======>                            18%]
[Progress:==>                           8%] [Cov:=====>                             17%]
[Progress:==>                           8%] [Cov:======>                            18%][MASTER] 06:55:55.516 [logback-1] WARN  TestChromosome - Functional mock problem: org.evosuite.ga.ConstructionFailedException: Failed to add constructor for com.fasterxml.jackson.databind.ser.BeanSerializerBuilder due to org.evosuite.ga.ConstructionFailedException: Failed to add constructor for com.fasterxml.jackson.databind.DeserializationConfig due to org.evosuite.ga.ConstructionFailedException: Failed to add constructor for com.fasterxml.jackson.databind.cfg.BaseSettings due to org.evosuite.ga.ConstructionFailedException: Invalid generic instance
[MASTER] 06:55:55.633 [logback-1] WARN  TestChromosome - Functional mock problem: org.evosuite.ga.ConstructionFailedException: Max recursion depth reached

[Progress:==>                           8%] [Cov:======>                            18%][MASTER] 06:55:56.040 [logback-1] WARN  TestChromosome - Functional mock problem: org.evosuite.ga.ConstructionFailedException: Failed to add constructor for com.fasterxml.jackson.databind.ser.BeanSerializerBuilder due to org.evosuite.ga.ConstructionFailedException: Invalid generic instance

[Progress:==>                           8%] [Cov:======>                            19%]
[Progress:==>                           8%] [Cov:======>                            19%]
[Progress:==>                           8%] [Cov:======>                            19%]
[Progress:==>                           9%] [Cov:======>                            19%]
[Progress:==>                           9%] [Cov:=======>                           20%]
[Progress:==>                           9%] [Cov:=======>                           20%]
[Progress:===>                          10%] [Cov:=====>                             17%]
[Progress:===>                          10%] [Cov:======>                            18%]
[Progress:===>                          10%] [Cov:======>                            19%][MASTER] 06:55:58.502 [logback-1] WARN  TestChromosome - Functional mock problem: org.evosuite.ga.ConstructionFailedException: Failed to add constructor for com.fasterxml.jackson.databind.ser.BeanSerializerBuilder due to org.evosuite.ga.ConstructionFailedException: Failed to add constructor for com.fasterxml.jackson.databind.DeserializationConfig due to org.evosuite.ga.ConstructionFailedException: Failed to add constructor for com.fasterxml.jackson.databind.cfg.BaseSettings due to org.evosuite.ga.ConstructionFailedException: Max recursion depth reached

[Progress:===>                          10%] [Cov:=======>                           20%]
[Progress:===>                          10%] [Cov:=======>                           20%]
[Progress:===>                          10%] [Cov:=======>                           20%]
[Progress:===>                          10%] [Cov:=======>                           20%]
[Progress:===>                          11%] [Cov:=======>                           20%]
[Progress:===>                          11%] [Cov:=======>                           20%]
[Progress:===>                          11%] [Cov:=======>                           21%]
[Progress:===>                          11%] [Cov:=======>                           21%]
[Progress:===>                          12%] [Cov:=======>                           20%]
[Progress:===>                          12%] [Cov:=======>                           21%]
[Progress:===>                          12%] [Cov:=======>                           21%]
[Progress:===>                          12%] [Cov:=======>                           21%]
[Progress:===>                          12%] [Cov:=======>                           22%]
[Progress:===>                          12%] [Cov:========>                          24%]
[Progress:===>                          12%] [Cov:=========>                         27%][MASTER] 06:56:02.153 [logback-1] WARN  TestCluster - Failed to check cache for com.fasterxml.jackson.annotation.ObjectIdGenerator<T> : Type points to itself

[Progress:===>                          12%] [Cov:=========>                         26%][MASTER] 06:56:02.841 [logback-1] WARN  TestChromosome - Functional mock problem: org.evosuite.ga.ConstructionFailedException: Failed to add constructor for com.fasterxml.jackson.databind.SerializationConfig due to org.evosuite.ga.ConstructionFailedException: Failed to add constructor for com.fasterxml.jackson.databind.cfg.BaseSettings due to org.evosuite.ga.ConstructionFailedException: Max recursion depth reached

[Progress:===>                          12%] [Cov:=========>                         26%][MASTER] 06:56:03.045 [logback-1] WARN  TestCluster - Failed to check cache for java.util.EnumSet<E> : Type points to itself

[Progress:===>                          12%] [Cov:=========>                         27%]
[Progress:===>                          13%] [Cov:=======>                           20%]
[Progress:===>                          13%] [Cov:=========>                         26%]
[Progress:===>                          13%] [Cov:=========>                         27%]
[Progress:===>                          13%] [Cov:=========>                         27%]
[Progress:===>                          13%] [Cov:=========>                         28%][MASTER] 06:56:04.262 [logback-1] WARN  TestChromosome - Functional mock problem: org.evosuite.ga.ConstructionFailedException: Failed to add constructor for com.fasterxml.jackson.databind.SerializationConfig due to org.evosuite.ga.ConstructionFailedException: Failed to add constructor for com.fasterxml.jackson.databind.introspect.SimpleMixInResolver due to org.evosuite.ga.ConstructionFailedException: Failed to add constructor for com.fasterxml.jackson.databind.DeserializationConfig due to org.evosuite.ga.ConstructionFailedException: Max recursion depth reached

[Progress:====>                         14%] [Cov:=========>                         26%]
[Progress:====>                         14%] [Cov:=========>                         28%]
[Progress:====>                         14%] [Cov:=========>                         27%][MASTER] 06:56:04.944 [logback-1] WARN  TestChromosome - Functional mock problem: org.evosuite.ga.ConstructionFailedException: Failed to add constructor for com.fasterxml.jackson.databind.ser.BeanSerializerBuilder due to org.evosuite.ga.ConstructionFailedException: Failed to add constructor for com.fasterxml.jackson.databind.SerializationConfig due to org.evosuite.ga.ConstructionFailedException: Failed to add constructor for com.fasterxml.jackson.databind.cfg.BaseSettings due to org.evosuite.ga.ConstructionFailedException: Max recursion depth reached

[Progress:====>                         14%] [Cov:=========>                         28%]
[Progress:====>                         14%] [Cov:=========>                         27%]
[Progress:====>                         14%] [Cov:=========>                         28%][MASTER] 06:56:05.806 [logback-1] WARN  TestChromosome - Functional mock problem: org.evosuite.ga.ConstructionFailedException: Failed to add constructor for com.fasterxml.jackson.databind.SerializationConfig due to org.evosuite.ga.ConstructionFailedException: Failed to add constructor for com.fasterxml.jackson.databind.cfg.BaseSettings due to org.evosuite.ga.ConstructionFailedException: Invalid generic instance

[Progress:====>                         14%] [Cov:=========>                         28%][MASTER] 06:56:06.146 [logback-1] WARN  TestChromosome - Functional mock problem: org.evosuite.ga.ConstructionFailedException: Failed to add constructor for com.fasterxml.jackson.databind.ser.BeanSerializerBuilder due to org.evosuite.ga.ConstructionFailedException: Failed to add constructor for com.fasterxml.jackson.databind.DeserializationConfig due to org.evosuite.ga.ConstructionFailedException: Max recursion depth reached

[Progress:====>                         15%] [Cov:=======>                           22%]
[Progress:====>                         15%] [Cov:=========>                         28%]
[Progress:====>                         15%] [Cov:=========>                         28%]
[Progress:====>                         15%] [Cov:=========>                         27%]
[Progress:====>                         15%] [Cov:=========>                         28%]
[Progress:====>                         16%] [Cov:=========>                         27%]
[Progress:====>                         16%] [Cov:=========>                         28%][MASTER] 06:56:07.572 [logback-1] WARN  TestChromosome - Functional mock problem: org.evosuite.ga.ConstructionFailedException: Failed to add constructor for com.fasterxml.jackson.databind.introspect.POJOPropertyBuilder due to org.evosuite.ga.ConstructionFailedException: Failed to add constructor for com.fasterxml.jackson.databind.introspect.POJOPropertyBuilder due to org.evosuite.ga.ConstructionFailedException: Invalid generic instance

[Progress:====>                         16%] [Cov:==========>                        29%]
[Progress:====>                         16%] [Cov:==========>                        29%]
[Progress:====>                         16%] [Cov:==========>                        29%]
[Progress:====>                         16%] [Cov:==========>                        29%]
[Progress:=====>                        17%] [Cov:=======>                           22%]
[Progress:=====>                        17%] [Cov:=========>                         28%]
[Progress:=====>                        17%] [Cov:==========>                        29%]
[Progress:=====>                        17%] [Cov:==========>                        29%]
[Progress:=====>                        17%] [Cov:==========>                        29%]
[Progress:=====>                        18%] [Cov:=========>                         28%]
[Progress:=====>                        18%] [Cov:==========>                        29%]
[Progress:=====>                        18%] [Cov:==========>                        29%][MASTER] 06:56:11.231 [logback-1] WARN  TestChromosome - Functional mock problem: org.evosuite.ga.ConstructionFailedException: Failed to add constructor for com.fasterxml.jackson.databind.ser.BeanSerializerBuilder due to org.evosuite.ga.ConstructionFailedException: Failed to add constructor for com.fasterxml.jackson.databind.SerializationConfig due to org.evosuite.ga.ConstructionFailedException: Failed to add constructor for com.fasterxml.jackson.databind.introspect.SimpleMixInResolver due to org.evosuite.ga.ConstructionFailedException: Failed to add constructor for com.fasterxml.jackson.databind.DeserializationConfig due to org.evosuite.ga.ConstructionFailedException: Max recursion depth reached

[Progress:=====>                        18%] [Cov:==========>                        29%][MASTER] 06:56:11.847 [logback-1] WARN  TestChromosome - Functional mock problem: org.evosuite.ga.ConstructionFailedException: Failed to add constructor for com.fasterxml.jackson.databind.ser.BeanSerializerBuilder due to org.evosuite.ga.ConstructionFailedException: Max recursion depth reached

[Progress:=====>                        18%] [Cov:==========>                        29%]
[Progress:=====>                        19%] [Cov:==========>                        29%]
[Progress:=====>                        19%] [Cov:==========>                        29%]
[Progress:======>                       20%] [Cov:==========>                        29%]
[Progress:======>                       20%] [Cov:==========>                        29%]
[Progress:======>                       20%] [Cov:==========>                        30%]
[Progress:======>                       20%] [Cov:==========>                        29%]
[Progress:======>                       20%] [Cov:==========>                        30%]
[Progress:======>                       20%] [Cov:==========>                        29%]
[Progress:======>                       20%] [Cov:==========>                        30%]
[Progress:======>                       21%] [Cov:==========>                        29%]
[Progress:======>                       21%] [Cov:==========>                        30%]
[Progress:======>                       21%] [Cov:==========>                        29%]
[Progress:======>                       21%] [Cov:==========>                        30%]
[Progress:======>                       21%] [Cov:==========>                        30%]
[Progress:======>                       22%] [Cov:==========>                        30%]
[Progress:======>                       22%] [Cov:==========>                        30%]
[Progress:======>                       22%] [Cov:==========>                        30%]
[Progress:======>                       22%] [Cov:==========>                        31%]
[Progress:======>                       23%] [Cov:=========>                         28%]
[Progress:======>                       23%] [Cov:==========>                        29%]
[Progress:======>                       23%] [Cov:==========>                        30%]
[Progress:======>                       23%] [Cov:==========>                        30%]
[Progress:=======>                      24%] [Cov:=========>                         28%]
[Progress:=======>                      24%] [Cov:==========>                        29%]
[Progress:=======>                      24%] [Cov:==========>                        30%]
[Progress:=======>                      24%] [Cov:==========>                        30%]
[Progress:=======>                      24%] [Cov:==========>                        30%]
[Progress:=======>                      24%] [Cov:==========>                        31%]
[Progress:=======>                      24%] [Cov:==========>                        30%]
[Progress:=======>                      25%] [Cov:==========>                        30%]
[Progress:=======>                      25%] [Cov:==========>                        31%]
[Progress:=======>                      25%] [Cov:==========>                        31%]
[Progress:=======>                      26%] [Cov:==========>                        30%]
[Progress:=======>                      26%] [Cov:==========>                        31%]
[Progress:=======>                      26%] [Cov:==========>                        31%]
[Progress:=======>                      26%] [Cov:==========>                        30%]
[Progress:=======>                      26%] [Cov:==========>                        31%]
[Progress:========>                     27%] [Cov:==========>                        30%]
[Progress:========>                     27%] [Cov:==========>                        31%]
[Progress:========>                     27%] [Cov:===========>                       32%]
[Progress:========>                     27%] [Cov:==========>                        30%]
[Progress:========>                     27%] [Cov:==========>                        31%][MASTER] 06:56:25.148 [logback-1] WARN  TestChromosome - Functional mock problem: org.evosuite.ga.ConstructionFailedException: Failed to add constructor for com.fasterxml.jackson.databind.introspect.POJOPropertyBuilder due to org.evosuite.ga.ConstructionFailedException: Invalid generic instance

[Progress:========>                     27%] [Cov:===========>                       32%]
[Progress:========>                     28%] [Cov:==========>                        31%][MASTER] 06:56:25.837 [logback-1] WARN  TestChromosome - Functional mock problem: org.evosuite.ga.ConstructionFailedException: Failed to add constructor for com.fasterxml.jackson.databind.deser.BuilderBasedDeserializer due to org.evosuite.ga.ConstructionFailedException: Failed to add constructor for com.fasterxml.jackson.databind.deser.BuilderBasedDeserializer due to org.evosuite.ga.ConstructionFailedException: Failed to add constructor for com.fasterxml.jackson.databind.deser.BuilderBasedDeserializer due to org.evosuite.ga.ConstructionFailedException: Failed to add constructor for com.fasterxml.jackson.databind.deser.BuilderBasedDeserializer due to org.evosuite.ga.ConstructionFailedException: Failed to add constructor for com.fasterxml.jackson.databind.deser.BuilderBasedDeserializer due to org.evosuite.ga.ConstructionFailedException: Max recursion depth reached
[MASTER] 06:56:25.883 [logback-1] WARN  TestChromosome - Functional mock problem: org.evosuite.ga.ConstructionFailedException: Failed to add constructor for com.fasterxml.jackson.databind.deser.DefaultDeserializationContext$Impl due to org.evosuite.ga.ConstructionFailedException: Failed to add constructor for com.fasterxml.jackson.databind.deser.DefaultDeserializationContext$Impl due to org.evosuite.ga.ConstructionFailedException: Failed to add constructor for com.fasterxml.jackson.databind.deser.DefaultDeserializationContext$Impl due to org.evosuite.ga.ConstructionFailedException: Max recursion depth reached

[Progress:========>                     28%] [Cov:==========>                        30%]
[Progress:========>                     28%] [Cov:==========>                        31%]
[Progress:========>                     28%] [Cov:===========>                       32%]
[Progress:========>                     28%] [Cov:==========>                        30%]
[Progress:========>                     28%] [Cov:==========>                        31%]
[Progress:========>                     28%] [Cov:===========>                       32%]
[Progress:========>                     29%] [Cov:==========>                        30%]
[Progress:========>                     29%] [Cov:===========>                       32%]
[Progress:========>                     29%] [Cov:==========>                        30%]
[Progress:========>                     29%] [Cov:==========>                        31%]
[Progress:========>                     29%] [Cov:===========>                       32%][MASTER] 06:56:28.218 [logback-1] WARN  TestChromosome - Functional mock problem: org.evosuite.ga.ConstructionFailedException: Failed to add constructor for com.fasterxml.jackson.databind.DeserializationConfig due to org.evosuite.ga.ConstructionFailedException: Failed to add constructor for com.fasterxml.jackson.databind.introspect.SimpleMixInResolver due to org.evosuite.ga.ConstructionFailedException: Failed to add constructor for com.fasterxml.jackson.databind.SerializationConfig due to org.evosuite.ga.ConstructionFailedException: Max recursion depth reached

[Progress:=========>                    30%] [Cov:==========>                        30%]
[Progress:=========>                    30%] [Cov:===========>                       32%]
[Progress:=========>                    30%] [Cov:==========>                        30%]
[Progress:=========>                    30%] [Cov:===========>                       32%]
[Progress:=========>                    30%] [Cov:==========>                        30%]
[Progress:=========>                    30%] [Cov:===========>                       32%]
[Progress:=========>                    30%] [Cov:==========>                        30%]
[Progress:=========>                    30%] [Cov:==========>                        31%]
[Progress:=========>                    30%] [Cov:===========>                       32%][MASTER] 06:56:30.362 [logback-1] WARN  TestChromosome - Functional mock problem: org.evosuite.ga.ConstructionFailedException: Failed to add constructor for com.fasterxml.jackson.databind.introspect.AnnotatedMethod due to org.evosuite.ga.ConstructionFailedException: Invalid generic instance

[Progress:=========>                    31%] [Cov:==========>                        30%]
[Progress:=========>                    31%] [Cov:===========>                       32%]
[Progress:=========>                    31%] [Cov:==========>                        30%]
[Progress:=========>                    31%] [Cov:===========>                       32%]
[Progress:=========>                    32%] [Cov:==========>                        31%]
[Progress:=========>                    32%] [Cov:===========>                       32%]
[Progress:=========>                    32%] [Cov:==========>                        30%]
[Progress:=========>                    32%] [Cov:===========>                       32%]
[Progress:=========>                    32%] [Cov:==========>                        30%]
[Progress:=========>                    32%] [Cov:==========>                        31%]
[Progress:=========>                    32%] [Cov:===========>                       32%]
[Progress:=========>                    32%] [Cov:=========>                         28%]
[Progress:=========>                    32%] [Cov:==========>                        31%]
[Progress:=========>                    32%] [Cov:===========>                       32%]
[Progress:=========>                    33%] [Cov:==========>                        31%]
[Progress:=========>                    33%] [Cov:===========>                       32%]
[Progress:=========>                    33%] [Cov:=========>                         27%]
[Progress:=========>                    33%] [Cov:==========>                        31%]
[Progress:=========>                    33%] [Cov:===========>                       32%]
[Progress:==========>                   34%] [Cov:==========>                        31%]
[Progress:==========>                   34%] [Cov:===========>                       32%]
[Progress:==========>                   34%] [Cov:=========>                         27%]
[Progress:==========>                   34%] [Cov:===========>                       32%]
[Progress:==========>                   34%] [Cov:==========>                        31%]
[Progress:==========>                   34%] [Cov:===========>                       32%]
[Progress:==========>                   34%] [Cov:==========>                        31%]
[Progress:==========>                   34%] [Cov:===========>                       32%][MASTER] 06:56:36.183 [logback-1] WARN  TestChromosome - Functional mock problem: org.evosuite.ga.ConstructionFailedException: Failed to add constructor for com.fasterxml.jackson.databind.deser.BeanDeserializerBuilder due to org.evosuite.ga.ConstructionFailedException: Failed to add constructor for com.fasterxml.jackson.databind.deser.BeanDeserializerBuilder due to org.evosuite.ga.ConstructionFailedException: Max recursion depth reached

[Progress:==========>                   34%] [Cov:===========>                       33%]
[Progress:==========>                   35%] [Cov:==========>                        30%]
[Progress:==========>                   35%] [Cov:==========>                        31%]
[Progress:==========>                   35%] [Cov:===========>                       32%]
[Progress:==========>                   35%] [Cov:===========>                       33%]
[Progress:==========>                   36%] [Cov:=======>                           20%]
[Progress:==========>                   36%] [Cov:===========>                       32%][MASTER] 06:56:37.860 [logback-1] WARN  TestChromosome - Functional mock problem: org.evosuite.ga.ConstructionFailedException: Failed to add constructor for com.fasterxml.jackson.databind.ser.BeanSerializerBuilder due to org.evosuite.ga.ConstructionFailedException: Failed to add constructor for com.fasterxml.jackson.databind.SerializationConfig due to org.evosuite.ga.ConstructionFailedException: Failed to add constructor for com.fasterxml.jackson.databind.cfg.BaseSettings due to org.evosuite.ga.ConstructionFailedException: Invalid generic instance

[Progress:==========>                   36%] [Cov:===========>                       33%]
[Progress:==========>                   36%] [Cov:===========>                       33%]
[Progress:===========>                  37%] [Cov:===========>                       32%]
[Progress:===========>                  37%] [Cov:===========>                       33%]
[Progress:===========>                  38%] [Cov:===========>                       32%]
[Progress:===========>                  38%] [Cov:===========>                       33%]
[Progress:===========>                  38%] [Cov:===========>                       33%]
[Progress:===========>                  38%] [Cov:===========>                       33%]
[Progress:===========>                  39%] [Cov:==========>                        31%]
[Progress:===========>                  39%] [Cov:===========>                       32%]
[Progress:===========>                  39%] [Cov:===========>                       33%]
[Progress:===========>                  39%] [Cov:===========>                       33%]
[Progress:============>                 40%] [Cov:===========>                       32%]
[Progress:============>                 40%] [Cov:===========>                       33%]
[Progress:============>                 40%] [Cov:===========>                       32%]
[Progress:============>                 40%] [Cov:===========>                       33%]
[Progress:============>                 40%] [Cov:===========>                       32%]
[Progress:============>                 40%] [Cov:===========>                       33%]
[Progress:============>                 40%] [Cov:===========>                       32%]
[Progress:============>                 40%] [Cov:===========>                       33%]
[Progress:============>                 41%] [Cov:===========>                       33%]
[Progress:============>                 41%] [Cov:===========>                       33%]
[Progress:============>                 42%] [Cov:===========>                       33%]
[Progress:============>                 42%] [Cov:===========>                       33%][MASTER] 06:56:47.579 [logback-1] WARN  TestChromosome - Functional mock problem: org.evosuite.ga.ConstructionFailedException: Failed to add constructor for com.fasterxml.jackson.databind.deser.BeanDeserializerBuilder due to org.evosuite.ga.ConstructionFailedException: Failed to add constructor for com.fasterxml.jackson.databind.deser.BeanDeserializerBuilder due to org.evosuite.ga.ConstructionFailedException: Invalid generic instance

[Progress:============>                 42%] [Cov:===========>                       33%]
[Progress:============>                 43%] [Cov:===========>                       33%]
[Progress:============>                 43%] [Cov:===========>                       33%][MASTER] 06:56:49.125 [logback-1] WARN  TestChromosome - Functional mock problem: org.evosuite.ga.ConstructionFailedException: Failed to add constructor for com.fasterxml.jackson.databind.deser.DefaultDeserializationContext$Impl due to org.evosuite.ga.ConstructionFailedException: Failed to add constructor for com.fasterxml.jackson.databind.DeserializationConfig due to org.evosuite.ga.ConstructionFailedException: Failed to add constructor for com.fasterxml.jackson.databind.cfg.BaseSettings due to org.evosuite.ga.ConstructionFailedException: Max recursion depth reached

[Progress:============>                 43%] [Cov:===========>                       33%]
[Progress:=============>                44%] [Cov:===========>                       33%]
[Progress:=============>                44%] [Cov:===========>                       32%]
[Progress:=============>                44%] [Cov:===========>                       33%][MASTER] 06:56:50.667 [logback-1] WARN  TestChromosome - Functional mock problem: org.evosuite.ga.ConstructionFailedException: Failed to add constructor for com.fasterxml.jackson.databind.type.ResolvedRecursiveType due to org.evosuite.ga.ConstructionFailedException: Failed to add constructor for com.fasterxml.jackson.databind.deser.DefaultDeserializationContext$Impl due to org.evosuite.ga.ConstructionFailedException: Failed to add constructor for com.fasterxml.jackson.databind.DeserializationConfig due to org.evosuite.ga.ConstructionFailedException: Max recursion depth reached

[Progress:=============>                44%] [Cov:===========>                       33%]
[Progress:=============>                45%] [Cov:===========>                       33%]
[Progress:=============>                45%] [Cov:===========>                       33%]
[Progress:=============>                46%] [Cov:===========>                       33%]
[Progress:=============>                46%] [Cov:===========>                       33%][MASTER] 06:56:53.095 [logback-1] WARN  TestChromosome - Functional mock problem: org.evosuite.ga.ConstructionFailedException: Cannot instantiate a class with a class

[Progress:=============>                46%] [Cov:===========>                       33%]
[Progress:==============>               47%] [Cov:===========>                       33%]
[Progress:==============>               47%] [Cov:===========>                       33%]
[Progress:==============>               48%] [Cov:===========>                       33%]
[Progress:==============>               48%] [Cov:===========>                       33%]
[Progress:==============>               48%] [Cov:===========>                       33%]
[Progress:==============>               49%] [Cov:===========>                       33%]
[Progress:==============>               49%] [Cov:===========>                       33%]
[Progress:===============>              50%] [Cov:===========>                       33%]
[Progress:===============>              50%] [Cov:===========>                       33%]
[Progress:===============>              50%] [Cov:===========>                       33%]
[Progress:===============>              50%] [Cov:===========>                       33%]
[Progress:===============>              51%] [Cov:===========>                       33%]
[Progress:===============>              51%] [Cov:===========>                       33%]
[Progress:===============>              51%] [Cov:===========>                       34%]
[Progress:===============>              52%] [Cov:===========>                       33%][MASTER] 06:57:01.864 [logback-1] WARN  TestCluster - Failed to check cache for java.util.LinkedList<E> : Type points to itself

[Progress:===============>              52%] [Cov:===========>                       34%]
[Progress:===============>              52%] [Cov:===========>                       34%]
[Progress:===============>              53%] [Cov:===========>                       33%]
[Progress:===============>              53%] [Cov:===========>                       34%]
[Progress:===============>              53%] [Cov:============>                      35%]
[Progress:===============>              53%] [Cov:============>                      35%]
[Progress:================>             54%] [Cov:===========>                       33%]
[Progress:================>             54%] [Cov:===========>                       34%]
[Progress:================>             54%] [Cov:============>                      35%]
[Progress:================>             54%] [Cov:============>                      35%]
[Progress:================>             54%] [Cov:============>                      35%]
[Progress:================>             55%] [Cov:===========>                       34%]
[Progress:================>             55%] [Cov:============>                      35%]
[Progress:================>             55%] [Cov:============>                      35%][MASTER] 06:57:07.258 [logback-1] WARN  TestCluster - Failed to check cache for com.fasterxml.jackson.databind.JsonSerializer<T> : Type points to itself

[Progress:================>             56%] [Cov:===========>                       34%]
[Progress:================>             56%] [Cov:============>                      35%]
[Progress:================>             56%] [Cov:============>                      35%][MASTER] 06:57:08.738 [logback-1] WARN  TestChromosome - Functional mock problem: org.evosuite.ga.ConstructionFailedException: Failed to add constructor for com.fasterxml.jackson.databind.ser.BeanSerializerBuilder due to org.evosuite.ga.ConstructionFailedException: Failed to add constructor for com.fasterxml.jackson.databind.SerializationConfig due to org.evosuite.ga.ConstructionFailedException: Max recursion depth reached

[Progress:================>             56%] [Cov:===========>                       34%]
[Progress:================>             56%] [Cov:============>                      35%]
[Progress:=================>            57%] [Cov:===========>                       34%]
[Progress:=================>            57%] [Cov:============>                      35%]
[Progress:=================>            57%] [Cov:===========>                       34%]
[Progress:=================>            57%] [Cov:============>                      35%]
[Progress:=================>            58%] [Cov:===========>                       33%]
[Progress:=================>            58%] [Cov:============>                      35%]
[Progress:=================>            58%] [Cov:===========>                       34%]
[Progress:=================>            58%] [Cov:============>                      35%][MASTER] 06:57:11.649 [logback-1] WARN  TestChromosome - Functional mock problem: org.evosuite.ga.ConstructionFailedException: Failed to add constructor for com.fasterxml.jackson.databind.ser.BeanSerializerBuilder due to org.evosuite.ga.ConstructionFailedException: Have no generator for class com.fasterxml.jackson.databind.introspect.BasicClassIntrospector canUseFunctionalMocks=false, canBeMocked: true

[Progress:=================>            58%] [Cov:===========>                       34%]
[Progress:=================>            58%] [Cov:============>                      35%]
[Progress:=================>            59%] [Cov:============>                      35%]
[Progress:=================>            59%] [Cov:===========>                       34%]
[Progress:=================>            59%] [Cov:============>                      35%]
[Progress:==================>           60%] [Cov:===========>                       32%]
[Progress:==================>           60%] [Cov:===========>                       34%]
[Progress:==================>           60%] [Cov:============>                      35%]
[Progress:==================>           60%] [Cov:===========>                       34%]
[Progress:==================>           60%] [Cov:============>                      35%]
[Progress:==================>           60%] [Cov:============>                      35%]
[Progress:==================>           61%] [Cov:============>                      35%]
[Progress:==================>           61%] [Cov:============>                      36%]
[Progress:==================>           61%] [Cov:============>                      36%]
[Progress:==================>           62%] [Cov:============>                      35%]
[Progress:==================>           62%] [Cov:============>                      36%]
[Progress:==================>           62%] [Cov:============>                      36%]
[Progress:==================>           62%] [Cov:============>                      36%][MASTER] 06:57:18.269 [logback-1] WARN  TestChromosome - Functional mock problem: org.evosuite.ga.ConstructionFailedException: Failed to add constructor for com.fasterxml.jackson.databind.ser.BeanSerializerBuilder due to org.evosuite.ga.ConstructionFailedException: Failed to add constructor for com.fasterxml.jackson.databind.SerializationConfig due to org.evosuite.ga.ConstructionFailedException: Failed to add constructor for com.fasterxml.jackson.databind.introspect.SimpleMixInResolver due to org.evosuite.ga.ConstructionFailedException: Max recursion depth reached

[Progress:==================>           63%] [Cov:============>                      35%]
[Progress:==================>           63%] [Cov:============>                      36%][MASTER] 06:57:18.817 [logback-1] WARN  TestChromosome - Functional mock problem: org.evosuite.ga.ConstructionFailedException: Failed to add constructor for com.fasterxml.jackson.databind.deser.BeanDeserializerBuilder due to org.evosuite.ga.ConstructionFailedException: Failed to add constructor for com.fasterxml.jackson.databind.DeserializationConfig due to org.evosuite.ga.ConstructionFailedException: Failed to add constructor for com.fasterxml.jackson.databind.cfg.BaseSettings due to org.evosuite.ga.ConstructionFailedException: Max recursion depth reached

[Progress:==================>           63%] [Cov:============>                      36%]
[Progress:===================>          64%] [Cov:============>                      36%]
[Progress:===================>          64%] [Cov:============>                      36%]
[Progress:===================>          64%] [Cov:============>                      37%]
[Progress:===================>          64%] [Cov:============>                      37%]
[Progress:===================>          65%] [Cov:============>                      36%]
[Progress:===================>          65%] [Cov:============>                      37%][MASTER] 06:57:21.960 [logback-1] WARN  TestCluster - Failed to check cache for java.util.Enumeration<E> : Type points to itself

[Progress:===================>          65%] [Cov:============>                      37%]
[Progress:===================>          66%] [Cov:============>                      36%]
[Progress:===================>          66%] [Cov:============>                      37%]
[Progress:===================>          66%] [Cov:============>                      37%]
[Progress:===================>          66%] [Cov:============>                      37%]
[Progress:====================>         67%] [Cov:============>                      37%]
[Progress:====================>         68%] [Cov:============>                      36%]
[Progress:====================>         68%] [Cov:============>                      37%]
[Progress:====================>         68%] [Cov:============>                      37%]
[Progress:====================>         69%] [Cov:============>                      37%]
[Progress:====================>         69%] [Cov:============>                      37%]
[Progress:=====================>        70%] [Cov:=========>                         27%]
[Progress:=====================>        70%] [Cov:============>                      37%]
[Progress:=====================>        70%] [Cov:============>                      37%]
[Progress:=====================>        70%] [Cov:============>                      37%]
[Progress:=====================>        71%] [Cov:=========>                         26%]
[Progress:=====================>        71%] [Cov:============>                      37%]
[Progress:=====================>        71%] [Cov:============>                      37%]
[Progress:=====================>        72%] [Cov:============>                      37%]
[Progress:=====================>        72%] [Cov:============>                      37%]
[Progress:=====================>        72%] [Cov:============>                      37%]
[Progress:=====================>        73%] [Cov:============>                      37%]
[Progress:=====================>        73%] [Cov:============>                      37%]
[Progress:======================>       74%] [Cov:============>                      36%]
[Progress:======================>       74%] [Cov:============>                      37%]
[Progress:======================>       74%] [Cov:============>                      37%]
[Progress:======================>       75%] [Cov:============>                      37%]
[Progress:======================>       75%] [Cov:============>                      37%]
[Progress:======================>       76%] [Cov:============>                      37%]
[Progress:======================>       76%] [Cov:============>                      37%]
[Progress:======================>       76%] [Cov:============>                      37%]
[Progress:=======================>      77%] [Cov:============>                      37%]
[Progress:=======================>      77%] [Cov:============>                      37%]
[Progress:=======================>      78%] [Cov:=========>                         26%]
[Progress:=======================>      78%] [Cov:============>                      37%]
[Progress:=======================>      78%] [Cov:============>                      37%]
[Progress:=======================>      79%] [Cov:============>                      37%]
[Progress:=======================>      79%] [Cov:============>                      36%]
[Progress:=======================>      79%] [Cov:============>                      37%]
[Progress:========================>     80%] [Cov:============>                      36%]
[Progress:========================>     80%] [Cov:============>                      37%]
[Progress:========================>     80%] [Cov:============>                      36%]
[Progress:========================>     80%] [Cov:============>                      37%]
[Progress:========================>     80%] [Cov:============>                      36%]
[Progress:========================>     80%] [Cov:============>                      37%]
[Progress:========================>     81%] [Cov:============>                      37%]
[Progress:========================>     81%] [Cov:===========>                       34%]
[Progress:========================>     81%] [Cov:============>                      37%]
[Progress:========================>     82%] [Cov:============>                      37%]
[Progress:========================>     82%] [Cov:===========>                       34%]
[Progress:========================>     82%] [Cov:============>                      37%]
[Progress:========================>     82%] [Cov:===========>                       34%]
[Progress:========================>     82%] [Cov:============>                      37%]
[Progress:========================>     83%] [Cov:============>                      37%]
[Progress:========================>     83%] [Cov:===========>                       34%]
[Progress:=========================>    84%] [Cov:============>                      37%]
[Progress:=========================>    84%] [Cov:===========>                       34%]
[Progress:=========================>    84%] [Cov:============>                      37%]
[Progress:=========================>    85%] [Cov:============>                      37%]
[Progress:=========================>    85%] [Cov:===========>                       34%]
[Progress:=========================>    85%] [Cov:============>                      37%]
[Progress:=========================>    86%] [Cov:============>                      37%]
[Progress:=========================>    86%] [Cov:============>                      37%]
[Progress:=========================>    86%] [Cov:============>                      37%]
[Progress:==========================>   87%] [Cov:=========>                         27%]
[Progress:==========================>   87%] [Cov:============>                      37%][MASTER] 06:57:54.906 [logback-1] WARN  TestChromosome - Functional mock problem: org.evosuite.ga.ConstructionFailedException: Failed to add constructor for com.fasterxml.jackson.databind.ser.BeanSerializerBuilder due to org.evosuite.ga.ConstructionFailedException: Failed to add constructor for com.fasterxml.jackson.databind.DeserializationConfig due to org.evosuite.ga.ConstructionFailedException: Failed to add constructor for com.fasterxml.jackson.databind.introspect.SimpleMixInResolver due to org.evosuite.ga.ConstructionFailedException: Failed to add constructor for com.fasterxml.jackson.databind.SerializationConfig due to org.evosuite.ga.ConstructionFailedException: Max recursion depth reached

[Progress:==========================>   88%] [Cov:============>                      37%]
[Progress:==========================>   88%] [Cov:============>                      37%]
[Progress:==========================>   88%] [Cov:============>                      37%]
[Progress:==========================>   89%] [Cov:============>                      37%]
[Progress:==========================>   89%] [Cov:============>                      37%]
[Progress:===========================>  90%] [Cov:============>                      37%]
[Progress:===========================>  90%] [Cov:============>                      37%]
[Progress:===========================>  90%] [Cov:===========>                       33%]
[Progress:===========================>  90%] [Cov:============>                      37%]
[Progress:===========================>  91%] [Cov:============>                      37%]
[Progress:===========================>  91%] [Cov:===========>                       33%]
[Progress:===========================>  91%] [Cov:============>                      37%]
[Progress:===========================>  92%] [Cov:============>                      37%]
[Progress:===========================>  92%] [Cov:===========>                       33%]
[Progress:===========================>  92%] [Cov:============>                      37%]
[Progress:===========================>  92%] [Cov:===========>                       33%]
[Progress:===========================>  93%] [Cov:============>                      37%]
[Progress:============================> 94%] [Cov:============>                      37%]
[Progress:============================> 94%] [Cov:===========>                       33%]
[Progress:============================> 94%] [Cov:============>                      37%]
[Progress:============================> 94%] [Cov:===========>                       33%]
[Progress:============================> 94%] [Cov:============>                      37%]
[Progress:============================> 95%] [Cov:============>                      36%]
[Progress:============================> 95%] [Cov:============>                      37%]
[Progress:============================> 95%] [Cov:===========>                       33%]
[Progress:============================> 95%] [Cov:============>                      36%]
[Progress:============================> 95%] [Cov:============>                      37%]
[Progress:============================> 96%] [Cov:============>                      37%][MASTER] 06:58:07.538 [logback-1] WARN  TestCluster - Failed to check cache for java.util.HashSet<E> : Type points to itself

[Progress:============================> 96%] [Cov:===========>                       33%]
[Progress:============================> 96%] [Cov:============>                      37%]
[Progress:============================> 96%] [Cov:===========>                       33%]
[Progress:============================> 96%] [Cov:============>                      37%]
[Progress:=============================>97%] [Cov:============>                      36%]
[Progress:=============================>97%] [Cov:============>                      37%]
[Progress:=============================>98%] [Cov:============>                      37%]
[Progress:=============================>98%] [Cov:===========>                       33%]
[Progress:=============================>98%] [Cov:============>                      37%]
[Progress:=============================>98%] [Cov:===========>                       33%]
[Progress:=============================>98%] [Cov:============>                      37%]
[Progress:=============================>99%] [Cov:============>                      37%]
[Progress:=============================>99%] [Cov:===========>                       33%]
[Progress:=============================>99%] [Cov:============>                      37%]
[Progress:==============================100%] [Cov:============>                      37%]
[Progress:==============================100%] [Cov:===========>                       33%]
[Progress:==============================100%] [Cov:============>                      37%]
[Progress:==============================100%] [Cov:===========>                       33%]
* Search finished after 152s and 157 generations, 60608 statements, best individual has fitness: 982.4957446808511
* Minimizing test suite
* Going to analyze the coverage criteria
* Coverage analysis for criterion LINE
* Coverage of criterion LINE: 26%
* Total number of goals: 318
* Number of covered goals: 83
* Coverage analysis for criterion BRANCH
* Coverage of criterion BRANCH: 18%
* Total number of goals: 201
* Number of covered goals: 36
* Coverage analysis for criterion EXCEPTION
* Coverage of criterion EXCEPTION: 56%
* Total number of goals: 16
* Number of covered goals: 9
* Coverage analysis for criterion WEAKMUTATION
* Coverage of criterion WEAKMUTATION: 27%
* Total number of goals: 141
* Number of covered goals: 38
* Coverage analysis for criterion OUTPUT
* Coverage of criterion OUTPUT: 3%
* Total number of goals: 94
* Number of covered goals: 3
* Coverage analysis for criterion METHOD
* Coverage of criterion METHOD: 70%
* Total number of goals: 20
* Number of covered goals: 14
* Coverage analysis for criterion METHODNOEXCEPTION
* Coverage of criterion METHODNOEXCEPTION: 30%
* Total number of goals: 20
* Number of covered goals: 6
* Coverage analysis for criterion CBRANCH
* Coverage of criterion CBRANCH: 16%
* Total number of goals: 201
* Number of covered goals: 33
* Generated 16 tests with total length 64
* Resulting test suite's coverage: 33% (average coverage for all fitness functions)
* Generating assertions
* Resulting test suite's mutation score: 10%
* Compiling and checking tests
* Writing tests to file
* Writing JUnit test case 'BeanDeserializerFactory_ESTest' to evosuite-tests
* Done!

* Computation finished

