CMD: /usr/lib/jvm/java-8-openjdk-amd64/bin/java -Dtools_jar_location=/usr/lib/jvm/java-8-openjdk-amd64/lib/tools.jar -jar /home/pizza/evosuite/evosuite-1.2.0.jar -generateSuite -class com.fasterxml.jackson.databind.deser.std.FromStringDeserializer -projectCP /home/pizza/evosuite/Test/JacksonDatabind-56b/target/classes:/home/pizza/defects4j/framework/projects/JacksonDatabind/lib/com/fasterxml/jackson/core/jackson-annotations/2.7.0/jackson-annotations-2.7.0.jar:/home/pizza/defects4j/framework/projects/JacksonDatabind/lib/com/fasterxml/jackson/core/jackson-core/2.7.6/jackson-core-2.7.6.jar -base_dir /home/pizza/evosuite/results/project-JacksonDatabind/JacksonDatabind-56/round02/evosuite-work -seed 11 -Dalgorithm=NSGAII -Dsearch_budget=150 -Dtest_format=JUNIT4 -Dassertions=true

* EvoSuite 1.2.0
* Going to generate test cases for class: com.fasterxml.jackson.databind.deser.std.FromStringDeserializer
* Starting Client-0
* Connecting to master process on port 8220
* Analyzing classpath: 
  - /home/pizza/evosuite/Test/JacksonDatabind-56b/target/classes
  - /home/pizza/defects4j/framework/projects/JacksonDatabind/lib/com/fasterxml/jackson/core/jackson-annotations/2.7.0/jackson-annotations-2.7.0.jar
  - /home/pizza/defects4j/framework/projects/JacksonDatabind/lib/com/fasterxml/jackson/core/jackson-core/2.7.6/jackson-core-2.7.6.jar
* Finished analyzing classpath
* Generating tests for class com.fasterxml.jackson.databind.deser.std.FromStringDeserializer
* Test criteria:
  - Line Coverage
  - Branch Coverage
  - Exception
  - Mutation testing (weak)
  - Method-Output Coverage
  - Top-Level Method Coverage
  - No-Exception Top-Level Method Coverage
  - Context Branch Coverage
* Setting up search algorithm for whole suite generation
* Total number of test goals: 
  - Line 112
  - Branch 99
  - Exception 0
  - MutationFactory 284
  - Output 12
  - Method 8
  - MethodNoException 8
  - CBranchFitnessFactory 99

[Progress:>                             0%] [Cov:>                                  0%]* Using seed 11
* Starting evolution
[MASTER] 06:46:04.890 [logback-1] WARN  TestCluster - Failed to check cache for java.util.PriorityQueue<E> : Type points to itself
[MASTER] 06:46:05.081 [logback-1] WARN  TestCluster - Failed to check cache for java.util.Map<K, V> : Type points to itself
[MASTER] 06:46:06.891 [logback-1] WARN  TestCluster - Failed to check cache for com.fasterxml.jackson.databind.JsonDeserializer<T> : Type points to itself

[Progress:>                             2%] [Cov:>                                  0%]
[Progress:>                             2%] [Cov:>                                  2%]
[Progress:>                             2%] [Cov:==>                                6%]
[Progress:>                             2%] [Cov:======>                            18%]
[Progress:>                             2%] [Cov:=======>                           21%]
[Progress:>                             2%] [Cov:=======>                           22%]
[Progress:>                             2%] [Cov:========>                          23%]
[Progress:>                             2%] [Cov:=========>                         26%]
[Progress:>                             2%] [Cov:=========>                         27%]
[Progress:>                             2%] [Cov:==========>                        30%]
[Progress:>                             2%] [Cov:==========>                        31%]
[Progress:>                             3%] [Cov:=======>                           21%]
[Progress:>                             3%] [Cov:=======>                           22%]
[Progress:>                             3%] [Cov:=========>                         28%]
[Progress:>                             3%] [Cov:===========>                       32%]
[Progress:>                             3%] [Cov:===========>                       33%]
[Progress:>                             3%] [Cov:============>                      35%]
[Progress:>                             3%] [Cov:=============>                     39%]
[Progress:>                             3%] [Cov:==============>                    40%]
[Progress:>                             3%] [Cov:==============>                    41%]
[Progress:=>                            4%] [Cov:>                                  1%]
[Progress:=>                            4%] [Cov:=>                                 5%]
[Progress:=>                            4%] [Cov:=====>                             17%]
[Progress:=>                            4%] [Cov:========>                          23%]
[Progress:=>                            4%] [Cov:========>                          25%]
[Progress:=>                            4%] [Cov:==========>                        31%]
[Progress:=>                            4%] [Cov:============>                      37%]
[Progress:=>                            4%] [Cov:==============>                    40%]
[Progress:=>                            4%] [Cov:================>                  48%]
[Progress:=>                            4%] [Cov:=================>                 51%]
[Progress:=>                            5%] [Cov:>                                  2%]
[Progress:=>                            5%] [Cov:==>                                6%]
[Progress:=>                            5%] [Cov:======>                            19%]
[Progress:=>                            5%] [Cov:=========>                         26%]
[Progress:=>                            5%] [Cov:=========>                         28%]
[Progress:=>                            5%] [Cov:============>                      35%]
[Progress:=>                            5%] [Cov:==============>                    40%]
[Progress:=>                            5%] [Cov:==============>                    42%]
[Progress:=>                            5%] [Cov:=================>                 51%][MASTER] 06:46:12.954 [logback-1] WARN  TestChromosome - Functional mock problem: org.evosuite.ga.ConstructionFailedException: Invalid generic instance

[Progress:=>                            5%] [Cov:=================>                 51%]
[Progress:=>                            6%] [Cov:=============>                     38%]
[Progress:=>                            6%] [Cov:==============>                    42%]
[Progress:=>                            6%] [Cov:===============>                   43%]
[Progress:=>                            6%] [Cov:===============>                   44%]
[Progress:=>                            6%] [Cov:================>                  46%]
[Progress:=>                            6%] [Cov:================>                  46%]
[Progress:=>                            6%] [Cov:=================>                 49%]
[Progress:=>                            6%] [Cov:================>                  46%]
[Progress:=>                            6%] [Cov:================>                  47%]
[Progress:=>                            6%] [Cov:=================>                 50%]
[Progress:=>                            6%] [Cov:=================>                 51%]
[Progress:=>                            6%] [Cov:================>                  46%]
[Progress:=>                            6%] [Cov:================>                  47%]
[Progress:=>                            6%] [Cov:=================>                 51%]
[Progress:=>                            6%] [Cov:==================>                52%]
[Progress:=>                            6%] [Cov:================>                  47%]
[Progress:=>                            6%] [Cov:=================>                 51%]
[Progress:==>                           7%] [Cov:================>                  46%]
[Progress:==>                           7%] [Cov:================>                  47%]
[Progress:==>                           7%] [Cov:================>                  48%]
[Progress:==>                           7%] [Cov:=================>                 51%]
[Progress:==>                           7%] [Cov:================>                  47%]
[Progress:==>                           7%] [Cov:=================>                 50%]
[Progress:==>                           7%] [Cov:=================>                 51%]
[Progress:==>                           7%] [Cov:==================>                52%]
[Progress:==>                           7%] [Cov:==================>                53%]
[Progress:==>                           8%] [Cov:=================>                 51%]
[Progress:==>                           8%] [Cov:==================>                52%]
[Progress:==>                           8%] [Cov:==================>                53%]
[Progress:==>                           8%] [Cov:=================>                 51%]
[Progress:==>                           8%] [Cov:==================>                52%]
[Progress:==>                           8%] [Cov:==================>                53%]
[Progress:==>                           8%] [Cov:=================>                 51%]
[Progress:==>                           8%] [Cov:==================>                52%]
[Progress:==>                           8%] [Cov:==================>                53%]
[Progress:==>                           9%] [Cov:=================>                 49%]
[Progress:==>                           9%] [Cov:=================>                 51%]
[Progress:==>                           9%] [Cov:==================>                52%]
[Progress:==>                           9%] [Cov:==================>                53%]
[Progress:==>                           9%] [Cov:=================>                 51%]
[Progress:==>                           9%] [Cov:==================>                52%]
[Progress:==>                           9%] [Cov:==================>                53%]
[Progress:==>                           9%] [Cov:=================>                 51%]
[Progress:==>                           9%] [Cov:==================>                52%]
[Progress:==>                           9%] [Cov:==================>                53%]
[Progress:==>                           9%] [Cov:==================>                54%]
[Progress:===>                          10%] [Cov:=================>                 51%]
[Progress:===>                          10%] [Cov:==================>                52%]
[Progress:===>                          10%] [Cov:==================>                53%]
[Progress:===>                          10%] [Cov:=================>                 51%]
[Progress:===>                          10%] [Cov:==================>                53%]
[Progress:===>                          10%] [Cov:==================>                54%]
[Progress:===>                          10%] [Cov:===================>               55%]
[Progress:===>                          10%] [Cov:=================>                 50%]
[Progress:===>                          10%] [Cov:=================>                 51%]
[Progress:===>                          10%] [Cov:==================>                52%]
[Progress:===>                          10%] [Cov:==================>                53%]
[Progress:===>                          10%] [Cov:==================>                54%]
[Progress:===>                          10%] [Cov:==================>                52%]
[Progress:===>                          10%] [Cov:==================>                53%]
[Progress:===>                          10%] [Cov:==================>                54%]
[Progress:===>                          10%] [Cov:===================>               55%]
[Progress:===>                          11%] [Cov:==================>                53%]
[Progress:===>                          11%] [Cov:==================>                54%]
[Progress:===>                          11%] [Cov:==================>                53%]
[Progress:===>                          11%] [Cov:==================>                54%]
[Progress:===>                          11%] [Cov:===================>               55%]
[Progress:===>                          11%] [Cov:==================>                53%]
[Progress:===>                          11%] [Cov:==================>                54%]
[Progress:===>                          12%] [Cov:==================>                52%]
[Progress:===>                          12%] [Cov:==================>                53%]
[Progress:===>                          12%] [Cov:===================>               55%]
[Progress:===>                          12%] [Cov:===================>               56%]
[Progress:===>                          12%] [Cov:==================>                53%]
[Progress:===>                          12%] [Cov:==================>                54%]
[Progress:===>                          12%] [Cov:===================>               55%]
[Progress:===>                          12%] [Cov:==================>                53%]
[Progress:===>                          12%] [Cov:==================>                54%]
[Progress:===>                          12%] [Cov:===================>               55%]
[Progress:===>                          12%] [Cov:===================>               56%]
[Progress:===>                          12%] [Cov:==================>                53%]
[Progress:===>                          12%] [Cov:==================>                54%]
[Progress:===>                          12%] [Cov:===================>               55%]
[Progress:===>                          13%] [Cov:===================>               55%]
[Progress:===>                          13%] [Cov:===================>               56%]
[Progress:===>                          13%] [Cov:===================>               57%]
[Progress:===>                          13%] [Cov:===================>               57%]
[Progress:===>                          13%] [Cov:==================>                53%]
[Progress:===>                          13%] [Cov:===================>               56%]
[Progress:===>                          13%] [Cov:===================>               57%]
[Progress:====>                         14%] [Cov:===================>               55%]
[Progress:====>                         14%] [Cov:===================>               56%]
[Progress:====>                         14%] [Cov:===================>               57%]
[Progress:====>                         14%] [Cov:==================>                53%]
[Progress:====>                         14%] [Cov:===================>               57%]
[Progress:====>                         14%] [Cov:==================>                53%]
[Progress:====>                         14%] [Cov:===================>               56%]
[Progress:====>                         14%] [Cov:===================>               57%]
[Progress:====>                         14%] [Cov:=================>                 49%]
[Progress:====>                         14%] [Cov:==================>                52%]
[Progress:====>                         14%] [Cov:==================>                53%]
[Progress:====>                         14%] [Cov:===================>               55%]
[Progress:====>                         14%] [Cov:===================>               57%]
[Progress:====>                         15%] [Cov:===================>               56%]
[Progress:====>                         15%] [Cov:===================>               57%]
[Progress:====>                         15%] [Cov:=================>                 49%]
[Progress:====>                         15%] [Cov:==================>                53%]
[Progress:====>                         15%] [Cov:===================>               55%]
[Progress:====>                         15%] [Cov:===================>               56%]
[Progress:====>                         15%] [Cov:===================>               57%]
[Progress:====>                         15%] [Cov:====================>              58%]
[Progress:====>                         15%] [Cov:====================>              59%]
[Progress:====>                         15%] [Cov:====================>              59%]
[Progress:====>                         16%] [Cov:===================>               57%]
[Progress:====>                         16%] [Cov:====================>              59%]
[Progress:====>                         16%] [Cov:====================>              59%]
[Progress:====>                         16%] [Cov:===================>               56%]
[Progress:====>                         16%] [Cov:====================>              58%]
[Progress:====>                         16%] [Cov:====================>              59%]
[Progress:====>                         16%] [Cov:===================>               56%]
[Progress:====>                         16%] [Cov:====================>              59%]
[Progress:=====>                        17%] [Cov:===================>               55%]
[Progress:=====>                        17%] [Cov:===================>               56%]
[Progress:=====>                        17%] [Cov:===================>               57%]
[Progress:=====>                        17%] [Cov:====================>              58%]
[Progress:=====>                        17%] [Cov:====================>              59%]
[Progress:=====>                        17%] [Cov:===================>               56%]
[Progress:=====>                        17%] [Cov:====================>              59%]
[Progress:=====>                        18%] [Cov:====================>              59%]
[Progress:=====>                        18%] [Cov:===================>               56%]
[Progress:=====>                        18%] [Cov:====================>              59%]
[Progress:=====>                        18%] [Cov:===================>               56%]
[Progress:=====>                        18%] [Cov:====================>              59%]
[Progress:=====>                        19%] [Cov:===================>               57%]
[Progress:=====>                        19%] [Cov:====================>              58%]
[Progress:=====>                        19%] [Cov:===================>               56%]
[Progress:=====>                        19%] [Cov:===================>               57%]
[Progress:=====>                        19%] [Cov:====================>              58%]
[Progress:=====>                        19%] [Cov:====================>              59%]
[Progress:======>                       22%] [Cov:===================>               55%]
[Progress:======>                       22%] [Cov:===================>               56%]
[Progress:======>                       22%] [Cov:====================>              59%]
[Progress:======>                       22%] [Cov:=====================>             60%]
[Progress:======>                       23%] [Cov:==================>                54%]
[Progress:======>                       23%] [Cov:===================>               55%]
[Progress:======>                       23%] [Cov:=====================>             60%]
[Progress:=======>                      26%] [Cov:===================>               55%]
[Progress:=======>                      26%] [Cov:====================>              59%]
[Progress:=======>                      26%] [Cov:=====================>             60%]
[Progress:========>                     27%] [Cov:================>                  48%]
[Progress:========>                     27%] [Cov:==================>                52%]
[Progress:========>                     27%] [Cov:==================>                54%]
[Progress:========>                     27%] [Cov:===================>               57%]
[Progress:========>                     27%] [Cov:====================>              59%]
[Progress:========>                     27%] [Cov:=====================>             60%]
[Progress:========>                     27%] [Cov:=====================>             60%]
[Progress:========>                     28%] [Cov:===================>               56%]
[Progress:========>                     28%] [Cov:====================>              59%]
[Progress:========>                     28%] [Cov:=====================>             60%]
[Progress:========>                     28%] [Cov:=====================>             61%]
[Progress:========>                     28%] [Cov:=====================>             60%]
[Progress:========>                     28%] [Cov:=====================>             60%]
[Progress:========>                     29%] [Cov:====================>              59%]
[Progress:========>                     29%] [Cov:=====================>             60%]
[Progress:========>                     29%] [Cov:=====================>             60%]
[Progress:=========>                    30%] [Cov:=====================>             60%]
[Progress:=========>                    30%] [Cov:=====================>             61%]
[Progress:=========>                    30%] [Cov:=====================>             60%]
[Progress:=========>                    30%] [Cov:=====================>             60%]
[Progress:=========>                    31%] [Cov:=====================>             60%]
[Progress:=========>                    31%] [Cov:=====================>             61%]
[Progress:=========>                    31%] [Cov:=====================>             60%]
[Progress:=========>                    31%] [Cov:=====================>             61%]
[Progress:=========>                    32%] [Cov:=====================>             60%]
[Progress:=========>                    32%] [Cov:=====================>             61%]
[Progress:=========>                    32%] [Cov:=====================>             60%]
[Progress:=========>                    32%] [Cov:=====================>             61%]
[Progress:=========>                    32%] [Cov:=====================>             60%]
[Progress:=========>                    32%] [Cov:=====================>             61%]
[Progress:=========>                    33%] [Cov:=====================>             60%]
[Progress:=========>                    33%] [Cov:=====================>             61%]
[Progress:=========>                    33%] [Cov:===================>               56%]
[Progress:=========>                    33%] [Cov:=====================>             60%]
[Progress:=========>                    33%] [Cov:=====================>             61%]
[Progress:==========>                   34%] [Cov:====================>              59%]
[Progress:==========>                   34%] [Cov:=====================>             60%]
[Progress:==========>                   34%] [Cov:===================>               56%]
[Progress:==========>                   34%] [Cov:=====================>             60%]
[Progress:==========>                   34%] [Cov:=====================>             61%]
[Progress:==========>                   34%] [Cov:===================>               56%]
[Progress:==========>                   34%] [Cov:=====================>             60%]
[Progress:==========>                   34%] [Cov:=====================>             61%]
[Progress:==========>                   35%] [Cov:=====================>             60%]
[Progress:==========>                   35%] [Cov:=====================>             61%]
[Progress:==========>                   35%] [Cov:===================>               56%]
[Progress:==========>                   35%] [Cov:====================>              59%]
[Progress:==========>                   35%] [Cov:=====================>             60%]
[Progress:==========>                   35%] [Cov:=====================>             61%]
[Progress:===========>                  38%] [Cov:====================>              59%]
[Progress:===========>                  38%] [Cov:=====================>             60%]
[Progress:===========>                  38%] [Cov:=====================>             61%]
[Progress:===========>                  39%] [Cov:=====================>             60%]
[Progress:===========>                  39%] [Cov:=====================>             61%]
[Progress:===========>                  39%] [Cov:===================>               56%]
[Progress:===========>                  39%] [Cov:====================>              59%]
[Progress:===========>                  39%] [Cov:=====================>             61%]
[Progress:===========>                  39%] [Cov:===================>               56%]
[Progress:===========>                  39%] [Cov:=====================>             60%]
[Progress:===========>                  39%] [Cov:=====================>             61%]
[Progress:============>                 40%] [Cov:====================>              58%]
[Progress:============>                 40%] [Cov:=====================>             60%]
[Progress:============>                 40%] [Cov:=====================>             61%]
[Progress:============>                 40%] [Cov:===================>               56%]
[Progress:============>                 40%] [Cov:=====================>             60%]
[Progress:============>                 40%] [Cov:=====================>             61%]
[Progress:============>                 40%] [Cov:===================>               56%]
[Progress:============>                 40%] [Cov:=====================>             61%]
[Progress:============>                 41%] [Cov:=====================>             60%]
[Progress:============>                 41%] [Cov:=====================>             61%]
[Progress:============>                 41%] [Cov:===================>               56%]
[Progress:============>                 41%] [Cov:=====================>             61%]
[Progress:============>                 41%] [Cov:===================>               56%]
[Progress:============>                 41%] [Cov:=====================>             60%]
[Progress:============>                 41%] [Cov:=====================>             61%]
[Progress:============>                 42%] [Cov:=====================>             60%]
[Progress:============>                 42%] [Cov:=====================>             61%]
[Progress:=============>                45%] [Cov:=====================>             60%]
[Progress:=============>                45%] [Cov:=====================>             61%]
[Progress:=============>                45%] [Cov:===================>               56%]
[Progress:=============>                45%] [Cov:=====================>             60%]
[Progress:=============>                46%] [Cov:=====================>             60%]
[Progress:=============>                46%] [Cov:=====================>             61%]
[Progress:=============>                46%] [Cov:===================>               56%]
[Progress:=============>                46%] [Cov:=====================>             61%]
[Progress:===============>              50%] [Cov:===================>               56%]
[Progress:===============>              50%] [Cov:=====================>             61%]
[Progress:===============>              50%] [Cov:===================>               56%]
[Progress:===============>              50%] [Cov:=====================>             61%]
[Progress:================>             54%] [Cov:=====================>             61%]
[Progress:================>             54%] [Cov:=====================>             62%][MASTER] 06:47:26.201 [logback-1] WARN  TestCluster - Failed to check cache for com.fasterxml.jackson.annotation.ObjectIdGenerator<T> : Type points to itself

[Progress:================>             54%] [Cov:=====================>             61%]
[Progress:================>             54%] [Cov:=====================>             62%]
[Progress:================>             54%] [Cov:=====================>             61%]
[Progress:=================>            58%] [Cov:=====================>             62%]
[Progress:=================>            58%] [Cov:===================>               56%]
[Progress:=================>            58%] [Cov:=====================>             62%]
[Progress:=================>            59%] [Cov:=====================>             61%]
[Progress:=================>            59%] [Cov:=====================>             62%]
[Progress:==================>           62%] [Cov:=====================>             62%]
[Progress:==================>           62%] [Cov:===================>               56%]
[Progress:==================>           62%] [Cov:=====================>             62%]
[Progress:==================>           63%] [Cov:=====================>             62%]
[Progress:==================>           63%] [Cov:===================>               56%]
[Progress:==================>           63%] [Cov:=====================>             62%]
[Progress:===================>          64%] [Cov:=====================>             62%]
[Progress:===================>          64%] [Cov:===================>               56%]
[Progress:===================>          64%] [Cov:=====================>             62%]
[Progress:====================>         67%] [Cov:=====================>             62%][MASTER] 06:47:46.564 [logback-1] WARN  TestCluster - Failed to check cache for java.util.Comparator<T> : Type points to itself

[Progress:====================>         68%] [Cov:=====================>             62%]
[Progress:====================>         68%] [Cov:===================>               56%]
[Progress:====================>         68%] [Cov:=====================>             62%]
[Progress:====================>         68%] [Cov:===================>               56%]
[Progress:====================>         68%] [Cov:=====================>             62%]
[Progress:====================>         69%] [Cov:=====================>             62%]
[Progress:====================>         69%] [Cov:===================>               56%]
[Progress:====================>         69%] [Cov:=====================>             61%]
[Progress:====================>         69%] [Cov:=====================>             62%]
[Progress:=====================>        70%] [Cov:===================>               56%]
[Progress:=====================>        70%] [Cov:=====================>             62%]
[Progress:=====================>        70%] [Cov:===================>               56%]
[Progress:=====================>        70%] [Cov:=====================>             62%]
[Progress:=====================>        70%] [Cov:===================>               56%]
[Progress:=====================>        70%] [Cov:=====================>             62%]
[Progress:=====================>        71%] [Cov:=====================>             62%]
[Progress:=====================>        71%] [Cov:===================>               56%]
[Progress:=====================>        71%] [Cov:=====================>             62%]
[Progress:=====================>        72%] [Cov:=====================>             62%]
[Progress:=====================>        72%] [Cov:===================>               56%]
[Progress:=====================>        72%] [Cov:=====================>             62%]
[Progress:======================>       75%] [Cov:=====================>             62%]
[Progress:======================>       76%] [Cov:=====================>             61%]
[Progress:======================>       76%] [Cov:=====================>             62%]
[Progress:======================>       76%] [Cov:===================>               56%]
[Progress:======================>       76%] [Cov:=====================>             62%]
[Progress:======================>       76%] [Cov:======================>            63%]
[Progress:======================>       76%] [Cov:======================>            63%]
[Progress:=======================>      77%] [Cov:=====================>             60%]
[Progress:=======================>      77%] [Cov:=====================>             62%]
[Progress:=======================>      77%] [Cov:======================>            63%]
[Progress:=======================>      77%] [Cov:======================>            63%]
[Progress:=======================>      78%] [Cov:=====================>             61%]
[Progress:=======================>      78%] [Cov:=====================>             62%]
[Progress:=======================>      78%] [Cov:======================>            63%]
[Progress:=======================>      78%] [Cov:======================>            63%]
[Progress:=======================>      78%] [Cov:======================>            63%]
[Progress:=======================>      79%] [Cov:===================>               57%]
[Progress:=======================>      79%] [Cov:=====================>             60%]
[Progress:=======================>      79%] [Cov:=====================>             62%]
[Progress:=======================>      79%] [Cov:======================>            63%]
[Progress:=======================>      79%] [Cov:======================>            63%]
[Progress:========================>     80%] [Cov:======================>            63%]
[Progress:========================>     80%] [Cov:======================>            63%]
[Progress:========================>     80%] [Cov:======================>            63%]
[Progress:========================>     81%] [Cov:======================>            63%]
[Progress:=========================>    84%] [Cov:======================>            63%]
[Progress:=========================>    84%] [Cov:======================>            63%]
[Progress:=========================>    85%] [Cov:===>                               11%]
[Progress:=========================>    85%] [Cov:======================>            63%]
[Progress:=========================>    85%] [Cov:======================>            63%]
[Progress:=========================>    86%] [Cov:======================>            63%]
[Progress:=========================>    86%] [Cov:======================>            63%]
[Progress:=========================>    86%] [Cov:======================>            63%]
[Progress:==========================>   87%] [Cov:======================>            63%]
[Progress:===========================>  90%] [Cov:======================>            63%]
[Progress:===========================>  90%] [Cov:======================>            63%]
[Progress:===========================>  91%] [Cov:======================>            63%]
[Progress:===========================>  91%] [Cov:======================>            63%]
[Progress:===========================>  92%] [Cov:======================>            63%]
[Progress:===========================>  92%] [Cov:======================>            63%]
[Progress:===========================>  92%] [Cov:======================>            63%]
[Progress:===========================>  93%] [Cov:======================>            63%]
[Progress:===========================>  93%] [Cov:======================>            63%]
[Progress:============================> 94%] [Cov:======================>            63%]
[Progress:============================> 94%] [Cov:======================>            63%]
[Progress:============================> 94%] [Cov:======================>            64%]
[Progress:============================> 94%] [Cov:======================>            64%]
[Progress:============================> 95%] [Cov:======================>            63%]
[Progress:============================> 95%] [Cov:======================>            64%]
[Progress:============================> 95%] [Cov:======================>            64%]
[Progress:============================> 96%] [Cov:======================>            63%]
[Progress:============================> 96%] [Cov:======================>            64%]
[Progress:============================> 96%] [Cov:======================>            63%]
[Progress:============================> 96%] [Cov:======================>            64%]
[Progress:============================> 96%] [Cov:======================>            63%]
[Progress:============================> 96%] [Cov:======================>            64%]
[Progress:=============================>97%] [Cov:======================>            64%]
[Progress:=============================>97%] [Cov:======================>            63%]
[Progress:=============================>97%] [Cov:======================>            64%]
[Progress:==============================100%] [Cov:======================>            63%]
[Progress:==============================100%] [Cov:======================>            64%]
[Progress:==============================100%] [Cov:=====================>             61%]
[Progress:==============================100%] [Cov:======================>            64%]
[Progress:==============================100%] [Cov:======================>            63%]
* Search finished after 152s and 95 generations, 37234 statements, best individual has fitness: 296.31609195402297
* Minimizing test suite
* Going to analyze the coverage criteria
* Coverage analysis for criterion LINE
* Coverage of criterion LINE: 49%
* Total number of goals: 112
* Number of covered goals: 55
* Coverage analysis for criterion BRANCH
* Coverage of criterion BRANCH: 53%
* Total number of goals: 99
* Number of covered goals: 52
* Coverage analysis for criterion EXCEPTION
* Coverage of criterion EXCEPTION: 67%
* Total number of goals: 3
* Number of covered goals: 2
* Coverage analysis for criterion WEAKMUTATION
* Coverage of criterion WEAKMUTATION: 65%
* Total number of goals: 284
* Number of covered goals: 186
* Coverage analysis for criterion OUTPUT
* Coverage of criterion OUTPUT: 33%
* Total number of goals: 12
* Number of covered goals: 4
* Coverage analysis for criterion METHOD
* Coverage of criterion METHOD: 100%
* Total number of goals: 8
* Number of covered goals: 8
* Coverage analysis for criterion METHODNOEXCEPTION
* Coverage of criterion METHODNOEXCEPTION: 75%
* Total number of goals: 8
* Number of covered goals: 6
* Coverage analysis for criterion CBRANCH
* Coverage of criterion CBRANCH: 53%
* Total number of goals: 99
* Number of covered goals: 52
* Generated 18 tests with total length 84
* Resulting test suite's coverage: 64% (average coverage for all fitness functions)
* Generating assertions
* Resulting test suite's mutation score: 43%
* Compiling and checking tests
* Writing tests to file
* Writing JUnit test case 'FromStringDeserializer_ESTest' to evosuite-tests
* Done!

* Computation finished

