CMD: /usr/lib/jvm/java-8-openjdk-amd64/bin/java -Dtools_jar_location=/usr/lib/jvm/java-8-openjdk-amd64/lib/tools.jar -jar /home/pizza/TestRound2/evosuite-1.2.0.jar -generateSuite -class org.jsoup.parser.XmlTreeBuilder -projectCP /home/pizza/TestRound2/Test/Jsoup-56b/target/classes -base_dir /home/pizza/TestRound2/results/project-Jsoup/Jsoup-56/round03/evosuite-work -seed 11 -Dalgorithm=NSGAII -Dsearch_budget=60 -Dtest_format=JUNIT4 -Dassertions=true

* EvoSuite 1.2.0
* Going to generate test cases for class: org.jsoup.parser.XmlTreeBuilder
* Starting Client-0
* Connecting to master process on port 8220
* Analyzing classpath: 
  - /home/pizza/TestRound2/Test/Jsoup-56b/target/classes
* Finished analyzing classpath
* Generating tests for class org.jsoup.parser.XmlTreeBuilder
* Test criteria:
  - Line Coverage
  - Branch Coverage
  - Exception
  - Mutation testing (weak)
  - Method-Output Coverage
  - Top-Level Method Coverage
  - No-Exception Top-Level Method Coverage
  - Context Branch Coverage
* Setting up search algorithm for whole suite generation
* Total number of test goals: 
  - Line 67
  - Branch 44
  - Exception 0
  - MutationFactory 97
  - Output 30
  - Method 10
  - MethodNoException 10
  - CBranchFitnessFactory 44

[Progress:>                             0%] [Cov:>                                  0%]* Using seed 11
* Starting evolution

[Progress:>                             1%] [Cov:>                                  0%]
[Progress:==>                           8%] [Cov:>                                  2%]
[Progress:==>                           8%] [Cov:=>                                 4%]
[Progress:==>                           8%] [Cov:==>                                7%]
[Progress:==>                           8%] [Cov:==>                                8%]
[Progress:==>                           8%] [Cov:======>                            19%]
[Progress:==>                           8%] [Cov:=======>                           21%]
[Progress:==>                           8%] [Cov:=======>                           22%]
[Progress:==>                           8%] [Cov:========>                          24%]
[Progress:==>                           8%] [Cov:==========>                        29%]
[Progress:==>                           8%] [Cov:===========>                       33%]
[Progress:==>                           8%] [Cov:===========>                       34%]
[Progress:==>                           8%] [Cov:============>                      37%]
[Progress:===>                          10%] [Cov:>                                  2%]
[Progress:===>                          10%] [Cov:=>                                 4%]
[Progress:===>                          10%] [Cov:==>                                6%]
[Progress:===>                          10%] [Cov:==>                                8%]
[Progress:===>                          10%] [Cov:======>                            19%]
[Progress:===>                          10%] [Cov:=======>                           21%]
[Progress:===>                          10%] [Cov:=======>                           22%]
[Progress:===>                          10%] [Cov:========>                          24%]
[Progress:===>                          10%] [Cov:=========>                         27%]
[Progress:===>                          10%] [Cov:==========>                        30%]
[Progress:===>                          10%] [Cov:===========>                       34%]
[Progress:===>                          10%] [Cov:=============>                     39%]
[Progress:===>                          10%] [Cov:==============>                    40%]
[Progress:===>                          10%] [Cov:==============>                    41%]
[Progress:===>                          10%] [Cov:================>                  48%]
[Progress:===>                          10%] [Cov:==================>                54%]
[Progress:===>                          11%] [Cov:==>                                6%]
[Progress:===>                          11%] [Cov:====>                              12%]
[Progress:===>                          11%] [Cov:========>                          24%]
[Progress:===>                          11%] [Cov:==========>                        29%]
[Progress:===>                          11%] [Cov:=============>                     39%]
[Progress:===>                          11%] [Cov:================>                  47%]
[Progress:===>                          11%] [Cov:==================>                52%]
[Progress:===>                          13%] [Cov:=>                                 4%]
[Progress:===>                          13%] [Cov:==>                                8%]
[Progress:===>                          13%] [Cov:=======>                           21%]
[Progress:===>                          13%] [Cov:========>                          24%]
[Progress:===>                          13%] [Cov:===========>                       33%]
[Progress:===>                          13%] [Cov:============>                      37%]
[Progress:===>                          13%] [Cov:==============>                    41%]
[Progress:===>                          13%] [Cov:================>                  46%]
[Progress:===>                          13%] [Cov:================>                  48%]
[Progress:===>                          13%] [Cov:==================>                53%]
[Progress:===>                          13%] [Cov:==================>                54%]
[Progress:====>                         15%] [Cov:============>                      37%]
[Progress:====>                         15%] [Cov:==============>                    40%]
[Progress:====>                         15%] [Cov:==============>                    41%]
[Progress:====>                         15%] [Cov:=================>                 51%]
[Progress:====>                         15%] [Cov:==================>                53%]
[Progress:====>                         15%] [Cov:==================>                54%]
[Progress:====>                         15%] [Cov:===================>               56%]
[Progress:====>                         15%] [Cov:==================>                54%]
[Progress:====>                         15%] [Cov:===================>               55%]
[Progress:====>                         15%] [Cov:===================>               56%]
[Progress:====>                         15%] [Cov:===================>               57%]
[Progress:====>                         15%] [Cov:====================>              59%]
[Progress:====>                         15%] [Cov:=====================>             60%]
[Progress:====>                         15%] [Cov:=====================>             60%]
[Progress:====>                         16%] [Cov:==================>                52%]
[Progress:====>                         16%] [Cov:===================>               55%]
[Progress:====>                         16%] [Cov:===================>               57%]
[Progress:====>                         16%] [Cov:====================>              58%]
[Progress:====>                         16%] [Cov:====================>              59%]
[Progress:====>                         16%] [Cov:=====================>             62%]
[Progress:====>                         16%] [Cov:=====================>             60%]
[Progress:====>                         16%] [Cov:=====================>             61%]
[Progress:====>                         16%] [Cov:=====================>             62%]
[Progress:====>                         16%] [Cov:======================>            63%]
[Progress:=====>                        18%] [Cov:=====================>             60%]
[Progress:=====>                        18%] [Cov:=====================>             62%]
[Progress:=====>                        18%] [Cov:======================>            63%]
[Progress:=====>                        18%] [Cov:======================>            63%]
[Progress:=====>                        18%] [Cov:======================>            64%]
[Progress:=====>                        18%] [Cov:======================>            64%]
[Progress:======>                       20%] [Cov:======================>            63%]
[Progress:======>                       20%] [Cov:======================>            64%]
[Progress:======>                       20%] [Cov:======================>            64%]
[Progress:======>                       21%] [Cov:=====================>             62%]
[Progress:======>                       21%] [Cov:======================>            63%]
[Progress:======>                       21%] [Cov:======================>            64%]
[Progress:======>                       21%] [Cov:======================>            64%]
[Progress:======>                       23%] [Cov:=====================>             60%]
[Progress:======>                       23%] [Cov:======================>            63%]
[Progress:======>                       23%] [Cov:======================>            64%]
[Progress:======>                       23%] [Cov:======================>            64%]
[Progress:======>                       23%] [Cov:======================>            64%]
[Progress:=======>                      25%] [Cov:======================>            64%]
[Progress:=======>                      25%] [Cov:======================>            65%]
[Progress:=======>                      25%] [Cov:=======================>           68%]
[Progress:=======>                      25%] [Cov:=======================>           68%]
[Progress:=======>                      26%] [Cov:======================>            64%]
[Progress:=======>                      26%] [Cov:=======================>           68%][MASTER] 08:09:27.092 [logback-1] WARN  TestCluster - Failed to check cache for java.util.Comparator<T> : Type points to itself

[Progress:========>                     28%] [Cov:=======================>           68%]
[Progress:========>                     28%] [Cov:=======================>           68%]
[Progress:========>                     28%] [Cov:=======================>           68%]
[Progress:=========>                    30%] [Cov:======================>            64%]
[Progress:=========>                    30%] [Cov:======================>            65%]
[Progress:=========>                    30%] [Cov:=======================>           68%]
[Progress:=========>                    30%] [Cov:========================>          69%]
[Progress:=========>                    30%] [Cov:========================>          69%]
[Progress:=========>                    31%] [Cov:======================>            64%]
[Progress:=========>                    31%] [Cov:=======================>           68%]
[Progress:=========>                    31%] [Cov:========================>          69%]
[Progress:=========>                    31%] [Cov:========================>          71%]
[Progress:=========>                    31%] [Cov:========================>          69%]
[Progress:=========>                    31%] [Cov:========================>          70%]
[Progress:=========>                    31%] [Cov:========================>          71%]
[Progress:=========>                    31%] [Cov:=========================>         73%]
[Progress:=========>                    33%] [Cov:======================>            64%]
[Progress:=========>                    33%] [Cov:=========================>         73%]
[Progress:=========>                    33%] [Cov:=========================>         73%]
[Progress:==========>                   35%] [Cov:=========================>         73%]
[Progress:==========>                   35%] [Cov:=========================>         73%]
[Progress:==========>                   35%] [Cov:=========================>         73%]
[Progress:==========>                   36%] [Cov:=========================>         73%]
[Progress:==========>                   36%] [Cov:=========================>         73%]
[Progress:==========>                   36%] [Cov:=========================>         73%]
[Progress:===========>                  38%] [Cov:=========================>         73%]
[Progress:===========>                  38%] [Cov:=========================>         73%]
[Progress:===========>                  38%] [Cov:=========================>         73%]
[Progress:============>                 40%] [Cov:=========================>         73%]
[Progress:============>                 40%] [Cov:=========================>         73%]
[Progress:============>                 40%] [Cov:=========================>         74%]
[Progress:============>                 40%] [Cov:=========================>         74%]
[Progress:============>                 41%] [Cov:=========================>         73%]
[Progress:============>                 41%] [Cov:=========================>         74%]
[Progress:============>                 41%] [Cov:=========================>         74%]
[Progress:============>                 41%] [Cov:=========================>         74%]
[Progress:============>                 43%] [Cov:======================>            63%]
[Progress:============>                 43%] [Cov:=========================>         73%]
[Progress:============>                 43%] [Cov:=========================>         74%]
[Progress:============>                 43%] [Cov:=========================>         74%]
[Progress:=============>                45%] [Cov:=========================>         73%]
[Progress:=============>                45%] [Cov:=========================>         74%]
[Progress:=============>                45%] [Cov:=========================>         74%]
[Progress:=============>                46%] [Cov:=========================>         73%]
[Progress:=============>                46%] [Cov:=========================>         74%]
[Progress:=============>                46%] [Cov:=========================>         74%]
[Progress:=============>                46%] [Cov:=========================>         74%]
[Progress:==============>               48%] [Cov:=========================>         74%]
[Progress:==============>               48%] [Cov:==========================>        75%]
[Progress:==============>               48%] [Cov:==========================>        75%]
[Progress:===============>              50%] [Cov:=========================>         74%]
[Progress:===============>              50%] [Cov:==========================>        75%]
[Progress:===============>              50%] [Cov:==========================>        75%]
[Progress:===============>              51%] [Cov:=========================>         74%]
[Progress:===============>              51%] [Cov:==========================>        75%]
[Progress:===============>              51%] [Cov:==========================>        75%]
[Progress:===============>              51%] [Cov:==========================>        75%]
[Progress:===============>              53%] [Cov:==========================>        75%]
[Progress:===============>              53%] [Cov:==========================>        75%]
[Progress:===============>              53%] [Cov:==========================>        75%]
[Progress:================>             55%] [Cov:==========================>        75%]
[Progress:================>             55%] [Cov:==========================>        75%]
[Progress:================>             56%] [Cov:==========================>        75%]
[Progress:================>             56%] [Cov:==========================>        75%]
[Progress:================>             56%] [Cov:==========================>        75%]
[Progress:=================>            58%] [Cov:==========================>        75%]
[Progress:=================>            58%] [Cov:==========================>        75%]
[Progress:=================>            58%] [Cov:==========================>        75%]
[Progress:==================>           60%] [Cov:=========================>         72%]
[Progress:==================>           60%] [Cov:=========================>         74%]
[Progress:==================>           60%] [Cov:==========================>        75%]
[Progress:==================>           60%] [Cov:==========================>        75%]
[Progress:==================>           61%] [Cov:==========================>        75%]
[Progress:==================>           61%] [Cov:==========================>        75%]
[Progress:==================>           61%] [Cov:==========================>        75%]
[Progress:==================>           63%] [Cov:==========================>        75%]
[Progress:==================>           63%] [Cov:==========================>        75%]
[Progress:===================>          65%] [Cov:==========================>        75%]
[Progress:===================>          65%] [Cov:==========================>        75%]
[Progress:===================>          65%] [Cov:==========================>        76%]
[Progress:===================>          65%] [Cov:==========================>        77%]
[Progress:===================>          65%] [Cov:============================>      80%]
[Progress:===================>          65%] [Cov:============================>      81%]
[Progress:===================>          65%] [Cov:============================>      81%]
[Progress:===================>          66%] [Cov:======================>            63%]
[Progress:===================>          66%] [Cov:==========================>        75%]
[Progress:===================>          66%] [Cov:==========================>        76%]
[Progress:===================>          66%] [Cov:============================>      80%]
[Progress:===================>          66%] [Cov:============================>      81%]
[Progress:===================>          66%] [Cov:============================>      81%]
[Progress:===================>          66%] [Cov:============================>      81%]
[Progress:====================>         68%] [Cov:==========================>        75%]
[Progress:====================>         68%] [Cov:============================>      81%]
[Progress:====================>         68%] [Cov:============================>      81%]
[Progress:====================>         68%] [Cov:============================>      81%]
[Progress:=====================>        70%] [Cov:============================>      81%]
[Progress:=====================>        70%] [Cov:============================>      81%]
[Progress:=====================>        71%] [Cov:============================>      81%]
[Progress:=====================>        71%] [Cov:============================>      81%]
[Progress:=====================>        73%] [Cov:=========================>         72%]
[Progress:=====================>        73%] [Cov:=========================>         73%]
[Progress:=====================>        73%] [Cov:============================>      81%]
[Progress:=====================>        73%] [Cov:============================>      81%]
[Progress:======================>       75%] [Cov:============================>      81%]
[Progress:======================>       75%] [Cov:============================>      81%]
[Progress:======================>       75%] [Cov:============================>      81%]
[Progress:======================>       76%] [Cov:============================>      81%]
[Progress:======================>       76%] [Cov:============================>      81%]
[Progress:=======================>      78%] [Cov:============================>      81%]
[Progress:=======================>      78%] [Cov:============================>      81%]
[Progress:=======================>      78%] [Cov:============================>      81%]
[Progress:========================>     80%] [Cov:============================>      81%]
[Progress:========================>     80%] [Cov:============================>      81%]
[Progress:========================>     80%] [Cov:============================>      82%]
[Progress:========================>     80%] [Cov:============================>      82%]
[Progress:========================>     81%] [Cov:============================>      81%]
[Progress:========================>     81%] [Cov:============================>      82%]
[Progress:========================>     81%] [Cov:============================>      82%][MASTER] 08:10:00.518 [logback-1] WARN  TestCluster - Failed to check cache for java.util.function.Predicate<T> : Type points to itself

[Progress:========================>     81%] [Cov:============================>      82%]
[Progress:========================>     83%] [Cov:============================>      81%]
[Progress:========================>     83%] [Cov:============================>      82%]
[Progress:========================>     83%] [Cov:============================>      82%]
[Progress:========================>     83%] [Cov:============================>      82%]
[Progress:=========================>    85%] [Cov:============================>      82%]
[Progress:=========================>    85%] [Cov:============================>      82%]
[Progress:=========================>    86%] [Cov:============================>      82%]
[Progress:=========================>    86%] [Cov:============================>      82%]
[Progress:=========================>    86%] [Cov:============================>      82%]
[Progress:==========================>   88%] [Cov:============================>      82%]
[Progress:==========================>   88%] [Cov:============================>      82%]
[Progress:==========================>   88%] [Cov:============================>      82%]
[Progress:===========================>  90%] [Cov:============================>      82%]
[Progress:===========================>  90%] [Cov:============================>      82%]
[Progress:===========================>  91%] [Cov:============================>      82%]
[Progress:===========================>  91%] [Cov:============================>      82%]
[Progress:===========================>  91%] [Cov:============================>      82%]
[Progress:===========================>  93%] [Cov:============================>      82%]
[Progress:===========================>  93%] [Cov:============================>      82%]
[Progress:============================> 95%] [Cov:============================>      82%]
[Progress:============================> 96%] [Cov:============================>      82%]
[Progress:============================> 96%] [Cov:============================>      82%]
[Progress:=============================>98%] [Cov:===========================>       78%]
[Progress:=============================>98%] [Cov:============================>      82%]
[Progress:=============================>98%] [Cov:============================>      82%]
[Progress:==============================100%] [Cov:============================>      82%]
[Progress:==============================100%] [Cov:============================>      82%]
[Progress:==============================100%] [Cov:============================>      82%]
[Progress:==============================100%] [Cov:============================>      82%]
[Progress:==============================100%] [Cov:============================>      82%]
* Search finished after 62s and 83 generations, 29062 statements, best individual has fitness: 69.55555467694532
* Minimizing test suite
* Going to analyze the coverage criteria
* Coverage analysis for criterion LINE
* Coverage of criterion LINE: 88%
* Total number of goals: 67
* Number of covered goals: 59
* Coverage analysis for criterion BRANCH
* Coverage of criterion BRANCH: 84%
* Total number of goals: 44
* Number of covered goals: 37
* Coverage analysis for criterion EXCEPTION
* Coverage of criterion EXCEPTION: 25%
* Total number of goals: 12
* Number of covered goals: 3
* Coverage analysis for criterion WEAKMUTATION
* Coverage of criterion WEAKMUTATION: 74%
* Total number of goals: 97
* Number of covered goals: 72
* Coverage analysis for criterion OUTPUT
* Coverage of criterion OUTPUT: 37%
* Total number of goals: 30
* Number of covered goals: 11
* Coverage analysis for criterion METHOD
* Coverage of criterion METHOD: 100%
* Total number of goals: 10
* Number of covered goals: 10
* Coverage analysis for criterion METHODNOEXCEPTION
* Coverage of criterion METHODNOEXCEPTION: 100%
* Total number of goals: 10
* Number of covered goals: 10
* Coverage analysis for criterion CBRANCH
* Coverage of criterion CBRANCH: 84%
* Total number of goals: 44
* Number of covered goals: 37
* Generated 17 tests with total length 77
* Resulting test suite's coverage: 83% (average coverage for all fitness functions)
* Generating assertions
* Resulting test suite's mutation score: 39%
* Compiling and checking tests
* Writing tests to file
* Writing JUnit test case 'XmlTreeBuilder_ESTest' to evosuite-tests
* Done!

* Computation finished

