CMD: /usr/lib/jvm/java-8-openjdk-amd64/bin/java -Dtools_jar_location=/usr/lib/jvm/java-8-openjdk-amd64/lib/tools.jar -jar /home/pizza/TestRound2/evosuite-1.2.0.jar -generateSuite -class org.jsoup.parser.CharacterReader -projectCP /home/pizza/TestRound2/Test/Jsoup-34b/target/classes -base_dir /home/pizza/TestRound2/results/project-Jsoup/Jsoup-34/round03/evosuite-work -seed 11 -Dalgorithm=NSGAII -Dsearch_budget=60 -Dtest_format=JUNIT4 -Dassertions=true

* EvoSuite 1.2.0
* Going to generate test cases for class: org.jsoup.parser.CharacterReader
* Starting Client-0
* Connecting to master process on port 8224
* Analyzing classpath: 
  - /home/pizza/TestRound2/Test/Jsoup-34b/target/classes
* Finished analyzing classpath
* Generating tests for class org.jsoup.parser.CharacterReader
* Test criteria:
  - Line Coverage
  - Branch Coverage
  - Exception
  - Mutation testing (weak)
  - Method-Output Coverage
  - Top-Level Method Coverage
  - No-Exception Top-Level Method Coverage
  - Context Branch Coverage
* Setting up search algorithm for whole suite generation
* Total number of test goals: 
  - Line 136
  - Branch 139
  - Exception 0
  - MutationFactory 956
  - Output 65
  - Method 30
  - MethodNoException 30
  - CBranchFitnessFactory 139
* Using seed 11
* Starting evolution

[Progress:>                             0%] [Cov:>                                  0%]
[Progress:>                             1%] [Cov:>                                  0%]
[Progress:>                             1%] [Cov:===>                               10%]
[Progress:>                             1%] [Cov:======>                            18%]
[Progress:>                             1%] [Cov:==========>                        31%]
[Progress:>                             1%] [Cov:===============>                   43%]
[Progress:>                             1%] [Cov:=================>                 49%]
[Progress:>                             1%] [Cov:====================>              59%]
[Progress:>                             3%] [Cov:========================>          69%]
[Progress:>                             3%] [Cov:=========================>         74%]
[Progress:=>                            5%] [Cov:=========>                         26%]
[Progress:=>                            5%] [Cov:============>                      36%]
[Progress:=>                            5%] [Cov:==============>                    41%]
[Progress:=>                            5%] [Cov:=================>                 50%]
[Progress:=>                            5%] [Cov:====================>              59%]
[Progress:=>                            5%] [Cov:======================>            63%]
[Progress:=>                            6%] [Cov:==========>                        29%]
[Progress:=>                            6%] [Cov:============>                      37%]
[Progress:=>                            6%] [Cov:===============>                   45%]
[Progress:=>                            6%] [Cov:==================>                53%]
[Progress:=>                            6%] [Cov:===================>               57%]
[Progress:==>                           8%] [Cov:=>                                 5%]
[Progress:==>                           8%] [Cov:===>                               9%]
[Progress:==>                           8%] [Cov:=======>                           22%]
[Progress:==>                           8%] [Cov:=========>                         27%]
[Progress:==>                           8%] [Cov:==========>                        29%]
[Progress:==>                           8%] [Cov:============>                      35%]
[Progress:==>                           8%] [Cov:==============>                    41%]
[Progress:==>                           8%] [Cov:===============>                   43%]
[Progress:==>                           8%] [Cov:=========================>         74%]
[Progress:===>                          10%] [Cov:===================>               57%]
[Progress:===>                          10%] [Cov:======================>            63%]
[Progress:===>                          10%] [Cov:======================>            64%]
[Progress:===>                          10%] [Cov:=======================>           66%]
[Progress:===>                          10%] [Cov:=======================>           68%]
[Progress:===>                          10%] [Cov:========================>          71%]
[Progress:===>                          10%] [Cov:=========================>         74%]
[Progress:===>                          11%] [Cov:======================>            64%]
[Progress:===>                          11%] [Cov:======================>            65%]
[Progress:===>                          11%] [Cov:=======================>           66%]
[Progress:===>                          11%] [Cov:=======================>           68%]
[Progress:===>                          11%] [Cov:=========================>         74%]
[Progress:===>                          13%] [Cov:================>                  48%]
[Progress:===>                          13%] [Cov:======================>            65%]
[Progress:===>                          13%] [Cov:========================>          71%]
[Progress:===>                          13%] [Cov:=========================>         74%]
[Progress:===>                          13%] [Cov:=========================>         74%]
[Progress:====>                         15%] [Cov:====================>              58%]
[Progress:====>                         15%] [Cov:=========================>         74%]
[Progress:====>                         15%] [Cov:==========================>        75%]
[Progress:====>                         15%] [Cov:==========================>        76%]
[Progress:====>                         15%] [Cov:==========================>        76%]
[Progress:====>                         16%] [Cov:==========================>        76%]
[Progress:=====>                        18%] [Cov:===================>               55%]
[Progress:=====>                        18%] [Cov:=====================>             60%]
[Progress:=====>                        18%] [Cov:=========================>         74%]
[Progress:=====>                        18%] [Cov:==========================>        75%]
[Progress:=====>                        18%] [Cov:==========================>        76%]
[Progress:=====>                        18%] [Cov:==========================>        77%]
[Progress:=====>                        18%] [Cov:===========================>       78%]
[Progress:======>                       20%] [Cov:======================>            64%]
[Progress:======>                       20%] [Cov:===========================>       78%]
[Progress:======>                       21%] [Cov:=========================>         74%]
[Progress:======>                       21%] [Cov:==========================>        75%]
[Progress:======>                       21%] [Cov:==========================>        76%]
[Progress:======>                       21%] [Cov:===========================>       78%]
[Progress:======>                       21%] [Cov:===========================>       79%]
[Progress:======>                       23%] [Cov:=========================>         72%]
[Progress:======>                       23%] [Cov:=========================>         74%]
[Progress:======>                       23%] [Cov:==========================>        75%]
[Progress:======>                       23%] [Cov:===========================>       79%]
[Progress:=======>                      25%] [Cov:=========================>         73%]
[Progress:=======>                      25%] [Cov:==========================>        77%]
[Progress:=======>                      25%] [Cov:===========================>       78%]
[Progress:=======>                      25%] [Cov:===========================>       79%]
[Progress:=======>                      25%] [Cov:===========================>       79%]
[Progress:=======>                      26%] [Cov:===========================>       79%]
[Progress:========>                     28%] [Cov:==========================>        77%]
[Progress:========>                     28%] [Cov:===========================>       78%]
[Progress:========>                     28%] [Cov:===========================>       79%]
[Progress:========>                     28%] [Cov:============================>      80%]
[Progress:========>                     28%] [Cov:============================>      81%]
[Progress:=========>                    30%] [Cov:===========================>       78%]
[Progress:=========>                    30%] [Cov:===========================>       79%]
[Progress:=========>                    30%] [Cov:============================>      80%]
[Progress:=========>                    30%] [Cov:============================>      81%]
[Progress:=========>                    30%] [Cov:============================>      82%]
[Progress:=========>                    30%] [Cov:============================>      81%]
[Progress:=========>                    30%] [Cov:============================>      82%]
[Progress:=========>                    31%] [Cov:==========================>        77%]
[Progress:=========>                    31%] [Cov:===========================>       78%]
[Progress:=========>                    31%] [Cov:===========================>       79%]
[Progress:=========>                    31%] [Cov:============================>      80%]
[Progress:=========>                    31%] [Cov:============================>      81%]
[Progress:=========>                    31%] [Cov:============================>      82%]
[Progress:=========>                    31%] [Cov:=============================>     83%]
[Progress:=========>                    31%] [Cov:============================>      81%]
[Progress:=========>                    31%] [Cov:============================>      82%]
[Progress:=========>                    33%] [Cov:============================>      80%]
[Progress:=========>                    33%] [Cov:============================>      81%]
[Progress:=========>                    33%] [Cov:============================>      82%]
[Progress:=========>                    33%] [Cov:=============================>     83%]
[Progress:==========>                   35%] [Cov:============================>      81%]
[Progress:==========>                   35%] [Cov:============================>      82%]
[Progress:==========>                   35%] [Cov:=============================>     83%]
[Progress:==========>                   35%] [Cov:============================>      81%]
[Progress:==========>                   35%] [Cov:============================>      82%]
[Progress:==========>                   35%] [Cov:=============================>     83%]
[Progress:==========>                   35%] [Cov:=============================>     84%]
[Progress:==========>                   36%] [Cov:============================>      81%]
[Progress:==========>                   36%] [Cov:============================>      82%]
[Progress:==========>                   36%] [Cov:=============================>     83%]
[Progress:==========>                   36%] [Cov:=============================>     84%]
[Progress:==========>                   36%] [Cov:=============================>     85%]
[Progress:===========>                  38%] [Cov:=============================>     83%]
[Progress:===========>                  38%] [Cov:=============================>     85%]
[Progress:===========>                  38%] [Cov:==============================>    86%]
[Progress:============>                 40%] [Cov:=============================>     84%]
[Progress:============>                 40%] [Cov:=============================>     85%]
[Progress:============>                 41%] [Cov:============================>      82%]
[Progress:============>                 41%] [Cov:=============================>     84%]
[Progress:============>                 41%] [Cov:==============================>    86%]
[Progress:============>                 43%] [Cov:============================>      81%]
[Progress:============>                 43%] [Cov:=============================>     84%]
[Progress:============>                 43%] [Cov:=============================>     85%]
[Progress:=============>                45%] [Cov:=============================>     85%]
[Progress:=============>                45%] [Cov:==============================>    86%]
[Progress:=============>                46%] [Cov:=============================>     84%]
[Progress:=============>                46%] [Cov:=============================>     85%]
[Progress:=============>                46%] [Cov:==============================>    86%]
[Progress:==============>               48%] [Cov:=============================>     83%]
[Progress:==============>               48%] [Cov:=============================>     84%]
[Progress:==============>               48%] [Cov:==============================>    86%]
[Progress:==============>               48%] [Cov:==============================>    86%]
[Progress:===============>              50%] [Cov:=============================>     84%]
[Progress:===============>              50%] [Cov:==============================>    86%]
[Progress:===============>              51%] [Cov:==============================>    86%]
[Progress:===============>              51%] [Cov:==============================>    86%]
[Progress:===============>              53%] [Cov:==============================>    86%]
[Progress:===============>              53%] [Cov:==============================>    87%]
[Progress:================>             55%] [Cov:=============================>     85%]
[Progress:================>             55%] [Cov:==============================>    86%]
[Progress:================>             55%] [Cov:==============================>    87%]
[Progress:================>             56%] [Cov:=============================>     84%]
[Progress:================>             56%] [Cov:==============================>    86%]
[Progress:================>             56%] [Cov:==============================>    87%]
[Progress:=================>            58%] [Cov:==============================>    86%]
[Progress:=================>            58%] [Cov:==============================>    87%]
[Progress:==================>           60%] [Cov:==============================>    86%]
[Progress:==================>           60%] [Cov:==============================>    87%]
[Progress:==================>           60%] [Cov:==============================>    87%]
[Progress:==================>           61%] [Cov:=============================>     84%]
[Progress:==================>           61%] [Cov:==============================>    86%]
[Progress:==================>           61%] [Cov:==============================>    87%]
[Progress:==================>           63%] [Cov:==============================>    86%]
[Progress:==================>           63%] [Cov:==============================>    87%]
[Progress:==================>           63%] [Cov:==============================>    87%]
[Progress:===================>          65%] [Cov:==============================>    87%]
[Progress:===================>          66%] [Cov:==============================>    87%]
[Progress:====================>         68%] [Cov:==============================>    87%]
[Progress:====================>         68%] [Cov:==============================>    86%]
[Progress:====================>         68%] [Cov:==============================>    87%]
[Progress:====================>         68%] [Cov:==============================>    88%]
[Progress:=====================>        70%] [Cov:==============================>    87%]
[Progress:=====================>        70%] [Cov:==============================>    88%]
[Progress:=====================>        70%] [Cov:===============================>   89%]
[Progress:=====================>        71%] [Cov:==============================>    87%]
[Progress:=====================>        71%] [Cov:==============================>    88%]
[Progress:=====================>        73%] [Cov:==============================>    87%]
[Progress:=====================>        73%] [Cov:==============================>    88%]
[Progress:======================>       75%] [Cov:==============================>    86%]
[Progress:======================>       75%] [Cov:==============================>    87%]
[Progress:======================>       76%] [Cov:==============================>    86%]
[Progress:======================>       76%] [Cov:==============================>    87%]
[Progress:======================>       76%] [Cov:==============================>    88%]
[Progress:=======================>      78%] [Cov:==============================>    88%]
[Progress:=======================>      78%] [Cov:===============================>   89%]
[Progress:========================>     80%] [Cov:==============================>    87%]
[Progress:========================>     80%] [Cov:==============================>    88%]
[Progress:========================>     80%] [Cov:===============================>   89%]
[Progress:========================>     80%] [Cov:===============================>   89%]
[Progress:========================>     81%] [Cov:==============================>    86%]
[Progress:========================>     81%] [Cov:==============================>    87%]
[Progress:========================>     81%] [Cov:==============================>    88%]
[Progress:========================>     81%] [Cov:===============================>   89%]
[Progress:========================>     83%] [Cov:=============================>     85%]
[Progress:========================>     83%] [Cov:==============================>    87%]
[Progress:========================>     83%] [Cov:==============================>    88%]
[Progress:========================>     83%] [Cov:===============================>   89%]
[Progress:=========================>    85%] [Cov:==============================>    88%]
[Progress:=========================>    85%] [Cov:===============================>   89%]
[Progress:=========================>    86%] [Cov:==============================>    87%]
[Progress:=========================>    86%] [Cov:===============================>   89%]
[Progress:=========================>    86%] [Cov:===============================>   89%]
[Progress:==========================>   88%] [Cov:==============================>    87%]
[Progress:==========================>   88%] [Cov:==============================>    88%]
[Progress:==========================>   88%] [Cov:===============================>   89%]
[Progress:===========================>  90%] [Cov:==============================>    88%]
[Progress:===========================>  90%] [Cov:===============================>   89%]
[Progress:===========================>  91%] [Cov:===============================>   89%]
[Progress:===========================>  91%] [Cov:===============================>   90%]
[Progress:===========================>  93%] [Cov:==============================>    86%]
[Progress:===========================>  93%] [Cov:==============================>    87%]
[Progress:===========================>  93%] [Cov:==============================>    88%]
[Progress:===========================>  93%] [Cov:===============================>   89%]
[Progress:===========================>  93%] [Cov:===============================>   89%]
[Progress:============================> 95%] [Cov:==============================>    88%]
[Progress:============================> 95%] [Cov:===============================>   89%]
[Progress:============================> 96%] [Cov:=============================>     83%]
[Progress:============================> 96%] [Cov:==============================>    88%]
[Progress:============================> 96%] [Cov:===============================>   90%]
[Progress:=============================>98%] [Cov:==============================>    87%]
[Progress:=============================>98%] [Cov:==============================>    88%]
[Progress:=============================>98%] [Cov:===============================>   89%]
[Progress:=============================>98%] [Cov:===============================>   89%]
[Progress:==============================100%] [Cov:==============================>    88%]
[Progress:==============================100%] [Cov:===============================>   90%]
[Progress:==============================100%] [Cov:=============================>     84%]
[Progress:==============================100%] [Cov:==============================>    87%]
[Progress:==============================100%] [Cov:==============================>    88%]
[Progress:==============================100%] [Cov:===============================>   89%]
[Progress:==============================100%] [Cov:===============================>   90%]
[Progress:==============================100%] [Cov:==============================>    88%]
[Progress:==============================100%] [Cov:===============================>   89%]
[Progress:==============================100%] [Cov:==============================>    88%]
* Search finished after 63s and 29 generations, 12837 statements, best individual has fitness: 185.74547152194214
* Minimizing test suite
* Going to analyze the coverage criteria
* Coverage analysis for criterion LINE
* Coverage of criterion LINE: 90%
* Total number of goals: 136
* Number of covered goals: 123
* Coverage analysis for criterion BRANCH
* Coverage of criterion BRANCH: 86%
* Total number of goals: 139
* Number of covered goals: 120
* Coverage analysis for criterion EXCEPTION
* Coverage of criterion EXCEPTION: 14%
* Total number of goals: 36
* Number of covered goals: 5
* Coverage analysis for criterion WEAKMUTATION
* Coverage of criterion WEAKMUTATION: 89%
* Total number of goals: 956
* Number of covered goals: 849
* Coverage analysis for criterion OUTPUT
* Coverage of criterion OUTPUT: 65%
* Total number of goals: 65
* Number of covered goals: 42
* Coverage analysis for criterion METHOD
* Coverage of criterion METHOD: 100%
* Total number of goals: 30
* Number of covered goals: 30
* Coverage analysis for criterion METHODNOEXCEPTION
* Coverage of criterion METHODNOEXCEPTION: 100%
* Total number of goals: 30
* Number of covered goals: 30
* Coverage analysis for criterion CBRANCH
* Coverage of criterion CBRANCH: 86%
* Total number of goals: 139
* Number of covered goals: 120
* Generated 53 tests with total length 149
* Resulting test suite's coverage: 88% (average coverage for all fitness functions)
* Generating assertions
* Resulting test suite's mutation score: 61%
* Compiling and checking tests
* Writing tests to file
* Writing JUnit test case 'CharacterReader_ESTest' to evosuite-tests
* Done!

* Computation finished

