CMD: /usr/lib/jvm/java-8-openjdk-amd64/bin/java -Dtools_jar_location=/usr/lib/jvm/java-8-openjdk-amd64/lib/tools.jar -jar /home/pizza/TestRound2/evosuite-1.2.0.jar -generateSuite -class com.google.javascript.jscomp.CollapseVariableDeclarations -projectCP /home/pizza/TestRound2/Test/Closure-8b/build/classes:/home/pizza/TestRound2/Test/Closure-8b/lib/args4j.jar:/home/pizza/TestRound2/Test/Closure-8b/lib/guava.jar:/home/pizza/TestRound2/Test/Closure-8b/lib/json.jar:/home/pizza/TestRound2/Test/Closure-8b/lib/jsr305.jar:/home/pizza/TestRound2/Test/Closure-8b/lib/protobuf-java.jar:/home/pizza/TestRound2/Test/Closure-8b/build/lib/rhino.jar:/home/pizza/TestRound2/Test/Closure-8b/lib/ant.jar -base_dir /home/pizza/TestRound2/results/project-Closure/Closure-8/round03/evosuite-work -seed 11 -Dalgorithm=NSGAII -Dsearch_budget=60 -Dtest_format=JUNIT4 -Dassertions=true

* EvoSuite 1.2.0
* Going to generate test cases for class: com.google.javascript.jscomp.CollapseVariableDeclarations
* Starting Client-0
* Connecting to master process on port 8224
* Analyzing classpath: 
  - /home/pizza/TestRound2/Test/Closure-8b/build/classes
  - /home/pizza/TestRound2/Test/Closure-8b/lib/args4j.jar
  - /home/pizza/TestRound2/Test/Closure-8b/lib/guava.jar
  - /home/pizza/TestRound2/Test/Closure-8b/lib/json.jar
  - /home/pizza/TestRound2/Test/Closure-8b/lib/jsr305.jar
  - /home/pizza/TestRound2/Test/Closure-8b/lib/protobuf-java.jar
  - /home/pizza/TestRound2/Test/Closure-8b/build/lib/rhino.jar
  - /home/pizza/TestRound2/Test/Closure-8b/lib/ant.jar
* Finished analyzing classpath
* Generating tests for class com.google.javascript.jscomp.CollapseVariableDeclarations
* Test criteria:
  - Line Coverage
  - Branch Coverage
  - Exception
  - Mutation testing (weak)
  - Method-Output Coverage
  - Top-Level Method Coverage
  - No-Exception Top-Level Method Coverage
  - Context Branch Coverage
* Setting up search algorithm for whole suite generation
* Total number of test goals: 
  - Line 83
  - Branch 59
  - Exception 0
  - MutationFactory 144
  - Output 0
  - Method 3
  - MethodNoException 3
  - CBranchFitnessFactory 59

[Progress:>                             0%] [Cov:>                                  0%]* Using seed 11
* Starting evolution

[Progress:=>                            5%] [Cov:>                                  0%]
[Progress:=>                            5%] [Cov:>                                  1%]
[Progress:=>                            5%] [Cov:>                                  2%]
[Progress:=>                            5%] [Cov:=====>                             15%]
[Progress:=>                            5%] [Cov:========>                          25%]
[Progress:=>                            5%] [Cov:===========>                       33%]
[Progress:=>                            5%] [Cov:============>                      36%]
[Progress:===>                          13%] [Cov:>                                  1%]
[Progress:===>                          13%] [Cov:>                                  2%]
[Progress:===>                          13%] [Cov:====>                              14%]
[Progress:===>                          13%] [Cov:=====>                             15%]
[Progress:===>                          13%] [Cov:========>                          24%]
[Progress:===>                          13%] [Cov:========>                          25%]
[Progress:===>                          13%] [Cov:==========>                        31%]
[Progress:===>                          13%] [Cov:===========>                       33%]
[Progress:===>                          13%] [Cov:============>                      35%]
[Progress:===>                          13%] [Cov:============>                      36%]
[Progress:====>                         15%] [Cov:>                                  1%]
[Progress:====>                         15%] [Cov:====>                              14%]
[Progress:====>                         15%] [Cov:========>                          24%]
[Progress:====>                         15%] [Cov:==========>                        31%]
[Progress:====>                         15%] [Cov:============>                      35%]
[Progress:====>                         15%] [Cov:============>                      36%]
[Progress:====>                         16%] [Cov:>                                  0%]
[Progress:====>                         16%] [Cov:>                                  1%]
[Progress:====>                         16%] [Cov:>                                  2%]
[Progress:====>                         16%] [Cov:====>                              12%]
[Progress:====>                         16%] [Cov:=====>                             15%]
[Progress:====>                         16%] [Cov:=======>                           22%]
[Progress:====>                         16%] [Cov:========>                          25%]
[Progress:====>                         16%] [Cov:===========>                       33%]
[Progress:====>                         16%] [Cov:============>                      36%]
[Progress:=====>                        18%] [Cov:>                                  2%]
[Progress:=====>                        18%] [Cov:=>                                 4%]
[Progress:=====>                        18%] [Cov:====>                              14%]
[Progress:=====>                        18%] [Cov:=====>                             16%]
[Progress:=====>                        18%] [Cov:=====>                             17%]
[Progress:=====>                        18%] [Cov:========>                          24%]
[Progress:=====>                        18%] [Cov:=========>                         28%]
[Progress:=====>                        18%] [Cov:==========>                        31%]
[Progress:=====>                        18%] [Cov:============>                      35%]
[Progress:=====>                        18%] [Cov:==============>                    42%]
[Progress:=====>                        18%] [Cov:===============>                   43%][MASTER] 07:52:08.640 [logback-1] WARN  TestCluster - Failed to check cache for java.util.Enumeration<E> : Type points to itself

[Progress:=====>                        18%] [Cov:===============>                   43%]
[Progress:======>                       20%] [Cov:==============>                    41%]
[Progress:======>                       20%] [Cov:==============>                    42%]
[Progress:======>                       20%] [Cov:===============>                   43%]
[Progress:======>                       20%] [Cov:===============>                   43%]
[Progress:======>                       20%] [Cov:===============>                   44%]
[Progress:======>                       20%] [Cov:================>                  46%]
[Progress:======>                       20%] [Cov:===============>                   43%]
[Progress:======>                       21%] [Cov:===============>                   43%]
[Progress:======>                       21%] [Cov:===============>                   44%]
[Progress:======>                       21%] [Cov:================>                  46%]
[Progress:======>                       21%] [Cov:===============>                   43%]
[Progress:======>                       21%] [Cov:===============>                   44%]
[Progress:======>                       21%] [Cov:================>                  46%]
[Progress:======>                       21%] [Cov:=================>                 49%]
[Progress:=========>                    30%] [Cov:==============>                    42%]
[Progress:=========>                    30%] [Cov:===============>                   44%]
[Progress:=========>                    30%] [Cov:================>                  46%]
[Progress:=========>                    30%] [Cov:=================>                 49%]
[Progress:=========>                    30%] [Cov:=================>                 49%]
[Progress:=========>                    30%] [Cov:=================>                 49%]
[Progress:=========>                    30%] [Cov:=================>                 49%]
[Progress:=========>                    31%] [Cov:=================>                 49%]
[Progress:============>                 40%] [Cov:=================>                 49%]
[Progress:============>                 40%] [Cov:=================>                 50%]
[Progress:============>                 40%] [Cov:=================>                 49%]
[Progress:============>                 40%] [Cov:=================>                 50%]
[Progress:==============>               48%] [Cov:=================>                 49%]
[Progress:==============>               48%] [Cov:=================>                 50%]
[Progress:==============>               48%] [Cov:=================>                 49%]
[Progress:==============>               48%] [Cov:=================>                 50%]
[Progress:===============>              50%] [Cov:=================>                 49%]
[Progress:===============>              50%] [Cov:=================>                 50%]
[Progress:=================>            58%] [Cov:=================>                 49%]
[Progress:=================>            58%] [Cov:=================>                 50%]
[Progress:=================>            58%] [Cov:=================>                 50%]
[Progress:=================>            58%] [Cov:=================>                 50%]
[Progress:==================>           60%] [Cov:=================>                 50%]
[Progress:==================>           60%] [Cov:=================>                 50%]
[Progress:==================>           60%] [Cov:=================>                 50%]
[Progress:==================>           60%] [Cov:=================>                 50%]
[Progress:==================>           61%] [Cov:=================>                 50%]
[Progress:==================>           61%] [Cov:=================>                 50%]
[Progress:==================>           61%] [Cov:=================>                 50%]
[Progress:==================>           63%] [Cov:=================>                 50%]
[Progress:==================>           63%] [Cov:=================>                 50%]
[Progress:==================>           63%] [Cov:=================>                 50%]
[Progress:==================>           63%] [Cov:=================>                 50%]
[Progress:===================>          65%] [Cov:=============>                     39%]
[Progress:===================>          65%] [Cov:================>                  46%]
[Progress:===================>          65%] [Cov:=================>                 49%]
[Progress:===================>          65%] [Cov:=================>                 50%]
[Progress:===================>          65%] [Cov:=================>                 50%]
[Progress:===================>          65%] [Cov:=================>                 50%]
[Progress:=====================>        73%] [Cov:=================>                 50%]
[Progress:=====================>        73%] [Cov:=================>                 50%]
[Progress:======================>       75%] [Cov:=================>                 50%]
[Progress:======================>       75%] [Cov:=================>                 50%]
[Progress:======================>       75%] [Cov:=================>                 50%]
[Progress:======================>       76%] [Cov:=================>                 50%]
[Progress:======================>       76%] [Cov:=================>                 50%]
[Progress:======================>       76%] [Cov:=================>                 50%]
[Progress:======================>       76%] [Cov:=================>                 50%]
[Progress:=======================>      78%] [Cov:=================>                 50%]
[Progress:=======================>      78%] [Cov:=================>                 50%]
[Progress:=======================>      78%] [Cov:=================>                 50%]
[Progress:=======================>      78%] [Cov:=================>                 50%]
[Progress:=======================>      78%] [Cov:=================>                 50%]
[Progress:========================>     80%] [Cov:=================>                 50%]
[Progress:========================>     80%] [Cov:=================>                 50%]
[Progress:========================>     80%] [Cov:=================>                 50%]
[Progress:========================>     80%] [Cov:=================>                 50%]
[Progress:========================>     81%] [Cov:=================>                 50%]
[Progress:========================>     81%] [Cov:=================>                 50%]
[Progress:========================>     81%] [Cov:=================>                 50%]
[Progress:========================>     81%] [Cov:=================>                 50%]
[Progress:========================>     83%] [Cov:=======>                           22%]
[Progress:========================>     83%] [Cov:=================>                 50%]
[Progress:========================>     83%] [Cov:=================>                 50%]
[Progress:===========================>  91%] [Cov:=================>                 50%]
[Progress:===========================>  91%] [Cov:=================>                 50%]
[Progress:===========================>  91%] [Cov:=================>                 50%]
[Progress:===========================>  91%] [Cov:=================>                 50%]
[Progress:===========================>  93%] [Cov:=================>                 50%]
[Progress:===========================>  93%] [Cov:=================>                 50%]
[Progress:===========================>  93%] [Cov:=================>                 50%]
[Progress:===========================>  93%] [Cov:=================>                 50%]
[Progress:===========================>  93%] [Cov:=================>                 50%]
[Progress:============================> 95%] [Cov:=================>                 50%]
[Progress:============================> 95%] [Cov:=================>                 50%]
[Progress:============================> 95%] [Cov:=================>                 50%]
[Progress:============================> 95%] [Cov:=================>                 50%]
[Progress:============================> 96%] [Cov:===============>                   44%]
[Progress:============================> 96%] [Cov:=================>                 50%]
[Progress:============================> 96%] [Cov:=================>                 50%]
[Progress:============================> 96%] [Cov:=================>                 50%]
[Progress:============================> 96%] [Cov:=================>                 50%]
[Progress:============================> 96%] [Cov:=================>                 50%]
[Progress:=============================>98%] [Cov:=================>                 50%]
[Progress:=============================>98%] [Cov:=================>                 50%]
[Progress:=============================>98%] [Cov:=================>                 50%]
[Progress:==============================100%] [Cov:=================>                 50%]
[Progress:==============================100%] [Cov:=================>                 50%]
* Search finished after 64s and 56 generations, 11234 statements, best individual has fitness: 307.1481481448885
* Minimizing test suite
* Going to analyze the coverage criteria
* Coverage analysis for criterion LINE
* Coverage of criterion LINE: 36%
* Total number of goals: 83
* Number of covered goals: 30
* Coverage analysis for criterion BRANCH
* Coverage of criterion BRANCH: 25%
* Total number of goals: 59
* Number of covered goals: 15
* Coverage analysis for criterion EXCEPTION
* Coverage of criterion EXCEPTION: 50%
* Total number of goals: 2
* Number of covered goals: 1
* Coverage analysis for criterion WEAKMUTATION
* Coverage of criterion WEAKMUTATION: 23%
* Total number of goals: 144
* Number of covered goals: 33
* Coverage analysis for criterion OUTPUT
* Coverage of criterion OUTPUT: 100% (no goals)
* Coverage analysis for criterion METHOD
* Coverage of criterion METHOD: 67%
* Total number of goals: 3
* Number of covered goals: 2
* Coverage analysis for criterion METHODNOEXCEPTION
* Coverage of criterion METHODNOEXCEPTION: 67%
* Total number of goals: 3
* Number of covered goals: 2
* Coverage analysis for criterion CBRANCH
* Coverage of criterion CBRANCH: 25%
* Total number of goals: 59
* Number of covered goals: 15
* Generated 2 tests with total length 13
* Resulting test suite's coverage: 51% (average coverage for all fitness functions)
* Generating assertions
* Resulting test suite's mutation score: 0%
* Compiling and checking tests
* Writing tests to file
* Writing JUnit test case 'CollapseVariableDeclarations_ESTest' to evosuite-tests
* Done!

* Computation finished

