CMD: /usr/lib/jvm/java-8-openjdk-amd64/bin/java -Dtools_jar_location=/usr/lib/jvm/java-8-openjdk-amd64/lib/tools.jar -jar /home/pizza/evosuite/evosuite-1.2.0.jar -generateSuite -class com.fasterxml.jackson.databind.deser.std.FromStringDeserializer -projectCP /home/pizza/evosuite/Test/JacksonDatabind-42b/target/classes:/home/pizza/defects4j/framework/projects/JacksonDatabind/lib/com/fasterxml/jackson/core/jackson-annotations/2.6.0/jackson-annotations-2.6.0.jar:/home/pizza/defects4j/framework/projects/JacksonDatabind/lib/com/fasterxml/jackson/core/jackson-core/2.6.5/jackson-core-2.6.5.jar -base_dir /home/pizza/evosuite/results/project-JacksonDatabind/JacksonDatabind-42/round02/evosuite-work -seed 11 -Dalgorithm=NSGAII -Dsearch_budget=150 -Dtest_format=JUNIT4 -Dassertions=true

* EvoSuite 1.2.0
* Going to generate test cases for class: com.fasterxml.jackson.databind.deser.std.FromStringDeserializer
* Starting Client-0
* Connecting to master process on port 8220
* Analyzing classpath: 
  - /home/pizza/evosuite/Test/JacksonDatabind-42b/target/classes
  - /home/pizza/defects4j/framework/projects/JacksonDatabind/lib/com/fasterxml/jackson/core/jackson-annotations/2.6.0/jackson-annotations-2.6.0.jar
  - /home/pizza/defects4j/framework/projects/JacksonDatabind/lib/com/fasterxml/jackson/core/jackson-core/2.6.5/jackson-core-2.6.5.jar
* Finished analyzing classpath
* Generating tests for class com.fasterxml.jackson.databind.deser.std.FromStringDeserializer
* Test criteria:
  - Line Coverage
  - Branch Coverage
  - Exception
  - Mutation testing (weak)
  - Method-Output Coverage
  - Top-Level Method Coverage
  - No-Exception Top-Level Method Coverage
  - Context Branch Coverage
* Setting up search algorithm for whole suite generation
* Total number of test goals: 
  - Line 110
  - Branch 97
  - Exception 0
  - MutationFactory 260
  - Output 12
  - Method 8
  - MethodNoException 8
  - CBranchFitnessFactory 97

[Progress:>                             0%] [Cov:>                                  0%]* Using seed 11
* Starting evolution
[MASTER] 05:30:45.024 [logback-1] WARN  TestCluster - Failed to check cache for java.util.Map<K, V> : Type points to itself
[MASTER] 05:30:46.231 [logback-1] WARN  TestCluster - Failed to check cache for java.util.EnumSet<E> : Type points to itself
[MASTER] 05:30:47.255 [logback-1] WARN  TestCluster - Failed to check cache for com.fasterxml.jackson.annotation.ObjectIdGenerator<T> : Type points to itself

[Progress:>                             1%] [Cov:>                                  0%]
[Progress:>                             1%] [Cov:>                                  2%]
[Progress:>                             1%] [Cov:=>                                 4%]
[Progress:>                             1%] [Cov:=====>                             16%]
[Progress:>                             1%] [Cov:=======>                           20%]
[Progress:>                             1%] [Cov:=======>                           22%]
[Progress:>                             1%] [Cov:=========>                         26%]
[Progress:>                             1%] [Cov:==========>                        30%]
[Progress:>                             1%] [Cov:==========>                        31%]
[Progress:>                             2%] [Cov:>                                  2%]
[Progress:>                             2%] [Cov:=>                                 4%]
[Progress:>                             2%] [Cov:=====>                             17%]
[Progress:>                             2%] [Cov:=======>                           21%]
[Progress:>                             2%] [Cov:========>                          24%]
[Progress:>                             2%] [Cov:==========>                        30%]
[Progress:>                             2%] [Cov:============>                      35%]
[Progress:>                             2%] [Cov:============>                      37%]
[Progress:>                             2%] [Cov:=============>                     38%][MASTER] 05:30:48.854 [logback-1] WARN  TestCluster - Failed to check cache for com.fasterxml.jackson.databind.JsonDeserializer<T> : Type points to itself

[Progress:>                             3%] [Cov:>                                  2%]
[Progress:>                             3%] [Cov:=>                                 4%]
[Progress:>                             3%] [Cov:=====>                             17%]
[Progress:>                             3%] [Cov:======>                            18%]
[Progress:>                             3%] [Cov:=======>                           20%]
[Progress:>                             3%] [Cov:========>                          23%]
[Progress:>                             3%] [Cov:=========>                         26%]
[Progress:>                             3%] [Cov:=========>                         28%]
[Progress:>                             3%] [Cov:==========>                        31%]
[Progress:>                             3%] [Cov:===========>                       33%]
[Progress:>                             3%] [Cov:============>                      35%]
[Progress:>                             3%] [Cov:============>                      37%]
[Progress:>                             3%] [Cov:=============>                     38%]
[Progress:>                             3%] [Cov:==============>                    41%]
[Progress:>                             3%] [Cov:==============>                    42%]
[Progress:>                             3%] [Cov:===============>                   43%]
[Progress:>                             3%] [Cov:==============>                    42%]
[Progress:>                             3%] [Cov:===============>                   43%]
[Progress:>                             3%] [Cov:===============>                   45%]
[Progress:>                             3%] [Cov:================>                  46%]
[Progress:=>                            4%] [Cov:=======>                           22%]
[Progress:=>                            4%] [Cov:=========>                         26%]
[Progress:=>                            4%] [Cov:============>                      35%]
[Progress:=>                            4%] [Cov:============>                      36%]
[Progress:=>                            4%] [Cov:============>                      37%]
[Progress:=>                            4%] [Cov:=============>                     38%]
[Progress:=>                            4%] [Cov:===============>                   43%]
[Progress:=>                            4%] [Cov:==============>                    42%]
[Progress:=>                            4%] [Cov:===============>                   44%]
[Progress:=>                            4%] [Cov:===============>                   45%]
[Progress:=>                            4%] [Cov:================>                  46%]
[Progress:=>                            4%] [Cov:================>                  46%]
[Progress:=>                            4%] [Cov:================>                  47%]
[Progress:=>                            4%] [Cov:================>                  46%]
[Progress:=>                            4%] [Cov:================>                  47%]
[Progress:=>                            5%] [Cov:=============>                     38%]
[Progress:=>                            5%] [Cov:==============>                    41%]
[Progress:=>                            5%] [Cov:================>                  46%]
[Progress:=>                            5%] [Cov:================>                  47%]
[Progress:=>                            5%] [Cov:================>                  48%]
[Progress:=>                            5%] [Cov:=================>                 49%]
[Progress:=>                            5%] [Cov:================>                  47%]
[Progress:=>                            5%] [Cov:================>                  48%]
[Progress:=>                            5%] [Cov:=================>                 49%]
[Progress:=>                            5%] [Cov:=================>                 51%][MASTER] 05:30:53.454 [logback-1] WARN  TestCluster - Failed to check cache for java.util.Enumeration<E> : Type points to itself

[Progress:=>                            6%] [Cov:===============>                   45%]
[Progress:=>                            6%] [Cov:=================>                 49%]
[Progress:=>                            6%] [Cov:=================>                 51%]
[Progress:=>                            6%] [Cov:=================>                 51%]
[Progress:=>                            6%] [Cov:================>                  47%]
[Progress:=>                            6%] [Cov:================>                  48%]
[Progress:=>                            6%] [Cov:=================>                 49%]
[Progress:=>                            6%] [Cov:=================>                 51%]
[Progress:=>                            6%] [Cov:================>                  48%]
[Progress:==>                           7%] [Cov:==============>                    42%]
[Progress:==>                           7%] [Cov:================>                  48%]
[Progress:==>                           7%] [Cov:=================>                 51%]
[Progress:==>                           7%] [Cov:==================>                52%]
[Progress:==>                           7%] [Cov:================>                  48%]
[Progress:==>                           7%] [Cov:=================>                 51%]
[Progress:==>                           8%] [Cov:=================>                 51%]
[Progress:==>                           8%] [Cov:==================>                52%]
[Progress:==>                           8%] [Cov:==================>                52%]
[Progress:==>                           8%] [Cov:==================>                53%]
[Progress:==>                           8%] [Cov:==================>                53%]
[Progress:==>                           9%] [Cov:================>                  48%]
[Progress:==>                           9%] [Cov:=================>                 49%]
[Progress:==>                           9%] [Cov:=================>                 51%]
[Progress:==>                           9%] [Cov:==================>                52%]
[Progress:==>                           9%] [Cov:==================>                54%]
[Progress:==>                           9%] [Cov:=================>                 49%]
[Progress:==>                           9%] [Cov:==================>                52%]
[Progress:===>                          10%] [Cov:================>                  48%]
[Progress:===>                          10%] [Cov:==================>                52%]
[Progress:===>                          10%] [Cov:==================>                54%]
[Progress:===>                          10%] [Cov:=================>                 49%]
[Progress:===>                          10%] [Cov:=================>                 50%]
[Progress:===>                          10%] [Cov:=================>                 51%]
[Progress:===>                          10%] [Cov:==================>                53%]
[Progress:===>                          10%] [Cov:==================>                54%]
[Progress:===>                          11%] [Cov:==================>                52%]
[Progress:===>                          11%] [Cov:==================>                53%]
[Progress:===>                          11%] [Cov:==================>                53%]
[Progress:===>                          11%] [Cov:==================>                54%]
[Progress:===>                          11%] [Cov:==================>                53%]
[Progress:===>                          12%] [Cov:==================>                52%]
[Progress:===>                          12%] [Cov:==================>                53%]
[Progress:===>                          12%] [Cov:==================>                54%]
[Progress:===>                          12%] [Cov:==================>                53%]
[Progress:===>                          12%] [Cov:==================>                54%]
[Progress:===>                          13%] [Cov:==================>                52%]
[Progress:===>                          13%] [Cov:==================>                54%]
[Progress:===>                          13%] [Cov:==================>                53%]
[Progress:===>                          13%] [Cov:==================>                54%][MASTER] 05:31:05.220 [logback-1] WARN  TestCluster - Failed to check cache for java.util.LinkedHashSet<E> : Type points to itself

[Progress:====>                         14%] [Cov:==================>                54%]
[Progress:====>                         14%] [Cov:==================>                53%]
[Progress:====>                         14%] [Cov:==================>                54%]
[Progress:====>                         14%] [Cov:=================>                 49%]
[Progress:====>                         14%] [Cov:==================>                53%]
[Progress:====>                         15%] [Cov:==================>                54%]
[Progress:====>                         15%] [Cov:================>                  47%]
[Progress:====>                         15%] [Cov:==================>                53%]
[Progress:====>                         15%] [Cov:==================>                54%]
[Progress:====>                         16%] [Cov:==================>                53%]
[Progress:====>                         16%] [Cov:==================>                54%]
[Progress:====>                         16%] [Cov:================>                  47%]
[Progress:====>                         16%] [Cov:==================>                53%]
[Progress:====>                         16%] [Cov:==================>                54%]
[Progress:====>                         16%] [Cov:=================>                 49%]
[Progress:====>                         16%] [Cov:==================>                53%]
[Progress:====>                         16%] [Cov:==================>                54%]
[Progress:=====>                        17%] [Cov:==================>                54%]
[Progress:=====>                        17%] [Cov:================>                  47%]
[Progress:=====>                        17%] [Cov:==================>                53%]
[Progress:=====>                        17%] [Cov:==================>                54%]
[Progress:=====>                        18%] [Cov:==================>                52%]
[Progress:=====>                        18%] [Cov:==================>                54%]
[Progress:=====>                        18%] [Cov:================>                  47%]
[Progress:=====>                        18%] [Cov:=================>                 49%]
[Progress:=====>                        18%] [Cov:==================>                52%]
[Progress:=====>                        18%] [Cov:==================>                54%]
[Progress:=====>                        18%] [Cov:===================>               55%]
[Progress:=====>                        18%] [Cov:================>                  47%]
[Progress:=====>                        18%] [Cov:==================>                54%]
[Progress:=====>                        19%] [Cov:==================>                53%]
[Progress:=====>                        19%] [Cov:==================>                54%]
[Progress:=====>                        19%] [Cov:===================>               55%][MASTER] 05:31:14.148 [logback-1] WARN  TestCluster - Failed to check cache for java.util.PriorityQueue<E> : Type points to itself

[Progress:=====>                        19%] [Cov:================>                  47%]
[Progress:======>                       20%] [Cov:==================>                52%]
[Progress:======>                       20%] [Cov:==================>                53%]
[Progress:======>                       20%] [Cov:==================>                54%]
[Progress:======>                       20%] [Cov:===================>               55%]
[Progress:======>                       20%] [Cov:================>                  47%]
[Progress:======>                       20%] [Cov:==================>                53%]
[Progress:======>                       20%] [Cov:===================>               55%]
[Progress:======>                       20%] [Cov:================>                  47%]
[Progress:======>                       20%] [Cov:==================>                53%]
[Progress:======>                       20%] [Cov:==================>                54%]
[Progress:======>                       20%] [Cov:===================>               55%]
[Progress:======>                       21%] [Cov:=================>                 50%]
[Progress:======>                       21%] [Cov:==================>                53%]
[Progress:======>                       21%] [Cov:===================>               55%]
[Progress:======>                       21%] [Cov:================>                  47%]
[Progress:======>                       21%] [Cov:==================>                54%]
[Progress:======>                       21%] [Cov:===================>               55%]
[Progress:======>                       22%] [Cov:================>                  47%]
[Progress:======>                       22%] [Cov:==================>                53%]
[Progress:======>                       22%] [Cov:==================>                54%]
[Progress:======>                       22%] [Cov:===================>               55%]
[Progress:======>                       22%] [Cov:================>                  47%]
[Progress:======>                       22%] [Cov:==================>                54%]
[Progress:======>                       22%] [Cov:===================>               55%]
[Progress:======>                       22%] [Cov:================>                  47%]
[Progress:======>                       22%] [Cov:==================>                54%]
[Progress:======>                       22%] [Cov:===================>               55%]
[Progress:======>                       23%] [Cov:==================>                54%]
[Progress:======>                       23%] [Cov:===================>               55%]
[Progress:======>                       23%] [Cov:================>                  47%]
[Progress:======>                       23%] [Cov:==================>                54%]
[Progress:======>                       23%] [Cov:===================>               55%]
[Progress:=======>                      24%] [Cov:==================>                53%]
[Progress:=======>                      24%] [Cov:==================>                54%]
[Progress:=======>                      24%] [Cov:===================>               55%]
[Progress:=======>                      24%] [Cov:===================>               55%]
[Progress:=======>                      24%] [Cov:===================>               55%]
[Progress:=======>                      25%] [Cov:===================>               55%]
[Progress:=======>                      25%] [Cov:===================>               55%]
[Progress:=======>                      26%] [Cov:================>                  47%]
[Progress:=======>                      26%] [Cov:==================>                54%]
[Progress:=======>                      26%] [Cov:===================>               55%]
[Progress:=======>                      26%] [Cov:===================>               55%]
[Progress:========>                     27%] [Cov:===================>               55%]
[Progress:========>                     27%] [Cov:===================>               55%]
[Progress:========>                     28%] [Cov:===================>               55%]
[Progress:========>                     28%] [Cov:================>                  47%]
[Progress:========>                     28%] [Cov:===================>               55%]
[Progress:========>                     28%] [Cov:================>                  47%]
[Progress:========>                     28%] [Cov:===================>               55%]
[Progress:========>                     29%] [Cov:===================>               55%]
[Progress:========>                     29%] [Cov:================>                  47%]
[Progress:========>                     29%] [Cov:===================>               55%]
[Progress:=========>                    30%] [Cov:===================>               55%]
[Progress:=========>                    30%] [Cov:================>                  47%]
[Progress:=========>                    30%] [Cov:==================>                53%]
[Progress:=========>                    30%] [Cov:==================>                54%]
[Progress:=========>                    30%] [Cov:===================>               55%]
[Progress:=========>                    31%] [Cov:===================>               55%]
[Progress:=========>                    31%] [Cov:================>                  47%]
[Progress:=========>                    31%] [Cov:===================>               55%]
[Progress:=========>                    32%] [Cov:===================>               55%]
[Progress:=========>                    32%] [Cov:================>                  47%]
[Progress:=========>                    32%] [Cov:===================>               55%]
[Progress:=========>                    32%] [Cov:================>                  47%]
[Progress:=========>                    32%] [Cov:==================>                53%]
[Progress:=========>                    32%] [Cov:==================>                54%]
[Progress:=========>                    32%] [Cov:===================>               55%]
[Progress:=========>                    33%] [Cov:===================>               55%]
[Progress:=========>                    33%] [Cov:================>                  47%]
[Progress:=========>                    33%] [Cov:==================>                54%]
[Progress:=========>                    33%] [Cov:===================>               55%]
[Progress:==========>                   34%] [Cov:===================>               55%]
[Progress:==========>                   34%] [Cov:================>                  47%]
[Progress:==========>                   34%] [Cov:===================>               55%]
[Progress:==========>                   34%] [Cov:================>                  47%]
[Progress:==========>                   34%] [Cov:===================>               55%]
[Progress:==========>                   35%] [Cov:===================>               55%]
[Progress:==========>                   35%] [Cov:================>                  47%]
[Progress:==========>                   35%] [Cov:===================>               55%]
[Progress:==========>                   36%] [Cov:===================>               55%]
[Progress:==========>                   36%] [Cov:================>                  47%]
[Progress:==========>                   36%] [Cov:===================>               55%]
[Progress:==========>                   36%] [Cov:================>                  47%]
[Progress:==========>                   36%] [Cov:===================>               55%]
[Progress:==========>                   36%] [Cov:================>                  47%]
[Progress:==========>                   36%] [Cov:===================>               55%]
[Progress:===========>                  37%] [Cov:================>                  47%]
[Progress:===========>                  37%] [Cov:==================>                54%]
[Progress:===========>                  37%] [Cov:===================>               55%]
[Progress:===========>                  37%] [Cov:================>                  47%]
[Progress:===========>                  37%] [Cov:===================>               55%]
[Progress:===========>                  38%] [Cov:===================>               55%]
[Progress:===========>                  38%] [Cov:================>                  47%]
[Progress:===========>                  38%] [Cov:===================>               55%]
[Progress:===========>                  38%] [Cov:===================>               56%]
[Progress:===========>                  38%] [Cov:===================>               56%]
[Progress:===========>                  39%] [Cov:===================>               55%]
[Progress:===========>                  39%] [Cov:===================>               56%]
[Progress:===========>                  39%] [Cov:===================>               56%]
[Progress:============>                 40%] [Cov:===================>               55%]
[Progress:============>                 40%] [Cov:===================>               56%]
[Progress:============>                 40%] [Cov:===================>               56%]
[Progress:============>                 41%] [Cov:===================>               56%]
[Progress:============>                 41%] [Cov:===================>               56%]
[Progress:============>                 41%] [Cov:===================>               57%]
[Progress:============>                 42%] [Cov:===================>               55%]
[Progress:============>                 42%] [Cov:===================>               56%]
[Progress:============>                 42%] [Cov:===================>               57%]
[Progress:============>                 42%] [Cov:===================>               57%]
[Progress:============>                 43%] [Cov:===================>               56%]
[Progress:============>                 43%] [Cov:===================>               57%]
[Progress:=============>                44%] [Cov:===================>               56%]
[Progress:=============>                44%] [Cov:===================>               57%]
[Progress:=============>                44%] [Cov:===================>               57%]
[Progress:=============>                45%] [Cov:===================>               57%]
[Progress:=============>                45%] [Cov:===================>               57%]
[Progress:=============>                46%] [Cov:===================>               56%]
[Progress:=============>                46%] [Cov:===================>               57%]
[Progress:=============>                46%] [Cov:===================>               57%]
[Progress:==============>               47%] [Cov:===================>               57%]
[Progress:==============>               47%] [Cov:===================>               57%]
[Progress:==============>               48%] [Cov:===================>               57%]
[Progress:==============>               48%] [Cov:===================>               55%]
[Progress:==============>               48%] [Cov:===================>               57%]
[Progress:==============>               48%] [Cov:===================>               55%]
[Progress:==============>               48%] [Cov:===================>               57%]
[Progress:==============>               49%] [Cov:===================>               57%]
[Progress:==============>               49%] [Cov:===================>               55%]
[Progress:===============>              50%] [Cov:===================>               57%]
[Progress:===============>              50%] [Cov:===================>               55%]
[Progress:===============>              50%] [Cov:===================>               57%]
[Progress:===============>              51%] [Cov:==================>                54%]
[Progress:===============>              51%] [Cov:===================>               57%]
[Progress:===============>              51%] [Cov:===================>               55%]
[Progress:===============>              51%] [Cov:===================>               56%]
[Progress:===============>              51%] [Cov:===================>               57%]
[Progress:===============>              52%] [Cov:================>                  46%]
[Progress:===============>              52%] [Cov:===================>               55%]
[Progress:===============>              52%] [Cov:===================>               57%]
[Progress:===============>              52%] [Cov:===================>               56%]
[Progress:===============>              52%] [Cov:===================>               56%]
[Progress:===============>              52%] [Cov:===================>               56%]
[Progress:===============>              53%] [Cov:===================>               55%]
[Progress:===============>              53%] [Cov:===================>               56%]
[Progress:===============>              53%] [Cov:===================>               57%]
[Progress:===============>              53%] [Cov:===================>               56%]
[Progress:===============>              53%] [Cov:===================>               57%]
[Progress:================>             54%] [Cov:===================>               55%]
[Progress:================>             54%] [Cov:===================>               56%]
[Progress:================>             54%] [Cov:===================>               57%]
[Progress:================>             54%] [Cov:===================>               56%]
[Progress:================>             54%] [Cov:===================>               57%]
[Progress:================>             54%] [Cov:===================>               56%]
[Progress:================>             54%] [Cov:===================>               57%]
[Progress:================>             55%] [Cov:===================>               56%]
[Progress:================>             55%] [Cov:===================>               57%]
[Progress:================>             55%] [Cov:===================>               56%]
[Progress:================>             55%] [Cov:===================>               57%]
[Progress:================>             56%] [Cov:===================>               55%]
[Progress:================>             56%] [Cov:===================>               56%]
[Progress:================>             56%] [Cov:===================>               57%]
[Progress:================>             56%] [Cov:===================>               56%]
[Progress:================>             56%] [Cov:===================>               56%]
[Progress:=================>            57%] [Cov:==================>                53%]
[Progress:=================>            57%] [Cov:==================>                54%]
[Progress:=================>            57%] [Cov:===================>               55%]
[Progress:=================>            57%] [Cov:===================>               56%]
[Progress:=================>            57%] [Cov:===================>               56%]
[Progress:=================>            57%] [Cov:===================>               57%]
[Progress:=================>            58%] [Cov:===================>               56%]
[Progress:=================>            58%] [Cov:===================>               56%]
[Progress:=================>            58%] [Cov:===================>               56%]
[Progress:=================>            58%] [Cov:===================>               57%]
[Progress:=================>            58%] [Cov:===================>               56%]
[Progress:=================>            59%] [Cov:===================>               56%]
[Progress:=================>            59%] [Cov:===================>               57%]
[Progress:=================>            59%] [Cov:===================>               56%]
[Progress:=================>            59%] [Cov:===================>               57%]
[Progress:==================>           60%] [Cov:===================>               56%]
[Progress:==================>           60%] [Cov:===================>               57%]
[Progress:==================>           60%] [Cov:===================>               56%]
[Progress:==================>           60%] [Cov:===================>               57%]
[Progress:==================>           60%] [Cov:===================>               56%]
[Progress:==================>           60%] [Cov:===================>               57%]
[Progress:==================>           61%] [Cov:===================>               56%]
[Progress:==================>           61%] [Cov:===================>               57%]
[Progress:==================>           61%] [Cov:===================>               56%]
[Progress:==================>           61%] [Cov:===================>               57%]
[Progress:==================>           62%] [Cov:===================>               56%]
[Progress:==================>           62%] [Cov:===================>               57%]
[Progress:==================>           62%] [Cov:====================>              58%]
[Progress:==================>           62%] [Cov:===================>               56%]
[Progress:==================>           62%] [Cov:===================>               57%]
[Progress:==================>           62%] [Cov:====================>              58%]
[Progress:==================>           62%] [Cov:===================>               56%]
[Progress:==================>           62%] [Cov:===================>               57%]
[Progress:==================>           63%] [Cov:===================>               57%]
[Progress:==================>           63%] [Cov:===================>               56%]
[Progress:==================>           63%] [Cov:===================>               57%]
[Progress:==================>           63%] [Cov:====================>              58%]
[Progress:===================>          64%] [Cov:===================>               57%]
[Progress:===================>          64%] [Cov:====================>              58%]
[Progress:===================>          64%] [Cov:===================>               57%]
[Progress:===================>          64%] [Cov:====================>              58%]
[Progress:===================>          64%] [Cov:===================>               57%]
[Progress:===================>          64%] [Cov:====================>              58%]
[Progress:===================>          65%] [Cov:===================>               57%]
[Progress:===================>          65%] [Cov:====================>              58%]
[Progress:===================>          65%] [Cov:===================>               57%]
[Progress:===================>          65%] [Cov:====================>              58%]
[Progress:===================>          66%] [Cov:===================>               57%]
[Progress:===================>          66%] [Cov:====================>              58%]
[Progress:===================>          66%] [Cov:===================>               56%]
[Progress:===================>          66%] [Cov:====================>              58%]
[Progress:===================>          66%] [Cov:===================>               56%]
[Progress:===================>          66%] [Cov:====================>              58%]
[Progress:====================>         67%] [Cov:===================>               56%]
[Progress:====================>         67%] [Cov:====================>              58%]
[Progress:====================>         67%] [Cov:===================>               56%]
[Progress:====================>         67%] [Cov:====================>              58%]
[Progress:====================>         68%] [Cov:=================>                 50%]
[Progress:====================>         68%] [Cov:===================>               57%]
[Progress:====================>         68%] [Cov:====================>              58%]
[Progress:====================>         68%] [Cov:===================>               56%]
[Progress:====================>         68%] [Cov:====================>              58%]
[Progress:====================>         68%] [Cov:===================>               56%]
[Progress:====================>         68%] [Cov:====================>              58%]
[Progress:====================>         69%] [Cov:===================>               56%]
[Progress:====================>         69%] [Cov:===================>               57%]
[Progress:====================>         69%] [Cov:====================>              58%]
[Progress:=====================>        70%] [Cov:====================>              58%]
[Progress:=====================>        70%] [Cov:===================>               57%]
[Progress:=====================>        70%] [Cov:====================>              58%]
[Progress:=====================>        70%] [Cov:=====================>             61%]
[Progress:=====================>        70%] [Cov:=====================>             61%]
[Progress:=====================>        71%] [Cov:====================>              58%]
[Progress:=====================>        71%] [Cov:=====================>             61%]
[Progress:=====================>        71%] [Cov:=====================>             61%][MASTER] 05:32:32.257 [logback-1] WARN  TestCluster - Failed to check cache for java.util.Comparator<T> : Type points to itself

[Progress:=====================>        72%] [Cov:===================>               57%]
[Progress:=====================>        72%] [Cov:====================>              58%]
[Progress:=====================>        72%] [Cov:=====================>             61%]
[Progress:=====================>        72%] [Cov:=====================>             61%]
[Progress:=====================>        72%] [Cov:=====================>             61%]
[Progress:=====================>        73%] [Cov:=====================>             61%]
[Progress:=====================>        73%] [Cov:=====================>             60%]
[Progress:=====================>        73%] [Cov:=====================>             61%]
[Progress:======================>       74%] [Cov:=====================>             61%]
[Progress:======================>       74%] [Cov:=====================>             60%]
[Progress:======================>       74%] [Cov:=====================>             61%]
[Progress:======================>       74%] [Cov:=====================>             60%]
[Progress:======================>       75%] [Cov:=====================>             60%]
[Progress:======================>       75%] [Cov:=====================>             61%]
[Progress:======================>       76%] [Cov:=====================>             61%]
[Progress:======================>       76%] [Cov:=====================>             60%]
[Progress:======================>       76%] [Cov:=====================>             61%]
[Progress:======================>       76%] [Cov:=====================>             60%]
[Progress:======================>       76%] [Cov:=====================>             61%]
[Progress:======================>       76%] [Cov:=====================>             61%]
[Progress:=======================>      77%] [Cov:=====================>             61%]
[Progress:=======================>      77%] [Cov:=====================>             61%]
[Progress:=======================>      78%] [Cov:=====================>             61%]
[Progress:=======================>      78%] [Cov:=====================>             61%]
[Progress:=======================>      78%] [Cov:=====================>             61%]
[Progress:=======================>      79%] [Cov:=====================>             61%]
[Progress:=======================>      79%] [Cov:=====================>             61%]
[Progress:========================>     80%] [Cov:=====================>             61%]
[Progress:========================>     80%] [Cov:=====================>             61%]
[Progress:========================>     80%] [Cov:=====================>             61%]
[Progress:========================>     81%] [Cov:=====================>             60%]
[Progress:========================>     81%] [Cov:=====================>             61%]
[Progress:========================>     81%] [Cov:=====================>             61%]
[Progress:========================>     82%] [Cov:====================>              59%]
[Progress:========================>     82%] [Cov:=====================>             61%]
[Progress:========================>     82%] [Cov:=====================>             61%]
[Progress:========================>     82%] [Cov:=====================>             61%]
[Progress:========================>     83%] [Cov:=====================>             61%]
[Progress:========================>     83%] [Cov:=====================>             62%]
[Progress:========================>     83%] [Cov:=====================>             62%]
[Progress:=========================>    84%] [Cov:=====================>             61%]
[Progress:=========================>    84%] [Cov:=====================>             62%]
[Progress:=========================>    84%] [Cov:=====================>             62%]
[Progress:=========================>    84%] [Cov:=====================>             62%]
[Progress:=========================>    85%] [Cov:=====================>             61%]
[Progress:=========================>    85%] [Cov:=====================>             62%]
[Progress:=========================>    85%] [Cov:=====================>             61%]
[Progress:=========================>    86%] [Cov:=====================>             61%]
[Progress:=========================>    86%] [Cov:=====================>             62%]
[Progress:=========================>    86%] [Cov:=====================>             61%]
[Progress:=========================>    86%] [Cov:=====================>             62%]
[Progress:=========================>    86%] [Cov:=====================>             61%]
[Progress:=========================>    86%] [Cov:=====================>             62%]
[Progress:==========================>   87%] [Cov:==================>                54%]
[Progress:==========================>   87%] [Cov:=====================>             62%]
[Progress:==========================>   87%] [Cov:======================>            63%]
[Progress:==========================>   87%] [Cov:=====================>             61%]
[Progress:==========================>   87%] [Cov:=====================>             62%]
[Progress:==========================>   88%] [Cov:=================>                 50%]
[Progress:==========================>   88%] [Cov:=====================>             60%]
[Progress:==========================>   88%] [Cov:=====================>             62%]
[Progress:==========================>   88%] [Cov:======================>            63%]
[Progress:==========================>   88%] [Cov:=====================>             61%]
[Progress:==========================>   88%] [Cov:=====================>             62%]
[Progress:==========================>   88%] [Cov:======================>            63%]
[Progress:==========================>   88%] [Cov:=====================>             61%]
[Progress:==========================>   88%] [Cov:=====================>             62%]
[Progress:==========================>   88%] [Cov:======================>            63%]
[Progress:==========================>   89%] [Cov:=====================>             62%]
[Progress:==========================>   89%] [Cov:=====================>             61%]
[Progress:==========================>   89%] [Cov:=====================>             62%]
[Progress:===========================>  90%] [Cov:=================>                 50%]
[Progress:===========================>  90%] [Cov:=====================>             61%]
[Progress:===========================>  90%] [Cov:=====================>             62%]
[Progress:===========================>  90%] [Cov:======================>            63%]
[Progress:===========================>  90%] [Cov:=====================>             61%]
[Progress:===========================>  90%] [Cov:=====================>             62%]
[Progress:===========================>  90%] [Cov:=====================>             61%]
[Progress:===========================>  90%] [Cov:=====================>             62%]
[Progress:===========================>  90%] [Cov:======================>            63%]
[Progress:===========================>  91%] [Cov:=====================>             61%]
[Progress:===========================>  91%] [Cov:=====================>             62%]
[Progress:===========================>  91%] [Cov:=====================>             61%]
[Progress:===========================>  91%] [Cov:======================>            63%]
[Progress:===========================>  92%] [Cov:=====================>             61%]
[Progress:===========================>  92%] [Cov:=====================>             62%]
[Progress:===========================>  92%] [Cov:======================>            63%]
[Progress:===========================>  92%] [Cov:=====================>             61%]
[Progress:===========================>  92%] [Cov:======================>            63%]
[Progress:===========================>  92%] [Cov:=====================>             61%]
[Progress:===========================>  93%] [Cov:=====================>             61%]
[Progress:===========================>  93%] [Cov:=====================>             61%][MASTER] 05:33:05.552 [logback-1] WARN  TestCluster - Failed to check cache for java.util.Collection<E> : Type points to itself

[Progress:============================> 94%] [Cov:=====================>             61%]
[Progress:============================> 94%] [Cov:=====================>             61%]
[Progress:============================> 94%] [Cov:=====================>             62%]
[Progress:============================> 94%] [Cov:=====================>             61%]
[Progress:============================> 94%] [Cov:======================>            63%]
[Progress:============================> 95%] [Cov:=====================>             61%]
[Progress:============================> 95%] [Cov:=====================>             61%]
[Progress:============================> 95%] [Cov:=====================>             62%]
[Progress:============================> 95%] [Cov:======================>            63%]
[Progress:============================> 96%] [Cov:=====================>             61%]
[Progress:============================> 96%] [Cov:=====================>             62%]
[Progress:============================> 96%] [Cov:======================>            63%]
[Progress:============================> 96%] [Cov:=====================>             61%]
[Progress:============================> 96%] [Cov:======================>            63%]
[Progress:============================> 96%] [Cov:=====================>             61%]
[Progress:============================> 96%] [Cov:======================>            63%]
[Progress:=============================>97%] [Cov:=====================>             61%]
[Progress:=============================>97%] [Cov:=====================>             61%]
[Progress:=============================>97%] [Cov:======================>            63%]
[Progress:=============================>98%] [Cov:=====================>             61%]
[Progress:=============================>98%] [Cov:=====================>             61%]
[Progress:=============================>98%] [Cov:======================>            63%]
[Progress:=============================>98%] [Cov:=====================>             61%]
[Progress:=============================>98%] [Cov:======================>            63%]
[Progress:=============================>99%] [Cov:===================>               56%]
[Progress:=============================>99%] [Cov:=====================>             60%]
[Progress:=============================>99%] [Cov:=====================>             61%]
[Progress:=============================>99%] [Cov:=====================>             61%]
[Progress:=============================>99%] [Cov:======================>            63%]
[Progress:==============================100%] [Cov:======================>            63%]
[Progress:==============================100%] [Cov:=====================>             62%]
[Progress:==============================100%] [Cov:======================>            63%]
[Progress:==============================100%] [Cov:=====================>             62%]
[Progress:==============================100%] [Cov:======================>            63%]
[Progress:==============================100%] [Cov:======================>            63%]
[Progress:==============================100%] [Cov:====================>              58%]
* Search finished after 152s and 146 generations, 55441 statements, best individual has fitness: 577.6666666666666
* Minimizing test suite
* Going to analyze the coverage criteria
* Coverage analysis for criterion LINE
* Coverage of criterion LINE: 49%
* Total number of goals: 110
* Number of covered goals: 54
* Coverage analysis for criterion BRANCH
* Coverage of criterion BRANCH: 54%
* Total number of goals: 97
* Number of covered goals: 52
* Coverage analysis for criterion EXCEPTION
* Coverage of criterion EXCEPTION: 33%
* Total number of goals: 3
* Number of covered goals: 1
* Coverage analysis for criterion WEAKMUTATION
* Coverage of criterion WEAKMUTATION: 62%
* Total number of goals: 260
* Number of covered goals: 162
* Coverage analysis for criterion OUTPUT
* Coverage of criterion OUTPUT: 33%
* Total number of goals: 12
* Number of covered goals: 4
* Coverage analysis for criterion METHOD
* Coverage of criterion METHOD: 88%
* Total number of goals: 8
* Number of covered goals: 7
* Coverage analysis for criterion METHODNOEXCEPTION
* Coverage of criterion METHODNOEXCEPTION: 75%
* Total number of goals: 8
* Number of covered goals: 6
* Coverage analysis for criterion CBRANCH
* Coverage of criterion CBRANCH: 54%
* Total number of goals: 97
* Number of covered goals: 52
* Generated 20 tests with total length 94
* Resulting test suite's coverage: 59% (average coverage for all fitness functions)
* Generating assertions
* Resulting test suite's mutation score: 37%
* Compiling and checking tests
* Writing tests to file
* Writing JUnit test case 'FromStringDeserializer_ESTest' to evosuite-tests
* Done!

* Computation finished

