CMD: /usr/lib/jvm/java-8-openjdk-amd64/bin/java -Dtools_jar_location=/usr/lib/jvm/java-8-openjdk-amd64/lib/tools.jar -jar /home/user/evosuite/evosuite-1.2.0.jar -generateSuite -class com.fasterxml.jackson.core.JsonPointer -projectCP /home/user/evosuite/Test/JacksonCore-5b/target/classes -base_dir /home/user/evosuite/results/project-JacksonCore/JacksonCore-5/round02/evosuite-work -seed 11 -Dalgorithm=NSGAII -Dsearch_budget=150 -Dtest_format=JUNIT4 -Dassertions=true

* EvoSuite 1.2.0
* Going to generate test cases for class: com.fasterxml.jackson.core.JsonPointer
* Starting Client-0
* Connecting to master process on port 8220
* Analyzing classpath: 
  - /home/user/evosuite/Test/JacksonCore-5b/target/classes
* Finished analyzing classpath
* Generating tests for class com.fasterxml.jackson.core.JsonPointer
* Test criteria:
  - Line Coverage
  - Branch Coverage
  - Exception
  - Mutation testing (weak)
  - Method-Output Coverage
  - Top-Level Method Coverage
  - No-Exception Top-Level Method Coverage
  - Context Branch Coverage
* Setting up search algorithm for whole suite generation
* Total number of test goals: 
  - Line 83
  - Branch 70
  - Exception 0
  - MutationFactory 370
  - Output 87
  - Method 17
  - MethodNoException 17
  - CBranchFitnessFactory 70

[Progress:>                             0%] [Cov:>                                  0%]* Using seed 11
* Starting evolution

[Progress:>                             0%] [Cov:>                                  0%]
[Progress:>                             0%] [Cov:==>                                8%]
[Progress:>                             0%] [Cov:====>                              13%]
[Progress:>                             0%] [Cov:========>                          25%]
[Progress:>                             0%] [Cov:===========>                       33%]
[Progress:>                             0%] [Cov:============>                      36%]
[Progress:>                             0%] [Cov:==============>                    42%]
[Progress:>                             0%] [Cov:================>                  48%]
[Progress:>                             0%] [Cov:=================>                 50%]
[Progress:>                             0%] [Cov:==================>                52%]
[Progress:>                             0%] [Cov:==================>                54%]
[Progress:>                             1%] [Cov:===========>                       34%]
[Progress:>                             1%] [Cov:============>                      36%]
[Progress:>                             1%] [Cov:==============>                    40%]
[Progress:>                             1%] [Cov:===============>                   44%]
[Progress:>                             1%] [Cov:================>                  46%]
[Progress:>                             1%] [Cov:==================>                52%]
[Progress:>                             1%] [Cov:==================>                53%]
[Progress:>                             1%] [Cov:==================>                54%]
[Progress:>                             1%] [Cov:===================>               55%]
[Progress:>                             1%] [Cov:===================>               56%]
[Progress:>                             1%] [Cov:===================>               57%]
[Progress:>                             1%] [Cov:====================>              58%]
[Progress:>                             2%] [Cov:================>                  48%]
[Progress:>                             2%] [Cov:=================>                 50%]
[Progress:>                             2%] [Cov:====================>              58%]
[Progress:>                             2%] [Cov:====================>              59%]
[Progress:>                             2%] [Cov:=====================>             60%]
[Progress:>                             2%] [Cov:====================>              58%]
[Progress:>                             2%] [Cov:=====================>             60%]
[Progress:>                             2%] [Cov:====================>              58%]
[Progress:>                             2%] [Cov:====================>              59%]
[Progress:>                             2%] [Cov:=====================>             60%]
[Progress:>                             2%] [Cov:=====================>             62%]
[Progress:>                             2%] [Cov:=====================>             61%]
[Progress:>                             2%] [Cov:=====================>             62%]
[Progress:>                             2%] [Cov:======================>            63%]
[Progress:>                             2%] [Cov:======================>            64%]
[Progress:>                             3%] [Cov:=====================>             61%]
[Progress:>                             3%] [Cov:=====================>             61%]
[Progress:>                             3%] [Cov:=====================>             62%]
[Progress:>                             3%] [Cov:======================>            63%]
[Progress:>                             3%] [Cov:======================>            64%]
[Progress:>                             3%] [Cov:=====================>             62%]
[Progress:>                             3%] [Cov:======================>            63%]
[Progress:>                             3%] [Cov:======================>            64%]
[Progress:>                             3%] [Cov:======================>            65%]
[Progress:>                             3%] [Cov:=======================>           66%]
[Progress:=>                            4%] [Cov:=====================>             62%]
[Progress:=>                            4%] [Cov:======================>            64%]
[Progress:=>                            4%] [Cov:=======================>           66%]
[Progress:=>                            4%] [Cov:=======================>           67%]
[Progress:=>                            4%] [Cov:=======================>           66%]
[Progress:=>                            4%] [Cov:=======================>           67%]
[Progress:=>                            4%] [Cov:=======================>           68%]
[Progress:=>                            4%] [Cov:=======================>           68%]
[Progress:=>                            4%] [Cov:========================>          69%]
[Progress:=>                            4%] [Cov:========================>          70%]
[Progress:=>                            4%] [Cov:========================>          70%]
[Progress:=>                            5%] [Cov:=======================>           68%]
[Progress:=>                            5%] [Cov:========================>          70%]
[Progress:=>                            5%] [Cov:========================>          71%]
[Progress:=>                            5%] [Cov:========================>          71%]
[Progress:=>                            5%] [Cov:========================>          71%]
[Progress:=>                            5%] [Cov:=========================>         72%]
[Progress:=>                            6%] [Cov:========================>          69%]
[Progress:=>                            6%] [Cov:========================>          70%]
[Progress:=>                            6%] [Cov:========================>          71%]
[Progress:=>                            6%] [Cov:=========================>         72%]
[Progress:=>                            6%] [Cov:========================>          71%]
[Progress:=>                            6%] [Cov:=========================>         72%]
[Progress:=>                            6%] [Cov:========================>          71%]
[Progress:=>                            6%] [Cov:=========================>         72%]
[Progress:=>                            6%] [Cov:=========================>         73%]
[Progress:=>                            6%] [Cov:========================>          69%]
[Progress:=>                            6%] [Cov:=========================>         72%]
[Progress:=>                            6%] [Cov:=========================>         73%]
[Progress:=>                            6%] [Cov:=========================>         74%]
[Progress:=>                            6%] [Cov:=========================>         74%]
[Progress:==>                           7%] [Cov:========================>          71%]
[Progress:==>                           7%] [Cov:=========================>         72%]
[Progress:==>                           7%] [Cov:=========================>         73%]
[Progress:==>                           7%] [Cov:=========================>         74%]
[Progress:==>                           7%] [Cov:=========================>         74%]
[Progress:==>                           7%] [Cov:=========================>         73%]
[Progress:==>                           8%] [Cov:=========================>         72%]
[Progress:==>                           8%] [Cov:=========================>         73%]
[Progress:==>                           8%] [Cov:=========================>         74%]
[Progress:==>                           8%] [Cov:=========================>         73%]
[Progress:==>                           8%] [Cov:=========================>         74%]
[Progress:==>                           8%] [Cov:==========================>        76%]
[Progress:==>                           8%] [Cov:==========================>        76%]
[Progress:==>                           8%] [Cov:==========================>        76%]
[Progress:==>                           9%] [Cov:=========================>         72%]
[Progress:==>                           9%] [Cov:=========================>         73%]
[Progress:==>                           9%] [Cov:=========================>         74%]
[Progress:==>                           9%] [Cov:==========================>        75%]
[Progress:==>                           9%] [Cov:==========================>        76%]
[Progress:==>                           9%] [Cov:==========================>        75%]
[Progress:==>                           9%] [Cov:==========================>        76%]
[Progress:==>                           9%] [Cov:==========================>        77%]
[Progress:==>                           9%] [Cov:===========================>       78%]
[Progress:===>                          10%] [Cov:=========================>         74%]
[Progress:===>                          10%] [Cov:==========================>        76%]
[Progress:===>                          10%] [Cov:==========================>        77%]
[Progress:===>                          10%] [Cov:===========================>       78%]
[Progress:===>                          10%] [Cov:===========================>       78%]
[Progress:===>                          10%] [Cov:===========================>       79%]
[Progress:===>                          10%] [Cov:===========================>       78%]
[Progress:===>                          10%] [Cov:===========================>       79%]
[Progress:===>                          10%] [Cov:===========================>       78%]
[Progress:===>                          10%] [Cov:===========================>       79%]
[Progress:===>                          11%] [Cov:===========================>       78%]
[Progress:===>                          11%] [Cov:===========================>       79%]
[Progress:===>                          11%] [Cov:===========================>       79%]
[Progress:===>                          12%] [Cov:==========================>        76%]
[Progress:===>                          12%] [Cov:==========================>        77%]
[Progress:===>                          12%] [Cov:===========================>       78%]
[Progress:===>                          12%] [Cov:===========================>       79%]
[Progress:===>                          12%] [Cov:============================>      80%]
[Progress:===>                          12%] [Cov:===========================>       79%]
[Progress:===>                          12%] [Cov:============================>      80%]
[Progress:===>                          12%] [Cov:===========================>       79%]
[Progress:===>                          12%] [Cov:============================>      80%]
[Progress:===>                          12%] [Cov:===========================>       79%]
[Progress:===>                          12%] [Cov:============================>      80%]
[Progress:===>                          13%] [Cov:==========================>        77%]
[Progress:===>                          13%] [Cov:===========================>       79%]
[Progress:===>                          13%] [Cov:===========================>       79%]
[Progress:===>                          13%] [Cov:============================>      80%]
[Progress:===>                          13%] [Cov:============================>      80%]
[Progress:====>                         14%] [Cov:============================>      80%]
[Progress:====>                         14%] [Cov:============================>      80%]
[Progress:====>                         14%] [Cov:============================>      80%]
[Progress:====>                         14%] [Cov:============================>      81%]
[Progress:====>                         14%] [Cov:===========================>       79%]
[Progress:====>                         14%] [Cov:============================>      80%]
[Progress:====>                         14%] [Cov:============================>      81%]
[Progress:====>                         15%] [Cov:===========================>       78%]
[Progress:====>                         15%] [Cov:============================>      80%]
[Progress:====>                         15%] [Cov:============================>      80%]
[Progress:====>                         15%] [Cov:============================>      81%]
[Progress:====>                         15%] [Cov:============================>      80%]
[Progress:====>                         15%] [Cov:============================>      81%]
[Progress:====>                         16%] [Cov:============================>      80%]
[Progress:====>                         16%] [Cov:============================>      81%]
[Progress:====>                         16%] [Cov:============================>      80%]
[Progress:====>                         16%] [Cov:============================>      81%]
[Progress:====>                         16%] [Cov:============================>      81%]
[Progress:====>                         16%] [Cov:============================>      81%]
[Progress:====>                         16%] [Cov:============================>      82%]
[Progress:=====>                        17%] [Cov:===========================>       78%]
[Progress:=====>                        17%] [Cov:============================>      80%]
[Progress:=====>                        17%] [Cov:============================>      81%]
[Progress:=====>                        17%] [Cov:============================>      81%]
[Progress:=====>                        17%] [Cov:============================>      82%]
[Progress:=====>                        17%] [Cov:============================>      81%]
[Progress:=====>                        18%] [Cov:============================>      81%]
[Progress:=====>                        18%] [Cov:============================>      82%]
[Progress:=====>                        18%] [Cov:============================>      81%]
[Progress:=====>                        18%] [Cov:============================>      82%]
[Progress:=====>                        18%] [Cov:============================>      81%]
[Progress:=====>                        18%] [Cov:============================>      82%]
[Progress:=====>                        18%] [Cov:============================>      81%]
[Progress:=====>                        18%] [Cov:============================>      82%]
[Progress:=====>                        19%] [Cov:============================>      82%]
[Progress:=====>                        19%] [Cov:============================>      81%]
[Progress:=====>                        19%] [Cov:============================>      82%]
[Progress:======>                       20%] [Cov:============================>      80%]
[Progress:======>                       20%] [Cov:============================>      81%]
[Progress:======>                       20%] [Cov:============================>      82%]
[Progress:======>                       20%] [Cov:============================>      81%]
[Progress:======>                       20%] [Cov:============================>      82%]
[Progress:======>                       20%] [Cov:============================>      81%]
[Progress:======>                       20%] [Cov:============================>      82%]
[Progress:======>                       20%] [Cov:=============================>     83%]
[Progress:======>                       20%] [Cov:============================>      81%]
[Progress:======>                       20%] [Cov:============================>      82%]
[Progress:======>                       20%] [Cov:=============================>     83%]
[Progress:======>                       21%] [Cov:===========================>       79%]
[Progress:======>                       21%] [Cov:============================>      81%]
[Progress:======>                       21%] [Cov:============================>      82%]
[Progress:======>                       21%] [Cov:============================>      81%]
[Progress:======>                       21%] [Cov:============================>      82%]
[Progress:======>                       21%] [Cov:=============================>     83%]
[Progress:======>                       21%] [Cov:============================>      81%]
[Progress:======>                       21%] [Cov:============================>      82%]
[Progress:======>                       22%] [Cov:============================>      81%]
[Progress:======>                       22%] [Cov:============================>      82%]
[Progress:======>                       22%] [Cov:=============================>     83%]
[Progress:======>                       22%] [Cov:============================>      81%]
[Progress:======>                       22%] [Cov:============================>      82%]
[Progress:======>                       22%] [Cov:=============================>     83%]
[Progress:======>                       22%] [Cov:============================>      81%]
[Progress:======>                       22%] [Cov:============================>      82%]
[Progress:======>                       22%] [Cov:=============================>     83%]
[Progress:======>                       23%] [Cov:============================>      80%]
[Progress:======>                       23%] [Cov:============================>      82%]
[Progress:======>                       23%] [Cov:============================>      81%]
[Progress:======>                       23%] [Cov:============================>      82%]
[Progress:======>                       23%] [Cov:=============================>     83%]
[Progress:=======>                      24%] [Cov:============================>      82%]
[Progress:=======>                      24%] [Cov:============================>      81%]
[Progress:=======>                      24%] [Cov:============================>      82%]
[Progress:=======>                      24%] [Cov:=============================>     83%]
[Progress:=======>                      24%] [Cov:============================>      81%]
[Progress:=======>                      24%] [Cov:============================>      82%]
[Progress:=======>                      24%] [Cov:=============================>     83%]
[Progress:=======>                      24%] [Cov:============================>      81%]
[Progress:=======>                      24%] [Cov:============================>      82%]
[Progress:=======>                      24%] [Cov:=============================>     83%]
[Progress:=======>                      25%] [Cov:============================>      82%]
[Progress:=======>                      26%] [Cov:============================>      82%]
[Progress:=======>                      26%] [Cov:============================>      81%]
[Progress:=======>                      26%] [Cov:============================>      82%]
[Progress:=======>                      26%] [Cov:=============================>     83%]
[Progress:=======>                      26%] [Cov:============================>      81%]
[Progress:=======>                      26%] [Cov:=============================>     83%]
[Progress:========>                     27%] [Cov:============================>      81%]
[Progress:========>                     27%] [Cov:============================>      81%]
[Progress:========>                     27%] [Cov:============================>      82%]
[Progress:========>                     27%] [Cov:=============================>     83%]
[Progress:========>                     27%] [Cov:============================>      81%]
[Progress:========>                     27%] [Cov:============================>      82%]
[Progress:========>                     27%] [Cov:=============================>     83%]
[Progress:========>                     28%] [Cov:============================>      82%]
[Progress:========>                     28%] [Cov:=============================>     83%]
[Progress:========>                     28%] [Cov:============================>      81%]
[Progress:========>                     28%] [Cov:=============================>     83%]
[Progress:========>                     28%] [Cov:=============================>     83%]
[Progress:========>                     29%] [Cov:===========================>       79%]
[Progress:========>                     29%] [Cov:============================>      81%]
[Progress:========>                     29%] [Cov:=============================>     83%]
[Progress:========>                     29%] [Cov:=============================>     83%]
[Progress:=========>                    30%] [Cov:=============================>     83%]
[Progress:=========>                    30%] [Cov:=============================>     83%]
[Progress:=========>                    30%] [Cov:=============================>     83%]
[Progress:=========>                    31%] [Cov:=============================>     83%]
[Progress:=========>                    31%] [Cov:=============================>     83%]
[Progress:=========>                    32%] [Cov:=============================>     83%]
[Progress:=========>                    32%] [Cov:=============================>     83%]
[Progress:=========>                    32%] [Cov:=============================>     84%]
[Progress:=========>                    32%] [Cov:=============================>     84%]
[Progress:=========>                    33%] [Cov:=============================>     83%]
[Progress:=========>                    33%] [Cov:=============================>     83%]
[Progress:=========>                    33%] [Cov:=============================>     84%]
[Progress:==========>                   34%] [Cov:=============================>     83%]
[Progress:==========>                   34%] [Cov:=============================>     83%]
[Progress:==========>                   34%] [Cov:=============================>     84%]
[Progress:==========>                   34%] [Cov:=============================>     83%]
[Progress:==========>                   34%] [Cov:=============================>     84%]
[Progress:==========>                   34%] [Cov:=============================>     83%]
[Progress:==========>                   34%] [Cov:=============================>     84%]
[Progress:==========>                   35%] [Cov:=============================>     83%]
[Progress:==========>                   35%] [Cov:=============================>     84%]
[Progress:==========>                   35%] [Cov:=============================>     83%]
[Progress:==========>                   35%] [Cov:=============================>     84%]
[Progress:==========>                   36%] [Cov:=============================>     84%]
[Progress:==========>                   36%] [Cov:=============================>     83%]
[Progress:==========>                   36%] [Cov:=============================>     84%]
[Progress:==========>                   36%] [Cov:=============================>     83%]
[Progress:==========>                   36%] [Cov:=============================>     84%]
[Progress:===========>                  37%] [Cov:=============================>     84%]
[Progress:===========>                  37%] [Cov:=============================>     83%]
[Progress:===========>                  37%] [Cov:=============================>     84%]
[Progress:===========>                  38%] [Cov:=============================>     83%]
[Progress:===========>                  38%] [Cov:=============================>     84%]
[Progress:===========>                  38%] [Cov:=============================>     84%]
[Progress:===========>                  38%] [Cov:=============================>     84%]
[Progress:===========>                  39%] [Cov:=============================>     84%]
[Progress:===========>                  39%] [Cov:=============================>     84%]
[Progress:============>                 40%] [Cov:============================>      81%]
[Progress:============>                 40%] [Cov:=============================>     83%]
[Progress:============>                 40%] [Cov:=============================>     84%]
[Progress:============>                 40%] [Cov:=============================>     84%]
[Progress:============>                 40%] [Cov:=============================>     84%]
[Progress:============>                 41%] [Cov:=============================>     84%]
[Progress:============>                 41%] [Cov:=============================>     85%]
[Progress:============>                 41%] [Cov:=============================>     84%]
[Progress:============>                 42%] [Cov:=============================>     84%]
[Progress:============>                 42%] [Cov:=============================>     85%]
[Progress:============>                 42%] [Cov:=============================>     84%]
[Progress:============>                 42%] [Cov:=============================>     84%]
[Progress:============>                 42%] [Cov:=============================>     85%]
[Progress:============>                 43%] [Cov:============================>      81%]
[Progress:============>                 43%] [Cov:=============================>     84%]
[Progress:============>                 43%] [Cov:=============================>     84%]
[Progress:============>                 43%] [Cov:=============================>     85%]
[Progress:=============>                44%] [Cov:=============================>     84%]
[Progress:=============>                44%] [Cov:=============================>     85%]
[Progress:=============>                44%] [Cov:=============================>     85%]
[Progress:=============>                45%] [Cov:=============================>     84%]
[Progress:=============>                45%] [Cov:=============================>     85%]
[Progress:=============>                46%] [Cov:=============================>     84%]
[Progress:=============>                46%] [Cov:=============================>     85%]
[Progress:=============>                46%] [Cov:=============================>     85%]
[Progress:=============>                46%] [Cov:=============================>     85%]
[Progress:==============>               47%] [Cov:=============================>     85%]
[Progress:==============>               47%] [Cov:=============================>     85%]
[Progress:==============>               48%] [Cov:=============================>     85%]
[Progress:==============>               48%] [Cov:=============================>     85%]
[Progress:==============>               48%] [Cov:=============================>     85%]
[Progress:==============>               49%] [Cov:=============================>     85%]
[Progress:===============>              50%] [Cov:=============================>     85%]
[Progress:===============>              50%] [Cov:=============================>     85%]
[Progress:===============>              50%] [Cov:=============================>     85%]
[Progress:===============>              51%] [Cov:=============================>     84%]
[Progress:===============>              51%] [Cov:=============================>     85%]
[Progress:===============>              51%] [Cov:=============================>     85%]
[Progress:===============>              52%] [Cov:=============================>     85%]
[Progress:===============>              52%] [Cov:=============================>     85%]
[Progress:===============>              52%] [Cov:=============================>     85%]
[Progress:===============>              53%] [Cov:=============================>     85%]
[Progress:================>             54%] [Cov:=============================>     85%]
[Progress:================>             54%] [Cov:=============================>     85%]
[Progress:================>             54%] [Cov:=============================>     85%]
[Progress:================>             55%] [Cov:=============================>     85%]
[Progress:================>             56%] [Cov:=============================>     85%]
[Progress:================>             56%] [Cov:=============================>     85%]
[Progress:================>             56%] [Cov:=============================>     85%]
[Progress:=================>            57%] [Cov:=============================>     85%]
[Progress:=================>            57%] [Cov:=============================>     85%]
[Progress:=================>            58%] [Cov:=============================>     84%]
[Progress:=================>            58%] [Cov:=============================>     85%]
[Progress:=================>            58%] [Cov:=============================>     85%]
[Progress:=================>            59%] [Cov:=============================>     85%]
[Progress:=================>            59%] [Cov:=============================>     85%]
[Progress:==================>           60%] [Cov:=============================>     85%]
[Progress:==================>           60%] [Cov:==============================>    86%]
[Progress:==================>           60%] [Cov:=============================>     85%]
[Progress:==================>           61%] [Cov:=============================>     85%]
[Progress:==================>           61%] [Cov:==============================>    86%]
[Progress:==================>           62%] [Cov:=============================>     85%]
[Progress:==================>           62%] [Cov:=============================>     85%]
[Progress:==================>           62%] [Cov:==============================>    86%]
[Progress:==================>           62%] [Cov:=============================>     85%]
[Progress:==================>           62%] [Cov:==============================>    86%]
[Progress:==================>           63%] [Cov:=============================>     85%]
[Progress:===================>          64%] [Cov:=============================>     85%]
[Progress:===================>          64%] [Cov:=============================>     85%]
[Progress:===================>          64%] [Cov:==============================>    86%]
[Progress:===================>          65%] [Cov:=============================>     85%]
[Progress:===================>          65%] [Cov:=============================>     85%]
[Progress:===================>          65%] [Cov:==============================>    86%]
[Progress:===================>          66%] [Cov:=============================>     84%]
[Progress:===================>          66%] [Cov:=============================>     85%]
[Progress:===================>          66%] [Cov:==============================>    86%]
[Progress:===================>          66%] [Cov:=============================>     85%]
[Progress:===================>          66%] [Cov:==============================>    86%]
[Progress:====================>         67%] [Cov:============================>      81%]
[Progress:====================>         67%] [Cov:============================>      82%]
[Progress:====================>         67%] [Cov:=============================>     84%]
[Progress:====================>         67%] [Cov:==============================>    86%]
[Progress:====================>         67%] [Cov:=============================>     85%]
[Progress:====================>         67%] [Cov:==============================>    86%]
[Progress:====================>         68%] [Cov:=============================>     85%]
[Progress:====================>         68%] [Cov:==============================>    86%]
[Progress:====================>         68%] [Cov:=============================>     85%]
[Progress:====================>         68%] [Cov:==============================>    86%]
[Progress:====================>         69%] [Cov:=============================>     85%]
[Progress:====================>         69%] [Cov:==============================>    86%]
[Progress:====================>         69%] [Cov:=============================>     85%]
[Progress:====================>         69%] [Cov:==============================>    86%]
[Progress:=====================>        70%] [Cov:=============================>     85%]
[Progress:=====================>        70%] [Cov:==============================>    86%]
[Progress:=====================>        70%] [Cov:=============================>     85%]
[Progress:=====================>        70%] [Cov:==============================>    86%]
[Progress:=====================>        70%] [Cov:==============================>    86%]
[Progress:=====================>        71%] [Cov:==============================>    86%]
[Progress:=====================>        72%] [Cov:=============================>     85%]
[Progress:=====================>        72%] [Cov:==============================>    86%]
[Progress:=====================>        72%] [Cov:==============================>    86%]
[Progress:=====================>        73%] [Cov:=============================>     85%]
[Progress:=====================>        73%] [Cov:==============================>    86%]
[Progress:=====================>        73%] [Cov:==============================>    86%]
[Progress:======================>       74%] [Cov:=============================>     85%]
[Progress:======================>       74%] [Cov:==============================>    86%]
[Progress:======================>       74%] [Cov:==============================>    86%]
[Progress:======================>       75%] [Cov:==============================>    86%]
[Progress:======================>       75%] [Cov:==============================>    86%]
[Progress:======================>       76%] [Cov:============================>      82%]
[Progress:======================>       76%] [Cov:=============================>     83%]
[Progress:======================>       76%] [Cov:==============================>    86%]
[Progress:======================>       76%] [Cov:==============================>    86%]
[Progress:=======================>      77%] [Cov:=============================>     85%]
[Progress:=======================>      77%] [Cov:==============================>    86%]
[Progress:=======================>      78%] [Cov:==============================>    86%]
[Progress:=======================>      78%] [Cov:==============================>    86%]
[Progress:=======================>      79%] [Cov:==============================>    86%]
[Progress:=======================>      79%] [Cov:==============================>    86%]
[Progress:========================>     80%] [Cov:==============================>    86%]
[Progress:========================>     80%] [Cov:==============================>    86%]
[Progress:========================>     80%] [Cov:==============================>    87%]
[Progress:========================>     81%] [Cov:==============================>    86%]
[Progress:========================>     81%] [Cov:==============================>    87%]
[Progress:========================>     82%] [Cov:==============================>    86%]
[Progress:========================>     82%] [Cov:==============================>    87%]
[Progress:========================>     83%] [Cov:==============================>    86%]
[Progress:========================>     83%] [Cov:==============================>    87%]
[Progress:=========================>    84%] [Cov:==============================>    86%]
[Progress:=========================>    84%] [Cov:==============================>    87%]
[Progress:=========================>    84%] [Cov:==============================>    87%]
[Progress:=========================>    85%] [Cov:=============================>     85%]
[Progress:=========================>    85%] [Cov:==============================>    87%]
[Progress:=========================>    85%] [Cov:==============================>    87%]
[Progress:=========================>    86%] [Cov:==============================>    87%]
[Progress:=========================>    86%] [Cov:==============================>    87%]
[Progress:==========================>   87%] [Cov:==============================>    86%]
[Progress:==========================>   87%] [Cov:==============================>    87%]
[Progress:==========================>   88%] [Cov:==============================>    87%]
[Progress:==========================>   88%] [Cov:==============================>    87%]
[Progress:==========================>   88%] [Cov:==============================>    87%]
[Progress:==========================>   89%] [Cov:=============================>     83%]
[Progress:==========================>   89%] [Cov:=============================>     84%]
[Progress:==========================>   89%] [Cov:==============================>    87%]
[Progress:==========================>   89%] [Cov:==============================>    88%]
[Progress:==========================>   89%] [Cov:==============================>    87%]
[Progress:==========================>   89%] [Cov:==============================>    88%]
[Progress:===========================>  90%] [Cov:==============================>    86%]
[Progress:===========================>  90%] [Cov:==============================>    87%]
[Progress:===========================>  90%] [Cov:==============================>    87%]
[Progress:===========================>  90%] [Cov:==============================>    88%]
[Progress:===========================>  91%] [Cov:==============================>    86%]
[Progress:===========================>  91%] [Cov:==============================>    87%]
[Progress:===========================>  91%] [Cov:==============================>    88%]
[Progress:===========================>  91%] [Cov:==============================>    87%]
[Progress:===========================>  91%] [Cov:==============================>    88%]
[Progress:===========================>  92%] [Cov:===========================>       78%]
[Progress:===========================>  92%] [Cov:=============================>     85%]
[Progress:===========================>  92%] [Cov:==============================>    87%]
[Progress:===========================>  92%] [Cov:==============================>    88%]
[Progress:===========================>  92%] [Cov:==============================>    87%]
[Progress:===========================>  92%] [Cov:==============================>    88%]
[Progress:===========================>  93%] [Cov:==============================>    87%]
[Progress:===========================>  93%] [Cov:==============================>    88%]
[Progress:============================> 94%] [Cov:==============================>    87%]
[Progress:============================> 94%] [Cov:==============================>    87%]
[Progress:============================> 94%] [Cov:==============================>    88%]
[Progress:============================> 94%] [Cov:==============================>    87%]
[Progress:============================> 94%] [Cov:==============================>    88%]
[Progress:============================> 95%] [Cov:==============================>    87%]
[Progress:============================> 95%] [Cov:==============================>    88%]
[Progress:============================> 96%] [Cov:==============================>    87%]
[Progress:============================> 96%] [Cov:==============================>    88%]
[Progress:============================> 96%] [Cov:==============================>    88%]
[Progress:============================> 96%] [Cov:==============================>    87%]
[Progress:============================> 96%] [Cov:==============================>    88%]
[Progress:=============================>97%] [Cov:==============================>    87%]
[Progress:=============================>97%] [Cov:==============================>    88%]
[Progress:=============================>97%] [Cov:==============================>    87%]
[Progress:=============================>97%] [Cov:==============================>    88%]
[Progress:=============================>98%] [Cov:==============================>    88%]
[Progress:=============================>98%] [Cov:==============================>    88%]
[Progress:=============================>98%] [Cov:==============================>    88%]
[Progress:=============================>99%] [Cov:==============================>    88%]
[Progress:=============================>99%] [Cov:==============================>    88%]
[Progress:==============================100%] [Cov:==============================>    88%]
[Progress:==============================100%] [Cov:==============================>    88%]
[Progress:==============================100%] [Cov:==============================>    88%]
* Search finished after 152s and 151 generations, 25827 statements, best individual has fitness: 100.06111111063379
* Minimizing test suite
* Going to analyze the coverage criteria
* Coverage analysis for criterion LINE
* Coverage of criterion LINE: 95%
* Total number of goals: 83
* Number of covered goals: 79
* Coverage analysis for criterion BRANCH
* Coverage of criterion BRANCH: 90%
* Total number of goals: 70
* Number of covered goals: 63
* Coverage analysis for criterion EXCEPTION
* Coverage of criterion EXCEPTION: 60%
* Total number of goals: 10
* Number of covered goals: 6
* Coverage analysis for criterion WEAKMUTATION
* Coverage of criterion WEAKMUTATION: 91%
* Total number of goals: 370
* Number of covered goals: 336
* Coverage analysis for criterion OUTPUT
* Coverage of criterion OUTPUT: 48%
* Total number of goals: 87
* Number of covered goals: 42
* Coverage analysis for criterion METHOD
* Coverage of criterion METHOD: 100%
* Total number of goals: 17
* Number of covered goals: 17
* Coverage analysis for criterion METHODNOEXCEPTION
* Coverage of criterion METHODNOEXCEPTION: 100%
* Total number of goals: 17
* Number of covered goals: 17
* Coverage analysis for criterion CBRANCH
* Coverage of criterion CBRANCH: 89%
* Total number of goals: 70
* Number of covered goals: 62
* Generated 35 tests with total length 59
* Resulting test suite's coverage: 89% (average coverage for all fitness functions)
* Generating assertions
* Resulting test suite's mutation score: 55%
* Compiling and checking tests
* Writing tests to file
* Writing JUnit test case 'JsonPointer_ESTest' to evosuite-tests
* Done!

* Computation finished

