CMD: /usr/lib/jvm/java-8-openjdk-amd64/bin/java -Dtools_jar_location=/usr/lib/jvm/java-8-openjdk-amd64/lib/tools.jar -jar /home/pizza/evosuite/evosuite-1.2.0.jar -generateSuite -class com.fasterxml.jackson.databind.ser.BeanPropertyWriter -projectCP /home/pizza/evosuite/Test/JacksonDatabind-26b/target/classes:/home/pizza/defects4j/framework/projects/JacksonDatabind/lib/com/fasterxml/jackson/core/jackson-annotations/2.6.0/jackson-annotations-2.6.0.jar:/home/pizza/defects4j/framework/projects/JacksonDatabind/lib/com/fasterxml/jackson/core/jackson-core/2.6.1/jackson-core-2.6.1.jar -base_dir /home/pizza/evosuite/results/project-JacksonDatabind/JacksonDatabind-26/round02/evosuite-work -seed 11 -Dalgorithm=NSGAII -Dsearch_budget=150 -Dtest_format=JUNIT4 -Dassertions=true

* EvoSuite 1.2.0
* Going to generate test cases for class: com.fasterxml.jackson.databind.ser.BeanPropertyWriter
* Starting Client-0
* Connecting to master process on port 8220
* Analyzing classpath: 
  - /home/pizza/evosuite/Test/JacksonDatabind-26b/target/classes
  - /home/pizza/defects4j/framework/projects/JacksonDatabind/lib/com/fasterxml/jackson/core/jackson-annotations/2.6.0/jackson-annotations-2.6.0.jar
  - /home/pizza/defects4j/framework/projects/JacksonDatabind/lib/com/fasterxml/jackson/core/jackson-core/2.6.1/jackson-core-2.6.1.jar
* Finished analyzing classpath
* Generating tests for class com.fasterxml.jackson.databind.ser.BeanPropertyWriter
* Test criteria:
  - Line Coverage
  - Branch Coverage
  - Exception
  - Mutation testing (weak)
  - Method-Output Coverage
  - Top-Level Method Coverage
  - No-Exception Top-Level Method Coverage
  - Context Branch Coverage
* Setting up search algorithm for whole suite generation
* Total number of test goals: 
  - Line 265
  - Branch 170
  - Exception 0
  - MutationFactory 354
  - Output 222
  - Method 51
  - MethodNoException 51
  - CBranchFitnessFactory 170

[Progress:>                             0%] [Cov:>                                  0%]* Using seed 11
* Starting evolution
[MASTER] 07:00:00.713 [logback-1] WARN  TestCluster - Failed to check cache for java.util.HashMap<K, V> : Type points to itself
[MASTER] 07:00:00.903 [logback-1] WARN  TestCluster - Failed to check cache for java.util.Stack<E> : Type points to itself

[Progress:>                             2%] [Cov:>                                  0%]
[Progress:>                             2%] [Cov:=>                                 3%]
[Progress:>                             2%] [Cov:=>                                 4%]
[Progress:>                             2%] [Cov:=====>                             17%]
[Progress:>                             2%] [Cov:======>                            18%]
[Progress:>                             2%] [Cov:=======>                           21%]
[Progress:>                             2%] [Cov:========>                          23%]
[Progress:>                             3%] [Cov:======>                            18%]
[Progress:>                             3%] [Cov:========>                          24%][MASTER] 07:00:05.564 [logback-1] WARN  TestCluster - Failed to check cache for com.fasterxml.jackson.databind.JsonSerializer<T> : Type points to itself
[MASTER] 07:00:05.685 [logback-1] WARN  TestCluster - Failed to check cache for com.fasterxml.jackson.annotation.ObjectIdGenerator<T> : Type points to itself

[Progress:=>                            4%] [Cov:======>                            18%]
[Progress:=>                            4%] [Cov:=======>                           21%]
[Progress:=>                            4%] [Cov:========>                          23%]
[Progress:=>                            4%] [Cov:========>                          24%]
[Progress:=>                            4%] [Cov:========>                          25%]
[Progress:=>                            4%] [Cov:========>                          25%]
[Progress:=>                            4%] [Cov:=========>                         26%][MASTER] 07:00:08.280 [logback-1] WARN  TestChromosome - Functional mock problem: org.evosuite.ga.ConstructionFailedException: Invalid generic instance

[Progress:=>                            5%] [Cov:======>                            19%]
[Progress:=>                            5%] [Cov:=======>                           21%]
[Progress:=>                            5%] [Cov:=======>                           22%]
[Progress:=>                            5%] [Cov:========>                          23%]
[Progress:=>                            5%] [Cov:========>                          25%][MASTER] 07:00:08.536 [logback-1] WARN  TestChromosome - Functional mock problem: org.evosuite.ga.ConstructionFailedException: Failed to add constructor for com.fasterxml.jackson.databind.ser.PropertyBuilder due to org.evosuite.ga.ConstructionFailedException: Max recursion depth reached

[Progress:=>                            5%] [Cov:========>                          25%][MASTER] 07:00:08.952 [logback-1] WARN  TestChromosome - Functional mock problem: org.evosuite.ga.ConstructionFailedException: Failed to add constructor for com.fasterxml.jackson.databind.DeserializationConfig due to org.evosuite.ga.ConstructionFailedException: Failed to add constructor for com.fasterxml.jackson.databind.cfg.BaseSettings due to org.evosuite.ga.ConstructionFailedException: Invalid generic instance

[Progress:=>                            5%] [Cov:=========>                         26%]
[Progress:=>                            5%] [Cov:=========>                         27%][MASTER] 07:00:09.331 [logback-1] WARN  TestCluster - Failed to check cache for com.fasterxml.jackson.databind.JsonDeserializer<T> : Type points to itself

[Progress:=>                            6%] [Cov:=======>                           21%]
[Progress:=>                            6%] [Cov:========>                          23%]
[Progress:=>                            6%] [Cov:========>                          24%]
[Progress:=>                            6%] [Cov:========>                          25%]
[Progress:=>                            6%] [Cov:=========>                         26%][MASTER] 07:00:09.535 [logback-1] WARN  TestChromosome - Functional mock problem: org.evosuite.ga.ConstructionFailedException: Failed to add constructor for com.fasterxml.jackson.databind.SerializationConfig due to org.evosuite.ga.ConstructionFailedException: Failed to add constructor for com.fasterxml.jackson.databind.cfg.BaseSettings due to org.evosuite.ga.ConstructionFailedException: Max recursion depth reached

[Progress:=>                            6%] [Cov:========>                          25%]
[Progress:=>                            6%] [Cov:=========>                         27%][MASTER] 07:00:10.019 [logback-1] WARN  TestCluster - Failed to check cache for java.util.HashSet<E> : Type points to itself
[MASTER] 07:00:10.239 [logback-1] WARN  TestChromosome - Functional mock problem: org.evosuite.ga.ConstructionFailedException: Failed to add constructor for com.fasterxml.jackson.databind.SerializationConfig due to org.evosuite.ga.ConstructionFailedException: Failed to add constructor for com.fasterxml.jackson.databind.cfg.BaseSettings due to org.evosuite.ga.ConstructionFailedException: Invalid generic instance

[Progress:=>                            6%] [Cov:=========>                         26%]
[Progress:=>                            6%] [Cov:=========>                         27%]
[Progress:=>                            6%] [Cov:=========>                         28%][MASTER] 07:00:10.961 [logback-1] WARN  TestChromosome - Functional mock problem: org.evosuite.ga.ConstructionFailedException: Failed to add constructor for com.fasterxml.jackson.databind.ser.BeanSerializerBuilder due to org.evosuite.ga.ConstructionFailedException: Failed to add constructor for com.fasterxml.jackson.databind.ser.BeanSerializerBuilder due to org.evosuite.ga.ConstructionFailedException: Invalid generic instance
[MASTER] 07:00:11.013 [logback-1] WARN  TestChromosome - Functional mock problem: org.evosuite.ga.ConstructionFailedException: Failed to add constructor for com.fasterxml.jackson.databind.deser.CreatorProperty due to org.evosuite.ga.ConstructionFailedException: Failed to add constructor for com.fasterxml.jackson.databind.jsontype.impl.AsPropertyTypeDeserializer due to org.evosuite.ga.ConstructionFailedException: Invalid generic instance

[Progress:=>                            6%] [Cov:==========>                        29%][MASTER] 07:00:11.292 [logback-1] WARN  TestChromosome - Functional mock problem: org.evosuite.ga.ConstructionFailedException: Failed to add constructor for com.fasterxml.jackson.databind.DeserializationConfig due to org.evosuite.ga.ConstructionFailedException: Failed to add constructor for com.fasterxml.jackson.databind.cfg.BaseSettings due to org.evosuite.ga.ConstructionFailedException: Max recursion depth reached

[Progress:==>                           7%] [Cov:========>                          25%]
[Progress:==>                           7%] [Cov:=========>                         26%]
[Progress:==>                           7%] [Cov:=========>                         27%]
[Progress:==>                           7%] [Cov:==========>                        29%][MASTER] 07:00:12.310 [logback-1] WARN  TestCluster - Failed to check cache for java.util.ArrayDeque<E> : Type points to itself

[Progress:==>                           8%] [Cov:=========>                         27%]
[Progress:==>                           8%] [Cov:==========>                        29%]
[Progress:==>                           8%] [Cov:==========>                        29%]
[Progress:==>                           8%] [Cov:==========>                        30%][MASTER] 07:00:13.208 [logback-1] WARN  TestChromosome - Functional mock problem: org.evosuite.ga.ConstructionFailedException: Failed to add constructor for com.fasterxml.jackson.databind.deser.CreatorProperty due to org.evosuite.ga.ConstructionFailedException: Failed to add constructor for com.fasterxml.jackson.databind.DeserializationConfig due to org.evosuite.ga.ConstructionFailedException: Failed to add constructor for com.fasterxml.jackson.databind.cfg.BaseSettings due to org.evosuite.ga.ConstructionFailedException: Max recursion depth reached
[MASTER] 07:00:13.345 [logback-1] WARN  TestChromosome - Functional mock problem: org.evosuite.ga.ConstructionFailedException: Failed to add constructor for com.fasterxml.jackson.databind.ser.BeanSerializerBuilder due to org.evosuite.ga.ConstructionFailedException: Failed to add constructor for com.fasterxml.jackson.databind.SerializationConfig due to org.evosuite.ga.ConstructionFailedException: Failed to add constructor for com.fasterxml.jackson.databind.cfg.BaseSettings due to org.evosuite.ga.ConstructionFailedException: Invalid generic instance

[Progress:==>                           8%] [Cov:==========>                        31%][MASTER] 07:00:13.857 [logback-1] WARN  TestChromosome - Functional mock problem: org.evosuite.ga.ConstructionFailedException: Max recursion depth reached

[Progress:==>                           8%] [Cov:==========>                        30%][MASTER] 07:00:14.165 [logback-1] WARN  TestChromosome - Functional mock problem: org.evosuite.ga.ConstructionFailedException: Failed to add constructor for com.fasterxml.jackson.databind.ser.PropertyBuilder due to org.evosuite.ga.ConstructionFailedException: Failed to add constructor for com.fasterxml.jackson.databind.SerializationConfig due to org.evosuite.ga.ConstructionFailedException: Failed to add constructor for com.fasterxml.jackson.databind.cfg.BaseSettings due to org.evosuite.ga.ConstructionFailedException: Max recursion depth reached

[Progress:==>                           9%] [Cov:=========>                         27%]
[Progress:==>                           9%] [Cov:==========>                        29%]
[Progress:==>                           9%] [Cov:==========>                        30%]
[Progress:==>                           9%] [Cov:==========>                        31%][MASTER] 07:00:14.691 [logback-1] WARN  TestChromosome - Functional mock problem: org.evosuite.ga.ConstructionFailedException: Failed to add constructor for com.fasterxml.jackson.databind.SerializationConfig due to org.evosuite.ga.ConstructionFailedException: Failed to add constructor for com.fasterxml.jackson.databind.introspect.SimpleMixInResolver due to org.evosuite.ga.ConstructionFailedException: Failed to add constructor for com.fasterxml.jackson.databind.DeserializationConfig due to org.evosuite.ga.ConstructionFailedException: Max recursion depth reached
[MASTER] 07:00:14.819 [logback-1] WARN  TestChromosome - Functional mock problem: org.evosuite.ga.ConstructionFailedException: Failed to add constructor for com.fasterxml.jackson.databind.DeserializationConfig due to org.evosuite.ga.ConstructionFailedException: Max recursion depth reached

[Progress:==>                           9%] [Cov:===========>                       32%]
[Progress:==>                           9%] [Cov:===========>                       32%]
[Progress:===>                          10%] [Cov:=========>                         28%]
[Progress:===>                          10%] [Cov:==========>                        29%]
[Progress:===>                          10%] [Cov:==========>                        31%]
[Progress:===>                          10%] [Cov:===========>                       32%][MASTER] 07:00:16.325 [logback-1] WARN  TestChromosome - Functional mock problem: org.evosuite.ga.ConstructionFailedException: Failed to add constructor for com.fasterxml.jackson.databind.introspect.SimpleMixInResolver due to org.evosuite.ga.ConstructionFailedException: Failed to add constructor for com.fasterxml.jackson.databind.DeserializationConfig due to org.evosuite.ga.ConstructionFailedException: Failed to add constructor for com.fasterxml.jackson.databind.cfg.BaseSettings due to org.evosuite.ga.ConstructionFailedException: Max recursion depth reached
[MASTER] 07:00:16.434 [logback-1] WARN  TestChromosome - Functional mock problem: org.evosuite.ga.ConstructionFailedException: Have no generator for class com.fasterxml.jackson.databind.introspect.BasicClassIntrospector canUseFunctionalMocks=false, canBeMocked: true
[MASTER] 07:00:16.438 [logback-1] WARN  TestChromosome - Functional mock problem: org.evosuite.ga.ConstructionFailedException: Failed to add constructor for com.fasterxml.jackson.databind.ser.BeanSerializerBuilder due to org.evosuite.ga.ConstructionFailedException: Invalid generic instance

[Progress:===>                          10%] [Cov:===========>                       32%]
[Progress:===>                          11%] [Cov:====>                              14%]
[Progress:===>                          11%] [Cov:==========>                        31%]
[Progress:===>                          11%] [Cov:===========>                       32%]
[Progress:===>                          11%] [Cov:===========>                       33%]
[Progress:===>                          11%] [Cov:===========>                       32%]
[Progress:===>                          11%] [Cov:===========>                       33%]
[Progress:===>                          11%] [Cov:===========>                       34%]
[Progress:===>                          12%] [Cov:==========>                        31%]
[Progress:===>                          12%] [Cov:===========>                       32%]
[Progress:===>                          12%] [Cov:===========>                       33%]
[Progress:===>                          12%] [Cov:===========>                       34%][MASTER] 07:00:18.744 [logback-1] WARN  TestChromosome - Functional mock problem: org.evosuite.ga.ConstructionFailedException: Failed to add constructor for com.fasterxml.jackson.databind.SerializationConfig due to org.evosuite.ga.ConstructionFailedException: Failed to add constructor for com.fasterxml.jackson.databind.introspect.SimpleMixInResolver due to org.evosuite.ga.ConstructionFailedException: Max recursion depth reached

[Progress:===>                          12%] [Cov:============>                      35%][MASTER] 07:00:19.222 [logback-1] WARN  TestChromosome - Functional mock problem: org.evosuite.ga.ConstructionFailedException: Failed to add constructor for com.fasterxml.jackson.databind.ser.BeanSerializerBuilder due to org.evosuite.ga.ConstructionFailedException: No generators of type com.fasterxml.jackson.annotation.ObjectIdGenerator<java.lang.annotation.Annotation>

[Progress:===>                          12%] [Cov:===========>                       34%]
[Progress:===>                          12%] [Cov:============>                      35%][MASTER] 07:00:20.158 [logback-1] WARN  TestChromosome - Functional mock problem: org.evosuite.ga.ConstructionFailedException: Failed to add constructor for com.fasterxml.jackson.databind.ser.BeanSerializerBuilder due to org.evosuite.ga.ConstructionFailedException: Failed to add constructor for com.fasterxml.jackson.databind.DeserializationConfig due to org.evosuite.ga.ConstructionFailedException: Max recursion depth reached

[Progress:===>                          13%] [Cov:===========>                       33%]
[Progress:===>                          13%] [Cov:===========>                       34%]
[Progress:===>                          13%] [Cov:============>                      35%]
[Progress:===>                          13%] [Cov:============>                      35%]
[Progress:====>                         14%] [Cov:==========>                        30%]
[Progress:====>                         14%] [Cov:===========>                       34%]
[Progress:====>                         14%] [Cov:============>                      35%]
[Progress:====>                         14%] [Cov:============>                      36%]
[Progress:====>                         14%] [Cov:============>                      37%]
[Progress:====>                         14%] [Cov:=============>                     38%]
[Progress:====>                         14%] [Cov:=============>                     39%]
[Progress:====>                         14%] [Cov:=============>                     39%]
[Progress:====>                         15%] [Cov:=============>                     39%]
[Progress:====>                         15%] [Cov:=============>                     39%]
[Progress:====>                         16%] [Cov:===========>                       33%]
[Progress:====>                         16%] [Cov:============>                      36%]
[Progress:====>                         16%] [Cov:=============>                     38%][MASTER] 07:00:24.741 [logback-1] WARN  TestChromosome - Functional mock problem: org.evosuite.ga.ConstructionFailedException: Failed to add constructor for com.fasterxml.jackson.databind.DeserializationConfig due to org.evosuite.ga.ConstructionFailedException: Failed to add constructor for com.fasterxml.jackson.databind.introspect.SimpleMixInResolver due to org.evosuite.ga.ConstructionFailedException: Failed to add constructor for com.fasterxml.jackson.databind.SerializationConfig due to org.evosuite.ga.ConstructionFailedException: Max recursion depth reached

[Progress:====>                         16%] [Cov:=============>                     39%][MASTER] 07:00:25.684 [logback-1] WARN  TestCluster - Failed to check cache for java.util.LinkedHashSet<E> : Type points to itself

[Progress:====>                         16%] [Cov:=============>                     39%]
[Progress:=====>                        17%] [Cov:============>                      36%]
[Progress:=====>                        17%] [Cov:=============>                     39%]
[Progress:=====>                        18%] [Cov:============>                      35%]
[Progress:=====>                        18%] [Cov:============>                      36%]
[Progress:=====>                        18%] [Cov:=============>                     39%]
[Progress:=====>                        18%] [Cov:=============>                     39%]
[Progress:=====>                        18%] [Cov:=============>                     39%]
[Progress:=====>                        19%] [Cov:=============>                     39%]
[Progress:=====>                        19%] [Cov:==============>                    40%]
[Progress:======>                       20%] [Cov:=============>                     38%]
[Progress:======>                       20%] [Cov:=============>                     39%]
[Progress:======>                       20%] [Cov:==============>                    40%]
[Progress:======>                       21%] [Cov:=============>                     39%][MASTER] 07:00:32.493 [logback-1] WARN  TestChromosome - Functional mock problem: org.evosuite.ga.ConstructionFailedException: Failed to add constructor for com.fasterxml.jackson.databind.ser.BeanSerializerBuilder due to org.evosuite.ga.ConstructionFailedException: Failed to add constructor for com.fasterxml.jackson.databind.DeserializationConfig due to org.evosuite.ga.ConstructionFailedException: Failed to add constructor for com.fasterxml.jackson.databind.cfg.BaseSettings due to org.evosuite.ga.ConstructionFailedException: Invalid generic instance

[Progress:======>                       21%] [Cov:==============>                    40%]
[Progress:======>                       22%] [Cov:=============>                     39%]
[Progress:======>                       22%] [Cov:==============>                    40%]
[Progress:======>                       22%] [Cov:==============>                    41%]
[Progress:======>                       22%] [Cov:==============>                    40%]
[Progress:======>                       22%] [Cov:==============>                    41%]
[Progress:======>                       23%] [Cov:==============>                    40%]
[Progress:======>                       23%] [Cov:==============>                    41%]
[Progress:======>                       23%] [Cov:==============>                    42%]
[Progress:======>                       23%] [Cov:==============>                    42%]
[Progress:=======>                      24%] [Cov:==============>                    40%]
[Progress:=======>                      24%] [Cov:==============>                    41%]
[Progress:=======>                      24%] [Cov:==============>                    42%]
[Progress:=======>                      24%] [Cov:==============>                    42%][MASTER] 07:00:37.365 [logback-1] WARN  TestChromosome - Functional mock problem: org.evosuite.ga.ConstructionFailedException: Failed to add constructor for com.fasterxml.jackson.databind.ObjectMapper due to org.evosuite.ga.ConstructionFailedException: Max recursion depth reached

[Progress:=======>                      24%] [Cov:===============>                   43%]
[Progress:=======>                      24%] [Cov:===============>                   44%]
[Progress:=======>                      25%] [Cov:=============>                     39%]
[Progress:=======>                      25%] [Cov:==============>                    40%]
[Progress:=======>                      25%] [Cov:==============>                    41%]
[Progress:=======>                      25%] [Cov:==============>                    42%]
[Progress:=======>                      25%] [Cov:===============>                   43%]
[Progress:=======>                      25%] [Cov:===============>                   44%]
[Progress:=======>                      25%] [Cov:===============>                   44%]
[Progress:=======>                      26%] [Cov:===============>                   44%]
[Progress:=======>                      26%] [Cov:===============>                   44%]
[Progress:========>                     27%] [Cov:==============>                    40%]
[Progress:========>                     27%] [Cov:==============>                    41%]
[Progress:========>                     27%] [Cov:===============>                   44%]
[Progress:========>                     28%] [Cov:==============>                    42%]
[Progress:========>                     28%] [Cov:===============>                   43%]
[Progress:========>                     28%] [Cov:===============>                   44%]
[Progress:========>                     28%] [Cov:===============>                   44%]
[Progress:========>                     29%] [Cov:===============>                   43%]
[Progress:========>                     29%] [Cov:===============>                   44%]
[Progress:========>                     29%] [Cov:===============>                   45%]
[Progress:=========>                    30%] [Cov:===============>                   44%]
[Progress:=========>                    30%] [Cov:===============>                   45%]
[Progress:=========>                    31%] [Cov:===============>                   44%]
[Progress:=========>                    31%] [Cov:===============>                   45%]
[Progress:=========>                    32%] [Cov:===============>                   44%]
[Progress:=========>                    32%] [Cov:===============>                   45%]
[Progress:=========>                    32%] [Cov:===============>                   45%]
[Progress:=========>                    33%] [Cov:===============>                   44%]
[Progress:=========>                    33%] [Cov:===============>                   45%]
[Progress:==========>                   34%] [Cov:===============>                   44%]
[Progress:==========>                   34%] [Cov:===============>                   45%]
[Progress:==========>                   34%] [Cov:===============>                   45%]
[Progress:==========>                   34%] [Cov:================>                  46%]
[Progress:==========>                   35%] [Cov:===============>                   43%]
[Progress:==========>                   35%] [Cov:===============>                   44%]
[Progress:==========>                   35%] [Cov:===============>                   45%]
[Progress:==========>                   35%] [Cov:===============>                   45%]
[Progress:==========>                   35%] [Cov:================>                  46%]
[Progress:==========>                   36%] [Cov:===============>                   44%]
[Progress:==========>                   36%] [Cov:===============>                   45%]
[Progress:==========>                   36%] [Cov:===============>                   45%]
[Progress:==========>                   36%] [Cov:================>                  46%]
[Progress:===========>                  37%] [Cov:===============>                   44%]
[Progress:===========>                  37%] [Cov:===============>                   45%]
[Progress:===========>                  37%] [Cov:================>                  46%]
[Progress:===========>                  37%] [Cov:================>                  47%]
[Progress:===========>                  37%] [Cov:===============>                   45%]
[Progress:===========>                  37%] [Cov:================>                  46%]
[Progress:===========>                  38%] [Cov:================>                  46%]
[Progress:===========>                  38%] [Cov:================>                  47%]
[Progress:===========>                  38%] [Cov:================>                  46%]
[Progress:===========>                  38%] [Cov:================>                  47%]
[Progress:===========>                  39%] [Cov:===============>                   44%]
[Progress:===========>                  39%] [Cov:===============>                   45%]
[Progress:===========>                  39%] [Cov:================>                  46%]
[Progress:============>                 40%] [Cov:================>                  46%]
[Progress:============>                 40%] [Cov:================>                  47%]
[Progress:============>                 40%] [Cov:================>                  47%]
[Progress:============>                 41%] [Cov:================>                  47%]
[Progress:============>                 42%] [Cov:================>                  46%]
[Progress:============>                 42%] [Cov:================>                  47%]
[Progress:============>                 42%] [Cov:================>                  46%]
[Progress:============>                 42%] [Cov:================>                  47%]
[Progress:============>                 43%] [Cov:===============>                   45%]
[Progress:============>                 43%] [Cov:================>                  46%]
[Progress:============>                 43%] [Cov:================>                  47%]
[Progress:=============>                44%] [Cov:===============>                   45%]
[Progress:=============>                44%] [Cov:================>                  46%]
[Progress:=============>                44%] [Cov:================>                  47%]
[Progress:=============>                44%] [Cov:================>                  47%]
[Progress:=============>                44%] [Cov:================>                  48%]
[Progress:=============>                45%] [Cov:================>                  46%]
[Progress:=============>                45%] [Cov:================>                  47%]
[Progress:=============>                45%] [Cov:================>                  48%]
[Progress:=============>                45%] [Cov:================>                  48%]
[Progress:=============>                46%] [Cov:================>                  47%]
[Progress:=============>                46%] [Cov:================>                  48%]
[Progress:=============>                46%] [Cov:================>                  48%]
[Progress:==============>               47%] [Cov:================>                  47%]
[Progress:==============>               47%] [Cov:================>                  48%]
[Progress:==============>               48%] [Cov:================>                  46%]
[Progress:==============>               48%] [Cov:================>                  47%]
[Progress:==============>               48%] [Cov:================>                  48%]
[Progress:==============>               48%] [Cov:================>                  48%]
[Progress:==============>               49%] [Cov:================>                  47%]
[Progress:==============>               49%] [Cov:================>                  48%]
[Progress:==============>               49%] [Cov:================>                  48%]
[Progress:===============>              50%] [Cov:===============>                   45%]
[Progress:===============>              50%] [Cov:================>                  48%]
[Progress:===============>              50%] [Cov:================>                  48%]
[Progress:===============>              51%] [Cov:================>                  46%]
[Progress:===============>              51%] [Cov:================>                  48%]
[Progress:===============>              52%] [Cov:================>                  47%]
[Progress:===============>              52%] [Cov:================>                  48%]
[Progress:===============>              52%] [Cov:================>                  48%]
[Progress:===============>              52%] [Cov:=================>                 49%]
[Progress:===============>              53%] [Cov:================>                  48%]
[Progress:===============>              53%] [Cov:=================>                 49%]
[Progress:===============>              53%] [Cov:=================>                 49%]
[Progress:================>             54%] [Cov:=================>                 49%]
[Progress:================>             55%] [Cov:=================>                 49%]
[Progress:================>             55%] [Cov:=================>                 49%]
[Progress:================>             56%] [Cov:================>                  48%]
[Progress:================>             56%] [Cov:=================>                 49%]
[Progress:================>             56%] [Cov:=================>                 49%]
[Progress:=================>            57%] [Cov:================>                  48%]
[Progress:=================>            57%] [Cov:=================>                 49%]
[Progress:=================>            58%] [Cov:================>                  48%]
[Progress:=================>            58%] [Cov:=================>                 49%]
[Progress:=================>            59%] [Cov:================>                  48%]
[Progress:=================>            59%] [Cov:=================>                 49%]
[Progress:==================>           60%] [Cov:=================>                 49%]
[Progress:==================>           60%] [Cov:=================>                 49%]
[Progress:==================>           61%] [Cov:================>                  48%]
[Progress:==================>           61%] [Cov:=================>                 49%]
[Progress:==================>           62%] [Cov:================>                  48%]
[Progress:==================>           62%] [Cov:=================>                 49%]
[Progress:==================>           62%] [Cov:=================>                 49%]
[Progress:==================>           63%] [Cov:=================>                 49%]
[Progress:==================>           63%] [Cov:=================>                 49%]
[Progress:===================>          64%] [Cov:================>                  48%]
[Progress:===================>          64%] [Cov:=================>                 49%]
[Progress:===================>          64%] [Cov:=================>                 49%]
[Progress:===================>          65%] [Cov:=================>                 49%]
[Progress:===================>          66%] [Cov:=================>                 49%]
[Progress:===================>          66%] [Cov:=================>                 49%]
[Progress:====================>         67%] [Cov:=================>                 50%]
[Progress:====================>         68%] [Cov:================>                  48%]
[Progress:====================>         68%] [Cov:=================>                 49%]
[Progress:====================>         68%] [Cov:=================>                 50%]
[Progress:====================>         68%] [Cov:=================>                 50%]
[Progress:====================>         69%] [Cov:=================>                 49%]
[Progress:====================>         69%] [Cov:=================>                 50%]
[Progress:====================>         69%] [Cov:=================>                 50%]
[Progress:====================>         69%] [Cov:=================>                 51%]
[Progress:=====================>        70%] [Cov:=================>                 49%]
[Progress:=====================>        70%] [Cov:=================>                 50%]
[Progress:=====================>        70%] [Cov:=================>                 51%]
[Progress:=====================>        71%] [Cov:================>                  47%]
[Progress:=====================>        71%] [Cov:=================>                 49%]
[Progress:=====================>        71%] [Cov:=================>                 50%]
[Progress:=====================>        71%] [Cov:=================>                 51%]
[Progress:=====================>        72%] [Cov:=================>                 49%]
[Progress:=====================>        72%] [Cov:=================>                 50%]
[Progress:=====================>        72%] [Cov:=================>                 51%]
[Progress:=====================>        72%] [Cov:=================>                 51%]
[Progress:=====================>        73%] [Cov:=================>                 49%]
[Progress:=====================>        73%] [Cov:=================>                 50%]
[Progress:=====================>        73%] [Cov:=================>                 51%]
[Progress:======================>       74%] [Cov:=================>                 49%]
[Progress:======================>       74%] [Cov:=================>                 51%]
[Progress:======================>       74%] [Cov:=================>                 51%]
[Progress:======================>       75%] [Cov:=================>                 51%]
[Progress:======================>       75%] [Cov:=================>                 51%]
[Progress:======================>       75%] [Cov:==================>                52%]
[Progress:======================>       76%] [Cov:=================>                 50%]
[Progress:======================>       76%] [Cov:=================>                 51%]
[Progress:=======================>      77%] [Cov:================>                  47%]
[Progress:=======================>      77%] [Cov:=================>                 51%]
[Progress:=======================>      77%] [Cov:==================>                52%]
[Progress:=======================>      78%] [Cov:=================>                 49%]
[Progress:=======================>      78%] [Cov:=================>                 50%]
[Progress:=======================>      78%] [Cov:=================>                 51%]
[Progress:=======================>      78%] [Cov:==================>                52%]
[Progress:=======================>      78%] [Cov:==================>                52%]
[Progress:=======================>      79%] [Cov:=================>                 50%]
[Progress:=======================>      79%] [Cov:=================>                 51%]
[Progress:=======================>      79%] [Cov:==================>                52%]
[Progress:========================>     80%] [Cov:=================>                 51%]
[Progress:========================>     80%] [Cov:==================>                52%]
[Progress:========================>     81%] [Cov:=================>                 50%]
[Progress:========================>     81%] [Cov:=================>                 51%]
[Progress:========================>     81%] [Cov:==================>                52%]
[Progress:========================>     82%] [Cov:=================>                 51%]
[Progress:========================>     82%] [Cov:==================>                52%]
[Progress:========================>     83%] [Cov:=================>                 51%]
[Progress:========================>     83%] [Cov:==================>                52%]
[Progress:========================>     83%] [Cov:==================>                52%]
[Progress:=========================>    84%] [Cov:=================>                 50%]
[Progress:=========================>    84%] [Cov:=================>                 51%]
[Progress:=========================>    84%] [Cov:==================>                52%]
[Progress:=========================>    85%] [Cov:=================>                 51%]
[Progress:=========================>    85%] [Cov:==================>                52%]
[Progress:=========================>    85%] [Cov:==================>                52%]
[Progress:=========================>    86%] [Cov:=================>                 51%]
[Progress:=========================>    86%] [Cov:==================>                52%]
[Progress:=========================>    86%] [Cov:==================>                52%]
[Progress:==========================>   87%] [Cov:==================>                52%]
[Progress:==========================>   88%] [Cov:=================>                 50%]
[Progress:==========================>   88%] [Cov:=================>                 51%]
[Progress:==========================>   88%] [Cov:==================>                52%]
[Progress:==========================>   88%] [Cov:==================>                52%]
[Progress:==========================>   89%] [Cov:==================>                52%]
[Progress:===========================>  90%] [Cov:==================>                52%]
[Progress:===========================>  90%] [Cov:==================>                52%]
[Progress:===========================>  91%] [Cov:==================>                52%]
[Progress:===========================>  92%] [Cov:=================>                 50%]
[Progress:===========================>  92%] [Cov:==================>                52%]
[Progress:===========================>  92%] [Cov:==================>                52%]
[Progress:===========================>  93%] [Cov:=================>                 51%]
[Progress:===========================>  93%] [Cov:==================>                52%]
[Progress:===========================>  93%] [Cov:==================>                52%]
[Progress:============================> 94%] [Cov:==================>                52%]
[Progress:============================> 95%] [Cov:=================>                 51%]
[Progress:============================> 95%] [Cov:==================>                52%]
[Progress:============================> 96%] [Cov:==================>                52%]
[Progress:============================> 96%] [Cov:==================>                52%]
[Progress:=============================>97%] [Cov:=================>                 51%]
[Progress:=============================>97%] [Cov:==================>                52%]
[Progress:=============================>98%] [Cov:=================>                 50%]
[Progress:=============================>98%] [Cov:==================>                52%]
[Progress:=============================>98%] [Cov:==================>                52%]
[Progress:=============================>99%] [Cov:=================>                 51%]
[Progress:=============================>99%] [Cov:==================>                52%]
[Progress:==============================100%] [Cov:==================>                52%]
[Progress:==============================100%] [Cov:==================>                52%]
* Search finished after 151s and 73 generations, 32809 statements, best individual has fitness: 878.4916666661622
* Minimizing test suite
* Going to analyze the coverage criteria
* Coverage analysis for criterion LINE
* Coverage of criterion LINE: 55%
* Total number of goals: 265
* Number of covered goals: 146
* Coverage analysis for criterion BRANCH
* Coverage of criterion BRANCH: 38%
* Total number of goals: 170
* Number of covered goals: 64
* Coverage analysis for criterion EXCEPTION
* Coverage of criterion EXCEPTION: 62%
* Total number of goals: 21
* Number of covered goals: 13
* Coverage analysis for criterion WEAKMUTATION
* Coverage of criterion WEAKMUTATION: 37%
* Total number of goals: 354
* Number of covered goals: 131
* Coverage analysis for criterion OUTPUT
* Coverage of criterion OUTPUT: 20%
* Total number of goals: 222
* Number of covered goals: 45
* Coverage analysis for criterion METHOD
* Coverage of criterion METHOD: 92%
* Total number of goals: 51
* Number of covered goals: 47
* Coverage analysis for criterion METHODNOEXCEPTION
* Coverage of criterion METHODNOEXCEPTION: 75%
* Total number of goals: 51
* Number of covered goals: 38
* Coverage analysis for criterion CBRANCH
* Coverage of criterion CBRANCH: 38%
* Total number of goals: 170
* Number of covered goals: 64
* Generated 49 tests with total length 156
* Resulting test suite's coverage: 52% (average coverage for all fitness functions)
* Generating assertions
* Resulting test suite's mutation score: 14%
* Compiling and checking tests
* Permissions denied during test execution: 
  - java.lang.RuntimePermission: 
         writeFileDescriptor: 1
* Writing tests to file
* Writing JUnit test case 'BeanPropertyWriter_ESTest' to evosuite-tests
* Done!

* Computation finished

