CMD: /usr/lib/jvm/java-8-openjdk-amd64/bin/java -Dtools_jar_location=/usr/lib/jvm/java-8-openjdk-amd64/lib/tools.jar -jar /home/pizza/evosuite/evosuite-1.2.0.jar -generateSuite -class com.fasterxml.jackson.databind.deser.std.StringArrayDeserializer -projectCP /home/pizza/evosuite/Test/JacksonDatabind-3b/target/classes:/home/pizza/defects4j/framework/projects/JacksonDatabind/lib/com/fasterxml/jackson/core/jackson-annotations/2.4.0/jackson-annotations-2.4.0.jar:/home/pizza/defects4j/framework/projects/JacksonDatabind/lib/com/fasterxml/jackson/core/jackson-core/2.4.0/jackson-core-2.4.0.jar -base_dir /home/pizza/evosuite/results/project-JacksonDatabind/JacksonDatabind-3/round02/evosuite-work -seed 11 -Dalgorithm=NSGAII -Dsearch_budget=150 -Dtest_format=JUNIT4 -Dassertions=true

* EvoSuite 1.2.0
* Going to generate test cases for class: com.fasterxml.jackson.databind.deser.std.StringArrayDeserializer
* Starting Client-0
* Connecting to master process on port 8222
* Analyzing classpath: 
  - /home/pizza/evosuite/Test/JacksonDatabind-3b/target/classes
  - /home/pizza/defects4j/framework/projects/JacksonDatabind/lib/com/fasterxml/jackson/core/jackson-annotations/2.4.0/jackson-annotations-2.4.0.jar
  - /home/pizza/defects4j/framework/projects/JacksonDatabind/lib/com/fasterxml/jackson/core/jackson-core/2.4.0/jackson-core-2.4.0.jar
* Finished analyzing classpath
* Generating tests for class com.fasterxml.jackson.databind.deser.std.StringArrayDeserializer
* Test criteria:
  - Line Coverage
  - Branch Coverage
  - Exception
  - Mutation testing (weak)
  - Method-Output Coverage
  - Top-Level Method Coverage
  - No-Exception Top-Level Method Coverage
  - Context Branch Coverage
* Setting up search algorithm for whole suite generation
* Total number of test goals: 
  - Line 60
  - Branch 39
  - Exception 0
  - MutationFactory 57
  - Output 11
  - Method 6
  - MethodNoException 6
  - CBranchFitnessFactory 39
* Using seed 11
* Starting evolution

[Progress:>                             0%] [Cov:>                                  0%][MASTER] 04:38:24.444 [logback-1] WARN  TestCluster - Failed to check cache for java.util.Map<K, V> : Type points to itself
[MASTER] 04:38:24.486 [logback-1] WARN  TestCluster - Failed to check cache for java.util.TreeSet<E> : Type points to itself
[MASTER] 04:38:26.187 [logback-1] WARN  TestCluster - Failed to check cache for com.fasterxml.jackson.databind.util.EnumResolver<java.time.format.ResolverStyle> : Invalid generic instance

[Progress:>                             1%] [Cov:>                                  0%]
[Progress:>                             1%] [Cov:>                                  1%]
[Progress:>                             1%] [Cov:====>                              14%]
[Progress:>                             1%] [Cov:=====>                             17%]
[Progress:>                             1%] [Cov:======>                            19%]
[Progress:>                             2%] [Cov:>                                  0%]
[Progress:>                             2%] [Cov:>                                  1%]
[Progress:>                             2%] [Cov:>                                  2%]
[Progress:>                             2%] [Cov:====>                              13%]
[Progress:>                             2%] [Cov:=====>                             15%]
[Progress:>                             2%] [Cov:======>                            19%]
[Progress:>                             2%] [Cov:=======>                           21%][MASTER] 04:38:28.009 [logback-1] WARN  TestCluster - Failed to check cache for com.fasterxml.jackson.databind.JsonDeserializer<T> : Type points to itself

[Progress:>                             2%] [Cov:=======>                           22%]
[Progress:>                             2%] [Cov:=========>                         26%][MASTER] 04:38:28.165 [logback-1] WARN  TestCluster - Failed to check cache for com.fasterxml.jackson.databind.JsonSerializer<T> : Type points to itself

[Progress:>                             2%] [Cov:==========>                        29%]
[Progress:>                             2%] [Cov:==========>                        30%]
[Progress:>                             2%] [Cov:==========>                        31%]
[Progress:>                             3%] [Cov:=>                                 3%]
[Progress:>                             3%] [Cov:=>                                 4%]
[Progress:>                             3%] [Cov:=====>                             17%]
[Progress:>                             3%] [Cov:========>                          25%]
[Progress:>                             3%] [Cov:==========>                        29%][MASTER] 04:38:29.096 [logback-1] WARN  TestCluster - Failed to check cache for com.fasterxml.jackson.annotation.ObjectIdGenerator<T> : Type points to itself

[Progress:>                             3%] [Cov:==========>                        30%]
[Progress:>                             3%] [Cov:==========>                        31%]
[Progress:=>                            6%] [Cov:>                                  2%]
[Progress:=>                            6%] [Cov:=>                                 3%]
[Progress:=>                            6%] [Cov:=====>                             15%]
[Progress:=>                            6%] [Cov:=======>                           20%]
[Progress:=>                            6%] [Cov:========>                          23%]
[Progress:=>                            6%] [Cov:=========>                         27%]
[Progress:=>                            6%] [Cov:=========>                         28%]
[Progress:==>                           7%] [Cov:>                                  2%]
[Progress:==>                           7%] [Cov:=>                                 4%]
[Progress:==>                           7%] [Cov:====>                              14%]
[Progress:==>                           7%] [Cov:=====>                             16%]
[Progress:==>                           7%] [Cov:=====>                             17%]
[Progress:==>                           7%] [Cov:========>                          24%]
[Progress:==>                           7%] [Cov:=========>                         28%]
[Progress:===>                          10%] [Cov:>                                  2%]
[Progress:===>                          10%] [Cov:=>                                 4%]
[Progress:===>                          10%] [Cov:=====>                             16%]
[Progress:===>                          10%] [Cov:========>                          24%]
[Progress:===>                          10%] [Cov:=========>                         28%][MASTER] 04:38:40.416 [logback-1] WARN  TestCluster - Failed to check cache for java.util.Comparator<T> : Type points to itself

[Progress:===>                          10%] [Cov:==========>                        31%]
[Progress:====>                         14%] [Cov:========>                          24%]
[Progress:====>                         14%] [Cov:=========>                         26%]
[Progress:====>                         14%] [Cov:=========>                         27%]
[Progress:====>                         14%] [Cov:==========>                        29%]
[Progress:====>                         14%] [Cov:==========>                        31%]
[Progress:====>                         14%] [Cov:==========>                        31%]
[Progress:====>                         15%] [Cov:=======>                           21%]
[Progress:====>                         15%] [Cov:=========>                         26%]
[Progress:====>                         15%] [Cov:==========>                        31%]
[Progress:====>                         15%] [Cov:==========>                        31%]
[Progress:====>                         16%] [Cov:==========>                        29%]
[Progress:====>                         16%] [Cov:==========>                        31%]
[Progress:====>                         16%] [Cov:==========>                        31%]
[Progress:====>                         16%] [Cov:===========>                       32%]
[Progress:====>                         16%] [Cov:============>                      35%]
[Progress:====>                         16%] [Cov:============>                      36%]
[Progress:=====>                        17%] [Cov:==========>                        31%]
[Progress:=====>                        17%] [Cov:===========>                       32%]
[Progress:=====>                        17%] [Cov:===========>                       33%][MASTER] 04:38:49.969 [logback-1] WARN  TestChromosome - Functional mock problem: org.evosuite.ga.ConstructionFailedException: Failed to add constructor for com.fasterxml.jackson.databind.SerializationConfig due to org.evosuite.ga.ConstructionFailedException: Failed to add constructor for com.fasterxml.jackson.databind.cfg.BaseSettings due to org.evosuite.ga.ConstructionFailedException: Invalid generic instance
[MASTER] 04:38:50.064 [logback-1] WARN  TestChromosome - Functional mock problem: org.evosuite.ga.ConstructionFailedException: Failed to add constructor for com.fasterxml.jackson.databind.ser.BeanSerializerBuilder due to org.evosuite.ga.ConstructionFailedException: Failed to add constructor for com.fasterxml.jackson.databind.SerializationConfig due to org.evosuite.ga.ConstructionFailedException: Failed to add constructor for com.fasterxml.jackson.databind.cfg.BaseSettings due to org.evosuite.ga.ConstructionFailedException: Max recursion depth reached

[Progress:=====>                        17%] [Cov:============>                      36%][MASTER] 04:38:50.621 [logback-1] WARN  TestChromosome - Functional mock problem: org.evosuite.ga.ConstructionFailedException: Failed to add constructor for com.fasterxml.jackson.databind.deser.std.StdValueInstantiator due to org.evosuite.ga.ConstructionFailedException: Failed to add constructor for com.fasterxml.jackson.databind.DeserializationConfig due to org.evosuite.ga.ConstructionFailedException: Failed to add constructor for com.fasterxml.jackson.databind.cfg.BaseSettings due to org.evosuite.ga.ConstructionFailedException: Invalid generic instance

[Progress:=====>                        18%] [Cov:==========>                        31%]
[Progress:=====>                        18%] [Cov:===========>                       32%]
[Progress:=====>                        18%] [Cov:===========>                       33%]
[Progress:=====>                        18%] [Cov:============>                      36%]
[Progress:======>                       21%] [Cov:==========>                        31%]
[Progress:======>                       22%] [Cov:==========>                        31%]
[Progress:======>                       22%] [Cov:============>                      36%][MASTER] 04:38:57.132 [logback-1] WARN  TestCluster - Failed to check cache for java.util.Enumeration<E> : Type points to itself

[Progress:======>                       22%] [Cov:============>                      36%]
[Progress:======>                       22%] [Cov:============>                      36%]
[Progress:======>                       23%] [Cov:===========>                       33%]
[Progress:======>                       23%] [Cov:===========>                       34%]
[Progress:======>                       23%] [Cov:============>                      35%]
[Progress:======>                       23%] [Cov:============>                      36%]
[Progress:======>                       23%] [Cov:============>                      37%]
[Progress:======>                       23%] [Cov:=============>                     38%]
[Progress:=======>                      24%] [Cov:===========>                       34%]
[Progress:=======>                      24%] [Cov:============>                      35%]
[Progress:=======>                      24%] [Cov:============>                      36%]
[Progress:=======>                      24%] [Cov:============>                      37%]
[Progress:=======>                      24%] [Cov:=============>                     38%]
[Progress:=======>                      24%] [Cov:=============>                     38%]
[Progress:=======>                      24%] [Cov:=============>                     39%]
[Progress:=======>                      24%] [Cov:=============>                     39%]
[Progress:=======>                      24%] [Cov:==============>                    40%]
[Progress:=======>                      24%] [Cov:==============>                    41%]
[Progress:========>                     28%] [Cov:============>                      35%]
[Progress:========>                     28%] [Cov:=============>                     38%]
[Progress:========>                     28%] [Cov:=============>                     39%]
[Progress:========>                     28%] [Cov:==============>                    41%]
[Progress:========>                     28%] [Cov:==============>                    41%]
[Progress:========>                     29%] [Cov:============>                      35%]
[Progress:========>                     29%] [Cov:=============>                     39%]
[Progress:========>                     29%] [Cov:==============>                    40%]
[Progress:========>                     29%] [Cov:==============>                    41%]
[Progress:========>                     29%] [Cov:==============>                    41%]
[Progress:=========>                    30%] [Cov:=============>                     39%]
[Progress:=========>                    30%] [Cov:==============>                    40%]
[Progress:=========>                    30%] [Cov:==============>                    41%]
[Progress:=========>                    30%] [Cov:==============>                    41%]
[Progress:=========>                    30%] [Cov:==============>                    41%]
[Progress:=========>                    30%] [Cov:==============>                    41%]
[Progress:=========>                    31%] [Cov:==============>                    41%]
[Progress:=========>                    31%] [Cov:==============>                    41%]
[Progress:=========>                    32%] [Cov:==============>                    41%]
[Progress:=========>                    32%] [Cov:==============>                    41%]
[Progress:=========>                    32%] [Cov:==============>                    41%]
[Progress:=========>                    33%] [Cov:==============>                    41%]
[Progress:=========>                    33%] [Cov:==============>                    41%]
[Progress:==========>                   34%] [Cov:==============>                    41%]
[Progress:==========>                   34%] [Cov:==============>                    41%]
[Progress:==========>                   34%] [Cov:==============>                    41%]
[Progress:==========>                   35%] [Cov:==============>                    41%]
[Progress:==========>                   35%] [Cov:==============>                    41%]
[Progress:==========>                   35%] [Cov:==============>                    41%]
[Progress:==========>                   36%] [Cov:==============>                    41%]
[Progress:==========>                   36%] [Cov:==============>                    41%]
[Progress:==========>                   36%] [Cov:==============>                    41%]
[Progress:===========>                  37%] [Cov:==============>                    41%]
[Progress:===========>                  37%] [Cov:==============>                    41%]
[Progress:===========>                  38%] [Cov:==============>                    41%]
[Progress:===========>                  38%] [Cov:==============>                    41%]
[Progress:===========>                  38%] [Cov:==============>                    41%]
[Progress:===========>                  38%] [Cov:==============>                    41%]
[Progress:===========>                  39%] [Cov:==============>                    41%]
[Progress:===========>                  39%] [Cov:==============>                    41%]
[Progress:===========>                  39%] [Cov:==============>                    41%]
[Progress:============>                 40%] [Cov:==============>                    41%]
[Progress:============>                 40%] [Cov:==============>                    41%]
[Progress:============>                 40%] [Cov:==============>                    41%]
[Progress:=============>                44%] [Cov:==============>                    40%]
[Progress:=============>                44%] [Cov:==============>                    41%]
[Progress:=============>                44%] [Cov:==============>                    41%]
[Progress:=============>                44%] [Cov:==============>                    41%]
[Progress:==============>               48%] [Cov:==============>                    41%]
[Progress:==============>               48%] [Cov:==============>                    41%]
[Progress:==============>               48%] [Cov:==============>                    41%]
[Progress:==============>               49%] [Cov:==============>                    41%]
[Progress:==============>               49%] [Cov:==============>                    41%]
[Progress:===============>              50%] [Cov:==============>                    40%]
[Progress:===============>              50%] [Cov:==============>                    41%]
[Progress:===============>              50%] [Cov:==============>                    41%]
[Progress:===============>              50%] [Cov:==============>                    41%]
[Progress:===============>              50%] [Cov:==============>                    41%]
[Progress:===============>              51%] [Cov:==============>                    41%]
[Progress:===============>              51%] [Cov:==============>                    41%][MASTER] 04:39:41.513 [logback-1] WARN  TestCluster - Failed to check cache for java.lang.Class<T> : Type points to itself

[Progress:===============>              51%] [Cov:==============>                    41%]
[Progress:===============>              52%] [Cov:==============>                    41%]
[Progress:===============>              52%] [Cov:==============>                    41%]
[Progress:===============>              52%] [Cov:==============>                    41%]
[Progress:===============>              52%] [Cov:==============>                    41%]
[Progress:===============>              52%] [Cov:==============>                    41%]
[Progress:===============>              53%] [Cov:=============>                     39%]
[Progress:===============>              53%] [Cov:==============>                    41%]
[Progress:===============>              53%] [Cov:==============>                    41%]
[Progress:===============>              53%] [Cov:==============>                    41%][MASTER] 04:39:44.584 [logback-1] WARN  TestCluster - Failed to check cache for java.util.HashSet<E> : Type points to itself

[Progress:================>             54%] [Cov:==============>                    41%]
[Progress:================>             54%] [Cov:==============>                    41%]
[Progress:================>             54%] [Cov:==============>                    41%]
[Progress:================>             54%] [Cov:==============>                    41%]
[Progress:================>             54%] [Cov:==============>                    41%]
[Progress:================>             55%] [Cov:==============>                    41%]
[Progress:================>             55%] [Cov:==============>                    41%]
[Progress:================>             55%] [Cov:==============>                    41%]
[Progress:================>             55%] [Cov:==============>                    41%]
[Progress:================>             56%] [Cov:==============>                    41%]
[Progress:================>             56%] [Cov:==============>                    41%]
[Progress:================>             56%] [Cov:==============>                    41%]
[Progress:================>             56%] [Cov:==============>                    41%]
[Progress:================>             56%] [Cov:==============>                    41%]
[Progress:================>             56%] [Cov:==============>                    41%]
[Progress:=================>            57%] [Cov:=============>                     39%]
[Progress:=================>            57%] [Cov:==============>                    41%]
[Progress:=================>            57%] [Cov:==============>                    41%]
[Progress:=================>            57%] [Cov:==============>                    41%]
[Progress:=================>            58%] [Cov:==============>                    41%]
[Progress:=================>            58%] [Cov:==============>                    41%]
[Progress:=================>            58%] [Cov:==============>                    41%]
[Progress:=================>            58%] [Cov:==============>                    41%]
[Progress:=================>            58%] [Cov:==============>                    41%]
[Progress:=================>            58%] [Cov:==============>                    41%]
[Progress:=================>            59%] [Cov:==============>                    41%]
[Progress:=================>            59%] [Cov:==============>                    41%]
[Progress:=================>            59%] [Cov:==============>                    41%]
[Progress:=================>            59%] [Cov:==============>                    41%]
[Progress:==================>           60%] [Cov:=============>                     39%]
[Progress:==================>           60%] [Cov:==============>                    41%]
[Progress:==================>           60%] [Cov:==============>                    41%]
[Progress:==================>           60%] [Cov:==============>                    41%]
[Progress:==================>           60%] [Cov:==============>                    41%]
[Progress:==================>           60%] [Cov:==============>                    41%]
[Progress:==================>           60%] [Cov:==============>                    41%]
[Progress:==================>           60%] [Cov:==============>                    41%]
[Progress:==================>           61%] [Cov:==============>                    40%]
[Progress:==================>           61%] [Cov:==============>                    41%]
[Progress:==================>           61%] [Cov:==============>                    41%]
[Progress:==================>           61%] [Cov:==============>                    41%]
[Progress:==================>           61%] [Cov:==============>                    41%]
[Progress:==================>           62%] [Cov:==============>                    41%]
[Progress:==================>           62%] [Cov:==============>                    41%]
[Progress:==================>           62%] [Cov:==============>                    41%]
[Progress:===================>          65%] [Cov:==============>                    41%]
[Progress:===================>          66%] [Cov:==============>                    41%]
[Progress:===================>          66%] [Cov:==============>                    41%]
[Progress:===================>          66%] [Cov:==============>                    41%]
[Progress:===================>          66%] [Cov:==============>                    41%]
[Progress:===================>          66%] [Cov:==============>                    41%]
[Progress:===================>          66%] [Cov:==============>                    41%]
[Progress:===================>          66%] [Cov:==============>                    41%]
[Progress:====================>         67%] [Cov:==============>                    41%]
[Progress:====================>         67%] [Cov:==============>                    41%]
[Progress:====================>         67%] [Cov:==============>                    41%]
[Progress:====================>         67%] [Cov:==============>                    41%]
[Progress:====================>         68%] [Cov:==============>                    41%]
[Progress:====================>         68%] [Cov:==============>                    41%]
[Progress:====================>         68%] [Cov:==============>                    41%]
[Progress:====================>         68%] [Cov:==============>                    41%]
[Progress:====================>         68%] [Cov:==============>                    41%]
[Progress:====================>         68%] [Cov:==============>                    41%]
[Progress:====================>         68%] [Cov:==============>                    41%]
[Progress:====================>         68%] [Cov:==============>                    41%]
[Progress:====================>         69%] [Cov:==============>                    41%]
[Progress:====================>         69%] [Cov:==============>                    41%]
[Progress:====================>         69%] [Cov:==============>                    41%]
[Progress:====================>         69%] [Cov:==============>                    41%]
[Progress:=====================>        70%] [Cov:==============>                    41%]
[Progress:=====================>        70%] [Cov:==============>                    41%]
[Progress:=====================>        70%] [Cov:==============>                    41%]
[Progress:=====================>        70%] [Cov:==============>                    41%]
[Progress:=====================>        70%] [Cov:==============>                    41%]
[Progress:=====================>        70%] [Cov:==============>                    41%]
[Progress:=====================>        70%] [Cov:==============>                    41%]
[Progress:=====================>        71%] [Cov:==============>                    41%]
[Progress:=====================>        71%] [Cov:==============>                    41%]
[Progress:=====================>        71%] [Cov:==============>                    41%]
[Progress:=====================>        71%] [Cov:==============>                    41%]
[Progress:=====================>        71%] [Cov:==============>                    41%]
[Progress:=====================>        72%] [Cov:==============>                    41%]
[Progress:=====================>        72%] [Cov:==============>                    41%]
[Progress:=====================>        72%] [Cov:==============>                    41%]
[Progress:=====================>        72%] [Cov:==============>                    41%]
[Progress:=====================>        72%] [Cov:==============>                    41%]
[Progress:=====================>        72%] [Cov:==============>                    41%]
[Progress:======================>       76%] [Cov:==============>                    41%]
[Progress:======================>       76%] [Cov:==============>                    41%]
[Progress:======================>       76%] [Cov:==============>                    41%]
[Progress:======================>       76%] [Cov:==============>                    41%]
[Progress:======================>       76%] [Cov:==============>                    41%]
[Progress:======================>       76%] [Cov:==============>                    41%]
[Progress:=======================>      77%] [Cov:==============>                    41%]
[Progress:=======================>      77%] [Cov:==============>                    41%]
[Progress:=======================>      77%] [Cov:==============>                    41%]
[Progress:=======================>      77%] [Cov:==============>                    41%]
[Progress:=======================>      78%] [Cov:==============>                    41%]
[Progress:=======================>      78%] [Cov:==============>                    41%]
[Progress:=======================>      78%] [Cov:==============>                    41%]
[Progress:=======================>      78%] [Cov:==============>                    41%]
[Progress:=======================>      78%] [Cov:==============>                    41%]
[Progress:=======================>      78%] [Cov:==============>                    41%]
[Progress:=======================>      78%] [Cov:==============>                    41%][MASTER] 04:40:22.675 [logback-1] WARN  TestCluster - Failed to check cache for java.util.Collection<E> : Type points to itself

[Progress:=======================>      79%] [Cov:==============>                    41%]
[Progress:=======================>      79%] [Cov:==============>                    41%]
[Progress:=======================>      79%] [Cov:==============>                    41%]
[Progress:=======================>      79%] [Cov:==============>                    41%]
[Progress:========================>     80%] [Cov:==============>                    41%]
[Progress:========================>     80%] [Cov:==============>                    41%]
[Progress:========================>     80%] [Cov:==============>                    41%]
[Progress:========================>     80%] [Cov:==============>                    41%]
[Progress:========================>     80%] [Cov:==============>                    41%]
[Progress:========================>     80%] [Cov:==============>                    41%]
[Progress:========================>     80%] [Cov:==============>                    41%]
[Progress:========================>     81%] [Cov:==============>                    41%]
[Progress:========================>     81%] [Cov:==============>                    41%]
[Progress:========================>     81%] [Cov:==============>                    41%][MASTER] 04:40:26.391 [logback-1] WARN  TestCluster - Failed to check cache for java.util.Vector<E> : Type points to itself

[Progress:========================>     81%] [Cov:==============>                    41%]
[Progress:========================>     82%] [Cov:====>                              13%]
[Progress:========================>     82%] [Cov:==============>                    41%]
[Progress:========================>     82%] [Cov:==============>                    41%]
[Progress:========================>     82%] [Cov:==============>                    41%]
[Progress:========================>     82%] [Cov:==============>                    41%]
[Progress:========================>     82%] [Cov:==============>                    41%]
[Progress:========================>     82%] [Cov:==============>                    41%]
[Progress:========================>     82%] [Cov:==============>                    41%]
[Progress:========================>     82%] [Cov:==============>                    41%]
[Progress:========================>     83%] [Cov:==============>                    41%]
[Progress:========================>     83%] [Cov:==============>                    41%]
[Progress:========================>     83%] [Cov:==============>                    41%]
[Progress:========================>     83%] [Cov:==============>                    41%]
[Progress:=========================>    84%] [Cov:==============>                    41%]
[Progress:=========================>    84%] [Cov:==============>                    41%]
[Progress:=========================>    84%] [Cov:==============>                    41%]
[Progress:=========================>    84%] [Cov:==============>                    41%]
[Progress:=========================>    84%] [Cov:==============>                    41%]
[Progress:=========================>    84%] [Cov:==============>                    41%]
[Progress:=========================>    84%] [Cov:==============>                    41%]
[Progress:=========================>    84%] [Cov:==============>                    41%]
[Progress:=========================>    85%] [Cov:==============>                    41%]
[Progress:=========================>    85%] [Cov:==============>                    41%]
[Progress:=========================>    85%] [Cov:==============>                    41%]
[Progress:=========================>    85%] [Cov:==============>                    41%]
[Progress:=========================>    86%] [Cov:==============>                    41%]
[Progress:=========================>    86%] [Cov:==============>                    41%]
[Progress:=========================>    86%] [Cov:==============>                    41%]
[Progress:=========================>    86%] [Cov:==============>                    41%]
[Progress:=========================>    86%] [Cov:==============>                    41%]
[Progress:=========================>    86%] [Cov:==============>                    41%]
[Progress:=========================>    86%] [Cov:==============>                    41%]
[Progress:=========================>    86%] [Cov:==============>                    41%]
[Progress:==========================>   87%] [Cov:==============>                    41%]
[Progress:===========================>  90%] [Cov:===>                               11%]
[Progress:===========================>  90%] [Cov:=============>                     39%]
[Progress:===========================>  90%] [Cov:==============>                    41%]
[Progress:===========================>  90%] [Cov:==============>                    41%]
[Progress:===========================>  90%] [Cov:==============>                    41%]
[Progress:===========================>  91%] [Cov:==============>                    41%]
[Progress:===========================>  91%] [Cov:==============>                    41%]
[Progress:===========================>  91%] [Cov:==============>                    41%]
[Progress:===========================>  91%] [Cov:==============>                    41%]
[Progress:===========================>  92%] [Cov:==============>                    41%]
[Progress:===========================>  92%] [Cov:==============>                    41%]
[Progress:===========================>  92%] [Cov:==============>                    41%]
[Progress:===========================>  92%] [Cov:==============>                    41%]
[Progress:===========================>  92%] [Cov:==============>                    41%]
[Progress:===========================>  92%] [Cov:==============>                    41%]
[Progress:===========================>  92%] [Cov:==============>                    42%]
[Progress:===========================>  93%] [Cov:==============>                    41%]
[Progress:===========================>  93%] [Cov:==============>                    42%]
[Progress:===========================>  93%] [Cov:==============>                    42%]
[Progress:===========================>  93%] [Cov:==============>                    42%]
[Progress:============================> 94%] [Cov:==============>                    41%]
[Progress:============================> 94%] [Cov:==============>                    42%]
[Progress:============================> 94%] [Cov:==============>                    42%]
[Progress:============================> 94%] [Cov:==============>                    42%]
[Progress:============================> 94%] [Cov:==============>                    42%]
[Progress:============================> 94%] [Cov:==============>                    42%]
[Progress:============================> 94%] [Cov:==============>                    42%]
[Progress:============================> 95%] [Cov:==============>                    41%]
[Progress:============================> 95%] [Cov:==============>                    42%]
[Progress:============================> 95%] [Cov:==============>                    42%]
[Progress:============================> 95%] [Cov:==============>                    42%]
[Progress:============================> 95%] [Cov:==============>                    42%]
[Progress:============================> 96%] [Cov:==============>                    42%]
[Progress:============================> 96%] [Cov:==============>                    42%]
[Progress:============================> 96%] [Cov:==============>                    42%]
[Progress:============================> 96%] [Cov:==============>                    42%]
[Progress:============================> 96%] [Cov:==============>                    42%]
[Progress:============================> 96%] [Cov:==============>                    42%]
[Progress:=============================>97%] [Cov:=============>                     39%]
[Progress:=============================>97%] [Cov:==============>                    42%]
[Progress:=============================>97%] [Cov:==============>                    42%]
[Progress:=============================>97%] [Cov:==============>                    42%]
[Progress:=============================>98%] [Cov:==============>                    42%]
[Progress:=============================>98%] [Cov:==============>                    42%]
[Progress:=============================>98%] [Cov:==============>                    42%]
[Progress:=============================>98%] [Cov:==============>                    42%]
[Progress:=============================>98%] [Cov:==============>                    42%]
[Progress:=============================>99%] [Cov:==============>                    41%]
[Progress:=============================>99%] [Cov:==============>                    42%]
[Progress:=============================>99%] [Cov:==============>                    42%]
[Progress:=============================>99%] [Cov:==============>                    42%]
[Progress:==============================100%] [Cov:==============>                    42%]
[Progress:==============================100%] [Cov:==============>                    42%]
[Progress:==============================100%] [Cov:==============>                    42%]
[Progress:==============================100%] [Cov:==============>                    42%]
[Progress:==============================100%] [Cov:==============>                    42%]
* Search finished after 152s and 209 generations, 104335 statements, best individual has fitness: 182.47222222222223
* Minimizing test suite
* Going to analyze the coverage criteria
* Coverage analysis for criterion LINE
* Coverage of criterion LINE: 42%
* Total number of goals: 60
* Number of covered goals: 25
* Coverage analysis for criterion BRANCH
* Coverage of criterion BRANCH: 28%
* Total number of goals: 39
* Number of covered goals: 11
* Coverage analysis for criterion EXCEPTION
* Coverage of criterion EXCEPTION: 36%
* Total number of goals: 11
* Number of covered goals: 4
* Coverage analysis for criterion WEAKMUTATION
* Coverage of criterion WEAKMUTATION: 28%
* Total number of goals: 57
* Number of covered goals: 16
* Coverage analysis for criterion OUTPUT
* Coverage of criterion OUTPUT: 0%
* Total number of goals: 11
* Number of covered goals: 0
* Coverage analysis for criterion METHOD
* Coverage of criterion METHOD: 100%
* Total number of goals: 6
* Number of covered goals: 6
* Coverage analysis for criterion METHODNOEXCEPTION
* Coverage of criterion METHODNOEXCEPTION: 33%
* Total number of goals: 6
* Number of covered goals: 2
* Coverage analysis for criterion CBRANCH
* Coverage of criterion CBRANCH: 28%
* Total number of goals: 39
* Number of covered goals: 11
* Generated 4 tests with total length 38
* Resulting test suite's coverage: 42% (average coverage for all fitness functions)
* Generating assertions
* Resulting test suite's mutation score: 2%
* Compiling and checking tests
* Writing tests to file
* Writing JUnit test case 'StringArrayDeserializer_ESTest' to evosuite-tests
* Done!

* Computation finished

