CMD: /usr/lib/jvm/java-8-openjdk-amd64/bin/java -Dtools_jar_location=/usr/lib/jvm/java-8-openjdk-amd64/lib/tools.jar -jar /home/pizza/TestRound2/evosuite-1.2.0.jar -generateSuite -class com.google.javascript.jscomp.TypedScopeCreator -projectCP /home/pizza/TestRound2/Test/Closure-43b/build/classes:/home/pizza/TestRound2/Test/Closure-43b/lib/args4j.jar:/home/pizza/TestRound2/Test/Closure-43b/lib/guava.jar:/home/pizza/TestRound2/Test/Closure-43b/lib/json.jar:/home/pizza/TestRound2/Test/Closure-43b/lib/jsr305.jar:/home/pizza/TestRound2/Test/Closure-43b/lib/protobuf-java.jar:/home/pizza/TestRound2/Test/Closure-43b/build/lib/rhino.jar:/home/pizza/TestRound2/Test/Closure-43b/lib/ant.jar -base_dir /home/pizza/TestRound2/results/project-Closure/Closure-43/round03/evosuite-work -seed 11 -Dalgorithm=NSGAII -Dsearch_budget=60 -Dtest_format=JUNIT4 -Dassertions=true

* EvoSuite 1.2.0
* Going to generate test cases for class: com.google.javascript.jscomp.TypedScopeCreator
* Starting Client-0
* Connecting to master process on port 8220
* Analyzing classpath: 
  - /home/pizza/TestRound2/Test/Closure-43b/build/classes
  - /home/pizza/TestRound2/Test/Closure-43b/lib/args4j.jar
  - /home/pizza/TestRound2/Test/Closure-43b/lib/guava.jar
  - /home/pizza/TestRound2/Test/Closure-43b/lib/json.jar
  - /home/pizza/TestRound2/Test/Closure-43b/lib/jsr305.jar
  - /home/pizza/TestRound2/Test/Closure-43b/lib/protobuf-java.jar
  - /home/pizza/TestRound2/Test/Closure-43b/build/lib/rhino.jar
  - /home/pizza/TestRound2/Test/Closure-43b/lib/ant.jar
* Finished analyzing classpath
* Generating tests for class com.google.javascript.jscomp.TypedScopeCreator
* Test criteria:
  - Line Coverage
  - Branch Coverage
  - Exception
  - Mutation testing (weak)
  - Method-Output Coverage
  - Top-Level Method Coverage
  - No-Exception Top-Level Method Coverage
  - Context Branch Coverage
* Setting up search algorithm for whole suite generation
* Total number of test goals: 
  - Line 821
  - Branch 688
  - Exception 0
  - MutationFactory 870
  - Output 16
  - Method 27
  - MethodNoException 27
  - CBranchFitnessFactory 688

[Progress:>                             0%] [Cov:>                                  0%]* Using seed 11
* Starting evolution

[Progress:=>                            5%] [Cov:>                                  0%]
[Progress:=>                            6%] [Cov:>                                  0%]
[Progress:==>                           8%] [Cov:>                                  0%]
[Progress:==>                           8%] [Cov:====>                              12%]
[Progress:===>                          10%] [Cov:>                                  0%]
[Progress:===>                          10%] [Cov:====>                              12%]
[Progress:===>                          11%] [Cov:>                                  0%]
[Progress:===>                          11%] [Cov:====>                              12%]
[Progress:===>                          13%] [Cov:>                                  0%]
[Progress:===>                          13%] [Cov:====>                              12%]
[Progress:====>                         15%] [Cov:>                                  0%]
[Progress:====>                         15%] [Cov:====>                              12%]
[Progress:====>                         16%] [Cov:>                                  0%]
[Progress:====>                         16%] [Cov:====>                              12%]
[Progress:====>                         16%] [Cov:===>                               11%]
[Progress:====>                         16%] [Cov:====>                              12%]
[Progress:=====>                        18%] [Cov:====>                              12%]
[Progress:======>                       20%] [Cov:====>                              12%]
[Progress:======>                       20%] [Cov:====>                              12%]
[Progress:======>                       21%] [Cov:====>                              12%]
[Progress:======>                       21%] [Cov:====>                              12%]
[Progress:======>                       23%] [Cov:====>                              12%]
[Progress:=======>                      25%] [Cov:====>                              12%]
[Progress:=======>                      25%] [Cov:====>                              12%]
[Progress:=======>                      26%] [Cov:===>                               11%]
[Progress:=======>                      26%] [Cov:====>                              12%]
[Progress:=======>                      26%] [Cov:====>                              12%]
[Progress:========>                     28%] [Cov:====>                              12%]
[Progress:=========>                    30%] [Cov:====>                              12%]
[Progress:=========>                    31%] [Cov:====>                              12%]
[Progress:=========>                    31%] [Cov:====>                              12%]
[Progress:=========>                    33%] [Cov:====>                              12%]
[Progress:==========>                   35%] [Cov:====>                              12%]
[Progress:==========>                   35%] [Cov:====>                              12%]
[Progress:==========>                   36%] [Cov:====>                              12%]
[Progress:===========>                  38%] [Cov:====>                              12%]
[Progress:===========>                  38%] [Cov:====>                              12%]
[Progress:============>                 40%] [Cov:====>                              12%]
[Progress:============>                 41%] [Cov:====>                              12%]
[Progress:============>                 41%] [Cov:====>                              12%]
[Progress:============>                 43%] [Cov:====>                              12%]
[Progress:============>                 43%] [Cov:====>                              12%]
[Progress:=============>                45%] [Cov:====>                              12%]
[Progress:=============>                45%] [Cov:====>                              12%]
[Progress:=============>                46%] [Cov:====>                              12%]
[Progress:=============>                46%] [Cov:====>                              12%]
[Progress:==============>               48%] [Cov:===>                               11%]
[Progress:==============>               48%] [Cov:====>                              12%]
[Progress:==============>               48%] [Cov:====>                              12%]
[Progress:===============>              50%] [Cov:===>                               11%]
[Progress:===============>              50%] [Cov:====>                              12%]
[Progress:===============>              50%] [Cov:====>                              12%]
[Progress:===============>              51%] [Cov:====>                              12%]
[Progress:===============>              51%] [Cov:====>                              12%]
[Progress:===============>              53%] [Cov:====>                              12%]
[Progress:===============>              53%] [Cov:====>                              12%]
[Progress:================>             55%] [Cov:====>                              12%]
[Progress:================>             55%] [Cov:====>                              12%]
[Progress:================>             55%] [Cov:====>                              12%]
[Progress:================>             56%] [Cov:====>                              12%]
[Progress:================>             56%] [Cov:====>                              12%]
[Progress:=================>            58%] [Cov:====>                              12%]
[Progress:=================>            58%] [Cov:====>                              12%]
[Progress:==================>           60%] [Cov:====>                              12%]
[Progress:==================>           60%] [Cov:====>                              12%]
[Progress:==================>           61%] [Cov:====>                              12%]
[Progress:==================>           61%] [Cov:====>                              12%]
[Progress:==================>           61%] [Cov:====>                              12%]
[Progress:==================>           63%] [Cov:====>                              12%]
[Progress:==================>           63%] [Cov:====>                              12%]
[Progress:==================>           63%] [Cov:====>                              12%]
[Progress:==================>           63%] [Cov:====>                              13%]
[Progress:===================>          65%] [Cov:====>                              12%]
[Progress:===================>          65%] [Cov:====>                              13%]
[Progress:===================>          66%] [Cov:====>                              12%]
[Progress:===================>          66%] [Cov:====>                              13%]
[Progress:===================>          66%] [Cov:====>                              13%]
[Progress:====================>         68%] [Cov:====>                              12%]
[Progress:====================>         68%] [Cov:====>                              13%]
[Progress:====================>         68%] [Cov:====>                              13%]
[Progress:=====================>        70%] [Cov:====>                              12%]
[Progress:=====================>        70%] [Cov:====>                              13%]
[Progress:=====================>        70%] [Cov:====>                              13%]
[Progress:=====================>        71%] [Cov:====>                              13%]
[Progress:=====================>        71%] [Cov:====>                              13%]
[Progress:=====================>        73%] [Cov:====>                              12%]
[Progress:=====================>        73%] [Cov:====>                              13%]
[Progress:======================>       75%] [Cov:====>                              13%]
[Progress:======================>       75%] [Cov:====>                              13%]
[Progress:======================>       76%] [Cov:====>                              12%]
[Progress:======================>       76%] [Cov:====>                              13%]
[Progress:======================>       76%] [Cov:====>                              13%]
[Progress:=======================>      78%] [Cov:====>                              13%]
[Progress:=======================>      78%] [Cov:====>                              13%]
[Progress:========================>     80%] [Cov:====>                              13%]
[Progress:========================>     81%] [Cov:====>                              13%]
[Progress:========================>     81%] [Cov:====>                              13%]
[Progress:========================>     83%] [Cov:====>                              13%]
[Progress:========================>     83%] [Cov:====>                              13%]
[Progress:=========================>    85%] [Cov:====>                              13%]
[Progress:=========================>    85%] [Cov:====>                              13%]
[Progress:=========================>    86%] [Cov:====>                              13%]
[Progress:==========================>   88%] [Cov:====>                              13%]
[Progress:==========================>   88%] [Cov:====>                              13%]
[Progress:===========================>  90%] [Cov:====>                              13%]
[Progress:===========================>  90%] [Cov:====>                              13%]
[Progress:===========================>  91%] [Cov:====>                              13%]
[Progress:===========================>  91%] [Cov:====>                              13%]
[Progress:===========================>  93%] [Cov:====>                              13%]
[Progress:===========================>  93%] [Cov:====>                              13%]
[Progress:============================> 95%] [Cov:====>                              13%]
[Progress:============================> 95%] [Cov:====>                              13%]
[Progress:============================> 96%] [Cov:====>                              13%]
[Progress:============================> 96%] [Cov:====>                              13%]
[Progress:=============================>98%] [Cov:====>                              13%]
[Progress:=============================>98%] [Cov:====>                              13%]
[Progress:==============================100%] [Cov:====>                              13%]
[Progress:==============================100%] [Cov:====>                              13%]
[Progress:==============================100%] [Cov:====>                              13%]
[Progress:==============================100%] [Cov:====>                              13%]
[Progress:==============================100%] [Cov:====>                              13%]
* Search finished after 62s and 45 generations, 6586 statements, best individual has fitness: 4262.498742138365
* Minimizing test suite
* Going to analyze the coverage criteria
* Coverage analysis for criterion LINE
* Coverage of criterion LINE: 3%
* Total number of goals: 821
* Number of covered goals: 27
* Coverage analysis for criterion BRANCH
* Coverage of criterion BRANCH: 1%
* Total number of goals: 688
* Number of covered goals: 7
* Coverage analysis for criterion EXCEPTION
* Coverage of criterion EXCEPTION: 100%
* Total number of goals: 5
* Number of covered goals: 5
* Coverage analysis for criterion WEAKMUTATION
* Coverage of criterion WEAKMUTATION: 0%
* Total number of goals: 870
* Number of covered goals: 2
* Coverage analysis for criterion OUTPUT
* Coverage of criterion OUTPUT: 0%
* Total number of goals: 16
* Number of covered goals: 0
* Coverage analysis for criterion METHOD
* Coverage of criterion METHOD: 15%
* Total number of goals: 27
* Number of covered goals: 4
* Coverage analysis for criterion METHODNOEXCEPTION
* Coverage of criterion METHODNOEXCEPTION: 4%
* Total number of goals: 27
* Number of covered goals: 1
* Coverage analysis for criterion CBRANCH
* Coverage of criterion CBRANCH: 1%
* Total number of goals: 688
* Number of covered goals: 5
* Generated 5 tests with total length 32
* Resulting test suite's coverage: 14% (average coverage for all fitness functions)
* Generating assertions
* Resulting test suite's mutation score: 0%
* Compiling and checking tests
* Permissions denied during test execution: 
  - java.lang.RuntimePermission: 
         writeFileDescriptor: 1
* Writing tests to file
* Writing JUnit test case 'TypedScopeCreator_ESTest' to evosuite-tests
* Done!

* Computation finished

