CMD: /usr/lib/jvm/java-8-openjdk-amd64/bin/java -Dtools_jar_location=/usr/lib/jvm/java-8-openjdk-amd64/lib/tools.jar -jar /home/pizza/TestRound2/evosuite-1.2.0.jar -generateSuite -class org.apache.commons.cli.PosixParser -projectCP /home/pizza/TestRound2/Test/Cli-18b/target/classes:/home/pizza/TestRound2/Test/Cli-18b/target/lib/junit-3.8.1.jar -base_dir /home/pizza/TestRound2/results/project-Cli/Cli-18/round03/evosuite-work -seed 11 -Dalgorithm=NSGAII -Dsearch_budget=60 -Dtest_format=JUNIT4 -Dassertions=true

* EvoSuite 1.2.0
* Going to generate test cases for class: org.apache.commons.cli.PosixParser
* Starting Client-0
* Connecting to master process on port 8226
* Analyzing classpath: 
  - /home/pizza/TestRound2/Test/Cli-18b/target/classes
  - /home/pizza/TestRound2/Test/Cli-18b/target/lib/junit-3.8.1.jar
* Finished analyzing classpath
* Generating tests for class org.apache.commons.cli.PosixParser
* Test criteria:
  - Line Coverage
  - Branch Coverage
  - Exception
  - Mutation testing (weak)
  - Method-Output Coverage
  - Top-Level Method Coverage
  - No-Exception Top-Level Method Coverage
  - Context Branch Coverage
* Setting up search algorithm for whole suite generation
* Total number of test goals: 
  - Line 66
  - Branch 45
  - Exception 0
  - MutationFactory 113
  - Output 3
  - Method 3
  - MethodNoException 3
  - CBranchFitnessFactory 45

[Progress:>                             0%] [Cov:>                                  0%]* Using seed 11
* Starting evolution

[Progress:>                             0%] [Cov:>                                  0%]
[Progress:>                             0%] [Cov:==>                                6%]
[Progress:>                             0%] [Cov:===>                               10%]
[Progress:>                             0%] [Cov:====>                              13%]
[Progress:>                             0%] [Cov:========>                          23%]
[Progress:>                             0%] [Cov:=========>                         27%]
[Progress:>                             0%] [Cov:=============>                     38%]
[Progress:>                             0%] [Cov:=================>                 49%]
[Progress:>                             0%] [Cov:==================>                53%]
[Progress:>                             1%] [Cov:==============>                    42%]
[Progress:>                             1%] [Cov:=================>                 51%]
[Progress:>                             1%] [Cov:==================>                54%]
[Progress:>                             1%] [Cov:====================>              58%]
[Progress:>                             1%] [Cov:=====================>             61%]
[Progress:>                             3%] [Cov:>                                  1%]
[Progress:>                             3%] [Cov:==>                                6%]
[Progress:>                             3%] [Cov:===>                               10%]
[Progress:>                             3%] [Cov:====>                              14%]
[Progress:>                             3%] [Cov:=======>                           22%]
[Progress:>                             3%] [Cov:=========>                         26%]
[Progress:>                             3%] [Cov:============>                      37%]
[Progress:>                             3%] [Cov:===============>                   44%]
[Progress:>                             3%] [Cov:================>                  48%]
[Progress:>                             3%] [Cov:==================>                53%]
[Progress:>                             3%] [Cov:===================>               57%]
[Progress:>                             3%] [Cov:=====================>             61%]
[Progress:>                             3%] [Cov:=====================>             61%]
[Progress:>                             3%] [Cov:=====================>             61%]
[Progress:>                             3%] [Cov:======================>            63%]
[Progress:>                             3%] [Cov:======================>            64%]
[Progress:>                             3%] [Cov:=======================>           67%]
[Progress:>                             3%] [Cov:=====================>             62%]
[Progress:=>                            5%] [Cov:====================>              59%]
[Progress:=>                            5%] [Cov:=====================>             61%]
[Progress:=>                            5%] [Cov:=====================>             62%]
[Progress:=>                            5%] [Cov:======================>            63%]
[Progress:=>                            5%] [Cov:======================>            64%]
[Progress:=>                            5%] [Cov:======================>            65%]
[Progress:=>                            5%] [Cov:=======================>           66%]
[Progress:=>                            5%] [Cov:=====================>             62%]
[Progress:=>                            5%] [Cov:======================>            63%]
[Progress:=>                            5%] [Cov:======================>            64%]
[Progress:=>                            5%] [Cov:======================>            65%]
[Progress:=>                            5%] [Cov:=======================>           66%]
[Progress:=>                            5%] [Cov:========================>          70%]
[Progress:=>                            5%] [Cov:========================>          69%]
[Progress:=>                            6%] [Cov:========================>          70%]
[Progress:=>                            6%] [Cov:========================>          71%]
[Progress:=>                            6%] [Cov:========================>          69%]
[Progress:=>                            6%] [Cov:=========================>         72%]
[Progress:=>                            6%] [Cov:========================>          70%]
[Progress:=>                            6%] [Cov:=========================>         72%]
[Progress:=>                            6%] [Cov:=========================>         73%]
[Progress:==>                           8%] [Cov:========================>          70%]
[Progress:==>                           8%] [Cov:=========================>         72%]
[Progress:==>                           8%] [Cov:========================>          71%]
[Progress:==>                           8%] [Cov:=========================>         73%]
[Progress:==>                           8%] [Cov:=========================>         74%]
[Progress:==>                           8%] [Cov:========================>          71%]
[Progress:==>                           8%] [Cov:=========================>         72%]
[Progress:==>                           8%] [Cov:=========================>         73%]
[Progress:==>                           8%] [Cov:=========================>         74%]
[Progress:==>                           8%] [Cov:========================>          71%]
[Progress:==>                           8%] [Cov:=========================>         73%]
[Progress:===>                          10%] [Cov:=========================>         72%]
[Progress:===>                          10%] [Cov:=========================>         73%]
[Progress:===>                          10%] [Cov:=========================>         74%]
[Progress:===>                          10%] [Cov:==========================>        75%]
[Progress:===>                          10%] [Cov:=========================>         73%]
[Progress:===>                          10%] [Cov:=========================>         74%]
[Progress:===>                          11%] [Cov:=========================>         72%]
[Progress:===>                          11%] [Cov:=========================>         73%]
[Progress:===>                          11%] [Cov:=========================>         74%]
[Progress:===>                          11%] [Cov:==========================>        75%]
[Progress:===>                          11%] [Cov:=========================>         73%]
[Progress:===>                          11%] [Cov:=========================>         74%]
[Progress:===>                          11%] [Cov:==========================>        75%]
[Progress:===>                          11%] [Cov:==========================>        76%]
[Progress:===>                          11%] [Cov:=========================>         72%]
[Progress:===>                          13%] [Cov:=========================>         72%]
[Progress:===>                          13%] [Cov:=========================>         73%]
[Progress:===>                          13%] [Cov:=========================>         74%]
[Progress:===>                          13%] [Cov:==========================>        75%]
[Progress:===>                          13%] [Cov:==========================>        76%]
[Progress:===>                          13%] [Cov:=========================>         72%]
[Progress:===>                          13%] [Cov:=========================>         73%]
[Progress:===>                          13%] [Cov:==========================>        75%]
[Progress:===>                          13%] [Cov:==========================>        76%]
[Progress:===>                          13%] [Cov:==========================>        77%]
[Progress:===>                          13%] [Cov:=========================>         73%]
[Progress:===>                          13%] [Cov:==========================>        75%]
[Progress:====>                         15%] [Cov:==========================>        75%]
[Progress:====>                         15%] [Cov:==========================>        77%]
[Progress:====>                         15%] [Cov:=========================>         72%]
[Progress:====>                         15%] [Cov:=========================>         73%]
[Progress:====>                         15%] [Cov:==========================>        77%]
[Progress:====>                         15%] [Cov:===========================>       79%]
[Progress:====>                         16%] [Cov:=========================>         73%]
[Progress:====>                         16%] [Cov:==========================>        75%]
[Progress:====>                         16%] [Cov:==========================>        76%]
[Progress:====>                         16%] [Cov:===========================>       79%]
[Progress:====>                         16%] [Cov:===========================>       79%]
[Progress:=====>                        18%] [Cov:==========================>        77%]
[Progress:=====>                        18%] [Cov:===========================>       79%]
[Progress:=====>                        18%] [Cov:===========================>       79%]
[Progress:=====>                        18%] [Cov:============================>      80%]
[Progress:=====>                        18%] [Cov:===========================>       79%]
[Progress:=====>                        18%] [Cov:============================>      80%]
[Progress:=====>                        18%] [Cov:=========================>         72%]
[Progress:=====>                        18%] [Cov:===========================>       79%]
[Progress:======>                       20%] [Cov:==========================>        77%]
[Progress:======>                       20%] [Cov:===========================>       79%]
[Progress:======>                       20%] [Cov:============================>      81%]
[Progress:======>                       20%] [Cov:============================>      82%]
[Progress:======>                       20%] [Cov:============================>      82%]
[Progress:======>                       20%] [Cov:============================>      82%]
[Progress:======>                       21%] [Cov:===========================>       79%]
[Progress:======>                       21%] [Cov:============================>      81%]
[Progress:======>                       21%] [Cov:============================>      82%]
[Progress:======>                       21%] [Cov:============================>      82%]
[Progress:======>                       21%] [Cov:============================>      82%]
[Progress:======>                       21%] [Cov:=============================>     83%]
[Progress:======>                       21%] [Cov:===========================>       78%]
[Progress:======>                       21%] [Cov:============================>      82%]
[Progress:======>                       23%] [Cov:=============================>     83%]
[Progress:======>                       23%] [Cov:=============================>     84%]
[Progress:======>                       23%] [Cov:=============================>     83%]
[Progress:======>                       23%] [Cov:=============================>     84%]
[Progress:======>                       23%] [Cov:=============================>     83%]
[Progress:======>                       23%] [Cov:=============================>     84%]
[Progress:=======>                      25%] [Cov:===========================>       78%]
[Progress:=======>                      25%] [Cov:============================>      82%]
[Progress:=======>                      25%] [Cov:=============================>     83%]
[Progress:=======>                      25%] [Cov:=============================>     83%]
[Progress:=======>                      25%] [Cov:=============================>     84%]
[Progress:=======>                      25%] [Cov:=============================>     85%]
[Progress:=======>                      25%] [Cov:=============================>     83%]
[Progress:=======>                      25%] [Cov:=============================>     84%]
[Progress:=======>                      25%] [Cov:============================>      81%]
[Progress:=======>                      25%] [Cov:============================>      82%]
[Progress:=======>                      25%] [Cov:=============================>     84%]
[Progress:=======>                      26%] [Cov:=================>                 51%]
[Progress:=======>                      26%] [Cov:=======================>           67%]
[Progress:=======>                      26%] [Cov:========================>          70%]
[Progress:=======>                      26%] [Cov:==========================>        75%]
[Progress:=======>                      26%] [Cov:============================>      80%]
[Progress:=======>                      26%] [Cov:============================>      82%]
[Progress:=======>                      26%] [Cov:=============================>     84%]
[Progress:=======>                      26%] [Cov:============================>      81%]
[Progress:=======>                      26%] [Cov:=============================>     83%]
[Progress:=======>                      26%] [Cov:=============================>     84%]
[Progress:=======>                      26%] [Cov:============================>      81%]
[Progress:=======>                      26%] [Cov:============================>      82%]
[Progress:=======>                      26%] [Cov:=============================>     83%]
[Progress:=======>                      26%] [Cov:=============================>     84%]
[Progress:=======>                      26%] [Cov:============================>      81%]
[Progress:=======>                      26%] [Cov:=============================>     84%]
[Progress:========>                     28%] [Cov:============================>      80%]
[Progress:========>                     28%] [Cov:=============================>     84%]
[Progress:========>                     28%] [Cov:=============================>     85%]
[Progress:========>                     28%] [Cov:============================>      81%]
[Progress:========>                     28%] [Cov:=============================>     84%]
[Progress:========>                     28%] [Cov:=============================>     85%]
[Progress:========>                     28%] [Cov:============================>      81%]
[Progress:========>                     28%] [Cov:=============================>     84%]
[Progress:========>                     28%] [Cov:=============================>     85%]
[Progress:========>                     28%] [Cov:============================>      81%]
[Progress:========>                     28%] [Cov:=============================>     84%]
[Progress:=========>                    30%] [Cov:=========================>         73%]
[Progress:=========>                    30%] [Cov:==========================>        76%]
[Progress:=========>                    30%] [Cov:==========================>        77%]
[Progress:=========>                    30%] [Cov:============================>      81%]
[Progress:=========>                    30%] [Cov:=============================>     84%]
[Progress:=========>                    30%] [Cov:=============================>     85%]
[Progress:=========>                    30%] [Cov:============================>      81%]
[Progress:=========>                    30%] [Cov:=============================>     84%]
[Progress:=========>                    30%] [Cov:=============================>     85%]
[Progress:=========>                    30%] [Cov:============================>      81%]
[Progress:=========>                    30%] [Cov:=============================>     84%]
[Progress:=========>                    30%] [Cov:=============================>     85%]
[Progress:=========>                    31%] [Cov:=============================>     83%]
[Progress:=========>                    31%] [Cov:=============================>     84%]
[Progress:=========>                    31%] [Cov:=============================>     85%]
[Progress:=========>                    31%] [Cov:============================>      81%]
[Progress:=========>                    31%] [Cov:=============================>     85%]
[Progress:=========>                    31%] [Cov:=============================>     85%]
[Progress:=========>                    31%] [Cov:=============================>     85%]
[Progress:=========>                    33%] [Cov:=============================>     85%]
[Progress:=========>                    33%] [Cov:=============================>     85%]
[Progress:=========>                    33%] [Cov:=============================>     85%]
[Progress:==========>                   35%] [Cov:=============================>     85%]
[Progress:==========>                   35%] [Cov:=============================>     85%]
[Progress:==========>                   35%] [Cov:=============================>     85%]
[Progress:==========>                   35%] [Cov:=============================>     85%]
[Progress:==========>                   36%] [Cov:=============================>     85%]
[Progress:==========>                   36%] [Cov:=============================>     85%]
[Progress:==========>                   36%] [Cov:=============================>     85%]
[Progress:===========>                  38%] [Cov:=============================>     85%]
[Progress:===========>                  38%] [Cov:=============================>     85%]
[Progress:===========>                  38%] [Cov:=============================>     85%]
[Progress:===========>                  38%] [Cov:=============================>     85%]
[Progress:============>                 40%] [Cov:=============================>     85%]
[Progress:============>                 40%] [Cov:=============================>     85%]
[Progress:============>                 40%] [Cov:=============================>     85%]
[Progress:============>                 40%] [Cov:=============================>     85%]
[Progress:============>                 41%] [Cov:=============================>     85%]
[Progress:============>                 41%] [Cov:=============================>     85%]
[Progress:============>                 41%] [Cov:=============================>     85%]
[Progress:============>                 41%] [Cov:==============================>    86%]
[Progress:============>                 43%] [Cov:=============================>     85%]
[Progress:============>                 43%] [Cov:==============================>    86%]
[Progress:============>                 43%] [Cov:==============================>    86%]
[Progress:=============>                45%] [Cov:=============================>     85%]
[Progress:=============>                45%] [Cov:==============================>    86%]
[Progress:=============>                45%] [Cov:==============================>    86%]
[Progress:=============>                45%] [Cov:==============================>    86%]
[Progress:=============>                45%] [Cov:==============================>    86%]
[Progress:=============>                46%] [Cov:==============================>    86%]
[Progress:=============>                46%] [Cov:==============================>    86%]
[Progress:=============>                46%] [Cov:==============================>    86%]
[Progress:==============>               48%] [Cov:==============================>    86%]
[Progress:==============>               48%] [Cov:==============================>    86%]
[Progress:==============>               48%] [Cov:==============================>    86%]
[Progress:==============>               48%] [Cov:==============================>    86%]
[Progress:===============>              50%] [Cov:==============================>    86%]
[Progress:===============>              50%] [Cov:==============================>    86%]
[Progress:===============>              50%] [Cov:==============================>    87%]
[Progress:===============>              50%] [Cov:===============================>   89%]
[Progress:===============>              50%] [Cov:===============================>   89%]
[Progress:===============>              51%] [Cov:==============================>    86%]
[Progress:===============>              51%] [Cov:===============================>   89%]
[Progress:===============>              51%] [Cov:===============================>   89%]
[Progress:===============>              51%] [Cov:===============================>   89%]
[Progress:===============>              53%] [Cov:===============================>   89%]
[Progress:===============>              53%] [Cov:===============================>   89%]
[Progress:===============>              53%] [Cov:===============================>   89%]
[Progress:================>             55%] [Cov:==============================>    88%]
[Progress:================>             55%] [Cov:===============================>   89%]
[Progress:================>             55%] [Cov:===============================>   89%]
[Progress:================>             55%] [Cov:===============================>   89%]
[Progress:================>             56%] [Cov:===============================>   89%]
[Progress:================>             56%] [Cov:===============================>   89%]
[Progress:================>             56%] [Cov:===============================>   89%]
[Progress:=================>            58%] [Cov:===============================>   89%]
[Progress:=================>            58%] [Cov:===============================>   89%]
[Progress:=================>            58%] [Cov:===============================>   89%]
[Progress:==================>           60%] [Cov:===============================>   89%]
[Progress:==================>           60%] [Cov:===============================>   89%]
[Progress:==================>           60%] [Cov:===============================>   89%]
[Progress:==================>           61%] [Cov:===================>               56%]
[Progress:==================>           61%] [Cov:===============================>   89%]
[Progress:==================>           61%] [Cov:===============================>   89%]
[Progress:==================>           61%] [Cov:===============================>   89%]
[Progress:==================>           63%] [Cov:===============================>   89%]
[Progress:==================>           63%] [Cov:===============================>   89%]
[Progress:==================>           63%] [Cov:===============================>   89%]
[Progress:===================>          65%] [Cov:==============================>    88%]
[Progress:===================>          65%] [Cov:===============================>   89%]
[Progress:===================>          65%] [Cov:===============================>   89%]
[Progress:===================>          65%] [Cov:===============================>   89%]
[Progress:===================>          66%] [Cov:===============================>   89%]
[Progress:===================>          66%] [Cov:===============================>   89%]
[Progress:===================>          66%] [Cov:===============================>   89%]
[Progress:====================>         68%] [Cov:===============================>   89%]
[Progress:====================>         68%] [Cov:===============================>   89%]
[Progress:====================>         68%] [Cov:===============================>   89%]
[Progress:====================>         68%] [Cov:===============================>   89%]
[Progress:=====================>        70%] [Cov:===============================>   89%]
[Progress:=====================>        70%] [Cov:===============================>   89%]
[Progress:=====================>        70%] [Cov:===============================>   89%]
[Progress:=====================>        71%] [Cov:===============================>   89%]
[Progress:=====================>        71%] [Cov:===============================>   89%]
[Progress:=====================>        71%] [Cov:===============================>   89%]
[Progress:=====================>        73%] [Cov:===============================>   89%]
[Progress:=====================>        73%] [Cov:===============================>   89%]
[Progress:=====================>        73%] [Cov:===============================>   89%]
[Progress:======================>       75%] [Cov:===============================>   89%]
[Progress:======================>       75%] [Cov:===============================>   89%]
[Progress:======================>       75%] [Cov:===============================>   89%]
[Progress:======================>       76%] [Cov:===============================>   89%]
[Progress:======================>       76%] [Cov:===============================>   89%]
[Progress:======================>       76%] [Cov:===============================>   89%]
[Progress:=======================>      78%] [Cov:===============================>   89%]
[Progress:=======================>      78%] [Cov:===============================>   89%]
[Progress:=======================>      78%] [Cov:===============================>   89%]
[Progress:========================>     80%] [Cov:===============================>   89%]
[Progress:========================>     80%] [Cov:===============================>   89%]
[Progress:========================>     80%] [Cov:===============================>   89%]
[Progress:========================>     81%] [Cov:===============================>   89%]
[Progress:========================>     81%] [Cov:===============================>   89%]
[Progress:========================>     81%] [Cov:===============================>   89%]
[Progress:========================>     83%] [Cov:===============================>   89%]
[Progress:========================>     83%] [Cov:===============================>   89%]
[Progress:========================>     83%] [Cov:===============================>   89%]
[Progress:=========================>    85%] [Cov:===============================>   89%]
[Progress:=========================>    85%] [Cov:===============================>   89%]
[Progress:=========================>    86%] [Cov:===============================>   89%]
[Progress:=========================>    86%] [Cov:===============================>   89%]
[Progress:=========================>    86%] [Cov:===============================>   89%]
[Progress:==========================>   88%] [Cov:==============================>    86%]
[Progress:==========================>   88%] [Cov:===============================>   89%]
[Progress:==========================>   88%] [Cov:===============================>   89%]
[Progress:==========================>   88%] [Cov:===============================>   89%]
[Progress:===========================>  90%] [Cov:===============================>   89%]
[Progress:===========================>  90%] [Cov:===============================>   89%]
[Progress:===========================>  90%] [Cov:===============================>   89%]
[Progress:===========================>  91%] [Cov:===============================>   89%]
[Progress:===========================>  91%] [Cov:===============================>   89%]
[Progress:===========================>  91%] [Cov:===============================>   89%]
[Progress:===========================>  93%] [Cov:===============================>   89%]
[Progress:===========================>  93%] [Cov:===============================>   89%]
[Progress:===========================>  93%] [Cov:===============================>   89%]
[Progress:===========================>  93%] [Cov:===============================>   89%]
[Progress:============================> 95%] [Cov:===============================>   89%]
[Progress:============================> 95%] [Cov:===============================>   89%]
[Progress:============================> 95%] [Cov:===============================>   89%]
[Progress:============================> 96%] [Cov:===============================>   89%]
[Progress:============================> 96%] [Cov:===============================>   89%]
[Progress:============================> 96%] [Cov:===============================>   89%]
[Progress:=============================>98%] [Cov:===============================>   89%]
[Progress:=============================>98%] [Cov:===============================>   89%]
[Progress:=============================>98%] [Cov:===============================>   89%]
[Progress:==============================100%] [Cov:=============================>     85%]
[Progress:==============================100%] [Cov:===============================>   89%]
[Progress:==============================100%] [Cov:===============================>   89%]
[Progress:==============================100%] [Cov:===============================>   89%]
[Progress:==============================100%] [Cov:===============================>   89%]
[Progress:==============================100%] [Cov:===============================>   89%]
[Progress:==============================100%] [Cov:===============================>   89%]
* Search finished after 61s and 135 generations, 54894 statements, best individual has fitness: 27.85714178146576
* Minimizing test suite
* Going to analyze the coverage criteria
* Coverage analysis for criterion LINE
* Coverage of criterion LINE: 91%
* Total number of goals: 66
* Number of covered goals: 60
* Coverage analysis for criterion BRANCH
* Coverage of criterion BRANCH: 87%
* Total number of goals: 45
* Number of covered goals: 39
* Coverage analysis for criterion EXCEPTION
* Coverage of criterion EXCEPTION: 50%
* Total number of goals: 2
* Number of covered goals: 1
* Coverage analysis for criterion WEAKMUTATION
* Coverage of criterion WEAKMUTATION: 93%
* Total number of goals: 113
* Number of covered goals: 105
* Coverage analysis for criterion OUTPUT
* Coverage of criterion OUTPUT: 67%
* Total number of goals: 3
* Number of covered goals: 2
* Coverage analysis for criterion METHOD
* Coverage of criterion METHOD: 100%
* Total number of goals: 3
* Number of covered goals: 3
* Coverage analysis for criterion METHODNOEXCEPTION
* Coverage of criterion METHODNOEXCEPTION: 100%
* Total number of goals: 3
* Number of covered goals: 3
* Coverage analysis for criterion CBRANCH
* Coverage of criterion CBRANCH: 87%
* Total number of goals: 45
* Number of covered goals: 39
* Generated 8 tests with total length 51
* Resulting test suite's coverage: 90% (average coverage for all fitness functions)
* Generating assertions
* Resulting test suite's mutation score: 33%
* Compiling and checking tests
* Writing tests to file
* Writing JUnit test case 'PosixParser_ESTest' to evosuite-tests
* Done!

* Computation finished

