CMD: /usr/lib/jvm/java-8-openjdk-amd64/bin/java -Dtools_jar_location=/usr/lib/jvm/java-8-openjdk-amd64/lib/tools.jar -jar /home/user/evosuite/evosuite-1.2.0.jar -generateSuite -class org.jsoup.parser.Token -projectCP /home/user/evosuite/Test/Jsoup-92b/target/classes -base_dir /home/user/evosuite/results/project-Jsoup/Jsoup-92/round02/evosuite-work -seed 11 -Dalgorithm=NSGAII -Dsearch_budget=150 -Dtest_format=JUNIT4 -Dassertions=true

* EvoSuite 1.2.0
* Going to generate test cases for class: org.jsoup.parser.Token
* Starting Client-0
* Connecting to master process on port 8222
* Analyzing classpath: 
  - /home/user/evosuite/Test/Jsoup-92b/target/classes
* Finished analyzing classpath
* Generating tests for class org.jsoup.parser.Token
* Test criteria:
  - Line Coverage
  - Branch Coverage
  - Exception
  - Mutation testing (weak)
  - Method-Output Coverage
  - Top-Level Method Coverage
  - No-Exception Top-Level Method Coverage
  - Context Branch Coverage
* Setting up search algorithm for whole suite generation
* Total number of test goals: 
  - Line 156
  - Branch 89
  - Exception 0
  - MutationFactory 155
  - Output 28
  - Method 57
  - MethodNoException 57
  - CBranchFitnessFactory 89

[Progress:>                             0%] [Cov:>                                  0%]* Using seed 11
* Starting evolution

[Progress:>                             0%] [Cov:>                                  0%]
[Progress:>                             0%] [Cov:=>                                 4%]
[Progress:>                             0%] [Cov:==>                                6%]
[Progress:>                             0%] [Cov:======>                            19%]
[Progress:>                             0%] [Cov:=======>                           20%]
[Progress:>                             0%] [Cov:=======>                           21%]
[Progress:>                             0%] [Cov:=======>                           22%]
[Progress:>                             0%] [Cov:========>                          24%]
[Progress:>                             0%] [Cov:=========>                         26%]
[Progress:>                             0%] [Cov:=========>                         27%]
[Progress:>                             0%] [Cov:=========>                         28%]
[Progress:>                             0%] [Cov:==========>                        29%]
[Progress:>                             0%] [Cov:==========>                        31%]
[Progress:>                             3%] [Cov:=>                                 4%]
[Progress:>                             3%] [Cov:==>                                6%]
[Progress:>                             3%] [Cov:======>                            19%]
[Progress:>                             3%] [Cov:=======>                           20%]
[Progress:>                             3%] [Cov:========>                          23%]
[Progress:>                             3%] [Cov:========>                          25%]
[Progress:>                             3%] [Cov:=========>                         27%]
[Progress:>                             3%] [Cov:==========>                        30%]
[Progress:>                             3%] [Cov:===========>                       33%]
[Progress:>                             3%] [Cov:============>                      35%]
[Progress:>                             3%] [Cov:============>                      37%]
[Progress:>                             3%] [Cov:==============>                    41%]
[Progress:>                             3%] [Cov:===============>                   44%]
[Progress:=>                            4%] [Cov:==>                                6%]
[Progress:=>                            4%] [Cov:==>                                8%]
[Progress:=>                            4%] [Cov:===>                               9%]
[Progress:=>                            4%] [Cov:=======>                           20%]
[Progress:=>                            4%] [Cov:=======>                           22%]
[Progress:=>                            4%] [Cov:=========>                         26%]
[Progress:=>                            4%] [Cov:=========>                         28%]
[Progress:=>                            4%] [Cov:===========>                       32%]
[Progress:=>                            4%] [Cov:============>                      36%]
[Progress:=>                            4%] [Cov:=============>                     39%]
[Progress:=>                            4%] [Cov:==============>                    41%]
[Progress:=>                            4%] [Cov:===============>                   45%]
[Progress:=>                            4%] [Cov:=================>                 51%]
[Progress:=>                            4%] [Cov:===================>               55%]
[Progress:=>                            4%] [Cov:===================>               55%]
[Progress:=>                            4%] [Cov:===================>               55%]
[Progress:=>                            5%] [Cov:=============>                     39%]
[Progress:=>                            5%] [Cov:==============>                    40%]
[Progress:=>                            5%] [Cov:===============>                   44%]
[Progress:=>                            5%] [Cov:===================>               55%]
[Progress:=>                            5%] [Cov:===================>               55%]
[Progress:=>                            6%] [Cov:===============>                   44%]
[Progress:=>                            6%] [Cov:================>                  48%]
[Progress:=>                            6%] [Cov:=================>                 51%]
[Progress:=>                            6%] [Cov:==================>                54%]
[Progress:=>                            6%] [Cov:===================>               55%]
[Progress:=>                            6%] [Cov:===================>               56%]
[Progress:=>                            6%] [Cov:===================>               56%]
[Progress:=>                            6%] [Cov:===================>               57%]
[Progress:=>                            6%] [Cov:====================>              58%]
[Progress:=>                            6%] [Cov:====================>              58%]
[Progress:==>                           7%] [Cov:===================>               55%]
[Progress:==>                           7%] [Cov:===================>               56%]
[Progress:==>                           7%] [Cov:===================>               57%]
[Progress:==>                           7%] [Cov:====================>              58%]
[Progress:==>                           7%] [Cov:====================>              59%]
[Progress:==>                           7%] [Cov:====================>              58%]
[Progress:==>                           8%] [Cov:===================>               56%]
[Progress:==>                           8%] [Cov:===================>               57%]
[Progress:==>                           8%] [Cov:====================>              58%]
[Progress:==>                           8%] [Cov:====================>              59%]
[Progress:==>                           8%] [Cov:=====================>             60%]
[Progress:==>                           8%] [Cov:=====================>             62%]
[Progress:==>                           8%] [Cov:======================>            63%]
[Progress:==>                           8%] [Cov:======================>            63%][MASTER] 02:45:22.470 [logback-1] WARN  TestCluster - Failed to check cache for java.util.Comparator<T> : Type points to itself

[Progress:==>                           8%] [Cov:======================>            63%]
[Progress:==>                           9%] [Cov:======================>            63%]
[Progress:==>                           9%] [Cov:======================>            63%]
[Progress:===>                          10%] [Cov:===================>               56%]
[Progress:===>                          10%] [Cov:===================>               57%]
[Progress:===>                          10%] [Cov:====================>              58%]
[Progress:===>                          10%] [Cov:====================>              59%]
[Progress:===>                          10%] [Cov:======================>            63%]
[Progress:===>                          10%] [Cov:======================>            63%]
[Progress:===>                          10%] [Cov:======================>            64%]
[Progress:===>                          10%] [Cov:======================>            64%]
[Progress:===>                          11%] [Cov:=====================>             60%]
[Progress:===>                          11%] [Cov:======================>            63%]
[Progress:===>                          11%] [Cov:======================>            64%]
[Progress:===>                          11%] [Cov:======================>            65%]
[Progress:===>                          11%] [Cov:======================>            65%]
[Progress:===>                          11%] [Cov:=======================>           66%]
[Progress:===>                          12%] [Cov:=====================>             61%]
[Progress:===>                          12%] [Cov:======================>            64%]
[Progress:===>                          12%] [Cov:=======================>           66%]
[Progress:===>                          12%] [Cov:=======================>           66%]
[Progress:===>                          13%] [Cov:=====================>             62%]
[Progress:===>                          13%] [Cov:======================>            64%]
[Progress:===>                          13%] [Cov:=======================>           66%]
[Progress:====>                         14%] [Cov:======================>            63%]
[Progress:====>                         14%] [Cov:======================>            64%]
[Progress:====>                         14%] [Cov:=======================>           66%]
[Progress:====>                         14%] [Cov:=======================>           66%]
[Progress:====>                         14%] [Cov:=======================>           67%]
[Progress:====>                         14%] [Cov:=======================>           68%]
[Progress:====>                         14%] [Cov:=======================>           68%]
[Progress:====>                         14%] [Cov:========================>          69%]
[Progress:====>                         15%] [Cov:======================>            65%]
[Progress:====>                         15%] [Cov:=======================>           66%]
[Progress:====>                         15%] [Cov:=======================>           67%]
[Progress:====>                         15%] [Cov:=======================>           68%]
[Progress:====>                         15%] [Cov:========================>          69%]
[Progress:====>                         16%] [Cov:=======================>           66%]
[Progress:====>                         16%] [Cov:=======================>           67%]
[Progress:====>                         16%] [Cov:=======================>           68%]
[Progress:====>                         16%] [Cov:========================>          69%]
[Progress:====>                         16%] [Cov:========================>          70%]
[Progress:====>                         16%] [Cov:========================>          70%]
[Progress:====>                         16%] [Cov:========================>          70%]
[Progress:=====>                        17%] [Cov:========================>          69%]
[Progress:=====>                        17%] [Cov:========================>          70%]
[Progress:=====>                        17%] [Cov:========================>          71%]
[Progress:=====>                        18%] [Cov:=====================>             60%]
[Progress:=====>                        18%] [Cov:======================>            63%]
[Progress:=====>                        18%] [Cov:=======================>           66%]
[Progress:=====>                        18%] [Cov:========================>          69%]
[Progress:=====>                        18%] [Cov:========================>          70%]
[Progress:=====>                        18%] [Cov:========================>          71%]
[Progress:=====>                        18%] [Cov:========================>          71%]
[Progress:=====>                        19%] [Cov:========================>          70%]
[Progress:=====>                        19%] [Cov:========================>          71%]
[Progress:======>                       20%] [Cov:========================>          71%]
[Progress:======>                       20%] [Cov:========================>          71%]
[Progress:======>                       20%] [Cov:=========================>         72%]
[Progress:======>                       20%] [Cov:=========================>         72%]
[Progress:======>                       21%] [Cov:========================>          71%]
[Progress:======>                       21%] [Cov:=========================>         72%]
[Progress:======>                       22%] [Cov:=======================>           67%]
[Progress:======>                       22%] [Cov:=======================>           68%]
[Progress:======>                       22%] [Cov:========================>          69%]
[Progress:======>                       22%] [Cov:========================>          70%]
[Progress:======>                       22%] [Cov:========================>          71%]
[Progress:======>                       22%] [Cov:=========================>         72%]
[Progress:======>                       22%] [Cov:=========================>         72%]
[Progress:======>                       23%] [Cov:=========================>         72%]
[Progress:======>                       23%] [Cov:=========================>         72%]
[Progress:=======>                      24%] [Cov:=========================>         72%]
[Progress:=======>                      24%] [Cov:=========================>         72%]
[Progress:=======>                      24%] [Cov:=========================>         73%]
[Progress:=======>                      25%] [Cov:========================>          71%]
[Progress:=======>                      25%] [Cov:=========================>         72%]
[Progress:=======>                      25%] [Cov:=========================>         72%]
[Progress:=======>                      25%] [Cov:=========================>         73%]
[Progress:=======>                      26%] [Cov:========================>          71%]
[Progress:=======>                      26%] [Cov:=========================>         72%]
[Progress:=======>                      26%] [Cov:=========================>         73%]
[Progress:=======>                      26%] [Cov:=========================>         72%]
[Progress:=======>                      26%] [Cov:=========================>         73%]
[Progress:========>                     27%] [Cov:=========================>         72%]
[Progress:========>                     27%] [Cov:=========================>         73%]
[Progress:========>                     27%] [Cov:=========================>         74%]
[Progress:========>                     27%] [Cov:=========================>         73%]
[Progress:========>                     27%] [Cov:=========================>         74%]
[Progress:========>                     28%] [Cov:========================>          69%]
[Progress:========>                     28%] [Cov:=========================>         72%]
[Progress:========>                     28%] [Cov:=========================>         74%]
[Progress:========>                     28%] [Cov:==========================>        75%]
[Progress:========>                     28%] [Cov:==========================>        75%]
[Progress:========>                     29%] [Cov:========================>          71%]
[Progress:========>                     29%] [Cov:=========================>         73%]
[Progress:========>                     29%] [Cov:=========================>         74%]
[Progress:========>                     29%] [Cov:=========================>         74%]
[Progress:=========>                    30%] [Cov:=========================>         72%]
[Progress:=========>                    30%] [Cov:==========================>        75%]
[Progress:=========>                    30%] [Cov:=========================>         74%]
[Progress:=========>                    30%] [Cov:==========================>        75%]
[Progress:=========>                    31%] [Cov:======================>            65%]
[Progress:=========>                    31%] [Cov:=======================>           67%]
[Progress:=========>                    31%] [Cov:========================>          69%]
[Progress:=========>                    31%] [Cov:=========================>         73%]
[Progress:=========>                    31%] [Cov:=========================>         74%]
[Progress:=========>                    31%] [Cov:=========================>         74%]
[Progress:=========>                    31%] [Cov:==========================>        75%]
[Progress:=========>                    32%] [Cov:=========================>         74%]
[Progress:=========>                    32%] [Cov:==========================>        75%]
[Progress:=========>                    32%] [Cov:==========================>        75%]
[Progress:=========>                    32%] [Cov:==========================>        76%]
[Progress:=========>                    33%] [Cov:=========================>         74%]
[Progress:=========>                    33%] [Cov:==========================>        75%]
[Progress:=========>                    33%] [Cov:==========================>        76%]
[Progress:=========>                    33%] [Cov:==========================>        76%]
[Progress:==========>                   34%] [Cov:=========================>         74%]
[Progress:==========>                   34%] [Cov:==========================>        75%]
[Progress:==========>                   34%] [Cov:==========================>        76%]
[Progress:==========>                   34%] [Cov:==========================>        75%]
[Progress:==========>                   34%] [Cov:==========================>        76%]
[Progress:==========>                   34%] [Cov:==========================>        77%]
[Progress:==========>                   35%] [Cov:==========================>        76%]
[Progress:==========>                   35%] [Cov:==========================>        75%]
[Progress:==========>                   35%] [Cov:==========================>        76%]
[Progress:==========>                   36%] [Cov:=========================>         74%]
[Progress:==========>                   36%] [Cov:==========================>        76%]
[Progress:==========>                   36%] [Cov:==========================>        77%]
[Progress:==========>                   36%] [Cov:==========================>        75%]
[Progress:==========>                   36%] [Cov:==========================>        76%]
[Progress:==========>                   36%] [Cov:==========================>        77%]
[Progress:===========>                  37%] [Cov:==========================>        75%]
[Progress:===========>                  37%] [Cov:==========================>        76%]
[Progress:===========>                  37%] [Cov:==========================>        77%]
[Progress:===========>                  37%] [Cov:===========================>       78%]
[Progress:===========>                  37%] [Cov:===========================>       79%]
[Progress:===========>                  38%] [Cov:==========================>        76%]
[Progress:===========>                  38%] [Cov:==========================>        77%]
[Progress:===========>                  38%] [Cov:==========================>        76%]
[Progress:===========>                  38%] [Cov:==========================>        77%]
[Progress:===========>                  38%] [Cov:===========================>       79%]
[Progress:===========>                  38%] [Cov:==========================>        77%]
[Progress:===========>                  38%] [Cov:===========================>       79%]
[Progress:===========>                  39%] [Cov:=========================>         74%]
[Progress:===========>                  39%] [Cov:==========================>        76%]
[Progress:===========>                  39%] [Cov:==========================>        77%]
[Progress:===========>                  39%] [Cov:===========================>       78%]
[Progress:============>                 40%] [Cov:==========================>        75%]
[Progress:============>                 40%] [Cov:==========================>        76%]
[Progress:============>                 40%] [Cov:===========================>       79%]
[Progress:============>                 40%] [Cov:===========================>       78%]
[Progress:============>                 40%] [Cov:===========================>       79%]
[Progress:============>                 41%] [Cov:==========================>        76%]
[Progress:============>                 41%] [Cov:===========================>       78%]
[Progress:============>                 41%] [Cov:===========================>       79%]
[Progress:============>                 42%] [Cov:==========================>        77%]
[Progress:============>                 42%] [Cov:===========================>       78%]
[Progress:============>                 42%] [Cov:===========================>       78%]
[Progress:============>                 42%] [Cov:===========================>       79%]
[Progress:============>                 42%] [Cov:===========================>       79%]
[Progress:============>                 43%] [Cov:===========================>       78%]
[Progress:============>                 43%] [Cov:===========================>       79%]
[Progress:=============>                44%] [Cov:==========================>        77%]
[Progress:=============>                44%] [Cov:===========================>       78%]
[Progress:=============>                44%] [Cov:===========================>       79%]
[Progress:=============>                44%] [Cov:===========================>       79%]
[Progress:=============>                44%] [Cov:============================>      80%]
[Progress:=============>                44%] [Cov:============================>      80%]
[Progress:=============>                45%] [Cov:===========================>       78%]
[Progress:=============>                45%] [Cov:===========================>       79%]
[Progress:=============>                45%] [Cov:============================>      80%]
[Progress:=============>                46%] [Cov:==========================>        77%]
[Progress:=============>                46%] [Cov:===========================>       78%]
[Progress:=============>                46%] [Cov:===========================>       79%]
[Progress:=============>                46%] [Cov:============================>      80%]
[Progress:=============>                46%] [Cov:============================>      80%]
[Progress:==============>               47%] [Cov:==========================>        75%]
[Progress:==============>               47%] [Cov:===========================>       78%]
[Progress:==============>               47%] [Cov:============================>      80%]
[Progress:==============>               47%] [Cov:============================>      80%]
[Progress:==============>               48%] [Cov:===========================>       78%]
[Progress:==============>               48%] [Cov:============================>      80%]
[Progress:==============>               48%] [Cov:============================>      80%]
[Progress:==============>               49%] [Cov:============================>      80%]
[Progress:==============>               49%] [Cov:============================>      80%]
[Progress:===============>              50%] [Cov:===========================>       79%]
[Progress:===============>              50%] [Cov:============================>      80%]
[Progress:===============>              50%] [Cov:============================>      80%]
[Progress:===============>              50%] [Cov:============================>      81%]
[Progress:===============>              51%] [Cov:==========================>        77%]
[Progress:===============>              51%] [Cov:===========================>       79%]
[Progress:===============>              51%] [Cov:============================>      80%]
[Progress:===============>              51%] [Cov:============================>      81%]
[Progress:===============>              52%] [Cov:===========================>       79%]
[Progress:===============>              52%] [Cov:============================>      80%]
[Progress:===============>              52%] [Cov:============================>      81%]
[Progress:===============>              52%] [Cov:============================>      81%]
[Progress:===============>              52%] [Cov:============================>      82%]
[Progress:===============>              53%] [Cov:============================>      80%]
[Progress:===============>              53%] [Cov:============================>      81%]
[Progress:===============>              53%] [Cov:============================>      81%]
[Progress:================>             54%] [Cov:============================>      80%]
[Progress:================>             54%] [Cov:============================>      81%]
[Progress:================>             54%] [Cov:============================>      81%]
[Progress:================>             55%] [Cov:===========================>       79%]
[Progress:================>             55%] [Cov:============================>      81%]
[Progress:================>             55%] [Cov:============================>      82%]
[Progress:================>             56%] [Cov:============================>      81%]
[Progress:================>             56%] [Cov:============================>      82%]
[Progress:================>             56%] [Cov:============================>      81%]
[Progress:================>             56%] [Cov:============================>      82%]
[Progress:=================>            57%] [Cov:============================>      81%]
[Progress:=================>            57%] [Cov:============================>      82%]
[Progress:=================>            58%] [Cov:============================>      81%]
[Progress:=================>            58%] [Cov:============================>      82%]
[Progress:=================>            58%] [Cov:============================>      82%]
[Progress:=================>            58%] [Cov:=============================>     83%]
[Progress:=================>            59%] [Cov:============================>      82%]
[Progress:=================>            59%] [Cov:=============================>     83%]
[Progress:=================>            59%] [Cov:=============================>     83%]
[Progress:==================>           60%] [Cov:============================>      81%]
[Progress:==================>           60%] [Cov:============================>      82%]
[Progress:==================>           60%] [Cov:=============================>     83%]
[Progress:==================>           60%] [Cov:============================>      82%]
[Progress:==================>           60%] [Cov:=============================>     83%]
[Progress:==================>           61%] [Cov:============================>      81%]
[Progress:==================>           61%] [Cov:============================>      82%]
[Progress:==================>           61%] [Cov:=============================>     83%]
[Progress:==================>           62%] [Cov:============================>      82%]
[Progress:==================>           62%] [Cov:=============================>     83%]
[Progress:==================>           62%] [Cov:=============================>     83%]
[Progress:==================>           62%] [Cov:=============================>     84%]
[Progress:==================>           62%] [Cov:=============================>     84%]
[Progress:==================>           63%] [Cov:============================>      82%]
[Progress:==================>           63%] [Cov:=============================>     84%]
[Progress:===================>          64%] [Cov:============================>      82%]
[Progress:===================>          64%] [Cov:=============================>     83%]
[Progress:===================>          64%] [Cov:=============================>     84%]
[Progress:===================>          65%] [Cov:============================>      82%]
[Progress:===================>          65%] [Cov:=============================>     83%]
[Progress:===================>          65%] [Cov:=============================>     84%]
[Progress:===================>          65%] [Cov:=============================>     84%]
[Progress:===================>          66%] [Cov:=============================>     84%]
[Progress:===================>          66%] [Cov:=============================>     84%]
[Progress:====================>         67%] [Cov:=============================>     83%]
[Progress:====================>         67%] [Cov:=============================>     84%]
[Progress:====================>         67%] [Cov:=============================>     85%]
[Progress:====================>         67%] [Cov:==============================>    86%]
[Progress:====================>         68%] [Cov:=============================>     83%]
[Progress:====================>         68%] [Cov:=============================>     84%]
[Progress:====================>         68%] [Cov:=============================>     85%]
[Progress:====================>         68%] [Cov:=============================>     84%]
[Progress:====================>         68%] [Cov:=============================>     85%]
[Progress:====================>         69%] [Cov:=============================>     84%]
[Progress:====================>         69%] [Cov:=============================>     85%]
[Progress:=====================>        70%] [Cov:=============================>     83%]
[Progress:=====================>        70%] [Cov:=============================>     84%]
[Progress:=====================>        70%] [Cov:=============================>     85%]
[Progress:=====================>        70%] [Cov:=============================>     84%]
[Progress:=====================>        70%] [Cov:=============================>     85%]
[Progress:=====================>        71%] [Cov:=============================>     84%]
[Progress:=====================>        71%] [Cov:=============================>     85%]
[Progress:=====================>        71%] [Cov:=============================>     84%]
[Progress:=====================>        71%] [Cov:=============================>     85%]
[Progress:=====================>        72%] [Cov:============================>      81%]
[Progress:=====================>        72%] [Cov:=============================>     85%]
[Progress:=====================>        72%] [Cov:==============================>    86%]
[Progress:=====================>        72%] [Cov:=============================>     84%]
[Progress:=====================>        72%] [Cov:=============================>     85%]
[Progress:=====================>        72%] [Cov:==============================>    86%]
[Progress:=====================>        73%] [Cov:=============================>     85%]
[Progress:=====================>        73%] [Cov:==============================>    86%]
[Progress:======================>       74%] [Cov:=============================>     85%]
[Progress:======================>       74%] [Cov:==============================>    86%]
[Progress:======================>       74%] [Cov:=============================>     85%]
[Progress:======================>       74%] [Cov:==============================>    86%]
[Progress:======================>       75%] [Cov:=============================>     85%]
[Progress:======================>       75%] [Cov:==============================>    86%]
[Progress:======================>       76%] [Cov:==============================>    86%]
[Progress:======================>       76%] [Cov:=============================>     85%]
[Progress:======================>       76%] [Cov:==============================>    86%]
[Progress:=======================>      77%] [Cov:=============================>     84%]
[Progress:=======================>      77%] [Cov:==============================>    86%]
[Progress:=======================>      77%] [Cov:=============================>     85%]
[Progress:=======================>      77%] [Cov:==============================>    86%]
[Progress:=======================>      78%] [Cov:=============================>     84%]
[Progress:=======================>      78%] [Cov:=============================>     85%]
[Progress:=======================>      78%] [Cov:==============================>    86%]
[Progress:=======================>      78%] [Cov:==============================>    87%]
[Progress:=======================>      78%] [Cov:=============================>     85%]
[Progress:=======================>      78%] [Cov:==============================>    86%]
[Progress:=======================>      79%] [Cov:=============================>     85%]
[Progress:=======================>      79%] [Cov:==============================>    86%]
[Progress:========================>     80%] [Cov:============================>      80%]
[Progress:========================>     80%] [Cov:=============================>     83%]
[Progress:========================>     80%] [Cov:==============================>    86%]
[Progress:========================>     80%] [Cov:=============================>     85%]
[Progress:========================>     80%] [Cov:==============================>    86%]
[Progress:========================>     81%] [Cov:==============================>    86%]
[Progress:========================>     81%] [Cov:==============================>    87%]
[Progress:========================>     81%] [Cov:==============================>    87%]
[Progress:========================>     82%] [Cov:==============================>    86%]
[Progress:========================>     82%] [Cov:==============================>    87%]
[Progress:========================>     82%] [Cov:==============================>    87%]
[Progress:========================>     83%] [Cov:==============================>    86%]
[Progress:========================>     83%] [Cov:==============================>    87%]
[Progress:=========================>    84%] [Cov:==============================>    86%]
[Progress:=========================>    84%] [Cov:==============================>    87%]
[Progress:=========================>    84%] [Cov:==============================>    87%]
[Progress:=========================>    85%] [Cov:==============================>    86%]
[Progress:=========================>    85%] [Cov:==============================>    87%]
[Progress:=========================>    86%] [Cov:=============================>     85%]
[Progress:=========================>    86%] [Cov:==============================>    87%]
[Progress:==========================>   87%] [Cov:=============================>     85%]
[Progress:==========================>   87%] [Cov:==============================>    86%]
[Progress:==========================>   87%] [Cov:==============================>    87%]
[Progress:==========================>   87%] [Cov:==============================>    87%]
[Progress:==========================>   88%] [Cov:==============================>    86%]
[Progress:==========================>   88%] [Cov:==============================>    87%]
[Progress:==========================>   88%] [Cov:==============================>    88%]
[Progress:==========================>   89%] [Cov:==============================>    86%]
[Progress:==========================>   89%] [Cov:==============================>    87%]
[Progress:==========================>   89%] [Cov:==============================>    87%]
[Progress:===========================>  90%] [Cov:============================>      81%]
[Progress:===========================>  90%] [Cov:============================>      82%]
[Progress:===========================>  90%] [Cov:==============================>    86%]
[Progress:===========================>  90%] [Cov:==============================>    87%]
[Progress:===========================>  90%] [Cov:==============================>    88%]
[Progress:===========================>  90%] [Cov:==============================>    88%]
[Progress:===========================>  91%] [Cov:=============================>     85%]
[Progress:===========================>  91%] [Cov:==============================>    86%]
[Progress:===========================>  91%] [Cov:==============================>    87%]
[Progress:===========================>  91%] [Cov:==============================>    88%]
[Progress:===========================>  92%] [Cov:==============================>    86%]
[Progress:===========================>  92%] [Cov:==============================>    87%]
[Progress:===========================>  92%] [Cov:==============================>    88%]
[Progress:===========================>  92%] [Cov:==============================>    88%]
[Progress:===========================>  93%] [Cov:==============================>    87%]
[Progress:===========================>  93%] [Cov:==============================>    88%]
[Progress:============================> 94%] [Cov:==============================>    87%]
[Progress:============================> 94%] [Cov:==============================>    88%]
[Progress:============================> 94%] [Cov:==============================>    88%]
[Progress:============================> 95%] [Cov:==============================>    87%]
[Progress:============================> 95%] [Cov:==============================>    88%]
[Progress:============================> 95%] [Cov:==============================>    88%]
[Progress:============================> 96%] [Cov:==============================>    87%]
[Progress:============================> 96%] [Cov:==============================>    88%]
[Progress:============================> 96%] [Cov:==============================>    88%]
[Progress:=============================>97%] [Cov:=============================>     84%]
[Progress:=============================>97%] [Cov:==============================>    88%]
[Progress:=============================>98%] [Cov:==============================>    88%]
[Progress:=============================>98%] [Cov:==============================>    88%]
[Progress:=============================>99%] [Cov:==============================>    88%]
[Progress:==============================100%] [Cov:==============================>    88%]
[Progress:==============================100%] [Cov:==============================>    88%]
[Progress:==============================100%] [Cov:==============================>    88%]
* Search finished after 152s and 89 generations, 34985 statements, best individual has fitness: 57.46666666666666
* Minimizing test suite
* Going to analyze the coverage criteria
* Coverage analysis for criterion LINE
* Coverage of criterion LINE: 97%
* Total number of goals: 156
* Number of covered goals: 152
* Coverage analysis for criterion BRANCH
* Coverage of criterion BRANCH: 93%
* Total number of goals: 89
* Number of covered goals: 83
* Coverage analysis for criterion EXCEPTION
* Coverage of criterion EXCEPTION: 100%
* Total number of goals: 5
* Number of covered goals: 5
* Coverage analysis for criterion WEAKMUTATION
* Coverage of criterion WEAKMUTATION: 90%
* Total number of goals: 155
* Number of covered goals: 140
* Coverage analysis for criterion OUTPUT
* Coverage of criterion OUTPUT: 61%
* Total number of goals: 28
* Number of covered goals: 17
* Coverage analysis for criterion METHOD
* Coverage of criterion METHOD: 95%
* Total number of goals: 57
* Number of covered goals: 54
* Coverage analysis for criterion METHODNOEXCEPTION
* Coverage of criterion METHODNOEXCEPTION: 91%
* Total number of goals: 57
* Number of covered goals: 52
* Coverage analysis for criterion CBRANCH
* Coverage of criterion CBRANCH: 92%
* Total number of goals: 89
* Number of covered goals: 82
* Generated 55 tests with total length 143
* Resulting test suite's coverage: 88% (average coverage for all fitness functions)
* Generating assertions
* Resulting test suite's mutation score: 46%
* Compiling and checking tests
* Writing tests to file
* Writing JUnit test case 'Token_ESTest' to evosuite-tests
* Done!

* Computation finished

