CMD: /usr/lib/jvm/java-8-openjdk-amd64/bin/java -Dtools_jar_location=/usr/lib/jvm/java-8-openjdk-amd64/lib/tools.jar -jar /home/user/evosuite/evosuite-1.2.0.jar -generateSuite -class org.jsoup.nodes.Element -projectCP /home/user/evosuite/Test/Jsoup-87b/target/classes -base_dir /home/user/evosuite/results/project-Jsoup/Jsoup-87/round02/evosuite-work -seed 11 -Dalgorithm=NSGAII -Dsearch_budget=150 -Dtest_format=JUNIT4 -Dassertions=true

* EvoSuite 1.2.0
* Going to generate test cases for class: org.jsoup.nodes.Element
* Starting Client-0
* Connecting to master process on port 8226
* Analyzing classpath: 
  - /home/user/evosuite/Test/Jsoup-87b/target/classes
* Finished analyzing classpath
* Generating tests for class org.jsoup.nodes.Element
* Test criteria:
  - Line Coverage
  - Branch Coverage
  - Exception
  - Mutation testing (weak)
  - Method-Output Coverage
  - Top-Level Method Coverage
  - No-Exception Top-Level Method Coverage
  - Context Branch Coverage
* Setting up search algorithm for whole suite generation
* Total number of test goals: 
  - Line 414
  - Branch 308
  - Exception 0
  - MutationFactory 843
  - Output 695
  - Method 102
  - MethodNoException 102
  - CBranchFitnessFactory 308

[Progress:>                             0%] [Cov:>                                  0%]* Using seed 11
* Starting evolution
[MASTER] 02:08:05.220 [logback-1] WARN  TestCluster - Failed to check cache for java.util.LinkedList<E> : Type points to itself

[Progress:=>                            4%] [Cov:>                                  0%]
[Progress:=>                            4%] [Cov:=>                                 3%]
[Progress:=>                            4%] [Cov:=>                                 5%]
[Progress:=>                            4%] [Cov:======>                            18%]
[Progress:=>                            4%] [Cov:=======>                           21%]
[Progress:=>                            4%] [Cov:=======>                           22%]
[Progress:=>                            4%] [Cov:========>                          24%]
[Progress:=>                            4%] [Cov:=========>                         26%]
[Progress:=>                            4%] [Cov:=========>                         28%]
[Progress:=>                            4%] [Cov:==========>                        30%]
[Progress:=>                            6%] [Cov:>                                  1%]
[Progress:=>                            6%] [Cov:=>                                 3%]
[Progress:=>                            6%] [Cov:==>                                6%]
[Progress:=>                            6%] [Cov:====>                              14%]
[Progress:=>                            6%] [Cov:======>                            19%]
[Progress:=>                            6%] [Cov:=======>                           22%]
[Progress:=>                            6%] [Cov:========>                          23%]
[Progress:=>                            6%] [Cov:========>                          24%]
[Progress:=>                            6%] [Cov:=========>                         26%]
[Progress:==>                           7%] [Cov:=>                                 3%]
[Progress:==>                           7%] [Cov:=>                                 5%]
[Progress:==>                           7%] [Cov:======>                            18%]
[Progress:==>                           7%] [Cov:=======>                           20%]
[Progress:==>                           7%] [Cov:=======>                           21%]
[Progress:==>                           7%] [Cov:=======>                           22%]
[Progress:==>                           7%] [Cov:========>                          23%]
[Progress:==>                           7%] [Cov:========>                          24%]
[Progress:==>                           8%] [Cov:>                                  2%]
[Progress:===>                          10%] [Cov:>                                  2%]
[Progress:===>                          10%] [Cov:=>                                 3%]
[Progress:===>                          10%] [Cov:=====>                             16%]
[Progress:===>                          10%] [Cov:=====>                             17%]
[Progress:===>                          10%] [Cov:======>                            18%]
[Progress:===>                          10%] [Cov:=======>                           21%]
[Progress:===>                          10%] [Cov:=======>                           22%]
[Progress:===>                          10%] [Cov:========>                          23%]
[Progress:===>                          10%] [Cov:========>                          25%][MASTER] 02:08:14.976 [logback-1] WARN  TestCluster - Failed to check cache for java.util.Comparator<T> : Type points to itself

[Progress:===>                          10%] [Cov:=========>                         27%]
[Progress:===>                          10%] [Cov:==========>                        29%]
[Progress:===>                          12%] [Cov:>                                  1%]
[Progress:===>                          12%] [Cov:>                                  2%]
[Progress:===>                          12%] [Cov:=====>                             15%]
[Progress:===>                          12%] [Cov:=====>                             16%]
[Progress:===>                          12%] [Cov:======>                            18%]
[Progress:===>                          12%] [Cov:=======>                           20%]
[Progress:===>                          12%] [Cov:=======>                           21%]
[Progress:===>                          12%] [Cov:=======>                           22%]
[Progress:===>                          12%] [Cov:========>                          24%]
[Progress:===>                          12%] [Cov:=========>                         26%]
[Progress:===>                          12%] [Cov:==========>                        30%]
[Progress:===>                          13%] [Cov:========>                          24%]
[Progress:===>                          13%] [Cov:=========>                         26%]
[Progress:====>                         14%] [Cov:=======>                           20%]
[Progress:====>                         14%] [Cov:========>                          24%]
[Progress:====>                         14%] [Cov:========>                          25%]
[Progress:====>                         14%] [Cov:=========>                         26%]
[Progress:====>                         14%] [Cov:==========>                        30%]
[Progress:====>                         14%] [Cov:==========>                        31%]
[Progress:====>                         16%] [Cov:=========>                         26%]
[Progress:====>                         16%] [Cov:==========>                        30%]
[Progress:====>                         16%] [Cov:==========>                        31%]
[Progress:====>                         16%] [Cov:==========>                        30%]
[Progress:=====>                        17%] [Cov:========>                          25%]
[Progress:=====>                        17%] [Cov:==========>                        29%]
[Progress:=====>                        17%] [Cov:==========>                        30%]
[Progress:=====>                        17%] [Cov:==========>                        31%]
[Progress:=====>                        17%] [Cov:===========>                       32%]
[Progress:=====>                        17%] [Cov:===========>                       33%]
[Progress:=====>                        18%] [Cov:==========>                        31%]
[Progress:=====>                        18%] [Cov:===========>                       32%]
[Progress:=====>                        18%] [Cov:===========>                       33%]
[Progress:=====>                        18%] [Cov:===========>                       34%]
[Progress:=====>                        18%] [Cov:============>                      35%]
[Progress:=====>                        18%] [Cov:============>                      36%]
[Progress:=====>                        18%] [Cov:============>                      37%]
[Progress:=====>                        19%] [Cov:========>                          25%]
[Progress:=====>                        19%] [Cov:==========>                        30%]
[Progress:=====>                        19%] [Cov:==========>                        31%]
[Progress:=====>                        19%] [Cov:============>                      35%]
[Progress:======>                       20%] [Cov:===========>                       32%]
[Progress:======>                       20%] [Cov:============>                      36%]
[Progress:======>                       20%] [Cov:============>                      35%]
[Progress:======>                       20%] [Cov:============>                      36%]
[Progress:======>                       20%] [Cov:============>                      37%]
[Progress:======>                       21%] [Cov:==========>                        30%]
[Progress:======>                       21%] [Cov:===========>                       32%]
[Progress:======>                       21%] [Cov:===========>                       33%]
[Progress:======>                       21%] [Cov:===========>                       34%]
[Progress:======>                       21%] [Cov:============>                      35%]
[Progress:======>                       22%] [Cov:===========>                       33%]
[Progress:======>                       22%] [Cov:===========>                       34%]
[Progress:======>                       22%] [Cov:============>                      35%]
[Progress:======>                       22%] [Cov:============>                      36%]
[Progress:======>                       22%] [Cov:============>                      35%]
[Progress:======>                       22%] [Cov:============>                      36%]
[Progress:======>                       22%] [Cov:============>                      37%]
[Progress:======>                       22%] [Cov:=============>                     38%]
[Progress:======>                       22%] [Cov:=============>                     39%]
[Progress:======>                       22%] [Cov:==============>                    40%]
[Progress:======>                       23%] [Cov:============>                      36%]
[Progress:======>                       23%] [Cov:============>                      37%]
[Progress:======>                       23%] [Cov:=============>                     38%]
[Progress:======>                       23%] [Cov:==============>                    40%]
[Progress:=======>                      24%] [Cov:============>                      36%]
[Progress:=======>                      24%] [Cov:============>                      37%]
[Progress:=======>                      24%] [Cov:=============>                     38%]
[Progress:=======>                      26%] [Cov:==========>                        31%]
[Progress:=======>                      26%] [Cov:===========>                       33%]
[Progress:=======>                      26%] [Cov:===========>                       34%]
[Progress:=======>                      26%] [Cov:============>                      35%]
[Progress:=======>                      26%] [Cov:============>                      36%]
[Progress:=======>                      26%] [Cov:============>                      37%]
[Progress:=======>                      26%] [Cov:=============>                     38%]
[Progress:=======>                      26%] [Cov:=============>                     39%]
[Progress:=======>                      26%] [Cov:==============>                    40%]
[Progress:=======>                      26%] [Cov:==============>                    40%]
[Progress:========>                     27%] [Cov:==============>                    40%]
[Progress:========>                     27%] [Cov:==============>                    41%]
[Progress:========>                     28%] [Cov:===========>                       33%]
[Progress:========>                     28%] [Cov:==============>                    41%]
[Progress:========>                     28%] [Cov:==============>                    42%]
[Progress:========>                     28%] [Cov:==============>                    42%]
[Progress:========>                     29%] [Cov:==============>                    42%]
[Progress:========>                     29%] [Cov:===============>                   43%]
[Progress:========>                     29%] [Cov:===============>                   44%]
[Progress:=========>                    30%] [Cov:============>                      37%]
[Progress:=========>                    30%] [Cov:=============>                     39%]
[Progress:=========>                    30%] [Cov:==============>                    40%]
[Progress:=========>                    30%] [Cov:==============>                    42%]
[Progress:=========>                    30%] [Cov:===============>                   43%]
[Progress:=========>                    31%] [Cov:=============>                     39%]
[Progress:=========>                    31%] [Cov:==============>                    40%]
[Progress:=========>                    31%] [Cov:==============>                    41%]
[Progress:=========>                    31%] [Cov:==============>                    42%]
[Progress:=========>                    31%] [Cov:===============>                   43%]
[Progress:=========>                    32%] [Cov:=============>                     39%]
[Progress:=========>                    32%] [Cov:==============>                    42%]
[Progress:=========>                    32%] [Cov:===============>                   43%]
[Progress:=========>                    32%] [Cov:===============>                   44%]
[Progress:=========>                    33%] [Cov:=============>                     39%]
[Progress:=========>                    33%] [Cov:==============>                    41%]
[Progress:=========>                    33%] [Cov:==============>                    42%]
[Progress:=========>                    33%] [Cov:===============>                   43%]
[Progress:=========>                    33%] [Cov:===============>                   43%]
[Progress:==========>                   34%] [Cov:==============>                    41%]
[Progress:==========>                   34%] [Cov:==============>                    42%]
[Progress:==========>                   34%] [Cov:===============>                   43%]
[Progress:==========>                   34%] [Cov:===============>                   44%]
[Progress:==========>                   35%] [Cov:==============>                    41%]
[Progress:==========>                   35%] [Cov:==============>                    42%]
[Progress:==========>                   35%] [Cov:===============>                   43%]
[Progress:==========>                   35%] [Cov:===============>                   43%]
[Progress:==========>                   35%] [Cov:===============>                   44%]
[Progress:==========>                   36%] [Cov:===============>                   43%]
[Progress:==========>                   36%] [Cov:===============>                   44%]
[Progress:==========>                   36%] [Cov:===============>                   45%]
[Progress:===========>                  37%] [Cov:===============>                   43%]
[Progress:===========>                  37%] [Cov:===============>                   44%]
[Progress:===========>                  37%] [Cov:===============>                   45%]
[Progress:===========>                  38%] [Cov:===============>                   43%]
[Progress:===========>                  38%] [Cov:===============>                   44%]
[Progress:===========>                  38%] [Cov:===============>                   45%]
[Progress:===========>                  38%] [Cov:================>                  46%]
[Progress:===========>                  39%] [Cov:===============>                   43%]
[Progress:===========>                  39%] [Cov:===============>                   44%]
[Progress:===========>                  39%] [Cov:===============>                   45%]
[Progress:============>                 40%] [Cov:===============>                   43%]
[Progress:============>                 40%] [Cov:================>                  46%]
[Progress:============>                 41%] [Cov:===============>                   44%]
[Progress:============>                 41%] [Cov:===============>                   45%]
[Progress:============>                 42%] [Cov:===============>                   45%]
[Progress:============>                 42%] [Cov:================>                  46%]
[Progress:============>                 43%] [Cov:===============>                   45%]
[Progress:============>                 43%] [Cov:================>                  46%]
[Progress:=============>                44%] [Cov:===============>                   45%]
[Progress:=============>                44%] [Cov:================>                  46%]
[Progress:=============>                44%] [Cov:================>                  46%]
[Progress:=============>                45%] [Cov:===============>                   45%]
[Progress:=============>                45%] [Cov:================>                  46%]
[Progress:=============>                46%] [Cov:===============>                   43%]
[Progress:=============>                46%] [Cov:===============>                   45%]
[Progress:=============>                46%] [Cov:================>                  46%]
[Progress:==============>               47%] [Cov:===============>                   45%]
[Progress:==============>               47%] [Cov:================>                  46%]
[Progress:==============>               47%] [Cov:================>                  47%]
[Progress:==============>               48%] [Cov:===============>                   45%]
[Progress:==============>               48%] [Cov:================>                  47%]
[Progress:==============>               49%] [Cov:===============>                   45%]
[Progress:==============>               49%] [Cov:================>                  46%]
[Progress:==============>               49%] [Cov:================>                  47%]
[Progress:===============>              50%] [Cov:===============>                   44%]
[Progress:===============>              50%] [Cov:===============>                   45%]
[Progress:===============>              50%] [Cov:================>                  47%]
[Progress:===============>              50%] [Cov:================>                  47%]
[Progress:===============>              51%] [Cov:================>                  46%]
[Progress:===============>              51%] [Cov:================>                  47%]
[Progress:===============>              52%] [Cov:===============>                   45%]
[Progress:===============>              52%] [Cov:================>                  46%]
[Progress:===============>              52%] [Cov:================>                  47%]
[Progress:===============>              52%] [Cov:================>                  48%]
[Progress:===============>              53%] [Cov:================>                  46%]
[Progress:===============>              53%] [Cov:================>                  48%]
[Progress:================>             54%] [Cov:================>                  46%]
[Progress:================>             54%] [Cov:================>                  47%]
[Progress:================>             54%] [Cov:================>                  48%]
[Progress:================>             55%] [Cov:================>                  46%]
[Progress:================>             55%] [Cov:================>                  47%]
[Progress:================>             55%] [Cov:================>                  48%]
[Progress:================>             56%] [Cov:===============>                   44%]
[Progress:================>             56%] [Cov:================>                  46%]
[Progress:================>             56%] [Cov:================>                  47%]
[Progress:================>             56%] [Cov:================>                  48%]
[Progress:================>             56%] [Cov:=================>                 49%]
[Progress:=================>            57%] [Cov:================>                  46%]
[Progress:=================>            57%] [Cov:================>                  47%]
[Progress:=================>            57%] [Cov:================>                  48%]
[Progress:=================>            57%] [Cov:=================>                 49%]
[Progress:=================>            58%] [Cov:================>                  46%]
[Progress:=================>            58%] [Cov:================>                  47%]
[Progress:=================>            58%] [Cov:================>                  48%]
[Progress:=================>            59%] [Cov:================>                  47%]
[Progress:=================>            59%] [Cov:================>                  48%]
[Progress:=================>            59%] [Cov:=================>                 49%]
[Progress:==================>           60%] [Cov:================>                  47%]
[Progress:==================>           60%] [Cov:================>                  48%]
[Progress:==================>           60%] [Cov:=================>                 49%]
[Progress:==================>           61%] [Cov:================>                  46%]
[Progress:==================>           61%] [Cov:================>                  47%]
[Progress:==================>           61%] [Cov:================>                  48%]
[Progress:==================>           61%] [Cov:=================>                 49%]
[Progress:==================>           62%] [Cov:================>                  47%]
[Progress:==================>           62%] [Cov:================>                  48%]
[Progress:==================>           62%] [Cov:=================>                 49%]
[Progress:==================>           62%] [Cov:=================>                 50%]
[Progress:==================>           63%] [Cov:================>                  48%]
[Progress:==================>           63%] [Cov:=================>                 49%]
[Progress:===================>          64%] [Cov:================>                  47%]
[Progress:===================>          64%] [Cov:================>                  48%]
[Progress:===================>          64%] [Cov:=================>                 49%]
[Progress:===================>          64%] [Cov:=================>                 49%]
[Progress:===================>          64%] [Cov:=================>                 50%]
[Progress:===================>          65%] [Cov:================>                  48%]
[Progress:===================>          65%] [Cov:=================>                 49%]
[Progress:===================>          66%] [Cov:================>                  48%]
[Progress:===================>          66%] [Cov:=================>                 49%]
[Progress:===================>          66%] [Cov:=================>                 50%]
[Progress:====================>         67%] [Cov:=================>                 49%]
[Progress:====================>         67%] [Cov:=================>                 50%]
[Progress:====================>         68%] [Cov:=================>                 49%]
[Progress:====================>         68%] [Cov:=================>                 50%]
[Progress:====================>         69%] [Cov:=================>                 49%]
[Progress:====================>         69%] [Cov:=================>                 50%]
[Progress:====================>         69%] [Cov:=================>                 50%]
[Progress:=====================>        70%] [Cov:================>                  48%]
[Progress:=====================>        70%] [Cov:=================>                 50%]
[Progress:=====================>        71%] [Cov:================>                  48%]
[Progress:=====================>        71%] [Cov:=================>                 49%]
[Progress:=====================>        71%] [Cov:=================>                 50%]
[Progress:=====================>        72%] [Cov:=================>                 50%]
[Progress:=====================>        72%] [Cov:=================>                 51%]
[Progress:=====================>        73%] [Cov:=================>                 49%]
[Progress:=====================>        73%] [Cov:=================>                 50%]
[Progress:=====================>        73%] [Cov:=================>                 50%]
[Progress:======================>       74%] [Cov:=================>                 50%]
[Progress:======================>       76%] [Cov:=================>                 49%]
[Progress:======================>       76%] [Cov:=================>                 50%]
[Progress:=======================>      78%] [Cov:=================>                 50%]
[Progress:=======================>      78%] [Cov:=================>                 51%]
[Progress:=======================>      79%] [Cov:=================>                 50%]
[Progress:=======================>      79%] [Cov:=================>                 51%]
[Progress:========================>     80%] [Cov:=================>                 50%]
[Progress:========================>     80%] [Cov:=================>                 51%]
[Progress:========================>     80%] [Cov:=================>                 50%]
[Progress:========================>     80%] [Cov:=================>                 51%]
[Progress:========================>     80%] [Cov:==================>                52%]
[Progress:========================>     81%] [Cov:=================>                 50%]
[Progress:========================>     81%] [Cov:=================>                 51%]
[Progress:========================>     82%] [Cov:=================>                 50%]
[Progress:========================>     82%] [Cov:=================>                 51%]
[Progress:========================>     83%] [Cov:=================>                 50%]
[Progress:========================>     83%] [Cov:=================>                 51%]
[Progress:========================>     83%] [Cov:=================>                 51%]
[Progress:=========================>    84%] [Cov:=================>                 50%]
[Progress:=========================>    84%] [Cov:=================>                 51%]
[Progress:=========================>    85%] [Cov:=================>                 50%]
[Progress:=========================>    85%] [Cov:=================>                 51%]
[Progress:=========================>    85%] [Cov:==================>                52%]
[Progress:=========================>    86%] [Cov:==================>                52%]
[Progress:=========================>    86%] [Cov:==================>                52%]
[Progress:==========================>   87%] [Cov:=================>                 50%]
[Progress:==========================>   89%] [Cov:=================>                 50%]
[Progress:==========================>   89%] [Cov:=================>                 51%]
[Progress:==========================>   89%] [Cov:==================>                52%]
[Progress:===========================>  90%] [Cov:=================>                 51%]
[Progress:===========================>  90%] [Cov:==================>                52%]
[Progress:===========================>  91%] [Cov:=================>                 51%]
[Progress:===========================>  91%] [Cov:==================>                52%]
[Progress:===========================>  92%] [Cov:=================>                 51%]
[Progress:===========================>  92%] [Cov:==================>                52%]
[Progress:===========================>  92%] [Cov:==================>                52%]
[Progress:===========================>  93%] [Cov:==================>                52%]
[Progress:===========================>  93%] [Cov:==================>                53%]
[Progress:============================> 94%] [Cov:=================>                 50%]
[Progress:============================> 94%] [Cov:=================>                 51%]
[Progress:============================> 94%] [Cov:==================>                52%]
[Progress:============================> 95%] [Cov:=================>                 51%]
[Progress:============================> 95%] [Cov:==================>                52%]
[Progress:============================> 96%] [Cov:=================>                 51%]
[Progress:============================> 96%] [Cov:==================>                52%]
[Progress:============================> 96%] [Cov:==================>                53%]
[Progress:=============================>97%] [Cov:==================>                52%]
[Progress:=============================>97%] [Cov:==================>                53%]
[Progress:=============================>98%] [Cov:=================>                 51%]
[Progress:=============================>98%] [Cov:==================>                52%]
[Progress:=============================>99%] [Cov:=================>                 51%]
[Progress:=============================>99%] [Cov:==================>                52%]
[Progress:=============================>99%] [Cov:==================>                53%]
[Progress:==============================100%] [Cov:=================>                 51%]
[Progress:==============================100%] [Cov:==================>                52%]
[Progress:==============================100%] [Cov:==================>                54%]
[Progress:==============================100%] [Cov:=================>                 51%]
[Progress:==============================100%] [Cov:==================>                52%]
[Progress:==============================100%] [Cov:==================>                53%]
* Search finished after 153s and 34 generations, 14928 statements, best individual has fitness: 1772.9556311490396
* Minimizing test suite
* Going to analyze the coverage criteria
* Coverage analysis for criterion LINE
* Coverage of criterion LINE: 67%
* Total number of goals: 414
* Number of covered goals: 278
* Coverage analysis for criterion BRANCH
* Coverage of criterion BRANCH: 55%
* Total number of goals: 308
* Number of covered goals: 169
* Coverage analysis for criterion EXCEPTION
* Coverage of criterion EXCEPTION: 16%
* Total number of goals: 49
* Number of covered goals: 8
* Coverage analysis for criterion WEAKMUTATION
* Coverage of criterion WEAKMUTATION: 47%
* Total number of goals: 843
* Number of covered goals: 396
* Coverage analysis for criterion OUTPUT
* Coverage of criterion OUTPUT: 18%
* Total number of goals: 695
* Number of covered goals: 123
* Coverage analysis for criterion METHOD
* Coverage of criterion METHOD: 53%
* Total number of goals: 102
* Number of covered goals: 54
* Coverage analysis for criterion METHODNOEXCEPTION
* Coverage of criterion METHODNOEXCEPTION: 47%
* Total number of goals: 102
* Number of covered goals: 48
* Coverage analysis for criterion CBRANCH
* Coverage of criterion CBRANCH: 48%
* Total number of goals: 308
* Number of covered goals: 148
* Generated 69 tests with total length 183
* Resulting test suite's coverage: 53% (average coverage for all fitness functions)
* Generating assertions
* Resulting test suite's mutation score: 24%
* Compiling and checking tests
* Permissions denied during test execution: 
  - java.lang.RuntimePermission: 
         writeFileDescriptor: 4
* Writing tests to file
* Writing JUnit test case 'Element_ESTest' to evosuite-tests
* Done!

* Computation finished

