CMD: /usr/lib/jvm/java-8-openjdk-amd64/bin/java -Dtools_jar_location=/usr/lib/jvm/java-8-openjdk-amd64/lib/tools.jar -jar /home/pizza/evosuite/evosuite-1.2.0.jar -generateSuite -class com.google.javascript.jscomp.NodeUtil -projectCP /home/pizza/evosuite/Test/Closure-94b/build/classes:/home/pizza/evosuite/Test/Closure-94b/lib/ant_deploy.jar:/home/pizza/evosuite/Test/Closure-94b/lib/args4j_deploy.jar:/home/pizza/evosuite/Test/Closure-94b/lib/guava-r06.jar:/home/pizza/evosuite/Test/Closure-94b/lib/hamcrest-core-1.1.jar:/home/pizza/evosuite/Test/Closure-94b/lib/json.jar:/home/pizza/evosuite/Test/Closure-94b/lib/jsr305.jar:/home/pizza/evosuite/Test/Closure-94b/lib/junit.jar:/home/pizza/evosuite/Test/Closure-94b/lib/libtrunk_rhino_parser_jarjared.jar:/home/pizza/evosuite/Test/Closure-94b/lib/protobuf-java-2.3.0.jar -base_dir /home/pizza/evosuite/results/project-Closure/Closure-94/round02/evosuite-work -seed 11 -Dalgorithm=NSGAII -Dsearch_budget=150 -Dtest_format=JUNIT4 -Dassertions=true

* EvoSuite 1.2.0
* Going to generate test cases for class: com.google.javascript.jscomp.NodeUtil
* Starting Client-0
* Connecting to master process on port 8220
* Analyzing classpath: 
  - /home/pizza/evosuite/Test/Closure-94b/build/classes
  - /home/pizza/evosuite/Test/Closure-94b/lib/ant_deploy.jar
  - /home/pizza/evosuite/Test/Closure-94b/lib/args4j_deploy.jar
  - /home/pizza/evosuite/Test/Closure-94b/lib/guava-r06.jar
  - /home/pizza/evosuite/Test/Closure-94b/lib/hamcrest-core-1.1.jar
  - /home/pizza/evosuite/Test/Closure-94b/lib/json.jar
  - /home/pizza/evosuite/Test/Closure-94b/lib/jsr305.jar
  - /home/pizza/evosuite/Test/Closure-94b/lib/junit.jar
  - /home/pizza/evosuite/Test/Closure-94b/lib/libtrunk_rhino_parser_jarjared.jar
  - /home/pizza/evosuite/Test/Closure-94b/lib/protobuf-java-2.3.0.jar
* Finished analyzing classpath
* Generating tests for class com.google.javascript.jscomp.NodeUtil
* Test criteria:
  - Line Coverage
  - Branch Coverage
  - Exception
  - Mutation testing (weak)
  - Method-Output Coverage
  - Top-Level Method Coverage
  - No-Exception Top-Level Method Coverage
  - Context Branch Coverage
* Setting up search algorithm for whole suite generation
* Total number of test goals: 
  - Line 677
  - Branch 1958
  - Exception 0
  - MutationFactory 468
  - Output 1026
  - Method 126
  - MethodNoException 126
  - CBranchFitnessFactory 1958

[Progress:>                             0%] [Cov:>                                  0%]* Using seed 11
* Starting evolution

[Progress:=>                            4%] [Cov:>                                  0%]
[Progress:=>                            4%] [Cov:>                                  2%]
[Progress:=>                            4%] [Cov:====>                              12%]
[Progress:=>                            4%] [Cov:====>                              14%]
[Progress:=>                            5%] [Cov:===>                               11%]
[Progress:=>                            5%] [Cov:====>                              14%]
[Progress:=>                            5%] [Cov:=====>                             15%]
[Progress:=>                            6%] [Cov:>                                  0%]
[Progress:=>                            6%] [Cov:====>                              12%]
[Progress:=>                            6%] [Cov:====>                              13%][MASTER] 01:35:48.887 [logback-1] WARN  TestCluster - Failed to check cache for java.util.function.Function<T, R> : Type points to itself

[Progress:=>                            6%] [Cov:====>                              14%]
[Progress:=>                            6%] [Cov:=====>                             15%]
[Progress:==>                           7%] [Cov:>                                  0%]
[Progress:==>                           7%] [Cov:====>                              12%]
[Progress:==>                           7%] [Cov:====>                              13%]
[Progress:==>                           7%] [Cov:====>                              14%]
[Progress:==>                           8%] [Cov:>                                  0%]
[Progress:==>                           8%] [Cov:>                                  2%]
[Progress:==>                           8%] [Cov:====>                              14%]
[Progress:==>                           8%] [Cov:=====>                             15%]
[Progress:==>                           8%] [Cov:=====>                             15%]
[Progress:==>                           8%] [Cov:=====>                             16%]
[Progress:==>                           9%] [Cov:===>                               11%]
[Progress:==>                           9%] [Cov:====>                              13%]
[Progress:==>                           9%] [Cov:====>                              14%]
[Progress:==>                           9%] [Cov:=====>                             15%]
[Progress:==>                           9%] [Cov:=====>                             16%]
[Progress:==>                           9%] [Cov:=====>                             17%]
[Progress:===>                          10%] [Cov:====>                              13%]
[Progress:===>                          10%] [Cov:====>                              14%]
[Progress:===>                          10%] [Cov:=====>                             15%]
[Progress:===>                          10%] [Cov:=====>                             16%]
[Progress:===>                          10%] [Cov:=====>                             16%]
[Progress:===>                          11%] [Cov:=====>                             16%]
[Progress:===>                          11%] [Cov:=====>                             17%]
[Progress:===>                          11%] [Cov:=====>                             16%]
[Progress:===>                          11%] [Cov:=====>                             17%]
[Progress:===>                          12%] [Cov:=====>                             16%]
[Progress:===>                          12%] [Cov:=====>                             17%]
[Progress:===>                          12%] [Cov:=====>                             17%]
[Progress:===>                          12%] [Cov:======>                            18%]
[Progress:===>                          12%] [Cov:======>                            18%]
[Progress:===>                          13%] [Cov:=====>                             17%]
[Progress:===>                          13%] [Cov:======>                            18%]
[Progress:===>                          13%] [Cov:======>                            19%]
[Progress:====>                         14%] [Cov:====>                              12%]
[Progress:====>                         14%] [Cov:=====>                             15%]
[Progress:====>                         14%] [Cov:=====>                             16%]
[Progress:====>                         14%] [Cov:=====>                             17%]
[Progress:====>                         14%] [Cov:======>                            18%]
[Progress:====>                         14%] [Cov:======>                            19%]
[Progress:====>                         14%] [Cov:=======>                           20%]
[Progress:====>                         15%] [Cov:=====>                             16%]
[Progress:====>                         15%] [Cov:=====>                             17%]
[Progress:====>                         15%] [Cov:======>                            18%]
[Progress:====>                         15%] [Cov:======>                            19%]
[Progress:====>                         15%] [Cov:=======>                           20%]
[Progress:====>                         16%] [Cov:======>                            18%]
[Progress:====>                         16%] [Cov:======>                            19%]
[Progress:====>                         16%] [Cov:=======>                           20%]
[Progress:====>                         16%] [Cov:=======>                           21%]
[Progress:====>                         16%] [Cov:======>                            19%]
[Progress:====>                         16%] [Cov:=======>                           20%]
[Progress:=====>                        17%] [Cov:======>                            18%]
[Progress:=====>                        17%] [Cov:======>                            19%]
[Progress:=====>                        17%] [Cov:=======>                           20%]
[Progress:=====>                        18%] [Cov:======>                            19%]
[Progress:=====>                        18%] [Cov:=======>                           20%]
[Progress:=====>                        19%] [Cov:======>                            19%]
[Progress:=====>                        19%] [Cov:=======>                           21%]
[Progress:=====>                        19%] [Cov:======>                            19%]
[Progress:=====>                        19%] [Cov:=======>                           21%]
[Progress:======>                       20%] [Cov:=======>                           21%]
[Progress:======>                       21%] [Cov:=======>                           20%]
[Progress:======>                       21%] [Cov:======>                            19%]
[Progress:======>                       21%] [Cov:=======>                           20%]
[Progress:======>                       21%] [Cov:=======>                           21%]
[Progress:======>                       22%] [Cov:=====>                             16%]
[Progress:======>                       22%] [Cov:======>                            19%]
[Progress:======>                       22%] [Cov:=======>                           20%]
[Progress:======>                       22%] [Cov:=======>                           21%]
[Progress:======>                       22%] [Cov:=======>                           22%]
[Progress:======>                       23%] [Cov:=======>                           20%]
[Progress:======>                       23%] [Cov:=======>                           21%]
[Progress:=======>                      24%] [Cov:======>                            19%]
[Progress:=======>                      24%] [Cov:=======>                           20%]
[Progress:=======>                      24%] [Cov:=======>                           21%]
[Progress:=======>                      24%] [Cov:=======>                           22%]
[Progress:=======>                      24%] [Cov:========>                          23%]
[Progress:=======>                      25%] [Cov:======>                            19%]
[Progress:=======>                      25%] [Cov:=======>                           20%]
[Progress:=======>                      25%] [Cov:=======>                           21%]
[Progress:=======>                      25%] [Cov:=======>                           22%]
[Progress:=======>                      25%] [Cov:=======>                           20%]
[Progress:=======>                      26%] [Cov:=======>                           21%]
[Progress:=======>                      26%] [Cov:=======>                           22%][MASTER] 01:36:19.056 [logback-1] WARN  TestCluster - Failed to check cache for com.google.common.base.Supplier<T> : Type points to itself

[Progress:========>                     27%] [Cov:=======>                           20%]
[Progress:========>                     27%] [Cov:=======>                           21%]
[Progress:========>                     27%] [Cov:=======>                           20%]
[Progress:========>                     27%] [Cov:=======>                           21%]
[Progress:========>                     28%] [Cov:=======>                           21%]
[Progress:========>                     28%] [Cov:=======>                           22%]
[Progress:========>                     29%] [Cov:=======>                           21%]
[Progress:========>                     29%] [Cov:=======>                           22%]
[Progress:=========>                    30%] [Cov:=======>                           21%]
[Progress:=========>                    30%] [Cov:=======>                           22%]
[Progress:=========>                    30%] [Cov:=======>                           20%]
[Progress:=========>                    30%] [Cov:=======>                           21%]
[Progress:=========>                    30%] [Cov:=======>                           22%]
[Progress:=========>                    31%] [Cov:=======>                           21%]
[Progress:=========>                    31%] [Cov:=======>                           22%]
[Progress:=========>                    32%] [Cov:=======>                           22%]
[Progress:=========>                    32%] [Cov:========>                          23%]
[Progress:=========>                    32%] [Cov:========>                          24%]
[Progress:=========>                    33%] [Cov:=======>                           21%]
[Progress:=========>                    33%] [Cov:=======>                           22%]
[Progress:=========>                    33%] [Cov:========>                          23%]
[Progress:==========>                   34%] [Cov:=======>                           21%]
[Progress:==========>                   34%] [Cov:=======>                           22%]
[Progress:==========>                   34%] [Cov:========>                          23%]
[Progress:==========>                   35%] [Cov:=======>                           20%]
[Progress:==========>                   35%] [Cov:=======>                           22%]
[Progress:==========>                   35%] [Cov:========>                          24%]
[Progress:==========>                   36%] [Cov:=======>                           21%]
[Progress:==========>                   36%] [Cov:=======>                           22%]
[Progress:==========>                   36%] [Cov:========>                          23%]
[Progress:==========>                   36%] [Cov:========>                          24%]
[Progress:===========>                  37%] [Cov:========>                          23%]
[Progress:===========>                  37%] [Cov:========>                          24%]
[Progress:===========>                  38%] [Cov:=======>                           21%]
[Progress:===========>                  38%] [Cov:=======>                           22%]
[Progress:===========>                  38%] [Cov:========>                          23%]
[Progress:===========>                  38%] [Cov:========>                          24%]
[Progress:===========>                  38%] [Cov:========>                          23%]
[Progress:===========>                  38%] [Cov:========>                          24%]
[Progress:===========>                  38%] [Cov:========>                          25%]
[Progress:===========>                  38%] [Cov:=========>                         26%]
[Progress:===========>                  38%] [Cov:=========>                         28%]
[Progress:===========>                  39%] [Cov:=======>                           22%]
[Progress:===========>                  39%] [Cov:========>                          23%]
[Progress:===========>                  39%] [Cov:========>                          24%]
[Progress:============>                 40%] [Cov:=======>                           20%]
[Progress:============>                 40%] [Cov:========>                          23%]
[Progress:============>                 40%] [Cov:========>                          25%]
[Progress:============>                 40%] [Cov:=========>                         26%]
[Progress:============>                 40%] [Cov:=========>                         27%]
[Progress:============>                 40%] [Cov:=========>                         28%]
[Progress:============>                 41%] [Cov:========>                          23%]
[Progress:============>                 41%] [Cov:========>                          24%]
[Progress:============>                 41%] [Cov:========>                          25%]
[Progress:============>                 42%] [Cov:=======>                           21%]
[Progress:============>                 42%] [Cov:========>                          25%]
[Progress:============>                 42%] [Cov:=========>                         26%]
[Progress:============>                 42%] [Cov:=========>                         27%]
[Progress:============>                 42%] [Cov:=========>                         28%]
[Progress:============>                 43%] [Cov:========>                          24%]
[Progress:============>                 43%] [Cov:=========>                         26%]
[Progress:============>                 43%] [Cov:=========>                         28%]
[Progress:=============>                44%] [Cov:========>                          25%]
[Progress:=============>                44%] [Cov:=========>                         28%]
[Progress:=============>                44%] [Cov:==========>                        29%]
[Progress:=============>                45%] [Cov:=========>                         26%]
[Progress:=============>                45%] [Cov:=========>                         28%]
[Progress:=============>                45%] [Cov:==========>                        29%]
[Progress:=============>                46%] [Cov:========>                          25%]
[Progress:=============>                46%] [Cov:=========>                         28%]
[Progress:=============>                46%] [Cov:==========>                        29%]
[Progress:==============>               47%] [Cov:=======>                           20%]
[Progress:==============>               47%] [Cov:=========>                         27%]
[Progress:==============>               47%] [Cov:=========>                         28%]
[Progress:==============>               48%] [Cov:=========>                         28%]
[Progress:==============>               48%] [Cov:==========>                        29%]
[Progress:==============>               49%] [Cov:=========>                         26%]
[Progress:==============>               49%] [Cov:=========>                         28%]
[Progress:==============>               49%] [Cov:==========>                        29%]
[Progress:===============>              50%] [Cov:==========>                        29%]
[Progress:===============>              50%] [Cov:==========>                        29%]
[Progress:===============>              51%] [Cov:=========>                         28%]
[Progress:===============>              51%] [Cov:==========>                        29%]
[Progress:===============>              52%] [Cov:=========>                         28%]
[Progress:===============>              52%] [Cov:==========>                        29%]
[Progress:===============>              53%] [Cov:=========>                         26%]
[Progress:===============>              53%] [Cov:==========>                        29%]
[Progress:===============>              53%] [Cov:==========>                        29%]
[Progress:================>             54%] [Cov:==========>                        29%]
[Progress:================>             54%] [Cov:==========>                        30%]
[Progress:================>             55%] [Cov:==========>                        29%]
[Progress:================>             55%] [Cov:==========>                        30%]
[Progress:================>             55%] [Cov:==========>                        30%]
[Progress:================>             56%] [Cov:=========>                         28%]
[Progress:================>             56%] [Cov:==========>                        29%]
[Progress:================>             56%] [Cov:==========>                        30%]
[Progress:=================>            57%] [Cov:=========>                         27%]
[Progress:=================>            57%] [Cov:==========>                        30%]
[Progress:=================>            58%] [Cov:==========>                        29%]
[Progress:=================>            58%] [Cov:==========>                        30%]
[Progress:=================>            59%] [Cov:==========>                        30%]
[Progress:==================>           60%] [Cov:=========>                         27%]
[Progress:==================>           60%] [Cov:==========>                        29%]
[Progress:==================>           60%] [Cov:==========>                        30%]
[Progress:==================>           61%] [Cov:=========>                         28%]
[Progress:==================>           61%] [Cov:==========>                        29%]
[Progress:==================>           61%] [Cov:==========>                        30%]
[Progress:==================>           62%] [Cov:==========>                        30%]
[Progress:==================>           62%] [Cov:==========>                        31%]
[Progress:==================>           63%] [Cov:==========>                        29%]
[Progress:==================>           63%] [Cov:==========>                        30%]
[Progress:==================>           63%] [Cov:==========>                        31%]
[Progress:===================>          64%] [Cov:=========>                         28%]
[Progress:===================>          64%] [Cov:==========>                        30%]
[Progress:===================>          65%] [Cov:=========>                         28%]
[Progress:===================>          65%] [Cov:==========>                        29%]
[Progress:===================>          65%] [Cov:==========>                        30%]
[Progress:===================>          66%] [Cov:=========>                         26%]
[Progress:===================>          66%] [Cov:==========>                        30%]
[Progress:===================>          66%] [Cov:==========>                        30%]
[Progress:====================>         67%] [Cov:==========>                        29%]
[Progress:====================>         67%] [Cov:==========>                        30%]
[Progress:====================>         67%] [Cov:==========>                        31%]
[Progress:====================>         68%] [Cov:==========>                        30%]
[Progress:====================>         68%] [Cov:==========>                        31%]
[Progress:====================>         69%] [Cov:==========>                        30%]
[Progress:====================>         69%] [Cov:==========>                        31%]
[Progress:=====================>        70%] [Cov:==========>                        30%]
[Progress:=====================>        70%] [Cov:==========>                        31%]
[Progress:=====================>        70%] [Cov:==========>                        30%]
[Progress:=====================>        71%] [Cov:==========>                        30%]
[Progress:=====================>        71%] [Cov:==========>                        31%]
[Progress:=====================>        72%] [Cov:==========>                        31%]
[Progress:=====================>        73%] [Cov:==========>                        30%]
[Progress:=====================>        73%] [Cov:==========>                        31%]
[Progress:======================>       74%] [Cov:==========>                        31%]
[Progress:======================>       75%] [Cov:==========>                        31%]
[Progress:======================>       76%] [Cov:==========>                        30%]
[Progress:======================>       76%] [Cov:==========>                        31%]
[Progress:=======================>      77%] [Cov:==========>                        29%]
[Progress:=======================>      77%] [Cov:==========>                        30%]
[Progress:=======================>      77%] [Cov:==========>                        31%]
[Progress:=======================>      77%] [Cov:==========>                        30%]
[Progress:=======================>      77%] [Cov:==========>                        31%]
[Progress:=======================>      78%] [Cov:==========>                        29%]
[Progress:=======================>      78%] [Cov:==========>                        30%]
[Progress:=======================>      78%] [Cov:==========>                        31%]
[Progress:=======================>      78%] [Cov:===========>                       32%]
[Progress:=======================>      79%] [Cov:==========>                        29%]
[Progress:=======================>      79%] [Cov:==========>                        30%]
[Progress:=======================>      79%] [Cov:==========>                        31%]
[Progress:========================>     80%] [Cov:==========>                        30%]
[Progress:========================>     80%] [Cov:==========>                        31%]
[Progress:========================>     80%] [Cov:===========>                       32%]
[Progress:========================>     81%] [Cov:=========>                         26%]
[Progress:========================>     81%] [Cov:==========>                        30%]
[Progress:========================>     81%] [Cov:==========>                        30%]
[Progress:========================>     81%] [Cov:==========>                        31%]
[Progress:========================>     82%] [Cov:==========>                        30%]
[Progress:========================>     82%] [Cov:==========>                        31%]
[Progress:========================>     83%] [Cov:==========>                        30%]
[Progress:========================>     83%] [Cov:==========>                        31%]
[Progress:=========================>    84%] [Cov:==========>                        31%][MASTER] 01:37:46.259 [logback-1] WARN  TestCluster - Failed to check cache for java.util.Comparator<T> : Type points to itself

[Progress:=========================>    85%] [Cov:==========>                        31%]
[Progress:=========================>    85%] [Cov:===========>                       32%]
[Progress:=========================>    86%] [Cov:==========>                        31%]
[Progress:=========================>    86%] [Cov:===========>                       32%]
[Progress:=========================>    86%] [Cov:==========>                        31%]
[Progress:==========================>   87%] [Cov:==========>                        30%]
[Progress:==========================>   87%] [Cov:==========>                        31%]
[Progress:==========================>   87%] [Cov:===========>                       32%]
[Progress:==========================>   88%] [Cov:==========>                        30%]
[Progress:==========================>   88%] [Cov:==========>                        31%]
[Progress:==========================>   88%] [Cov:===========>                       32%]
[Progress:==========================>   89%] [Cov:===========>                       32%]
[Progress:===========================>  90%] [Cov:==========>                        31%]
[Progress:===========================>  90%] [Cov:===========>                       32%]
[Progress:===========================>  91%] [Cov:==========>                        29%]
[Progress:===========================>  91%] [Cov:==========>                        30%]
[Progress:===========================>  91%] [Cov:==========>                        31%]
[Progress:===========================>  91%] [Cov:===========>                       32%]
[Progress:===========================>  92%] [Cov:==========>                        31%]
[Progress:===========================>  92%] [Cov:===========>                       32%]
[Progress:===========================>  93%] [Cov:===========>                       32%]
[Progress:============================> 94%] [Cov:===========>                       32%]
[Progress:============================> 95%] [Cov:==========>                        31%]
[Progress:============================> 95%] [Cov:===========>                       32%]
[Progress:============================> 95%] [Cov:===========>                       32%]
[Progress:============================> 96%] [Cov:==========>                        31%]
[Progress:============================> 96%] [Cov:===========>                       32%]
[Progress:=============================>97%] [Cov:==========>                        31%]
[Progress:=============================>97%] [Cov:===========>                       32%]
[Progress:=============================>98%] [Cov:==========>                        31%]
[Progress:=============================>98%] [Cov:===========>                       32%]
[Progress:=============================>99%] [Cov:==========>                        31%]
[Progress:=============================>99%] [Cov:===========>                       32%]
[Progress:==============================100%] [Cov:==========>                        31%]
[Progress:==============================100%] [Cov:===========>                       32%]
[Progress:==============================100%] [Cov:===========>                       32%]
[Progress:==============================100%] [Cov:===========>                       32%]
* Search finished after 152s and 35 generations, 10556 statements, best individual has fitness: 8124.758451983573
* Minimizing test suite
* Going to analyze the coverage criteria
* Coverage analysis for criterion LINE
* Coverage of criterion LINE: 23%
* Total number of goals: 677
* Number of covered goals: 157
* Coverage analysis for criterion BRANCH
* Coverage of criterion BRANCH: 37%
* Total number of goals: 1958
* Number of covered goals: 730
* Coverage analysis for criterion EXCEPTION
* Coverage of criterion EXCEPTION: 7%
* Total number of goals: 73
* Number of covered goals: 5
* Coverage analysis for criterion WEAKMUTATION
* Coverage of criterion WEAKMUTATION: 15%
* Total number of goals: 468
* Number of covered goals: 68
* Coverage analysis for criterion OUTPUT
* Coverage of criterion OUTPUT: 10%
* Total number of goals: 1026
* Number of covered goals: 99
* Coverage analysis for criterion METHOD
* Coverage of criterion METHOD: 33%
* Total number of goals: 126
* Number of covered goals: 42
* Coverage analysis for criterion METHODNOEXCEPTION
* Coverage of criterion METHODNOEXCEPTION: 29%
* Total number of goals: 126
* Number of covered goals: 37
* Coverage analysis for criterion CBRANCH
* Coverage of criterion CBRANCH: 37%
* Total number of goals: 1958
* Number of covered goals: 726
* Generated 40 tests with total length 114
* Resulting test suite's coverage: 33% (average coverage for all fitness functions)
* Generating assertions
* Resulting test suite's mutation score: 9%
* Compiling and checking tests
* Writing tests to file
* Writing JUnit test case 'NodeUtil_ESTest' to evosuite-tests
* Done!

* Computation finished

