CMD: /usr/lib/jvm/java-8-openjdk-amd64/bin/java -Dtools_jar_location=/usr/lib/jvm/java-8-openjdk-amd64/lib/tools.jar -jar /home/pizza/TestRound2/evosuite-1.2.0.jar -generateSuite -class com.google.javascript.jscomp.CommandLineRunner -projectCP /home/pizza/TestRound2/Test/Closure-83b/build/classes:/home/pizza/TestRound2/Test/Closure-83b/lib/args4j.jar:/home/pizza/TestRound2/Test/Closure-83b/lib/guava.jar:/home/pizza/TestRound2/Test/Closure-83b/lib/jsr305.jar:/home/pizza/TestRound2/Test/Closure-83b/lib/libtrunk_rhino_parser_jarjared.jar:/home/pizza/TestRound2/Test/Closure-83b/lib/protobuf-java.jar:/home/pizza/TestRound2/Test/Closure-83b/lib/ant.jar -base_dir /home/pizza/TestRound2/results/project-Closure/Closure-83/round03/evosuite-work -seed 11 -Dalgorithm=NSGAII -Dsearch_budget=60 -Dtest_format=JUNIT4 -Dassertions=true

* EvoSuite 1.2.0
* Going to generate test cases for class: com.google.javascript.jscomp.CommandLineRunner
* Starting Client-0
* Connecting to master process on port 8220
* Analyzing classpath: 
  - /home/pizza/TestRound2/Test/Closure-83b/build/classes
  - /home/pizza/TestRound2/Test/Closure-83b/lib/args4j.jar
  - /home/pizza/TestRound2/Test/Closure-83b/lib/guava.jar
  - /home/pizza/TestRound2/Test/Closure-83b/lib/jsr305.jar
  - /home/pizza/TestRound2/Test/Closure-83b/lib/libtrunk_rhino_parser_jarjared.jar
  - /home/pizza/TestRound2/Test/Closure-83b/lib/protobuf-java.jar
  - /home/pizza/TestRound2/Test/Closure-83b/lib/ant.jar
* Finished analyzing classpath
* Generating tests for class com.google.javascript.jscomp.CommandLineRunner
* Test criteria:
  - Line Coverage
  - Branch Coverage
  - Exception
  - Mutation testing (weak)
  - Method-Output Coverage
  - Top-Level Method Coverage
  - No-Exception Top-Level Method Coverage
  - Context Branch Coverage
* Setting up search algorithm for whole suite generation
* Total number of test goals: 
  - Line 188
  - Branch 50
  - Exception 0
  - MutationFactory 81
  - Output 34
  - Method 8
  - MethodNoException 8
  - CBranchFitnessFactory 50

[Progress:>                             0%] [Cov:>                                  0%]* Using seed 11
* Starting evolution
[MASTER] 14:53:19.297 [logback-1] WARN  TestCluster - Failed to check cache for java.lang.Comparable<T> : Type points to itself

[Progress:=>                            5%] [Cov:>                                  0%][MASTER] 14:53:21.672 [logback-1] WARN  TestCluster - Failed to check cache for java.util.Comparator<T> : Type points to itself

[Progress:=>                            5%] [Cov:=>                                 5%]
[Progress:=>                            5%] [Cov:==>                                6%]
[Progress:=>                            5%] [Cov:==>                                7%]
[Progress:=>                            5%] [Cov:===>                               9%]
[Progress:=>                            5%] [Cov:=======>                           20%]
[Progress:=>                            5%] [Cov:=======>                           21%]
[Progress:=>                            5%] [Cov:========>                          23%]
[Progress:=>                            5%] [Cov:========>                          25%]
[Progress:=>                            5%] [Cov:=========>                         26%]
[Progress:=>                            5%] [Cov:=========>                         27%]
[Progress:=>                            5%] [Cov:==========>                        30%]
[Progress:=>                            5%] [Cov:===========>                       32%]
[Progress:=>                            5%] [Cov:===========>                       34%]
[Progress:=>                            6%] [Cov:==>                                6%]
[Progress:=>                            6%] [Cov:===>                               9%]
[Progress:=>                            6%] [Cov:=======>                           22%]
[Progress:=>                            6%] [Cov:=========>                         26%]
[Progress:=>                            6%] [Cov:===========>                       32%]
[Progress:=>                            6%] [Cov:============>                      36%]
[Progress:=>                            6%] [Cov:=============>                     38%][MASTER] 14:53:23.243 [logback-1] WARN  TestCluster - Failed to check cache for com.google.common.base.Supplier<T> : Type points to itself

[Progress:=>                            6%] [Cov:=============>                     39%]
[Progress:=>                            6%] [Cov:==============>                    40%]
[Progress:==>                           8%] [Cov:======>                            18%]
[Progress:==>                           8%] [Cov:=======>                           20%]
[Progress:==>                           8%] [Cov:========>                          23%]
[Progress:==>                           8%] [Cov:=========>                         28%]
[Progress:==>                           8%] [Cov:==========>                        29%]
[Progress:==>                           8%] [Cov:==========>                        30%]
[Progress:==>                           8%] [Cov:==========>                        31%]
[Progress:==>                           8%] [Cov:===========>                       32%]
[Progress:==>                           8%] [Cov:===========>                       34%]
[Progress:==>                           8%] [Cov:============>                      35%]
[Progress:==>                           8%] [Cov:==============>                    40%]
[Progress:==>                           8%] [Cov:==============>                    42%][MASTER] 14:53:23.717 [logback-1] WARN  TestCluster - Failed to check cache for java.util.Enumeration<E> : Type points to itself

[Progress:===>                          10%] [Cov:=>                                 5%]
[Progress:===>                          10%] [Cov:==>                                8%]
[Progress:===>                          10%] [Cov:===>                               9%]
[Progress:===>                          10%] [Cov:=======>                           21%]
[Progress:===>                          10%] [Cov:========>                          24%]
[Progress:===>                          10%] [Cov:=========>                         26%]
[Progress:===>                          10%] [Cov:==========>                        30%]
[Progress:===>                          10%] [Cov:===========>                       33%]
[Progress:===>                          10%] [Cov:===========>                       34%]
[Progress:===>                          10%] [Cov:============>                      36%]
[Progress:===>                          10%] [Cov:=============>                     38%]
[Progress:===>                          10%] [Cov:=============>                     39%]
[Progress:===>                          10%] [Cov:===============>                   44%]
[Progress:===>                          10%] [Cov:===============>                   45%]
[Progress:===>                          10%] [Cov:==============>                    40%]
[Progress:===>                          10%] [Cov:==============>                    41%]
[Progress:===>                          10%] [Cov:==============>                    42%]
[Progress:===>                          11%] [Cov:=============>                     39%]
[Progress:===>                          11%] [Cov:==============>                    41%]
[Progress:===>                          11%] [Cov:===============>                   43%]
[Progress:===>                          11%] [Cov:===============>                   45%]
[Progress:===>                          11%] [Cov:================>                  46%]
[Progress:===>                          11%] [Cov:===============>                   43%]
[Progress:===>                          11%] [Cov:===============>                   44%]
[Progress:===>                          11%] [Cov:================>                  46%]
[Progress:===>                          11%] [Cov:================>                  47%]
[Progress:===>                          11%] [Cov:================>                  47%]
[Progress:===>                          13%] [Cov:=============>                     38%]
[Progress:===>                          13%] [Cov:==============>                    42%]
[Progress:===>                          13%] [Cov:================>                  47%]
[Progress:===>                          13%] [Cov:================>                  48%]
[Progress:======>                       21%] [Cov:===============>                   44%]
[Progress:======>                       21%] [Cov:===============>                   45%]
[Progress:======>                       21%] [Cov:================>                  46%]
[Progress:======>                       21%] [Cov:================>                  47%]
[Progress:======>                       21%] [Cov:================>                  48%]
[Progress:======>                       21%] [Cov:===============>                   43%]
[Progress:======>                       21%] [Cov:===============>                   45%]
[Progress:======>                       21%] [Cov:================>                  47%]
[Progress:======>                       21%] [Cov:================>                  48%]
[Progress:======>                       21%] [Cov:=================>                 49%]
[Progress:======>                       23%] [Cov:==============>                    42%]
[Progress:======>                       23%] [Cov:===============>                   44%]
[Progress:======>                       23%] [Cov:===============>                   45%]
[Progress:======>                       23%] [Cov:================>                  47%]
[Progress:======>                       23%] [Cov:================>                  48%]
[Progress:======>                       23%] [Cov:===============>                   43%]
[Progress:======>                       23%] [Cov:================>                  46%]
[Progress:======>                       23%] [Cov:================>                  47%]
[Progress:======>                       23%] [Cov:================>                  48%]
[Progress:======>                       23%] [Cov:=================>                 49%]
[Progress:=======>                      25%] [Cov:==============>                    40%]
[Progress:=======>                      25%] [Cov:===============>                   43%]
[Progress:=======>                      25%] [Cov:===============>                   45%]
[Progress:=======>                      25%] [Cov:================>                  47%]
[Progress:=======>                      25%] [Cov:=================>                 49%]
[Progress:=======>                      25%] [Cov:=================>                 50%]
[Progress:=======>                      25%] [Cov:=================>                 51%]
[Progress:=======>                      25%] [Cov:=================>                 51%]
[Progress:=======>                      26%] [Cov:=================>                 49%]
[Progress:=======>                      26%] [Cov:=================>                 51%]
[Progress:=======>                      26%] [Cov:=================>                 51%]
[Progress:=======>                      26%] [Cov:==================>                52%]
[Progress:=======>                      26%] [Cov:===================>               55%]
[Progress:=======>                      26%] [Cov:===================>               56%]
[Progress:========>                     28%] [Cov:===============>                   43%]
[Progress:========>                     28%] [Cov:================>                  47%]
[Progress:========>                     28%] [Cov:=================>                 50%]
[Progress:========>                     28%] [Cov:=================>                 51%]
[Progress:========>                     28%] [Cov:===================>               56%]
[Progress:=========>                    30%] [Cov:=================>                 49%]
[Progress:=========>                    30%] [Cov:=================>                 51%]
[Progress:=========>                    30%] [Cov:===================>               56%]
[Progress:=========>                    31%] [Cov:================>                  46%]
[Progress:=========>                    31%] [Cov:================>                  48%]
[Progress:=========>                    31%] [Cov:=================>                 49%]
[Progress:=========>                    31%] [Cov:=================>                 51%]
[Progress:=========>                    31%] [Cov:==================>                53%]
[Progress:=========>                    31%] [Cov:===================>               56%]
[Progress:=========>                    31%] [Cov:===================>               57%]
[Progress:=========>                    33%] [Cov:================>                  48%]
[Progress:=========>                    33%] [Cov:=================>                 50%]
[Progress:=========>                    33%] [Cov:==================>                52%]
[Progress:=========>                    33%] [Cov:==================>                53%]
[Progress:=========>                    33%] [Cov:===================>               56%]
[Progress:=========>                    33%] [Cov:===================>               57%]
[Progress:=========>                    33%] [Cov:==================>                54%]
[Progress:=========>                    33%] [Cov:===================>               56%]
[Progress:=========>                    33%] [Cov:===================>               57%]
[Progress:==========>                   35%] [Cov:===================>               57%]
[Progress:==========>                   35%] [Cov:===================>               57%]
[Progress:==========>                   36%] [Cov:===================>               57%]
[Progress:==========>                   36%] [Cov:====================>              58%]
[Progress:==========>                   36%] [Cov:===================>               55%]
[Progress:==========>                   36%] [Cov:===================>               57%]
[Progress:===========>                  38%] [Cov:===================>               57%]
[Progress:============>                 40%] [Cov:===================>               57%]
[Progress:============>                 40%] [Cov:===================>               56%]
[Progress:============>                 40%] [Cov:===================>               57%]
[Progress:============>                 41%] [Cov:===================>               57%]
[Progress:============>                 41%] [Cov:====================>              58%]
[Progress:============>                 41%] [Cov:===================>               55%]
[Progress:============>                 41%] [Cov:===================>               57%]
[Progress:============>                 41%] [Cov:====================>              58%]
[Progress:============>                 43%] [Cov:==================>                54%]
[Progress:============>                 43%] [Cov:===================>               57%]
[Progress:============>                 43%] [Cov:====================>              58%]
[Progress:=============>                45%] [Cov:===================>               57%]
[Progress:=============>                45%] [Cov:===================>               55%]
[Progress:=============>                45%] [Cov:===================>               57%]
[Progress:=============>                45%] [Cov:====================>              58%]
[Progress:=============>                46%] [Cov:====================>              58%]
[Progress:=============>                46%] [Cov:===================>               55%]
[Progress:=============>                46%] [Cov:===================>               57%]
[Progress:=============>                46%] [Cov:====================>              58%]
[Progress:==============>               48%] [Cov:====================>              58%]
[Progress:===============>              50%] [Cov:====================>              58%]
[Progress:===============>              50%] [Cov:===================>               55%]
[Progress:===============>              50%] [Cov:====================>              58%]
[Progress:===============>              51%] [Cov:==================>                53%]
[Progress:===============>              51%] [Cov:====================>              58%]
[Progress:===============>              51%] [Cov:===================>               55%]
[Progress:===============>              51%] [Cov:====================>              58%]
[Progress:===============>              53%] [Cov:====================>              58%]
[Progress:================>             55%] [Cov:===================>               57%]
[Progress:================>             55%] [Cov:====================>              58%]
[Progress:================>             55%] [Cov:===================>               55%]
[Progress:================>             55%] [Cov:====================>              58%]
[Progress:================>             56%] [Cov:===================>               57%]
[Progress:================>             56%] [Cov:====================>              58%]
[Progress:=================>            58%] [Cov:===================>               57%]
[Progress:=================>            58%] [Cov:====================>              58%]
[Progress:=================>            58%] [Cov:===================>               55%]
[Progress:=================>            58%] [Cov:====================>              58%]
[Progress:==================>           60%] [Cov:===================>               56%]
[Progress:==================>           60%] [Cov:====================>              58%]
[Progress:==================>           60%] [Cov:===================>               55%]
[Progress:==================>           60%] [Cov:====================>              58%]
[Progress:==================>           61%] [Cov:====================>              58%]
[Progress:==================>           63%] [Cov:====================>              58%]
[Progress:==================>           63%] [Cov:===================>               55%]
[Progress:==================>           63%] [Cov:===================>               57%]
[Progress:==================>           63%] [Cov:====================>              58%]
[Progress:===================>          65%] [Cov:====================>              58%]
[Progress:===================>          65%] [Cov:===================>               55%]
[Progress:===================>          65%] [Cov:====================>              58%]
[Progress:===================>          66%] [Cov:====================>              58%]
[Progress:====================>         68%] [Cov:===================>               57%]
[Progress:====================>         68%] [Cov:====================>              58%]
[Progress:====================>         68%] [Cov:===================>               55%]
[Progress:====================>         68%] [Cov:====================>              58%]
[Progress:=====================>        70%] [Cov:====================>              58%]
[Progress:=====================>        70%] [Cov:===================>               55%]
[Progress:=====================>        70%] [Cov:====================>              58%]
[Progress:=====================>        71%] [Cov:====================>              58%]
[Progress:=====================>        73%] [Cov:=================>                 51%]
[Progress:=====================>        73%] [Cov:===================>               56%]
[Progress:=====================>        73%] [Cov:===================>               55%]
[Progress:=====================>        73%] [Cov:====================>              58%]
[Progress:======================>       75%] [Cov:====================>              58%]
[Progress:======================>       75%] [Cov:===================>               55%]
[Progress:======================>       75%] [Cov:====================>              58%]
[Progress:======================>       76%] [Cov:====================>              58%]
[Progress:======================>       76%] [Cov:===================>               55%]
[Progress:======================>       76%] [Cov:====================>              58%]
[Progress:=======================>      78%] [Cov:===================>               55%]
[Progress:=======================>      78%] [Cov:====================>              58%]
[Progress:========================>     80%] [Cov:====================>              58%]
[Progress:========================>     80%] [Cov:===================>               55%]
[Progress:========================>     80%] [Cov:===================>               57%]
[Progress:========================>     80%] [Cov:====================>              58%]
[Progress:========================>     81%] [Cov:====================>              58%]
[Progress:========================>     81%] [Cov:===================>               55%]
[Progress:========================>     81%] [Cov:===================>               57%]
[Progress:========================>     81%] [Cov:====================>              58%]
[Progress:========================>     83%] [Cov:==================>                52%]
[Progress:========================>     83%] [Cov:====================>              58%]
[Progress:========================>     83%] [Cov:===================>               55%]
[Progress:========================>     83%] [Cov:====================>              58%]
[Progress:=========================>    85%] [Cov:====================>              58%]
[Progress:=========================>    85%] [Cov:===================>               55%]
[Progress:=========================>    85%] [Cov:===================>               57%]
[Progress:=========================>    85%] [Cov:====================>              58%]
[Progress:=========================>    86%] [Cov:====================>              58%]
[Progress:=========================>    86%] [Cov:===================>               55%]
[Progress:=========================>    86%] [Cov:===================>               57%]
[Progress:=========================>    86%] [Cov:====================>              58%]
[Progress:==========================>   88%] [Cov:====================>              58%]
[Progress:==========================>   88%] [Cov:===================>               55%]
[Progress:==========================>   88%] [Cov:====================>              58%]
[Progress:===========================>  90%] [Cov:====================>              58%]
[Progress:===========================>  91%] [Cov:===================>               56%]
[Progress:===========================>  91%] [Cov:====================>              58%]
[Progress:===========================>  91%] [Cov:===================>               55%]
[Progress:===========================>  91%] [Cov:====================>              58%]
[Progress:===========================>  93%] [Cov:====================>              58%]
[Progress:===========================>  93%] [Cov:===================>               55%]
[Progress:===========================>  93%] [Cov:====================>              58%]
[Progress:============================> 95%] [Cov:====================>              58%]
[Progress:============================> 96%] [Cov:====================>              58%]
[Progress:============================> 96%] [Cov:===================>               55%]
[Progress:============================> 96%] [Cov:====================>              58%]
[Progress:=============================>98%] [Cov:====================>              58%]
[Progress:=============================>98%] [Cov:===================>               55%]
[Progress:=============================>98%] [Cov:====================>              58%]
[Progress:=============================>98%] [Cov:====================>              59%]
[Progress:==============================100%] [Cov:====================>              58%]
[Progress:==============================100%] [Cov:====================>              59%]
[Progress:==============================100%] [Cov:====================>              58%]
[Progress:==============================100%] [Cov:====================>              59%]
* Search finished after 61s and 40 generations, 19044 statements, best individual has fitness: 205.6474358974359
* Minimizing test suite
* Going to analyze the coverage criteria
* Coverage analysis for criterion LINE
* Coverage of criterion LINE: 73%
* Total number of goals: 188
* Number of covered goals: 137
* Coverage analysis for criterion BRANCH
* Coverage of criterion BRANCH: 44%
* Total number of goals: 50
* Number of covered goals: 22
* Coverage analysis for criterion EXCEPTION
* Coverage of criterion EXCEPTION: 56%
* Total number of goals: 9
* Number of covered goals: 5
* Coverage analysis for criterion WEAKMUTATION
* Coverage of criterion WEAKMUTATION: 40%
* Total number of goals: 81
* Number of covered goals: 32
* Coverage analysis for criterion OUTPUT
* Coverage of criterion OUTPUT: 21%
* Total number of goals: 34
* Number of covered goals: 7
* Coverage analysis for criterion METHOD
* Coverage of criterion METHOD: 100%
* Total number of goals: 8
* Number of covered goals: 8
* Coverage analysis for criterion METHODNOEXCEPTION
* Coverage of criterion METHODNOEXCEPTION: 75%
* Total number of goals: 8
* Number of covered goals: 6
* Coverage analysis for criterion CBRANCH
* Coverage of criterion CBRANCH: 44%
* Total number of goals: 50
* Number of covered goals: 22
* Generated 13 tests with total length 89
* Resulting test suite's coverage: 59% (average coverage for all fitness functions)
* Generating assertions
* Resulting test suite's mutation score: 14%
* Compiling and checking tests
[MASTER] 14:54:32.306 [logback-1] WARN  JUnitAnalyzer - Found unstable test named test0 -> class java.lang.NullPointerException: null
[MASTER] 14:54:32.306 [logback-1] WARN  JUnitAnalyzer - Failing test:
 String[] stringArray0 = new String[8];
stringArray0[0] = "gecko_css.js";
stringArray0[1] = "com.google.javascript.jscomp.CommandLineRunner";
stringArray0[2] = "";
stringArray0[3] = "_";
stringArray0[4] = "--A=";
CommandLineRunner.main(stringArray0);

* Permissions denied during test execution: 
  - java.lang.RuntimePermission: 
         writeFileDescriptor: 5
* Writing tests to file
* Writing JUnit test case 'CommandLineRunner_ESTest' to evosuite-tests
* Done!

* Computation finished

