CMD: /usr/lib/jvm/java-8-openjdk-amd64/bin/java -Dtools_jar_location=/usr/lib/jvm/java-8-openjdk-amd64/lib/tools.jar -jar /home/pizza/evosuite/evosuite-1.2.0.jar -generateSuite -class com.fasterxml.jackson.dataformat.xml.deser.FromXmlParser -projectCP /home/pizza/evosuite/Test/JacksonXml-3b/target/classes:/home/pizza/defects4j/framework/projects/JacksonXml/lib/com/fasterxml/jackson/core/jackson-core/2.7.6/jackson-core-2.7.6.jar:/home/pizza/defects4j/framework/projects/JacksonXml/lib/com/fasterxml/jackson/core/jackson-annotations/2.7.0/jackson-annotations-2.7.0.jar:/home/pizza/defects4j/framework/projects/JacksonXml/lib/com/fasterxml/jackson/core/jackson-databind/2.7.6/jackson-databind-2.7.6.jar:/home/pizza/defects4j/framework/projects/JacksonXml/lib/com/fasterxml/jackson/module/jackson-module-jaxb-annotations/2.7.6/jackson-module-jaxb-annotations-2.7.6.jar:/home/pizza/defects4j/framework/projects/JacksonXml/lib/javax/xml/stream/stax-api/1.0-2/stax-api-1.0-2.jar:/home/pizza/defects4j/framework/projects/JacksonXml/lib/org/codehaus/woodstox/stax2-api/3.1.4/stax2-api-3.1.4.jar -base_dir /home/pizza/evosuite/results/project-JacksonXml/JacksonXml-3/round02/evosuite-work -seed 11 -Dalgorithm=NSGAII -Dsearch_budget=150 -Dtest_format=JUNIT4 -Dassertions=true

* EvoSuite 1.2.0
* Going to generate test cases for class: com.fasterxml.jackson.dataformat.xml.deser.FromXmlParser
* Starting Client-0
* Connecting to master process on port 8220
* Analyzing classpath: 
  - /home/pizza/evosuite/Test/JacksonXml-3b/target/classes
  - /home/pizza/defects4j/framework/projects/JacksonXml/lib/com/fasterxml/jackson/core/jackson-core/2.7.6/jackson-core-2.7.6.jar
  - /home/pizza/defects4j/framework/projects/JacksonXml/lib/com/fasterxml/jackson/core/jackson-annotations/2.7.0/jackson-annotations-2.7.0.jar
  - /home/pizza/defects4j/framework/projects/JacksonXml/lib/com/fasterxml/jackson/core/jackson-databind/2.7.6/jackson-databind-2.7.6.jar
  - /home/pizza/defects4j/framework/projects/JacksonXml/lib/com/fasterxml/jackson/module/jackson-module-jaxb-annotations/2.7.6/jackson-module-jaxb-annotations-2.7.6.jar
  - /home/pizza/defects4j/framework/projects/JacksonXml/lib/javax/xml/stream/stax-api/1.0-2/stax-api-1.0-2.jar
  - /home/pizza/defects4j/framework/projects/JacksonXml/lib/org/codehaus/woodstox/stax2-api/3.1.4/stax2-api-3.1.4.jar
* Finished analyzing classpath
* Generating tests for class com.fasterxml.jackson.dataformat.xml.deser.FromXmlParser
* Test criteria:
  - Line Coverage
  - Branch Coverage
  - Exception
  - Mutation testing (weak)
  - Method-Output Coverage
  - Top-Level Method Coverage
  - No-Exception Top-Level Method Coverage
  - Context Branch Coverage
* Setting up search algorithm for whole suite generation
* Total number of test goals: 
  - Line 292
  - Branch 221
  - Exception 0
  - MutationFactory 363
  - Output 301
  - Method 50
  - MethodNoException 50
  - CBranchFitnessFactory 221

[Progress:>                             0%] [Cov:>                                  0%]* Using seed 11
* Starting evolution
[MASTER] 13:14:16.527 [logback-1] WARN  TestCluster - Failed to check cache for java.lang.Class<T> : Type points to itself
[MASTER] 13:14:17.725 [logback-1] WARN  TestCluster - Failed to check cache for com.fasterxml.jackson.databind.JsonDeserializer<T> : Type points to itself

[Progress:>                             0%] [Cov:>                                  0%]
[Progress:>                             0%] [Cov:====>                              12%]
[Progress:>                             1%] [Cov:>                                  0%]
[Progress:>                             1%] [Cov:====>                              12%]
[Progress:>                             1%] [Cov:====>                              13%]
[Progress:>                             2%] [Cov:>                                  0%]
[Progress:>                             2%] [Cov:====>                              12%]
[Progress:>                             2%] [Cov:====>                              13%][MASTER] 13:14:20.729 [logback-1] WARN  TestCluster - Failed to check cache for java.util.Comparator<T> : Type points to itself
[MASTER] 13:14:20.926 [logback-1] WARN  TestCluster - Failed to check cache for com.fasterxml.jackson.annotation.ObjectIdGenerator<T> : Type points to itself

[Progress:>                             2%] [Cov:====>                              13%]
[Progress:>                             3%] [Cov:====>                              12%]
[Progress:>                             3%] [Cov:====>                              13%][MASTER] 13:14:21.546 [logback-1] WARN  TestChromosome - Functional mock problem: org.evosuite.ga.ConstructionFailedException: Failed to add constructor for com.fasterxml.jackson.databind.type.ResolvedRecursiveType due to org.evosuite.ga.ConstructionFailedException: Max recursion depth reached

[Progress:>                             3%] [Cov:====>                              13%][MASTER] 13:14:21.895 [logback-1] WARN  TestCluster - Failed to check cache for java.util.HashMap<K, V> : Type points to itself

[Progress:=>                            4%] [Cov:====>                              13%]
[Progress:=>                            4%] [Cov:====>                              13%][MASTER] 13:14:22.803 [logback-1] WARN  TestChromosome - Functional mock problem: org.evosuite.ga.ConstructionFailedException: Max recursion depth reached

[Progress:=>                            4%] [Cov:====>                              13%]
[Progress:=>                            4%] [Cov:====>                              13%]
[Progress:=>                            5%] [Cov:====>                              13%]
[Progress:=>                            5%] [Cov:====>                              13%][MASTER] 13:14:24.797 [logback-1] WARN  TestCluster - Failed to check cache for java.util.Collection<E> : Type points to itself

[Progress:=>                            5%] [Cov:====>                              13%]
[Progress:=>                            6%] [Cov:====>                              12%]
[Progress:=>                            6%] [Cov:====>                              13%]
[Progress:=>                            6%] [Cov:====>                              13%]
[Progress:=>                            6%] [Cov:====>                              13%][MASTER] 13:14:25.960 [logback-1] WARN  TestChromosome - Functional mock problem: org.evosuite.ga.ConstructionFailedException: Failed to add constructor for com.fasterxml.jackson.databind.DeserializationConfig due to org.evosuite.ga.ConstructionFailedException: Failed to add constructor for com.fasterxml.jackson.databind.cfg.BaseSettings due to org.evosuite.ga.ConstructionFailedException: Invalid generic instance

[Progress:=>                            6%] [Cov:====>                              13%]
[Progress:=>                            6%] [Cov:====>                              13%]
[Progress:==>                           7%] [Cov:====>                              13%]
[Progress:==>                           7%] [Cov:====>                              13%]
[Progress:==>                           7%] [Cov:====>                              13%]
[Progress:==>                           8%] [Cov:====>                              13%]
[Progress:==>                           8%] [Cov:====>                              13%]
[Progress:==>                           8%] [Cov:====>                              13%][MASTER] 13:14:29.189 [logback-1] WARN  TestChromosome - Functional mock problem: org.evosuite.ga.ConstructionFailedException: Failed to add constructor for com.fasterxml.jackson.databind.introspect.VirtualAnnotatedMember due to org.evosuite.ga.ConstructionFailedException: Failed to add constructor for com.fasterxml.jackson.databind.introspect.TypeResolutionContext$Basic due to org.evosuite.ga.ConstructionFailedException: Failed to add constructor for com.fasterxml.jackson.databind.DeserializationConfig due to org.evosuite.ga.ConstructionFailedException: Failed to add constructor for com.fasterxml.jackson.databind.cfg.BaseSettings due to org.evosuite.ga.ConstructionFailedException: Max recursion depth reached
[MASTER] 13:14:29.379 [logback-1] WARN  TestChromosome - Functional mock problem: org.evosuite.ga.ConstructionFailedException: Failed to add constructor for com.fasterxml.jackson.databind.SerializationConfig due to org.evosuite.ga.ConstructionFailedException: Failed to add constructor for com.fasterxml.jackson.databind.cfg.BaseSettings due to org.evosuite.ga.ConstructionFailedException: Invalid generic instance

[Progress:==>                           8%] [Cov:====>                              13%]
[Progress:==>                           8%] [Cov:====>                              13%]
[Progress:==>                           9%] [Cov:====>                              13%]
[Progress:==>                           9%] [Cov:====>                              13%][MASTER] 13:14:30.529 [logback-1] WARN  TestChromosome - Functional mock problem: org.evosuite.ga.ConstructionFailedException: Failed to add constructor for com.fasterxml.jackson.databind.jsontype.impl.AsPropertyTypeDeserializer due to org.evosuite.ga.ConstructionFailedException: Failed to add constructor for com.fasterxml.jackson.databind.jsontype.impl.AsPropertyTypeDeserializer due to org.evosuite.ga.ConstructionFailedException: Max recursion depth reached

[Progress:==>                           9%] [Cov:====>                              13%][MASTER] 13:14:30.822 [logback-1] WARN  TestChromosome - Functional mock problem: org.evosuite.ga.ConstructionFailedException: Failed to add constructor for com.fasterxml.jackson.databind.DeserializationConfig due to org.evosuite.ga.ConstructionFailedException: Failed to add constructor for com.fasterxml.jackson.databind.cfg.BaseSettings due to org.evosuite.ga.ConstructionFailedException: Max recursion depth reached

[Progress:==>                           9%] [Cov:====>                              13%]
[Progress:===>                          10%] [Cov:====>                              13%]
[Progress:===>                          10%] [Cov:====>                              13%]
[Progress:===>                          10%] [Cov:====>                              13%]
[Progress:===>                          10%] [Cov:====>                              13%]
[Progress:===>                          10%] [Cov:====>                              13%]
[Progress:===>                          10%] [Cov:====>                              13%]
[Progress:===>                          11%] [Cov:====>                              13%]
[Progress:===>                          11%] [Cov:====>                              13%]
[Progress:===>                          11%] [Cov:====>                              13%]
[Progress:===>                          11%] [Cov:====>                              13%]
[Progress:===>                          12%] [Cov:====>                              13%]
[Progress:===>                          12%] [Cov:====>                              13%]
[Progress:===>                          12%] [Cov:====>                              13%][MASTER] 13:14:34.853 [logback-1] WARN  TestChromosome - Functional mock problem: org.evosuite.ga.ConstructionFailedException: Invalid generic instance

[Progress:===>                          12%] [Cov:====>                              13%]
[Progress:===>                          12%] [Cov:====>                              13%]
[Progress:===>                          12%] [Cov:====>                              13%]
[Progress:===>                          12%] [Cov:====>                              13%]
[Progress:===>                          13%] [Cov:====>                              13%]
[Progress:===>                          13%] [Cov:====>                              13%]
[Progress:===>                          13%] [Cov:====>                              13%]
[Progress:====>                         14%] [Cov:====>                              13%]
[Progress:====>                         14%] [Cov:====>                              13%]
[Progress:====>                         14%] [Cov:====>                              13%]
[Progress:====>                         14%] [Cov:====>                              13%]
[Progress:====>                         14%] [Cov:====>                              13%]
[Progress:====>                         14%] [Cov:====>                              13%]
[Progress:====>                         14%] [Cov:====>                              13%]
[Progress:====>                         14%] [Cov:====>                              13%]
[Progress:====>                         15%] [Cov:====>                              12%]
[Progress:====>                         15%] [Cov:====>                              13%]
[Progress:====>                         15%] [Cov:====>                              13%]
[Progress:====>                         15%] [Cov:====>                              13%]
[Progress:====>                         15%] [Cov:====>                              13%]
[Progress:====>                         16%] [Cov:====>                              12%]
[Progress:====>                         16%] [Cov:====>                              13%]
[Progress:====>                         16%] [Cov:====>                              13%]
[Progress:====>                         16%] [Cov:====>                              13%]
[Progress:====>                         16%] [Cov:====>                              13%]
[Progress:====>                         16%] [Cov:====>                              13%]
[Progress:====>                         16%] [Cov:====>                              13%]
[Progress:====>                         16%] [Cov:====>                              13%]
[Progress:=====>                        17%] [Cov:====>                              13%]
[Progress:=====>                        17%] [Cov:====>                              13%]
[Progress:=====>                        17%] [Cov:====>                              13%]
[Progress:=====>                        17%] [Cov:====>                              13%]
[Progress:=====>                        17%] [Cov:====>                              13%]
[Progress:=====>                        18%] [Cov:====>                              12%]
[Progress:=====>                        18%] [Cov:====>                              13%]
[Progress:=====>                        18%] [Cov:====>                              13%]
[Progress:=====>                        18%] [Cov:====>                              13%]
[Progress:=====>                        18%] [Cov:====>                              13%]
[Progress:=====>                        18%] [Cov:====>                              13%]
[Progress:=====>                        18%] [Cov:====>                              13%]
[Progress:=====>                        18%] [Cov:====>                              13%]
[Progress:=====>                        19%] [Cov:====>                              13%]
[Progress:=====>                        19%] [Cov:====>                              13%]
[Progress:=====>                        19%] [Cov:====>                              13%]
[Progress:=====>                        19%] [Cov:====>                              13%]
[Progress:======>                       20%] [Cov:====>                              13%]
[Progress:======>                       20%] [Cov:====>                              13%]
[Progress:======>                       20%] [Cov:====>                              13%]
[Progress:======>                       20%] [Cov:====>                              13%]
[Progress:======>                       20%] [Cov:====>                              13%]
[Progress:======>                       20%] [Cov:====>                              13%]
[Progress:======>                       20%] [Cov:====>                              13%]
[Progress:======>                       20%] [Cov:====>                              13%]
[Progress:======>                       21%] [Cov:====>                              12%]
[Progress:======>                       21%] [Cov:====>                              13%]
[Progress:======>                       21%] [Cov:====>                              13%]
[Progress:======>                       21%] [Cov:====>                              13%]
[Progress:======>                       21%] [Cov:====>                              13%]
[Progress:======>                       22%] [Cov:====>                              13%]
[Progress:======>                       22%] [Cov:====>                              13%]
[Progress:======>                       22%] [Cov:====>                              13%]
[Progress:======>                       22%] [Cov:====>                              13%]
[Progress:======>                       22%] [Cov:====>                              13%]
[Progress:======>                       22%] [Cov:====>                              13%]
[Progress:======>                       22%] [Cov:====>                              13%]
[Progress:======>                       22%] [Cov:====>                              13%]
[Progress:======>                       23%] [Cov:====>                              13%]
[Progress:======>                       23%] [Cov:====>                              13%]
[Progress:=======>                      24%] [Cov:====>                              13%]
[Progress:=======>                      24%] [Cov:====>                              13%]
[Progress:=======>                      24%] [Cov:====>                              13%]
[Progress:=======>                      24%] [Cov:====>                              13%]
[Progress:=======>                      24%] [Cov:====>                              13%]
[Progress:=======>                      24%] [Cov:====>                              13%]
[Progress:=======>                      24%] [Cov:====>                              13%]
[Progress:=======>                      25%] [Cov:====>                              13%]
[Progress:=======>                      25%] [Cov:====>                              13%]
[Progress:=======>                      25%] [Cov:====>                              13%]
[Progress:=======>                      25%] [Cov:====>                              13%]
[Progress:=======>                      26%] [Cov:====>                              13%]
[Progress:=======>                      26%] [Cov:====>                              13%]
[Progress:=======>                      26%] [Cov:====>                              13%]
[Progress:=======>                      26%] [Cov:====>                              13%]
[Progress:=======>                      26%] [Cov:====>                              13%]
[Progress:=======>                      26%] [Cov:====>                              13%]
[Progress:=======>                      26%] [Cov:====>                              13%]
[Progress:=======>                      26%] [Cov:====>                              13%]
[Progress:========>                     27%] [Cov:====>                              12%]
[Progress:========>                     27%] [Cov:====>                              13%]
[Progress:========>                     27%] [Cov:====>                              13%]
[Progress:========>                     27%] [Cov:====>                              13%]
[Progress:========>                     27%] [Cov:====>                              13%]
[Progress:========>                     28%] [Cov:====>                              12%]
[Progress:========>                     28%] [Cov:====>                              13%]
[Progress:========>                     28%] [Cov:====>                              13%]
[Progress:========>                     28%] [Cov:====>                              13%]
[Progress:========>                     28%] [Cov:====>                              13%]
[Progress:========>                     28%] [Cov:====>                              13%]
[Progress:========>                     28%] [Cov:====>                              13%]
[Progress:========>                     28%] [Cov:====>                              13%]
[Progress:========>                     28%] [Cov:====>                              13%]
[Progress:========>                     29%] [Cov:====>                              13%]
[Progress:========>                     29%] [Cov:====>                              13%]
[Progress:========>                     29%] [Cov:====>                              13%]
[Progress:========>                     29%] [Cov:====>                              13%]
[Progress:========>                     29%] [Cov:====>                              13%]
[Progress:=========>                    30%] [Cov:====>                              13%]
[Progress:=========>                    30%] [Cov:====>                              13%]
[Progress:=========>                    30%] [Cov:====>                              13%]
[Progress:=========>                    30%] [Cov:====>                              13%]
[Progress:=========>                    30%] [Cov:====>                              13%]
[Progress:=========>                    30%] [Cov:====>                              13%]
[Progress:=========>                    30%] [Cov:====>                              13%]
[Progress:=========>                    30%] [Cov:====>                              13%]
[Progress:=========>                    31%] [Cov:====>                              13%]
[Progress:=========>                    31%] [Cov:====>                              13%]
[Progress:=========>                    31%] [Cov:====>                              13%]
[Progress:=========>                    31%] [Cov:====>                              13%]
[Progress:=========>                    32%] [Cov:====>                              13%]
[Progress:=========>                    32%] [Cov:====>                              13%]
[Progress:=========>                    32%] [Cov:====>                              13%]
[Progress:=========>                    32%] [Cov:====>                              13%]
[Progress:=========>                    32%] [Cov:====>                              13%]
[Progress:=========>                    32%] [Cov:====>                              13%]
[Progress:=========>                    32%] [Cov:====>                              13%]
[Progress:=========>                    32%] [Cov:====>                              13%]
[Progress:=========>                    33%] [Cov:====>                              13%]
[Progress:=========>                    33%] [Cov:====>                              13%]
[Progress:=========>                    33%] [Cov:====>                              13%]
[Progress:=========>                    33%] [Cov:====>                              13%]
[Progress:==========>                   34%] [Cov:====>                              13%]
[Progress:==========>                   34%] [Cov:====>                              13%]
[Progress:==========>                   34%] [Cov:====>                              13%]
[Progress:==========>                   34%] [Cov:====>                              13%]
[Progress:==========>                   34%] [Cov:====>                              13%]
[Progress:==========>                   34%] [Cov:====>                              13%]
[Progress:==========>                   34%] [Cov:====>                              13%]
[Progress:==========>                   34%] [Cov:====>                              13%]
[Progress:==========>                   35%] [Cov:====>                              13%]
[Progress:==========>                   35%] [Cov:====>                              13%]
[Progress:==========>                   35%] [Cov:====>                              13%]
[Progress:==========>                   36%] [Cov:====>                              13%]
[Progress:==========>                   36%] [Cov:====>                              13%]
[Progress:==========>                   36%] [Cov:====>                              13%]
[Progress:==========>                   36%] [Cov:====>                              14%]
[Progress:==========>                   36%] [Cov:====>                              14%]
[Progress:==========>                   36%] [Cov:====>                              14%]
[Progress:==========>                   36%] [Cov:====>                              14%]
[Progress:==========>                   36%] [Cov:====>                              14%]
[Progress:===========>                  37%] [Cov:====>                              13%]
[Progress:===========>                  37%] [Cov:====>                              14%]
[Progress:===========>                  37%] [Cov:====>                              14%]
[Progress:===========>                  37%] [Cov:====>                              14%]
[Progress:===========>                  38%] [Cov:====>                              14%]
[Progress:===========>                  38%] [Cov:====>                              13%]
[Progress:===========>                  38%] [Cov:====>                              14%]
[Progress:===========>                  38%] [Cov:====>                              13%]
[Progress:===========>                  38%] [Cov:====>                              14%]
[Progress:===========>                  38%] [Cov:====>                              13%]
[Progress:===========>                  38%] [Cov:====>                              14%]
[Progress:===========>                  38%] [Cov:====>                              13%]
[Progress:===========>                  38%] [Cov:====>                              14%]
[Progress:===========>                  38%] [Cov:====>                              13%]
[Progress:===========>                  38%] [Cov:====>                              14%]
[Progress:===========>                  38%] [Cov:====>                              13%]
[Progress:===========>                  38%] [Cov:====>                              14%]
[Progress:===========>                  38%] [Cov:====>                              13%]
[Progress:===========>                  38%] [Cov:====>                              14%]
[Progress:===========>                  39%] [Cov:====>                              14%]
[Progress:===========>                  39%] [Cov:====>                              13%]
[Progress:===========>                  39%] [Cov:====>                              14%]
[Progress:===========>                  39%] [Cov:====>                              13%]
[Progress:===========>                  39%] [Cov:====>                              14%]
[Progress:===========>                  39%] [Cov:====>                              13%]
[Progress:===========>                  39%] [Cov:====>                              14%]
[Progress:===========>                  39%] [Cov:====>                              13%]
[Progress:===========>                  39%] [Cov:====>                              14%]
[Progress:============>                 40%] [Cov:====>                              14%]
[Progress:============>                 40%] [Cov:====>                              13%]
[Progress:============>                 40%] [Cov:====>                              14%]
[Progress:============>                 40%] [Cov:====>                              13%]
[Progress:============>                 40%] [Cov:====>                              14%]
[Progress:============>                 40%] [Cov:====>                              13%]
[Progress:============>                 40%] [Cov:====>                              14%]
[Progress:============>                 40%] [Cov:====>                              13%]
[Progress:============>                 40%] [Cov:====>                              14%]
[Progress:============>                 40%] [Cov:====>                              13%]
[Progress:============>                 40%] [Cov:====>                              14%]
[Progress:============>                 40%] [Cov:====>                              13%]
[Progress:============>                 40%] [Cov:====>                              14%]
[Progress:============>                 40%] [Cov:====>                              13%]
[Progress:============>                 40%] [Cov:====>                              14%]
[Progress:============>                 41%] [Cov:====>                              14%]
[Progress:============>                 41%] [Cov:====>                              13%]
[Progress:============>                 41%] [Cov:====>                              14%]
[Progress:============>                 41%] [Cov:====>                              13%]
[Progress:============>                 41%] [Cov:====>                              14%]
[Progress:============>                 42%] [Cov:====>                              13%]
[Progress:============>                 42%] [Cov:====>                              14%]
[Progress:============>                 42%] [Cov:====>                              13%]
[Progress:============>                 42%] [Cov:====>                              14%]
[Progress:============>                 42%] [Cov:====>                              13%]
[Progress:============>                 42%] [Cov:====>                              14%]
[Progress:============>                 42%] [Cov:====>                              13%]
[Progress:============>                 42%] [Cov:====>                              14%]
[Progress:============>                 42%] [Cov:====>                              13%]
[Progress:============>                 42%] [Cov:====>                              14%]
[Progress:============>                 42%] [Cov:====>                              13%]
[Progress:============>                 42%] [Cov:====>                              14%]
[Progress:============>                 42%] [Cov:====>                              13%]
[Progress:============>                 42%] [Cov:====>                              14%]
[Progress:============>                 42%] [Cov:====>                              13%]
[Progress:============>                 42%] [Cov:====>                              14%]
[Progress:============>                 43%] [Cov:====>                              14%]
[Progress:============>                 43%] [Cov:====>                              13%]
[Progress:============>                 43%] [Cov:====>                              14%]
[Progress:============>                 43%] [Cov:====>                              13%]
[Progress:============>                 43%] [Cov:====>                              14%]
[Progress:============>                 43%] [Cov:====>                              13%]
[Progress:============>                 43%] [Cov:====>                              14%]
[Progress:============>                 43%] [Cov:====>                              13%]
[Progress:============>                 43%] [Cov:====>                              14%]
[Progress:=============>                44%] [Cov:====>                              14%]
[Progress:=============>                44%] [Cov:====>                              13%]
[Progress:=============>                44%] [Cov:====>                              14%]
[Progress:=============>                44%] [Cov:====>                              13%]
[Progress:=============>                44%] [Cov:====>                              14%]
[Progress:=============>                44%] [Cov:====>                              13%]
[Progress:=============>                44%] [Cov:====>                              14%]
[Progress:=============>                44%] [Cov:====>                              13%]
[Progress:=============>                44%] [Cov:====>                              14%]
[Progress:=============>                44%] [Cov:====>                              13%]
[Progress:=============>                44%] [Cov:====>                              14%]
[Progress:=============>                45%] [Cov:====>                              14%]
[Progress:=============>                45%] [Cov:====>                              13%]
[Progress:=============>                45%] [Cov:====>                              14%]
[Progress:=============>                45%] [Cov:====>                              13%]
[Progress:=============>                45%] [Cov:====>                              14%]
[Progress:=============>                45%] [Cov:====>                              13%]
[Progress:=============>                45%] [Cov:====>                              14%]
[Progress:=============>                46%] [Cov:====>                              13%]
[Progress:=============>                46%] [Cov:====>                              14%]
[Progress:=============>                46%] [Cov:====>                              13%]
[Progress:=============>                46%] [Cov:====>                              14%]
[Progress:=============>                46%] [Cov:====>                              13%]
[Progress:=============>                46%] [Cov:====>                              14%]
[Progress:=============>                46%] [Cov:====>                              13%]
[Progress:=============>                46%] [Cov:====>                              14%]
[Progress:=============>                46%] [Cov:====>                              13%]
[Progress:=============>                46%] [Cov:====>                              14%]
[Progress:=============>                46%] [Cov:====>                              13%]
[Progress:=============>                46%] [Cov:====>                              14%]
[Progress:=============>                46%] [Cov:====>                              13%]
[Progress:=============>                46%] [Cov:====>                              14%]
[Progress:=============>                46%] [Cov:====>                              13%]
[Progress:=============>                46%] [Cov:====>                              14%]
[Progress:=============>                46%] [Cov:====>                              13%]
[Progress:=============>                46%] [Cov:====>                              14%]
[Progress:==============>               47%] [Cov:====>                              14%]
[Progress:==============>               47%] [Cov:====>                              13%]
[Progress:==============>               47%] [Cov:====>                              14%]
[Progress:==============>               47%] [Cov:====>                              13%]
[Progress:==============>               47%] [Cov:====>                              14%]
[Progress:==============>               47%] [Cov:====>                              13%]
[Progress:==============>               47%] [Cov:====>                              14%]
[Progress:==============>               48%] [Cov:====>                              14%]
[Progress:==============>               48%] [Cov:====>                              13%]
[Progress:==============>               48%] [Cov:====>                              14%]
[Progress:==============>               48%] [Cov:====>                              13%]
[Progress:==============>               48%] [Cov:====>                              14%]
[Progress:==============>               48%] [Cov:====>                              13%]
[Progress:==============>               48%] [Cov:====>                              14%]
[Progress:==============>               48%] [Cov:====>                              13%]
[Progress:==============>               48%] [Cov:====>                              14%]
[Progress:==============>               48%] [Cov:====>                              13%]
[Progress:==============>               48%] [Cov:====>                              14%]
[Progress:==============>               48%] [Cov:====>                              13%]
[Progress:==============>               48%] [Cov:====>                              14%]
[Progress:==============>               49%] [Cov:====>                              14%]
[Progress:==============>               49%] [Cov:====>                              13%]
[Progress:==============>               49%] [Cov:====>                              14%]
[Progress:==============>               49%] [Cov:====>                              13%]
[Progress:==============>               49%] [Cov:====>                              14%]
[Progress:==============>               49%] [Cov:====>                              13%]
[Progress:==============>               49%] [Cov:====>                              14%]
[Progress:===============>              50%] [Cov:====>                              14%]
[Progress:===============>              50%] [Cov:====>                              13%]
[Progress:===============>              50%] [Cov:====>                              14%]
[Progress:===============>              50%] [Cov:====>                              13%]
[Progress:===============>              50%] [Cov:====>                              14%]
[Progress:===============>              50%] [Cov:====>                              13%]
[Progress:===============>              50%] [Cov:====>                              14%]
[Progress:===============>              50%] [Cov:====>                              13%]
[Progress:===============>              50%] [Cov:====>                              14%]
[Progress:===============>              50%] [Cov:====>                              13%]
[Progress:===============>              50%] [Cov:====>                              14%]
[Progress:===============>              50%] [Cov:====>                              13%]
[Progress:===============>              50%] [Cov:====>                              14%]
[Progress:===============>              51%] [Cov:====>                              14%]
[Progress:===============>              51%] [Cov:====>                              13%]
[Progress:===============>              51%] [Cov:====>                              14%]
[Progress:===============>              51%] [Cov:====>                              13%]
[Progress:===============>              51%] [Cov:====>                              14%]
[Progress:===============>              51%] [Cov:====>                              13%]
[Progress:===============>              51%] [Cov:====>                              14%]
[Progress:===============>              52%] [Cov:====>                              14%]
[Progress:===============>              52%] [Cov:====>                              13%]
[Progress:===============>              52%] [Cov:====>                              14%]
[Progress:===============>              52%] [Cov:====>                              13%]
[Progress:===============>              52%] [Cov:====>                              14%]
[Progress:===============>              52%] [Cov:====>                              13%]
[Progress:===============>              52%] [Cov:====>                              14%]
[Progress:===============>              52%] [Cov:====>                              13%]
[Progress:===============>              52%] [Cov:====>                              14%]
[Progress:===============>              52%] [Cov:====>                              13%]
[Progress:===============>              52%] [Cov:====>                              14%]
[Progress:===============>              52%] [Cov:====>                              13%]
[Progress:===============>              52%] [Cov:====>                              14%]
[Progress:===============>              53%] [Cov:====>                              13%]
[Progress:===============>              53%] [Cov:====>                              14%]
[Progress:===============>              53%] [Cov:====>                              13%]
[Progress:===============>              53%] [Cov:====>                              14%]
[Progress:===============>              53%] [Cov:====>                              13%]
[Progress:===============>              53%] [Cov:====>                              14%]
[Progress:================>             54%] [Cov:====>                              13%]
[Progress:================>             54%] [Cov:====>                              14%]
[Progress:================>             54%] [Cov:====>                              13%]
[Progress:================>             54%] [Cov:====>                              14%]
[Progress:================>             54%] [Cov:====>                              13%]
[Progress:================>             54%] [Cov:====>                              14%]
[Progress:================>             54%] [Cov:====>                              13%]
[Progress:================>             54%] [Cov:====>                              14%]
[Progress:================>             54%] [Cov:====>                              13%]
[Progress:================>             54%] [Cov:====>                              14%]
[Progress:================>             54%] [Cov:====>                              13%]
[Progress:================>             54%] [Cov:====>                              14%]
[Progress:================>             54%] [Cov:====>                              13%]
[Progress:================>             54%] [Cov:====>                              14%]
[Progress:================>             54%] [Cov:====>                              13%]
[Progress:================>             54%] [Cov:====>                              14%]
[Progress:================>             54%] [Cov:====>                              13%]
[Progress:================>             54%] [Cov:====>                              14%]
[Progress:================>             55%] [Cov:====>                              14%]
[Progress:================>             55%] [Cov:====>                              13%]
[Progress:================>             55%] [Cov:====>                              14%]
[Progress:================>             55%] [Cov:====>                              13%]
[Progress:================>             55%] [Cov:====>                              14%]
[Progress:================>             56%] [Cov:====>                              13%]
[Progress:================>             56%] [Cov:====>                              14%]
[Progress:================>             56%] [Cov:====>                              13%]
[Progress:================>             56%] [Cov:====>                              14%]
[Progress:================>             56%] [Cov:====>                              13%]
[Progress:================>             56%] [Cov:====>                              14%]
[Progress:================>             56%] [Cov:====>                              13%]
[Progress:================>             56%] [Cov:====>                              14%]
[Progress:================>             56%] [Cov:====>                              13%]
[Progress:================>             56%] [Cov:====>                              14%]
[Progress:================>             56%] [Cov:====>                              13%]
[Progress:================>             56%] [Cov:====>                              14%]
[Progress:================>             56%] [Cov:====>                              13%]
[Progress:================>             56%] [Cov:====>                              14%]
[Progress:================>             56%] [Cov:====>                              13%]
[Progress:================>             56%] [Cov:====>                              14%]
[Progress:=================>            57%] [Cov:====>                              14%]
[Progress:=================>            57%] [Cov:====>                              13%]
[Progress:=================>            57%] [Cov:====>                              14%]
[Progress:=================>            57%] [Cov:====>                              13%]
[Progress:=================>            57%] [Cov:====>                              14%]
[Progress:=================>            57%] [Cov:====>                              13%]
[Progress:=================>            57%] [Cov:====>                              14%]
[Progress:=================>            58%] [Cov:====>                              13%]
[Progress:=================>            58%] [Cov:====>                              14%]
[Progress:=================>            58%] [Cov:====>                              13%]
[Progress:=================>            58%] [Cov:====>                              14%]
[Progress:=================>            58%] [Cov:====>                              13%]
[Progress:=================>            58%] [Cov:====>                              14%]
[Progress:=================>            58%] [Cov:====>                              13%]
[Progress:=================>            58%] [Cov:====>                              14%]
[Progress:=================>            58%] [Cov:====>                              13%]
[Progress:=================>            58%] [Cov:====>                              14%]
[Progress:=================>            58%] [Cov:====>                              13%]
[Progress:=================>            58%] [Cov:====>                              14%]
[Progress:=================>            58%] [Cov:====>                              13%]
[Progress:=================>            58%] [Cov:====>                              14%]
[Progress:=================>            58%] [Cov:====>                              13%]
[Progress:=================>            58%] [Cov:====>                              14%]
[Progress:=================>            59%] [Cov:====>                              14%]
[Progress:=================>            59%] [Cov:====>                              13%]
[Progress:=================>            59%] [Cov:====>                              14%]
[Progress:=================>            59%] [Cov:====>                              13%]
[Progress:=================>            59%] [Cov:====>                              14%]
[Progress:==================>           60%] [Cov:====>                              14%]
[Progress:==================>           60%] [Cov:====>                              13%]
[Progress:==================>           60%] [Cov:====>                              14%]
[Progress:==================>           60%] [Cov:====>                              13%]
[Progress:==================>           60%] [Cov:====>                              14%]
[Progress:==================>           60%] [Cov:====>                              13%]
[Progress:==================>           60%] [Cov:====>                              14%]
[Progress:==================>           60%] [Cov:====>                              13%]
[Progress:==================>           60%] [Cov:====>                              14%]
[Progress:==================>           60%] [Cov:====>                              13%]
[Progress:==================>           60%] [Cov:====>                              14%]
[Progress:==================>           61%] [Cov:====>                              13%]
[Progress:==================>           61%] [Cov:====>                              14%]
[Progress:==================>           61%] [Cov:====>                              13%]
[Progress:==================>           61%] [Cov:====>                              14%]
[Progress:==================>           61%] [Cov:====>                              13%]
[Progress:==================>           61%] [Cov:====>                              14%]
[Progress:==================>           61%] [Cov:====>                              13%]
[Progress:==================>           61%] [Cov:====>                              14%]
[Progress:==================>           62%] [Cov:====>                              14%]
[Progress:==================>           62%] [Cov:====>                              13%]
[Progress:==================>           62%] [Cov:====>                              14%]
[Progress:==================>           62%] [Cov:====>                              13%]
[Progress:==================>           62%] [Cov:====>                              14%]
[Progress:==================>           62%] [Cov:====>                              13%]
[Progress:==================>           62%] [Cov:====>                              14%]
[Progress:==================>           62%] [Cov:====>                              13%]
[Progress:==================>           62%] [Cov:====>                              14%]
[Progress:==================>           62%] [Cov:====>                              13%]
[Progress:==================>           62%] [Cov:====>                              14%]
[Progress:==================>           63%] [Cov:====>                              14%]
[Progress:==================>           63%] [Cov:====>                              13%]
[Progress:==================>           63%] [Cov:====>                              14%]
[Progress:==================>           63%] [Cov:====>                              13%]
[Progress:==================>           63%] [Cov:====>                              14%]
[Progress:==================>           63%] [Cov:====>                              13%]
[Progress:==================>           63%] [Cov:====>                              14%]
[Progress:===================>          64%] [Cov:====>                              14%]
[Progress:===================>          64%] [Cov:====>                              13%]
[Progress:===================>          64%] [Cov:====>                              14%]
[Progress:===================>          64%] [Cov:====>                              13%]
[Progress:===================>          64%] [Cov:====>                              14%]
[Progress:===================>          64%] [Cov:====>                              13%]
[Progress:===================>          64%] [Cov:====>                              14%]
[Progress:===================>          64%] [Cov:====>                              13%]
[Progress:===================>          64%] [Cov:====>                              14%]
[Progress:===================>          64%] [Cov:====>                              13%]
[Progress:===================>          64%] [Cov:====>                              14%]
[Progress:===================>          64%] [Cov:====>                              13%]
[Progress:===================>          64%] [Cov:====>                              14%]
[Progress:===================>          64%] [Cov:====>                              13%]
[Progress:===================>          64%] [Cov:====>                              14%]
[Progress:===================>          65%] [Cov:====>                              14%]
[Progress:===================>          65%] [Cov:====>                              13%]
[Progress:===================>          65%] [Cov:====>                              14%]
[Progress:===================>          65%] [Cov:====>                              13%]
[Progress:===================>          65%] [Cov:====>                              14%]
[Progress:===================>          65%] [Cov:====>                              13%]
[Progress:===================>          65%] [Cov:====>                              14%]
[Progress:===================>          65%] [Cov:====>                              13%]
[Progress:===================>          65%] [Cov:====>                              14%]
[Progress:===================>          66%] [Cov:====>                              14%]
[Progress:===================>          66%] [Cov:====>                              13%]
[Progress:===================>          66%] [Cov:====>                              14%]
[Progress:===================>          66%] [Cov:====>                              13%]
[Progress:===================>          66%] [Cov:====>                              14%]
[Progress:===================>          66%] [Cov:====>                              13%]
[Progress:===================>          66%] [Cov:====>                              14%]
[Progress:===================>          66%] [Cov:====>                              13%]
[Progress:===================>          66%] [Cov:====>                              14%]
[Progress:===================>          66%] [Cov:====>                              13%]
[Progress:===================>          66%] [Cov:====>                              14%]
[Progress:===================>          66%] [Cov:====>                              13%]
[Progress:===================>          66%] [Cov:====>                              14%]
[Progress:===================>          66%] [Cov:====>                              13%]
[Progress:===================>          66%] [Cov:====>                              14%]
[Progress:====================>         67%] [Cov:====>                              14%]
[Progress:====================>         67%] [Cov:====>                              13%]
[Progress:====================>         67%] [Cov:====>                              14%]
[Progress:====================>         67%] [Cov:====>                              13%]
[Progress:====================>         67%] [Cov:====>                              14%]
[Progress:====================>         67%] [Cov:====>                              13%]
[Progress:====================>         67%] [Cov:====>                              14%]
[Progress:====================>         68%] [Cov:====>                              14%]
[Progress:====================>         68%] [Cov:====>                              13%]
[Progress:====================>         68%] [Cov:====>                              14%]
[Progress:====================>         68%] [Cov:====>                              13%]
[Progress:====================>         68%] [Cov:====>                              14%]
[Progress:====================>         68%] [Cov:====>                              13%]
[Progress:====================>         68%] [Cov:====>                              14%]
[Progress:====================>         68%] [Cov:====>                              13%]
[Progress:====================>         68%] [Cov:====>                              14%]
[Progress:====================>         68%] [Cov:====>                              13%]
[Progress:====================>         68%] [Cov:====>                              14%]
[Progress:====================>         69%] [Cov:====>                              14%]
[Progress:====================>         69%] [Cov:====>                              13%]
[Progress:====================>         69%] [Cov:====>                              14%]
[Progress:====================>         69%] [Cov:====>                              13%]
[Progress:====================>         69%] [Cov:====>                              14%]
[Progress:====================>         69%] [Cov:====>                              13%]
[Progress:====================>         69%] [Cov:====>                              14%]
[Progress:====================>         69%] [Cov:====>                              13%]
[Progress:====================>         69%] [Cov:====>                              14%]
[Progress:=====================>        70%] [Cov:====>                              14%]
[Progress:=====================>        70%] [Cov:====>                              13%]
[Progress:=====================>        70%] [Cov:====>                              14%]
[Progress:=====================>        70%] [Cov:====>                              13%]
[Progress:=====================>        70%] [Cov:====>                              14%]
[Progress:=====================>        70%] [Cov:====>                              13%]
[Progress:=====================>        70%] [Cov:====>                              14%]
[Progress:=====================>        70%] [Cov:====>                              13%]
[Progress:=====================>        70%] [Cov:====>                              14%]
[Progress:=====================>        70%] [Cov:====>                              13%]
[Progress:=====================>        70%] [Cov:====>                              14%]
[Progress:=====================>        70%] [Cov:====>                              13%]
[Progress:=====================>        70%] [Cov:====>                              14%]
[Progress:=====================>        70%] [Cov:====>                              13%]
[Progress:=====================>        70%] [Cov:====>                              14%]
[Progress:=====================>        71%] [Cov:====>                              14%]
[Progress:=====================>        71%] [Cov:====>                              13%]
[Progress:=====================>        71%] [Cov:====>                              14%]
[Progress:=====================>        71%] [Cov:====>                              13%]
[Progress:=====================>        71%] [Cov:====>                              14%]
[Progress:=====================>        71%] [Cov:====>                              13%]
[Progress:=====================>        71%] [Cov:====>                              14%]
[Progress:=====================>        72%] [Cov:====>                              14%]
[Progress:=====================>        72%] [Cov:====>                              13%]
[Progress:=====================>        72%] [Cov:====>                              14%]
[Progress:=====================>        72%] [Cov:====>                              13%]
[Progress:=====================>        72%] [Cov:====>                              14%]
[Progress:=====================>        72%] [Cov:====>                              13%]
[Progress:=====================>        72%] [Cov:====>                              14%]
[Progress:=====================>        72%] [Cov:====>                              13%]
[Progress:=====================>        72%] [Cov:====>                              14%]
[Progress:=====================>        73%] [Cov:====>                              13%]
[Progress:=====================>        73%] [Cov:====>                              14%]
[Progress:=====================>        73%] [Cov:====>                              13%]
[Progress:=====================>        73%] [Cov:====>                              14%]
[Progress:=====================>        73%] [Cov:====>                              13%]
[Progress:=====================>        73%] [Cov:====>                              14%]
[Progress:=====================>        73%] [Cov:====>                              13%]
[Progress:=====================>        73%] [Cov:====>                              14%]
[Progress:=====================>        73%] [Cov:====>                              13%]
[Progress:=====================>        73%] [Cov:====>                              14%]
[Progress:======================>       74%] [Cov:====>                              14%]
[Progress:======================>       74%] [Cov:====>                              13%]
[Progress:======================>       74%] [Cov:====>                              14%]
[Progress:======================>       74%] [Cov:====>                              13%]
[Progress:======================>       74%] [Cov:====>                              14%]
[Progress:======================>       74%] [Cov:====>                              13%]
[Progress:======================>       74%] [Cov:====>                              14%]
[Progress:======================>       74%] [Cov:====>                              13%]
[Progress:======================>       74%] [Cov:====>                              14%]
[Progress:======================>       74%] [Cov:====>                              13%]
[Progress:======================>       74%] [Cov:====>                              14%]
[Progress:======================>       74%] [Cov:====>                              13%]
[Progress:======================>       74%] [Cov:====>                              14%]
[Progress:======================>       75%] [Cov:====>                              13%]
[Progress:======================>       75%] [Cov:====>                              14%]
[Progress:======================>       75%] [Cov:====>                              13%]
[Progress:======================>       75%] [Cov:====>                              14%]
[Progress:======================>       75%] [Cov:====>                              13%]
[Progress:======================>       75%] [Cov:====>                              14%]
[Progress:======================>       75%] [Cov:====>                              13%]
[Progress:======================>       75%] [Cov:====>                              14%]
[Progress:======================>       76%] [Cov:====>                              14%]
[Progress:======================>       76%] [Cov:====>                              13%]
[Progress:======================>       76%] [Cov:====>                              14%]
[Progress:======================>       76%] [Cov:====>                              13%]
[Progress:======================>       76%] [Cov:====>                              14%]
[Progress:======================>       76%] [Cov:====>                              13%]
[Progress:======================>       76%] [Cov:====>                              14%]
[Progress:======================>       76%] [Cov:====>                              13%]
[Progress:======================>       76%] [Cov:====>                              14%]
[Progress:======================>       76%] [Cov:====>                              13%]
[Progress:======================>       76%] [Cov:====>                              14%]
[Progress:======================>       76%] [Cov:====>                              13%]
[Progress:======================>       76%] [Cov:====>                              14%]
[Progress:=======================>      77%] [Cov:====>                              14%]
[Progress:=======================>      77%] [Cov:====>                              13%]
[Progress:=======================>      77%] [Cov:====>                              14%]
[Progress:=======================>      77%] [Cov:====>                              13%]
[Progress:=======================>      77%] [Cov:====>                              14%]
[Progress:=======================>      77%] [Cov:====>                              13%]
[Progress:=======================>      77%] [Cov:====>                              14%]
[Progress:=======================>      77%] [Cov:====>                              13%]
[Progress:=======================>      77%] [Cov:====>                              14%]
[Progress:=======================>      78%] [Cov:====>                              14%]
[Progress:=======================>      78%] [Cov:====>                              13%]
[Progress:=======================>      78%] [Cov:====>                              14%]
[Progress:=======================>      78%] [Cov:====>                              13%]
[Progress:=======================>      78%] [Cov:====>                              14%]
[Progress:=======================>      78%] [Cov:====>                              13%]
[Progress:=======================>      78%] [Cov:====>                              14%]
[Progress:=======================>      78%] [Cov:====>                              13%]
[Progress:=======================>      78%] [Cov:====>                              14%]
[Progress:=======================>      78%] [Cov:====>                              13%]
[Progress:=======================>      78%] [Cov:====>                              14%]
[Progress:=======================>      78%] [Cov:====>                              13%]
[Progress:=======================>      78%] [Cov:====>                              14%]
[Progress:=======================>      78%] [Cov:====>                              13%]
[Progress:=======================>      78%] [Cov:====>                              14%]
[Progress:=======================>      79%] [Cov:====>                              13%]
[Progress:=======================>      79%] [Cov:====>                              14%]
[Progress:=======================>      79%] [Cov:====>                              13%]
[Progress:=======================>      79%] [Cov:====>                              14%]
[Progress:=======================>      79%] [Cov:====>                              13%]
[Progress:=======================>      79%] [Cov:====>                              14%]
[Progress:=======================>      79%] [Cov:====>                              13%]
[Progress:=======================>      79%] [Cov:====>                              14%]
[Progress:========================>     80%] [Cov:====>                              13%]
[Progress:========================>     80%] [Cov:====>                              14%]
[Progress:========================>     80%] [Cov:====>                              13%]
[Progress:========================>     80%] [Cov:====>                              14%]
[Progress:========================>     80%] [Cov:====>                              13%]
[Progress:========================>     80%] [Cov:====>                              14%]
[Progress:========================>     80%] [Cov:====>                              13%]
[Progress:========================>     80%] [Cov:====>                              14%]
[Progress:========================>     80%] [Cov:====>                              13%]
[Progress:========================>     80%] [Cov:====>                              14%]
[Progress:========================>     80%] [Cov:====>                              13%]
[Progress:========================>     80%] [Cov:====>                              14%]
[Progress:========================>     80%] [Cov:====>                              13%]
[Progress:========================>     80%] [Cov:====>                              14%]
[Progress:========================>     81%] [Cov:====>                              14%]
[Progress:========================>     81%] [Cov:====>                              13%]
[Progress:========================>     81%] [Cov:====>                              14%]
[Progress:========================>     81%] [Cov:====>                              13%]
[Progress:========================>     81%] [Cov:====>                              14%]
[Progress:========================>     82%] [Cov:====>                              13%]
[Progress:========================>     82%] [Cov:====>                              14%]
[Progress:========================>     82%] [Cov:====>                              13%]
[Progress:========================>     82%] [Cov:====>                              14%]
[Progress:========================>     82%] [Cov:====>                              13%]
[Progress:========================>     82%] [Cov:====>                              14%]
[Progress:========================>     82%] [Cov:====>                              13%]
[Progress:========================>     82%] [Cov:====>                              14%]
[Progress:========================>     82%] [Cov:====>                              13%]
[Progress:========================>     82%] [Cov:====>                              14%]
[Progress:========================>     82%] [Cov:====>                              13%]
[Progress:========================>     82%] [Cov:====>                              14%]
[Progress:========================>     83%] [Cov:====>                              14%]
[Progress:========================>     83%] [Cov:====>                              13%]
[Progress:========================>     83%] [Cov:====>                              14%]
[Progress:========================>     83%] [Cov:====>                              13%]
[Progress:========================>     83%] [Cov:====>                              14%]
[Progress:========================>     83%] [Cov:====>                              13%]
[Progress:========================>     83%] [Cov:====>                              14%]
[Progress:=========================>    84%] [Cov:====>                              14%]
[Progress:=========================>    84%] [Cov:====>                              13%]
[Progress:=========================>    84%] [Cov:====>                              14%]
[Progress:=========================>    84%] [Cov:====>                              13%]
[Progress:=========================>    84%] [Cov:====>                              14%]
[Progress:=========================>    84%] [Cov:====>                              13%]
[Progress:=========================>    84%] [Cov:====>                              14%]
[Progress:=========================>    84%] [Cov:====>                              13%]
[Progress:=========================>    84%] [Cov:====>                              14%]
[Progress:=========================>    84%] [Cov:====>                              13%]
[Progress:=========================>    84%] [Cov:====>                              14%]
[Progress:=========================>    84%] [Cov:====>                              13%]
[Progress:=========================>    84%] [Cov:====>                              14%]
[Progress:=========================>    84%] [Cov:====>                              13%]
[Progress:=========================>    84%] [Cov:====>                              14%]
[Progress:=========================>    84%] [Cov:====>                              13%]
[Progress:=========================>    84%] [Cov:====>                              14%]
[Progress:=========================>    85%] [Cov:====>                              14%]
[Progress:=========================>    85%] [Cov:====>                              13%]
[Progress:=========================>    85%] [Cov:====>                              14%]
[Progress:=========================>    85%] [Cov:====>                              13%]
[Progress:=========================>    85%] [Cov:====>                              14%]
[Progress:=========================>    86%] [Cov:====>                              14%]
[Progress:=========================>    86%] [Cov:====>                              13%]
[Progress:=========================>    86%] [Cov:====>                              14%]
[Progress:=========================>    86%] [Cov:====>                              13%]
[Progress:=========================>    86%] [Cov:====>                              14%]
[Progress:=========================>    86%] [Cov:====>                              13%]
[Progress:=========================>    86%] [Cov:====>                              14%]
[Progress:=========================>    86%] [Cov:====>                              13%]
[Progress:=========================>    86%] [Cov:====>                              14%]
[Progress:=========================>    86%] [Cov:====>                              13%]
[Progress:=========================>    86%] [Cov:====>                              14%]
[Progress:=========================>    86%] [Cov:====>                              13%]
[Progress:=========================>    86%] [Cov:====>                              14%]
[Progress:=========================>    86%] [Cov:====>                              13%]
[Progress:=========================>    86%] [Cov:====>                              14%]
[Progress:==========================>   87%] [Cov:====>                              14%]
[Progress:==========================>   87%] [Cov:====>                              13%]
[Progress:==========================>   87%] [Cov:====>                              14%]
[Progress:==========================>   87%] [Cov:====>                              13%]
[Progress:==========================>   87%] [Cov:====>                              14%]
[Progress:==========================>   88%] [Cov:====>                              13%]
[Progress:==========================>   88%] [Cov:====>                              14%]
[Progress:==========================>   88%] [Cov:====>                              13%]
[Progress:==========================>   88%] [Cov:====>                              14%]
[Progress:==========================>   88%] [Cov:====>                              13%]
[Progress:==========================>   88%] [Cov:====>                              14%]
[Progress:==========================>   88%] [Cov:====>                              13%]
[Progress:==========================>   88%] [Cov:====>                              14%]
[Progress:==========================>   88%] [Cov:====>                              13%]
[Progress:==========================>   88%] [Cov:====>                              14%]
[Progress:==========================>   88%] [Cov:====>                              13%]
[Progress:==========================>   88%] [Cov:====>                              14%]
[Progress:==========================>   89%] [Cov:====>                              14%]
[Progress:==========================>   89%] [Cov:====>                              13%]
[Progress:==========================>   89%] [Cov:====>                              14%]
[Progress:==========================>   89%] [Cov:====>                              13%]
[Progress:==========================>   89%] [Cov:====>                              14%]
[Progress:==========================>   89%] [Cov:====>                              13%]
[Progress:==========================>   89%] [Cov:====>                              14%]
[Progress:===========================>  90%] [Cov:====>                              14%]
[Progress:===========================>  90%] [Cov:====>                              13%]
[Progress:===========================>  90%] [Cov:====>                              14%]
[Progress:===========================>  90%] [Cov:====>                              13%]
[Progress:===========================>  90%] [Cov:====>                              14%]
[Progress:===========================>  90%] [Cov:====>                              13%]
[Progress:===========================>  90%] [Cov:====>                              14%]
[Progress:===========================>  90%] [Cov:====>                              13%]
[Progress:===========================>  90%] [Cov:====>                              14%]
[Progress:===========================>  90%] [Cov:====>                              13%]
[Progress:===========================>  90%] [Cov:====>                              14%]
[Progress:===========================>  91%] [Cov:====>                              14%]
[Progress:===========================>  91%] [Cov:====>                              13%]
[Progress:===========================>  91%] [Cov:====>                              14%]
[Progress:===========================>  91%] [Cov:====>                              13%]
[Progress:===========================>  91%] [Cov:====>                              14%]
[Progress:===========================>  91%] [Cov:====>                              13%]
[Progress:===========================>  91%] [Cov:====>                              14%]
[Progress:===========================>  91%] [Cov:====>                              13%]
[Progress:===========================>  91%] [Cov:====>                              14%]
[Progress:===========================>  92%] [Cov:====>                              14%]
[Progress:===========================>  92%] [Cov:====>                              13%]
[Progress:===========================>  92%] [Cov:====>                              14%]
[Progress:===========================>  92%] [Cov:====>                              13%]
[Progress:===========================>  92%] [Cov:====>                              14%]
[Progress:===========================>  92%] [Cov:====>                              13%]
[Progress:===========================>  92%] [Cov:====>                              14%]
[Progress:===========================>  92%] [Cov:====>                              13%]
[Progress:===========================>  92%] [Cov:====>                              14%]
[Progress:===========================>  92%] [Cov:====>                              13%]
[Progress:===========================>  92%] [Cov:====>                              14%]
[Progress:===========================>  92%] [Cov:====>                              13%]
[Progress:===========================>  92%] [Cov:====>                              14%]
[Progress:===========================>  93%] [Cov:====>                              14%]
[Progress:===========================>  93%] [Cov:====>                              13%]
[Progress:===========================>  93%] [Cov:====>                              14%]
[Progress:===========================>  93%] [Cov:====>                              13%]
[Progress:===========================>  93%] [Cov:====>                              14%]
[Progress:===========================>  93%] [Cov:====>                              13%]
[Progress:===========================>  93%] [Cov:====>                              14%]
[Progress:============================> 94%] [Cov:====>                              14%]
[Progress:============================> 94%] [Cov:====>                              13%]
[Progress:============================> 94%] [Cov:====>                              14%]
[Progress:============================> 94%] [Cov:====>                              13%]
[Progress:============================> 94%] [Cov:====>                              14%]
[Progress:============================> 94%] [Cov:====>                              13%]
[Progress:============================> 94%] [Cov:====>                              14%]
[Progress:============================> 94%] [Cov:====>                              13%]
[Progress:============================> 94%] [Cov:====>                              14%]
[Progress:============================> 94%] [Cov:====>                              13%]
[Progress:============================> 94%] [Cov:====>                              14%]
[Progress:============================> 94%] [Cov:====>                              13%]
[Progress:============================> 94%] [Cov:====>                              14%]
[Progress:============================> 94%] [Cov:====>                              13%]
[Progress:============================> 94%] [Cov:====>                              14%]
[Progress:============================> 95%] [Cov:====>                              14%]
[Progress:============================> 95%] [Cov:====>                              13%]
[Progress:============================> 95%] [Cov:====>                              14%]
[Progress:============================> 95%] [Cov:====>                              13%]
[Progress:============================> 95%] [Cov:====>                              14%]
[Progress:============================> 96%] [Cov:====>                              13%]
[Progress:============================> 96%] [Cov:====>                              14%]
[Progress:============================> 96%] [Cov:====>                              13%]
[Progress:============================> 96%] [Cov:====>                              14%]
[Progress:============================> 96%] [Cov:====>                              13%]
[Progress:============================> 96%] [Cov:====>                              14%]
[Progress:============================> 96%] [Cov:====>                              13%]
[Progress:============================> 96%] [Cov:====>                              14%]
[Progress:============================> 96%] [Cov:====>                              13%]
[Progress:============================> 96%] [Cov:====>                              14%]
[Progress:============================> 96%] [Cov:====>                              13%]
[Progress:============================> 96%] [Cov:====>                              14%]
[Progress:============================> 96%] [Cov:====>                              13%]
[Progress:============================> 96%] [Cov:====>                              14%]
[Progress:=============================>97%] [Cov:====>                              14%]
[Progress:=============================>97%] [Cov:====>                              13%]
[Progress:=============================>97%] [Cov:====>                              14%]
[Progress:=============================>97%] [Cov:====>                              13%]
[Progress:=============================>97%] [Cov:====>                              14%]
[Progress:=============================>98%] [Cov:====>                              14%]
[Progress:=============================>98%] [Cov:====>                              13%]
[Progress:=============================>98%] [Cov:====>                              14%]
[Progress:=============================>98%] [Cov:====>                              13%]
[Progress:=============================>98%] [Cov:====>                              14%]
[Progress:=============================>98%] [Cov:====>                              13%]
[Progress:=============================>98%] [Cov:====>                              14%]
[Progress:=============================>98%] [Cov:====>                              13%]
[Progress:=============================>98%] [Cov:====>                              14%]
[Progress:=============================>99%] [Cov:====>                              13%]
[Progress:=============================>99%] [Cov:====>                              14%]
[Progress:=============================>99%] [Cov:====>                              13%]
[Progress:=============================>99%] [Cov:====>                              14%]
[Progress:=============================>99%] [Cov:====>                              13%]
[Progress:=============================>99%] [Cov:====>                              14%]
[Progress:=============================>99%] [Cov:====>                              13%]
[Progress:=============================>99%] [Cov:====>                              14%]
[Progress:==============================100%] [Cov:====>                              14%]
[Progress:==============================100%] [Cov:====>                              13%]
[Progress:==============================100%] [Cov:====>                              14%]
[Progress:==============================100%] [Cov:====>                              13%]
[Progress:==============================100%] [Cov:====>                              14%]
[Progress:==============================100%] [Cov:====>                              13%]
* Search finished after 151s and 436 generations, 117380 statements, best individual has fitness: 1815.4964412811387
* Minimizing test suite
* Going to analyze the coverage criteria
* Coverage analysis for criterion LINE
* Coverage of criterion LINE: 4%
* Total number of goals: 292
* Number of covered goals: 12
* Coverage analysis for criterion BRANCH
* Coverage of criterion BRANCH: 1%
* Total number of goals: 221
* Number of covered goals: 2
* Coverage analysis for criterion EXCEPTION
* Coverage of criterion EXCEPTION: 50%
* Total number of goals: 2
* Number of covered goals: 1
* Coverage analysis for criterion WEAKMUTATION
* Coverage of criterion WEAKMUTATION: 5%
* Total number of goals: 363
* Number of covered goals: 18
* Coverage analysis for criterion OUTPUT
* Coverage of criterion OUTPUT: 0%
* Total number of goals: 301
* Number of covered goals: 0
* Coverage analysis for criterion METHOD
* Coverage of criterion METHOD: 4%
* Total number of goals: 50
* Number of covered goals: 2
* Coverage analysis for criterion METHODNOEXCEPTION
* Coverage of criterion METHODNOEXCEPTION: 2%
* Total number of goals: 50
* Number of covered goals: 1
* Coverage analysis for criterion CBRANCH
* Coverage of criterion CBRANCH: 1%
* Total number of goals: 221
* Number of covered goals: 2
* Generated 2 tests with total length 6
* Resulting test suite's coverage: 13% (average coverage for all fitness functions)
* Generating assertions
* Resulting test suite's mutation score: 1%
* Compiling and checking tests
* Permissions denied during test execution: 
  - java.lang.RuntimePermission: 
         writeFileDescriptor: 2
* Writing tests to file
* Writing JUnit test case 'FromXmlParser_ESTest' to evosuite-tests
* Done!

* Computation finished

