CMD: /usr/lib/jvm/java-8-openjdk-amd64/bin/java -Dtools_jar_location=/usr/lib/jvm/java-8-openjdk-amd64/lib/tools.jar -jar /home/user/evosuite/evosuite-1.2.0.jar -generateSuite -class org.jsoup.nodes.Node -projectCP /home/user/evosuite/Test/Jsoup-13b/target/classes -base_dir /home/user/evosuite/results/project-Jsoup/Jsoup-13/round02/evosuite-work -seed 11 -Dalgorithm=NSGAII -Dsearch_budget=150 -Dtest_format=JUNIT4 -Dassertions=true

* EvoSuite 1.2.0
* Going to generate test cases for class: org.jsoup.nodes.Node
* Starting Client-0
* Connecting to master process on port 8222
* Analyzing classpath: 
  - /home/user/evosuite/Test/Jsoup-13b/target/classes
* Finished analyzing classpath
* Generating tests for class org.jsoup.nodes.Node
* Test criteria:
  - Line Coverage
  - Branch Coverage
  - Exception
  - Mutation testing (weak)
  - Method-Output Coverage
  - Top-Level Method Coverage
  - No-Exception Top-Level Method Coverage
  - Context Branch Coverage
* Setting up search algorithm for whole suite generation
* Total number of test goals: 
  - Line 193
  - Branch 93
  - Exception 0
  - MutationFactory 393
  - Output 100
  - Method 41
  - MethodNoException 41
  - CBranchFitnessFactory 93

[Progress:>                             0%] [Cov:>                                  0%]* Using seed 11
* Starting evolution

[Progress:>                             0%] [Cov:>                                  0%]
[Progress:>                             0%] [Cov:=>                                 5%]
[Progress:>                             0%] [Cov:===>                               10%]
[Progress:>                             0%] [Cov:========>                          23%]
[Progress:>                             0%] [Cov:==========>                        29%]
[Progress:>                             0%] [Cov:==========>                        30%]
[Progress:>                             0%] [Cov:==========>                        31%]
[Progress:>                             0%] [Cov:============>                      35%]
[Progress:>                             0%] [Cov:============>                      36%]
[Progress:>                             0%] [Cov:============>                      37%]
[Progress:>                             0%] [Cov:==============>                    40%]
[Progress:>                             1%] [Cov:=>                                 5%]
[Progress:>                             1%] [Cov:===>                               10%]
[Progress:>                             1%] [Cov:========>                          23%]
[Progress:>                             1%] [Cov:==========>                        30%]
[Progress:>                             1%] [Cov:===========>                       34%]
[Progress:>                             1%] [Cov:============>                      36%]
[Progress:>                             3%] [Cov:>                                  2%]
[Progress:>                             3%] [Cov:==>                                7%]
[Progress:>                             3%] [Cov:=======>                           20%]
[Progress:>                             3%] [Cov:========>                          25%]
[Progress:>                             3%] [Cov:=========>                         28%]
[Progress:>                             3%] [Cov:==========>                        29%]
[Progress:>                             3%] [Cov:===========>                       32%]
[Progress:>                             3%] [Cov:===========>                       33%]
[Progress:>                             3%] [Cov:============>                      37%]
[Progress:>                             3%] [Cov:==============>                    40%]
[Progress:=>                            4%] [Cov:=============>                     38%]
[Progress:=>                            4%] [Cov:=============>                     39%]
[Progress:=>                            4%] [Cov:==============>                    40%]
[Progress:=>                            4%] [Cov:==============>                    40%]
[Progress:=>                            4%] [Cov:==============>                    41%]
[Progress:=>                            4%] [Cov:==============>                    41%]
[Progress:=>                            4%] [Cov:==============>                    42%]
[Progress:=>                            4%] [Cov:==============>                    42%]
[Progress:=>                            4%] [Cov:===============>                   43%]
[Progress:=>                            5%] [Cov:=============>                     39%]
[Progress:=>                            5%] [Cov:==============>                    41%]
[Progress:=>                            5%] [Cov:===============>                   43%]
[Progress:=>                            5%] [Cov:===============>                   44%]
[Progress:=>                            5%] [Cov:===============>                   45%]
[Progress:=>                            5%] [Cov:===============>                   43%]
[Progress:=>                            5%] [Cov:===============>                   44%]
[Progress:=>                            5%] [Cov:===============>                   45%]
[Progress:=>                            5%] [Cov:================>                  46%]
[Progress:=>                            5%] [Cov:================>                  46%]
[Progress:=>                            5%] [Cov:================>                  47%]
[Progress:=>                            6%] [Cov:===============>                   43%]
[Progress:=>                            6%] [Cov:================>                  46%]
[Progress:=>                            6%] [Cov:================>                  47%]
[Progress:=>                            6%] [Cov:================>                  47%]
[Progress:=>                            6%] [Cov:================>                  47%]
[Progress:=>                            6%] [Cov:================>                  48%]
[Progress:=>                            6%] [Cov:================>                  48%]
[Progress:=>                            6%] [Cov:=================>                 49%]
[Progress:==>                           7%] [Cov:================>                  46%]
[Progress:==>                           7%] [Cov:================>                  48%]
[Progress:==>                           7%] [Cov:=================>                 49%]
[Progress:==>                           9%] [Cov:===============>                   45%]
[Progress:==>                           9%] [Cov:================>                  46%]
[Progress:==>                           9%] [Cov:================>                  48%]
[Progress:==>                           9%] [Cov:=================>                 49%]
[Progress:==>                           9%] [Cov:=================>                 50%]
[Progress:==>                           9%] [Cov:=================>                 49%]
[Progress:===>                          10%] [Cov:=================>                 49%]
[Progress:===>                          10%] [Cov:=================>                 50%]
[Progress:===>                          10%] [Cov:=================>                 49%]
[Progress:===>                          10%] [Cov:=================>                 50%]
[Progress:===>                          10%] [Cov:=================>                 51%]
[Progress:===>                          10%] [Cov:=================>                 51%]
[Progress:===>                          11%] [Cov:=================>                 49%]
[Progress:===>                          11%] [Cov:=================>                 50%]
[Progress:===>                          11%] [Cov:=================>                 51%]
[Progress:===>                          11%] [Cov:=================>                 51%]
[Progress:===>                          11%] [Cov:==================>                52%]
[Progress:===>                          11%] [Cov:==================>                53%]
[Progress:===>                          11%] [Cov:==================>                53%]
[Progress:===>                          12%] [Cov:=================>                 49%]
[Progress:===>                          12%] [Cov:==================>                53%]
[Progress:===>                          12%] [Cov:==================>                53%]
[Progress:===>                          12%] [Cov:==================>                53%]
[Progress:===>                          13%] [Cov:=================>                 51%]
[Progress:===>                          13%] [Cov:==================>                52%]
[Progress:===>                          13%] [Cov:==================>                53%]
[Progress:===>                          13%] [Cov:==================>                52%]
[Progress:===>                          13%] [Cov:==================>                53%]
[Progress:===>                          13%] [Cov:==================>                54%]
[Progress:===>                          13%] [Cov:==================>                54%]
[Progress:====>                         14%] [Cov:=================>                 50%]
[Progress:====>                         14%] [Cov:==================>                53%]
[Progress:====>                         14%] [Cov:==================>                54%]
[Progress:====>                         14%] [Cov:==================>                53%]
[Progress:====>                         14%] [Cov:==================>                54%]
[Progress:====>                         14%] [Cov:==================>                53%]
[Progress:====>                         14%] [Cov:==================>                54%]
[Progress:====>                         15%] [Cov:==================>                53%]
[Progress:====>                         15%] [Cov:==================>                54%]
[Progress:====>                         15%] [Cov:==================>                53%]
[Progress:====>                         15%] [Cov:==================>                54%]
[Progress:====>                         15%] [Cov:===================>               55%]
[Progress:====>                         16%] [Cov:==================>                53%]
[Progress:====>                         16%] [Cov:==================>                54%]
[Progress:=====>                        18%] [Cov:==================>                53%]
[Progress:=====>                        18%] [Cov:==================>                54%]
[Progress:=====>                        18%] [Cov:==================>                53%]
[Progress:=====>                        18%] [Cov:==================>                54%]
[Progress:=====>                        18%] [Cov:===================>               55%]
[Progress:=====>                        18%] [Cov:===================>               56%]
[Progress:=====>                        18%] [Cov:===================>               55%]
[Progress:=====>                        19%] [Cov:==================>                52%]
[Progress:=====>                        19%] [Cov:==================>                53%]
[Progress:=====>                        19%] [Cov:==================>                54%]
[Progress:=====>                        19%] [Cov:===================>               55%]
[Progress:=====>                        19%] [Cov:===================>               55%]
[Progress:======>                       20%] [Cov:==================>                54%]
[Progress:======>                       20%] [Cov:===================>               55%]
[Progress:======>                       20%] [Cov:===================>               56%]
[Progress:======>                       20%] [Cov:===================>               56%]
[Progress:======>                       20%] [Cov:===================>               56%]
[Progress:======>                       21%] [Cov:==================>                53%]
[Progress:======>                       21%] [Cov:===================>               55%]
[Progress:======>                       21%] [Cov:===================>               56%]
[Progress:======>                       21%] [Cov:===================>               56%]
[Progress:======>                       22%] [Cov:===================>               55%]
[Progress:======>                       22%] [Cov:===================>               56%]
[Progress:======>                       22%] [Cov:===================>               57%]
[Progress:======>                       22%] [Cov:===================>               56%]
[Progress:======>                       22%] [Cov:===================>               57%]
[Progress:=======>                      24%] [Cov:==================>                54%]
[Progress:=======>                      24%] [Cov:===================>               56%]
[Progress:=======>                      24%] [Cov:===================>               57%]
[Progress:=======>                      24%] [Cov:===================>               55%]
[Progress:=======>                      24%] [Cov:===================>               56%]
[Progress:=======>                      24%] [Cov:===================>               57%]
[Progress:=======>                      25%] [Cov:===================>               56%]
[Progress:=======>                      25%] [Cov:===================>               55%]
[Progress:=======>                      25%] [Cov:===================>               57%]
[Progress:=======>                      25%] [Cov:===================>               55%]
[Progress:=======>                      26%] [Cov:===================>               55%]
[Progress:=======>                      26%] [Cov:===================>               56%]
[Progress:=======>                      26%] [Cov:===================>               57%]
[Progress:=======>                      26%] [Cov:===================>               55%]
[Progress:=======>                      26%] [Cov:===================>               56%]
[Progress:=======>                      26%] [Cov:===================>               57%]
[Progress:=======>                      26%] [Cov:===================>               55%]
[Progress:=======>                      26%] [Cov:===================>               56%]
[Progress:=======>                      26%] [Cov:===================>               57%]
[Progress:========>                     27%] [Cov:===================>               55%]
[Progress:========>                     27%] [Cov:===================>               56%]
[Progress:========>                     27%] [Cov:===================>               57%]
[Progress:========>                     27%] [Cov:====================>              58%]
[Progress:========>                     28%] [Cov:===================>               57%]
[Progress:========>                     28%] [Cov:====================>              58%]
[Progress:========>                     28%] [Cov:===================>               55%]
[Progress:========>                     28%] [Cov:===================>               56%]
[Progress:========>                     28%] [Cov:===================>               57%]
[Progress:========>                     28%] [Cov:====================>              58%]
[Progress:========>                     28%] [Cov:===================>               57%]
[Progress:========>                     28%] [Cov:====================>              58%]
[Progress:========>                     29%] [Cov:===================>               57%]
[Progress:========>                     29%] [Cov:====================>              58%]
[Progress:=========>                    31%] [Cov:===================>               55%]
[Progress:=========>                    31%] [Cov:===================>               56%]
[Progress:=========>                    31%] [Cov:===================>               57%]
[Progress:=========>                    31%] [Cov:====================>              58%]
[Progress:=========>                    31%] [Cov:===================>               57%]
[Progress:=========>                    31%] [Cov:====================>              58%]
[Progress:=========>                    32%] [Cov:====================>              58%]
[Progress:=========>                    32%] [Cov:====================>              59%]
[Progress:=========>                    32%] [Cov:===================>               57%]
[Progress:=========>                    32%] [Cov:====================>              58%]
[Progress:=========>                    32%] [Cov:====================>              59%]
[Progress:=========>                    33%] [Cov:===================>               55%]
[Progress:=========>                    33%] [Cov:====================>              59%]
[Progress:=========>                    33%] [Cov:===================>               57%]
[Progress:=========>                    33%] [Cov:====================>              58%]
[Progress:=========>                    33%] [Cov:====================>              59%]
[Progress:==========>                   34%] [Cov:====================>              58%]
[Progress:==========>                   34%] [Cov:====================>              59%]
[Progress:==========>                   34%] [Cov:===================>               57%]
[Progress:==========>                   34%] [Cov:====================>              58%]
[Progress:==========>                   34%] [Cov:====================>              59%]
[Progress:==========>                   34%] [Cov:===================>               57%]
[Progress:==========>                   34%] [Cov:====================>              59%]
[Progress:==========>                   34%] [Cov:=====================>             60%]
[Progress:==========>                   35%] [Cov:===================>               57%]
[Progress:==========>                   35%] [Cov:====================>              58%]
[Progress:==========>                   35%] [Cov:====================>              59%]
[Progress:==========>                   35%] [Cov:=====================>             60%]
[Progress:==========>                   36%] [Cov:====================>              58%]
[Progress:==========>                   36%] [Cov:====================>              59%]
[Progress:==========>                   36%] [Cov:=====================>             60%]
[Progress:==========>                   36%] [Cov:=====================>             60%]
[Progress:==========>                   36%] [Cov:=====================>             60%]
[Progress:==========>                   36%] [Cov:=====================>             61%]
[Progress:==========>                   36%] [Cov:=====================>             62%]
[Progress:===========>                  37%] [Cov:=====================>             60%]
[Progress:===========>                  37%] [Cov:=====================>             61%]
[Progress:===========>                  38%] [Cov:====================>              59%]
[Progress:===========>                  38%] [Cov:=====================>             62%]
[Progress:============>                 40%] [Cov:====================>              59%]
[Progress:============>                 40%] [Cov:=====================>             60%]
[Progress:============>                 40%] [Cov:=====================>             61%]
[Progress:============>                 40%] [Cov:=====================>             62%]
[Progress:============>                 40%] [Cov:=====================>             62%]
[Progress:============>                 41%] [Cov:====================>              59%]
[Progress:============>                 41%] [Cov:=====================>             60%]
[Progress:============>                 41%] [Cov:=====================>             61%]
[Progress:============>                 41%] [Cov:=====================>             62%]
[Progress:============>                 41%] [Cov:=====================>             62%]
[Progress:============>                 42%] [Cov:=====================>             62%]
[Progress:============>                 42%] [Cov:====================>              59%]
[Progress:============>                 42%] [Cov:=====================>             60%]
[Progress:============>                 42%] [Cov:=====================>             62%]
[Progress:============>                 43%] [Cov:====================>              58%]
[Progress:============>                 43%] [Cov:=====================>             61%]
[Progress:============>                 43%] [Cov:=====================>             62%]
[Progress:============>                 43%] [Cov:====================>              59%]
[Progress:============>                 43%] [Cov:=====================>             60%]
[Progress:============>                 43%] [Cov:=====================>             61%]
[Progress:=============>                44%] [Cov:====================>              59%]
[Progress:=============>                44%] [Cov:=====================>             60%]
[Progress:=============>                44%] [Cov:=====================>             61%]
[Progress:=============>                44%] [Cov:=====================>             62%]
[Progress:=============>                44%] [Cov:====================>              59%]
[Progress:=============>                44%] [Cov:=====================>             60%]
[Progress:=============>                44%] [Cov:=====================>             62%]
[Progress:=============>                45%] [Cov:=====================>             60%]
[Progress:=============>                45%] [Cov:=====================>             61%]
[Progress:=============>                45%] [Cov:=====================>             62%]
[Progress:=============>                45%] [Cov:====================>              59%]
[Progress:=============>                45%] [Cov:=====================>             61%]
[Progress:=============>                45%] [Cov:=====================>             62%]
[Progress:=============>                46%] [Cov:=====================>             62%]
[Progress:=============>                46%] [Cov:======================>            63%]
[Progress:=============>                46%] [Cov:====================>              59%]
[Progress:=============>                46%] [Cov:=====================>             61%]
[Progress:=============>                46%] [Cov:=====================>             62%]
[Progress:==============>               47%] [Cov:=====================>             60%]
[Progress:==============>               47%] [Cov:=====================>             61%]
[Progress:==============>               47%] [Cov:=====================>             62%]
[Progress:==============>               47%] [Cov:======================>            63%]
[Progress:==============>               48%] [Cov:=====================>             61%]
[Progress:==============>               48%] [Cov:=====================>             62%]
[Progress:==============>               48%] [Cov:=====================>             62%]
[Progress:==============>               48%] [Cov:======================>            63%]
[Progress:==============>               49%] [Cov:=====================>             61%]
[Progress:==============>               49%] [Cov:=====================>             62%]
[Progress:==============>               49%] [Cov:======================>            63%]
[Progress:==============>               49%] [Cov:=====================>             62%]
[Progress:==============>               49%] [Cov:======================>            63%]
[Progress:==============>               49%] [Cov:======================>            64%]
[Progress:==============>               49%] [Cov:======================>            65%]
[Progress:===============>              50%] [Cov:====================>              59%]
[Progress:===============>              50%] [Cov:======================>            63%]
[Progress:===============>              50%] [Cov:======================>            64%]
[Progress:===============>              50%] [Cov:=====================>             62%]
[Progress:===============>              50%] [Cov:======================>            63%]
[Progress:===============>              50%] [Cov:======================>            64%]
[Progress:===============>              51%] [Cov:=====================>             61%]
[Progress:===============>              51%] [Cov:=====================>             62%]
[Progress:===============>              51%] [Cov:======================>            63%]
[Progress:===============>              51%] [Cov:======================>            64%]
[Progress:===============>              51%] [Cov:======================>            64%]
[Progress:===============>              52%] [Cov:====================>              59%]
[Progress:===============>              52%] [Cov:=====================>             61%]
[Progress:===============>              52%] [Cov:=====================>             62%]
[Progress:===============>              52%] [Cov:======================>            63%]
[Progress:===============>              52%] [Cov:======================>            64%]
[Progress:===============>              52%] [Cov:======================>            65%]
[Progress:===============>              52%] [Cov:======================>            64%]
[Progress:===============>              52%] [Cov:======================>            65%]
[Progress:===============>              53%] [Cov:======================>            63%]
[Progress:===============>              53%] [Cov:======================>            64%]
[Progress:================>             54%] [Cov:=====================>             61%]
[Progress:================>             54%] [Cov:=====================>             62%]
[Progress:================>             54%] [Cov:======================>            63%]
[Progress:================>             54%] [Cov:======================>            64%]
[Progress:================>             54%] [Cov:======================>            64%]
[Progress:================>             54%] [Cov:======================>            65%]
[Progress:================>             55%] [Cov:======================>            64%]
[Progress:================>             55%] [Cov:======================>            65%]
[Progress:================>             55%] [Cov:=======================>           66%]
[Progress:================>             55%] [Cov:=====================>             62%]
[Progress:================>             55%] [Cov:======================>            63%]
[Progress:================>             55%] [Cov:======================>            64%]
[Progress:================>             55%] [Cov:======================>            65%]
[Progress:================>             56%] [Cov:======================>            64%]
[Progress:================>             56%] [Cov:=======================>           66%]
[Progress:================>             56%] [Cov:=====================>             62%]
[Progress:================>             56%] [Cov:======================>            63%]
[Progress:================>             56%] [Cov:======================>            64%]
[Progress:================>             56%] [Cov:======================>            65%]
[Progress:=================>            57%] [Cov:====>                              14%]
[Progress:=================>            57%] [Cov:======================>            64%]
[Progress:=================>            58%] [Cov:======================>            63%]
[Progress:=================>            58%] [Cov:======================>            64%]
[Progress:=================>            58%] [Cov:======================>            63%]
[Progress:=================>            58%] [Cov:======================>            64%]
[Progress:=================>            58%] [Cov:======================>            65%]
[Progress:=================>            59%] [Cov:======================>            63%]
[Progress:=================>            59%] [Cov:======================>            64%]
[Progress:=================>            59%] [Cov:======================>            64%]
[Progress:==================>           60%] [Cov:======================>            64%]
[Progress:==================>           60%] [Cov:======================>            65%]
[Progress:==================>           62%] [Cov:======================>            64%]
[Progress:==================>           62%] [Cov:======================>            65%]
[Progress:==================>           62%] [Cov:=======================>           66%]
[Progress:==================>           62%] [Cov:======================>            64%]
[Progress:==================>           63%] [Cov:======================>            65%]
[Progress:==================>           63%] [Cov:=======================>           66%]
[Progress:==================>           63%] [Cov:=======================>           67%]
[Progress:===================>          64%] [Cov:======================>            63%]
[Progress:===================>          64%] [Cov:======================>            64%]
[Progress:===================>          64%] [Cov:======================>            64%]
[Progress:===================>          64%] [Cov:======================>            65%]
[Progress:===================>          66%] [Cov:======================>            64%]
[Progress:===================>          66%] [Cov:======================>            65%]
[Progress:====================>         67%] [Cov:======================>            63%]
[Progress:====================>         67%] [Cov:======================>            64%]
[Progress:====================>         67%] [Cov:======================>            65%]
[Progress:====================>         67%] [Cov:======================>            64%]
[Progress:====================>         67%] [Cov:======================>            65%]
[Progress:====================>         68%] [Cov:=====================>             62%]
[Progress:====================>         68%] [Cov:======================>            63%]
[Progress:====================>         68%] [Cov:======================>            64%]
[Progress:====================>         68%] [Cov:======================>            65%]
[Progress:====================>         68%] [Cov:======================>            64%]
[Progress:====================>         68%] [Cov:======================>            65%]
[Progress:====================>         69%] [Cov:======================>            64%]
[Progress:====================>         69%] [Cov:======================>            65%]
[Progress:====================>         69%] [Cov:======================>            64%]
[Progress:====================>         69%] [Cov:======================>            65%]
[Progress:=====================>        70%] [Cov:======================>            63%]
[Progress:=====================>        70%] [Cov:======================>            64%]
[Progress:=====================>        70%] [Cov:======================>            65%]
[Progress:=====================>        72%] [Cov:===>                               11%]
[Progress:=====================>        72%] [Cov:======================>            65%]
[Progress:=====================>        72%] [Cov:=======================>           66%]
[Progress:=====================>        72%] [Cov:======================>            64%]
[Progress:=====================>        72%] [Cov:======================>            65%]
[Progress:=====================>        72%] [Cov:=======================>           67%]
[Progress:=====================>        73%] [Cov:======================>            65%]
[Progress:=====================>        73%] [Cov:=======================>           66%]
[Progress:=====================>        73%] [Cov:=======================>           67%]
[Progress:======================>       74%] [Cov:======================>            63%]
[Progress:======================>       74%] [Cov:======================>            65%]
[Progress:======================>       74%] [Cov:======================>            64%]
[Progress:======================>       74%] [Cov:======================>            65%]
[Progress:======================>       75%] [Cov:======================>            63%]
[Progress:======================>       75%] [Cov:======================>            65%]
[Progress:======================>       75%] [Cov:=======================>           67%]
[Progress:======================>       76%] [Cov:======================>            65%]
[Progress:======================>       76%] [Cov:=======================>           67%]
[Progress:======================>       76%] [Cov:======================>            64%]
[Progress:======================>       76%] [Cov:======================>            65%]
[Progress:======================>       76%] [Cov:=======================>           66%]
[Progress:=======================>      77%] [Cov:======================>            65%]
[Progress:=======================>      77%] [Cov:=======================>           66%]
[Progress:=======================>      78%] [Cov:======================>            64%]
[Progress:=======================>      78%] [Cov:======================>            65%]
[Progress:=======================>      78%] [Cov:======================>            64%]
[Progress:=======================>      78%] [Cov:======================>            65%]
[Progress:=======================>      78%] [Cov:=======================>           66%]
[Progress:=======================>      78%] [Cov:=======================>           67%]
[Progress:=======================>      79%] [Cov:======================>            65%]
[Progress:=======================>      79%] [Cov:=======================>           66%]
[Progress:=======================>      79%] [Cov:=======================>           67%]
[Progress:========================>     80%] [Cov:=====================>             62%]
[Progress:========================>     80%] [Cov:======================>            65%]
[Progress:========================>     80%] [Cov:======================>            64%]
[Progress:========================>     80%] [Cov:======================>            65%]
[Progress:========================>     81%] [Cov:=====================>             61%]
[Progress:========================>     81%] [Cov:=====================>             62%]
[Progress:========================>     81%] [Cov:======================>            63%]
[Progress:========================>     81%] [Cov:=======================>           66%]
[Progress:========================>     82%] [Cov:======================>            64%]
[Progress:========================>     82%] [Cov:======================>            65%]
[Progress:========================>     82%] [Cov:=======================>           66%]
[Progress:========================>     82%] [Cov:======================>            64%]
[Progress:========================>     82%] [Cov:======================>            65%]
[Progress:========================>     82%] [Cov:=======================>           66%]
[Progress:========================>     82%] [Cov:=======================>           67%]
[Progress:========================>     82%] [Cov:======================>            64%]
[Progress:========================>     83%] [Cov:=====================>             61%]
[Progress:========================>     83%] [Cov:======================>            64%]
[Progress:========================>     83%] [Cov:=======================>           67%]
[Progress:=========================>    84%] [Cov:======================>            65%]
[Progress:=========================>    84%] [Cov:=======================>           66%]
[Progress:=========================>    84%] [Cov:=======================>           66%]
[Progress:=========================>    84%] [Cov:=======================>           67%]
[Progress:=========================>    84%] [Cov:=======================>           68%]
[Progress:=========================>    85%] [Cov:======================>            65%]
[Progress:=========================>    85%] [Cov:=======================>           66%]
[Progress:=========================>    85%] [Cov:======================>            65%]
[Progress:=========================>    85%] [Cov:=======================>           66%]
[Progress:=========================>    85%] [Cov:=======================>           67%]
[Progress:=========================>    86%] [Cov:=======================>           66%]
[Progress:=========================>    86%] [Cov:=======================>           67%]
[Progress:=========================>    86%] [Cov:======================>            65%]
[Progress:=========================>    86%] [Cov:=======================>           67%]
[Progress:==========================>   87%] [Cov:======================>            65%]
[Progress:==========================>   87%] [Cov:=======================>           66%]
[Progress:==========================>   87%] [Cov:======================>            65%]
[Progress:==========================>   87%] [Cov:=======================>           66%]
[Progress:==========================>   87%] [Cov:=======================>           67%]
[Progress:==========================>   88%] [Cov:======================>            65%]
[Progress:==========================>   88%] [Cov:=======================>           66%]
[Progress:==========================>   88%] [Cov:=======================>           67%]
[Progress:==========================>   88%] [Cov:======================>            65%]
[Progress:==========================>   88%] [Cov:=======================>           66%]
[Progress:==========================>   88%] [Cov:=======================>           67%]
[Progress:==========================>   89%] [Cov:======================>            64%]
[Progress:==========================>   89%] [Cov:======================>            65%]
[Progress:==========================>   89%] [Cov:=======================>           66%]
[Progress:==========================>   89%] [Cov:=======================>           67%]
[Progress:==========================>   89%] [Cov:=======================>           68%]
[Progress:==========================>   89%] [Cov:======================>            65%]
[Progress:==========================>   89%] [Cov:=======================>           66%]
[Progress:===========================>  90%] [Cov:======================>            65%]
[Progress:===========================>  90%] [Cov:=======================>           66%]
[Progress:===========================>  90%] [Cov:=======================>           67%]
[Progress:===========================>  92%] [Cov:=======================>           67%]
[Progress:===========================>  92%] [Cov:======================>            65%]
[Progress:===========================>  92%] [Cov:=======================>           68%]
[Progress:===========================>  93%] [Cov:======================>            65%]
[Progress:===========================>  93%] [Cov:=======================>           66%]
[Progress:===========================>  93%] [Cov:=======================>           67%]
[Progress:===========================>  93%] [Cov:=======================>           68%]
[Progress:===========================>  93%] [Cov:======================>            65%]
[Progress:===========================>  93%] [Cov:=======================>           66%]
[Progress:============================> 94%] [Cov:=======================>           66%]
[Progress:============================> 94%] [Cov:=======================>           67%]
[Progress:============================> 94%] [Cov:======================>            65%]
[Progress:============================> 94%] [Cov:=======================>           66%]
[Progress:============================> 94%] [Cov:=======================>           67%]
[Progress:============================> 95%] [Cov:======================>            65%]
[Progress:============================> 95%] [Cov:=======================>           67%]
[Progress:============================> 95%] [Cov:=======================>           68%]
[Progress:=============================>97%] [Cov:=======================>           66%]
[Progress:=============================>97%] [Cov:=======================>           67%]
[Progress:=============================>98%] [Cov:=======================>           66%]
[Progress:=============================>98%] [Cov:======================>            65%]
[Progress:=============================>98%] [Cov:=======================>           66%]
[Progress:=============================>98%] [Cov:=======================>           67%]
[Progress:=============================>98%] [Cov:=======================>           68%]
[Progress:=============================>98%] [Cov:======================>            65%]
[Progress:=============================>98%] [Cov:=======================>           66%]
[Progress:=============================>99%] [Cov:=======================>           66%]
[Progress:=============================>99%] [Cov:=======================>           67%]
[Progress:=============================>99%] [Cov:=======================>           68%]
[Progress:==============================100%] [Cov:=======================>           66%]
[Progress:==============================100%] [Cov:=======================>           67%]
[Progress:==============================100%] [Cov:=======================>           68%]
[Progress:==============================100%] [Cov:=======================>           67%]
[Progress:==============================100%] [Cov:=======================>           67%]
[Progress:==============================100%] [Cov:=======================>           68%]
[Progress:==============================100%] [Cov:=======================>           67%]
* Search finished after 152s and 86 generations, 28230 statements, best individual has fitness: 319.9767441342889
* Minimizing test suite
* Going to analyze the coverage criteria
* Coverage analysis for criterion LINE
* Coverage of criterion LINE: 78%
* Total number of goals: 193
* Number of covered goals: 150
* Coverage analysis for criterion BRANCH
* Coverage of criterion BRANCH: 73%
* Total number of goals: 93
* Number of covered goals: 68
* Coverage analysis for criterion EXCEPTION
* Coverage of criterion EXCEPTION: 27%
* Total number of goals: 33
* Number of covered goals: 9
* Coverage analysis for criterion WEAKMUTATION
* Coverage of criterion WEAKMUTATION: 71%
* Total number of goals: 393
* Number of covered goals: 279
* Coverage analysis for criterion OUTPUT
* Coverage of criterion OUTPUT: 20%
* Total number of goals: 100
* Number of covered goals: 20
* Coverage analysis for criterion METHOD
* Coverage of criterion METHOD: 68%
* Total number of goals: 41
* Number of covered goals: 28
* Coverage analysis for criterion METHODNOEXCEPTION
* Coverage of criterion METHODNOEXCEPTION: 56%
* Total number of goals: 41
* Number of covered goals: 23
* Coverage analysis for criterion CBRANCH
* Coverage of criterion CBRANCH: 71%
* Total number of goals: 93
* Number of covered goals: 66
* Generated 37 tests with total length 101
* Resulting test suite's coverage: 67% (average coverage for all fitness functions)
* Generating assertions
[MASTER] 01:20:13.360 [logback-1] WARN  SimpleMutationAssertionGenerator - Assertion minimization is taking too long (0.7673333333333333% of time used, but only 5/37 tests minimized), falling back to using all assertions
* Resulting test suite's mutation score: 17%
* Compiling and checking tests
* Writing tests to file
* Writing JUnit test case 'Node_ESTest' to evosuite-tests
* Done!

* Computation finished

