CMD: /usr/lib/jvm/java-8-openjdk-amd64/bin/java -Dtools_jar_location=/usr/lib/jvm/java-8-openjdk-amd64/lib/tools.jar -jar /home/pizza/evosuite/evosuite-1.2.0.jar -generateSuite -class com.google.javascript.jscomp.Compiler -projectCP /home/pizza/evosuite/Test/Closure-149b/build/classes:/home/pizza/evosuite/Test/Closure-149b/lib/ant_deploy.jar:/home/pizza/evosuite/Test/Closure-149b/lib/args4j_deploy.jar:/home/pizza/evosuite/Test/Closure-149b/lib/google_common_deploy.jar:/home/pizza/evosuite/Test/Closure-149b/lib/hamcrest-core-1.1.jar:/home/pizza/evosuite/Test/Closure-149b/lib/json.jar:/home/pizza/evosuite/Test/Closure-149b/lib/junit.jar:/home/pizza/evosuite/Test/Closure-149b/lib/libtrunk_rhino_parser_jarjared.jar:/home/pizza/evosuite/Test/Closure-149b/lib/protobuf_deploy.jar -base_dir /home/pizza/evosuite/results/project-Closure/Closure-149/round02/evosuite-work -seed 11 -Dalgorithm=NSGAII -Dsearch_budget=150 -Dtest_format=JUNIT4 -Dassertions=true

* EvoSuite 1.2.0
* Going to generate test cases for class: com.google.javascript.jscomp.Compiler
* Starting Client-0
* Connecting to master process on port 8220
* Analyzing classpath: 
  - /home/pizza/evosuite/Test/Closure-149b/build/classes
  - /home/pizza/evosuite/Test/Closure-149b/lib/ant_deploy.jar
  - /home/pizza/evosuite/Test/Closure-149b/lib/args4j_deploy.jar
  - /home/pizza/evosuite/Test/Closure-149b/lib/google_common_deploy.jar
  - /home/pizza/evosuite/Test/Closure-149b/lib/hamcrest-core-1.1.jar
  - /home/pizza/evosuite/Test/Closure-149b/lib/json.jar
  - /home/pizza/evosuite/Test/Closure-149b/lib/junit.jar
  - /home/pizza/evosuite/Test/Closure-149b/lib/libtrunk_rhino_parser_jarjared.jar
  - /home/pizza/evosuite/Test/Closure-149b/lib/protobuf_deploy.jar
* Finished analyzing classpath
* Generating tests for class com.google.javascript.jscomp.Compiler
* Test criteria:
  - Line Coverage
  - Branch Coverage
  - Exception
  - Mutation testing (weak)
  - Method-Output Coverage
  - Top-Level Method Coverage
  - No-Exception Top-Level Method Coverage
  - Context Branch Coverage
* Setting up search algorithm for whole suite generation
* Total number of test goals: 
  - Line 689
  - Branch 395
  - Exception 0
  - MutationFactory 767
  - Output 418
  - Method 115
  - MethodNoException 115

[Progress:>                             0%] [Cov:>                                  0%]  - CBranchFitnessFactory 395
* Using seed 11
* Starting evolution
[MASTER] 03:48:19.536 [logback-1] WARN  TestCluster - Failed to check cache for com.google.javascript.jscomp.DisambiguateProperties<T> : Type points to itself
[MASTER] 03:48:19.536 [logback-1] WARN  TestCluster - Failed to check cache for java.util.TreeSet<E> : Type points to itself
[MASTER] 03:48:20.610 [logback-1] WARN  TestCluster - Failed to check cache for java.util.PriorityQueue<E> : Type points to itself

[Progress:>                             2%] [Cov:>                                  0%]
[Progress:>                             2%] [Cov:>                                  1%]
[Progress:>                             2%] [Cov:====>                              13%]
[Progress:>                             2%] [Cov:====>                              14%]
[Progress:>                             2%] [Cov:=====>                             15%]
[Progress:>                             2%] [Cov:=====>                             16%]
[Progress:>                             3%] [Cov:>                                  2%]
[Progress:>                             3%] [Cov:=>                                 3%]
[Progress:>                             3%] [Cov:=====>                             15%]
[Progress:>                             3%] [Cov:=====>                             16%]
[Progress:>                             3%] [Cov:=====>                             17%]
[Progress:>                             3%] [Cov:======>                            19%]
[Progress:>                             3%] [Cov:=======>                           20%]
[Progress:>                             3%] [Cov:=======>                           21%]
[Progress:=>                            4%] [Cov:>                                  1%]
[Progress:=>                            4%] [Cov:>                                  2%]
[Progress:=>                            4%] [Cov:=>                                 4%]
[Progress:=>                            4%] [Cov:====>                              14%]
[Progress:=>                            4%] [Cov:=====>                             17%]
[Progress:=>                            4%] [Cov:======>                            19%]
[Progress:=>                            4%] [Cov:=======>                           20%]
[Progress:=>                            4%] [Cov:=======>                           22%]
[Progress:=>                            4%] [Cov:========>                          23%][MASTER] 03:48:24.852 [logback-1] WARN  TestCluster - Failed to check cache for java.util.Enumeration<E> : Type points to itself

[Progress:=>                            5%] [Cov:>                                  0%]
[Progress:=>                            5%] [Cov:>                                  1%]
[Progress:=>                            5%] [Cov:====>                              13%]
[Progress:=>                            5%] [Cov:====>                              14%]
[Progress:=>                            5%] [Cov:=====>                             15%]
[Progress:=>                            5%] [Cov:=====>                             17%]
[Progress:=>                            5%] [Cov:======>                            19%]
[Progress:=>                            5%] [Cov:=======>                           20%]
[Progress:=>                            5%] [Cov:=======>                           22%]
[Progress:=>                            5%] [Cov:========>                          23%]
[Progress:=>                            6%] [Cov:=====>                             17%]
[Progress:=>                            6%] [Cov:======>                            18%]
[Progress:=>                            6%] [Cov:======>                            19%]
[Progress:=>                            6%] [Cov:=======>                           20%]
[Progress:=>                            6%] [Cov:========>                          23%]
[Progress:=>                            6%] [Cov:========>                          24%]
[Progress:=>                            6%] [Cov:========>                          23%]
[Progress:==>                           7%] [Cov:========>                          23%]
[Progress:==>                           7%] [Cov:========>                          24%]
[Progress:==>                           8%] [Cov:=====>                             17%]
[Progress:==>                           8%] [Cov:======>                            19%]
[Progress:==>                           8%] [Cov:=======>                           20%]
[Progress:==>                           8%] [Cov:=======>                           21%]
[Progress:==>                           8%] [Cov:=======>                           22%]
[Progress:==>                           8%] [Cov:========>                          24%][MASTER] 03:48:30.752 [logback-1] WARN  TestCluster - Failed to check cache for java.util.Comparator<T> : Type points to itself

[Progress:==>                           8%] [Cov:========>                          23%]
[Progress:==>                           8%] [Cov:========>                          24%]
[Progress:==>                           8%] [Cov:========>                          25%]
[Progress:==>                           9%] [Cov:=======>                           21%]
[Progress:==>                           9%] [Cov:=======>                           22%]
[Progress:==>                           9%] [Cov:========>                          23%]
[Progress:==>                           9%] [Cov:========>                          24%]
[Progress:===>                          10%] [Cov:======>                            19%]
[Progress:===>                          10%] [Cov:=======>                           20%]
[Progress:===>                          10%] [Cov:========>                          23%]
[Progress:===>                          10%] [Cov:========>                          24%]
[Progress:===>                          10%] [Cov:========>                          25%]
[Progress:===>                          10%] [Cov:=========>                         26%]
[Progress:===>                          10%] [Cov:========>                          25%]
[Progress:===>                          10%] [Cov:=========>                         26%]
[Progress:===>                          11%] [Cov:=======>                           22%]
[Progress:===>                          11%] [Cov:========>                          23%]
[Progress:===>                          11%] [Cov:========>                          24%]
[Progress:===>                          11%] [Cov:========>                          25%]
[Progress:===>                          11%] [Cov:=========>                         26%]
[Progress:===>                          11%] [Cov:=========>                         26%]
[Progress:===>                          12%] [Cov:========>                          24%]
[Progress:===>                          12%] [Cov:========>                          25%]
[Progress:===>                          12%] [Cov:=========>                         26%]
[Progress:===>                          12%] [Cov:=========>                         27%]
[Progress:===>                          12%] [Cov:=========>                         26%]
[Progress:===>                          13%] [Cov:========>                          23%]
[Progress:===>                          13%] [Cov:=========>                         26%]
[Progress:===>                          13%] [Cov:=========>                         27%]
[Progress:===>                          13%] [Cov:=========>                         28%]
[Progress:====>                         14%] [Cov:========>                          25%]
[Progress:====>                         14%] [Cov:=========>                         26%]
[Progress:====>                         14%] [Cov:=========>                         27%]
[Progress:====>                         14%] [Cov:=========>                         28%]
[Progress:====>                         14%] [Cov:=========>                         28%]
[Progress:====>                         15%] [Cov:========>                          25%]
[Progress:====>                         15%] [Cov:=========>                         26%]
[Progress:====>                         15%] [Cov:=========>                         28%]
[Progress:====>                         16%] [Cov:=========>                         26%]
[Progress:====>                         16%] [Cov:=========>                         27%]
[Progress:====>                         16%] [Cov:=========>                         28%]
[Progress:====>                         16%] [Cov:==========>                        29%]
[Progress:====>                         16%] [Cov:=========>                         28%]
[Progress:=====>                        17%] [Cov:========>                          25%]
[Progress:=====>                        17%] [Cov:=========>                         27%]
[Progress:=====>                        17%] [Cov:=========>                         28%]
[Progress:=====>                        18%] [Cov:=========>                         28%]
[Progress:=====>                        18%] [Cov:=========>                         28%]
[Progress:=====>                        19%] [Cov:=========>                         27%]
[Progress:=====>                        19%] [Cov:=========>                         28%]
[Progress:=====>                        19%] [Cov:=========>                         28%]
[Progress:=====>                        19%] [Cov:==========>                        29%]
[Progress:======>                       20%] [Cov:=========>                         28%]
[Progress:======>                       20%] [Cov:==========>                        29%]
[Progress:======>                       21%] [Cov:========>                          25%]
[Progress:======>                       21%] [Cov:=========>                         27%]
[Progress:======>                       21%] [Cov:=========>                         28%]
[Progress:======>                       21%] [Cov:==========>                        29%]
[Progress:======>                       22%] [Cov:=========>                         28%]
[Progress:======>                       22%] [Cov:==========>                        29%]
[Progress:======>                       22%] [Cov:==========>                        29%]
[Progress:======>                       22%] [Cov:==========>                        30%]
[Progress:======>                       22%] [Cov:==========>                        31%]
[Progress:======>                       23%] [Cov:=========>                         26%]
[Progress:======>                       23%] [Cov:==========>                        29%]
[Progress:======>                       23%] [Cov:==========>                        30%]
[Progress:======>                       23%] [Cov:==========>                        31%]
[Progress:=======>                      24%] [Cov:==========>                        29%]
[Progress:=======>                      24%] [Cov:==========>                        30%]
[Progress:=======>                      24%] [Cov:==========>                        31%]
[Progress:=======>                      24%] [Cov:===========>                       32%]
[Progress:=======>                      25%] [Cov:=========>                         28%]
[Progress:=======>                      25%] [Cov:==========>                        29%]
[Progress:=======>                      25%] [Cov:==========>                        31%]
[Progress:=======>                      26%] [Cov:==========>                        29%]
[Progress:=======>                      26%] [Cov:==========>                        30%]
[Progress:=======>                      26%] [Cov:==========>                        31%]
[Progress:=======>                      26%] [Cov:===========>                       32%]
[Progress:========>                     27%] [Cov:==========>                        30%]
[Progress:========>                     27%] [Cov:==========>                        31%]
[Progress:========>                     28%] [Cov:==========>                        30%]
[Progress:=========>                    31%] [Cov:==========>                        30%]
[Progress:=========>                    31%] [Cov:==========>                        31%]
[Progress:=========>                    32%] [Cov:==========>                        29%]
[Progress:=========>                    32%] [Cov:==========>                        30%]
[Progress:=========>                    32%] [Cov:==========>                        31%]
[Progress:=========>                    32%] [Cov:===========>                       32%]
[Progress:=========>                    33%] [Cov:==========>                        29%]
[Progress:=========>                    33%] [Cov:==========>                        31%]
[Progress:=========>                    33%] [Cov:===========>                       32%]
[Progress:==========>                   34%] [Cov:==========>                        31%]
[Progress:==========>                   34%] [Cov:===========>                       32%]
[Progress:==========>                   35%] [Cov:==========>                        29%]
[Progress:==========>                   35%] [Cov:==========>                        31%]
[Progress:==========>                   36%] [Cov:==========>                        31%]
[Progress:==========>                   36%] [Cov:===========>                       32%]
[Progress:==========>                   36%] [Cov:===========>                       32%]
[Progress:===========>                  37%] [Cov:==========>                        29%]
[Progress:===========>                  37%] [Cov:==========>                        31%]
[Progress:===========>                  37%] [Cov:===========>                       32%][MASTER] 03:49:14.700 [logback-1] WARN  TestCluster - Failed to check cache for java.util.Stack<E> : Type points to itself

[Progress:===========>                  38%] [Cov:==========>                        31%]
[Progress:===========>                  38%] [Cov:===========>                       32%]
[Progress:===========>                  38%] [Cov:===========>                       32%]
[Progress:===========>                  39%] [Cov:==========>                        31%]
[Progress:===========>                  39%] [Cov:===========>                       32%]
[Progress:============>                 40%] [Cov:==========>                        29%]
[Progress:============>                 40%] [Cov:==========>                        31%]
[Progress:============>                 40%] [Cov:===========>                       32%]
[Progress:============>                 41%] [Cov:===========>                       32%]
[Progress:============>                 42%] [Cov:==========>                        31%]
[Progress:============>                 42%] [Cov:===========>                       32%]
[Progress:============>                 42%] [Cov:===========>                       32%]
[Progress:============>                 43%] [Cov:==========>                        31%]
[Progress:============>                 43%] [Cov:===========>                       32%]
[Progress:=============>                44%] [Cov:==========>                        31%]
[Progress:=============>                44%] [Cov:===========>                       32%]
[Progress:=============>                44%] [Cov:===========>                       33%]
[Progress:=============>                44%] [Cov:===========>                       34%]
[Progress:=============>                45%] [Cov:==========>                        31%]
[Progress:=============>                45%] [Cov:===========>                       32%]
[Progress:=============>                45%] [Cov:===========>                       34%]
[Progress:=============>                46%] [Cov:===========>                       32%]
[Progress:=============>                46%] [Cov:===========>                       33%]
[Progress:=============>                46%] [Cov:===========>                       34%]
[Progress:==============>               47%] [Cov:===========>                       32%]
[Progress:==============>               47%] [Cov:===========>                       34%]
[Progress:==============>               47%] [Cov:============>                      35%]
[Progress:==============>               47%] [Cov:============>                      36%]
[Progress:==============>               47%] [Cov:============>                      37%]
[Progress:==============>               48%] [Cov:===========>                       32%]
[Progress:==============>               48%] [Cov:============>                      37%]
[Progress:==============>               49%] [Cov:===========>                       32%]
[Progress:==============>               49%] [Cov:===========>                       34%]
[Progress:===============>              50%] [Cov:==========>                        31%]
[Progress:===============>              50%] [Cov:===========>                       32%]
[Progress:===============>              50%] [Cov:===========>                       33%]
[Progress:===============>              50%] [Cov:===========>                       34%]
[Progress:===============>              50%] [Cov:============>                      37%]
[Progress:===============>              51%] [Cov:===========>                       32%]
[Progress:===============>              51%] [Cov:============>                      37%]
[Progress:===============>              52%] [Cov:==========>                        31%]
[Progress:===============>              52%] [Cov:===========>                       32%]
[Progress:===============>              52%] [Cov:============>                      36%]
[Progress:===============>              52%] [Cov:============>                      37%]
[Progress:===============>              53%] [Cov:============>                      37%]
[Progress:================>             54%] [Cov:===========>                       32%]
[Progress:================>             54%] [Cov:============>                      35%]
[Progress:================>             54%] [Cov:============>                      37%]
[Progress:================>             55%] [Cov:===========>                       33%]
[Progress:================>             55%] [Cov:============>                      35%]
[Progress:================>             55%] [Cov:============>                      36%]
[Progress:================>             55%] [Cov:============>                      37%]
[Progress:================>             56%] [Cov:============>                      37%]
[Progress:=================>            57%] [Cov:============>                      36%]
[Progress:=================>            57%] [Cov:============>                      37%]
[Progress:=================>            58%] [Cov:===========>                       33%]
[Progress:=================>            58%] [Cov:===========>                       34%]
[Progress:=================>            58%] [Cov:============>                      36%]
[Progress:=================>            59%] [Cov:===========>                       34%]
[Progress:=================>            59%] [Cov:============>                      37%]
[Progress:==================>           60%] [Cov:============>                      37%]
[Progress:==================>           61%] [Cov:============>                      36%]
[Progress:==================>           61%] [Cov:============>                      37%]
[Progress:==================>           62%] [Cov:===========>                       34%]
[Progress:==================>           62%] [Cov:============>                      35%]
[Progress:==================>           62%] [Cov:============>                      36%]
[Progress:==================>           62%] [Cov:============>                      37%]
[Progress:==================>           62%] [Cov:============>                      37%]
[Progress:==================>           63%] [Cov:============>                      37%]
[Progress:===================>          64%] [Cov:============>                      37%]
[Progress:===================>          65%] [Cov:============>                      36%]
[Progress:===================>          65%] [Cov:============>                      37%]
[Progress:===================>          66%] [Cov:============>                      35%]
[Progress:===================>          66%] [Cov:============>                      37%]
[Progress:===================>          66%] [Cov:============>                      37%]
[Progress:====================>         67%] [Cov:============>                      37%]
[Progress:====================>         68%] [Cov:============>                      37%]
[Progress:====================>         69%] [Cov:============>                      37%]
[Progress:====================>         69%] [Cov:============>                      37%]
[Progress:=====================>        70%] [Cov:============>                      37%]
[Progress:=====================>        70%] [Cov:=============>                     38%]
[Progress:=====================>        71%] [Cov:============>                      37%]
[Progress:=====================>        72%] [Cov:============>                      37%]
[Progress:=====================>        73%] [Cov:============>                      37%]
[Progress:=====================>        73%] [Cov:============>                      37%]
[Progress:======================>       74%] [Cov:============>                      36%]
[Progress:======================>       74%] [Cov:============>                      37%]
[Progress:======================>       74%] [Cov:=============>                     38%]
[Progress:======================>       75%] [Cov:============>                      35%]
[Progress:======================>       75%] [Cov:============>                      37%]
[Progress:======================>       75%] [Cov:=============>                     38%]
[Progress:======================>       76%] [Cov:============>                      37%]
[Progress:======================>       76%] [Cov:=============>                     38%]
[Progress:=======================>      77%] [Cov:============>                      37%]
[Progress:=======================>      77%] [Cov:=============>                     38%]
[Progress:=======================>      77%] [Cov:============>                      37%]
[Progress:=======================>      77%] [Cov:=============>                     38%]
[Progress:=======================>      78%] [Cov:============>                      37%]
[Progress:=======================>      78%] [Cov:=============>                     38%]
[Progress:=======================>      79%] [Cov:=============>                     38%]
[Progress:========================>     80%] [Cov:============>                      37%]
[Progress:========================>     80%] [Cov:=============>                     38%]
[Progress:========================>     80%] [Cov:============>                      37%]
[Progress:========================>     80%] [Cov:=============>                     38%]
[Progress:========================>     81%] [Cov:=============>                     38%]
[Progress:========================>     82%] [Cov:============>                      37%]
[Progress:========================>     82%] [Cov:=============>                     38%]
[Progress:========================>     83%] [Cov:============>                      37%]
[Progress:========================>     83%] [Cov:=============>                     38%]
[Progress:========================>     83%] [Cov:=============>                     38%]
[Progress:=========================>    84%] [Cov:============>                      37%]
[Progress:=========================>    84%] [Cov:=============>                     38%]
[Progress:=========================>    85%] [Cov:=============>                     38%]
[Progress:=========================>    86%] [Cov:============>                      37%]
[Progress:=========================>    86%] [Cov:=============>                     38%]
[Progress:==========================>   87%] [Cov:============>                      37%]
[Progress:==========================>   87%] [Cov:=============>                     38%]
[Progress:==========================>   88%] [Cov:============>                      37%]
[Progress:==========================>   88%] [Cov:=============>                     38%]
[Progress:==========================>   89%] [Cov:=============>                     38%]
[Progress:===========================>  90%] [Cov:=============>                     38%]
[Progress:===========================>  91%] [Cov:=============>                     38%]
[Progress:===========================>  92%] [Cov:============>                      37%]
[Progress:===========================>  92%] [Cov:=============>                     38%]
[Progress:===========================>  92%] [Cov:=============>                     39%]
[Progress:===========================>  93%] [Cov:=============>                     38%]
[Progress:===========================>  93%] [Cov:=============>                     38%]
[Progress:===========================>  93%] [Cov:=============>                     39%]
[Progress:============================> 94%] [Cov:=============>                     38%]
[Progress:============================> 95%] [Cov:=============>                     38%]
[Progress:============================> 96%] [Cov:=============>                     38%]
[Progress:============================> 96%] [Cov:=============>                     39%]
[Progress:=============================>97%] [Cov:============>                      35%]
[Progress:=============================>97%] [Cov:=============>                     38%]
[Progress:=============================>97%] [Cov:=============>                     39%]
[Progress:=============================>98%] [Cov:=============>                     38%]
[Progress:=============================>98%] [Cov:=============>                     39%]
[Progress:=============================>99%] [Cov:=============>                     38%]
[Progress:==============================100%] [Cov:=============>                     38%]
[Progress:==============================100%] [Cov:=============>                     39%]
[Progress:==============================100%] [Cov:============>                      37%]
[Progress:==============================100%] [Cov:=============>                     38%]
[Progress:==============================100%] [Cov:=============>                     38%]
[Progress:==============================100%] [Cov:=============>                     39%]
[Progress:==============================100%] [Cov:=============>                     39%]
* Search finished after 155s and 33 generations, 10626 statements, best individual has fitness: 2276.914197525276
* Minimizing test suite
* Going to analyze the coverage criteria
* Coverage analysis for criterion LINE
* Coverage of criterion LINE: 41%
* Total number of goals: 689
* Number of covered goals: 285
* Coverage analysis for criterion BRANCH
* Coverage of criterion BRANCH: 33%
* Total number of goals: 395
* Number of covered goals: 131
* Coverage analysis for criterion EXCEPTION
* Coverage of criterion EXCEPTION: 22%
* Total number of goals: 65
* Number of covered goals: 14
* Coverage analysis for criterion WEAKMUTATION
* Coverage of criterion WEAKMUTATION: 31%
* Total number of goals: 767
* Number of covered goals: 234
* Coverage analysis for criterion OUTPUT
* Coverage of criterion OUTPUT: 21%
* Total number of goals: 418
* Number of covered goals: 87
* Coverage analysis for criterion METHOD
* Coverage of criterion METHOD: 42%
* Total number of goals: 115
* Number of covered goals: 48
* Coverage analysis for criterion METHODNOEXCEPTION
* Coverage of criterion METHODNOEXCEPTION: 38%
* Total number of goals: 115
* Number of covered goals: 44
* Coverage analysis for criterion CBRANCH
* Coverage of criterion CBRANCH: 29%
* Total number of goals: 395
* Number of covered goals: 116
* Generated 51 tests with total length 199
* Resulting test suite's coverage: 39% (average coverage for all fitness functions)
* Generating assertions
* Resulting test suite's mutation score: 12%
* Compiling and checking tests
* Permissions denied during test execution: 
  - java.lang.RuntimePermission: 
         writeFileDescriptor: 2
* Writing tests to file
* Writing JUnit test case 'Compiler_ESTest' to evosuite-tests
* Done!

* Computation finished

