CMD: /usr/lib/jvm/java-8-openjdk-amd64/bin/java -Dtools_jar_location=/usr/lib/jvm/java-8-openjdk-amd64/lib/tools.jar -jar /home/pizza/TestRound2/evosuite-1.2.0.jar -generateSuite -class com.fasterxml.jackson.databind.jsontype.impl.ClassNameIdResolver -projectCP /home/pizza/TestRound2/Test/JacksonDatabind-88b/target/classes:/home/pizza/defects4j/framework/projects/JacksonDatabind/lib/com/fasterxml/jackson/core/jackson-annotations/2.8.0/jackson-annotations-2.8.0.jar:/home/pizza/defects4j/framework/projects/JacksonDatabind/lib/com/fasterxml/jackson/core/jackson-core/2.8.9/jackson-core-2.8.9.jar -base_dir /home/pizza/TestRound2/results/project-JacksonDatabind/JacksonDatabind-88/round03/evosuite-work -seed 11 -Dalgorithm=NSGAII -Dsearch_budget=60 -Dtest_format=JUNIT4 -Dassertions=true

* EvoSuite 1.2.0
* Going to generate test cases for class: com.fasterxml.jackson.databind.jsontype.impl.ClassNameIdResolver
* Starting Client-0
* Connecting to master process on port 8226
* Analyzing classpath: 
  - /home/pizza/TestRound2/Test/JacksonDatabind-88b/target/classes
  - /home/pizza/defects4j/framework/projects/JacksonDatabind/lib/com/fasterxml/jackson/core/jackson-annotations/2.8.0/jackson-annotations-2.8.0.jar
  - /home/pizza/defects4j/framework/projects/JacksonDatabind/lib/com/fasterxml/jackson/core/jackson-core/2.8.9/jackson-core-2.8.9.jar
* Finished analyzing classpath
* Generating tests for class com.fasterxml.jackson.databind.jsontype.impl.ClassNameIdResolver
* Test criteria:
  - Line Coverage
  - Branch Coverage
  - Exception
  - Mutation testing (weak)
  - Method-Output Coverage
  - Top-Level Method Coverage
  - No-Exception Top-Level Method Coverage
  - Context Branch Coverage
* Setting up search algorithm for whole suite generation
* Total number of test goals: 
  - Line 48
  - Branch 33
  - Exception 0
  - MutationFactory 64
  - Output 72
  - Method 9
  - MethodNoException 9
  - CBranchFitnessFactory 33
* Using seed 11
* Starting evolution

[Progress:>                             0%] [Cov:>                                  0%][MASTER] 02:13:51.267 [logback-1] WARN  TestCluster - Failed to check cache for java.lang.Enum<E> : Type points to itself
[MASTER] 02:13:51.581 [logback-1] WARN  TestCluster - Failed to check cache for java.util.HashSet<E> : Type points to itself

[Progress:===>                          11%] [Cov:>                                  0%]
[Progress:===>                          11%] [Cov:>                                  2%]
[Progress:===>                          13%] [Cov:>                                  0%]
[Progress:===>                          13%] [Cov:=>                                 5%]
[Progress:===>                          13%] [Cov:=====>                             17%]
[Progress:===>                          13%] [Cov:======>                            19%]
[Progress:===>                          13%] [Cov:=======>                           20%]
[Progress:===>                          13%] [Cov:========>                          25%]
[Progress:===>                          13%] [Cov:==========>                        30%]
[Progress:===>                          13%] [Cov:===========>                       32%]
[Progress:===>                          13%] [Cov:============>                      36%]
[Progress:===>                          13%] [Cov:=============>                     39%]
[Progress:=====>                        18%] [Cov:>                                  0%]
[Progress:=====>                        18%] [Cov:====>                              12%]
[Progress:=====>                        18%] [Cov:====>                              13%]
[Progress:=====>                        18%] [Cov:====>                              14%]
[Progress:=====>                        18%] [Cov:=====>                             15%]
[Progress:=====>                        18%] [Cov:=====>                             16%]
[Progress:=====>                        18%] [Cov:=====>                             17%]
[Progress:=====>                        18%] [Cov:======>                            19%]
[Progress:=====>                        18%] [Cov:=======>                           22%]
[Progress:=====>                        18%] [Cov:=========>                         26%]
[Progress:=====>                        18%] [Cov:=========>                         28%]
[Progress:=====>                        18%] [Cov:===========>                       32%]
[Progress:=====>                        18%] [Cov:============>                      36%]
[Progress:=====>                        18%] [Cov:=============>                     38%]
[Progress:======>                       20%] [Cov:>                                  0%]
[Progress:======>                       20%] [Cov:====>                              13%]
[Progress:======>                       20%] [Cov:====>                              14%]
[Progress:======>                       20%] [Cov:=====>                             15%]
[Progress:======>                       20%] [Cov:=====>                             16%]
[Progress:======>                       20%] [Cov:=====>                             17%]
[Progress:======>                       20%] [Cov:=======>                           20%]
[Progress:======>                       20%] [Cov:=========>                         26%]
[Progress:======>                       20%] [Cov:===========>                       32%]
[Progress:======>                       20%] [Cov:===========>                       33%]
[Progress:======>                       20%] [Cov:=============>                     38%]
[Progress:======>                       20%] [Cov:==============>                    40%]
[Progress:======>                       21%] [Cov:=>                                 4%]
[Progress:======>                       21%] [Cov:==>                                7%]
[Progress:======>                       21%] [Cov:=======>                           20%]
[Progress:======>                       21%] [Cov:========>                          24%]
[Progress:======>                       21%] [Cov:==========>                        30%]
[Progress:======>                       21%] [Cov:============>                      35%]
[Progress:======>                       21%] [Cov:=============>                     38%]
[Progress:======>                       23%] [Cov:>                                  2%]
[Progress:======>                       23%] [Cov:=>                                 3%]
[Progress:======>                       23%] [Cov:=====>                             15%]
[Progress:======>                       23%] [Cov:=====>                             16%]
[Progress:======>                       23%] [Cov:=====>                             17%]
[Progress:======>                       23%] [Cov:======>                            18%]
[Progress:======>                       23%] [Cov:=======>                           21%]
[Progress:======>                       23%] [Cov:========>                          25%]
[Progress:======>                       23%] [Cov:=========>                         26%]
[Progress:======>                       23%] [Cov:=========>                         28%]
[Progress:======>                       23%] [Cov:============>                      36%]
[Progress:======>                       23%] [Cov:=============>                     38%]
[Progress:======>                       23%] [Cov:==============>                    42%]
[Progress:======>                       23%] [Cov:===============>                   45%]
[Progress:=======>                      25%] [Cov:=============>                     39%][MASTER] 02:14:06.504 [logback-1] WARN  TestChromosome - Functional mock problem: org.evosuite.ga.ConstructionFailedException: Failed to add constructor for com.fasterxml.jackson.databind.introspect.AnnotatedMethod due to org.evosuite.ga.ConstructionFailedException: Invalid generic instance

[Progress:=======>                      25%] [Cov:==============>                    40%][MASTER] 02:14:06.688 [logback-1] WARN  TestChromosome - Functional mock problem: org.evosuite.ga.ConstructionFailedException: Invalid generic instance

[Progress:=======>                      25%] [Cov:=============>                     39%]
[Progress:=======>                      26%] [Cov:==========>                        31%]
[Progress:=======>                      26%] [Cov:===========>                       32%]
[Progress:=======>                      26%] [Cov:==============>                    40%]
[Progress:=======>                      26%] [Cov:==============>                    41%]
[Progress:=======>                      26%] [Cov:===============>                   44%]
[Progress:=======>                      26%] [Cov:================>                  46%]
[Progress:=======>                      26%] [Cov:================>                  47%]
[Progress:========>                     28%] [Cov:===============>                   43%]
[Progress:========>                     28%] [Cov:===============>                   44%]
[Progress:========>                     28%] [Cov:===============>                   45%]
[Progress:========>                     28%] [Cov:================>                  47%]
[Progress:========>                     28%] [Cov:=================>                 49%]
[Progress:========>                     28%] [Cov:==================>                52%]
[Progress:========>                     28%] [Cov:==================>                53%][MASTER] 02:14:09.033 [logback-1] WARN  TestChromosome - Functional mock problem: org.evosuite.ga.ConstructionFailedException: Have no generator for class com.fasterxml.jackson.databind.deser.DefaultDeserializationContext$Impl canUseFunctionalMocks=false, canBeMocked: true

[Progress:=========>                    30%] [Cov:================>                  47%]
[Progress:=========>                    30%] [Cov:==================>                53%]
[Progress:=========>                    31%] [Cov:================>                  47%]
[Progress:=========>                    31%] [Cov:=================>                 49%]
[Progress:=========>                    31%] [Cov:=================>                 51%]
[Progress:=========>                    31%] [Cov:==================>                53%]
[Progress:=========>                    31%] [Cov:==================>                53%]
[Progress:=========>                    31%] [Cov:==================>                54%]
[Progress:=========>                    31%] [Cov:===================>               55%]
[Progress:=========>                    31%] [Cov:===================>               57%]
[Progress:=========>                    31%] [Cov:=====================>             60%]
[Progress:=========>                    31%] [Cov:=====================>             61%]
[Progress:=========>                    33%] [Cov:===============>                   45%]
[Progress:=========>                    33%] [Cov:================>                  46%]
[Progress:=========>                    33%] [Cov:=================>                 51%]
[Progress:=========>                    33%] [Cov:==================>                52%]
[Progress:=========>                    33%] [Cov:==================>                53%]
[Progress:=========>                    33%] [Cov:=====================>             61%][MASTER] 02:14:12.023 [logback-1] WARN  TestChromosome - Functional mock problem: org.evosuite.ga.ConstructionFailedException: Failed to add constructor for com.fasterxml.jackson.databind.DeserializationConfig due to org.evosuite.ga.ConstructionFailedException: Failed to add constructor for com.fasterxml.jackson.databind.cfg.BaseSettings due to org.evosuite.ga.ConstructionFailedException: Invalid generic instance

[Progress:=========>                    33%] [Cov:=====================>             61%]
[Progress:==========>                   35%] [Cov:===============>                   44%]
[Progress:==========>                   35%] [Cov:=================>                 51%]
[Progress:==========>                   35%] [Cov:==================>                52%]
[Progress:==========>                   35%] [Cov:==================>                53%]
[Progress:==========>                   35%] [Cov:==================>                54%]
[Progress:==========>                   35%] [Cov:===================>               56%]
[Progress:==========>                   35%] [Cov:====================>              58%]
[Progress:==========>                   35%] [Cov:====================>              59%]
[Progress:==========>                   35%] [Cov:=====================>             61%]
[Progress:==========>                   35%] [Cov:======================>            65%]
[Progress:==========>                   35%] [Cov:=======================>           66%]
[Progress:==========>                   35%] [Cov:=======================>           66%]
[Progress:==========>                   36%] [Cov:==================>                53%]
[Progress:==========>                   36%] [Cov:===================>               55%]
[Progress:==========>                   36%] [Cov:===================>               56%]
[Progress:==========>                   36%] [Cov:===================>               57%]
[Progress:==========>                   36%] [Cov:====================>              58%]
[Progress:==========>                   36%] [Cov:======================>            65%]
[Progress:==========>                   36%] [Cov:=======================>           66%][MASTER] 02:14:13.703 [logback-1] WARN  TestCluster - Failed to check cache for com.fasterxml.jackson.annotation.ObjectIdGenerator<T> : Type points to itself

[Progress:==========>                   36%] [Cov:=======================>           66%]
[Progress:===========>                  38%] [Cov:=====================>             60%]
[Progress:===========>                  38%] [Cov:=====================>             61%]
[Progress:===========>                  38%] [Cov:=====================>             62%]
[Progress:===========>                  38%] [Cov:=======================>           66%]
[Progress:===========>                  38%] [Cov:=======================>           66%]
[Progress:============>                 40%] [Cov:=====================>             62%]
[Progress:============>                 40%] [Cov:=======================>           66%]
[Progress:============>                 40%] [Cov:=======================>           66%]
[Progress:============>                 41%] [Cov:=======================>           66%]
[Progress:============>                 41%] [Cov:=======================>           66%]
[Progress:============>                 43%] [Cov:=======================>           66%][MASTER] 02:14:17.442 [logback-1] WARN  TestChromosome - Functional mock problem: org.evosuite.ga.ConstructionFailedException: Failed to add constructor for com.fasterxml.jackson.databind.ser.BeanSerializerBuilder due to org.evosuite.ga.ConstructionFailedException: Failed to add constructor for com.fasterxml.jackson.databind.DeserializationConfig due to org.evosuite.ga.ConstructionFailedException: Failed to add constructor for com.fasterxml.jackson.databind.cfg.BaseSettings due to org.evosuite.ga.ConstructionFailedException: Max recursion depth reached

[Progress:============>                 43%] [Cov:=======================>           66%]
[Progress:============>                 43%] [Cov:=======================>           66%]
[Progress:=============>                45%] [Cov:=======================>           66%]
[Progress:=============>                45%] [Cov:=======================>           66%]
[Progress:=============>                45%] [Cov:=======================>           66%]
[Progress:=============>                46%] [Cov:======================>            64%]
[Progress:=============>                46%] [Cov:=======================>           66%]
[Progress:=============>                46%] [Cov:=======================>           66%]
[Progress:=============>                46%] [Cov:=======================>           67%]
[Progress:=============>                46%] [Cov:========================>          69%]
[Progress:==============>               48%] [Cov:=======================>           66%]
[Progress:==============>               48%] [Cov:========================>          69%]
[Progress:==============>               48%] [Cov:========================>          69%]
[Progress:===============>              50%] [Cov:=======================>           66%]
[Progress:===============>              50%] [Cov:========================>          69%]
[Progress:===============>              50%] [Cov:========================>          69%]
[Progress:===============>              50%] [Cov:========================>          69%]
[Progress:===============>              51%] [Cov:=======================>           66%]
[Progress:===============>              51%] [Cov:========================>          69%]
[Progress:===============>              51%] [Cov:========================>          69%]
[Progress:===============>              51%] [Cov:========================>          69%]
[Progress:===============>              53%] [Cov:========================>          69%]
[Progress:===============>              53%] [Cov:========================>          69%]
[Progress:===============>              53%] [Cov:========================>          69%]
[Progress:================>             55%] [Cov:=======================>           66%]
[Progress:================>             55%] [Cov:========================>          69%][MASTER] 02:14:24.265 [logback-1] WARN  TestCluster - Failed to check cache for java.util.TreeSet<E> : Type points to itself

[Progress:================>             55%] [Cov:========================>          69%]
[Progress:================>             56%] [Cov:========================>          69%]
[Progress:================>             56%] [Cov:========================>          69%]
[Progress:================>             56%] [Cov:========================>          70%]
[Progress:================>             56%] [Cov:========================>          70%]
[Progress:===================>          65%] [Cov:========================>          69%]
[Progress:===================>          66%] [Cov:========================>          69%]
[Progress:===================>          66%] [Cov:========================>          70%]
[Progress:===================>          66%] [Cov:========================>          70%]
[Progress:===================>          66%] [Cov:========================>          70%]
[Progress:====================>         68%] [Cov:========================>          69%]
[Progress:====================>         68%] [Cov:========================>          70%]
[Progress:====================>         68%] [Cov:========================>          70%]
[Progress:=====================>        70%] [Cov:========================>          69%]
[Progress:=====================>        70%] [Cov:========================>          70%]
[Progress:=====================>        70%] [Cov:========================>          70%]
[Progress:=====================>        70%] [Cov:========================>          70%]
[Progress:=====================>        71%] [Cov:========================>          70%]
[Progress:=====================>        71%] [Cov:========================>          70%]
[Progress:=====================>        73%] [Cov:========================>          70%]
[Progress:=====================>        73%] [Cov:========================>          70%]
[Progress:=====================>        73%] [Cov:========================>          70%]
[Progress:======================>       75%] [Cov:========================>          70%]
[Progress:======================>       75%] [Cov:========================>          70%]
[Progress:======================>       76%] [Cov:========================>          70%]
[Progress:======================>       76%] [Cov:========================>          70%]
[Progress:======================>       76%] [Cov:========================>          70%]
[Progress:=======================>      78%] [Cov:========================>          70%]
[Progress:=========================>    86%] [Cov:========================>          69%]
[Progress:=========================>    86%] [Cov:========================>          70%]
[Progress:=========================>    86%] [Cov:========================>          70%]
[Progress:==========================>   88%] [Cov:========================>          70%]
[Progress:==========================>   88%] [Cov:========================>          70%]
[Progress:==========================>   88%] [Cov:========================>          70%]
[Progress:===========================>  90%] [Cov:========================>          70%]
[Progress:===========================>  90%] [Cov:========================>          70%]
[Progress:===========================>  90%] [Cov:========================>          70%]
[Progress:===========================>  91%] [Cov:========================>          70%]
[Progress:===========================>  91%] [Cov:=========================>         72%]
[Progress:===========================>  91%] [Cov:=========================>         73%]
[Progress:===========================>  91%] [Cov:=========================>         73%]
[Progress:===========================>  93%] [Cov:========================>          69%]
[Progress:===========================>  93%] [Cov:========================>          70%]
[Progress:===========================>  93%] [Cov:=========================>         73%]
[Progress:===========================>  93%] [Cov:=========================>         73%]
[Progress:============================> 95%] [Cov:=======================>           66%]
[Progress:============================> 95%] [Cov:========================>          70%]
[Progress:============================> 95%] [Cov:=========================>         73%]
[Progress:============================> 95%] [Cov:=========================>         73%]
[Progress:============================> 95%] [Cov:=========================>         73%]
[Progress:============================> 96%] [Cov:=========================>         73%]
[Progress:============================> 96%] [Cov:=========================>         73%]
[Progress:============================> 96%] [Cov:=========================>         73%]
[Progress:=============================>98%] [Cov:=========================>         73%]
[Progress:=============================>98%] [Cov:=========================>         73%]
[Progress:=============================>98%] [Cov:=========================>         73%]
[Progress:==============================100%] [Cov:=========================>         73%]
[Progress:==============================100%] [Cov:=========================>         73%]
[Progress:==============================100%] [Cov:=========================>         73%]
[Progress:==============================100%] [Cov:=========================>         73%]
* Search finished after 61s and 56 generations, 26133 statements, best individual has fitness: 112.7745097581111
* Minimizing test suite
* Going to analyze the coverage criteria
* Coverage analysis for criterion LINE
* Coverage of criterion LINE: 67%
* Total number of goals: 48
* Number of covered goals: 32
* Coverage analysis for criterion BRANCH
* Coverage of criterion BRANCH: 67%
* Total number of goals: 33
* Number of covered goals: 22
* Coverage analysis for criterion EXCEPTION
* Coverage of criterion EXCEPTION: 40%
* Total number of goals: 5
* Number of covered goals: 2
* Coverage analysis for criterion WEAKMUTATION
* Coverage of criterion WEAKMUTATION: 66%
* Total number of goals: 64
* Number of covered goals: 42
* Coverage analysis for criterion OUTPUT
* Coverage of criterion OUTPUT: 29%
* Total number of goals: 72
* Number of covered goals: 21
* Coverage analysis for criterion METHOD
* Coverage of criterion METHOD: 100%
* Total number of goals: 9
* Number of covered goals: 9
* Coverage analysis for criterion METHODNOEXCEPTION
* Coverage of criterion METHODNOEXCEPTION: 100%
* Total number of goals: 9
* Number of covered goals: 9
* Coverage analysis for criterion CBRANCH
* Coverage of criterion CBRANCH: 67%
* Total number of goals: 33
* Number of covered goals: 22
* Generated 12 tests with total length 90
* Resulting test suite's coverage: 73% (average coverage for all fitness functions)
* Generating assertions
* Resulting test suite's mutation score: 27%
* Compiling and checking tests
* Writing tests to file
* Writing JUnit test case 'ClassNameIdResolver_ESTest' to evosuite-tests
* Done!

* Computation finished

