CMD: /usr/lib/jvm/java-8-openjdk-amd64/bin/java -Dtools_jar_location=/usr/lib/jvm/java-8-openjdk-amd64/lib/tools.jar -jar /home/user/evosuite/evosuite-1.2.0.jar -generateSuite -class org.apache.commons.math.fraction.BigFraction -projectCP /home/user/evosuite/Test/Math-36b/target/classes -base_dir /home/user/evosuite/results/project-Math/Math-36/round02/evosuite-work -seed 11 -Dalgorithm=NSGAII -Dsearch_budget=150 -Dtest_format=JUNIT4 -Dassertions=true

* EvoSuite 1.2.0
* Going to generate test cases for class: org.apache.commons.math.fraction.BigFraction
* Starting Client-0
* Connecting to master process on port 8224
* Analyzing classpath: 
  - /home/user/evosuite/Test/Math-36b/target/classes
* Finished analyzing classpath
* Generating tests for class org.apache.commons.math.fraction.BigFraction
* Test criteria:
  - Line Coverage
  - Branch Coverage
  - Exception
  - Mutation testing (weak)
  - Method-Output Coverage
  - Top-Level Method Coverage
  - No-Exception Top-Level Method Coverage
  - Context Branch Coverage
* Setting up search algorithm for whole suite generation
* Total number of test goals: 
  - Line 214
  - Branch 129
  - Exception 0
  - MutationFactory 921
  - Output 243
  - Method 53
  - MethodNoException 53
  - CBranchFitnessFactory 129

[Progress:>                             0%] [Cov:>                                  0%]* Using seed 11
* Starting evolution

[Progress:>                             1%] [Cov:>                                  0%]
[Progress:>                             1%] [Cov:==>                                6%]
[Progress:=>                            4%] [Cov:==>                                7%]
[Progress:=>                            4%] [Cov:===>                               10%]
[Progress:=>                            4%] [Cov:====>                              12%]
[Progress:=>                            4%] [Cov:========>                          23%]
[Progress:=>                            4%] [Cov:========>                          25%]
[Progress:=>                            4%] [Cov:==========>                        30%]
[Progress:=>                            4%] [Cov:===========>                       34%]
[Progress:=>                            4%] [Cov:============>                      36%]
[Progress:=>                            4%] [Cov:==============>                    41%]
[Progress:=>                            4%] [Cov:================>                  47%]
[Progress:=>                            4%] [Cov:=================>                 49%]
[Progress:==>                           7%] [Cov:==>                                7%]
[Progress:==>                           7%] [Cov:====>                              12%]
[Progress:==>                           7%] [Cov:====>                              14%]
[Progress:==>                           7%] [Cov:========>                          24%]
[Progress:==>                           7%] [Cov:=========>                         26%]
[Progress:==>                           7%] [Cov:===========>                       32%]
[Progress:==>                           7%] [Cov:============>                      36%]
[Progress:==>                           7%] [Cov:==============>                    41%]
[Progress:==>                           7%] [Cov:===============>                   44%]
[Progress:==>                           7%] [Cov:================>                  47%]
[Progress:==>                           7%] [Cov:=================>                 51%]
[Progress:==>                           7%] [Cov:==================>                54%]
[Progress:===>                          10%] [Cov:=>                                 5%]
[Progress:===>                          10%] [Cov:===>                               10%]
[Progress:===>                          10%] [Cov:=====>                             15%]
[Progress:===>                          10%] [Cov:=======>                           22%]
[Progress:===>                          10%] [Cov:==========>                        29%]
[Progress:===>                          10%] [Cov:============>                      35%]
[Progress:===>                          10%] [Cov:==============>                    41%]
[Progress:===>                          10%] [Cov:==============>                    42%]
[Progress:===>                          11%] [Cov:=>                                 5%]
[Progress:===>                          11%] [Cov:=======>                           22%]
[Progress:===>                          11%] [Cov:=========>                         28%]
[Progress:===>                          11%] [Cov:==========>                        31%]
[Progress:===>                          11%] [Cov:=============>                     39%]
[Progress:===>                          11%] [Cov:================>                  46%]
[Progress:===>                          11%] [Cov:=================>                 49%]
[Progress:====>                         14%] [Cov:=>                                 4%]
[Progress:====>                         14%] [Cov:===>                               11%]
[Progress:====>                         14%] [Cov:========>                          24%]
[Progress:====>                         14%] [Cov:===========>                       32%]
[Progress:====>                         14%] [Cov:============>                      35%]
[Progress:====>                         14%] [Cov:===============>                   44%]
[Progress:====>                         14%] [Cov:=================>                 51%]
[Progress:====>                         14%] [Cov:==================>                54%]
[Progress:====>                         15%] [Cov:==>                                6%]
[Progress:====>                         15%] [Cov:====>                              12%]
[Progress:====>                         15%] [Cov:========>                          24%]
[Progress:====>                         15%] [Cov:===========>                       33%]
[Progress:====>                         15%] [Cov:============>                      35%]
[Progress:====>                         15%] [Cov:==============>                    41%]
[Progress:====>                         15%] [Cov:===============>                   45%]
[Progress:====>                         15%] [Cov:================>                  46%]
[Progress:====>                         15%] [Cov:================>                  47%]
[Progress:====>                         15%] [Cov:================>                  48%]
[Progress:====>                         15%] [Cov:==================>                54%]
[Progress:====>                         15%] [Cov:===================>               57%]
[Progress:====>                         16%] [Cov:==>                                7%]
[Progress:=====>                        18%] [Cov:==>                                6%]
[Progress:=====>                        18%] [Cov:====>                              13%]
[Progress:=====>                        18%] [Cov:=========>                         26%]
[Progress:=====>                        18%] [Cov:===========>                       33%]
[Progress:=====>                        18%] [Cov:============>                      36%]
[Progress:=====>                        18%] [Cov:==============>                    41%]
[Progress:=====>                        18%] [Cov:================>                  47%]
[Progress:=====>                        18%] [Cov:=================>                 49%]
[Progress:======>                       21%] [Cov:=>                                 5%]
[Progress:======>                       21%] [Cov:==>                                7%]
[Progress:======>                       21%] [Cov:===>                               10%]
[Progress:======>                       21%] [Cov:=======>                           20%]
[Progress:======>                       21%] [Cov:=======>                           22%]
[Progress:======>                       21%] [Cov:========>                          24%]
[Progress:======>                       21%] [Cov:==========>                        29%]
[Progress:======>                       21%] [Cov:============>                      35%]
[Progress:======>                       21%] [Cov:==============>                    41%]
[Progress:======>                       21%] [Cov:==============>                    42%]
[Progress:======>                       22%] [Cov:=>                                 5%]
[Progress:======>                       22%] [Cov:===>                               9%]
[Progress:======>                       22%] [Cov:===>                               10%]
[Progress:======>                       22%] [Cov:=======>                           22%]
[Progress:======>                       22%] [Cov:=========>                         28%]
[Progress:======>                       22%] [Cov:==========>                        30%]
[Progress:======>                       22%] [Cov:===========>                       33%]
[Progress:======>                       22%] [Cov:============>                      37%]
[Progress:======>                       22%] [Cov:=============>                     38%]
[Progress:======>                       22%] [Cov:=============>                     39%]
[Progress:======>                       22%] [Cov:==============>                    42%]
[Progress:======>                       22%] [Cov:================>                  48%]
[Progress:======>                       22%] [Cov:=================>                 51%]
[Progress:======>                       22%] [Cov:==================>                54%]
[Progress:======>                       22%] [Cov:===================>               57%]
[Progress:=======>                      25%] [Cov:==>                                7%]
[Progress:=======>                      25%] [Cov:====>                              14%]
[Progress:=======>                      25%] [Cov:=========>                         26%]
[Progress:=======>                      25%] [Cov:============>                      36%]
[Progress:=======>                      25%] [Cov:===============>                   43%]
[Progress:=======>                      25%] [Cov:=================>                 49%]
[Progress:=======>                      25%] [Cov:==================>                52%]
[Progress:========>                     28%] [Cov:=>                                 5%]
[Progress:========>                     28%] [Cov:===>                               11%]
[Progress:========>                     28%] [Cov:========>                          24%]
[Progress:========>                     28%] [Cov:==========>                        31%]
[Progress:========>                     28%] [Cov:===========>                       33%]
[Progress:========>                     28%] [Cov:=============>                     38%]
[Progress:========>                     28%] [Cov:==============>                    42%]
[Progress:========>                     28%] [Cov:===============>                   44%]
[Progress:========>                     28%] [Cov:===================>               57%]
[Progress:========>                     29%] [Cov:==================>                54%]
[Progress:========>                     29%] [Cov:===================>               57%]
[Progress:========>                     29%] [Cov:====================>              58%]
[Progress:========>                     29%] [Cov:====================>              59%]
[Progress:========>                     29%] [Cov:=====================>             60%]
[Progress:========>                     29%] [Cov:=====================>             60%]
[Progress:=========>                    30%] [Cov:==================>                52%]
[Progress:=========>                    30%] [Cov:====================>              58%]
[Progress:=========>                    30%] [Cov:====================>              59%]
[Progress:=========>                    30%] [Cov:=====================>             60%]
[Progress:=========>                    33%] [Cov:===================>               56%]
[Progress:=========>                    33%] [Cov:====================>              59%]
[Progress:=========>                    33%] [Cov:=====================>             60%]
[Progress:=========>                    33%] [Cov:=====================>             62%]
[Progress:=========>                    33%] [Cov:======================>            63%]
[Progress:==========>                   34%] [Cov:===================>               56%]
[Progress:==========>                   34%] [Cov:====================>              59%]
[Progress:==========>                   34%] [Cov:=====================>             60%]
[Progress:==========>                   34%] [Cov:=====================>             60%]
[Progress:==========>                   34%] [Cov:======================>            63%]
[Progress:==========>                   34%] [Cov:=====================>             62%]
[Progress:==========>                   35%] [Cov:===================>               56%]
[Progress:==========>                   35%] [Cov:====================>              58%]
[Progress:==========>                   35%] [Cov:=====================>             60%]
[Progress:==========>                   35%] [Cov:=====================>             61%]
[Progress:==========>                   35%] [Cov:======================>            63%]
[Progress:==========>                   35%] [Cov:======================>            65%]
[Progress:==========>                   35%] [Cov:=======================>           66%]
[Progress:==========>                   36%] [Cov:====================>              58%]
[Progress:==========>                   36%] [Cov:=====================>             60%]
[Progress:==========>                   36%] [Cov:======================>            63%]
[Progress:==========>                   36%] [Cov:======================>            64%]
[Progress:==========>                   36%] [Cov:======================>            65%]
[Progress:==========>                   36%] [Cov:======================>            65%]
[Progress:==========>                   36%] [Cov:=======================>           66%]
[Progress:==========>                   36%] [Cov:=======================>           68%]
[Progress:==========>                   36%] [Cov:========================>          70%]
[Progress:==========>                   36%] [Cov:========================>          71%]
[Progress:===========>                  37%] [Cov:=====================>             60%]
[Progress:===========>                  37%] [Cov:=====================>             61%]
[Progress:===========>                  37%] [Cov:======================>            63%]
[Progress:===========>                  37%] [Cov:======================>            64%]
[Progress:===========>                  37%] [Cov:======================>            65%]
[Progress:===========>                  37%] [Cov:=======================>           66%]
[Progress:===========>                  37%] [Cov:=======================>           67%]
[Progress:===========>                  37%] [Cov:========================>          71%]
[Progress:===========>                  37%] [Cov:=========================>         72%]
[Progress:===========>                  38%] [Cov:======================>            64%]
[Progress:===========>                  38%] [Cov:=======================>           66%]
[Progress:===========>                  38%] [Cov:=======================>           68%]
[Progress:===========>                  38%] [Cov:========================>          69%]
[Progress:===========>                  38%] [Cov:========================>          71%]
[Progress:===========>                  38%] [Cov:=========================>         72%]
[Progress:============>                 42%] [Cov:======================>            65%]
[Progress:============>                 42%] [Cov:=======================>           66%]
[Progress:============>                 42%] [Cov:=======================>           67%]
[Progress:============>                 42%] [Cov:========================>          69%]
[Progress:=============>                45%] [Cov:======================>            64%]
[Progress:=============>                45%] [Cov:========================>          69%]
[Progress:=============>                45%] [Cov:========================>          71%]
[Progress:=============>                45%] [Cov:=========================>         72%]
[Progress:=============>                45%] [Cov:=========================>         72%]
[Progress:=============>                46%] [Cov:=======================>           66%]
[Progress:=============>                46%] [Cov:=======================>           67%]
[Progress:=============>                46%] [Cov:=======================>           68%]
[Progress:=============>                46%] [Cov:========================>          69%]
[Progress:=============>                46%] [Cov:========================>          70%]
[Progress:=============>                46%] [Cov:========================>          71%]
[Progress:=============>                46%] [Cov:=========================>         72%]
[Progress:=============>                46%] [Cov:=========================>         73%]
[Progress:=============>                46%] [Cov:=========================>         73%]
[Progress:=============>                46%] [Cov:=========================>         74%]
[Progress:==============>               47%] [Cov:========================>          71%]
[Progress:==============>               47%] [Cov:=========================>         72%]
[Progress:==============>               47%] [Cov:=========================>         73%]
[Progress:==============>               48%] [Cov:========================>          71%]
[Progress:==============>               48%] [Cov:=========================>         72%]
[Progress:==============>               48%] [Cov:=========================>         72%]
[Progress:==============>               48%] [Cov:=========================>         73%]
[Progress:===============>              51%] [Cov:========================>          69%]
[Progress:===============>              51%] [Cov:=========================>         72%]
[Progress:===============>              51%] [Cov:=========================>         73%]
[Progress:===============>              52%] [Cov:======>                            18%]
[Progress:===============>              52%] [Cov:========================>          71%]
[Progress:===============>              52%] [Cov:=========================>         73%]
[Progress:===============>              52%] [Cov:=========================>         74%]
[Progress:===============>              52%] [Cov:=========================>         74%]
[Progress:================>             56%] [Cov:=========================>         73%]
[Progress:================>             56%] [Cov:=========================>         74%]
[Progress:================>             56%] [Cov:==========================>        75%]
[Progress:=================>            57%] [Cov:=========================>         73%]
[Progress:=================>            57%] [Cov:==========================>        75%]
[Progress:=================>            58%] [Cov:========================>          69%]
[Progress:=================>            58%] [Cov:=========================>         74%]
[Progress:=================>            58%] [Cov:==========================>        75%]
[Progress:==================>           60%] [Cov:========================>          71%]
[Progress:==================>           60%] [Cov:=========================>         72%]
[Progress:==================>           60%] [Cov:=========================>         74%]
[Progress:==================>           60%] [Cov:==========================>        75%]
[Progress:==================>           61%] [Cov:=========================>         73%]
[Progress:==================>           61%] [Cov:=========================>         74%]
[Progress:==================>           61%] [Cov:==========================>        76%]
[Progress:==================>           61%] [Cov:==========================>        77%]
[Progress:==================>           61%] [Cov:==========================>        76%]
[Progress:==================>           62%] [Cov:=========================>         72%]
[Progress:==================>           62%] [Cov:=========================>         74%]
[Progress:==================>           62%] [Cov:==========================>        75%]
[Progress:==================>           62%] [Cov:==========================>        76%]
[Progress:==================>           62%] [Cov:==========================>        77%]
[Progress:==================>           62%] [Cov:==========================>        76%]
[Progress:==================>           62%] [Cov:==========================>        77%]
[Progress:==================>           63%] [Cov:========================>          70%]
[Progress:==================>           63%] [Cov:=========================>         72%]
[Progress:==================>           63%] [Cov:=========================>         73%]
[Progress:==================>           63%] [Cov:==========================>        75%]
[Progress:==================>           63%] [Cov:==========================>        76%]
[Progress:==================>           63%] [Cov:==========================>        77%]
[Progress:==================>           63%] [Cov:==========================>        77%]
[Progress:===================>          64%] [Cov:==========================>        75%]
[Progress:===================>          64%] [Cov:==========================>        76%]
[Progress:===================>          64%] [Cov:==========================>        77%]
[Progress:===================>          65%] [Cov:=========================>         74%]
[Progress:===================>          65%] [Cov:==========================>        75%]
[Progress:===================>          65%] [Cov:==========================>        76%]
[Progress:===================>          65%] [Cov:==========================>        77%]
[Progress:===================>          65%] [Cov:==========================>        77%]
[Progress:====================>         68%] [Cov:==========================>        76%]
[Progress:====================>         68%] [Cov:==========================>        77%]
[Progress:====================>         68%] [Cov:===========================>       78%]
[Progress:====================>         69%] [Cov:==========================>        75%]
[Progress:====================>         69%] [Cov:==========================>        76%]
[Progress:====================>         69%] [Cov:==========================>        77%]
[Progress:====================>         69%] [Cov:===========================>       79%]
[Progress:====================>         69%] [Cov:===========================>       79%]
[Progress:=====================>        70%] [Cov:==========================>        76%]
[Progress:=====================>        70%] [Cov:==========================>        77%]
[Progress:=====================>        70%] [Cov:===========================>       78%]
[Progress:=====================>        70%] [Cov:===========================>       79%]
[Progress:=====================>        70%] [Cov:===========================>       79%]
[Progress:======================>       74%] [Cov:==========================>        76%]
[Progress:======================>       74%] [Cov:==========================>        77%]
[Progress:======================>       74%] [Cov:===========================>       78%]
[Progress:======================>       74%] [Cov:===========================>       79%]
[Progress:=======================>      77%] [Cov:==========================>        76%]
[Progress:=======================>      77%] [Cov:==========================>        77%]
[Progress:=======================>      77%] [Cov:===========================>       78%]
[Progress:=======================>      77%] [Cov:===========================>       79%]
[Progress:=======================>      77%] [Cov:============================>      80%]
[Progress:=======================>      78%] [Cov:==========================>        76%]
[Progress:=======================>      78%] [Cov:==========================>        77%]
[Progress:=======================>      78%] [Cov:============================>      80%]
[Progress:=======================>      79%] [Cov:===========================>       78%]
[Progress:=======================>      79%] [Cov:===========================>       79%]
[Progress:=======================>      79%] [Cov:===========================>       78%]
[Progress:=======================>      79%] [Cov:============================>      80%]
[Progress:========================>     80%] [Cov:===========================>       78%]
[Progress:========================>     80%] [Cov:===========================>       79%]
[Progress:========================>     80%] [Cov:============================>      80%]
[Progress:========================>     80%] [Cov:===========================>       78%]
[Progress:========================>     81%] [Cov:===========================>       79%]
[Progress:========================>     81%] [Cov:============================>      80%]
[Progress:========================>     82%] [Cov:===========================>       79%]
[Progress:========================>     82%] [Cov:============================>      81%]
[Progress:========================>     82%] [Cov:===========================>       79%]
[Progress:========================>     82%] [Cov:============================>      80%]
[Progress:========================>     82%] [Cov:============================>      81%]
[Progress:========================>     83%] [Cov:=========================>         73%]
[Progress:========================>     83%] [Cov:===========================>       78%]
[Progress:========================>     83%] [Cov:===========================>       79%]
[Progress:========================>     83%] [Cov:============================>      80%]
[Progress:=========================>    84%] [Cov:===========================>       79%]
[Progress:=========================>    84%] [Cov:============================>      80%]
[Progress:=========================>    84%] [Cov:============================>      81%]
[Progress:=========================>    84%] [Cov:===========================>       79%]
[Progress:=========================>    84%] [Cov:============================>      80%]
[Progress:=========================>    84%] [Cov:============================>      81%]
[Progress:=========================>    85%] [Cov:===========================>       78%]
[Progress:=========================>    85%] [Cov:============================>      80%]
[Progress:=========================>    85%] [Cov:============================>      81%]
[Progress:=========================>    85%] [Cov:============================>      80%]
[Progress:==========================>   88%] [Cov:===========================>       78%]
[Progress:==========================>   88%] [Cov:===========================>       79%]
[Progress:==========================>   88%] [Cov:============================>      80%]
[Progress:==========================>   88%] [Cov:============================>      81%]
[Progress:==========================>   89%] [Cov:============================>      80%]
[Progress:==========================>   89%] [Cov:============================>      81%]
[Progress:==========================>   89%] [Cov:============================>      82%]
[Progress:===========================>  90%] [Cov:============================>      80%]
[Progress:===========================>  90%] [Cov:============================>      81%]
[Progress:===========================>  90%] [Cov:============================>      81%]
[Progress:===========================>  91%] [Cov:============================>      81%]
[Progress:===========================>  91%] [Cov:============================>      82%]
[Progress:===========================>  92%] [Cov:============================>      81%]
[Progress:===========================>  92%] [Cov:============================>      82%]
[Progress:===========================>  92%] [Cov:============================>      81%]
[Progress:===========================>  93%] [Cov:============================>      80%]
[Progress:===========================>  93%] [Cov:============================>      81%]
[Progress:============================> 94%] [Cov:============================>      80%]
[Progress:============================> 94%] [Cov:============================>      81%]
[Progress:=============================>97%] [Cov:============================>      81%]
[Progress:=============================>97%] [Cov:============================>      82%]
[Progress:=============================>98%] [Cov:============================>      82%]
[Progress:=============================>98%] [Cov:============================>      81%]
[Progress:=============================>98%] [Cov:============================>      82%]
[Progress:=============================>98%] [Cov:=============================>     83%]
[Progress:=============================>99%] [Cov:============================>      80%]
[Progress:=============================>99%] [Cov:============================>      81%]
[Progress:=============================>99%] [Cov:============================>      82%]
[Progress:=============================>99%] [Cov:=============================>     83%]
[Progress:=============================>99%] [Cov:============================>      82%]
[Progress:=============================>99%] [Cov:=============================>     83%]
[Progress:==============================100%] [Cov:============================>      81%]
[Progress:==============================100%] [Cov:============================>      82%]
[Progress:==============================100%] [Cov:=============================>     83%]
[Progress:==============================100%] [Cov:=============================>     84%]
[Progress:==============================100%] [Cov:=============================>     85%]
[Progress:==============================100%] [Cov:=============================>     83%]
[Progress:==============================100%] [Cov:============================>      82%]
* Search finished after 152s and 29 generations, 17564 statements, best individual has fitness: 261.0377308426108
* Minimizing test suite
* Going to analyze the coverage criteria
* Coverage analysis for criterion LINE
* Coverage of criterion LINE: 86%
* Total number of goals: 214
* Number of covered goals: 184
* Coverage analysis for criterion BRANCH
* Coverage of criterion BRANCH: 79%
* Total number of goals: 129
* Number of covered goals: 102
* Coverage analysis for criterion EXCEPTION
* Coverage of criterion EXCEPTION: 11%
* Total number of goals: 27
* Number of covered goals: 3
* Coverage analysis for criterion WEAKMUTATION
* Coverage of criterion WEAKMUTATION: 95%
* Total number of goals: 921
* Number of covered goals: 877
* Coverage analysis for criterion OUTPUT
* Coverage of criterion OUTPUT: 57%
* Total number of goals: 243
* Number of covered goals: 139
* Coverage analysis for criterion METHOD
* Coverage of criterion METHOD: 91%
* Total number of goals: 53
* Number of covered goals: 48
* Coverage analysis for criterion METHODNOEXCEPTION
* Coverage of criterion METHODNOEXCEPTION: 89%
* Total number of goals: 53
* Number of covered goals: 47
* Coverage analysis for criterion CBRANCH
* Coverage of criterion CBRANCH: 77%
* Total number of goals: 129
* Number of covered goals: 99
* Generated 84 tests with total length 212
* Resulting test suite's coverage: 82% (average coverage for all fitness functions)
* Generating assertions
* Resulting test suite's mutation score: 48%
* Compiling and checking tests
* Writing tests to file
* Writing JUnit test case 'BigFraction_ESTest' to evosuite-tests
* Done!

* Computation finished

