CMD: /usr/lib/jvm/java-8-openjdk-amd64/bin/java -Dtools_jar_location=/usr/lib/jvm/java-8-openjdk-amd64/lib/tools.jar -jar /home/pizza/evosuite/evosuite-1.2.0.jar -generateSuite -class com.google.javascript.jscomp.NodeUtil -projectCP /home/pizza/evosuite/Test/Closure-75b/build/classes:/home/pizza/evosuite/Test/Closure-75b/lib/args4j.jar:/home/pizza/evosuite/Test/Closure-75b/lib/guava.jar:/home/pizza/evosuite/Test/Closure-75b/lib/json.jar:/home/pizza/evosuite/Test/Closure-75b/lib/jsr305.jar:/home/pizza/evosuite/Test/Closure-75b/lib/libtrunk_rhino_parser_jarjared.jar:/home/pizza/evosuite/Test/Closure-75b/lib/protobuf-java.jar:/home/pizza/evosuite/Test/Closure-75b/lib/ant.jar -base_dir /home/pizza/evosuite/results/project-Closure/Closure-75/round02/evosuite-work -seed 11 -Dalgorithm=NSGAII -Dsearch_budget=150 -Dtest_format=JUNIT4 -Dassertions=true

* EvoSuite 1.2.0
* Going to generate test cases for class: com.google.javascript.jscomp.NodeUtil
* Starting Client-0
* Connecting to master process on port 8222
* Analyzing classpath: 
  - /home/pizza/evosuite/Test/Closure-75b/build/classes
  - /home/pizza/evosuite/Test/Closure-75b/lib/args4j.jar
  - /home/pizza/evosuite/Test/Closure-75b/lib/guava.jar
  - /home/pizza/evosuite/Test/Closure-75b/lib/json.jar
  - /home/pizza/evosuite/Test/Closure-75b/lib/jsr305.jar
  - /home/pizza/evosuite/Test/Closure-75b/lib/libtrunk_rhino_parser_jarjared.jar
  - /home/pizza/evosuite/Test/Closure-75b/lib/protobuf-java.jar
  - /home/pizza/evosuite/Test/Closure-75b/lib/ant.jar
* Finished analyzing classpath
* Generating tests for class com.google.javascript.jscomp.NodeUtil
* Test criteria:
  - Line Coverage
  - Branch Coverage
  - Exception
  - Mutation testing (weak)
  - Method-Output Coverage
  - Top-Level Method Coverage
  - No-Exception Top-Level Method Coverage
  - Context Branch Coverage
* Setting up search algorithm for whole suite generation
* Total number of test goals: 
  - Line 905
  - Branch 2397
  - Exception 0
  - MutationFactory 603
  - Output 1215
  - Method 162
  - MethodNoException 162
  - CBranchFitnessFactory 2397
* Using seed 11
* Starting evolution

[Progress:>                             0%] [Cov:>                                  0%]
[Progress:>                             2%] [Cov:>                                  0%]
[Progress:>                             3%] [Cov:>                                  0%]
[Progress:>                             3%] [Cov:====>                              12%]
[Progress:=>                            4%] [Cov:>                                  0%]
[Progress:=>                            4%] [Cov:====>                              12%]
[Progress:=>                            4%] [Cov:====>                              14%]
[Progress:=>                            5%] [Cov:>                                  0%]
[Progress:=>                            5%] [Cov:====>                              13%]
[Progress:=>                            5%] [Cov:====>                              14%]
[Progress:=>                            6%] [Cov:====>                              12%]
[Progress:=>                            6%] [Cov:====>                              13%]
[Progress:=>                            6%] [Cov:====>                              14%]
[Progress:=>                            6%] [Cov:=====>                             15%]
[Progress:=>                            6%] [Cov:=====>                             16%]
[Progress:==>                           7%] [Cov:===>                               11%]
[Progress:==>                           7%] [Cov:====>                              12%]
[Progress:==>                           7%] [Cov:====>                              14%]
[Progress:==>                           7%] [Cov:=====>                             16%]
[Progress:==>                           8%] [Cov:====>                              12%]
[Progress:==>                           8%] [Cov:====>                              13%]
[Progress:==>                           8%] [Cov:====>                              14%]
[Progress:==>                           8%] [Cov:=====>                             15%]
[Progress:==>                           8%] [Cov:=====>                             16%]
[Progress:==>                           8%] [Cov:=====>                             15%]
[Progress:==>                           8%] [Cov:=====>                             16%]
[Progress:==>                           9%] [Cov:=====>                             15%]
[Progress:==>                           9%] [Cov:=====>                             16%]
[Progress:==>                           9%] [Cov:=====>                             15%]
[Progress:==>                           9%] [Cov:=====>                             16%]
[Progress:===>                          10%] [Cov:=====>                             16%]
[Progress:===>                          11%] [Cov:===>                               11%]
[Progress:===>                          11%] [Cov:=====>                             16%]
[Progress:===>                          11%] [Cov:=====>                             17%]
[Progress:===>                          12%] [Cov:====>                              14%]
[Progress:===>                          12%] [Cov:=====>                             17%]
[Progress:===>                          13%] [Cov:=====>                             16%]
[Progress:====>                         14%] [Cov:====>                              14%]
[Progress:====>                         14%] [Cov:=====>                             15%]
[Progress:====>                         14%] [Cov:=====>                             16%]
[Progress:====>                         14%] [Cov:=====>                             17%]
[Progress:====>                         15%] [Cov:=====>                             16%]
[Progress:====>                         15%] [Cov:=====>                             17%]
[Progress:====>                         16%] [Cov:=====>                             16%]
[Progress:====>                         16%] [Cov:=====>                             17%]
[Progress:====>                         16%] [Cov:=====>                             17%]
[Progress:====>                         16%] [Cov:======>                            18%]
[Progress:=====>                        17%] [Cov:=====>                             15%]
[Progress:=====>                        17%] [Cov:=====>                             16%]
[Progress:=====>                        17%] [Cov:=====>                             17%]
[Progress:=====>                        18%] [Cov:=====>                             16%]
[Progress:=====>                        18%] [Cov:=====>                             17%]
[Progress:=====>                        18%] [Cov:======>                            18%]
[Progress:=====>                        19%] [Cov:======>                            18%]
[Progress:=====>                        19%] [Cov:======>                            18%]
[Progress:======>                       20%] [Cov:=====>                             17%]
[Progress:======>                       20%] [Cov:======>                            18%]
[Progress:======>                       20%] [Cov:======>                            19%]
[Progress:======>                       21%] [Cov:=====>                             17%]
[Progress:======>                       21%] [Cov:======>                            18%]
[Progress:======>                       21%] [Cov:======>                            19%]
[Progress:======>                       21%] [Cov:=======>                           20%]
[Progress:======>                       21%] [Cov:=======>                           21%]
[Progress:======>                       22%] [Cov:======>                            18%]
[Progress:======>                       22%] [Cov:======>                            19%]
[Progress:======>                       22%] [Cov:=======>                           20%]
[Progress:======>                       22%] [Cov:=======>                           21%]
[Progress:======>                       23%] [Cov:===>                               11%]
[Progress:======>                       23%] [Cov:======>                            18%]
[Progress:======>                       23%] [Cov:======>                            19%]
[Progress:======>                       23%] [Cov:======>                            19%]
[Progress:=======>                      24%] [Cov:=======>                           20%]
[Progress:=======>                      24%] [Cov:=======>                           21%]
[Progress:=======>                      25%] [Cov:======>                            18%]
[Progress:=======>                      25%] [Cov:======>                            19%]
[Progress:=======>                      25%] [Cov:=======>                           20%]
[Progress:=======>                      26%] [Cov:=====>                             17%]
[Progress:=======>                      26%] [Cov:=======>                           21%]
[Progress:=======>                      26%] [Cov:======>                            19%]
[Progress:=======>                      26%] [Cov:=======>                           20%]
[Progress:=======>                      26%] [Cov:=======>                           21%]
[Progress:=======>                      26%] [Cov:=======>                           22%]
[Progress:=======>                      26%] [Cov:========>                          23%]
[Progress:========>                     27%] [Cov:======>                            19%]
[Progress:========>                     27%] [Cov:=======>                           21%]
[Progress:========>                     27%] [Cov:=======>                           22%]
[Progress:========>                     28%] [Cov:======>                            18%]
[Progress:========>                     28%] [Cov:======>                            19%]
[Progress:========>                     28%] [Cov:=======>                           20%]
[Progress:========>                     28%] [Cov:=======>                           21%]
[Progress:========>                     28%] [Cov:=======>                           21%]
[Progress:========>                     28%] [Cov:========>                          23%]
[Progress:========>                     29%] [Cov:=======>                           20%]
[Progress:========>                     29%] [Cov:=======>                           21%]
[Progress:========>                     29%] [Cov:=======>                           22%]
[Progress:========>                     29%] [Cov:========>                          23%]
[Progress:=========>                    30%] [Cov:=======>                           20%]
[Progress:=========>                    30%] [Cov:=======>                           21%]
[Progress:=========>                    30%] [Cov:========>                          23%]
[Progress:=========>                    30%] [Cov:========>                          23%]
[Progress:=========>                    31%] [Cov:======>                            19%]
[Progress:=========>                    31%] [Cov:=======>                           21%]
[Progress:=========>                    31%] [Cov:=======>                           22%]
[Progress:=========>                    32%] [Cov:=======>                           21%]
[Progress:=========>                    32%] [Cov:========>                          23%]
[Progress:=========>                    32%] [Cov:========>                          23%]
[Progress:=========>                    33%] [Cov:========>                          23%]
[Progress:==========>                   34%] [Cov:=======>                           21%]
[Progress:==========>                   34%] [Cov:=======>                           22%]
[Progress:==========>                   34%] [Cov:========>                          23%]
[Progress:==========>                   35%] [Cov:=======>                           22%]
[Progress:==========>                   36%] [Cov:=======>                           21%]
[Progress:==========>                   36%] [Cov:=======>                           22%]
[Progress:==========>                   36%] [Cov:========>                          23%]
[Progress:==========>                   36%] [Cov:========>                          23%]
[Progress:==========>                   36%] [Cov:========>                          24%]
[Progress:===========>                  37%] [Cov:=======>                           22%]
[Progress:===========>                  37%] [Cov:========>                          23%]
[Progress:===========>                  37%] [Cov:========>                          24%]
[Progress:===========>                  38%] [Cov:=======>                           22%]
[Progress:===========>                  38%] [Cov:========>                          23%]
[Progress:===========>                  39%] [Cov:=======>                           21%]
[Progress:===========>                  39%] [Cov:=======>                           22%]
[Progress:===========>                  39%] [Cov:========>                          24%]
[Progress:============>                 40%] [Cov:========>                          23%]
[Progress:============>                 40%] [Cov:========>                          24%]
[Progress:============>                 41%] [Cov:========>                          23%]
[Progress:============>                 41%] [Cov:========>                          24%]
[Progress:============>                 42%] [Cov:========>                          23%]
[Progress:============>                 42%] [Cov:========>                          24%]
[Progress:============>                 42%] [Cov:========>                          24%]
[Progress:============>                 43%] [Cov:=======>                           22%]
[Progress:============>                 43%] [Cov:========>                          24%]
[Progress:=============>                44%] [Cov:========>                          23%]
[Progress:=============>                44%] [Cov:========>                          24%]
[Progress:=============>                45%] [Cov:=======>                           22%]
[Progress:=============>                45%] [Cov:========>                          23%]
[Progress:=============>                45%] [Cov:========>                          24%]
[Progress:=============>                45%] [Cov:========>                          25%]
[Progress:=============>                46%] [Cov:========>                          24%]
[Progress:==============>               47%] [Cov:========>                          23%]
[Progress:==============>               47%] [Cov:========>                          24%]
[Progress:==============>               47%] [Cov:========>                          25%]
[Progress:==============>               48%] [Cov:========>                          24%]
[Progress:==============>               48%] [Cov:========>                          25%]
[Progress:==============>               49%] [Cov:========>                          24%]
[Progress:===============>              50%] [Cov:========>                          24%]
[Progress:===============>              50%] [Cov:========>                          25%]
[Progress:===============>              50%] [Cov:========>                          25%]
[Progress:===============>              51%] [Cov:========>                          24%]
[Progress:===============>              51%] [Cov:========>                          25%]
[Progress:===============>              52%] [Cov:========>                          23%]
[Progress:===============>              52%] [Cov:========>                          24%]
[Progress:===============>              52%] [Cov:========>                          25%]
[Progress:===============>              53%] [Cov:========>                          24%]
[Progress:===============>              53%] [Cov:========>                          25%]
[Progress:================>             54%] [Cov:========>                          24%]
[Progress:================>             54%] [Cov:========>                          25%]
[Progress:================>             54%] [Cov:========>                          25%]
[Progress:================>             54%] [Cov:=========>                         26%]
[Progress:================>             55%] [Cov:========>                          25%]
[Progress:================>             55%] [Cov:=========>                         26%]
[Progress:================>             56%] [Cov:========>                          24%]
[Progress:================>             56%] [Cov:========>                          25%]
[Progress:=================>            57%] [Cov:========>                          24%]
[Progress:=================>            57%] [Cov:=========>                         26%]
[Progress:=================>            58%] [Cov:========>                          24%]
[Progress:=================>            58%] [Cov:========>                          25%]
[Progress:=================>            58%] [Cov:=========>                         26%]
[Progress:=================>            59%] [Cov:========>                          24%]
[Progress:=================>            59%] [Cov:========>                          25%]
[Progress:=================>            59%] [Cov:=========>                         26%]
[Progress:==================>           60%] [Cov:=========>                         26%]
[Progress:==================>           60%] [Cov:=========>                         26%]
[Progress:==================>           61%] [Cov:========>                          25%]
[Progress:==================>           61%] [Cov:=========>                         26%]
[Progress:==================>           62%] [Cov:=========>                         26%]
[Progress:==================>           62%] [Cov:=========>                         26%]
[Progress:==================>           63%] [Cov:=========>                         26%]
[Progress:==================>           63%] [Cov:=========>                         27%]
[Progress:===================>          64%] [Cov:========>                          25%]
[Progress:===================>          64%] [Cov:=========>                         26%]
[Progress:===================>          65%] [Cov:========>                          25%]
[Progress:===================>          65%] [Cov:=========>                         26%]
[Progress:===================>          66%] [Cov:========>                          25%]
[Progress:===================>          66%] [Cov:=========>                         26%]
[Progress:===================>          66%] [Cov:=========>                         26%]
[Progress:====================>         67%] [Cov:=========>                         26%]
[Progress:====================>         68%] [Cov:========>                          25%]
[Progress:====================>         68%] [Cov:=========>                         26%]
[Progress:====================>         69%] [Cov:=========>                         26%]
[Progress:====================>         69%] [Cov:=========>                         27%]
[Progress:=====================>        70%] [Cov:=========>                         26%]
[Progress:=====================>        70%] [Cov:=========>                         26%]
[Progress:=====================>        70%] [Cov:=========>                         27%]
[Progress:=====================>        71%] [Cov:========>                          25%]
[Progress:=====================>        71%] [Cov:=========>                         27%]
[Progress:=====================>        72%] [Cov:=========>                         27%]
[Progress:=====================>        73%] [Cov:=========>                         26%]
[Progress:=====================>        73%] [Cov:=========>                         27%]
[Progress:=====================>        73%] [Cov:=========>                         26%]
[Progress:=====================>        73%] [Cov:=========>                         27%]
[Progress:=====================>        73%] [Cov:=========>                         28%]
[Progress:======================>       74%] [Cov:=========>                         28%]
[Progress:======================>       75%] [Cov:=========>                         26%]
[Progress:======================>       75%] [Cov:=========>                         27%]
[Progress:======================>       76%] [Cov:=========>                         26%]
[Progress:======================>       76%] [Cov:=========>                         27%]
[Progress:======================>       76%] [Cov:=========>                         28%]
[Progress:=======================>      77%] [Cov:=========>                         26%]
[Progress:=======================>      77%] [Cov:=========>                         27%]
[Progress:=======================>      78%] [Cov:=========>                         26%]
[Progress:=======================>      78%] [Cov:=========>                         27%]
[Progress:=======================>      78%] [Cov:=========>                         28%]
[Progress:=======================>      79%] [Cov:=========>                         27%]
[Progress:========================>     80%] [Cov:=========>                         27%]
[Progress:========================>     80%] [Cov:=========>                         27%]
[Progress:========================>     80%] [Cov:=========>                         28%]
[Progress:========================>     81%] [Cov:=========>                         27%]
[Progress:========================>     82%] [Cov:=========>                         27%]
[Progress:========================>     82%] [Cov:=========>                         28%]
[Progress:========================>     83%] [Cov:=========>                         27%]
[Progress:========================>     83%] [Cov:=========>                         28%]
[Progress:=========================>    84%] [Cov:=========>                         28%]
[Progress:=========================>    84%] [Cov:=========>                         28%]
[Progress:=========================>    85%] [Cov:=========>                         28%]
[Progress:=========================>    86%] [Cov:=========>                         28%]
[Progress:==========================>   87%] [Cov:=========>                         27%]
[Progress:==========================>   87%] [Cov:=========>                         28%]
[Progress:==========================>   88%] [Cov:=========>                         27%]
[Progress:==========================>   88%] [Cov:=========>                         28%]
[Progress:==========================>   89%] [Cov:=========>                         27%]
[Progress:==========================>   89%] [Cov:=========>                         28%]
[Progress:==========================>   89%] [Cov:==========>                        29%]
[Progress:===========================>  91%] [Cov:=========>                         26%]
[Progress:===========================>  91%] [Cov:=========>                         27%]
[Progress:===========================>  91%] [Cov:=========>                         28%]
[Progress:===========================>  92%] [Cov:=========>                         27%]
[Progress:===========================>  92%] [Cov:=========>                         28%]
[Progress:===========================>  93%] [Cov:=========>                         28%]
[Progress:===========================>  93%] [Cov:=========>                         28%]
[Progress:============================> 94%] [Cov:=========>                         28%]
[Progress:============================> 95%] [Cov:=========>                         27%]
[Progress:============================> 95%] [Cov:=========>                         28%]
[Progress:============================> 96%] [Cov:=========>                         28%]
[Progress:=============================>97%] [Cov:=========>                         27%]
[Progress:=============================>97%] [Cov:=========>                         28%]
[Progress:=============================>97%] [Cov:=========>                         28%]
[Progress:=============================>98%] [Cov:=========>                         27%]
[Progress:=============================>98%] [Cov:=========>                         28%]
[Progress:=============================>99%] [Cov:=========>                         27%]
[Progress:=============================>99%] [Cov:=========>                         28%]
[Progress:==============================100%] [Cov:=========>                         27%]
[Progress:==============================100%] [Cov:=========>                         28%]
[Progress:==============================100%] [Cov:=========>                         28%]
* Search finished after 153s and 34 generations, 9509 statements, best individual has fitness: 10888.334784952503
* Minimizing test suite
* Going to analyze the coverage criteria
* Coverage analysis for criterion LINE
* Coverage of criterion LINE: 22%
* Total number of goals: 905
* Number of covered goals: 197
* Coverage analysis for criterion BRANCH
* Coverage of criterion BRANCH: 30%
* Total number of goals: 2397
* Number of covered goals: 721
* Coverage analysis for criterion EXCEPTION
* Coverage of criterion EXCEPTION: 9%
* Total number of goals: 88
* Number of covered goals: 8
* Coverage analysis for criterion WEAKMUTATION
* Coverage of criterion WEAKMUTATION: 14%
* Total number of goals: 603
* Number of covered goals: 84
* Coverage analysis for criterion OUTPUT
* Coverage of criterion OUTPUT: 6%
* Total number of goals: 1215
* Number of covered goals: 67
* Coverage analysis for criterion METHOD
* Coverage of criterion METHOD: 28%
* Total number of goals: 162
* Number of covered goals: 46
* Coverage analysis for criterion METHODNOEXCEPTION
* Coverage of criterion METHODNOEXCEPTION: 25%
* Total number of goals: 162
* Number of covered goals: 40
* Coverage analysis for criterion CBRANCH
* Coverage of criterion CBRANCH: 30%
* Total number of goals: 2397
* Number of covered goals: 720
* Generated 50 tests with total length 121
* Resulting test suite's coverage: 28% (average coverage for all fitness functions)
* Generating assertions
* Resulting test suite's mutation score: 7%
* Compiling and checking tests
* Writing tests to file
* Writing JUnit test case 'NodeUtil_ESTest' to evosuite-tests
* Done!

* Computation finished

[MASTER] 03:38:15.290 [logback-2] ERROR JUnitAnalyzer - Ran out of time while checking tests
