CMD: /usr/lib/jvm/java-8-openjdk-amd64/bin/java -Dtools_jar_location=/usr/lib/jvm/java-8-openjdk-amd64/lib/tools.jar -jar /home/pizza/TestRound2/evosuite-1.2.0.jar -generateSuite -class com.fasterxml.jackson.databind.deser.std.NullifyingDeserializer -projectCP /home/pizza/TestRound2/Test/JacksonDatabind-39b/target/classes:/home/pizza/defects4j/framework/projects/JacksonDatabind/lib/com/fasterxml/jackson/core/jackson-annotations/2.6.0/jackson-annotations-2.6.0.jar:/home/pizza/defects4j/framework/projects/JacksonDatabind/lib/com/fasterxml/jackson/core/jackson-core/2.6.5/jackson-core-2.6.5.jar -base_dir /home/pizza/TestRound2/results/project-JacksonDatabind/JacksonDatabind-39/round03/evosuite-work -seed 11 -Dalgorithm=NSGAII -Dsearch_budget=60 -Dtest_format=JUNIT4 -Dassertions=true

* EvoSuite 1.2.0
* Going to generate test cases for class: com.fasterxml.jackson.databind.deser.std.NullifyingDeserializer
* Starting Client-0
* Connecting to master process on port 8222
* Analyzing classpath: 
  - /home/pizza/TestRound2/Test/JacksonDatabind-39b/target/classes
  - /home/pizza/defects4j/framework/projects/JacksonDatabind/lib/com/fasterxml/jackson/core/jackson-annotations/2.6.0/jackson-annotations-2.6.0.jar
  - /home/pizza/defects4j/framework/projects/JacksonDatabind/lib/com/fasterxml/jackson/core/jackson-core/2.6.5/jackson-core-2.6.5.jar
* Finished analyzing classpath
* Generating tests for class com.fasterxml.jackson.databind.deser.std.NullifyingDeserializer
* Test criteria:
  - Line Coverage
  - Branch Coverage
  - Exception
  - Mutation testing (weak)
  - Method-Output Coverage
  - Top-Level Method Coverage
  - No-Exception Top-Level Method Coverage
  - Context Branch Coverage
* Setting up search algorithm for whole suite generation
* Total number of test goals: 
  - Line 6
  - Branch 14
  - Exception 0
  - MutationFactory 0
  - Output 4
  - Method 3
  - MethodNoException 3
  - CBranchFitnessFactory 14

[Progress:>                             0%] [Cov:>                                  0%]* Using seed 11
* Starting evolution
[MASTER] 00:59:18.303 [logback-1] WARN  TestCluster - Failed to check cache for java.util.HashMap<K, V> : Type points to itself
[MASTER] 00:59:18.494 [logback-1] WARN  TestCluster - Failed to check cache for java.util.LinkedHashSet<E> : Type points to itself

[Progress:=>                            5%] [Cov:>                                  0%]
[Progress:=>                            6%] [Cov:==>                                6%]
[Progress:=>                            6%] [Cov:==>                                8%]
[Progress:=>                            6%] [Cov:====>                              12%]
[Progress:=>                            6%] [Cov:=======>                           20%]
[Progress:=>                            6%] [Cov:========>                          25%]
[Progress:=>                            6%] [Cov:===========>                       33%]
[Progress:=>                            6%] [Cov:============>                      36%]
[Progress:=>                            6%] [Cov:===============>                   44%]
[Progress:=>                            6%] [Cov:==================>                52%]
[Progress:=>                            6%] [Cov:==================>                54%][MASTER] 00:59:23.484 [logback-1] WARN  TestCluster - Failed to check cache for com.fasterxml.jackson.databind.JsonDeserializer<T> : Type points to itself

[Progress:==>                           8%] [Cov:=>                                 4%]
[Progress:==>                           8%] [Cov:==>                                6%]
[Progress:==>                           8%] [Cov:==>                                8%]
[Progress:==>                           8%] [Cov:======>                            18%]
[Progress:==>                           8%] [Cov:=======>                           20%]
[Progress:==>                           8%] [Cov:==========>                        30%]
[Progress:==>                           8%] [Cov:===========>                       33%]
[Progress:==>                           8%] [Cov:============>                      36%]
[Progress:==>                           8%] [Cov:=============>                     39%]
[Progress:==>                           8%] [Cov:===============>                   44%]
[Progress:==>                           8%] [Cov:==================>                52%]
[Progress:==>                           8%] [Cov:==================>                54%][MASTER] 00:59:24.025 [logback-1] WARN  TestCluster - Failed to check cache for com.fasterxml.jackson.databind.JsonSerializer<T> : Type points to itself

[Progress:===>                          10%] [Cov:=>                                 4%]
[Progress:===>                          10%] [Cov:=>                                 5%]
[Progress:===>                          10%] [Cov:=====>                             17%]
[Progress:===>                          10%] [Cov:==========>                        30%]
[Progress:===>                          10%] [Cov:===========>                       33%]
[Progress:===>                          10%] [Cov:============>                      37%]
[Progress:===>                          10%] [Cov:=============>                     38%]
[Progress:===>                          10%] [Cov:==============>                    41%]
[Progress:===>                          10%] [Cov:==============>                    42%]
[Progress:===>                          10%] [Cov:===============>                   43%]
[Progress:===>                          10%] [Cov:===============>                   45%]
[Progress:===>                          10%] [Cov:==================>                54%]
[Progress:===>                          10%] [Cov:=====================>             62%]
[Progress:===>                          10%] [Cov:======================>            63%]
[Progress:===>                          11%] [Cov:==>                                6%]
[Progress:===>                          11%] [Cov:==>                                8%]
[Progress:===>                          11%] [Cov:=======>                           20%]
[Progress:===>                          11%] [Cov:===========>                       33%]
[Progress:===>                          11%] [Cov:============>                      36%]
[Progress:===>                          11%] [Cov:===============>                   44%]
[Progress:===>                          11%] [Cov:==================>                52%]
[Progress:===>                          11%] [Cov:==================>                54%]
[Progress:===>                          13%] [Cov:==>                                6%]
[Progress:===>                          13%] [Cov:==>                                8%]
[Progress:===>                          13%] [Cov:=======>                           20%]
[Progress:===>                          13%] [Cov:===========>                       33%]
[Progress:===>                          13%] [Cov:============>                      36%]
[Progress:===>                          13%] [Cov:===============>                   44%]
[Progress:===>                          13%] [Cov:==================>                52%]
[Progress:===>                          13%] [Cov:==================>                54%]
[Progress:====>                         15%] [Cov:=>                                 4%]
[Progress:====>                         15%] [Cov:==>                                8%]
[Progress:====>                         15%] [Cov:===>                               10%]
[Progress:====>                         15%] [Cov:======>                            18%]
[Progress:====>                         15%] [Cov:=======>                           22%]
[Progress:====>                         15%] [Cov:==========>                        30%]
[Progress:====>                         15%] [Cov:============>                      35%]
[Progress:====>                         15%] [Cov:=============>                     38%]
[Progress:====>                         15%] [Cov:=============>                     39%]
[Progress:====>                         15%] [Cov:=================>                 50%]
[Progress:====>                         15%] [Cov:====================>              59%]
[Progress:====>                         15%] [Cov:=====================>             60%]
[Progress:====>                         15%] [Cov:=====================>             61%]
[Progress:====>                         15%] [Cov:=========================>         73%]
[Progress:====>                         15%] [Cov:==========================>        75%]
[Progress:====>                         16%] [Cov:==>                                6%]
[Progress:====>                         16%] [Cov:==>                                8%]
[Progress:====>                         16%] [Cov:=======>                           20%]
[Progress:====>                         16%] [Cov:===========>                       33%]
[Progress:====>                         16%] [Cov:============>                      36%]
[Progress:====>                         16%] [Cov:===============>                   44%]
[Progress:====>                         16%] [Cov:==================>                52%]
[Progress:====>                         16%] [Cov:==================>                54%]
[Progress:====>                         16%] [Cov:=====================>             61%]
[Progress:====>                         16%] [Cov:=========================>         73%]
[Progress:====>                         16%] [Cov:==========================>        75%]
[Progress:=====>                        18%] [Cov:==>                                6%]
[Progress:=====>                        18%] [Cov:==>                                8%]
[Progress:=====>                        18%] [Cov:=======>                           20%]
[Progress:=====>                        18%] [Cov:===========>                       33%]
[Progress:=====>                        18%] [Cov:============>                      36%]
[Progress:=====>                        18%] [Cov:===============>                   44%]
[Progress:=====>                        18%] [Cov:==================>                52%]
[Progress:=====>                        18%] [Cov:==================>                54%]
[Progress:=====>                        18%] [Cov:=====================>             61%]
[Progress:=====>                        18%] [Cov:=========================>         73%]
[Progress:=====>                        18%] [Cov:==========================>        75%]
[Progress:=====>                        18%] [Cov:============================>      80%]
[Progress:=====>                        18%] [Cov:============================>      80%]
[Progress:======>                       20%] [Cov:============>                      37%]
[Progress:======>                       20%] [Cov:====================>              58%]
[Progress:======>                       20%] [Cov:======================>            64%]
[Progress:======>                       20%] [Cov:=======================>           67%]
[Progress:======>                       20%] [Cov:========================>          71%]
[Progress:======>                       20%] [Cov:==========================>        75%]
[Progress:======>                       20%] [Cov:============================>      80%]
[Progress:======>                       20%] [Cov:============================>      80%][MASTER] 00:59:30.585 [logback-1] WARN  TestChromosome - Functional mock problem: org.evosuite.ga.ConstructionFailedException: Have no generator for java.lang.reflect.Constructor<java.lang.Integer> canUseFunctionalMocks=false, canBeMocked: false

[Progress:======>                       21%] [Cov:==================>                54%]
[Progress:======>                       21%] [Cov:=====================>             60%]
[Progress:======>                       21%] [Cov:========================>          71%]
[Progress:======>                       21%] [Cov:==========================>        75%]
[Progress:======>                       21%] [Cov:============================>      80%][MASTER] 00:59:31.091 [logback-1] WARN  TestChromosome - Functional mock problem: org.evosuite.ga.ConstructionFailedException: Failed to add constructor for java.io.ObjectInputStream due to org.evosuite.ga.ConstructionFailedException: Failed to add constructor for org.evosuite.runtime.mock.java.io.MockFileInputStream due to org.evosuite.ga.ConstructionFailedException: Failed to add constructor for org.evosuite.runtime.mock.java.io.MockRandomAccessFile due to org.evosuite.ga.ConstructionFailedException: Failed to add constructor for org.evosuite.runtime.mock.java.io.MockFile due to org.evosuite.ga.ConstructionFailedException: Max recursion depth reached

[Progress:=========>                    30%] [Cov:============================>      80%]
[Progress:=========>                    30%] [Cov:============================>      80%][MASTER] 00:59:36.603 [logback-1] WARN  TestChromosome - Functional mock problem: org.evosuite.ga.ConstructionFailedException: Failed to add constructor for com.fasterxml.jackson.databind.introspect.VirtualAnnotatedMember due to org.evosuite.ga.ConstructionFailedException: Failed to add constructor for com.fasterxml.jackson.databind.DeserializationConfig due to org.evosuite.ga.ConstructionFailedException: Failed to add constructor for com.fasterxml.jackson.databind.cfg.BaseSettings due to org.evosuite.ga.ConstructionFailedException: Max recursion depth reached

[Progress:=========>                    31%] [Cov:============================>      80%]
[Progress:=========>                    31%] [Cov:============================>      80%]
[Progress:=========>                    31%] [Cov:============================>      80%]
[Progress:=========>                    31%] [Cov:============================>      80%][MASTER] 00:59:37.858 [logback-1] WARN  TestChromosome - Functional mock problem: org.evosuite.ga.ConstructionFailedException: Failed to add constructor for com.fasterxml.jackson.databind.DeserializationConfig due to org.evosuite.ga.ConstructionFailedException: Failed to add constructor for com.fasterxml.jackson.databind.cfg.BaseSettings due to org.evosuite.ga.ConstructionFailedException: Max recursion depth reached

[Progress:=========>                    33%] [Cov:============================>      80%][MASTER] 00:59:38.003 [logback-1] WARN  TestChromosome - Functional mock problem: org.evosuite.ga.ConstructionFailedException: Max recursion depth reached

[Progress:=========>                    33%] [Cov:============================>      80%][MASTER] 00:59:38.411 [logback-1] WARN  TestChromosome - Functional mock problem: org.evosuite.ga.ConstructionFailedException: Invalid generic instance

[Progress:=========>                    33%] [Cov:============================>      80%]
[Progress:==========>                   35%] [Cov:============================>      80%][MASTER] 00:59:38.936 [logback-1] WARN  TestChromosome - Functional mock problem: org.evosuite.ga.ConstructionFailedException: Failed to add constructor for com.fasterxml.jackson.databind.ser.BeanSerializerBuilder due to org.evosuite.ga.ConstructionFailedException: Invalid generic instance

[Progress:==========>                   35%] [Cov:============================>      80%][MASTER] 00:59:39.129 [logback-1] WARN  TestChromosome - Functional mock problem: org.evosuite.ga.ConstructionFailedException: Failed to add constructor for com.fasterxml.jackson.databind.deser.std.StdKeyDeserializer$StringCtorKeyDeserializer due to org.evosuite.ga.ConstructionFailedException: Have no generator for java.lang.reflect.Constructor<java.util.Locale$Category> canUseFunctionalMocks=true, canBeMocked: false

[Progress:==========>                   35%] [Cov:============================>      80%][MASTER] 00:59:39.504 [logback-1] WARN  TestChromosome - Functional mock problem: org.evosuite.ga.ConstructionFailedException: Failed to add constructor for com.fasterxml.jackson.databind.ser.BeanPropertyWriter due to org.evosuite.ga.ConstructionFailedException: Invalid generic instance

[Progress:==========>                   35%] [Cov:============================>      80%]
[Progress:==========>                   36%] [Cov:============================>      80%]
[Progress:==========>                   36%] [Cov:============================>      80%]
[Progress:==========>                   36%] [Cov:============================>      80%]
[Progress:===========>                  38%] [Cov:============================>      80%][MASTER] 00:59:40.923 [logback-1] WARN  TestChromosome - Functional mock problem: org.evosuite.ga.ConstructionFailedException: Failed to add constructor for com.fasterxml.jackson.databind.introspect.POJOPropertyBuilder due to org.evosuite.ga.ConstructionFailedException: Max recursion depth reached
[MASTER] 00:59:41.009 [logback-1] WARN  TestChromosome - Functional mock problem: org.evosuite.ga.ConstructionFailedException: Failed to add constructor for com.fasterxml.jackson.databind.introspect.AnnotatedConstructor due to org.evosuite.ga.ConstructionFailedException: Failed to add constructor for com.fasterxml.jackson.databind.DeserializationConfig due to org.evosuite.ga.ConstructionFailedException: Failed to add constructor for com.fasterxml.jackson.databind.cfg.BaseSettings due to org.evosuite.ga.ConstructionFailedException: Max recursion depth reached

[Progress:===========>                  38%] [Cov:============================>      80%][MASTER] 00:59:41.267 [logback-1] WARN  TestChromosome - Functional mock problem: org.evosuite.ga.ConstructionFailedException: Failed to add constructor for com.fasterxml.jackson.core.json.UTF8StreamJsonParser due to org.evosuite.ga.ConstructionFailedException: Failed to add constructor for java.io.PipedInputStream due to org.evosuite.ga.ConstructionFailedException: Failed to add constructor for java.io.PipedOutputStream due to org.evosuite.ga.ConstructionFailedException: Max recursion depth reached

[Progress:===========>                  38%] [Cov:============================>      80%][MASTER] 00:59:41.383 [logback-1] WARN  TestChromosome - Functional mock problem: org.evosuite.ga.ConstructionFailedException: Failed to add constructor for com.fasterxml.jackson.databind.introspect.AnnotatedConstructor due to org.evosuite.ga.ConstructionFailedException: Failed to add constructor for com.fasterxml.jackson.databind.introspect.SimpleMixInResolver due to org.evosuite.ga.ConstructionFailedException: Failed to add constructor for com.fasterxml.jackson.databind.DeserializationConfig due to org.evosuite.ga.ConstructionFailedException: Max recursion depth reached
[MASTER] 00:59:41.409 [logback-1] WARN  TestChromosome - Functional mock problem: org.evosuite.ga.ConstructionFailedException: Failed to add constructor for com.fasterxml.jackson.databind.deser.CreatorProperty due to org.evosuite.ga.ConstructionFailedException: Failed to add constructor for com.fasterxml.jackson.core.json.ReaderBasedJsonParser due to org.evosuite.ga.ConstructionFailedException: Max recursion depth reached

[Progress:===========>                  38%] [Cov:============================>      80%][MASTER] 00:59:41.766 [logback-1] WARN  TestChromosome - Functional mock problem: org.evosuite.ga.ConstructionFailedException: Failed to add constructor for com.fasterxml.jackson.databind.introspect.SimpleMixInResolver due to org.evosuite.ga.ConstructionFailedException: Failed to add constructor for com.fasterxml.jackson.databind.DeserializationConfig due to org.evosuite.ga.ConstructionFailedException: Failed to add constructor for com.fasterxml.jackson.databind.cfg.BaseSettings due to org.evosuite.ga.ConstructionFailedException: Invalid generic instance

[Progress:============>                 40%] [Cov:============================>      80%]
[Progress:============>                 40%] [Cov:============================>      80%]
[Progress:============>                 40%] [Cov:============================>      80%]
[Progress:============>                 40%] [Cov:============================>      80%]
[Progress:============>                 40%] [Cov:============================>      80%]
[Progress:============>                 41%] [Cov:============================>      80%]
[Progress:============>                 41%] [Cov:============================>      80%]
[Progress:===============>              50%] [Cov:============================>      80%]
[Progress:===============>              50%] [Cov:============================>      80%][MASTER] 00:59:48.382 [logback-1] WARN  TestCluster - Failed to check cache for java.util.Enumeration<E> : Type points to itself

[Progress:===============>              50%] [Cov:============================>      80%]
[Progress:===============>              50%] [Cov:============================>      80%]
[Progress:===============>              51%] [Cov:===================>               55%]
[Progress:===============>              51%] [Cov:============================>      80%]
[Progress:===============>              51%] [Cov:============================>      80%][MASTER] 00:59:49.150 [logback-1] WARN  TestChromosome - Functional mock problem: org.evosuite.ga.ConstructionFailedException: Failed to add constructor for com.fasterxml.jackson.databind.DeserializationConfig due to org.evosuite.ga.ConstructionFailedException: Failed to add constructor for com.fasterxml.jackson.databind.cfg.BaseSettings due to org.evosuite.ga.ConstructionFailedException: Invalid generic instance

[Progress:===============>              51%] [Cov:============================>      80%]
[Progress:===============>              51%] [Cov:============================>      80%]
[Progress:===============>              51%] [Cov:============================>      80%]
[Progress:===============>              53%] [Cov:============================>      80%]
[Progress:===============>              53%] [Cov:============================>      80%]
[Progress:===============>              53%] [Cov:============================>      80%]
[Progress:===============>              53%] [Cov:============================>      80%][MASTER] 00:59:50.517 [logback-1] WARN  TestChromosome - Functional mock problem: org.evosuite.ga.ConstructionFailedException: Failed to add constructor for java.io.PushbackInputStream due to org.evosuite.ga.ConstructionFailedException: Failed to add constructor for org.evosuite.runtime.mock.java.io.MockFileInputStream due to org.evosuite.ga.ConstructionFailedException: Failed to add constructor for org.evosuite.runtime.mock.java.io.MockFile due to org.evosuite.ga.ConstructionFailedException: Max recursion depth reached

[Progress:===============>              53%] [Cov:============================>      80%][MASTER] 00:59:50.683 [logback-1] WARN  TestChromosome - Functional mock problem: org.evosuite.ga.ConstructionFailedException: Have no generator for class com.fasterxml.jackson.databind.type.ReferenceType canUseFunctionalMocks=false, canBeMocked: true

[Progress:===============>              53%] [Cov:============================>      80%]
[Progress:================>             55%] [Cov:============================>      80%]
[Progress:================>             55%] [Cov:============================>      80%]
[Progress:================>             55%] [Cov:============================>      80%]
[Progress:================>             55%] [Cov:============================>      80%]
[Progress:================>             56%] [Cov:============================>      80%]
[Progress:================>             56%] [Cov:============================>      80%]
[Progress:================>             56%] [Cov:============================>      80%]
[Progress:================>             56%] [Cov:============================>      80%]
[Progress:================>             56%] [Cov:============================>      80%]
[Progress:=================>            58%] [Cov:============================>      80%]
[Progress:=================>            58%] [Cov:============================>      80%]
[Progress:=================>            58%] [Cov:============================>      80%]
[Progress:=================>            58%] [Cov:============================>      80%]
[Progress:=================>            58%] [Cov:============================>      80%]
[Progress:==================>           60%] [Cov:============================>      80%]
[Progress:==================>           60%] [Cov:============================>      80%]
[Progress:==================>           60%] [Cov:============================>      80%][MASTER] 00:59:54.333 [logback-1] WARN  TestChromosome - Functional mock problem: org.evosuite.ga.ConstructionFailedException: Failed to add constructor for com.fasterxml.jackson.databind.deser.std.StdValueInstantiator due to org.evosuite.ga.ConstructionFailedException: Failed to add constructor for com.fasterxml.jackson.databind.DeserializationConfig due to org.evosuite.ga.ConstructionFailedException: Failed to add constructor for com.fasterxml.jackson.databind.cfg.BaseSettings due to org.evosuite.ga.ConstructionFailedException: Invalid generic instance

[Progress:==================>           60%] [Cov:============================>      80%]
[Progress:==================>           60%] [Cov:============================>      80%]
[Progress:==================>           61%] [Cov:============================>      80%]
[Progress:==================>           61%] [Cov:============================>      80%]
[Progress:==================>           61%] [Cov:============================>      80%]
[Progress:==================>           61%] [Cov:============================>      80%]
[Progress:==================>           61%] [Cov:============================>      80%]
[Progress:==================>           61%] [Cov:============================>      80%]
[Progress:==================>           63%] [Cov:============================>      80%]
[Progress:==================>           63%] [Cov:============================>      80%]
[Progress:==================>           63%] [Cov:============================>      80%]
[Progress:==================>           63%] [Cov:============================>      80%]
[Progress:==================>           63%] [Cov:============================>      80%]
[Progress:==================>           63%] [Cov:============================>      80%]
[Progress:==================>           63%] [Cov:============================>      80%]
[Progress:===================>          65%] [Cov:============================>      80%]
[Progress:===================>          65%] [Cov:============================>      80%]
[Progress:===================>          65%] [Cov:============================>      80%]
[Progress:===================>          65%] [Cov:============================>      80%]
[Progress:===================>          65%] [Cov:============================>      80%]
[Progress:===================>          65%] [Cov:============================>      80%]
[Progress:===================>          65%] [Cov:============================>      80%]
[Progress:===================>          66%] [Cov:=========================>         72%]
[Progress:===================>          66%] [Cov:============================>      80%]
[Progress:===================>          66%] [Cov:============================>      80%]
[Progress:===================>          66%] [Cov:============================>      80%]
[Progress:===================>          66%] [Cov:============================>      80%]
[Progress:===================>          66%] [Cov:============================>      80%]
[Progress:===================>          66%] [Cov:============================>      80%]
[Progress:====================>         68%] [Cov:============================>      80%]
[Progress:====================>         68%] [Cov:============================>      80%]
[Progress:====================>         68%] [Cov:============================>      80%]
[Progress:====================>         68%] [Cov:============================>      80%]
[Progress:====================>         68%] [Cov:============================>      80%]
[Progress:====================>         68%] [Cov:============================>      80%]
[Progress:====================>         68%] [Cov:============================>      80%]
[Progress:=====================>        70%] [Cov:============================>      80%]
[Progress:=====================>        70%] [Cov:============================>      80%]
[Progress:=====================>        70%] [Cov:============================>      80%]
[Progress:=====================>        70%] [Cov:============================>      80%]
[Progress:=====================>        70%] [Cov:============================>      80%]
[Progress:=====================>        70%] [Cov:============================>      80%]
[Progress:=====================>        70%] [Cov:============================>      80%]
[Progress:=====================>        71%] [Cov:============================>      80%]
[Progress:=====================>        71%] [Cov:============================>      80%]
[Progress:=====================>        71%] [Cov:============================>      80%]
[Progress:=====================>        71%] [Cov:============================>      80%]
[Progress:=====================>        71%] [Cov:============================>      80%]
[Progress:=====================>        71%] [Cov:============================>      80%]
[Progress:=====================>        71%] [Cov:============================>      80%]
[Progress:=====================>        71%] [Cov:============================>      80%]
[Progress:=====================>        71%] [Cov:============================>      80%]
[Progress:=====================>        73%] [Cov:========================>          70%]
[Progress:=====================>        73%] [Cov:=========================>         72%]
[Progress:=====================>        73%] [Cov:============================>      80%]
[Progress:=====================>        73%] [Cov:============================>      80%]
[Progress:=====================>        73%] [Cov:============================>      80%]
[Progress:=====================>        73%] [Cov:============================>      80%]
[Progress:=====================>        73%] [Cov:============================>      80%]
[Progress:=====================>        73%] [Cov:============================>      80%]
[Progress:=====================>        73%] [Cov:============================>      80%]
[Progress:======================>       75%] [Cov:============================>      80%]
[Progress:======================>       75%] [Cov:============================>      80%]
[Progress:======================>       75%] [Cov:============================>      80%]
[Progress:======================>       75%] [Cov:============================>      80%]
[Progress:======================>       75%] [Cov:============================>      80%]
[Progress:======================>       76%] [Cov:============================>      80%]
[Progress:======================>       76%] [Cov:============================>      80%]
[Progress:======================>       76%] [Cov:============================>      80%]
[Progress:======================>       76%] [Cov:============================>      80%]
[Progress:======================>       76%] [Cov:============================>      80%]
[Progress:======================>       76%] [Cov:============================>      80%]
[Progress:======================>       76%] [Cov:============================>      80%]
[Progress:======================>       76%] [Cov:============================>      80%]
[Progress:=======================>      78%] [Cov:============================>      80%]
[Progress:=======================>      78%] [Cov:============================>      80%]
[Progress:=======================>      78%] [Cov:============================>      80%]
[Progress:=======================>      78%] [Cov:============================>      80%]
[Progress:=======================>      78%] [Cov:============================>      80%]
[Progress:=======================>      78%] [Cov:============================>      80%]
[Progress:=======================>      78%] [Cov:============================>      80%]
[Progress:=======================>      78%] [Cov:============================>      80%]
[Progress:========================>     80%] [Cov:=========================>         72%]
[Progress:========================>     80%] [Cov:============================>      80%]
[Progress:========================>     80%] [Cov:============================>      80%]
[Progress:========================>     80%] [Cov:============================>      80%]
[Progress:========================>     80%] [Cov:============================>      80%]
[Progress:========================>     80%] [Cov:============================>      80%]
[Progress:========================>     80%] [Cov:============================>      80%]
[Progress:========================>     80%] [Cov:============================>      80%]
[Progress:========================>     80%] [Cov:============================>      80%]
[Progress:========================>     80%] [Cov:============================>      80%]
[Progress:========================>     81%] [Cov:============================>      80%]
[Progress:========================>     81%] [Cov:============================>      80%]
[Progress:========================>     81%] [Cov:============================>      80%]
[Progress:========================>     81%] [Cov:============================>      80%]
[Progress:========================>     81%] [Cov:============================>      80%]
[Progress:========================>     81%] [Cov:============================>      80%][MASTER] 01:00:07.654 [logback-1] WARN  TestCluster - Failed to check cache for java.util.LinkedList<E> : Type points to itself

[Progress:========================>     81%] [Cov:============================>      80%]
[Progress:========================>     81%] [Cov:============================>      80%]
[Progress:========================>     83%] [Cov:============================>      80%]
[Progress:========================>     83%] [Cov:============================>      80%]
[Progress:========================>     83%] [Cov:============================>      80%]
[Progress:===========================>  91%] [Cov:========================>          70%]
[Progress:===========================>  91%] [Cov:============================>      80%]
[Progress:===========================>  91%] [Cov:============================>      80%]
[Progress:===========================>  91%] [Cov:============================>      80%]
[Progress:===========================>  91%] [Cov:============================>      80%]
[Progress:===========================>  91%] [Cov:============================>      80%]
[Progress:===========================>  91%] [Cov:============================>      80%]
[Progress:===========================>  93%] [Cov:============================>      80%]
[Progress:===========================>  93%] [Cov:============================>      80%]
[Progress:===========================>  93%] [Cov:============================>      80%]
[Progress:===========================>  93%] [Cov:============================>      80%]
[Progress:===========================>  93%] [Cov:============================>      80%]
[Progress:===========================>  93%] [Cov:============================>      80%]
[Progress:===========================>  93%] [Cov:============================>      80%]
[Progress:============================> 95%] [Cov:============================>      80%]
[Progress:============================> 95%] [Cov:============================>      80%]
[Progress:============================> 95%] [Cov:============================>      80%]
[Progress:============================> 95%] [Cov:============================>      80%]
[Progress:============================> 95%] [Cov:============================>      80%]
[Progress:============================> 95%] [Cov:============================>      80%]
[Progress:============================> 95%] [Cov:============================>      80%]
[Progress:============================> 96%] [Cov:============================>      80%]
[Progress:============================> 96%] [Cov:============================>      80%]
[Progress:============================> 96%] [Cov:============================>      80%]
[Progress:============================> 96%] [Cov:============================>      80%]
[Progress:============================> 96%] [Cov:============================>      80%]
[Progress:============================> 96%] [Cov:============================>      80%]
[Progress:============================> 96%] [Cov:============================>      80%]
[Progress:============================> 96%] [Cov:============================>      80%]
[Progress:=============================>98%] [Cov:========================>          70%]
[Progress:=============================>98%] [Cov:============================>      80%]
[Progress:=============================>98%] [Cov:============================>      80%]
[Progress:=============================>98%] [Cov:============================>      80%]
[Progress:=============================>98%] [Cov:============================>      80%]
[Progress:=============================>98%] [Cov:============================>      80%]
[Progress:=============================>98%] [Cov:============================>      80%]
[Progress:=============================>98%] [Cov:============================>      80%]
[Progress:=============================>98%] [Cov:============================>      80%]
[Progress:==============================100%] [Cov:============================>      80%]
[Progress:==============================100%] [Cov:============================>      80%]
[Progress:==============================100%] [Cov:============================>      80%]
[Progress:==============================100%] [Cov:============================>      80%]
[Progress:==============================100%] [Cov:============================>      80%]
[Progress:==============================100%] [Cov:============================>      80%]
[Progress:==============================100%] [Cov:============================>      80%]
[Progress:==============================100%] [Cov:============================>      80%][MASTER] 01:00:18.948 [logback-1] WARN  TestCluster - Failed to check cache for java.util.HashSet<E> : Type points to itself

[Progress:==============================100%] [Cov:============================>      80%]
* Search finished after 62s and 170 generations, 73154 statements, best individual has fitness: 11.333333333333332
* Minimizing test suite
* Going to analyze the coverage criteria
* Coverage analysis for criterion LINE
* Coverage of criterion LINE: 83%
* Total number of goals: 6
* Number of covered goals: 5
* Coverage analysis for criterion BRANCH
* Coverage of criterion BRANCH: 57%
* Total number of goals: 14
* Number of covered goals: 8
* Coverage analysis for criterion EXCEPTION
* Coverage of criterion EXCEPTION: 0%
* Total number of goals: 2
* Number of covered goals: 0
* Coverage analysis for criterion WEAKMUTATION
* Coverage of criterion WEAKMUTATION: 100% (no goals)
* Coverage analysis for criterion OUTPUT
* Coverage of criterion OUTPUT: 50%
* Total number of goals: 4
* Number of covered goals: 2
* Coverage analysis for criterion METHOD
* Coverage of criterion METHOD: 100%
* Total number of goals: 3
* Number of covered goals: 3
* Coverage analysis for criterion METHODNOEXCEPTION
* Coverage of criterion METHODNOEXCEPTION: 100%
* Total number of goals: 3
* Number of covered goals: 3
* Coverage analysis for criterion CBRANCH
* Coverage of criterion CBRANCH: 57%
* Total number of goals: 14
* Number of covered goals: 8
* Generated 2 tests with total length 12
* Resulting test suite's coverage: 81% (average coverage for all fitness functions)
* Generating assertions
* Resulting test suite's mutation score: 100%
* Compiling and checking tests
* Permissions denied during test execution: 
  - java.lang.RuntimePermission: 
         writeFileDescriptor: 2
* Writing tests to file
* Writing JUnit test case 'NullifyingDeserializer_ESTest' to evosuite-tests
* Done!

* Computation finished

