CMD: /usr/lib/jvm/java-8-openjdk-amd64/bin/java -Dtools_jar_location=/usr/lib/jvm/java-8-openjdk-amd64/lib/tools.jar -jar /home/pizza/TestRound2/evosuite-1.2.0.jar -generateSuite -class com.fasterxml.jackson.databind.deser.impl.ObjectIdValueProperty -projectCP /home/pizza/TestRound2/Test/JacksonDatabind-13b/target/classes:/home/pizza/defects4j/framework/projects/JacksonDatabind/lib/com/fasterxml/jackson/core/jackson-annotations/2.5.0/jackson-annotations-2.5.0.jar:/home/pizza/defects4j/framework/projects/JacksonDatabind/lib/com/fasterxml/jackson/core/jackson-core/2.5.1/jackson-core-2.5.1.jar -base_dir /home/pizza/TestRound2/results/project-JacksonDatabind/JacksonDatabind-13/round03/evosuite-work -seed 11 -Dalgorithm=NSGAII -Dsearch_budget=60 -Dtest_format=JUNIT4 -Dassertions=true

* EvoSuite 1.2.0
* Going to generate test cases for class: com.fasterxml.jackson.databind.deser.impl.ObjectIdValueProperty
* Starting Client-0
* Connecting to master process on port 8224
* Analyzing classpath: 
  - /home/pizza/TestRound2/Test/JacksonDatabind-13b/target/classes
  - /home/pizza/defects4j/framework/projects/JacksonDatabind/lib/com/fasterxml/jackson/core/jackson-annotations/2.5.0/jackson-annotations-2.5.0.jar
  - /home/pizza/defects4j/framework/projects/JacksonDatabind/lib/com/fasterxml/jackson/core/jackson-core/2.5.1/jackson-core-2.5.1.jar
* Finished analyzing classpath
* Generating tests for class com.fasterxml.jackson.databind.deser.impl.ObjectIdValueProperty
* Test criteria:
  - Line Coverage
  - Branch Coverage
  - Exception
  - Mutation testing (weak)
  - Method-Output Coverage
  - Top-Level Method Coverage
  - No-Exception Top-Level Method Coverage
  - Context Branch Coverage
* Setting up search algorithm for whole suite generation
* Total number of test goals: 
  - Line 31
  - Branch 14
  - Exception 0
  - MutationFactory 15
  - Output 38
  - Method 12
  - MethodNoException 12

[Progress:>                             0%] [Cov:>                                  0%]  - CBranchFitnessFactory 14
* Using seed 11
* Starting evolution
[MASTER] 01:10:25.364 [logback-1] WARN  TestCluster - Failed to check cache for java.util.Map<K, V> : Type points to itself
[MASTER] 01:10:27.509 [logback-1] WARN  TestCluster - Failed to check cache for java.util.EnumSet<E> : Type points to itself
[MASTER] 01:10:27.787 [logback-1] WARN  TestCluster - Failed to check cache for java.util.TreeSet<E> : Type points to itself
[MASTER] 01:10:30.439 [logback-1] WARN  TestCluster - Failed to check cache for java.util.LinkedList<E> : Type points to itself

[Progress:===>                          10%] [Cov:>                                  0%]
[Progress:===>                          10%] [Cov:=>                                 3%][MASTER] 01:10:31.896 [logback-1] WARN  TestCluster - Failed to check cache for com.fasterxml.jackson.databind.JsonDeserializer<T> : Type points to itself

[Progress:===>                          11%] [Cov:=====>                             15%]
[Progress:===>                          11%] [Cov:=====>                             16%]
[Progress:===>                          11%] [Cov:======>                            19%][MASTER] 01:10:32.573 [logback-1] WARN  TestCluster - Failed to check cache for com.fasterxml.jackson.annotation.ObjectIdGenerator<T> : Type points to itself
[MASTER] 01:10:32.655 [logback-1] WARN  TestCluster - Failed to check cache for java.util.Enumeration<E> : Type points to itself

[Progress:===>                          11%] [Cov:=======>                           21%]
[Progress:===>                          11%] [Cov:=======>                           22%]
[Progress:===>                          13%] [Cov:>                                  0%]
[Progress:===>                          13%] [Cov:>                                  1%]
[Progress:===>                          13%] [Cov:====>                              14%]
[Progress:===>                          13%] [Cov:=====>                             16%]
[Progress:===>                          13%] [Cov:======>                            19%]
[Progress:====>                         15%] [Cov:>                                  0%]
[Progress:====>                         15%] [Cov:=>                                 4%]
[Progress:====>                         15%] [Cov:==>                                7%]
[Progress:====>                         15%] [Cov:====>                              14%]
[Progress:====>                         15%] [Cov:=======>                           20%]
[Progress:====>                         15%] [Cov:=======>                           22%]
[Progress:====>                         15%] [Cov:========>                          24%]
[Progress:====>                         15%] [Cov:=========>                         27%]
[Progress:====>                         15%] [Cov:==========>                        31%]
[Progress:====>                         15%] [Cov:===========>                       34%]
[Progress:====>                         15%] [Cov:=============>                     38%]
[Progress:====>                         16%] [Cov:>                                  0%]
[Progress:====>                         16%] [Cov:=>                                 4%]
[Progress:====>                         16%] [Cov:==>                                8%]
[Progress:====>                         16%] [Cov:=====>                             15%]
[Progress:====>                         16%] [Cov:=======>                           20%]
[Progress:====>                         16%] [Cov:========>                          24%]
[Progress:====>                         16%] [Cov:========>                          25%]
[Progress:====>                         16%] [Cov:==========>                        30%]
[Progress:====>                         16%] [Cov:===========>                       34%]
[Progress:====>                         16%] [Cov:============>                      37%]
[Progress:====>                         16%] [Cov:=============>                     38%][MASTER] 01:10:35.675 [logback-1] WARN  TestChromosome - Functional mock problem: org.evosuite.ga.ConstructionFailedException: Failed to add constructor for com.fasterxml.jackson.databind.SerializationConfig due to org.evosuite.ga.ConstructionFailedException: Failed to add constructor for com.fasterxml.jackson.databind.cfg.BaseSettings due to org.evosuite.ga.ConstructionFailedException: Invalid generic instance

[Progress:=====>                        18%] [Cov:===========>                       34%]
[Progress:=====>                        18%] [Cov:============>                      37%][MASTER] 01:10:36.573 [logback-1] WARN  TestChromosome - Functional mock problem: org.evosuite.ga.ConstructionFailedException: Failed to add constructor for com.fasterxml.jackson.databind.ser.BeanSerializerBuilder due to org.evosuite.ga.ConstructionFailedException: Failed to add constructor for com.fasterxml.jackson.databind.DeserializationConfig due to org.evosuite.ga.ConstructionFailedException: Failed to add constructor for com.fasterxml.jackson.databind.cfg.BaseSettings due to org.evosuite.ga.ConstructionFailedException: Invalid generic instance

[Progress:=====>                        18%] [Cov:=============>                     38%]
[Progress:=====>                        18%] [Cov:=============>                     39%]
[Progress:======>                       20%] [Cov:============>                      37%]
[Progress:======>                       20%] [Cov:=============>                     38%]
[Progress:======>                       20%] [Cov:=============>                     39%]
[Progress:======>                       20%] [Cov:=============>                     39%]
[Progress:======>                       21%] [Cov:======>                            19%]
[Progress:======>                       21%] [Cov:=============>                     39%][MASTER] 01:10:38.211 [logback-1] WARN  TestChromosome - Functional mock problem: org.evosuite.ga.ConstructionFailedException: Failed to add constructor for com.fasterxml.jackson.databind.introspect.AnnotatedField due to org.evosuite.ga.ConstructionFailedException: Failed to add constructor for com.fasterxml.jackson.databind.DeserializationConfig due to org.evosuite.ga.ConstructionFailedException: Failed to add constructor for com.fasterxml.jackson.databind.cfg.BaseSettings due to org.evosuite.ga.ConstructionFailedException: Invalid generic instance
[MASTER] 01:10:38.374 [logback-1] WARN  TestChromosome - Functional mock problem: org.evosuite.ga.ConstructionFailedException: Have no generator for class com.fasterxml.jackson.databind.introspect.POJOPropertiesCollector canUseFunctionalMocks=false, canBeMocked: true
[MASTER] 01:10:38.577 [logback-1] WARN  TestChromosome - Functional mock problem: org.evosuite.ga.ConstructionFailedException: Failed to add constructor for com.fasterxml.jackson.databind.deser.CreatorProperty due to org.evosuite.ga.ConstructionFailedException: Failed to add constructor for com.fasterxml.jackson.databind.ser.BeanPropertyWriter due to org.evosuite.ga.ConstructionFailedException: Failed to add constructor for com.fasterxml.jackson.databind.introspect.POJOPropertyBuilder due to org.evosuite.ga.ConstructionFailedException: Failed to add constructor for com.fasterxml.jackson.databind.introspect.POJOPropertyBuilder due to org.evosuite.ga.ConstructionFailedException: Max recursion depth reached

[Progress:======>                       23%] [Cov:=========>                         26%]
[Progress:======>                       23%] [Cov:===========>                       34%]
[Progress:======>                       23%] [Cov:============>                      36%]
[Progress:======>                       23%] [Cov:============>                      37%]
[Progress:======>                       23%] [Cov:=============>                     38%]
[Progress:======>                       23%] [Cov:=============>                     39%]
[Progress:======>                       23%] [Cov:==============>                    40%]
[Progress:======>                       23%] [Cov:==============>                    40%]
[Progress:=======>                      25%] [Cov:============>                      37%]
[Progress:=======>                      25%] [Cov:=============>                     39%]
[Progress:=======>                      25%] [Cov:==============>                    40%][MASTER] 01:10:40.766 [logback-1] WARN  TestChromosome - Functional mock problem: org.evosuite.ga.ConstructionFailedException: Failed to add constructor for com.fasterxml.jackson.databind.deser.BeanDeserializerBuilder due to org.evosuite.ga.ConstructionFailedException: Failed to add constructor for com.fasterxml.jackson.databind.DeserializationConfig due to org.evosuite.ga.ConstructionFailedException: Max recursion depth reached

[Progress:=======>                      26%] [Cov:=============>                     39%]
[Progress:=======>                      26%] [Cov:==============>                    40%]
[Progress:=======>                      26%] [Cov:==============>                    41%]
[Progress:=======>                      26%] [Cov:===============>                   43%]
[Progress:=======>                      26%] [Cov:================>                  47%]
[Progress:=======>                      26%] [Cov:================>                  48%]
[Progress:=======>                      26%] [Cov:=================>                 49%]
[Progress:========>                     28%] [Cov:==============>                    40%]
[Progress:========>                     28%] [Cov:==============>                    41%]
[Progress:========>                     28%] [Cov:===============>                   44%]
[Progress:========>                     28%] [Cov:===============>                   45%]
[Progress:=========>                    30%] [Cov:========>                          25%]
[Progress:=========>                    30%] [Cov:============>                      37%]
[Progress:=========>                    30%] [Cov:=================>                 49%]
[Progress:=========>                    31%] [Cov:==============>                    40%]
[Progress:=========>                    33%] [Cov:=============>                     39%]
[Progress:=========>                    33%] [Cov:===============>                   45%]
[Progress:==========>                   35%] [Cov:============>                      37%]
[Progress:==========>                   35%] [Cov:==============>                    40%]
[Progress:==========>                   36%] [Cov:=============>                     39%]
[Progress:==========>                   36%] [Cov:==============>                    40%]
[Progress:===========>                  38%] [Cov:=============>                     39%]
[Progress:===========>                  38%] [Cov:==============>                    40%][MASTER] 01:10:48.090 [logback-1] WARN  TestChromosome - Functional mock problem: org.evosuite.ga.ConstructionFailedException: Failed to add constructor for com.fasterxml.jackson.databind.introspect.AnnotatedConstructor due to org.evosuite.ga.ConstructionFailedException: Have no generator for class com.fasterxml.jackson.databind.introspect.POJOPropertiesCollector canUseFunctionalMocks=false, canBeMocked: true

[Progress:===========>                  38%] [Cov:=================>                 49%][MASTER] 01:10:48.431 [logback-1] WARN  TestChromosome - Functional mock problem: org.evosuite.ga.ConstructionFailedException: Invalid generic instance

[Progress:============>                 40%] [Cov:==============>                    41%]
[Progress:============>                 40%] [Cov:===============>                   43%]
[Progress:============>                 40%] [Cov:===============>                   44%]
[Progress:============>                 40%] [Cov:===============>                   45%]
[Progress:============>                 40%] [Cov:================>                  47%]
[Progress:============>                 40%] [Cov:================>                  48%][MASTER] 01:10:49.576 [logback-1] WARN  TestChromosome - Functional mock problem: org.evosuite.ga.ConstructionFailedException: Failed to add constructor for com.fasterxml.jackson.databind.DeserializationConfig due to org.evosuite.ga.ConstructionFailedException: Failed to add constructor for com.fasterxml.jackson.databind.cfg.BaseSettings due to org.evosuite.ga.ConstructionFailedException: Invalid generic instance

[Progress:============>                 41%] [Cov:=============>                     39%]
[Progress:============>                 41%] [Cov:==============>                    40%]
[Progress:============>                 41%] [Cov:=================>                 49%]
[Progress:============>                 43%] [Cov:==============>                    40%]
[Progress:=============>                45%] [Cov:=============>                     39%]
[Progress:=============>                45%] [Cov:==============>                    40%]
[Progress:=============>                45%] [Cov:==============>                    41%]
[Progress:=============>                45%] [Cov:==============>                    42%]
[Progress:=============>                45%] [Cov:===============>                   44%]
[Progress:=============>                45%] [Cov:===============>                   45%]
[Progress:=============>                46%] [Cov:==============>                    40%]
[Progress:=============>                46%] [Cov:================>                  47%]
[Progress:=============>                46%] [Cov:================>                  48%]
[Progress:=============>                46%] [Cov:=================>                 49%]
[Progress:=============>                46%] [Cov:===============>                   45%]
[Progress:==============>               48%] [Cov:==============>                    41%]
[Progress:==============>               48%] [Cov:===============>                   43%]
[Progress:==============>               48%] [Cov:===============>                   45%]
[Progress:==============>               48%] [Cov:=================>                 49%]
[Progress:===============>              50%] [Cov:==============>                    40%]
[Progress:===============>              50%] [Cov:===============>                   45%]
[Progress:===============>              50%] [Cov:=================>                 49%]
[Progress:===============>              51%] [Cov:==============>                    40%]
[Progress:===============>              51%] [Cov:===============>                   45%]
[Progress:===============>              51%] [Cov:================>                  47%]
[Progress:===============>              53%] [Cov:==============>                    42%]
[Progress:===============>              53%] [Cov:================>                  46%]
[Progress:===============>              53%] [Cov:================>                  48%]
[Progress:===============>              53%] [Cov:=================>                 49%]
[Progress:===============>              53%] [Cov:=================>                 50%]
[Progress:================>             55%] [Cov:==============>                    40%]
[Progress:================>             55%] [Cov:===============>                   45%]
[Progress:================>             55%] [Cov:================>                  46%]
[Progress:================>             55%] [Cov:================>                  47%]
[Progress:================>             55%] [Cov:=================>                 49%]
[Progress:================>             56%] [Cov:===============>                   45%]
[Progress:================>             56%] [Cov:=================>                 49%]
[Progress:=================>            58%] [Cov:==============>                    40%]
[Progress:=================>            58%] [Cov:================>                  47%]
[Progress:=================>            58%] [Cov:=================>                 49%]
[Progress:==================>           60%] [Cov:===============>                   45%]
[Progress:==================>           60%] [Cov:================>                  46%]
[Progress:==================>           60%] [Cov:================>                  48%]
[Progress:==================>           60%] [Cov:=================>                 49%]
[Progress:==================>           60%] [Cov:=================>                 50%]
[Progress:==================>           61%] [Cov:===============>                   45%]
[Progress:==================>           61%] [Cov:================>                  48%]
[Progress:==================>           61%] [Cov:=================>                 49%]
[Progress:==================>           63%] [Cov:===============>                   45%]
[Progress:==================>           63%] [Cov:=================>                 49%]
[Progress:==================>           63%] [Cov:=================>                 50%]
[Progress:===================>          65%] [Cov:===============>                   45%]
[Progress:===================>          65%] [Cov:=================>                 49%]
[Progress:===================>          66%] [Cov:===============>                   45%]
[Progress:===================>          66%] [Cov:=================>                 49%]
[Progress:===================>          66%] [Cov:=================>                 50%]
[Progress:====================>         68%] [Cov:=================>                 50%]
[Progress:====================>         68%] [Cov:=================>                 50%]
[Progress:=====================>        70%] [Cov:===============>                   45%]
[Progress:=====================>        70%] [Cov:=================>                 49%]
[Progress:=====================>        70%] [Cov:=================>                 50%]
[Progress:=====================>        71%] [Cov:===============>                   43%]
[Progress:=====================>        71%] [Cov:===============>                   45%]
[Progress:=====================>        71%] [Cov:=================>                 49%]
[Progress:=====================>        71%] [Cov:=================>                 50%]
[Progress:=====================>        73%] [Cov:=================>                 50%][MASTER] 01:11:09.455 [logback-1] WARN  TestChromosome - Functional mock problem: org.evosuite.ga.ConstructionFailedException: Failed to add constructor for com.fasterxml.jackson.databind.deser.std.StdValueInstantiator due to org.evosuite.ga.ConstructionFailedException: Failed to add constructor for com.fasterxml.jackson.databind.DeserializationConfig due to org.evosuite.ga.ConstructionFailedException: Failed to add constructor for com.fasterxml.jackson.databind.cfg.BaseSettings due to org.evosuite.ga.ConstructionFailedException: Invalid generic instance

[Progress:======================>       75%] [Cov:================>                  47%]
[Progress:======================>       75%] [Cov:=================>                 50%]
[Progress:======================>       76%] [Cov:=================>                 49%]
[Progress:======================>       76%] [Cov:=================>                 50%]
[Progress:=======================>      78%] [Cov:=================>                 50%]
[Progress:=======================>      78%] [Cov:=================>                 50%]
[Progress:========================>     80%] [Cov:===============>                   45%]
[Progress:========================>     80%] [Cov:=================>                 50%]
[Progress:========================>     81%] [Cov:=================>                 50%]
[Progress:========================>     83%] [Cov:===============>                   45%]
[Progress:========================>     83%] [Cov:=================>                 50%]
[Progress:=========================>    85%] [Cov:===============>                   45%]
[Progress:=========================>    85%] [Cov:=================>                 50%]
[Progress:=========================>    85%] [Cov:=================>                 51%]
[Progress:=========================>    86%] [Cov:=================>                 50%]
[Progress:=========================>    86%] [Cov:=================>                 51%]
[Progress:==========================>   88%] [Cov:===============>                   45%]
[Progress:==========================>   88%] [Cov:=================>                 50%]
[Progress:==========================>   88%] [Cov:=================>                 51%][MASTER] 01:11:18.232 [logback-1] WARN  TestChromosome - Functional mock problem: org.evosuite.ga.ConstructionFailedException: Failed to add constructor for com.fasterxml.jackson.databind.introspect.POJOPropertyBuilder due to org.evosuite.ga.ConstructionFailedException: Have no generator for class com.fasterxml.jackson.databind.introspect.POJOPropertiesCollector canUseFunctionalMocks=false, canBeMocked: true

[Progress:===========================>  90%] [Cov:===============>                   45%]
[Progress:===========================>  90%] [Cov:================>                  47%]
[Progress:===========================>  90%] [Cov:=================>                 50%]
[Progress:===========================>  91%] [Cov:===============>                   45%]
[Progress:===========================>  91%] [Cov:=================>                 50%]
[Progress:===========================>  91%] [Cov:=================>                 51%]
[Progress:===========================>  93%] [Cov:=================>                 50%]
[Progress:===========================>  93%] [Cov:=================>                 51%]
[Progress:============================> 95%] [Cov:=================>                 51%]
[Progress:============================> 96%] [Cov:================>                  47%]
[Progress:============================> 96%] [Cov:=================>                 51%]
[Progress:============================> 96%] [Cov:==================>                52%]
[Progress:=============================>98%] [Cov:=================>                 50%]
[Progress:=============================>98%] [Cov:=================>                 51%]
[Progress:==============================100%] [Cov:================>                  46%]
[Progress:==============================100%] [Cov:=================>                 49%]
[Progress:==============================100%] [Cov:=================>                 50%]
[Progress:==============================100%] [Cov:================>                  47%]
[Progress:==============================100%] [Cov:=================>                 50%]
[Progress:==============================100%] [Cov:=================>                 51%]
[Progress:==============================100%] [Cov:=================>                 51%]
[Progress:==============================100%] [Cov:=================>                 50%]
* Search finished after 63s and 11 generations, 4579 statements, best individual has fitness: 85.93333333333334
* Minimizing test suite
* Going to analyze the coverage criteria
* Coverage analysis for criterion LINE
* Coverage of criterion LINE: 52%
* Total number of goals: 31
* Number of covered goals: 16
* Coverage analysis for criterion BRANCH
* Coverage of criterion BRANCH: 50%
* Total number of goals: 14
* Number of covered goals: 7
* Coverage analysis for criterion EXCEPTION
* Coverage of criterion EXCEPTION: 83%
* Total number of goals: 6
* Number of covered goals: 5
* Coverage analysis for criterion WEAKMUTATION
* Coverage of criterion WEAKMUTATION: 47%
* Total number of goals: 15
* Number of covered goals: 7
* Coverage analysis for criterion OUTPUT
* Coverage of criterion OUTPUT: 16%
* Total number of goals: 38
* Number of covered goals: 6
* Coverage analysis for criterion METHOD
* Coverage of criterion METHOD: 58%
* Total number of goals: 12
* Number of covered goals: 7
* Coverage analysis for criterion METHODNOEXCEPTION
* Coverage of criterion METHODNOEXCEPTION: 33%
* Total number of goals: 12
* Number of covered goals: 4
* Coverage analysis for criterion CBRANCH
* Coverage of criterion CBRANCH: 50%
* Total number of goals: 14
* Number of covered goals: 7
* Generated 8 tests with total length 57
* Resulting test suite's coverage: 50% (average coverage for all fitness functions)
* Generating assertions
* Resulting test suite's mutation score: 0%
* Compiling and checking tests
* Writing tests to file
* Writing JUnit test case 'ObjectIdValueProperty_ESTest' to evosuite-tests
* Done!

* Computation finished

