CMD: /usr/lib/jvm/java-8-openjdk-amd64/bin/java -Dtools_jar_location=/usr/lib/jvm/java-8-openjdk-amd64/lib/tools.jar -jar /home/pizza/TestRound2/evosuite-1.2.0.jar -generateSuite -class org.jsoup.parser.XmlTreeBuilder -projectCP /home/pizza/TestRound2/Test/Jsoup-77b/target/classes -base_dir /home/pizza/TestRound2/results/project-Jsoup/Jsoup-77/round03/evosuite-work -seed 11 -Dalgorithm=NSGAII -Dsearch_budget=60 -Dtest_format=JUNIT4 -Dassertions=true

* EvoSuite 1.2.0
* Going to generate test cases for class: org.jsoup.parser.XmlTreeBuilder
* Starting Client-0
* Connecting to master process on port 8222
* Analyzing classpath: 
  - /home/pizza/TestRound2/Test/Jsoup-77b/target/classes
* Finished analyzing classpath
* Generating tests for class org.jsoup.parser.XmlTreeBuilder
* Test criteria:
  - Line Coverage
  - Branch Coverage
  - Exception
  - Mutation testing (weak)
  - Method-Output Coverage
  - Top-Level Method Coverage
  - No-Exception Top-Level Method Coverage
  - Context Branch Coverage
* Setting up search algorithm for whole suite generation
* Total number of test goals: 
  - Line 68
  - Branch 46
  - Exception 0
  - MutationFactory 99
  - Output 47
  - Method 11
  - MethodNoException 11
  - CBranchFitnessFactory 46

[Progress:>                             0%] [Cov:>                                  0%]* Using seed 11
* Starting evolution

[Progress:>                             1%] [Cov:>                                  0%]
[Progress:=>                            5%] [Cov:>                                  2%]
[Progress:=>                            5%] [Cov:=>                                 3%]
[Progress:=>                            5%] [Cov:====>                              14%]
[Progress:=>                            5%] [Cov:=====>                             16%]
[Progress:=>                            5%] [Cov:=======>                           21%]
[Progress:=>                            5%] [Cov:========>                          23%]
[Progress:=>                            5%] [Cov:========>                          24%]
[Progress:=>                            5%] [Cov:========>                          25%]
[Progress:=>                            5%] [Cov:=========>                         26%]
[Progress:=>                            5%] [Cov:=========>                         28%]
[Progress:=>                            5%] [Cov:==========>                        31%]
[Progress:=>                            5%] [Cov:===========>                       32%]
[Progress:=>                            5%] [Cov:===========>                       34%]
[Progress:=>                            5%] [Cov:============>                      36%]
[Progress:=>                            5%] [Cov:=============>                     38%]
[Progress:=>                            6%] [Cov:=>                                 4%]
[Progress:=>                            6%] [Cov:==>                                8%]
[Progress:=>                            6%] [Cov:=======>                           21%]
[Progress:=>                            6%] [Cov:========>                          24%]
[Progress:=>                            6%] [Cov:=========>                         26%]
[Progress:=>                            6%] [Cov:===========>                       32%]
[Progress:=>                            6%] [Cov:============>                      36%]
[Progress:=>                            6%] [Cov:=============>                     39%]
[Progress:====>                         15%] [Cov:=>                                 4%]
[Progress:====>                         15%] [Cov:===>                               9%]
[Progress:====>                         15%] [Cov:=======>                           21%]
[Progress:====>                         15%] [Cov:========>                          25%]
[Progress:====>                         15%] [Cov:==========>                        30%]
[Progress:====>                         15%] [Cov:============>                      35%]
[Progress:====>                         15%] [Cov:=============>                     39%]
[Progress:====>                         15%] [Cov:==============>                    42%]
[Progress:====>                         16%] [Cov:==>                                8%]
[Progress:====>                         16%] [Cov:====>                              14%]
[Progress:====>                         16%] [Cov:=======>                           21%]
[Progress:====>                         16%] [Cov:========>                          24%]
[Progress:====>                         16%] [Cov:===========>                       33%]
[Progress:====>                         16%] [Cov:============>                      37%]
[Progress:====>                         16%] [Cov:==============>                    40%]
[Progress:=======>                      25%] [Cov:=>                                 4%]
[Progress:=======>                      25%] [Cov:==>                                8%]
[Progress:=======>                      25%] [Cov:===>                               9%]
[Progress:=======>                      25%] [Cov:=======>                           20%]
[Progress:=======>                      25%] [Cov:=======>                           21%]
[Progress:=======>                      25%] [Cov:========>                          23%]
[Progress:=======>                      25%] [Cov:========>                          25%]
[Progress:=======>                      25%] [Cov:==========>                        29%]
[Progress:=======>                      25%] [Cov:==========>                        30%]
[Progress:=======>                      25%] [Cov:===========>                       34%]
[Progress:=======>                      25%] [Cov:============>                      35%]
[Progress:=======>                      25%] [Cov:=============>                     38%]
[Progress:=======>                      25%] [Cov:=============>                     39%]
[Progress:=======>                      25%] [Cov:==============>                    40%]
[Progress:=======>                      25%] [Cov:==============>                    42%]
[Progress:=======>                      26%] [Cov:=>                                 3%]
[Progress:=======>                      26%] [Cov:=>                                 5%]
[Progress:=======>                      26%] [Cov:==>                                8%]
[Progress:=======>                      26%] [Cov:=====>                             17%]
[Progress:=======>                      26%] [Cov:=======>                           20%]
[Progress:=======>                      26%] [Cov:========>                          23%]
[Progress:=======>                      26%] [Cov:========>                          24%]
[Progress:=======>                      26%] [Cov:=========>                         26%]
[Progress:=======>                      26%] [Cov:==========>                        29%]
[Progress:=======>                      26%] [Cov:===========>                       32%]
[Progress:=======>                      26%] [Cov:==============>                    42%][MASTER] 07:39:51.205 [logback-1] WARN  TestCluster - Failed to check cache for java.util.Comparator<T> : Type points to itself

[Progress:=======>                      26%] [Cov:==============>                    42%]
[Progress:========>                     28%] [Cov:====>                              14%]
[Progress:========>                     28%] [Cov:==============>                    40%]
[Progress:========>                     28%] [Cov:==============>                    42%]
[Progress:========>                     28%] [Cov:===============>                   43%]
[Progress:========>                     28%] [Cov:==============>                    42%]
[Progress:========>                     28%] [Cov:===============>                   43%]
[Progress:========>                     28%] [Cov:===============>                   44%]
[Progress:========>                     28%] [Cov:===============>                   45%]
[Progress:========>                     28%] [Cov:==============>                    42%]
[Progress:========>                     28%] [Cov:===============>                   44%]
[Progress:=========>                    30%] [Cov:==============>                    42%]
[Progress:=========>                    30%] [Cov:===============>                   43%]
[Progress:=========>                    30%] [Cov:===============>                   44%]
[Progress:=========>                    30%] [Cov:===============>                   45%]
[Progress:=========>                    30%] [Cov:================>                  46%]
[Progress:=========>                    30%] [Cov:================>                  47%]
[Progress:=========>                    30%] [Cov:===============>                   44%]
[Progress:=========>                    30%] [Cov:================>                  46%]
[Progress:=========>                    30%] [Cov:================>                  47%]
[Progress:=========>                    30%] [Cov:===============>                   43%]
[Progress:=========>                    30%] [Cov:===============>                   44%]
[Progress:=========>                    30%] [Cov:===============>                   45%]
[Progress:=========>                    30%] [Cov:================>                  46%]
[Progress:=========>                    31%] [Cov:===============>                   44%]
[Progress:=========>                    31%] [Cov:===============>                   45%]
[Progress:=========>                    31%] [Cov:================>                  47%]
[Progress:=========>                    31%] [Cov:================>                  48%]
[Progress:=========>                    31%] [Cov:================>                  47%]
[Progress:=========>                    31%] [Cov:================>                  48%]
[Progress:=========>                    31%] [Cov:================>                  47%]
[Progress:=========>                    33%] [Cov:===============>                   43%]
[Progress:=========>                    33%] [Cov:================>                  47%]
[Progress:=========>                    33%] [Cov:================>                  48%]
[Progress:=========>                    33%] [Cov:=================>                 49%]
[Progress:=========>                    33%] [Cov:================>                  48%]
[Progress:=========>                    33%] [Cov:=================>                 49%]
[Progress:=========>                    33%] [Cov:=================>                 50%]
[Progress:=========>                    33%] [Cov:=================>                 51%]
[Progress:=========>                    33%] [Cov:=================>                 51%]
[Progress:==========>                   35%] [Cov:===============>                   45%]
[Progress:==========>                   35%] [Cov:================>                  46%]
[Progress:==========>                   35%] [Cov:=================>                 49%]
[Progress:==========>                   35%] [Cov:=================>                 50%]
[Progress:==========>                   35%] [Cov:=================>                 51%]
[Progress:==========>                   35%] [Cov:=================>                 51%]
[Progress:==========>                   35%] [Cov:==================>                52%]
[Progress:==========>                   35%] [Cov:==================>                53%]
[Progress:==========>                   35%] [Cov:=================>                 51%]
[Progress:==========>                   35%] [Cov:==================>                53%]
[Progress:==========>                   35%] [Cov:===================>               55%]
[Progress:==========>                   36%] [Cov:================>                  48%]
[Progress:==========>                   36%] [Cov:==================>                53%]
[Progress:==========>                   36%] [Cov:==================>                54%]
[Progress:==========>                   36%] [Cov:===================>               55%]
[Progress:==========>                   36%] [Cov:===================>               56%]
[Progress:==========>                   36%] [Cov:===================>               55%]
[Progress:==========>                   36%] [Cov:===================>               56%]
[Progress:==========>                   36%] [Cov:===================>               57%]
[Progress:==========>                   36%] [Cov:==================>                54%]
[Progress:==========>                   36%] [Cov:===================>               56%]
[Progress:===========>                  38%] [Cov:==================>                53%]
[Progress:===========>                  38%] [Cov:===================>               55%]
[Progress:===========>                  38%] [Cov:===================>               56%]
[Progress:===========>                  38%] [Cov:===================>               57%]
[Progress:===========>                  38%] [Cov:====================>              58%]
[Progress:===========>                  38%] [Cov:==================>                53%]
[Progress:===========>                  38%] [Cov:===================>               55%]
[Progress:===========>                  38%] [Cov:====================>              58%]
[Progress:===========>                  38%] [Cov:====================>              59%]
[Progress:===========>                  38%] [Cov:=====================>             62%]
[Progress:===========>                  38%] [Cov:====================>              58%]
[Progress:===========>                  38%] [Cov:====================>              59%]
[Progress:============>                 40%] [Cov:===================>               57%]
[Progress:============>                 40%] [Cov:====================>              58%]
[Progress:============>                 40%] [Cov:====================>              59%]
[Progress:============>                 40%] [Cov:=====================>             62%]
[Progress:============>                 40%] [Cov:=====================>             60%]
[Progress:============>                 40%] [Cov:=====================>             61%]
[Progress:============>                 40%] [Cov:======================>            63%]
[Progress:============>                 40%] [Cov:======================>            64%]
[Progress:============>                 40%] [Cov:======================>            65%]
[Progress:============>                 41%] [Cov:==================>                54%]
[Progress:============>                 41%] [Cov:===================>               55%]
[Progress:============>                 41%] [Cov:===================>               56%]
[Progress:============>                 41%] [Cov:======================>            65%]
[Progress:============>                 41%] [Cov:=====================>             61%]
[Progress:============>                 41%] [Cov:======================>            63%]
[Progress:============>                 41%] [Cov:======================>            65%]
[Progress:============>                 43%] [Cov:===================>               57%]
[Progress:============>                 43%] [Cov:====================>              59%]
[Progress:============>                 43%] [Cov:======================>            63%]
[Progress:============>                 43%] [Cov:======================>            64%]
[Progress:============>                 43%] [Cov:======================>            65%]
[Progress:============>                 43%] [Cov:=====================>             61%]
[Progress:============>                 43%] [Cov:=====================>             62%]
[Progress:============>                 43%] [Cov:======================>            63%]
[Progress:============>                 43%] [Cov:======================>            64%]
[Progress:============>                 43%] [Cov:======================>            65%]
[Progress:=============>                45%] [Cov:======================>            64%]
[Progress:=============>                45%] [Cov:======================>            65%]
[Progress:=============>                45%] [Cov:=====================>             61%]
[Progress:=============>                45%] [Cov:======================>            65%]
[Progress:=============>                45%] [Cov:=======================>           66%]
[Progress:=============>                45%] [Cov:=====================>             61%]
[Progress:=============>                45%] [Cov:=======================>           66%]
[Progress:=============>                46%] [Cov:====================>              59%]
[Progress:=============>                46%] [Cov:=====================>             61%]
[Progress:=============>                46%] [Cov:======================>            64%]
[Progress:=============>                46%] [Cov:======================>            65%]
[Progress:=============>                46%] [Cov:=======================>           66%]
[Progress:=============>                46%] [Cov:=====================>             61%]
[Progress:=============>                46%] [Cov:=====================>             62%]
[Progress:=============>                46%] [Cov:=======================>           66%]
[Progress:=============>                46%] [Cov:=====================>             61%]
[Progress:=============>                46%] [Cov:=======================>           66%]
[Progress:==============>               48%] [Cov:=====================>             61%]
[Progress:==============>               48%] [Cov:=====================>             62%]
[Progress:==============>               48%] [Cov:=======================>           66%]
[Progress:==============>               48%] [Cov:=======================>           67%]
[Progress:==============>               48%] [Cov:=======================>           67%]
[Progress:==============>               48%] [Cov:=======================>           67%]
[Progress:==============>               48%] [Cov:=======================>           68%]
[Progress:===============>              50%] [Cov:======================>            63%]
[Progress:===============>              50%] [Cov:======================>            65%]
[Progress:===============>              50%] [Cov:=======================>           66%]
[Progress:===============>              50%] [Cov:=======================>           67%]
[Progress:===============>              50%] [Cov:=======================>           68%]
[Progress:===============>              50%] [Cov:=======================>           67%]
[Progress:===============>              50%] [Cov:=======================>           68%]
[Progress:===============>              51%] [Cov:=======================>           66%]
[Progress:===============>              51%] [Cov:=======================>           68%]
[Progress:===============>              51%] [Cov:=======================>           67%]
[Progress:===============>              51%] [Cov:=======================>           68%]
[Progress:===============>              51%] [Cov:=======================>           66%]
[Progress:===============>              51%] [Cov:=======================>           67%]
[Progress:===============>              51%] [Cov:=======================>           68%]
[Progress:===============>              51%] [Cov:========================>          69%]
[Progress:===============>              51%] [Cov:========================>          70%]
[Progress:===============>              53%] [Cov:======================>            64%]
[Progress:===============>              53%] [Cov:======================>            65%]
[Progress:===============>              53%] [Cov:=======================>           66%]
[Progress:===============>              53%] [Cov:=======================>           67%]
[Progress:===============>              53%] [Cov:========================>          69%]
[Progress:===============>              53%] [Cov:========================>          70%]
[Progress:================>             55%] [Cov:==================>                52%]
[Progress:================>             55%] [Cov:=======================>           67%]
[Progress:================>             55%] [Cov:=======================>           68%]
[Progress:================>             55%] [Cov:========================>          70%]
[Progress:================>             55%] [Cov:=======================>           68%]
[Progress:================>             55%] [Cov:========================>          70%]
[Progress:================>             56%] [Cov:=======================>           67%]
[Progress:================>             56%] [Cov:========================>          70%]
[Progress:================>             56%] [Cov:======================>            64%]
[Progress:================>             56%] [Cov:========================>          70%]
[Progress:================>             56%] [Cov:======================>            65%]
[Progress:================>             56%] [Cov:========================>          70%]
[Progress:=================>            58%] [Cov:========================>          70%]
[Progress:=================>            58%] [Cov:========================>          69%]
[Progress:=================>            58%] [Cov:========================>          70%]
[Progress:=================>            58%] [Cov:========================>          71%]
[Progress:=================>            58%] [Cov:========================>          71%]
[Progress:==================>           60%] [Cov:========================>          70%]
[Progress:==================>           60%] [Cov:========================>          71%]
[Progress:==================>           60%] [Cov:========================>          69%]
[Progress:==================>           60%] [Cov:========================>          71%]
[Progress:==================>           60%] [Cov:=========================>         72%]
[Progress:==================>           61%] [Cov:========================>          70%]
[Progress:==================>           61%] [Cov:========================>          71%]
[Progress:==================>           61%] [Cov:========================>          69%]
[Progress:==================>           61%] [Cov:========================>          71%]
[Progress:==================>           61%] [Cov:========================>          69%]
[Progress:==================>           61%] [Cov:========================>          71%]
[Progress:==================>           61%] [Cov:=========================>         72%]
[Progress:==================>           63%] [Cov:========================>          69%]
[Progress:==================>           63%] [Cov:========================>          71%]
[Progress:==================>           63%] [Cov:========================>          69%]
[Progress:==================>           63%] [Cov:========================>          71%]
[Progress:===================>          65%] [Cov:========================>          69%]
[Progress:===================>          65%] [Cov:========================>          70%]
[Progress:===================>          65%] [Cov:========================>          71%]
[Progress:===================>          65%] [Cov:=========================>         72%]
[Progress:===================>          65%] [Cov:========================>          69%]
[Progress:===================>          65%] [Cov:========================>          71%]
[Progress:===================>          65%] [Cov:=========================>         72%]
[Progress:===================>          66%] [Cov:========================>          69%]
[Progress:===================>          66%] [Cov:========================>          70%]
[Progress:===================>          66%] [Cov:========================>          71%]
[Progress:===================>          66%] [Cov:========================>          69%]
[Progress:===================>          66%] [Cov:========================>          71%]
[Progress:===================>          66%] [Cov:=========================>         72%]
[Progress:===================>          66%] [Cov:========================>          69%]
[Progress:===================>          66%] [Cov:========================>          71%]
[Progress:===================>          66%] [Cov:=========================>         72%]
[Progress:====================>         68%] [Cov:========================>          71%]
[Progress:====================>         68%] [Cov:=========================>         72%]
[Progress:====================>         68%] [Cov:========================>          70%]
[Progress:====================>         68%] [Cov:========================>          71%]
[Progress:====================>         68%] [Cov:=========================>         72%]
[Progress:=====================>        70%] [Cov:========================>          69%]
[Progress:=====================>        70%] [Cov:========================>          70%]
[Progress:=====================>        70%] [Cov:========================>          71%]
[Progress:=====================>        70%] [Cov:=========================>         72%]
[Progress:=====================>        70%] [Cov:========================>          70%]
[Progress:=====================>        70%] [Cov:========================>          71%]
[Progress:=====================>        70%] [Cov:=========================>         72%]
[Progress:=====================>        70%] [Cov:=======================>           68%]
[Progress:=====================>        70%] [Cov:========================>          71%]
[Progress:=====================>        71%] [Cov:========================>          69%]
[Progress:=====================>        71%] [Cov:========================>          70%]
[Progress:=====================>        71%] [Cov:========================>          71%]
[Progress:=====================>        71%] [Cov:=========================>         72%]
[Progress:=====================>        71%] [Cov:=======================>           68%]
[Progress:=====================>        71%] [Cov:=========================>         72%]
[Progress:=====================>        73%] [Cov:========================>          69%]
[Progress:=====================>        73%] [Cov:========================>          71%]
[Progress:=====================>        73%] [Cov:=========================>         72%]
[Progress:=====================>        73%] [Cov:=======================>           68%]
[Progress:=====================>        73%] [Cov:========================>          70%]
[Progress:=====================>        73%] [Cov:========================>          71%]
[Progress:=====================>        73%] [Cov:=========================>         72%]
[Progress:======================>       75%] [Cov:========================>          70%]
[Progress:======================>       75%] [Cov:========================>          71%]
[Progress:======================>       75%] [Cov:=======================>           68%]
[Progress:======================>       75%] [Cov:========================>          69%]
[Progress:======================>       75%] [Cov:========================>          70%]
[Progress:======================>       75%] [Cov:========================>          71%]
[Progress:======================>       75%] [Cov:=========================>         72%]
[Progress:======================>       76%] [Cov:========================>          70%]
[Progress:======================>       76%] [Cov:=========================>         72%]
[Progress:======================>       76%] [Cov:=========================>         72%]
[Progress:======================>       76%] [Cov:=========================>         72%]
[Progress:=======================>      78%] [Cov:========================>          71%]
[Progress:=======================>      78%] [Cov:=========================>         72%]
[Progress:=======================>      78%] [Cov:=========================>         72%]
[Progress:========================>     80%] [Cov:========================>          71%]
[Progress:========================>     80%] [Cov:=========================>         72%]
[Progress:========================>     80%] [Cov:=========================>         72%]
[Progress:========================>     81%] [Cov:========================>          71%]
[Progress:========================>     81%] [Cov:=========================>         72%]
[Progress:========================>     81%] [Cov:=========================>         72%]
[Progress:========================>     81%] [Cov:=========================>         73%]
[Progress:========================>     81%] [Cov:=========================>         72%]
[Progress:========================>     83%] [Cov:=========================>         72%]
[Progress:========================>     83%] [Cov:=========================>         73%]
[Progress:========================>     83%] [Cov:=========================>         72%]
[Progress:========================>     83%] [Cov:=========================>         73%]
[Progress:=========================>    85%] [Cov:=========================>         72%]
[Progress:=========================>    85%] [Cov:=========================>         73%]
[Progress:=========================>    85%] [Cov:=========================>         72%]
[Progress:=========================>    85%] [Cov:=========================>         73%]
[Progress:=========================>    86%] [Cov:=========================>         72%]
[Progress:=========================>    86%] [Cov:=========================>         73%]
[Progress:=========================>    86%] [Cov:=========================>         72%]
[Progress:=========================>    86%] [Cov:=========================>         73%]
[Progress:==========================>   88%] [Cov:=========================>         73%]
[Progress:==========================>   88%] [Cov:========================>          71%]
[Progress:==========================>   88%] [Cov:=========================>         72%]
[Progress:==========================>   88%] [Cov:=========================>         73%]
[Progress:==========================>   88%] [Cov:========================>          71%]
[Progress:==========================>   88%] [Cov:=========================>         72%]
[Progress:===========================>  90%] [Cov:=========================>         72%]
[Progress:===========================>  90%] [Cov:=========================>         73%]
[Progress:===========================>  90%] [Cov:========================>          71%]
[Progress:===========================>  90%] [Cov:=========================>         72%]
[Progress:===========================>  90%] [Cov:=========================>         73%]
[Progress:===========================>  91%] [Cov:=========================>         72%]
[Progress:===========================>  91%] [Cov:=========================>         73%]
[Progress:===========================>  91%] [Cov:========================>          71%]
[Progress:===========================>  91%] [Cov:=========================>         72%]
[Progress:===========================>  91%] [Cov:=========================>         73%]
[Progress:===========================>  91%] [Cov:========================>          71%]
[Progress:===========================>  91%] [Cov:=========================>         73%]
[Progress:===========================>  93%] [Cov:========================>          71%]
[Progress:===========================>  93%] [Cov:=========================>         73%]
[Progress:===========================>  93%] [Cov:========================>          71%]
[Progress:===========================>  93%] [Cov:=========================>         73%]
[Progress:============================> 95%] [Cov:=========================>         73%]
[Progress:============================> 95%] [Cov:=========================>         72%]
[Progress:============================> 95%] [Cov:=========================>         73%]
[Progress:============================> 95%] [Cov:=========================>         72%]
[Progress:============================> 95%] [Cov:=========================>         73%]
[Progress:============================> 96%] [Cov:=========================>         73%]
[Progress:============================> 96%] [Cov:=========================>         72%]
[Progress:============================> 96%] [Cov:=========================>         73%]
[Progress:============================> 96%] [Cov:=========================>         72%]
[Progress:============================> 96%] [Cov:=========================>         73%]
[Progress:=============================>98%] [Cov:=========================>         72%]
[Progress:=============================>98%] [Cov:=========================>         73%]
[Progress:=============================>98%] [Cov:=========================>         72%]
[Progress:=============================>98%] [Cov:=========================>         73%]
[Progress:=============================>98%] [Cov:=========================>         74%]
[Progress:=============================>98%] [Cov:==========================>        75%]
[Progress:=============================>98%] [Cov:===========================>       78%]
[Progress:==============================100%] [Cov:=========================>         72%]
[Progress:==============================100%] [Cov:=========================>         73%]
[Progress:==============================100%] [Cov:===========================>       78%]
[Progress:==============================100%] [Cov:===========================>       78%]
[Progress:==============================100%] [Cov:=========================>         73%]
[Progress:==============================100%] [Cov:===========================>       78%]
[Progress:==============================100%] [Cov:===========================>       78%]
* Search finished after 62s and 73 generations, 21699 statements, best individual has fitness: 110.55555555312372
* Minimizing test suite
* Going to analyze the coverage criteria
* Coverage analysis for criterion LINE
* Coverage of criterion LINE: 88%
* Total number of goals: 68
* Number of covered goals: 60
* Coverage analysis for criterion BRANCH
* Coverage of criterion BRANCH: 76%
* Total number of goals: 46
* Number of covered goals: 35
* Coverage analysis for criterion EXCEPTION
* Coverage of criterion EXCEPTION: 35%
* Total number of goals: 17
* Number of covered goals: 6
* Coverage analysis for criterion WEAKMUTATION
* Coverage of criterion WEAKMUTATION: 65%
* Total number of goals: 99
* Number of covered goals: 64
* Coverage analysis for criterion OUTPUT
* Coverage of criterion OUTPUT: 40%
* Total number of goals: 47
* Number of covered goals: 19
* Coverage analysis for criterion METHOD
* Coverage of criterion METHOD: 100%
* Total number of goals: 11
* Number of covered goals: 11
* Coverage analysis for criterion METHODNOEXCEPTION
* Coverage of criterion METHODNOEXCEPTION: 100%
* Total number of goals: 11
* Number of covered goals: 11
* Coverage analysis for criterion CBRANCH
* Coverage of criterion CBRANCH: 76%
* Total number of goals: 46
* Number of covered goals: 35
* Generated 18 tests with total length 83
* Resulting test suite's coverage: 78% (average coverage for all fitness functions)
* Generating assertions
* Resulting test suite's mutation score: 35%
* Compiling and checking tests
* Writing tests to file
* Writing JUnit test case 'XmlTreeBuilder_ESTest' to evosuite-tests
* Done!

* Computation finished

