CMD: /usr/lib/jvm/java-8-openjdk-amd64/bin/java -Dtools_jar_location=/usr/lib/jvm/java-8-openjdk-amd64/lib/tools.jar -jar /home/pizza/TestRound2/evosuite-1.2.0.jar -generateSuite -class org.apache.commons.math.stat.clustering.KMeansPlusPlusClusterer -projectCP /home/pizza/TestRound2/Test/Math-57b/target/classes -base_dir /home/pizza/TestRound2/results/project-Math/Math-57/round03/evosuite-work -seed 11 -Dalgorithm=NSGAII -Dsearch_budget=60 -Dtest_format=JUNIT4 -Dassertions=true

* EvoSuite 1.2.0
* Going to generate test cases for class: org.apache.commons.math.stat.clustering.KMeansPlusPlusClusterer
* Starting Client-0
* Connecting to master process on port 8220
* Analyzing classpath: 
  - /home/pizza/TestRound2/Test/Math-57b/target/classes
* Finished analyzing classpath
* Generating tests for class org.apache.commons.math.stat.clustering.KMeansPlusPlusClusterer
* Test criteria:
  - Line Coverage
  - Branch Coverage
  - Exception
  - Mutation testing (weak)
  - Method-Output Coverage
  - Top-Level Method Coverage
  - No-Exception Top-Level Method Coverage
  - Context Branch Coverage
* Setting up search algorithm for whole suite generation
* Total number of test goals: 
  - Line 114
  - Branch 64
  - Exception 0
  - MutationFactory 232
  - Output 6
  - Method 3
  - MethodNoException 3
  - CBranchFitnessFactory 64

[Progress:>                             0%] [Cov:>                                  0%]* Using seed 11
* Starting evolution

[Progress:>                             3%] [Cov:>                                  0%]
[Progress:===>                          11%] [Cov:>                                  0%]
[Progress:===>                          11%] [Cov:>                                  1%]
[Progress:===>                          11%] [Cov:====>                              13%]
[Progress:===>                          11%] [Cov:======>                            19%]
[Progress:===>                          11%] [Cov:=======>                           20%]
[Progress:===>                          11%] [Cov:========>                          23%]
[Progress:===>                          11%] [Cov:========>                          24%]
[Progress:===>                          11%] [Cov:==========>                        31%]
[Progress:===>                          13%] [Cov:=====>                             15%]
[Progress:===>                          13%] [Cov:=======>                           20%]
[Progress:===>                          13%] [Cov:=========>                         27%]
[Progress:===>                          13%] [Cov:===========>                       34%]
[Progress:===>                          13%] [Cov:============>                      35%]
[Progress:===>                          13%] [Cov:==============>                    40%]
[Progress:===>                          13%] [Cov:==============>                    41%]
[Progress:====>                         15%] [Cov:>                                  1%]
[Progress:====>                         15%] [Cov:>                                  2%]
[Progress:====>                         15%] [Cov:====>                              13%]
[Progress:====>                         15%] [Cov:=====>                             15%]
[Progress:====>                         15%] [Cov:=====>                             16%]
[Progress:====>                         15%] [Cov:=======>                           20%]
[Progress:====>                         15%] [Cov:=========>                         27%]
[Progress:====>                         15%] [Cov:===========>                       34%]
[Progress:====>                         15%] [Cov:============>                      35%]
[Progress:====>                         15%] [Cov:=============>                     38%]
[Progress:====>                         15%] [Cov:=================>                 49%]
[Progress:====>                         15%] [Cov:=================>                 50%][MASTER] 21:18:11.802 [logback-1] WARN  TestCluster - Failed to check cache for java.util.function.Predicate<T> : Type points to itself

[Progress:====>                         15%] [Cov:=================>                 50%]
[Progress:====>                         16%] [Cov:===========>                       34%]
[Progress:====>                         16%] [Cov:============>                      35%]
[Progress:====>                         16%] [Cov:=================>                 50%]
[Progress:====>                         16%] [Cov:=================>                 50%]
[Progress:====>                         16%] [Cov:=================>                 50%]
[Progress:=====>                        18%] [Cov:===========>                       32%]
[Progress:=====>                        18%] [Cov:===========>                       34%]
[Progress:=====>                        18%] [Cov:============>                      35%]
[Progress:=====>                        18%] [Cov:=============>                     39%]
[Progress:=====>                        18%] [Cov:==============>                    41%]
[Progress:=====>                        18%] [Cov:===============>                   43%]
[Progress:=====>                        18%] [Cov:=================>                 50%]
[Progress:=====>                        18%] [Cov:=================>                 50%]
[Progress:=====>                        18%] [Cov:=================>                 51%]
[Progress:=====>                        18%] [Cov:==================>                53%]
[Progress:=====>                        18%] [Cov:==================>                54%]
[Progress:======>                       20%] [Cov:=================>                 51%]
[Progress:======>                       20%] [Cov:==================>                53%]
[Progress:======>                       20%] [Cov:==================>                54%]
[Progress:======>                       20%] [Cov:===================>               56%]
[Progress:======>                       20%] [Cov:===================>               57%]
[Progress:======>                       20%] [Cov:===================>               57%]
[Progress:======>                       20%] [Cov:====================>              58%]
[Progress:======>                       20%] [Cov:====================>              58%]
[Progress:======>                       21%] [Cov:==============>                    42%]
[Progress:======>                       21%] [Cov:===================>               57%]
[Progress:======>                       21%] [Cov:====================>              58%]
[Progress:======>                       21%] [Cov:====================>              58%]
[Progress:======>                       21%] [Cov:=====================>             60%]
[Progress:======>                       21%] [Cov:=====================>             60%]
[Progress:======>                       23%] [Cov:=================>                 51%]
[Progress:======>                       23%] [Cov:===================>               57%]
[Progress:======>                       23%] [Cov:====================>              58%]
[Progress:======>                       23%] [Cov:=====================>             60%]
[Progress:=======>                      25%] [Cov:===================>               57%]
[Progress:=======>                      25%] [Cov:====================>              58%]
[Progress:=======>                      25%] [Cov:=====================>             60%]
[Progress:=======>                      25%] [Cov:=====================>             60%]
[Progress:=======>                      26%] [Cov:==================>                52%]
[Progress:=======>                      26%] [Cov:===================>               57%]
[Progress:=======>                      26%] [Cov:====================>              58%]
[Progress:=======>                      26%] [Cov:=====================>             60%]
[Progress:=======>                      26%] [Cov:=====================>             60%]
[Progress:========>                     28%] [Cov:===================>               57%]
[Progress:========>                     28%] [Cov:====================>              58%]
[Progress:========>                     28%] [Cov:=====================>             60%]
[Progress:========>                     28%] [Cov:=====================>             60%]
[Progress:=========>                    30%] [Cov:====================>              59%]
[Progress:=========>                    30%] [Cov:=====================>             60%]
[Progress:=========>                    30%] [Cov:=====================>             60%]
[Progress:=========>                    30%] [Cov:=====================>             60%]
[Progress:=========>                    31%] [Cov:=====================>             60%]
[Progress:=========>                    31%] [Cov:=====================>             60%]
[Progress:=========>                    33%] [Cov:=====================>             60%]
[Progress:=========>                    33%] [Cov:=====================>             60%]
[Progress:==========>                   35%] [Cov:=====================>             60%]
[Progress:==========>                   35%] [Cov:=====================>             60%]
[Progress:==========>                   35%] [Cov:=====================>             60%]
[Progress:==========>                   36%] [Cov:=====================>             60%]
[Progress:==========>                   36%] [Cov:=====================>             60%]
[Progress:==========>                   36%] [Cov:=====================>             60%]
[Progress:===========>                  38%] [Cov:=====================>             60%]
[Progress:===========>                  38%] [Cov:=====================>             60%]
[Progress:===========>                  38%] [Cov:=====================>             60%]
[Progress:============>                 40%] [Cov:=====================>             60%]
[Progress:============>                 40%] [Cov:=====================>             60%]
[Progress:============>                 40%] [Cov:=====================>             60%]
[Progress:============>                 41%] [Cov:=====================>             60%]
[Progress:============>                 41%] [Cov:=====================>             60%]
[Progress:============>                 41%] [Cov:=====================>             60%]
[Progress:============>                 43%] [Cov:=====================>             60%]
[Progress:============>                 43%] [Cov:=====================>             60%]
[Progress:============>                 43%] [Cov:=====================>             60%]
[Progress:=============>                45%] [Cov:=====================>             60%]
[Progress:=============>                45%] [Cov:=====================>             60%]
[Progress:=============>                45%] [Cov:=====================>             60%]
[Progress:=============>                46%] [Cov:=====================>             60%]
[Progress:=============>                46%] [Cov:=====================>             60%]
[Progress:=============>                46%] [Cov:=====================>             60%]
[Progress:==============>               48%] [Cov:=====================>             60%]
[Progress:==============>               48%] [Cov:=====================>             60%]
[Progress:==============>               48%] [Cov:=====================>             60%]
[Progress:===============>              50%] [Cov:=====================>             60%]
[Progress:===============>              50%] [Cov:=====================>             60%]
[Progress:===============>              50%] [Cov:=====================>             61%]
[Progress:===============>              50%] [Cov:=====================>             61%]
[Progress:===============>              51%] [Cov:=====================>             60%]
[Progress:===============>              51%] [Cov:======================>            63%]
[Progress:===============>              51%] [Cov:=======================>           66%]
[Progress:===============>              51%] [Cov:========================>          70%]
[Progress:===============>              51%] [Cov:=========================>         73%]
[Progress:===============>              51%] [Cov:=========================>         73%]
[Progress:===============>              51%] [Cov:=========================>         73%]
[Progress:===============>              53%] [Cov:=====================>             61%]
[Progress:===============>              53%] [Cov:=========================>         73%]
[Progress:===============>              53%] [Cov:=========================>         73%]
[Progress:================>             55%] [Cov:=====================>             61%]
[Progress:================>             55%] [Cov:=========================>         73%]
[Progress:================>             55%] [Cov:=========================>         73%]
[Progress:================>             56%] [Cov:=====================>             61%]
[Progress:================>             56%] [Cov:=========================>         73%]
[Progress:================>             56%] [Cov:=========================>         73%]
[Progress:================>             56%] [Cov:=========================>         73%]
[Progress:=================>            58%] [Cov:=========================>         73%]
[Progress:=================>            58%] [Cov:=========================>         73%]
[Progress:=================>            58%] [Cov:=========================>         73%]
[Progress:==================>           60%] [Cov:=========================>         73%]
[Progress:==================>           60%] [Cov:=========================>         73%]
[Progress:==================>           61%] [Cov:=========================>         73%]
[Progress:==================>           61%] [Cov:=========================>         73%]
[Progress:==================>           63%] [Cov:=========================>         73%]
[Progress:==================>           63%] [Cov:=========================>         73%]
[Progress:==================>           63%] [Cov:=========================>         73%]
[Progress:===================>          65%] [Cov:=========================>         73%]
[Progress:===================>          66%] [Cov:=============>                     38%]
[Progress:===================>          66%] [Cov:=======================>           67%]
[Progress:===================>          66%] [Cov:=========================>         73%]
[Progress:===================>          66%] [Cov:=========================>         73%]
[Progress:===================>          66%] [Cov:=========================>         73%]
[Progress:====================>         68%] [Cov:=========================>         73%]
[Progress:====================>         68%] [Cov:=========================>         73%]
[Progress:=====================>        70%] [Cov:=========================>         73%]
[Progress:=====================>        70%] [Cov:=========================>         74%]
[Progress:=====================>        71%] [Cov:=========================>         73%]
[Progress:=====================>        71%] [Cov:=========================>         73%]
[Progress:=====================>        71%] [Cov:=========================>         74%]
[Progress:=====================>        71%] [Cov:=========================>         73%]
[Progress:=====================>        73%] [Cov:=========================>         73%]
[Progress:=====================>        73%] [Cov:=========================>         74%]
[Progress:======================>       75%] [Cov:=========================>         73%]
[Progress:======================>       75%] [Cov:=========================>         73%]
[Progress:======================>       75%] [Cov:=========================>         74%]
[Progress:======================>       76%] [Cov:========================>          69%]
[Progress:======================>       76%] [Cov:=========================>         73%]
[Progress:=======================>      78%] [Cov:=========================>         73%]
[Progress:=======================>      78%] [Cov:=========================>         74%]
[Progress:=======================>      78%] [Cov:=========================>         73%]
[Progress:========================>     80%] [Cov:=========================>         73%]
[Progress:========================>     80%] [Cov:=========================>         73%]
[Progress:========================>     80%] [Cov:=========================>         74%]
[Progress:========================>     81%] [Cov:=========================>         73%]
[Progress:========================>     81%] [Cov:=========================>         73%]
[Progress:========================>     81%] [Cov:=========================>         74%]
[Progress:========================>     81%] [Cov:=========================>         73%]
[Progress:========================>     81%] [Cov:=========================>         74%]
[Progress:========================>     83%] [Cov:===================>               56%]
[Progress:========================>     83%] [Cov:======================>            65%]
[Progress:========================>     83%] [Cov:========================>          69%]
[Progress:========================>     83%] [Cov:=========================>         73%]
[Progress:========================>     83%] [Cov:=========================>         74%]
[Progress:========================>     83%] [Cov:=========================>         73%]
[Progress:========================>     83%] [Cov:=========================>         74%]
[Progress:=========================>    85%] [Cov:=========================>         73%]
[Progress:=========================>    85%] [Cov:=========================>         73%]
[Progress:=========================>    85%] [Cov:=========================>         74%]
[Progress:=========================>    85%] [Cov:=========================>         73%]
[Progress:=========================>    86%] [Cov:=========================>         73%]
[Progress:=========================>    86%] [Cov:=========================>         73%]
[Progress:==========================>   88%] [Cov:=========================>         73%]
[Progress:==========================>   88%] [Cov:=========================>         74%]
[Progress:==========================>   88%] [Cov:=========================>         73%]
[Progress:===========================>  90%] [Cov:=========================>         73%]
[Progress:===========================>  90%] [Cov:=========================>         73%]
[Progress:===========================>  91%] [Cov:=========================>         73%]
[Progress:===========================>  91%] [Cov:=========================>         74%]
[Progress:===========================>  91%] [Cov:=========================>         73%]
[Progress:===========================>  93%] [Cov:=========================>         73%]
[Progress:===========================>  93%] [Cov:=========================>         73%]
[Progress:===========================>  93%] [Cov:=========================>         74%]
[Progress:============================> 95%] [Cov:=========================>         73%]
[Progress:============================> 95%] [Cov:=========================>         73%]
[Progress:============================> 96%] [Cov:=========================>         73%]
[Progress:============================> 96%] [Cov:=========================>         73%]
[Progress:=============================>98%] [Cov:=========================>         72%]
[Progress:=============================>98%] [Cov:=========================>         73%]
[Progress:=============================>98%] [Cov:=========================>         74%]
[Progress:=============================>98%] [Cov:=========================>         73%]
[Progress:==============================100%] [Cov:=========================>         73%]
[Progress:==============================100%] [Cov:=========================>         73%]
[Progress:==============================100%] [Cov:=========================>         73%]
[Progress:==============================100%] [Cov:=========================>         73%]
* Search finished after 62s and 74 generations, 25759 statements, best individual has fitness: 168.47222222222223
* Minimizing test suite
* Going to analyze the coverage criteria
* Coverage analysis for criterion LINE
* Coverage of criterion LINE: 69%
* Total number of goals: 114
* Number of covered goals: 79
* Coverage analysis for criterion BRANCH
* Coverage of criterion BRANCH: 66%
* Total number of goals: 64
* Number of covered goals: 42
* Coverage analysis for criterion EXCEPTION
* Coverage of criterion EXCEPTION: 50%
* Total number of goals: 4
* Number of covered goals: 2
* Coverage analysis for criterion WEAKMUTATION
* Coverage of criterion WEAKMUTATION: 66%
* Total number of goals: 232
* Number of covered goals: 154
* Coverage analysis for criterion OUTPUT
* Coverage of criterion OUTPUT: 33%
* Total number of goals: 6
* Number of covered goals: 2
* Coverage analysis for criterion METHOD
* Coverage of criterion METHOD: 100%
* Total number of goals: 3
* Number of covered goals: 3
* Coverage analysis for criterion METHODNOEXCEPTION
* Coverage of criterion METHODNOEXCEPTION: 100%
* Total number of goals: 3
* Number of covered goals: 3
* Coverage analysis for criterion CBRANCH
* Coverage of criterion CBRANCH: 66%
* Total number of goals: 64
* Number of covered goals: 42
* Generated 6 tests with total length 42
* Resulting test suite's coverage: 74% (average coverage for all fitness functions)
* Generating assertions
* Resulting test suite's mutation score: 9%
* Compiling and checking tests
* Writing tests to file
* Writing JUnit test case 'KMeansPlusPlusClusterer_ESTest' to evosuite-tests
* Done!

* Computation finished

