CMD: /usr/lib/jvm/java-8-openjdk-amd64/bin/java -Dtools_jar_location=/usr/lib/jvm/java-8-openjdk-amd64/lib/tools.jar -jar /home/pizza/evosuite/evosuite-1.2.0.jar -generateSuite -class com.fasterxml.jackson.databind.AnnotationIntrospector -projectCP /home/pizza/evosuite/Test/JacksonDatabind-47b/target/classes:/home/pizza/defects4j/framework/projects/JacksonDatabind/lib/com/fasterxml/jackson/core/jackson-annotations/2.7.0/jackson-annotations-2.7.0.jar:/home/pizza/defects4j/framework/projects/JacksonDatabind/lib/com/fasterxml/jackson/core/jackson-core/2.7.4/jackson-core-2.7.4.jar -base_dir /home/pizza/evosuite/results/project-JacksonDatabind/JacksonDatabind-47/round02/evosuite-work -seed 11 -Dalgorithm=NSGAII -Dsearch_budget=150 -Dtest_format=JUNIT4 -Dassertions=true

* EvoSuite 1.2.0
* Going to generate test cases for class: com.fasterxml.jackson.databind.AnnotationIntrospector
* Starting Client-0
* Connecting to master process on port 8224
* Analyzing classpath: 
  - /home/pizza/evosuite/Test/JacksonDatabind-47b/target/classes
  - /home/pizza/defects4j/framework/projects/JacksonDatabind/lib/com/fasterxml/jackson/core/jackson-annotations/2.7.0/jackson-annotations-2.7.0.jar
  - /home/pizza/defects4j/framework/projects/JacksonDatabind/lib/com/fasterxml/jackson/core/jackson-core/2.7.4/jackson-core-2.7.4.jar
* Finished analyzing classpath
* Generating tests for class com.fasterxml.jackson.databind.AnnotationIntrospector
* Test criteria:
  - Line Coverage
  - Branch Coverage
  - Exception
  - Mutation testing (weak)
  - Method-Output Coverage
  - Top-Level Method Coverage
  - No-Exception Top-Level Method Coverage
  - Context Branch Coverage
* Setting up search algorithm for whole suite generation
* Total number of test goals: 
  - Line 176
  - Branch 124
  - Exception 0
  - MutationFactory 116
  - Output 373
  - Method 85
  - MethodNoException 85
  - CBranchFitnessFactory 124

[Progress:>                             0%] [Cov:>                                  0%]* Using seed 11
* Starting evolution
[MASTER] 05:52:36.039 [logback-1] WARN  TestCluster - Failed to check cache for java.util.HashMap<K, V> : Type points to itself
[MASTER] 05:52:36.510 [logback-1] WARN  TestCluster - Failed to check cache for java.util.LinkedHashSet<E> : Type points to itself
[MASTER] 05:52:37.585 [logback-1] WARN  TestCluster - Failed to check cache for java.util.Stack<E> : Type points to itself
[MASTER] 05:52:37.993 [logback-1] WARN  TestCluster - Failed to check cache for com.fasterxml.jackson.databind.JsonDeserializer<T> : Type points to itself
[MASTER] 05:52:38.115 [logback-1] WARN  TestCluster - Failed to check cache for java.util.ArrayDeque<E> : Type points to itself

[Progress:>                             1%] [Cov:>                                  0%]
[Progress:>                             2%] [Cov:>                                  0%]
[Progress:>                             2%] [Cov:====>                              13%]
[Progress:>                             2%] [Cov:====>                              14%][MASTER] 05:52:40.783 [logback-1] WARN  TestCluster - Failed to check cache for java.util.Comparator<T> : Type points to itself

[Progress:>                             3%] [Cov:====>                              14%]
[Progress:>                             3%] [Cov:=====>                             15%]
[Progress:>                             3%] [Cov:=====>                             17%]
[Progress:>                             3%] [Cov:======>                            18%]
[Progress:=>                            4%] [Cov:>                                  1%]
[Progress:=>                            4%] [Cov:>                                  2%]
[Progress:=>                            4%] [Cov:====>                              14%]
[Progress:=>                            4%] [Cov:=====>                             15%]
[Progress:=>                            4%] [Cov:=====>                             16%]
[Progress:=>                            4%] [Cov:=====>                             17%]
[Progress:=>                            4%] [Cov:======>                            18%]
[Progress:=>                            4%] [Cov:=====>                             17%][MASTER] 05:52:42.785 [logback-1] WARN  TestChromosome - Functional mock problem: org.evosuite.ga.ConstructionFailedException: Invalid generic instance
[MASTER] 05:52:42.841 [logback-1] WARN  TestChromosome - Functional mock problem: org.evosuite.ga.ConstructionFailedException: Failed to add constructor for com.fasterxml.jackson.databind.ser.BeanSerializerBuilder due to org.evosuite.ga.ConstructionFailedException: Have no generator for class com.fasterxml.jackson.databind.introspect.BasicClassIntrospector canUseFunctionalMocks=false, canBeMocked: true

[Progress:=>                            4%] [Cov:======>                            18%]
[Progress:=>                            4%] [Cov:=======>                           20%]
[Progress:=>                            4%] [Cov:=======>                           21%]
[Progress:=>                            4%] [Cov:=======>                           22%][MASTER] 05:52:43.256 [logback-1] WARN  TestChromosome - Functional mock problem: org.evosuite.ga.ConstructionFailedException: Failed to add constructor for com.fasterxml.jackson.databind.ser.BeanSerializerBuilder due to org.evosuite.ga.ConstructionFailedException: Failed to add constructor for com.fasterxml.jackson.databind.DeserializationConfig due to org.evosuite.ga.ConstructionFailedException: Failed to add constructor for com.fasterxml.jackson.databind.cfg.BaseSettings due to org.evosuite.ga.ConstructionFailedException: Invalid generic instance

[Progress:=>                            4%] [Cov:=======>                           22%]
[Progress:=>                            5%] [Cov:=======>                           22%][MASTER] 05:52:43.887 [logback-1] WARN  TestChromosome - Functional mock problem: org.evosuite.ga.ConstructionFailedException: Max recursion depth reached

[Progress:=>                            5%] [Cov:=======>                           22%]
[Progress:=>                            5%] [Cov:========>                          23%]
[Progress:=>                            6%] [Cov:======>                            19%]
[Progress:=>                            6%] [Cov:=======>                           20%]
[Progress:=>                            6%] [Cov:=======>                           21%]
[Progress:=>                            6%] [Cov:=======>                           22%]
[Progress:=>                            6%] [Cov:========>                          23%]
[Progress:=>                            6%] [Cov:========>                          23%]
[Progress:=>                            6%] [Cov:========>                          24%]
[Progress:==>                           7%] [Cov:=======>                           22%]
[Progress:==>                           7%] [Cov:========>                          23%]
[Progress:==>                           7%] [Cov:========>                          24%]
[Progress:==>                           7%] [Cov:========>                          25%]
[Progress:==>                           8%] [Cov:=======>                           21%]
[Progress:==>                           8%] [Cov:=======>                           22%]
[Progress:==>                           8%] [Cov:========>                          23%]
[Progress:==>                           8%] [Cov:========>                          24%]
[Progress:==>                           8%] [Cov:========>                          24%]
[Progress:==>                           8%] [Cov:========>                          25%]
[Progress:===>                          12%] [Cov:=======>                           22%]
[Progress:===>                          12%] [Cov:========>                          23%]
[Progress:===>                          12%] [Cov:========>                          24%]
[Progress:===>                          12%] [Cov:========>                          24%]
[Progress:===>                          12%] [Cov:========>                          25%][MASTER] 05:52:54.820 [logback-1] WARN  TestChromosome - Functional mock problem: org.evosuite.ga.ConstructionFailedException: Failed to add constructor for com.fasterxml.jackson.databind.ser.BeanSerializerBuilder due to org.evosuite.ga.ConstructionFailedException: Invalid generic instance
[MASTER] 05:52:55.238 [logback-1] WARN  TestCluster - Failed to check cache for com.fasterxml.jackson.annotation.ObjectIdGenerator<T> : Type points to itself

[Progress:===>                          12%] [Cov:========>                          25%]
[Progress:===>                          12%] [Cov:=========>                         26%]
[Progress:===>                          12%] [Cov:=========>                         27%]
[Progress:===>                          13%] [Cov:========>                          24%]
[Progress:===>                          13%] [Cov:========>                          25%]
[Progress:===>                          13%] [Cov:=========>                         26%][MASTER] 05:52:56.149 [logback-1] WARN  TestChromosome - Functional mock problem: org.evosuite.ga.ConstructionFailedException: Failed to add constructor for com.fasterxml.jackson.databind.introspect.POJOPropertyBuilder due to org.evosuite.ga.ConstructionFailedException: Invalid generic instance

[Progress:===>                          13%] [Cov:=========>                         26%]
[Progress:===>                          13%] [Cov:=========>                         27%]
[Progress:===>                          13%] [Cov:=========>                         28%]
[Progress:====>                         14%] [Cov:=========>                         27%]
[Progress:====>                         14%] [Cov:=========>                         28%]
[Progress:====>                         14%] [Cov:=========>                         28%][MASTER] 05:52:58.304 [logback-1] WARN  TestChromosome - Functional mock problem: org.evosuite.ga.ConstructionFailedException: Failed to add constructor for com.fasterxml.jackson.databind.DeserializationConfig due to org.evosuite.ga.ConstructionFailedException: Failed to add constructor for com.fasterxml.jackson.databind.DeserializationConfig due to org.evosuite.ga.ConstructionFailedException: Failed to add constructor for com.fasterxml.jackson.databind.DeserializationConfig due to org.evosuite.ga.ConstructionFailedException: Failed to add constructor for com.fasterxml.jackson.databind.cfg.BaseSettings due to org.evosuite.ga.ConstructionFailedException: Invalid generic instance

[Progress:====>                         14%] [Cov:==========>                        29%]
[Progress:====>                         15%] [Cov:========>                          25%]
[Progress:====>                         15%] [Cov:=========>                         27%]
[Progress:====>                         15%] [Cov:=========>                         28%]
[Progress:====>                         15%] [Cov:==========>                        29%]
[Progress:====>                         15%] [Cov:==========>                        29%]
[Progress:====>                         16%] [Cov:=========>                         28%]
[Progress:====>                         16%] [Cov:==========>                        29%]
[Progress:====>                         16%] [Cov:==========>                        29%]
[Progress:====>                         16%] [Cov:==========>                        30%]
[Progress:====>                         16%] [Cov:==========>                        30%]
[Progress:=====>                        17%] [Cov:=========>                         26%]
[Progress:=====>                        17%] [Cov:=========>                         27%]
[Progress:=====>                        17%] [Cov:==========>                        29%]
[Progress:=====>                        17%] [Cov:==========>                        30%][MASTER] 05:53:02.324 [logback-1] WARN  TestCluster - Failed to check cache for java.util.PriorityQueue<E> : Type points to itself

[Progress:=====>                        17%] [Cov:==========>                        31%]
[Progress:=====>                        18%] [Cov:==========>                        29%]
[Progress:=====>                        18%] [Cov:==========>                        30%]
[Progress:=====>                        18%] [Cov:==========>                        31%][MASTER] 05:53:03.128 [logback-1] WARN  TestChromosome - Functional mock problem: org.evosuite.ga.ConstructionFailedException: Failed to add constructor for com.fasterxml.jackson.databind.deser.BeanDeserializerBuilder due to org.evosuite.ga.ConstructionFailedException: Failed to add constructor for com.fasterxml.jackson.databind.DeserializationConfig due to org.evosuite.ga.ConstructionFailedException: Failed to add constructor for com.fasterxml.jackson.databind.cfg.BaseSettings due to org.evosuite.ga.ConstructionFailedException: Invalid generic instance

[Progress:=====>                        18%] [Cov:===========>                       32%][MASTER] 05:53:03.256 [logback-1] WARN  TestChromosome - Functional mock problem: org.evosuite.ga.ConstructionFailedException: Failed to add constructor for com.fasterxml.jackson.databind.introspect.AnnotatedMethod due to org.evosuite.ga.ConstructionFailedException: Failed to add constructor for com.fasterxml.jackson.databind.DeserializationConfig due to org.evosuite.ga.ConstructionFailedException: Failed to add constructor for com.fasterxml.jackson.databind.introspect.SimpleMixInResolver due to org.evosuite.ga.ConstructionFailedException: Failed to add constructor for com.fasterxml.jackson.databind.DeserializationConfig due to org.evosuite.ga.ConstructionFailedException: Max recursion depth reached

[Progress:=====>                        18%] [Cov:===========>                       32%]
[Progress:=====>                        19%] [Cov:=========>                         27%]
[Progress:=====>                        19%] [Cov:==========>                        29%]
[Progress:=====>                        19%] [Cov:==========>                        30%]
[Progress:=====>                        19%] [Cov:===========>                       32%]
[Progress:======>                       20%] [Cov:=========>                         26%]
[Progress:======>                       20%] [Cov:=========>                         27%]
[Progress:======>                       20%] [Cov:=========>                         28%]
[Progress:======>                       20%] [Cov:==========>                        29%]
[Progress:======>                       20%] [Cov:==========>                        30%]
[Progress:======>                       20%] [Cov:===========>                       32%]
[Progress:======>                       20%] [Cov:===========>                       32%]
[Progress:======>                       21%] [Cov:===========>                       32%]
[Progress:======>                       22%] [Cov:=========>                         28%]
[Progress:======>                       22%] [Cov:==========>                        29%]
[Progress:======>                       22%] [Cov:===========>                       32%]
[Progress:======>                       22%] [Cov:===========>                       32%][MASTER] 05:53:09.957 [logback-1] WARN  TestChromosome - Functional mock problem: org.evosuite.ga.ConstructionFailedException: Failed to add constructor for com.fasterxml.jackson.databind.deser.BeanDeserializerBuilder due to org.evosuite.ga.ConstructionFailedException: Invalid generic instance

[Progress:======>                       22%] [Cov:===========>                       32%]
[Progress:======>                       23%] [Cov:===========>                       32%]
[Progress:======>                       23%] [Cov:===========>                       33%]
[Progress:=======>                      24%] [Cov:=========>                         28%]
[Progress:=======>                      24%] [Cov:==========>                        29%]
[Progress:=======>                      24%] [Cov:===========>                       32%]
[Progress:=======>                      24%] [Cov:===========>                       33%]
[Progress:=======>                      24%] [Cov:===========>                       33%]
[Progress:=======>                      25%] [Cov:===========>                       32%]
[Progress:=======>                      25%] [Cov:===========>                       33%]
[Progress:=======>                      26%] [Cov:===========>                       32%]
[Progress:=======>                      26%] [Cov:===========>                       33%]
[Progress:=======>                      26%] [Cov:===========>                       33%]
[Progress:========>                     27%] [Cov:===========>                       33%]
[Progress:========>                     27%] [Cov:===========>                       33%]
[Progress:========>                     28%] [Cov:===========>                       33%]
[Progress:========>                     28%] [Cov:===========>                       33%]
[Progress:========>                     29%] [Cov:===========>                       32%]
[Progress:========>                     29%] [Cov:===========>                       33%]
[Progress:========>                     29%] [Cov:===========>                       34%]
[Progress:========>                     29%] [Cov:===========>                       33%]
[Progress:========>                     29%] [Cov:===========>                       34%]
[Progress:=========>                    30%] [Cov:===========>                       34%]
[Progress:=========>                    30%] [Cov:============>                      35%]
[Progress:=========>                    30%] [Cov:============>                      35%]
[Progress:=========>                    30%] [Cov:============>                      35%]
[Progress:=========>                    31%] [Cov:===========>                       33%]
[Progress:=========>                    31%] [Cov:===========>                       34%]
[Progress:=========>                    31%] [Cov:============>                      35%]
[Progress:=========>                    32%] [Cov:===========>                       33%]
[Progress:=========>                    32%] [Cov:===========>                       34%]
[Progress:=========>                    32%] [Cov:============>                      35%]
[Progress:=========>                    33%] [Cov:===========>                       34%]
[Progress:=========>                    33%] [Cov:============>                      35%]
[Progress:==========>                   34%] [Cov:===========>                       34%]
[Progress:==========>                   34%] [Cov:============>                      35%]
[Progress:==========>                   34%] [Cov:============>                      35%]
[Progress:==========>                   34%] [Cov:============>                      36%]
[Progress:==========>                   35%] [Cov:============>                      35%]
[Progress:==========>                   35%] [Cov:============>                      36%]
[Progress:==========>                   36%] [Cov:============>                      35%]
[Progress:==========>                   36%] [Cov:============>                      36%]
[Progress:==========>                   36%] [Cov:============>                      36%]
[Progress:===========>                  37%] [Cov:============>                      35%]
[Progress:===========>                  37%] [Cov:============>                      36%]
[Progress:===========>                  38%] [Cov:============>                      35%]
[Progress:===========>                  38%] [Cov:============>                      36%]
[Progress:===========>                  38%] [Cov:============>                      36%]
[Progress:===========>                  38%] [Cov:============>                      37%][MASTER] 05:53:33.898 [logback-1] WARN  TestCluster - Failed to check cache for com.fasterxml.jackson.databind.jsontype.TypeResolverBuilder<T> : Type points to itself

[Progress:===========>                  38%] [Cov:=============>                     38%]
[Progress:===========>                  38%] [Cov:=============>                     39%]
[Progress:===========>                  38%] [Cov:==============>                    40%]
[Progress:===========>                  39%] [Cov:============>                      35%]
[Progress:===========>                  39%] [Cov:============>                      36%]
[Progress:===========>                  39%] [Cov:==============>                    40%]
[Progress:============>                 40%] [Cov:============>                      35%]
[Progress:============>                 40%] [Cov:============>                      36%][MASTER] 05:53:35.865 [logback-1] WARN  TestCluster - Failed to check cache for java.util.Collection<E> : Type points to itself

[Progress:============>                 40%] [Cov:============>                      37%]
[Progress:============>                 40%] [Cov:==============>                    40%]
[Progress:============>                 40%] [Cov:==============>                    40%]
[Progress:============>                 41%] [Cov:============>                      36%]
[Progress:============>                 41%] [Cov:=============>                     38%]
[Progress:============>                 41%] [Cov:=============>                     39%]
[Progress:============>                 41%] [Cov:==============>                    40%]
[Progress:============>                 42%] [Cov:==============>                    40%]
[Progress:============>                 42%] [Cov:==============>                    40%]
[Progress:============>                 43%] [Cov:============>                      36%]
[Progress:============>                 43%] [Cov:==============>                    40%][MASTER] 05:53:41.821 [logback-1] WARN  TestChromosome - Functional mock problem: org.evosuite.ga.ConstructionFailedException: Failed to add constructor for com.fasterxml.jackson.databind.DeserializationConfig due to org.evosuite.ga.ConstructionFailedException: Failed to add constructor for com.fasterxml.jackson.databind.DeserializationConfig due to org.evosuite.ga.ConstructionFailedException: Failed to add constructor for com.fasterxml.jackson.databind.cfg.BaseSettings due to org.evosuite.ga.ConstructionFailedException: Max recursion depth reached

[Progress:=============>                44%] [Cov:============>                      37%]
[Progress:=============>                44%] [Cov:=============>                     39%]
[Progress:=============>                44%] [Cov:==============>                    40%][MASTER] 05:53:42.095 [logback-1] WARN  TestChromosome - Functional mock problem: org.evosuite.ga.ConstructionFailedException: Failed to add constructor for com.fasterxml.jackson.databind.SerializationConfig due to org.evosuite.ga.ConstructionFailedException: Failed to add constructor for com.fasterxml.jackson.databind.SerializationConfig due to org.evosuite.ga.ConstructionFailedException: Failed to add constructor for com.fasterxml.jackson.databind.cfg.BaseSettings due to org.evosuite.ga.ConstructionFailedException: Invalid generic instance

[Progress:=============>                44%] [Cov:==============>                    41%]
[Progress:=============>                44%] [Cov:==============>                    42%]
[Progress:=============>                44%] [Cov:==============>                    42%]
[Progress:=============>                45%] [Cov:=============>                     39%]
[Progress:=============>                45%] [Cov:==============>                    40%]
[Progress:=============>                45%] [Cov:==============>                    42%][MASTER] 05:53:44.109 [logback-1] WARN  TestChromosome - Functional mock problem: org.evosuite.ga.ConstructionFailedException: Failed to add constructor for com.fasterxml.jackson.databind.ser.BeanSerializerBuilder due to org.evosuite.ga.ConstructionFailedException: Failed to add constructor for com.fasterxml.jackson.databind.DeserializationConfig due to org.evosuite.ga.ConstructionFailedException: Failed to add constructor for com.fasterxml.jackson.databind.DeserializationConfig due to org.evosuite.ga.ConstructionFailedException: Failed to add constructor for com.fasterxml.jackson.databind.introspect.SimpleMixInResolver due to org.evosuite.ga.ConstructionFailedException: Max recursion depth reached

[Progress:=============>                46%] [Cov:=============>                     39%]
[Progress:=============>                46%] [Cov:==============>                    40%]
[Progress:=============>                46%] [Cov:==============>                    42%]
[Progress:==============>               47%] [Cov:=============>                     39%]
[Progress:==============>               47%] [Cov:==============>                    40%]
[Progress:==============>               47%] [Cov:==============>                    42%]
[Progress:==============>               47%] [Cov:==============>                    42%]
[Progress:==============>               48%] [Cov:==============>                    40%]
[Progress:==============>               48%] [Cov:==============>                    42%]
[Progress:==============>               48%] [Cov:===============>                   43%]
[Progress:==============>               48%] [Cov:===============>                   43%]
[Progress:==============>               49%] [Cov:==============>                    41%]
[Progress:==============>               49%] [Cov:==============>                    42%]
[Progress:==============>               49%] [Cov:===============>                   43%]
[Progress:===============>              50%] [Cov:==============>                    42%]
[Progress:===============>              50%] [Cov:===============>                   43%]
[Progress:===============>              50%] [Cov:===============>                   44%]
[Progress:===============>              51%] [Cov:==============>                    42%]
[Progress:===============>              51%] [Cov:===============>                   43%]
[Progress:===============>              51%] [Cov:===============>                   44%]
[Progress:===============>              52%] [Cov:==============>                    42%]
[Progress:===============>              52%] [Cov:===============>                   44%]
[Progress:===============>              53%] [Cov:==============>                    42%]
[Progress:===============>              53%] [Cov:===============>                   43%]
[Progress:===============>              53%] [Cov:===============>                   44%]
[Progress:===============>              53%] [Cov:===============>                   44%]
[Progress:================>             54%] [Cov:==============>                    42%]
[Progress:================>             54%] [Cov:===============>                   43%]
[Progress:================>             54%] [Cov:===============>                   44%]
[Progress:================>             54%] [Cov:===============>                   44%]
[Progress:================>             55%] [Cov:===============>                   44%]
[Progress:================>             55%] [Cov:===============>                   45%]
[Progress:================>             55%] [Cov:================>                  46%]
[Progress:================>             56%] [Cov:===============>                   43%]
[Progress:================>             56%] [Cov:===============>                   44%]
[Progress:================>             56%] [Cov:================>                  46%]
[Progress:=================>            57%] [Cov:===============>                   44%]
[Progress:=================>            58%] [Cov:===============>                   44%]
[Progress:=================>            58%] [Cov:================>                  46%]
[Progress:=================>            59%] [Cov:===============>                   44%]
[Progress:=================>            59%] [Cov:================>                  46%]
[Progress:==================>           60%] [Cov:==============>                    42%]
[Progress:==================>           60%] [Cov:===============>                   45%]
[Progress:==================>           60%] [Cov:================>                  46%]
[Progress:==================>           61%] [Cov:===============>                   44%]
[Progress:==================>           61%] [Cov:================>                  46%]
[Progress:==================>           62%] [Cov:===============>                   45%]
[Progress:==================>           62%] [Cov:================>                  46%]
[Progress:==================>           62%] [Cov:================>                  46%]
[Progress:==================>           63%] [Cov:================>                  46%]
[Progress:===================>          64%] [Cov:================>                  46%]
[Progress:===================>          64%] [Cov:================>                  47%]
[Progress:===================>          64%] [Cov:================>                  47%]
[Progress:===================>          65%] [Cov:===============>                   45%]
[Progress:===================>          65%] [Cov:================>                  46%]
[Progress:===================>          66%] [Cov:===============>                   45%]
[Progress:===================>          66%] [Cov:================>                  46%]
[Progress:===================>          66%] [Cov:================>                  47%]
[Progress:===================>          66%] [Cov:================>                  47%]
[Progress:====================>         67%] [Cov:==============>                    42%]
[Progress:====================>         67%] [Cov:===============>                   45%]
[Progress:====================>         67%] [Cov:================>                  46%]
[Progress:====================>         67%] [Cov:================>                  47%]
[Progress:====================>         67%] [Cov:================>                  47%]
[Progress:====================>         67%] [Cov:================>                  48%]
[Progress:====================>         68%] [Cov:================>                  48%][MASTER] 05:54:19.430 [logback-1] WARN  TestCluster - Failed to check cache for java.util.ArrayList<E> : Type points to itself

[Progress:====================>         69%] [Cov:================>                  46%]
[Progress:====================>         69%] [Cov:================>                  47%]
[Progress:====================>         69%] [Cov:================>                  48%][MASTER] 05:54:20.490 [logback-1] WARN  TestChromosome - Functional mock problem: org.evosuite.ga.ConstructionFailedException: Failed to add constructor for com.fasterxml.jackson.databind.SerializationConfig due to org.evosuite.ga.ConstructionFailedException: Failed to add constructor for com.fasterxml.jackson.databind.SerializationConfig due to org.evosuite.ga.ConstructionFailedException: Failed to add constructor for com.fasterxml.jackson.databind.SerializationConfig due to org.evosuite.ga.ConstructionFailedException: Failed to add constructor for com.fasterxml.jackson.databind.SerializationConfig due to org.evosuite.ga.ConstructionFailedException: Max recursion depth reached

[Progress:=====================>        70%] [Cov:================>                  46%]
[Progress:=====================>        70%] [Cov:================>                  47%]
[Progress:=====================>        70%] [Cov:================>                  48%]
[Progress:=====================>        70%] [Cov:================>                  48%]
[Progress:=====================>        71%] [Cov:================>                  47%]
[Progress:=====================>        71%] [Cov:================>                  48%]
[Progress:=====================>        72%] [Cov:================>                  46%]
[Progress:=====================>        72%] [Cov:================>                  47%]
[Progress:=====================>        72%] [Cov:================>                  48%]
[Progress:=====================>        72%] [Cov:================>                  48%]
[Progress:=====================>        73%] [Cov:================>                  47%]
[Progress:=====================>        73%] [Cov:================>                  48%]
[Progress:======================>       74%] [Cov:================>                  48%]
[Progress:======================>       74%] [Cov:================>                  48%]
[Progress:======================>       75%] [Cov:================>                  47%]
[Progress:======================>       75%] [Cov:================>                  48%]
[Progress:======================>       75%] [Cov:================>                  48%]
[Progress:======================>       76%] [Cov:================>                  48%]
[Progress:======================>       76%] [Cov:================>                  48%]
[Progress:=======================>      77%] [Cov:================>                  48%]
[Progress:=======================>      77%] [Cov:=================>                 49%]
[Progress:=======================>      78%] [Cov:================>                  48%]
[Progress:=======================>      78%] [Cov:=================>                 49%]
[Progress:=======================>      78%] [Cov:=================>                 49%]
[Progress:=======================>      79%] [Cov:================>                  48%]
[Progress:=======================>      79%] [Cov:=================>                 49%]
[Progress:=======================>      79%] [Cov:=================>                 50%]
[Progress:========================>     80%] [Cov:================>                  48%]
[Progress:========================>     80%] [Cov:=================>                 49%]
[Progress:========================>     80%] [Cov:=================>                 49%]
[Progress:========================>     80%] [Cov:=================>                 50%]
[Progress:========================>     81%] [Cov:================>                  48%]
[Progress:========================>     81%] [Cov:=================>                 49%]
[Progress:========================>     81%] [Cov:=================>                 50%]
[Progress:========================>     82%] [Cov:================>                  48%]
[Progress:========================>     82%] [Cov:=================>                 49%]
[Progress:========================>     82%] [Cov:=================>                 50%]
[Progress:========================>     83%] [Cov:=================>                 49%]
[Progress:========================>     83%] [Cov:=================>                 50%]
[Progress:========================>     83%] [Cov:=================>                 50%]
[Progress:=========================>    84%] [Cov:=================>                 49%]
[Progress:=========================>    84%] [Cov:=================>                 50%]
[Progress:=========================>    85%] [Cov:=================>                 49%]
[Progress:=========================>    85%] [Cov:=================>                 50%]
[Progress:=========================>    85%] [Cov:=================>                 50%]
[Progress:=========================>    85%] [Cov:=================>                 51%]
[Progress:=========================>    86%] [Cov:=================>                 50%]
[Progress:=========================>    86%] [Cov:=================>                 51%]
[Progress:==========================>   87%] [Cov:=================>                 49%]
[Progress:==========================>   87%] [Cov:=================>                 50%]
[Progress:==========================>   87%] [Cov:=================>                 51%]
[Progress:==========================>   87%] [Cov:=================>                 51%]
[Progress:==========================>   88%] [Cov:=================>                 50%]
[Progress:==========================>   88%] [Cov:=================>                 51%]
[Progress:==========================>   89%] [Cov:=================>                 49%]
[Progress:==========================>   89%] [Cov:=================>                 50%]
[Progress:==========================>   89%] [Cov:=================>                 51%]
[Progress:===========================>  90%] [Cov:=================>                 50%]
[Progress:===========================>  90%] [Cov:=================>                 51%]
[Progress:===========================>  91%] [Cov:=================>                 50%]
[Progress:===========================>  91%] [Cov:=================>                 51%]
[Progress:===========================>  91%] [Cov:=================>                 51%]
[Progress:===========================>  92%] [Cov:=================>                 50%]
[Progress:===========================>  92%] [Cov:=================>                 51%]
[Progress:===========================>  93%] [Cov:=================>                 50%]
[Progress:===========================>  93%] [Cov:=================>                 51%]
[Progress:============================> 94%] [Cov:=================>                 50%]
[Progress:============================> 94%] [Cov:=================>                 51%]
[Progress:============================> 94%] [Cov:==================>                52%]
[Progress:============================> 94%] [Cov:==================>                53%]
[Progress:============================> 95%] [Cov:=================>                 50%]
[Progress:============================> 95%] [Cov:=================>                 51%]
[Progress:============================> 95%] [Cov:==================>                53%]
[Progress:============================> 96%] [Cov:=================>                 50%]
[Progress:============================> 96%] [Cov:=================>                 51%]
[Progress:============================> 96%] [Cov:==================>                53%]
[Progress:=============================>97%] [Cov:=================>                 51%]
[Progress:=============================>97%] [Cov:==================>                52%]
[Progress:=============================>97%] [Cov:==================>                53%]
[Progress:=============================>98%] [Cov:=================>                 51%]
[Progress:=============================>98%] [Cov:==================>                53%]
[Progress:=============================>98%] [Cov:==================>                53%]
[Progress:=============================>99%] [Cov:==================>                52%]
[Progress:=============================>99%] [Cov:==================>                53%]
[Progress:==============================100%] [Cov:==================>                53%]
[Progress:==============================100%] [Cov:==================>                53%]
* Search finished after 152s and 75 generations, 30707 statements, best individual has fitness: 687.9891304347826
* Minimizing test suite
* Going to analyze the coverage criteria
* Coverage analysis for criterion LINE
* Coverage of criterion LINE: 48%
* Total number of goals: 176
* Number of covered goals: 85
* Coverage analysis for criterion BRANCH
* Coverage of criterion BRANCH: 58%
* Total number of goals: 124
* Number of covered goals: 72
* Coverage analysis for criterion EXCEPTION
* Coverage of criterion EXCEPTION: 4%
* Total number of goals: 47
* Number of covered goals: 2
* Coverage analysis for criterion WEAKMUTATION
* Coverage of criterion WEAKMUTATION: 15%
* Total number of goals: 116
* Number of covered goals: 17
* Coverage analysis for criterion OUTPUT
* Coverage of criterion OUTPUT: 18%
* Total number of goals: 373
* Number of covered goals: 68
* Coverage analysis for criterion METHOD
* Coverage of criterion METHOD: 68%
* Total number of goals: 85
* Number of covered goals: 58
* Coverage analysis for criterion METHODNOEXCEPTION
* Coverage of criterion METHODNOEXCEPTION: 66%
* Total number of goals: 85
* Number of covered goals: 56
* Coverage analysis for criterion CBRANCH
* Coverage of criterion CBRANCH: 56%
* Total number of goals: 124
* Number of covered goals: 70
* Generated 58 tests with total length 164
* Resulting test suite's coverage: 54% (average coverage for all fitness functions)
* Generating assertions
* Resulting test suite's mutation score: 10%
* Compiling and checking tests
* Writing tests to file
* Writing JUnit test case 'AnnotationIntrospector_ESTest' to evosuite-tests
* Done!

* Computation finished

