CMD: /usr/lib/jvm/java-8-openjdk-amd64/bin/java -Dtools_jar_location=/usr/lib/jvm/java-8-openjdk-amd64/lib/tools.jar -jar /home/pizza/TestRound2/evosuite-1.2.0.jar -generateSuite -class com.fasterxml.jackson.databind.deser.impl.ObjectIdReferenceProperty -projectCP /home/pizza/TestRound2/Test/JacksonDatabind-111b/target/classes:/home/pizza/defects4j/framework/projects/JacksonDatabind/lib/com/fasterxml/jackson/core/jackson-annotations/2.9.0/jackson-annotations-2.9.0.jar:/home/pizza/defects4j/framework/projects/JacksonDatabind/lib/com/fasterxml/jackson/core/jackson-core/2.9.9/jackson-core-2.9.9.jar -base_dir /home/pizza/TestRound2/results/project-JacksonDatabind/JacksonDatabind-111/round03/evosuite-work -seed 11 -Dalgorithm=NSGAII -Dsearch_budget=60 -Dtest_format=JUNIT4 -Dassertions=true

* EvoSuite 1.2.0
* Going to generate test cases for class: com.fasterxml.jackson.databind.deser.impl.ObjectIdReferenceProperty
* Starting Client-0
* Connecting to master process on port 8220
* Analyzing classpath: 
  - /home/pizza/TestRound2/Test/JacksonDatabind-111b/target/classes
  - /home/pizza/defects4j/framework/projects/JacksonDatabind/lib/com/fasterxml/jackson/core/jackson-annotations/2.9.0/jackson-annotations-2.9.0.jar
  - /home/pizza/defects4j/framework/projects/JacksonDatabind/lib/com/fasterxml/jackson/core/jackson-core/2.9.9/jackson-core-2.9.9.jar
* Finished analyzing classpath
* Generating tests for class com.fasterxml.jackson.databind.deser.impl.ObjectIdReferenceProperty
* Test criteria:
  - Line Coverage
  - Branch Coverage
  - Exception
  - Mutation testing (weak)
  - Method-Output Coverage
  - Top-Level Method Coverage
  - No-Exception Top-Level Method Coverage
  - Context Branch Coverage
* Setting up search algorithm for whole suite generation
* Total number of test goals: 
  - Line 43
  - Branch 24
  - Exception 0
  - MutationFactory 27
  - Output 59
  - Method 16
  - MethodNoException 16
  - CBranchFitnessFactory 24

[Progress:>                             0%] [Cov:>                                  0%]* Using seed 11
* Starting evolution
[MASTER] 02:22:35.798 [logback-1] WARN  TestCluster - Failed to check cache for java.util.HashMap<K, V> : Type points to itself
[MASTER] 02:22:36.218 [logback-1] WARN  TestCluster - Failed to check cache for java.util.LinkedHashSet<E> : Type points to itself
[MASTER] 02:22:36.634 [logback-1] WARN  TestCluster - Failed to check cache for java.util.HashSet<E> : Type points to itself
[MASTER] 02:22:36.867 [logback-1] WARN  TestCluster - Failed to check cache for java.util.PriorityQueue<E> : Type points to itself
[MASTER] 02:22:37.890 [logback-1] WARN  TestCluster - Failed to check cache for java.util.LinkedList<E> : Type points to itself
[MASTER] 02:22:39.061 [logback-1] WARN  TestCluster - Failed to check cache for java.util.List<E> : Type points to itself
[MASTER] 02:22:39.116 [logback-1] WARN  TestCluster - Failed to check cache for com.fasterxml.jackson.annotation.ObjectIdGenerator<T> : Type points to itself

[Progress:=>                            6%] [Cov:>                                  0%]
[Progress:==>                           8%] [Cov:>                                  0%]
[Progress:===>                          10%] [Cov:>                                  0%]
[Progress:===>                          10%] [Cov:====>                              13%][MASTER] 02:22:41.158 [logback-1] WARN  TestCluster - Failed to check cache for com.fasterxml.jackson.databind.JsonDeserializer<T> : Type points to itself

[Progress:===>                          10%] [Cov:====>                              14%]
[Progress:===>                          10%] [Cov:=====>                             15%]
[Progress:===>                          10%] [Cov:=====>                             16%]
[Progress:===>                          11%] [Cov:>                                  0%]
[Progress:===>                          11%] [Cov:====>                              13%][MASTER] 02:22:42.201 [logback-1] WARN  TestCluster - Failed to check cache for java.util.Enumeration<E> : Type points to itself

[Progress:===>                          11%] [Cov:====>                              14%]
[Progress:===>                          11%] [Cov:=====>                             15%]
[Progress:===>                          11%] [Cov:======>                            18%]
[Progress:===>                          11%] [Cov:======>                            19%]
[Progress:===>                          13%] [Cov:>                                  0%]
[Progress:===>                          13%] [Cov:====>                              13%]
[Progress:===>                          13%] [Cov:=====>                             15%]
[Progress:===>                          13%] [Cov:=====>                             16%]
[Progress:===>                          13%] [Cov:======>                            19%]
[Progress:===>                          13%] [Cov:=======>                           20%]
[Progress:===>                          13%] [Cov:=======>                           20%]
[Progress:====>                         15%] [Cov:======>                            19%]
[Progress:====>                         15%] [Cov:=======>                           20%][MASTER] 02:22:43.916 [logback-1] WARN  TestChromosome - Functional mock problem: org.evosuite.ga.ConstructionFailedException: Invalid generic instance
[MASTER] 02:22:44.152 [logback-1] WARN  TestChromosome - Functional mock problem: org.evosuite.ga.ConstructionFailedException: Failed to add constructor for com.fasterxml.jackson.databind.ser.BeanSerializerBuilder due to org.evosuite.ga.ConstructionFailedException: Failed to add constructor for com.fasterxml.jackson.databind.SerializationConfig due to org.evosuite.ga.ConstructionFailedException: Failed to add constructor for com.fasterxml.jackson.databind.cfg.BaseSettings due to org.evosuite.ga.ConstructionFailedException: Invalid generic instance

[Progress:====>                         15%] [Cov:=======>                           20%][MASTER] 02:22:44.227 [logback-1] WARN  TestChromosome - Functional mock problem: org.evosuite.ga.ConstructionFailedException: Failed to add constructor for com.fasterxml.jackson.databind.SerializationConfig due to org.evosuite.ga.ConstructionFailedException: Failed to add constructor for com.fasterxml.jackson.databind.cfg.BaseSettings due to org.evosuite.ga.ConstructionFailedException: Invalid generic instance
[MASTER] 02:22:44.267 [logback-1] WARN  TestChromosome - Functional mock problem: org.evosuite.ga.ConstructionFailedException: Failed to add constructor for com.fasterxml.jackson.databind.ser.BeanSerializerBuilder due to org.evosuite.ga.ConstructionFailedException: Failed to add constructor for com.fasterxml.jackson.databind.DeserializationConfig due to org.evosuite.ga.ConstructionFailedException: Failed to add constructor for com.fasterxml.jackson.databind.cfg.BaseSettings due to org.evosuite.ga.ConstructionFailedException: Invalid generic instance
[MASTER] 02:22:44.409 [logback-1] WARN  TestChromosome - Functional mock problem: org.evosuite.ga.ConstructionFailedException: Failed to add constructor for com.fasterxml.jackson.databind.DeserializationConfig due to org.evosuite.ga.ConstructionFailedException: Failed to add constructor for com.fasterxml.jackson.databind.cfg.BaseSettings due to org.evosuite.ga.ConstructionFailedException: Invalid generic instance

[Progress:====>                         15%] [Cov:=======>                           20%][MASTER] 02:22:44.724 [logback-1] WARN  TestChromosome - Functional mock problem: org.evosuite.ga.ConstructionFailedException: Failed to add constructor for com.fasterxml.jackson.databind.ser.BeanSerializerBuilder due to org.evosuite.ga.ConstructionFailedException: Failed to add constructor for com.fasterxml.jackson.databind.DeserializationConfig due to org.evosuite.ga.ConstructionFailedException: Failed to add constructor for com.fasterxml.jackson.databind.introspect.SimpleMixInResolver due to org.evosuite.ga.ConstructionFailedException: Failed to add constructor for com.fasterxml.jackson.databind.SerializationConfig due to org.evosuite.ga.ConstructionFailedException: Max recursion depth reached

[Progress:====>                         16%] [Cov:=======>                           20%][MASTER] 02:22:44.903 [logback-1] WARN  TestChromosome - Functional mock problem: org.evosuite.ga.ConstructionFailedException: Failed to add constructor for com.fasterxml.jackson.databind.DeserializationConfig due to org.evosuite.ga.ConstructionFailedException: Failed to add constructor for com.fasterxml.jackson.databind.cfg.BaseSettings due to org.evosuite.ga.ConstructionFailedException: Max recursion depth reached

[Progress:====>                         16%] [Cov:=======>                           20%][MASTER] 02:22:45.335 [logback-1] WARN  TestChromosome - Functional mock problem: org.evosuite.ga.ConstructionFailedException: Failed to add constructor for com.fasterxml.jackson.databind.ser.BeanSerializerBuilder due to org.evosuite.ga.ConstructionFailedException: Invalid generic instance

[Progress:=====>                        18%] [Cov:======>                            18%]
[Progress:=====>                        18%] [Cov:=======>                           20%]
[Progress:=====>                        18%] [Cov:=======>                           20%][MASTER] 02:22:46.197 [logback-1] WARN  TestChromosome - Functional mock problem: org.evosuite.ga.ConstructionFailedException: Failed to add constructor for com.fasterxml.jackson.databind.ser.BeanSerializerBuilder due to org.evosuite.ga.ConstructionFailedException: Failed to add constructor for com.fasterxml.jackson.databind.DeserializationConfig due to org.evosuite.ga.ConstructionFailedException: Failed to add constructor for com.fasterxml.jackson.databind.cfg.BaseSettings due to org.evosuite.ga.ConstructionFailedException: Max recursion depth reached
[MASTER] 02:22:46.197 [logback-1] WARN  TestChromosome - Functional mock problem: org.evosuite.ga.ConstructionFailedException: Have no generator for class com.fasterxml.jackson.databind.introspect.BasicClassIntrospector canUseFunctionalMocks=false, canBeMocked: true

[Progress:=====>                        18%] [Cov:=======>                           20%]
[Progress:======>                       20%] [Cov:=======>                           20%]
[Progress:======>                       20%] [Cov:=======>                           20%]
[Progress:======>                       20%] [Cov:=======>                           20%]
[Progress:======>                       21%] [Cov:=======>                           20%]
[Progress:======>                       21%] [Cov:=======>                           21%]
[Progress:======>                       21%] [Cov:=======>                           21%][MASTER] 02:22:48.218 [logback-1] WARN  TestChromosome - Functional mock problem: org.evosuite.ga.ConstructionFailedException: Failed to add constructor for com.fasterxml.jackson.databind.ser.BeanSerializerBuilder due to org.evosuite.ga.ConstructionFailedException: Max recursion depth reached

[Progress:======>                       21%] [Cov:=======>                           21%]
[Progress:======>                       21%] [Cov:=======>                           21%]
[Progress:======>                       23%] [Cov:=======>                           20%]
[Progress:======>                       23%] [Cov:=======>                           21%]
[Progress:======>                       23%] [Cov:=======>                           21%][MASTER] 02:22:49.378 [logback-1] WARN  TestChromosome - Functional mock problem: org.evosuite.ga.ConstructionFailedException: Failed to add constructor for com.fasterxml.jackson.databind.deser.impl.ObjectIdReferenceProperty due to org.evosuite.ga.ConstructionFailedException: Failed to add constructor for com.fasterxml.jackson.databind.deser.impl.ObjectIdReferenceProperty due to org.evosuite.ga.ConstructionFailedException: Max recursion depth reached

[Progress:======>                       23%] [Cov:=======>                           21%]
[Progress:=======>                      25%] [Cov:=======>                           21%]
[Progress:=======>                      25%] [Cov:=======>                           21%]
[Progress:=======>                      25%] [Cov:========>                          23%]
[Progress:=======>                      25%] [Cov:========>                          23%]
[Progress:=======>                      25%] [Cov:========>                          23%]
[Progress:=======>                      26%] [Cov:=======>                           21%]
[Progress:=======>                      26%] [Cov:=======>                           22%]
[Progress:=======>                      26%] [Cov:========>                          23%]
[Progress:=======>                      26%] [Cov:=======>                           22%]
[Progress:=======>                      26%] [Cov:========>                          23%]
[Progress:=======>                      26%] [Cov:=======>                           22%]
[Progress:=======>                      26%] [Cov:========>                          23%]
[Progress:=======>                      26%] [Cov:=======>                           22%]
[Progress:=======>                      26%] [Cov:========>                          23%]
[Progress:========>                     28%] [Cov:=======>                           21%]
[Progress:========>                     28%] [Cov:========>                          23%]
[Progress:========>                     28%] [Cov:=======>                           22%]
[Progress:========>                     28%] [Cov:========>                          23%]
[Progress:========>                     28%] [Cov:=======>                           22%]
[Progress:========>                     28%] [Cov:========>                          23%][MASTER] 02:22:52.794 [logback-1] WARN  TestCluster - Failed to check cache for java.util.Vector<E> : Type points to itself

[Progress:=========>                    30%] [Cov:========>                          23%]
[Progress:=========>                    30%] [Cov:=======>                           22%]
[Progress:=========>                    30%] [Cov:========>                          23%]
[Progress:=========>                    30%] [Cov:=======>                           22%]
[Progress:=========>                    30%] [Cov:========>                          23%]
[Progress:=========>                    30%] [Cov:=======>                           22%]
[Progress:=========>                    30%] [Cov:========>                          23%][MASTER] 02:22:53.439 [logback-1] WARN  TestChromosome - Functional mock problem: org.evosuite.ga.ConstructionFailedException: Failed to add constructor for com.fasterxml.jackson.databind.ser.BeanSerializerBuilder due to org.evosuite.ga.ConstructionFailedException: Failed to add constructor for com.fasterxml.jackson.databind.SerializationConfig due to org.evosuite.ga.ConstructionFailedException: Failed to add constructor for com.fasterxml.jackson.databind.cfg.BaseSettings due to org.evosuite.ga.ConstructionFailedException: Max recursion depth reached

[Progress:=========>                    30%] [Cov:========>                          23%]
[Progress:=========>                    31%] [Cov:========>                          23%]
[Progress:=========>                    31%] [Cov:========>                          23%]
[Progress:=========>                    31%] [Cov:========>                          23%][MASTER] 02:22:54.616 [logback-1] WARN  TestChromosome - Functional mock problem: org.evosuite.ga.ConstructionFailedException: Failed to add constructor for com.fasterxml.jackson.databind.DeserializationConfig due to org.evosuite.ga.ConstructionFailedException: Failed to add constructor for com.fasterxml.jackson.databind.introspect.SimpleMixInResolver due to org.evosuite.ga.ConstructionFailedException: Failed to add constructor for com.fasterxml.jackson.databind.SerializationConfig due to org.evosuite.ga.ConstructionFailedException: Max recursion depth reached

[Progress:=========>                    31%] [Cov:========>                          23%]
[Progress:=========>                    33%] [Cov:========>                          23%]
[Progress:=========>                    33%] [Cov:========>                          23%]
[Progress:=========>                    33%] [Cov:========>                          23%][MASTER] 02:22:55.418 [logback-1] WARN  TestCluster - Failed to check cache for java.util.TreeSet<E> : Type points to itself
[MASTER] 02:22:55.466 [logback-1] WARN  TestChromosome - Functional mock problem: org.evosuite.ga.ConstructionFailedException: Failed to add constructor for com.fasterxml.jackson.databind.ser.BeanSerializerBuilder due to org.evosuite.ga.ConstructionFailedException: Have no generator for class com.fasterxml.jackson.databind.introspect.BasicClassIntrospector canUseFunctionalMocks=false, canBeMocked: true

[Progress:=========>                    33%] [Cov:========>                          23%][MASTER] 02:22:55.622 [logback-1] WARN  TestChromosome - Functional mock problem: org.evosuite.ga.ConstructionFailedException: Failed to add constructor for com.fasterxml.jackson.databind.SerializationConfig due to org.evosuite.ga.ConstructionFailedException: Failed to add constructor for com.fasterxml.jackson.databind.introspect.SimpleMixInResolver due to org.evosuite.ga.ConstructionFailedException: Failed to add constructor for com.fasterxml.jackson.databind.DeserializationConfig due to org.evosuite.ga.ConstructionFailedException: Max recursion depth reached

[Progress:==========>                   35%] [Cov:======>                            18%]
[Progress:==========>                   35%] [Cov:=======>                           21%]
[Progress:==========>                   35%] [Cov:=======>                           22%]
[Progress:==========>                   35%] [Cov:========>                          23%]
[Progress:==========>                   35%] [Cov:========>                          23%]
[Progress:==========>                   35%] [Cov:========>                          23%]
[Progress:==========>                   35%] [Cov:========>                          23%]
[Progress:==========>                   35%] [Cov:========>                          23%]
[Progress:==========>                   36%] [Cov:========>                          23%]
[Progress:==========>                   36%] [Cov:========>                          23%]
[Progress:==========>                   36%] [Cov:========>                          23%]
[Progress:==========>                   36%] [Cov:========>                          25%]
[Progress:==========>                   36%] [Cov:========>                          24%]
[Progress:===========>                  38%] [Cov:=======>                           22%]
[Progress:===========>                  38%] [Cov:========>                          23%]
[Progress:===========>                  38%] [Cov:========>                          24%]
[Progress:===========>                  38%] [Cov:========>                          24%]
[Progress:===========>                  38%] [Cov:========>                          25%]
[Progress:===========>                  38%] [Cov:========>                          24%][MASTER] 02:22:58.389 [logback-1] WARN  TestCluster - Failed to check cache for java.util.Stack<E> : Type points to itself

[Progress:===========>                  38%] [Cov:========>                          25%]
[Progress:===========>                  38%] [Cov:========>                          24%]
[Progress:===========>                  38%] [Cov:========>                          25%]
[Progress:============>                 40%] [Cov:========>                          24%]
[Progress:============>                 40%] [Cov:========>                          25%]
[Progress:============>                 40%] [Cov:========>                          24%]
[Progress:============>                 40%] [Cov:========>                          25%]
[Progress:============>                 40%] [Cov:=========>                         26%]
[Progress:============>                 40%] [Cov:========>                          25%]
[Progress:============>                 40%] [Cov:=========>                         26%][MASTER] 02:22:59.435 [logback-1] WARN  TestChromosome - Functional mock problem: org.evosuite.ga.ConstructionFailedException: Failed to add constructor for com.fasterxml.jackson.databind.deser.impl.ObjectIdReferenceProperty due to org.evosuite.ga.ConstructionFailedException: Failed to add constructor for com.fasterxml.jackson.databind.deser.CreatorProperty due to org.evosuite.ga.ConstructionFailedException: Max recursion depth reached

[Progress:============>                 40%] [Cov:========>                          25%]
[Progress:============>                 40%] [Cov:=========>                         26%]
[Progress:============>                 41%] [Cov:========>                          25%]
[Progress:============>                 41%] [Cov:=========>                         26%]
[Progress:============>                 41%] [Cov:========>                          24%]
[Progress:============>                 41%] [Cov:========>                          25%]
[Progress:============>                 41%] [Cov:=========>                         26%][MASTER] 02:23:00.199 [logback-1] WARN  TestChromosome - Functional mock problem: org.evosuite.ga.ConstructionFailedException: Max recursion depth reached

[Progress:============>                 41%] [Cov:========>                          24%]
[Progress:============>                 41%] [Cov:========>                          25%]
[Progress:============>                 41%] [Cov:=========>                         26%]
[Progress:============>                 41%] [Cov:=========>                         26%]
[Progress:============>                 43%] [Cov:========>                          25%]
[Progress:============>                 43%] [Cov:=========>                         26%]
[Progress:============>                 43%] [Cov:========>                          23%]
[Progress:============>                 43%] [Cov:========>                          24%]
[Progress:============>                 43%] [Cov:========>                          25%]
[Progress:============>                 43%] [Cov:=========>                         26%]
[Progress:============>                 43%] [Cov:========>                          25%]
[Progress:============>                 43%] [Cov:=========>                         26%]
[Progress:============>                 43%] [Cov:=========>                         26%]
[Progress:=============>                45%] [Cov:=========>                         26%]
[Progress:=============>                45%] [Cov:=========>                         26%]
[Progress:=============>                45%] [Cov:=========>                         26%]
[Progress:=============>                46%] [Cov:========>                          25%]
[Progress:=============>                46%] [Cov:=========>                         26%]
[Progress:=============>                46%] [Cov:=========>                         26%]
[Progress:=============>                46%] [Cov:=========>                         26%]
[Progress:=============>                46%] [Cov:=========>                         26%]
[Progress:==============>               48%] [Cov:=========>                         26%]
[Progress:==============>               48%] [Cov:=========>                         26%]
[Progress:==============>               48%] [Cov:=========>                         26%]
[Progress:===============>              50%] [Cov:========>                          25%]
[Progress:===============>              50%] [Cov:=========>                         26%]
[Progress:===============>              50%] [Cov:=========>                         26%][MASTER] 02:23:05.346 [logback-1] WARN  TestCluster - Failed to check cache for java.util.EnumSet<E> : Type points to itself

[Progress:===============>              50%] [Cov:=========>                         26%]
[Progress:===============>              50%] [Cov:=========>                         26%]
[Progress:===============>              51%] [Cov:=========>                         26%]
[Progress:===============>              51%] [Cov:=========>                         27%]
[Progress:===============>              51%] [Cov:=========>                         28%]
[Progress:===============>              51%] [Cov:=========>                         28%]
[Progress:===============>              51%] [Cov:=========>                         28%]
[Progress:===============>              53%] [Cov:=========>                         27%]
[Progress:===============>              53%] [Cov:=========>                         28%]
[Progress:===============>              53%] [Cov:=========>                         28%]
[Progress:===============>              53%] [Cov:==========>                        29%]
[Progress:===============>              53%] [Cov:==========>                        29%]
[Progress:===============>              53%] [Cov:==========>                        30%]
[Progress:===============>              53%] [Cov:==========>                        30%]
[Progress:===============>              53%] [Cov:==========>                        31%]
[Progress:================>             55%] [Cov:=========>                         28%]
[Progress:================>             55%] [Cov:==========>                        30%]
[Progress:================>             55%] [Cov:==========>                        31%]
[Progress:================>             55%] [Cov:==========>                        31%]
[Progress:================>             55%] [Cov:===========>                       32%]
[Progress:================>             56%] [Cov:=========>                         28%]
[Progress:================>             56%] [Cov:==========>                        29%]
[Progress:================>             56%] [Cov:==========>                        30%]
[Progress:================>             56%] [Cov:===========>                       32%]
[Progress:================>             56%] [Cov:===========>                       34%]
[Progress:================>             56%] [Cov:============>                      36%]
[Progress:================>             56%] [Cov:============>                      37%]
[Progress:================>             56%] [Cov:============>                      37%]
[Progress:================>             56%] [Cov:============>                      37%]
[Progress:=================>            58%] [Cov:==========>                        30%]
[Progress:=================>            58%] [Cov:===========>                       34%]
[Progress:=================>            58%] [Cov:============>                      37%]
[Progress:=================>            58%] [Cov:============>                      36%]
[Progress:=================>            58%] [Cov:============>                      37%]
[Progress:=================>            58%] [Cov:=============>                     39%]
[Progress:=================>            58%] [Cov:==============>                    41%]
[Progress:=================>            58%] [Cov:==============>                    41%]
[Progress:==================>           60%] [Cov:============>                      36%]
[Progress:==================>           60%] [Cov:============>                      37%]
[Progress:==================>           60%] [Cov:==============>                    41%]
[Progress:==================>           60%] [Cov:==============>                    41%]
[Progress:==================>           60%] [Cov:=============>                     39%]
[Progress:==================>           60%] [Cov:==============>                    40%]
[Progress:==================>           60%] [Cov:==============>                    41%]
[Progress:==================>           61%] [Cov:=============>                     39%]
[Progress:==================>           61%] [Cov:==============>                    41%]
[Progress:==================>           61%] [Cov:=============>                     39%]
[Progress:==================>           61%] [Cov:==============>                    41%]
[Progress:==================>           61%] [Cov:==============>                    42%]
[Progress:==================>           61%] [Cov:===============>                   43%]
[Progress:==================>           61%] [Cov:===============>                   43%]
[Progress:==================>           61%] [Cov:===============>                   44%]
[Progress:==================>           63%] [Cov:==============>                    41%]
[Progress:==================>           63%] [Cov:==============>                    42%]
[Progress:==================>           63%] [Cov:===============>                   43%]
[Progress:==================>           63%] [Cov:===============>                   43%]
[Progress:==================>           63%] [Cov:===============>                   44%]
[Progress:==================>           63%] [Cov:===============>                   43%]
[Progress:===================>          65%] [Cov:==============>                    41%]
[Progress:===================>          65%] [Cov:===============>                   43%]
[Progress:===================>          65%] [Cov:===============>                   45%]
[Progress:===================>          65%] [Cov:================>                  46%]
[Progress:===================>          65%] [Cov:================>                  46%]
[Progress:===================>          66%] [Cov:===============>                   43%]
[Progress:===================>          66%] [Cov:===============>                   44%]
[Progress:===================>          66%] [Cov:===============>                   45%]
[Progress:===================>          66%] [Cov:================>                  46%]
[Progress:===================>          66%] [Cov:================>                  46%]
[Progress:===================>          66%] [Cov:================>                  47%]
[Progress:===================>          66%] [Cov:================>                  48%]
[Progress:===================>          66%] [Cov:=================>                 49%]
[Progress:===================>          66%] [Cov:=================>                 49%]
[Progress:====================>         68%] [Cov:================>                  48%]
[Progress:====================>         68%] [Cov:=================>                 49%]
[Progress:====================>         68%] [Cov:=================>                 49%]
[Progress:====================>         68%] [Cov:=================>                 50%]
[Progress:=====================>        70%] [Cov:==============>                    42%]
[Progress:=====================>        70%] [Cov:================>                  48%]
[Progress:=====================>        70%] [Cov:=================>                 49%]
[Progress:=====================>        70%] [Cov:=================>                 50%]
[Progress:=====================>        70%] [Cov:=================>                 50%]
[Progress:=====================>        71%] [Cov:=================>                 50%]
[Progress:=====================>        71%] [Cov:=================>                 50%]
[Progress:=====================>        71%] [Cov:=================>                 51%]
[Progress:=====================>        71%] [Cov:=================>                 49%]
[Progress:=====================>        71%] [Cov:=================>                 50%]
[Progress:=====================>        73%] [Cov:=================>                 50%]
[Progress:=====================>        73%] [Cov:=================>                 51%]
[Progress:=====================>        73%] [Cov:=================>                 49%]
[Progress:=====================>        73%] [Cov:=================>                 50%]
[Progress:=====================>        73%] [Cov:=================>                 51%]
[Progress:======================>       75%] [Cov:=================>                 49%]
[Progress:======================>       75%] [Cov:=================>                 50%]
[Progress:======================>       75%] [Cov:================>                  48%]
[Progress:======================>       75%] [Cov:=================>                 49%]
[Progress:======================>       75%] [Cov:=================>                 50%]
[Progress:======================>       75%] [Cov:=================>                 51%]
[Progress:======================>       75%] [Cov:=================>                 51%]
[Progress:======================>       76%] [Cov:=================>                 50%]
[Progress:======================>       76%] [Cov:=================>                 51%]
[Progress:======================>       76%] [Cov:=================>                 51%]
[Progress:======================>       76%] [Cov:==================>                52%]
[Progress:======================>       76%] [Cov:==================>                53%]
[Progress:=======================>      78%] [Cov:=================>                 49%]
[Progress:=======================>      78%] [Cov:=================>                 50%]
[Progress:=======================>      78%] [Cov:=================>                 51%]
[Progress:=======================>      78%] [Cov:==================>                53%]
[Progress:=======================>      78%] [Cov:==================>                54%]
[Progress:=======================>      78%] [Cov:===================>               55%]
[Progress:=======================>      78%] [Cov:===================>               55%]
[Progress:========================>     80%] [Cov:==================>                52%]
[Progress:========================>     80%] [Cov:==================>                53%]
[Progress:========================>     80%] [Cov:==================>                54%]
[Progress:========================>     80%] [Cov:===================>               55%]
[Progress:========================>     80%] [Cov:===================>               55%]
[Progress:========================>     80%] [Cov:===================>               56%]
[Progress:========================>     81%] [Cov:=================>                 50%]
[Progress:========================>     81%] [Cov:=================>                 51%]
[Progress:========================>     81%] [Cov:==================>                52%]
[Progress:========================>     81%] [Cov:==================>                53%]
[Progress:========================>     81%] [Cov:===================>               55%]
[Progress:========================>     81%] [Cov:===================>               56%]
[Progress:========================>     81%] [Cov:===================>               57%]
[Progress:========================>     81%] [Cov:===================>               56%]
[Progress:========================>     83%] [Cov:=================>                 51%]
[Progress:========================>     83%] [Cov:==================>                52%]
[Progress:========================>     83%] [Cov:==================>                53%]
[Progress:========================>     83%] [Cov:===================>               55%]
[Progress:========================>     83%] [Cov:===================>               56%]
[Progress:========================>     83%] [Cov:===================>               57%]
[Progress:========================>     83%] [Cov:===================>               56%]
[Progress:========================>     83%] [Cov:===================>               57%]
[Progress:========================>     83%] [Cov:====================>              58%]
[Progress:=========================>    85%] [Cov:===================>               55%]
[Progress:=========================>    85%] [Cov:===================>               56%]
[Progress:=========================>    85%] [Cov:===================>               57%]
[Progress:=========================>    85%] [Cov:====================>              58%]
[Progress:=========================>    85%] [Cov:===================>               56%]
[Progress:=========================>    85%] [Cov:===================>               57%]
[Progress:=========================>    86%] [Cov:===================>               55%]
[Progress:=========================>    86%] [Cov:===================>               56%]
[Progress:=========================>    86%] [Cov:===================>               57%]
[Progress:=========================>    86%] [Cov:=====================>             60%]
[Progress:=========================>    86%] [Cov:=====================>             61%]
[Progress:=========================>    86%] [Cov:=====================>             62%]
[Progress:=========================>    86%] [Cov:=====================>             62%]
[Progress:==========================>   88%] [Cov:===================>               55%]
[Progress:==========================>   88%] [Cov:===================>               56%]
[Progress:==========================>   88%] [Cov:===================>               57%]
[Progress:==========================>   88%] [Cov:====================>              58%]
[Progress:==========================>   88%] [Cov:=====================>             61%]
[Progress:==========================>   88%] [Cov:=====================>             62%]
[Progress:==========================>   88%] [Cov:======================>            63%]
[Progress:==========================>   88%] [Cov:======================>            63%]
[Progress:===========================>  90%] [Cov:===================>               56%]
[Progress:===========================>  90%] [Cov:===================>               57%]
[Progress:===========================>  90%] [Cov:=====================>             60%]
[Progress:===========================>  90%] [Cov:=====================>             61%]
[Progress:===========================>  90%] [Cov:=====================>             62%]
[Progress:===========================>  90%] [Cov:======================>            63%]
[Progress:===========================>  90%] [Cov:=====================>             62%]
[Progress:===========================>  90%] [Cov:======================>            63%]
[Progress:===========================>  91%] [Cov:=====================>             60%]
[Progress:===========================>  91%] [Cov:=====================>             61%]
[Progress:===========================>  91%] [Cov:=====================>             62%]
[Progress:===========================>  91%] [Cov:=====================>             62%]
[Progress:===========================>  91%] [Cov:======================>            63%]
[Progress:===========================>  91%] [Cov:=====================>             62%]
[Progress:===========================>  93%] [Cov:====================>              59%]
[Progress:===========================>  93%] [Cov:=====================>             62%]
[Progress:===========================>  93%] [Cov:======================>            63%]
[Progress:===========================>  93%] [Cov:=====================>             62%]
[Progress:===========================>  93%] [Cov:======================>            63%]
[Progress:============================> 95%] [Cov:=====================>             62%]
[Progress:============================> 95%] [Cov:======================>            63%]
[Progress:============================> 95%] [Cov:=====================>             62%]
[Progress:============================> 95%] [Cov:======================>            63%]
[Progress:============================> 96%] [Cov:======================>            63%]
[Progress:============================> 96%] [Cov:=====================>             62%]
[Progress:============================> 96%] [Cov:======================>            63%]
[Progress:============================> 96%] [Cov:=====================>             61%]
[Progress:============================> 96%] [Cov:======================>            63%]
[Progress:=============================>98%] [Cov:======================>            63%]
[Progress:=============================>98%] [Cov:======================>            64%]
[Progress:=============================>98%] [Cov:======================>            64%]
[Progress:==============================100%] [Cov:======================>            64%]
[Progress:==============================100%] [Cov:======================>            64%]
[Progress:==============================100%] [Cov:======================>            63%]
[Progress:==============================100%] [Cov:======================>            64%]
* Search finished after 61s and 110 generations, 29535 statements, best individual has fitness: 102.92307692307692
* Minimizing test suite
* Going to analyze the coverage criteria
* Coverage analysis for criterion LINE
* Coverage of criterion LINE: 72%
* Total number of goals: 43
* Number of covered goals: 31
* Coverage analysis for criterion BRANCH
* Coverage of criterion BRANCH: 58%
* Total number of goals: 24
* Number of covered goals: 14
* Coverage analysis for criterion EXCEPTION
* Coverage of criterion EXCEPTION: 78%
* Total number of goals: 9
* Number of covered goals: 7
* Coverage analysis for criterion WEAKMUTATION
* Coverage of criterion WEAKMUTATION: 67%
* Total number of goals: 27
* Number of covered goals: 18
* Coverage analysis for criterion OUTPUT
* Coverage of criterion OUTPUT: 29%
* Total number of goals: 59
* Number of covered goals: 17
* Coverage analysis for criterion METHOD
* Coverage of criterion METHOD: 94%
* Total number of goals: 16
* Number of covered goals: 15
* Coverage analysis for criterion METHODNOEXCEPTION
* Coverage of criterion METHODNOEXCEPTION: 56%
* Total number of goals: 16
* Number of covered goals: 9
* Coverage analysis for criterion CBRANCH
* Coverage of criterion CBRANCH: 54%
* Total number of goals: 24
* Number of covered goals: 13
* Generated 16 tests with total length 166
* Resulting test suite's coverage: 64% (average coverage for all fitness functions)
* Generating assertions
* Resulting test suite's mutation score: 4%
* Compiling and checking tests
* Writing tests to file
* Writing JUnit test case 'ObjectIdReferenceProperty_ESTest' to evosuite-tests
* Done!

* Computation finished

[MASTER] 02:23:42.135 [logback-2] ERROR JUnitAnalyzer - Compilation failed on compilation units: [RegularFileObject[/tmp/EvoSuite_11_1790882622045/com/fasterxml/jackson/databind/deser/impl/ObjectIdReferenceProperty_11_tmp__ESTest.java], RegularFileObject[/tmp/EvoSuite_11_1790882622045/com/fasterxml/jackson/databind/deser/impl/ObjectIdReferenceProperty_11_tmp__ESTest_scaffolding.java]]
[MASTER] 02:23:42.135 [logback-2] ERROR JUnitAnalyzer - Classpath: /home/pizza/TestRound2/Test/JacksonDatabind-111b/target/classes:/home/pizza/defects4j/framework/projects/JacksonDatabind/lib/com/fasterxml/jackson/core/jackson-annotations/2.9.0/jackson-annotations-2.9.0.jar:/home/pizza/defects4j/framework/projects/JacksonDatabind/lib/com/fasterxml/jackson/core/jackson-core/2.9.9/jackson-core-2.9.9.jar:/home/pizza/TestRound2/evosuite-1.2.0.jar:/home/pizza/TestRound2/Test/JacksonDatabind-111b/target/classes:/home/pizza/defects4j/framework/projects/JacksonDatabind/lib/com/fasterxml/jackson/core/jackson-annotations/2.9.0/jackson-annotations-2.9.0.jar:/home/pizza/defects4j/framework/projects/JacksonDatabind/lib/com/fasterxml/jackson/core/jackson-core/2.9.9/jackson-core-2.9.9.jar
[MASTER] 02:23:42.135 [logback-2] ERROR JUnitAnalyzer - evosuiteCP: /home/pizza/TestRound2/evosuite-1.2.0.jar:/home/pizza/TestRound2/Test/JacksonDatabind-111b/target/classes:/home/pizza/defects4j/framework/projects/JacksonDatabind/lib/com/fasterxml/jackson/core/jackson-annotations/2.9.0/jackson-annotations-2.9.0.jar:/home/pizza/defects4j/framework/projects/JacksonDatabind/lib/com/fasterxml/jackson/core/jackson-core/2.9.9/jackson-core-2.9.9.jar
[MASTER] 02:23:42.147 [logback-2] ERROR JUnitAnalyzer - Diagnostic: no suitable constructor found for ObjectIdInfo(com.fasterxml.jackson.databind.PropertyName,java.lang.Class<java.lang.Object>,java.lang.Class<com.fasterxml.jackson.annotation.ObjectIdGenerator>,java.lang.Class<com.fasterxml.jackson.annotation.SimpleObjectIdResolver>)
    constructor com.fasterxml.jackson.databind.introspect.ObjectIdInfo.ObjectIdInfo(com.fasterxml.jackson.databind.PropertyName,java.lang.Class<?>,java.lang.Class<? extends com.fasterxml.jackson.annotation.ObjectIdGenerator<?>>,java.lang.Class<? extends com.fasterxml.jackson.annotation.ObjectIdResolver>) is not applicable
      (argument mismatch; java.lang.Class<com.fasterxml.jackson.annotation.ObjectIdGenerator> cannot be converted to java.lang.Class<? extends com.fasterxml.jackson.annotation.ObjectIdGenerator<?>>)
    constructor com.fasterxml.jackson.databind.introspect.ObjectIdInfo.ObjectIdInfo(com.fasterxml.jackson.databind.PropertyName,java.lang.Class<?>,java.lang.Class<? extends com.fasterxml.jackson.annotation.ObjectIdGenerator<?>>,boolean) is not applicable
      (argument mismatch; java.lang.Class<com.fasterxml.jackson.annotation.ObjectIdGenerator> cannot be converted to java.lang.Class<? extends com.fasterxml.jackson.annotation.ObjectIdGenerator<?>>): 30
[MASTER] 02:23:42.147 [logback-2] ERROR JUnitAnalyzer - Diagnostic: Some messages have been simplified; recompile with -Xdiags:verbose to get full output: -1
[MASTER] 02:23:42.150 [logback-2] ERROR JUnitAnalyzer - RegularFileObject[/tmp/EvoSuite_11_1790882622045/com/fasterxml/jackson/databind/deser/impl/ObjectIdReferenceProperty_11_tmp__ESTest.java]
1: /*
2:  * This file was automatically generated by EvoSuite
3:  * Thu Oct 01 19:23:42 GMT 2026
4:  */
5: 
6: package com.fasterxml.jackson.databind.deser.impl;
7: 
8: import org.junit.Test;
9: import static org.junit.Assert.*;
10: import static org.evosuite.runtime.EvoAssertions.*;
11: import com.fasterxml.jackson.annotation.ObjectIdGenerator;
12: import com.fasterxml.jackson.annotation.SimpleObjectIdResolver;
13: import com.fasterxml.jackson.databind.PropertyName;
14: import com.fasterxml.jackson.databind.deser.SettableBeanProperty;
15: import com.fasterxml.jackson.databind.deser.impl.ObjectIdReferenceProperty;
16: import com.fasterxml.jackson.databind.introspect.ObjectIdInfo;
17: import org.evosuite.runtime.EvoRunner;
18: import org.evosuite.runtime.EvoRunnerParameters;
19: import org.junit.runner.RunWith;
20: 
21: @RunWith(EvoRunner.class) @EvoRunnerParameters(mockJVMNonDeterminism = true, useVFS = true, useVNET = true, resetStaticState = true) 
22: public class ObjectIdReferenceProperty_11_tmp__ESTest extends ObjectIdReferenceProperty_11_tmp__ESTest_scaffolding {
23: 
24:   @Test(timeout = 4000)
25:   public void test0()  throws Throwable  {
26:       PropertyName propertyName0 = new PropertyName("kEY-A2+@7Y");
27:       Class<Object> class0 = Object.class;
28:       Class<ObjectIdGenerator> class1 = ObjectIdGenerator.class;
29:       Class<SimpleObjectIdResolver> class2 = SimpleObjectIdResolver.class;
30:       ObjectIdInfo objectIdInfo0 = new ObjectIdInfo(propertyName0, class0, class1, class2);
31:       ObjectIdReferenceProperty objectIdReferenceProperty0 = null;
32:       try {
33:         objectIdReferenceProperty0 = new ObjectIdReferenceProperty((SettableBeanProperty) null, objectIdInfo0);
34:         fail("Expecting exception: NullPointerException");
35:       
36:       } catch(NullPointerException e) {
37:          //
38:          // no message in exception (getMessage() returned null)
39:          //
40:          verifyException("com.fasterxml.jackson.databind.introspect.ConcreteBeanPropertyBase", e);
41:       }
42:   }
43: }
RegularFileObject[/tmp/EvoSuite_11_1790882622045/com/fasterxml/jackson/databind/deser/impl/ObjectIdReferenceProperty_11_tmp__ESTest.java]
1: /**
2:  * Scaffolding file used to store all the setups needed to run 
3:  * tests automatically generated by EvoSuite
4:  * Thu Oct 01 19:23:42 GMT 2026
5:  */
6: 
7: package com.fasterxml.jackson.databind.deser.impl;
8: 
9: import org.evosuite.runtime.annotation.EvoSuiteClassExclude;
10: import org.junit.BeforeClass;
11: import org.junit.Before;
12: import org.junit.After;
13: import org.junit.AfterClass;
14: import org.evosuite.runtime.sandbox.Sandbox;
15: import org.evosuite.runtime.sandbox.Sandbox.SandboxMode;
16: 
17: @EvoSuiteClassExclude
18: public class ObjectIdReferenceProperty_11_tmp__ESTest_scaffolding {
19: 
20:   @org.junit.Rule
21:   public org.evosuite.runtime.vnet.NonFunctionalRequirementRule nfr = new org.evosuite.runtime.vnet.NonFunctionalRequirementRule();
22: 
23:   private static final java.util.Properties defaultProperties = (java.util.Properties) java.lang.System.getProperties().clone(); 
24: 
25:   private org.evosuite.runtime.thread.ThreadStopper threadStopper =  new org.evosuite.runtime.thread.ThreadStopper (org.evosuite.runtime.thread.KillSwitchHandler.getInstance(), 3000);
26: 
27: 
28:   @BeforeClass
29:   public static void initEvoSuiteFramework() { 
30:     org.evosuite.runtime.RuntimeSettings.className = "com.fasterxml.jackson.databind.deser.impl.ObjectIdReferenceProperty"; 
31:     org.evosuite.runtime.GuiSupport.initialize(); 
32:     org.evosuite.runtime.RuntimeSettings.maxNumberOfThreads = 100; 
33:     org.evosuite.runtime.RuntimeSettings.maxNumberOfIterationsPerLoop = 10000; 
34:     org.evosuite.runtime.RuntimeSettings.mockSystemIn = true; 
35:     org.evosuite.runtime.RuntimeSettings.sandboxMode = org.evosuite.runtime.sandbox.Sandbox.SandboxMode.RECOMMENDED; 
36:     org.evosuite.runtime.sandbox.Sandbox.initializeSecurityManagerForSUT(); 
37:     org.evosuite.runtime.classhandling.JDKClassResetter.init();
38:     setSystemProperties();
39:     initializeClasses();
40:     org.evosuite.runtime.Runtime.getInstance().resetRuntime(); 
41:   } 
42: 
43:   @AfterClass
44:   public static void clearEvoSuiteFramework(){ 
45:     Sandbox.resetDefaultSecurityManager(); 
46:     java.lang.System.setProperties((java.util.Properties) defaultProperties.clone()); 
47:   } 
48: 
49:   @Before
50:   public void initTestCase(){ 
51:     threadStopper.storeCurrentThreads();
52:     threadStopper.startRecordingTime();
53:     org.evosuite.runtime.jvm.ShutdownHookHandler.getInstance().initHandler(); 
54:     org.evosuite.runtime.sandbox.Sandbox.goingToExecuteSUTCode(); 
55:     setSystemProperties(); 
56:     org.evosuite.runtime.GuiSupport.setHeadless(); 
57:     org.evosuite.runtime.Runtime.getInstance().resetRuntime(); 
58:     org.evosuite.runtime.agent.InstrumentingAgent.activate(); 
59:   } 
60: 
61:   @After
62:   public void doneWithTestCase(){ 
63:     threadStopper.killAndJoinClientThreads();
64:     org.evosuite.runtime.jvm.ShutdownHookHandler.getInstance().safeExecuteAddedHooks(); 
65:     org.evosuite.runtime.classhandling.JDKClassResetter.reset(); 
66:     resetClasses(); 
67:     org.evosuite.runtime.sandbox.Sandbox.doneWithExecutingSUTCode(); 
68:     org.evosuite.runtime.agent.InstrumentingAgent.deactivate(); 
69:     org.evosuite.runtime.GuiSupport.restoreHeadlessMode(); 
70:   } 
71: 
72:   public static void setSystemProperties() {
73:  
74:     java.lang.System.setProperties((java.util.Properties) defaultProperties.clone()); 
75:     java.lang.System.setProperty("user.dir", "/home/pizza/TestRound2/results/project-JacksonDatabind/JacksonDatabind-111/round03/evosuite-work"); 
76:     java.lang.System.setProperty("java.io.tmpdir", "/tmp"); 
77:   }
78: 
79:   private static void initializeClasses() {
80:     org.evosuite.runtime.classhandling.ClassStateSupport.initializeClasses(ObjectIdReferenceProperty_11_tmp__ESTest_scaffolding.class.getClassLoader() ,
81:       "com.fasterxml.jackson.core.sym.CharsToNameCanonicalizer",
82:       "com.fasterxml.jackson.databind.deser.BeanDeserializerModifier",
83:       "com.fasterxml.jackson.databind.util.AccessPattern",
84:       "com.fasterxml.jackson.databind.deser.std.CollectionDeserializer",
85:       "com.fasterxml.jackson.databind.deser.impl.FieldProperty",
86:       "com.fasterxml.jackson.databind.jsontype.TypeSerializer",
87:       "com.fasterxml.jackson.databind.deser.std.EnumDeserializer",
88:       "com.fasterxml.jackson.annotation.ObjectIdGenerators$Base",
89:       "com.fasterxml.jackson.databind.introspect.AnnotatedConstructor",
90:       "com.fasterxml.jackson.databind.type.TypeFactory",
91:       "com.fasterxml.jackson.databind.deser.UnresolvedForwardReference",
92:       "com.fasterxml.jackson.databind.cfg.MapperConfigBase",
93:       "com.fasterxml.jackson.databind.type.ArrayType",
94:       "com.fasterxml.jackson.databind.jsonFormatVisitors.JsonFormatVisitorWithSerializerProvider",
95:       "com.fasterxml.jackson.databind.deser.std.StdKeyDeserializers",
96:       "com.fasterxml.jackson.databind.type.MapLikeType",
97:       "com.fasterxml.jackson.core.async.ByteArrayFeeder",
98:       "com.fasterxml.jackson.databind.type.MapType",
99:       "com.fasterxml.jackson.databind.deser.impl.ObjectIdReader",
100:       "com.fasterxml.jackson.databind.util.Named",
101:       "com.fasterxml.jackson.databind.type.TypeBase",
102:       "com.fasterxml.jackson.databind.type.CollectionType",
103:       "com.fasterxml.jackson.databind.deser.std.StringCollectionDeserializer",
104:       "com.fasterxml.jackson.core.format.InputAccessor",
105:       "com.fasterxml.jackson.core.util.BufferRecyclers",
106:       "com.fasterxml.jackson.core.util.Instantiatable",
107:       "com.fasterxml.jackson.databind.deser.std.EnumMapDeserializer",
108:       "com.fasterxml.jackson.databind.util.ClassUtil$Ctor",
109:       "com.fasterxml.jackson.databind.deser.SettableBeanProperty",
110:       "com.fasterxml.jackson.databind.node.JsonNodeCreator",
111:       "com.fasterxml.jackson.core.async.NonBlockingInputFeeder",
112:       "com.fasterxml.jackson.core.json.UTF8DataInputJsonParser",
113:       "com.fasterxml.jackson.annotation.Nulls",
114:       "com.fasterxml.jackson.core.json.ReaderBasedJsonParser",
115:       "com.fasterxml.jackson.core.JsonLocation",
116:       "com.fasterxml.jackson.databind.exc.MismatchedInputException",
117:       "com.fasterxml.jackson.core.json.ByteSourceJsonBootstrapper",
118:       "com.fasterxml.jackson.databind.deser.impl.ReadableObjectId",
119:       "com.fasterxml.jackson.core.util.DefaultPrettyPrinter$Indenter",
120:       "com.fasterxml.jackson.databind.type.TypeParser",
121:       "com.fasterxml.jackson.core.ObjectCodec",
122:       "com.fasterxml.jackson.core.json.JsonReadContext",
123:       "com.fasterxml.jackson.databind.util.Annotations",
124:       "com.fasterxml.jackson.databind.deser.Deserializers",
125:       "com.fasterxml.jackson.databind.deser.KeyDeserializers",
126:       "com.fasterxml.jackson.core.util.DefaultPrettyPrinter",
127:       "com.fasterxml.jackson.databind.KeyDeserializer",
128:       "com.fasterxml.jackson.databind.deser.impl.ErrorThrowingDeserializer",
129:       "com.fasterxml.jackson.core.util.BufferRecycler",
130:       "com.fasterxml.jackson.databind.type.CollectionLikeType",
131:       "com.fasterxml.jackson.databind.deser.impl.PropertyBasedObjectIdGenerator",
132:       "com.fasterxml.jackson.core.TreeNode",
133:       "com.fasterxml.jackson.annotation.ObjectIdResolver",
134:       "com.fasterxml.jackson.databind.DeserializationContext",
135:       "com.fasterxml.jackson.databind.deser.ValueInstantiator",
136:       "com.fasterxml.jackson.databind.type.ResolvedRecursiveType",
137:       "com.fasterxml.jackson.core.base.ParserMinimalBase",
138:       "com.fasterxml.jackson.databind.type.ReferenceType",
139:       "com.fasterxml.jackson.databind.deser.std.MapEntryDeserializer",
140:       "com.fasterxml.jackson.core.util.ByteArrayBuilder",
141:       "com.fasterxml.jackson.databind.deser.BeanDeserializerBase",
142:       "com.fasterxml.jackson.core.sym.CharsToNameCanonicalizer$TableInfo",
143:       "com.fasterxml.jackson.databind.introspect.BeanPropertyDefinition",
144:       "com.fasterxml.jackson.databind.util.Converter",
145:       "com.fasterxml.jackson.databind.AnnotationIntrospector",
146:       "com.fasterxml.jackson.core.SerializableString",
147:       "com.fasterxml.jackson.databind.PropertyMetadata$MergeInfo",
148:       "com.fasterxml.jackson.databind.deser.ValueInstantiators",
149:       "com.fasterxml.jackson.core.Versioned",
150:       "com.fasterxml.jackson.databind.deser.std.StringDeserializer",
151:       "com.fasterxml.jackson.databind.deser.std.StringArrayDeserializer",
152:       "com.fasterxml.jackson.databind.DeserializationFeature",
153:       "com.fasterxml.jackson.databind.exc.InvalidTypeIdException",
154:       "com.fasterxml.jackson.databind.deser.std.EnumSetDeserializer",
155:       "com.fasterxml.jackson.core.util.RequestPayload",
156:       "com.fasterxml.jackson.databind.introspect.AnnotatedMember",
157:       "com.fasterxml.jackson.databind.JsonSerializable",
158:       "com.fasterxml.jackson.databind.util.LRUMap",
159:       "com.fasterxml.jackson.databind.BeanDescription",
160:       "com.fasterxml.jackson.databind.deser.impl.TypeWrappedDeserializer",
161:       "com.fasterxml.jackson.databind.JsonDeserializer",
162:       "com.fasterxml.jackson.annotation.SimpleObjectIdResolver",
163:       "com.fasterxml.jackson.databind.util.SimpleBeanPropertyDefinition",
164:       "com.fasterxml.jackson.databind.deser.impl.MethodProperty",
165:       "com.fasterxml.jackson.databind.introspect.AnnotatedWithParams",
166:       "com.fasterxml.jackson.core.Base64Variant",
167:       "com.fasterxml.jackson.databind.deser.impl.ObjectIdReferenceProperty$PropertyReferring",
168:       "com.fasterxml.jackson.core.io.MergedStream",
169:       "com.fasterxml.jackson.databind.deser.std.MapDeserializer",
170:       "com.fasterxml.jackson.databind.exc.InvalidFormatException",
171:       "com.fasterxml.jackson.core.io.CharacterEscapes",
172:       "com.fasterxml.jackson.databind.deser.std.TokenBufferDeserializer",
173:       "com.fasterxml.jackson.databind.type.SimpleType",
174:       "com.fasterxml.jackson.databind.introspect.TypeResolutionContext$Basic",
175:       "com.fasterxml.jackson.core.type.ResolvedType",
176:       "com.fasterxml.jackson.databind.DeserializationConfig",
177:       "com.fasterxml.jackson.databind.MapperFeature",
178:       "com.fasterxml.jackson.core.util.InternCache",
179:       "com.fasterxml.jackson.databind.util.ClassUtil",
180:       "com.fasterxml.jackson.databind.introspect.AnnotatedMethod",
181:       "com.fasterxml.jackson.annotation.ObjectIdGenerator$IdKey",
182:       "com.fasterxml.jackson.databind.deser.BeanDeserializerFactory",
183:       "com.fasterxml.jackson.databind.jsontype.TypeIdResolver",
184:       "com.fasterxml.jackson.databind.util.ConstantValueInstantiator",
185:       "com.fasterxml.jackson.databind.introspect.AnnotatedParameter",
186:       "com.fasterxml.jackson.core.JsonParser",
187:       "com.fasterxml.jackson.databind.AbstractTypeResolver",
188:       "com.fasterxml.jackson.core.JsonProcessingException",
189:       "com.fasterxml.jackson.core.JsonStreamContext",
190:       "com.fasterxml.jackson.core.format.MatchStrength",
191:       "com.fasterxml.jackson.core.sym.CharsToNameCanonicalizer$Bucket",
192:       "com.fasterxml.jackson.core.io.UTF32Reader",
193:       "com.fasterxml.jackson.databind.deser.std.StdDelegatingDeserializer",
194:       "com.fasterxml.jackson.databind.jsonFormatVisitors.JsonObjectFormatVisitor",
195:       "com.fasterxml.jackson.databind.deser.std.ArrayBlockingQueueDeserializer",
196:       "com.fasterxml.jackson.databind.util.ArrayBuilders",
197:       "com.fasterxml.jackson.core.io.IOContext",
198:       "com.fasterxml.jackson.core.PrettyPrinter",
199:       "com.fasterxml.jackson.databind.deser.std.ObjectArrayDeserializer",
200:       "com.fasterxml.jackson.core.base.GeneratorBase",
201:       "com.fasterxml.jackson.databind.deser.DefaultDeserializationContext$Impl",
202:       "com.fasterxml.jackson.databind.exc.PropertyBindingException",
203:       "com.fasterxml.jackson.databind.exc.UnrecognizedPropertyException",
204:       "com.fasterxml.jackson.core.io.CharTypes",
205:       "com.fasterxml.jackson.databind.deser.std.StdDeserializer",
206:       "com.fasterxml.jackson.databind.deser.ValueInstantiator$Base",
207:       "com.fasterxml.jackson.core.sym.ByteQuadsCanonicalizer$TableInfo",
208:       "com.fasterxml.jackson.databind.cfg.DeserializerFactoryConfig",
209:       "com.fasterxml.jackson.databind.introspect.ObjectIdInfo",
210:       "com.fasterxml.jackson.annotation.ObjectIdGenerators$PropertyGenerator",
211:       "com.fasterxml.jackson.core.io.UTF8Writer",
212:       "com.fasterxml.jackson.databind.PropertyName",
213:       "com.fasterxml.jackson.databind.BeanProperty",
214:       "com.fasterxml.jackson.core.Version",
215:       "com.fasterxml.jackson.databind.deser.impl.ReadableObjectId$Referring",
216:       "com.fasterxml.jackson.core.json.async.NonBlockingJsonParser",
217:       "com.fasterxml.jackson.databind.deser.BasicDeserializerFactory",
218:       "com.fasterxml.jackson.databind.node.JsonNodeFactory",
219:       "com.fasterxml.jackson.core.io.InputDecorator",
220:       "com.fasterxml.jackson.databind.introspect.TypeResolutionContext",
221:       "com.fasterxml.jackson.databind.cfg.MapperConfig",
222:       "com.fasterxml.jackson.databind.deser.std.StdKeyDeserializer$StringFactoryKeyDeserializer",
223:       "com.fasterxml.jackson.core.base.ParserBase",
224:       "com.fasterxml.jackson.databind.util.ObjectBuffer",
225:       "com.fasterxml.jackson.databind.introspect.AnnotationMap",
226:       "com.fasterxml.jackson.core.io.JsonEOFException",
227:       "com.fasterxml.jackson.databind.InjectableValues",
228:       "com.fasterxml.jackson.core.JsonGenerator",
229:       "com.fasterxml.jackson.databind.deser.DefaultDeserializationContext",
230:       "com.fasterxml.jackson.databind.deser.std.ThrowableDeserializer",
231:       "com.fasterxml.jackson.core.json.async.NonBlockingJsonParserBase",
232:       "com.fasterxml.jackson.databind.type.ClassStack",
233:       "com.fasterxml.jackson.core.JsonEncoding",
234:       "com.fasterxml.jackson.databind.JavaType",
235:       "com.fasterxml.jackson.databind.deser.BeanDeserializer",
236:       "com.fasterxml.jackson.core.TreeCodec",
237:       "com.fasterxml.jackson.databind.deser.impl.SetterlessProperty",
238:       "com.fasterxml.jackson.databind.deser.NullValueProvider",
239:       "com.fasterxml.jackson.core.json.UTF8JsonGenerator",
240:       "com.fasterxml.jackson.core.util.TextBuffer",
241:       "com.fasterxml.jackson.annotation.JacksonAnnotationValue",
242:       "com.fasterxml.jackson.databind.introspect.Annotated",
243:       "com.fasterxml.jackson.core.JsonFactory",
244:       "com.fasterxml.jackson.databind.util.NameTransformer",
245:       "com.fasterxml.jackson.databind.deser.impl.FailingDeserializer",
246:       "com.fasterxml.jackson.databind.deser.std.StdKeyDeserializer$DelegatingKD",
247:       "com.fasterxml.jackson.databind.deser.std.StdKeyDeserializer$EnumKD",
248:       "com.fasterxml.jackson.core.JsonParser$NumberType",
249:       "com.fasterxml.jackson.databind.type.PlaceholderForType",
250:       "com.fasterxml.jackson.databind.JsonMappingException$Reference",
251:       "com.fasterxml.jackson.core.json.WriterBasedJsonGenerator",
252:       "com.fasterxml.jackson.databind.jsontype.TypeDeserializer",
253:       "com.fasterxml.jackson.annotation.JsonFormat$Value",
254:       "com.fasterxml.jackson.databind.PropertyMetadata",
255:       "com.fasterxml.jackson.annotation.JsonInclude$Value",
256:       "com.fasterxml.jackson.databind.deser.CreatorProperty",
257:       "com.fasterxml.jackson.databind.deser.std.ReferenceTypeDeserializer",
258:       "com.fasterxml.jackson.databind.deser.ResolvableDeserializer",
259:       "com.fasterxml.jackson.databind.deser.std.StdKeyDeserializer$StringCtorKeyDeserializer",
260:       "com.fasterxml.jackson.core.json.DupDetector",
261:       "com.fasterxml.jackson.databind.deser.std.StdKeyDeserializer",
262:       "com.fasterxml.jackson.core.type.TypeReference",
263:       "com.fasterxml.jackson.databind.introspect.ConcreteBeanPropertyBase",
264:       "com.fasterxml.jackson.core.JsonParseException",
265:       "com.fasterxml.jackson.databind.deser.std.UntypedObjectDeserializer",
266:       "com.fasterxml.jackson.databind.deser.DeserializerFactory",
267:       "com.fasterxml.jackson.databind.type.TypeModifier",
268:       "com.fasterxml.jackson.databind.introspect.AnnotatedClass",
269:       "com.fasterxml.jackson.databind.deser.std.AtomicReferenceDeserializer",
270:       "com.fasterxml.jackson.databind.deser.impl.ObjectIdReferenceProperty",
271:       "com.fasterxml.jackson.databind.JsonMappingException",
272:       "com.fasterxml.jackson.databind.introspect.ClassIntrospector$MixInResolver",
273:       "com.fasterxml.jackson.core.io.OutputDecorator",
274:       "com.fasterxml.jackson.core.json.JsonGeneratorImpl",
275:       "com.fasterxml.jackson.databind.deser.std.StdScalarDeserializer",
276:       "com.fasterxml.jackson.databind.deser.AbstractDeserializer",
277:       "com.fasterxml.jackson.core.sym.ByteQuadsCanonicalizer",
278:       "com.fasterxml.jackson.databind.DatabindContext",
279:       "com.fasterxml.jackson.core.JsonFactory$Feature",
280:       "com.fasterxml.jackson.core.JsonParser$Feature",
281:       "com.fasterxml.jackson.core.io.DataOutputAsStream",
282:       "com.fasterxml.jackson.core.io.SerializedString",
283:       "com.fasterxml.jackson.databind.type.TypeBindings",
284:       "com.fasterxml.jackson.databind.deser.std.JsonLocationInstantiator",
285:       "com.fasterxml.jackson.databind.SerializerProvider",
286:       "com.fasterxml.jackson.databind.introspect.AnnotatedField",
287:       "com.fasterxml.jackson.core.JsonToken",
288:       "com.fasterxml.jackson.databind.deser.std.ContainerDeserializerBase",
289:       "com.fasterxml.jackson.databind.deser.ContextualDeserializer",
290:       "com.fasterxml.jackson.databind.deser.ValueInstantiator$Gettable",
291:       "com.fasterxml.jackson.core.JsonGenerator$Feature",
292:       "com.fasterxml.jackson.annotation.ObjectIdGenerator",
293:       "com.fasterxml.jackson.databind.deser.DeserializerCache",
294:       "com.fasterxml.jackson.databind.cfg.ConfigFeature",
295:       "com.fasterxml.jackson.databind.exc.InvalidDefinitionException",
296:       "com.fasterxml.jackson.core.json.UTF8StreamJsonParser",
297:       "com.fasterxml.jackson.core.FormatSchema"
298:     );
299:   } 
300: 
301:   private static void resetClasses() {
302:     org.evosuite.runtime.classhandling.ClassResetter.getInstance().setClassLoader(ObjectIdReferenceProperty_11_tmp__ESTest_scaffolding.class.getClassLoader()); 
303: 
304:     org.evosuite.runtime.classhandling.ClassStateSupport.resetClasses(
305:       "com.fasterxml.jackson.databind.introspect.ConcreteBeanPropertyBase",
306:       "com.fasterxml.jackson.databind.JsonDeserializer",
307:       "com.fasterxml.jackson.databind.DeserializationFeature",
308:       "com.fasterxml.jackson.databind.deser.std.StdDeserializer",
309:       "com.fasterxml.jackson.databind.deser.impl.FailingDeserializer",
310:       "com.fasterxml.jackson.databind.deser.SettableBeanProperty",
311:       "com.fasterxml.jackson.databind.deser.impl.ObjectIdReferenceProperty",
312:       "com.fasterxml.jackson.databind.deser.impl.ReadableObjectId$Referring",
313:       "com.fasterxml.jackson.databind.deser.impl.ObjectIdReferenceProperty$PropertyReferring",
314:       "com.fasterxml.jackson.annotation.JsonFormat$Shape",
315:       "com.fasterxml.jackson.annotation.JsonFormat$Features",
316:       "com.fasterxml.jackson.annotation.JsonFormat$Value",
317:       "com.fasterxml.jackson.annotation.JsonInclude$Include",
318:       "com.fasterxml.jackson.annotation.JsonInclude$Value",
319:       "com.fasterxml.jackson.databind.BeanProperty",
320:       "com.fasterxml.jackson.databind.introspect.POJOPropertiesCollector",
321:       "com.fasterxml.jackson.databind.BeanDescription",
322:       "com.fasterxml.jackson.databind.introspect.BasicBeanDescription",
323:       "com.fasterxml.jackson.databind.deser.AbstractDeserializer",
324:       "com.fasterxml.jackson.databind.deser.std.StdScalarDeserializer",
325:       "com.fasterxml.jackson.databind.deser.std.FromStringDeserializer",
326:       "com.fasterxml.jackson.databind.ext.DOMDeserializer",
327:       "com.fasterxml.jackson.databind.ext.DOMDeserializer$DocumentDeserializer",
328:       "com.fasterxml.jackson.databind.util.ClassUtil",
329:       "com.fasterxml.jackson.databind.PropertyName",
330:       "com.fasterxml.jackson.databind.introspect.ObjectIdInfo",
331:       "com.fasterxml.jackson.databind.deser.BeanDeserializerBase",
332:       "com.fasterxml.jackson.databind.deser.BeanDeserializer",
333:       "com.fasterxml.jackson.databind.deser.DeserializerFactory",
334:       "com.fasterxml.jackson.databind.deser.BasicDeserializerFactory",
335:       "com.fasterxml.jackson.databind.deser.std.StdKeyDeserializers",
336:       "com.fasterxml.jackson.databind.cfg.DeserializerFactoryConfig",
337:       "com.fasterxml.jackson.databind.deser.BeanDeserializerFactory",
338:       "com.fasterxml.jackson.databind.DatabindContext",
339:       "com.fasterxml.jackson.databind.DeserializationContext",
340:       "com.fasterxml.jackson.databind.deser.DefaultDeserializationContext",
341:       "com.fasterxml.jackson.databind.deser.DefaultDeserializationContext$Impl",
342:       "com.fasterxml.jackson.databind.deser.DeserializerCache",
343:       "com.fasterxml.jackson.core.util.InternCache",
344:       "com.fasterxml.jackson.databind.AnnotationIntrospector",
345:       "com.fasterxml.jackson.databind.introspect.NopAnnotationIntrospector$1",
346:       "com.fasterxml.jackson.databind.introspect.NopAnnotationIntrospector",
347:       "com.fasterxml.jackson.databind.deser.BeanDeserializerBuilder",
348:       "com.fasterxml.jackson.core.JsonParser",
349:       "com.fasterxml.jackson.core.util.JsonParserDelegate",
350:       "com.fasterxml.jackson.core.util.JsonParserSequence",
351:       "com.fasterxml.jackson.databind.introspect.AnnotationIntrospectorPair",
352:       "com.fasterxml.jackson.databind.ser.BeanSerializerBuilder",
353:       "com.fasterxml.jackson.databind.deser.impl.BeanPropertyMap",
354:       "com.fasterxml.jackson.databind.type.TypeBindings",
355:       "com.fasterxml.jackson.core.type.ResolvedType",
356:       "com.fasterxml.jackson.databind.JavaType",
357:       "com.fasterxml.jackson.databind.type.TypeBase",
358:       "com.fasterxml.jackson.databind.type.ResolvedRecursiveType",
359:       "com.fasterxml.jackson.databind.JsonSerializer",
360:       "com.fasterxml.jackson.databind.ser.std.StdSerializer",
361:       "com.fasterxml.jackson.databind.ser.impl.FailingSerializer",
362:       "com.fasterxml.jackson.databind.ser.impl.UnknownSerializer",
363:       "com.fasterxml.jackson.databind.SerializerProvider",
364:       "com.fasterxml.jackson.databind.ser.DefaultSerializerProvider",
365:       "com.fasterxml.jackson.databind.ser.DefaultSerializerProvider$Impl",
366:       "com.fasterxml.jackson.databind.ser.std.NullSerializer",
367:       "com.fasterxml.jackson.databind.ser.SerializerCache",
368:       "com.fasterxml.jackson.databind.BeanProperty$Bogus",
369:       "com.fasterxml.jackson.databind.type.PlaceholderForType",
370:       "com.fasterxml.jackson.databind.util.LRUMap",
371:       "com.fasterxml.jackson.databind.type.TypeParser",
372:       "com.fasterxml.jackson.databind.type.SimpleType",
373:       "com.fasterxml.jackson.databind.type.TypeFactory",
374:       "com.fasterxml.jackson.core.io.SerializedString",
375:       "com.fasterxml.jackson.core.util.DefaultPrettyPrinter",
376:       "com.fasterxml.jackson.core.JsonFactory",
377:       "com.fasterxml.jackson.core.sym.CharsToNameCanonicalizer",
378:       "com.fasterxml.jackson.core.sym.CharsToNameCanonicalizer$TableInfo",
379:       "com.fasterxml.jackson.core.sym.ByteQuadsCanonicalizer",
380:       "com.fasterxml.jackson.core.sym.ByteQuadsCanonicalizer$TableInfo",
381:       "com.fasterxml.jackson.core.io.IOContext",
382:       "com.fasterxml.jackson.core.util.BufferRecyclers",
383:       "com.fasterxml.jackson.core.util.BufferRecycler",
384:       "com.fasterxml.jackson.core.base.ParserMinimalBase",
385:       "com.fasterxml.jackson.core.base.ParserBase",
386:       "com.fasterxml.jackson.core.io.CharTypes",
387:       "com.fasterxml.jackson.core.json.ReaderBasedJsonParser",
388:       "com.fasterxml.jackson.core.util.TextBuffer",
389:       "com.fasterxml.jackson.core.JsonStreamContext",
390:       "com.fasterxml.jackson.core.json.JsonReadContext",
391:       "com.fasterxml.jackson.core.filter.TokenFilter",
392:       "com.fasterxml.jackson.core.filter.FilteringParserDelegate",
393:       "com.fasterxml.jackson.core.filter.TokenFilterContext",
394:       "com.fasterxml.jackson.core.JsonLocation",
395:       "com.fasterxml.jackson.core.JsonProcessingException",
396:       "com.fasterxml.jackson.databind.JsonMappingException",
397:       "com.fasterxml.jackson.databind.deser.UnresolvedForwardReference",
398:       "com.fasterxml.jackson.databind.deser.ValueInstantiator",
399:       "com.fasterxml.jackson.databind.deser.ValueInstantiator$Base",
400:       "com.fasterxml.jackson.databind.introspect.AnnotationMap",
401:       "com.fasterxml.jackson.databind.exc.MismatchedInputException",
402:       "com.fasterxml.jackson.databind.exc.InvalidFormatException",
403:       "com.fasterxml.jackson.core.TreeCodec",
404:       "com.fasterxml.jackson.core.ObjectCodec",
405:       "com.fasterxml.jackson.databind.ext.Java7SupportImpl",
406:       "com.fasterxml.jackson.databind.ext.Java7Support",
407:       "com.fasterxml.jackson.databind.introspect.JacksonAnnotationIntrospector",
408:       "com.fasterxml.jackson.databind.cfg.BaseSettings",
409:       "com.fasterxml.jackson.databind.util.StdDateFormat",
410:       "com.fasterxml.jackson.core.Base64Variant",
411:       "com.fasterxml.jackson.core.Base64Variants",
412:       "com.fasterxml.jackson.databind.ObjectMapper",
413:       "com.fasterxml.jackson.databind.MappingJsonFactory",
414:       "com.fasterxml.jackson.databind.jsontype.SubtypeResolver",
415:       "com.fasterxml.jackson.databind.jsontype.impl.StdSubtypeResolver",
416:       "com.fasterxml.jackson.databind.util.RootNameLookup",
417:       "com.fasterxml.jackson.databind.introspect.SimpleMixInResolver",
418:       "com.fasterxml.jackson.databind.introspect.ClassIntrospector",
419:       "com.fasterxml.jackson.databind.introspect.AnnotationCollector$NoAnnotations",
420:       "com.fasterxml.jackson.databind.introspect.AnnotationCollector",
421:       "com.fasterxml.jackson.databind.introspect.AnnotatedClassResolver",
422:       "com.fasterxml.jackson.databind.introspect.Annotated",
423:       "com.fasterxml.jackson.databind.introspect.AnnotatedClass$Creators",
424:       "com.fasterxml.jackson.databind.introspect.AnnotatedClass",
425:       "com.fasterxml.jackson.databind.introspect.BasicClassIntrospector",
426:       "com.fasterxml.jackson.databind.cfg.ConfigOverrides",
427:       "com.fasterxml.jackson.annotation.Nulls",
428:       "com.fasterxml.jackson.annotation.JsonSetter$Value",
429:       "com.fasterxml.jackson.databind.introspect.VisibilityChecker$Std",
430:       "com.fasterxml.jackson.databind.cfg.MapperConfig",
431:       "com.fasterxml.jackson.databind.cfg.ConfigOverride",
432:       "com.fasterxml.jackson.databind.cfg.ConfigOverride$Empty",
433:       "com.fasterxml.jackson.databind.cfg.MapperConfigBase",
434:       "com.fasterxml.jackson.core.util.DefaultPrettyPrinter$NopIndenter",
435:       "com.fasterxml.jackson.core.util.DefaultPrettyPrinter$FixedSpaceIndenter",
436:       "com.fasterxml.jackson.core.util.DefaultIndenter",
437:       "com.fasterxml.jackson.core.util.Separators",
438:       "com.fasterxml.jackson.core.PrettyPrinter",
439:       "com.fasterxml.jackson.databind.SerializationConfig",
440:       "com.fasterxml.jackson.databind.cfg.ContextAttributes",
441:       "com.fasterxml.jackson.databind.cfg.ContextAttributes$Impl",
442:       "com.fasterxml.jackson.databind.DeserializationConfig",
443:       "com.fasterxml.jackson.databind.node.JsonNodeFactory",
444:       "com.fasterxml.jackson.databind.ser.SerializerFactory",
445:       "com.fasterxml.jackson.databind.ser.std.StdScalarSerializer",
446:       "com.fasterxml.jackson.databind.ser.std.StringSerializer",
447:       "com.fasterxml.jackson.databind.ser.std.ToStringSerializer",
448:       "com.fasterxml.jackson.databind.ser.std.NumberSerializers",
449:       "com.fasterxml.jackson.databind.ser.std.NumberSerializers$Base",
450:       "com.fasterxml.jackson.databind.ser.std.NumberSerializers$IntegerSerializer",
451:       "com.fasterxml.jackson.core.JsonParser$NumberType",
452:       "com.fasterxml.jackson.databind.ser.std.NumberSerializers$LongSerializer",
453:       "com.fasterxml.jackson.databind.ser.std.NumberSerializers$IntLikeSerializer",
454:       "com.fasterxml.jackson.databind.ser.std.NumberSerializers$ShortSerializer",
455:       "com.fasterxml.jackson.databind.ser.std.NumberSerializers$DoubleSerializer",
456:       "com.fasterxml.jackson.databind.ser.std.NumberSerializers$FloatSerializer",
457:       "com.fasterxml.jackson.databind.ser.std.BooleanSerializer",
458:       "com.fasterxml.jackson.databind.ser.std.NumberSerializer",
459:       "com.fasterxml.jackson.databind.ser.std.DateTimeSerializerBase",
460:       "com.fasterxml.jackson.databind.ser.std.CalendarSerializer",
461:       "com.fasterxml.jackson.databind.ser.std.DateSerializer",
462:       "com.fasterxml.jackson.databind.ser.std.StdJdkSerializers",
463:       "com.fasterxml.jackson.databind.ser.std.UUIDSerializer",
464:       "com.fasterxml.jackson.databind.ser.BasicSerializerFactory",
465:       "com.fasterxml.jackson.databind.cfg.SerializerFactoryConfig",
466:       "com.fasterxml.jackson.databind.ser.BeanSerializerFactory",
467:       "com.fasterxml.jackson.databind.util.ArrayIterator",
468:       "com.fasterxml.jackson.databind.JsonSerializable$Base",
469:       "com.fasterxml.jackson.databind.JsonNode",
470:       "com.fasterxml.jackson.databind.node.BaseJsonNode",
471:       "com.fasterxml.jackson.databind.node.ValueNode",
472:       "com.fasterxml.jackson.databind.node.NumericNode",
473:       "com.fasterxml.jackson.databind.node.FloatNode",
474:       "com.fasterxml.jackson.databind.node.TreeTraversingParser",
475:       "com.fasterxml.jackson.databind.node.NodeCursor",
476:       "com.fasterxml.jackson.databind.node.NodeCursor$RootCursor",
477:       "com.fasterxml.jackson.databind.JsonMappingException$Reference",
478:       "com.fasterxml.jackson.core.io.OutputDecorator",
479:       "com.fasterxml.jackson.core.io.InputDecorator",
480:       "com.fasterxml.jackson.databind.deser.ValueInstantiators$Base",
481:       "com.fasterxml.jackson.databind.module.SimpleValueInstantiators",
482:       "com.fasterxml.jackson.databind.util.ArrayBuilders",
483:       "com.fasterxml.jackson.core.JsonParseException",
484:       "com.fasterxml.jackson.databind.type.ReferenceType",
485:       "com.fasterxml.jackson.core.json.ByteSourceJsonBootstrapper",
486:       "com.fasterxml.jackson.databind.deser.std.UntypedObjectDeserializer",
487:       "com.fasterxml.jackson.databind.PropertyNamingStrategy$PropertyNamingStrategyBase",
488:       "com.fasterxml.jackson.databind.PropertyNamingStrategy$SnakeCaseStrategy",
489:       "com.fasterxml.jackson.databind.PropertyNamingStrategy$UpperCamelCaseStrategy",
490:       "com.fasterxml.jackson.databind.PropertyNamingStrategy$LowerCaseStrategy",
491:       "com.fasterxml.jackson.databind.PropertyNamingStrategy$KebabCaseStrategy",
492:       "com.fasterxml.jackson.databind.PropertyNamingStrategy",
493:       "com.fasterxml.jackson.databind.deser.std.FromStringDeserializer$Std",
494:       "com.fasterxml.jackson.databind.introspect.TypeResolutionContext$Basic",
495:       "com.fasterxml.jackson.databind.introspect.AnnotatedMember",
496:       "com.fasterxml.jackson.databind.introspect.VirtualAnnotatedMember",
497:       "com.fasterxml.jackson.annotation.ObjectIdGenerator",
498:       "com.fasterxml.jackson.annotation.ObjectIdGenerators$Base",
499:       "com.fasterxml.jackson.annotation.ObjectIdGenerators$IntSequenceGenerator",
500:       "com.fasterxml.jackson.core.type.TypeReference",
501:       "com.fasterxml.jackson.databind.node.DoubleNode",
502:       "com.fasterxml.jackson.core.util.RequestPayload",
503:       "com.fasterxml.jackson.annotation.SimpleObjectIdResolver",
504:       "com.fasterxml.jackson.core.io.CharacterEscapes",
505:       "com.fasterxml.jackson.core.JsonpCharacterEscapes",
506:       "com.fasterxml.jackson.databind.exc.InvalidDefinitionException",
507:       "com.fasterxml.jackson.core.json.UTF8StreamJsonParser",
508:       "com.fasterxml.jackson.databind.type.TypeModifier",
509:       "com.fasterxml.jackson.databind.type.CollectionLikeType",
510:       "com.fasterxml.jackson.databind.type.CollectionType",
511:       "com.fasterxml.jackson.databind.type.TypeBindings$AsKey",
512:       "com.fasterxml.jackson.databind.type.ClassStack",
513:       "com.fasterxml.jackson.databind.type.TypeBindings$TypeParamStash",
514:       "com.fasterxml.jackson.databind.type.MapLikeType",
515:       "com.fasterxml.jackson.databind.type.MapType",
516:       "com.fasterxml.jackson.core.JsonGenerator",
517:       "com.fasterxml.jackson.core.util.JsonGeneratorDelegate",
518:       "com.fasterxml.jackson.core.json.DupDetector",
519:       "com.fasterxml.jackson.annotation.ObjectIdGenerator$IdKey",
520:       "com.fasterxml.jackson.databind.deser.impl.ReadableObjectId",
521:       "com.fasterxml.jackson.core.util.ByteArrayBuilder",
522:       "com.fasterxml.jackson.core.base.GeneratorBase",
523:       "com.fasterxml.jackson.core.json.JsonGeneratorImpl",
524:       "com.fasterxml.jackson.core.json.WriterBasedJsonGenerator",
525:       "com.fasterxml.jackson.core.json.JsonWriteContext",
526:       "com.fasterxml.jackson.databind.deser.BuilderBasedDeserializer",
527:       "com.fasterxml.jackson.databind.introspect.AnnotatedWithParams",
528:       "com.fasterxml.jackson.databind.introspect.AnnotatedConstructor",
529:       "com.fasterxml.jackson.databind.module.SimpleDeserializers",
530:       "com.fasterxml.jackson.databind.deser.Deserializers$Base",
531:       "com.fasterxml.jackson.databind.util.ObjectBuffer",
532:       "com.fasterxml.jackson.databind.introspect.AnnotatedParameter",
533:       "com.fasterxml.jackson.databind.PropertyMetadata",
534:       "com.fasterxml.jackson.databind.deser.CreatorProperty",
535:       "com.fasterxml.jackson.databind.jsontype.impl.TypeIdResolverBase",
536:       "com.fasterxml.jackson.databind.jsontype.impl.ClassNameIdResolver",
537:       "com.fasterxml.jackson.databind.jsontype.TypeDeserializer",
538:       "com.fasterxml.jackson.databind.jsontype.impl.TypeDeserializerBase",
539:       "com.fasterxml.jackson.databind.jsontype.impl.AsArrayTypeDeserializer",
540:       "com.fasterxml.jackson.databind.jsontype.impl.AsExternalTypeDeserializer",
541:       "com.fasterxml.jackson.databind.introspect.AnnotationCollector$OneAnnotation",
542:       "com.fasterxml.jackson.databind.deser.BeanDeserializerModifier",
543:       "com.fasterxml.jackson.databind.util.ViewMatcher",
544:       "com.fasterxml.jackson.databind.util.ViewMatcher$Single",
545:       "com.fasterxml.jackson.databind.ObjectMapper$2",
546:       "com.fasterxml.jackson.databind.ObjectReader",
547:       "com.fasterxml.jackson.databind.introspect.AnnotationCollector$EmptyCollector",
548:       "com.fasterxml.jackson.databind.deser.impl.CreatorCollector",
549:       "com.fasterxml.jackson.databind.introspect.CollectorBase",
550:       "com.fasterxml.jackson.databind.introspect.AnnotatedCreatorCollector",
551:       "com.fasterxml.jackson.databind.util.ClassUtil$Ctor",
552:       "com.fasterxml.jackson.databind.introspect.AnnotatedMethod",
553:       "com.fasterxml.jackson.annotation.JsonCreator$Mode",
554:       "com.fasterxml.jackson.annotation.JsonAutoDetect$1",
555:       "com.fasterxml.jackson.databind.deser.impl.CreatorCandidate",
556:       "com.fasterxml.jackson.databind.deser.impl.CreatorCandidate$Param",
557:       "com.fasterxml.jackson.databind.deser.impl.CreatorCollector$StdTypeConstructor",
558:       "com.fasterxml.jackson.databind.deser.std.StdValueInstantiator",
559:       "com.fasterxml.jackson.databind.deser.std.ContainerDeserializerBase",
560:       "com.fasterxml.jackson.databind.deser.std.CollectionDeserializer",
561:       "com.fasterxml.jackson.databind.util.AccessPattern",
562:       "com.fasterxml.jackson.databind.deser.impl.NullsConstantProvider",
563:       "com.fasterxml.jackson.databind.deser.std.MapDeserializer",
564:       "com.fasterxml.jackson.annotation.JsonIgnoreProperties$Value",
565:       "com.fasterxml.jackson.databind.deser.std.StringDeserializer",
566:       "com.fasterxml.jackson.databind.deser.std.NumberDeserializers",
567:       "com.fasterxml.jackson.databind.deser.std.NumberDeserializers$NumberDeserializer",
568:       "com.fasterxml.jackson.databind.util.LinkedNode",
569:       "com.fasterxml.jackson.databind.deser.std.UntypedObjectDeserializer$Vanilla",
570:       "com.fasterxml.jackson.databind.InjectableValues",
571:       "com.fasterxml.jackson.databind.InjectableValues$Std",
572:       "com.fasterxml.jackson.databind.introspect.VisibilityChecker$1",
573:       "com.fasterxml.jackson.databind.deser.std.DateDeserializers",
574:       "com.fasterxml.jackson.databind.ext.OptionalHandlerFactory",
575:       "com.fasterxml.jackson.databind.deser.std.JdkDeserializers",
576:       "com.fasterxml.jackson.databind.jsontype.impl.SubTypeValidator",
577:       "com.fasterxml.jackson.databind.introspect.AnnotatedFieldCollector",
578:       "com.fasterxml.jackson.databind.introspect.AnnotatedMethodCollector",
579:       "com.fasterxml.jackson.databind.introspect.MemberKey",
580:       "com.fasterxml.jackson.databind.introspect.AnnotatedMethodCollector$MethodBuilder",
581:       "com.fasterxml.jackson.databind.introspect.AnnotatedMethodMap",
582:       "com.fasterxml.jackson.databind.util.BeanUtil",
583:       "com.fasterxml.jackson.databind.node.IntNode",
584:       "com.fasterxml.jackson.databind.deser.impl.ObjectIdReader",
585:       "com.fasterxml.jackson.databind.AbstractTypeResolver",
586:       "com.fasterxml.jackson.databind.module.SimpleAbstractTypeResolver",
587:       "com.fasterxml.jackson.core.json.async.NonBlockingJsonParserBase",
588:       "com.fasterxml.jackson.core.json.async.NonBlockingJsonParser",
589:       "com.fasterxml.jackson.databind.introspect.BeanPropertyDefinition",
590:       "com.fasterxml.jackson.databind.AnnotationIntrospector$ReferenceProperty",
591:       "com.fasterxml.jackson.databind.AnnotationIntrospector$ReferenceProperty$Type",
592:       "com.fasterxml.jackson.databind.introspect.POJOPropertyBuilder",
593:       "com.fasterxml.jackson.databind.introspect.POJOPropertyBuilder$8",
594:       "com.fasterxml.jackson.databind.BeanProperty$Std",
595:       "com.fasterxml.jackson.databind.type.ClassKey",
596:       "com.fasterxml.jackson.core.JsonFactory$Feature",
597:       "com.fasterxml.jackson.core.JsonParser$Feature",
598:       "com.fasterxml.jackson.core.JsonGenerator$Feature",
599:       "com.fasterxml.jackson.core.JsonEncoding",
600:       "com.fasterxml.jackson.core.JsonToken"
601:     );
602:   }
603: }

[MASTER] 02:23:42.150 [logback-2] ERROR JUnitAnalyzer - Failed to compile test case:
PropertyName propertyName0 = new PropertyName("kEY-A2+@7Y");
Class<Object> class0 = Object.class;
Class<ObjectIdGenerator> class1 = ObjectIdGenerator.class;
Class<SimpleObjectIdResolver> class2 = SimpleObjectIdResolver.class;
ObjectIdInfo objectIdInfo0 = new ObjectIdInfo(propertyName0, class0, class1, class2);
ObjectIdReferenceProperty objectIdReferenceProperty0 = new ObjectIdReferenceProperty((SettableBeanProperty) null, objectIdInfo0);

