CMD: /usr/lib/jvm/java-8-openjdk-amd64/bin/java -Dtools_jar_location=/usr/lib/jvm/java-8-openjdk-amd64/lib/tools.jar -jar /home/pizza/TestRound2/evosuite-1.2.0.jar -generateSuite -class com.google.gson.internal.bind.TypeAdapters -projectCP /home/pizza/TestRound2/Test/Gson-9b/target/classes -base_dir /home/pizza/TestRound2/results/project-Gson/Gson-9/round03/evosuite-work -seed 11 -Dalgorithm=NSGAII -Dsearch_budget=60 -Dtest_format=JUNIT4 -Dassertions=true

* EvoSuite 1.2.0
* Going to generate test cases for class: com.google.gson.internal.bind.TypeAdapters
* Starting Client-0
* Connecting to master process on port 8220
* Analyzing classpath: 
  - /home/pizza/TestRound2/Test/Gson-9b/target/classes
* Finished analyzing classpath
* Generating tests for class com.google.gson.internal.bind.TypeAdapters
* Test criteria:
  - Line Coverage
  - Branch Coverage
  - Exception
  - Mutation testing (weak)
  - Method-Output Coverage
  - Top-Level Method Coverage
  - No-Exception Top-Level Method Coverage
  - Context Branch Coverage
* Setting up search algorithm for whole suite generation
* Total number of test goals: 
  - Line 395
  - Branch 284
  - Exception 0
  - MutationFactory 468
  - Output 10
  - Method 7
  - MethodNoException 7
  - CBranchFitnessFactory 284
* Using seed 11
* Starting evolution

[Progress:>                             0%] [Cov:>                                  0%]
[Progress:=>                            5%] [Cov:>                                  0%]
[Progress:====>                         16%] [Cov:>                                  0%]
[Progress:====>                         16%] [Cov:>                                  1%]
[Progress:====>                         16%] [Cov:====>                              14%]
[Progress:=====>                        18%] [Cov:=====>                             17%]
[Progress:=====>                        18%] [Cov:========>                          25%]
[Progress:=====>                        18%] [Cov:===========>                       33%]
[Progress:=====>                        18%] [Cov:===========>                       34%][MASTER] 18:46:25.352 [logback-1] WARN  TestCluster - Failed to check cache for com.google.gson.reflect.TypeToken<T> : Type points to itself

[Progress:=====>                        18%] [Cov:=============>                     38%]
[Progress:======>                       20%] [Cov:>                                  0%]
[Progress:======>                       20%] [Cov:>                                  1%]
[Progress:======>                       20%] [Cov:====>                              13%]
[Progress:======>                       20%] [Cov:=====>                             15%]
[Progress:======>                       20%] [Cov:=====>                             16%]
[Progress:======>                       20%] [Cov:=======>                           22%]
[Progress:======>                       20%] [Cov:==========>                        30%]
[Progress:======>                       20%] [Cov:=============>                     38%]
[Progress:========>                     28%] [Cov:>                                  0%]
[Progress:========>                     28%] [Cov:>                                  1%]
[Progress:========>                     28%] [Cov:====>                              13%]
[Progress:========>                     28%] [Cov:=====>                             16%]
[Progress:========>                     28%] [Cov:========>                          24%]
[Progress:========>                     28%] [Cov:===========>                       32%]
[Progress:========>                     28%] [Cov:===========>                       33%]
[Progress:========>                     28%] [Cov:============>                      37%]
[Progress:========>                     28%] [Cov:=============>                     38%]
[Progress:=========>                    30%] [Cov:>                                  0%]
[Progress:=========>                    30%] [Cov:>                                  1%]
[Progress:=========>                    30%] [Cov:====>                              14%]
[Progress:=========>                    30%] [Cov:=====>                             17%]
[Progress:=========>                    30%] [Cov:========>                          25%]
[Progress:=========>                    30%] [Cov:===========>                       33%]
[Progress:=========>                    30%] [Cov:===========>                       34%]
[Progress:=========>                    30%] [Cov:=============>                     38%]
[Progress:===========>                  38%] [Cov:>                                  0%]
[Progress:===========>                  38%] [Cov:>                                  1%]
[Progress:===========>                  38%] [Cov:====>                              13%]
[Progress:===========>                  38%] [Cov:====>                              14%]
[Progress:===========>                  38%] [Cov:=====>                             16%]
[Progress:===========>                  38%] [Cov:=====>                             17%]
[Progress:===========>                  38%] [Cov:=======>                           22%]
[Progress:===========>                  38%] [Cov:==========>                        30%]
[Progress:===========>                  38%] [Cov:=============>                     38%]
[Progress:===========>                  38%] [Cov:=============>                     39%]
[Progress:=============>                46%] [Cov:>                                  0%]
[Progress:=============>                46%] [Cov:====>                              13%]
[Progress:=============>                46%] [Cov:=====>                             15%]
[Progress:=============>                46%] [Cov:======>                            18%]
[Progress:=============>                46%] [Cov:=======>                           21%]
[Progress:=============>                46%] [Cov:========>                          23%]
[Progress:=============>                46%] [Cov:=========>                         28%]
[Progress:==============>               48%] [Cov:>                                  0%]
[Progress:==============>               48%] [Cov:>                                  2%]
[Progress:==============>               48%] [Cov:====>                              14%]
[Progress:==============>               48%] [Cov:=====>                             17%]
[Progress:==============>               48%] [Cov:========>                          23%]
[Progress:==============>               48%] [Cov:==========>                        31%]
[Progress:==============>               48%] [Cov:=============>                     39%]
[Progress:===============>              50%] [Cov:>                                  0%]
[Progress:===============>              50%] [Cov:>                                  1%]
[Progress:===============>              50%] [Cov:====>                              13%]
[Progress:===============>              50%] [Cov:====>                              14%]
[Progress:===============>              50%] [Cov:=====>                             16%]
[Progress:===============>              50%] [Cov:=====>                             17%]
[Progress:===============>              50%] [Cov:=======>                           22%]
[Progress:===============>              50%] [Cov:==========>                        30%]
[Progress:===============>              50%] [Cov:=============>                     38%]
[Progress:===============>              50%] [Cov:=============>                     39%]
[Progress:=================>            58%] [Cov:>                                  0%]
[Progress:===================>          66%] [Cov:>                                  0%]
[Progress:===================>          66%] [Cov:>                                  1%]
[Progress:===================>          66%] [Cov:====>                              14%]
[Progress:===================>          66%] [Cov:=====>                             17%]
[Progress:====================>         68%] [Cov:=====>                             17%]
[Progress:====================>         68%] [Cov:========>                          24%]
[Progress:====================>         68%] [Cov:========>                          25%]
[Progress:====================>         68%] [Cov:===========>                       32%]
[Progress:====================>         68%] [Cov:===========>                       33%]
[Progress:====================>         68%] [Cov:============>                      35%]
[Progress:====================>         68%] [Cov:============>                      37%]
[Progress:====================>         68%] [Cov:=============>                     38%]
[Progress:====================>         68%] [Cov:=============>                     39%]
[Progress:====================>         68%] [Cov:==============>                    40%]
[Progress:=====================>        70%] [Cov:=============>                     38%]
[Progress:=====================>        70%] [Cov:=============>                     39%]
[Progress:=====================>        70%] [Cov:==============>                    40%]
[Progress:=====================>        71%] [Cov:=============>                     38%]
[Progress:=====================>        71%] [Cov:=============>                     39%]
[Progress:=====================>        71%] [Cov:==============>                    40%]
[Progress:=====================>        71%] [Cov:==============>                    41%]
[Progress:=====================>        73%] [Cov:=============>                     39%]
[Progress:=====================>        73%] [Cov:==============>                    40%]
[Progress:=====================>        73%] [Cov:==============>                    41%]
[Progress:======================>       75%] [Cov:=============>                     39%]
[Progress:======================>       75%] [Cov:==============>                    40%]
[Progress:======================>       75%] [Cov:==============>                    41%]
[Progress:======================>       76%] [Cov:=============>                     38%]
[Progress:======================>       76%] [Cov:==============>                    40%]
[Progress:=======================>      78%] [Cov:==============>                    40%]
[Progress:========================>     81%] [Cov:==============>                    40%]
[Progress:========================>     81%] [Cov:==============>                    41%]
[Progress:========================>     81%] [Cov:==============>                    41%]
[Progress:========================>     83%] [Cov:==============>                    40%][MASTER] 18:47:04.155 [logback-1] WARN  TestChromosome - Functional mock problem: org.evosuite.ga.ConstructionFailedException: No generators of type java.lang.Class<java.lang.StringBuilder>

[Progress:========================>     83%] [Cov:==============>                    41%]
[Progress:=========================>    85%] [Cov:==============>                    40%]
[Progress:=========================>    85%] [Cov:==============>                    41%]
[Progress:=========================>    85%] [Cov:==============>                    41%]
[Progress:=========================>    86%] [Cov:==============>                    40%]
[Progress:=========================>    86%] [Cov:==============>                    41%]
[Progress:=========================>    86%] [Cov:==============>                    41%]
[Progress:==========================>   88%] [Cov:==============>                    41%]
[Progress:==========================>   88%] [Cov:==============>                    41%]
[Progress:===========================>  90%] [Cov:=============>                     38%]
[Progress:===========================>  90%] [Cov:==============>                    40%]
[Progress:===========================>  90%] [Cov:==============>                    41%]
[Progress:===========================>  90%] [Cov:==============>                    42%]
[Progress:===========================>  91%] [Cov:==============>                    41%]
[Progress:===========================>  91%] [Cov:==============>                    42%]
[Progress:===========================>  93%] [Cov:=============>                     39%]
[Progress:===========================>  93%] [Cov:==============>                    40%]
[Progress:===========================>  93%] [Cov:==============>                    41%][MASTER] 18:47:10.467 [logback-1] WARN  TestChromosome - Functional mock problem: org.evosuite.ga.ConstructionFailedException: No generators of type java.lang.Class<java.lang.Object>

[Progress:============================> 95%] [Cov:==============>                    41%]
[Progress:============================> 95%] [Cov:==============>                    42%]
[Progress:============================> 96%] [Cov:==============>                    41%]
[Progress:============================> 96%] [Cov:==============>                    42%]
[Progress:=============================>98%] [Cov:==============>                    41%]
[Progress:=============================>98%] [Cov:==============>                    42%]
[Progress:==============================100%] [Cov:==============>                    40%]
[Progress:==============================100%] [Cov:==============>                    41%]
[Progress:==============================100%] [Cov:==============>                    42%]
[Progress:==============================100%] [Cov:==============>                    42%]
[Progress:==============================100%] [Cov:==============>                    41%]
[Progress:==============================100%] [Cov:==============>                    42%]
[Progress:==============================100%] [Cov:==============>                    42%]
* Search finished after 62s and 12 generations, 9577 statements, best individual has fitness: 1525.8804843304843
* Minimizing test suite
* Going to analyze the coverage criteria
* Coverage analysis for criterion LINE
* Coverage of criterion LINE: 11%
* Total number of goals: 395
* Number of covered goals: 45
* Coverage analysis for criterion BRANCH
* Coverage of criterion BRANCH: 16%
* Total number of goals: 284
* Number of covered goals: 46
* Coverage analysis for criterion EXCEPTION
* Coverage of criterion EXCEPTION: 100% (no goals)
* Coverage analysis for criterion WEAKMUTATION
* Coverage of criterion WEAKMUTATION: 38%
* Total number of goals: 468
* Number of covered goals: 177
* Coverage analysis for criterion OUTPUT
* Coverage of criterion OUTPUT: 50%
* Total number of goals: 10
* Number of covered goals: 5
* Coverage analysis for criterion METHOD
* Coverage of criterion METHOD: 71%
* Total number of goals: 7
* Number of covered goals: 5
* Coverage analysis for criterion METHODNOEXCEPTION
* Coverage of criterion METHODNOEXCEPTION: 71%
* Total number of goals: 7
* Number of covered goals: 5
* Coverage analysis for criterion CBRANCH
* Coverage of criterion CBRANCH: 16%
* Total number of goals: 284
* Number of covered goals: 46
* Generated 12 tests with total length 55
* Resulting test suite's coverage: 43% (average coverage for all fitness functions)
* Generating assertions
* Resulting test suite's mutation score: 1%
* Compiling and checking tests
* Writing tests to file
* Writing JUnit test case 'TypeAdapters_ESTest' to evosuite-tests
* Done!

* Computation finished

