CMD: /usr/lib/jvm/java-8-openjdk-amd64/bin/java -Dtools_jar_location=/usr/lib/jvm/java-8-openjdk-amd64/lib/tools.jar -jar /home/pizza/TestRound2/evosuite-1.2.0.jar -generateSuite -class org.jsoup.select.Selector -projectCP /home/pizza/TestRound2/Test/Jsoup-11b/target/classes -base_dir /home/pizza/TestRound2/results/project-Jsoup/Jsoup-11/round03/evosuite-work -seed 11 -Dalgorithm=NSGAII -Dsearch_budget=60 -Dtest_format=JUNIT4 -Dassertions=true

* EvoSuite 1.2.0
* Going to generate test cases for class: org.jsoup.select.Selector
* Starting Client-0
* Connecting to master process on port 8224
* Analyzing classpath: 
  - /home/pizza/TestRound2/Test/Jsoup-11b/target/classes
* Finished analyzing classpath
* Generating tests for class org.jsoup.select.Selector
* Test criteria:
  - Line Coverage
  - Branch Coverage
  - Exception
  - Mutation testing (weak)
  - Method-Output Coverage
  - Top-Level Method Coverage
  - No-Exception Top-Level Method Coverage
  - Context Branch Coverage
* Setting up search algorithm for whole suite generation
* Total number of test goals: 
  - Line 197
  - Branch 131
  - Exception 0
  - MutationFactory 246
  - Output 12
  - Method 3
  - MethodNoException 3
  - CBranchFitnessFactory 131

[Progress:>                             0%] [Cov:>                                  0%]* Using seed 11
* Starting evolution

[Progress:>                             1%] [Cov:>                                  0%]
[Progress:>                             1%] [Cov:>                                  1%]
[Progress:>                             1%] [Cov:>                                  2%]
[Progress:>                             1%] [Cov:====>                              13%]
[Progress:>                             1%] [Cov:=====>                             15%]
[Progress:>                             1%] [Cov:======>                            19%]
[Progress:>                             1%] [Cov:========>                          25%]
[Progress:>                             1%] [Cov:===========>                       33%]
[Progress:>                             1%] [Cov:===============>                   43%]
[Progress:>                             1%] [Cov:===============>                   44%]
[Progress:>                             3%] [Cov:>                                  0%]
[Progress:>                             3%] [Cov:>                                  1%]
[Progress:>                             3%] [Cov:====>                              12%]
[Progress:>                             3%] [Cov:====>                              13%]
[Progress:>                             3%] [Cov:====>                              14%]
[Progress:>                             3%] [Cov:======>                            18%]
[Progress:>                             3%] [Cov:========>                          25%]
[Progress:>                             3%] [Cov:===========>                       32%]
[Progress:>                             3%] [Cov:=============>                     38%]
[Progress:>                             3%] [Cov:=================>                 49%][MASTER] 06:33:13.167 [logback-1] WARN  TestCluster - Failed to check cache for java.util.Comparator<T> : Type points to itself

[Progress:=>                            5%] [Cov:>                                  2%]
[Progress:=>                            5%] [Cov:=>                                 4%]
[Progress:=>                            5%] [Cov:====>                              13%]
[Progress:=>                            5%] [Cov:=====>                             17%]
[Progress:=>                            5%] [Cov:======>                            19%]
[Progress:=>                            5%] [Cov:========>                          23%]
[Progress:=>                            5%] [Cov:==========>                        30%]
[Progress:=>                            5%] [Cov:=============>                     38%]
[Progress:=>                            5%] [Cov:================>                  46%]
[Progress:=>                            5%] [Cov:================>                  47%]
[Progress:=>                            5%] [Cov:================>                  48%]
[Progress:=>                            5%] [Cov:=================>                 50%]
[Progress:=>                            6%] [Cov:=====>                             16%]
[Progress:=>                            6%] [Cov:======>                            18%]
[Progress:=>                            6%] [Cov:======>                            19%]
[Progress:=>                            6%] [Cov:==========>                        29%]
[Progress:=>                            6%] [Cov:============>                      37%]
[Progress:=>                            6%] [Cov:=================>                 50%]
[Progress:=>                            6%] [Cov:================>                  47%]
[Progress:=>                            6%] [Cov:=================>                 50%]
[Progress:=>                            6%] [Cov:==================>                52%]
[Progress:=>                            6%] [Cov:==================>                52%]
[Progress:==>                           8%] [Cov:=================>                 49%]
[Progress:==>                           8%] [Cov:=================>                 50%]
[Progress:==>                           8%] [Cov:=================>                 51%]
[Progress:==>                           8%] [Cov:==================>                52%]
[Progress:==>                           8%] [Cov:==================>                54%]
[Progress:==>                           8%] [Cov:===================>               55%]
[Progress:==>                           8%] [Cov:==================>                52%]
[Progress:==>                           8%] [Cov:==================>                54%]
[Progress:==>                           8%] [Cov:===================>               55%]
[Progress:==>                           8%] [Cov:==================>                52%]
[Progress:==>                           8%] [Cov:==================>                54%]
[Progress:==>                           8%] [Cov:===================>               55%]
[Progress:===>                          10%] [Cov:=================>                 49%]
[Progress:===>                          10%] [Cov:=================>                 50%]
[Progress:===>                          10%] [Cov:=================>                 51%]
[Progress:===>                          10%] [Cov:===================>               55%]
[Progress:===>                          10%] [Cov:===================>               56%]
[Progress:===>                          10%] [Cov:================>                  48%]
[Progress:===>                          10%] [Cov:==================>                52%]
[Progress:===>                          10%] [Cov:===================>               55%]
[Progress:===>                          10%] [Cov:===================>               56%]
[Progress:===>                          10%] [Cov:===================>               57%]
[Progress:===>                          10%] [Cov:===================>               57%]
[Progress:===>                          11%] [Cov:===================>               57%]
[Progress:===>                          11%] [Cov:===================>               57%]
[Progress:===>                          11%] [Cov:====================>              58%]
[Progress:===>                          11%] [Cov:====================>              58%]
[Progress:===>                          13%] [Cov:===================>               57%]
[Progress:===>                          13%] [Cov:====================>              58%]
[Progress:===>                          13%] [Cov:====================>              58%]
[Progress:===>                          13%] [Cov:====================>              58%]
[Progress:====>                         15%] [Cov:====================>              58%]
[Progress:====>                         15%] [Cov:====================>              58%]
[Progress:====>                         15%] [Cov:====================>              58%]
[Progress:====>                         16%] [Cov:====================>              58%]
[Progress:====>                         16%] [Cov:====================>              58%]
[Progress:====>                         16%] [Cov:====================>              58%]
[Progress:=====>                        18%] [Cov:===================>               56%]
[Progress:=====>                        18%] [Cov:====================>              58%]
[Progress:=====>                        18%] [Cov:====================>              58%]
[Progress:=====>                        18%] [Cov:====================>              58%]
[Progress:======>                       20%] [Cov:====================>              58%]
[Progress:======>                       20%] [Cov:====================>              58%]
[Progress:======>                       21%] [Cov:====================>              58%]
[Progress:======>                       21%] [Cov:====================>              58%]
[Progress:======>                       21%] [Cov:====================>              58%]
[Progress:======>                       23%] [Cov:====================>              58%]
[Progress:======>                       23%] [Cov:====================>              58%]
[Progress:======>                       23%] [Cov:====================>              59%]
[Progress:======>                       23%] [Cov:====================>              59%]
[Progress:=======>                      25%] [Cov:====================>              58%]
[Progress:=======>                      25%] [Cov:====================>              59%]
[Progress:=======>                      25%] [Cov:====================>              59%]
[Progress:=======>                      25%] [Cov:====================>              59%]
[Progress:=======>                      25%] [Cov:=====================>             62%]
[Progress:=======>                      26%] [Cov:====================>              59%]
[Progress:=======>                      26%] [Cov:=====================>             62%]
[Progress:=======>                      26%] [Cov:=====================>             62%]
[Progress:========>                     28%] [Cov:====================>              59%]
[Progress:========>                     28%] [Cov:=====================>             61%]
[Progress:========>                     28%] [Cov:=====================>             62%]
[Progress:========>                     28%] [Cov:=====================>             62%]
[Progress:========>                     28%] [Cov:======================>            63%]
[Progress:=========>                    30%] [Cov:=====================>             62%]
[Progress:=========>                    30%] [Cov:======================>            63%]
[Progress:=========>                    30%] [Cov:======================>            63%]
[Progress:=========>                    31%] [Cov:==================>                52%]
[Progress:=========>                    31%] [Cov:=====================>             62%]
[Progress:=========>                    31%] [Cov:======================>            63%]
[Progress:=========>                    31%] [Cov:======================>            63%]
[Progress:=========>                    33%] [Cov:=====================>             62%]
[Progress:=========>                    33%] [Cov:======================>            63%]
[Progress:=========>                    33%] [Cov:======================>            63%]
[Progress:=========>                    33%] [Cov:======================>            63%]
[Progress:==========>                   35%] [Cov:====================>              58%]
[Progress:==========>                   35%] [Cov:=====================>             61%]
[Progress:==========>                   35%] [Cov:======================>            63%]
[Progress:==========>                   35%] [Cov:======================>            63%]
[Progress:==========>                   36%] [Cov:=====================>             62%]
[Progress:==========>                   36%] [Cov:======================>            63%]
[Progress:==========>                   36%] [Cov:======================>            63%]
[Progress:===========>                  38%] [Cov:======================>            63%]
[Progress:===========>                  38%] [Cov:======================>            63%]
[Progress:===========>                  38%] [Cov:======================>            63%]
[Progress:============>                 40%] [Cov:======================>            63%]
[Progress:============>                 40%] [Cov:======================>            63%]
[Progress:============>                 41%] [Cov:======================>            63%]
[Progress:============>                 41%] [Cov:======================>            63%]
[Progress:============>                 41%] [Cov:======================>            63%]
[Progress:============>                 43%] [Cov:======================>            63%]
[Progress:============>                 43%] [Cov:======================>            63%]
[Progress:=============>                45%] [Cov:======================>            63%]
[Progress:=============>                45%] [Cov:======================>            63%]
[Progress:=============>                46%] [Cov:======================>            63%]
[Progress:=============>                46%] [Cov:======================>            63%]
[Progress:=============>                46%] [Cov:======================>            63%]
[Progress:==============>               48%] [Cov:=====================>             61%]
[Progress:==============>               48%] [Cov:======================>            63%]
[Progress:==============>               48%] [Cov:======================>            63%]
[Progress:===============>              50%] [Cov:======================>            63%]
[Progress:===============>              50%] [Cov:======================>            63%]
[Progress:===============>              51%] [Cov:======================>            63%]
[Progress:===============>              51%] [Cov:======================>            63%]
[Progress:===============>              51%] [Cov:======================>            63%]
[Progress:===============>              53%] [Cov:======================>            63%]
[Progress:===============>              53%] [Cov:======================>            63%]
[Progress:================>             55%] [Cov:======================>            63%]
[Progress:================>             55%] [Cov:======================>            63%]
[Progress:================>             56%] [Cov:======================>            63%]
[Progress:================>             56%] [Cov:======================>            63%]
[Progress:=================>            58%] [Cov:===============>                   44%]
[Progress:=================>            58%] [Cov:======================>            63%]
[Progress:=================>            58%] [Cov:======================>            63%]
[Progress:==================>           60%] [Cov:======================>            63%]
[Progress:==================>           60%] [Cov:======================>            63%]
[Progress:==================>           60%] [Cov:======================>            63%]
[Progress:==================>           61%] [Cov:======================>            63%]
[Progress:==================>           61%] [Cov:======================>            63%]
[Progress:==================>           63%] [Cov:======================>            63%]
[Progress:==================>           63%] [Cov:======================>            63%]
[Progress:===================>          65%] [Cov:======================>            63%]
[Progress:===================>          65%] [Cov:======================>            63%]
[Progress:===================>          66%] [Cov:======================>            63%]
[Progress:===================>          66%] [Cov:======================>            63%]
[Progress:====================>         68%] [Cov:=====================>             61%]
[Progress:====================>         68%] [Cov:=====================>             62%]
[Progress:====================>         68%] [Cov:======================>            63%]
[Progress:====================>         68%] [Cov:======================>            63%]
[Progress:====================>         68%] [Cov:======================>            63%]
[Progress:=====================>        70%] [Cov:======================>            63%]
[Progress:=====================>        70%] [Cov:======================>            63%]
[Progress:=====================>        71%] [Cov:======================>            63%]
[Progress:=====================>        71%] [Cov:======================>            63%]
[Progress:=====================>        73%] [Cov:======================>            63%]
[Progress:=====================>        73%] [Cov:======================>            63%]
[Progress:======================>       75%] [Cov:======================>            63%]
[Progress:======================>       75%] [Cov:======================>            64%]
[Progress:======================>       75%] [Cov:======================>            64%]
[Progress:======================>       76%] [Cov:======================>            63%]
[Progress:======================>       76%] [Cov:======================>            64%]
[Progress:======================>       76%] [Cov:======================>            64%]
[Progress:=======================>      78%] [Cov:======================>            63%]
[Progress:=======================>      78%] [Cov:======================>            64%]
[Progress:========================>     80%] [Cov:======================>            63%]
[Progress:========================>     80%] [Cov:======================>            64%]
[Progress:========================>     80%] [Cov:======================>            65%]
[Progress:========================>     80%] [Cov:======================>            65%]
[Progress:========================>     81%] [Cov:======================>            63%]
[Progress:========================>     81%] [Cov:======================>            64%]
[Progress:========================>     81%] [Cov:======================>            65%]
[Progress:========================>     81%] [Cov:======================>            65%]
[Progress:========================>     83%] [Cov:======================>            65%]
[Progress:========================>     83%] [Cov:======================>            65%]
[Progress:=========================>    85%] [Cov:======================>            64%]
[Progress:=========================>    85%] [Cov:======================>            65%]
[Progress:=========================>    85%] [Cov:======================>            65%]
[Progress:=========================>    86%] [Cov:======================>            65%]
[Progress:=========================>    86%] [Cov:======================>            65%]
[Progress:==========================>   88%] [Cov:======================>            65%]
[Progress:==========================>   88%] [Cov:======================>            65%]
[Progress:===========================>  90%] [Cov:======================>            65%]
[Progress:===========================>  90%] [Cov:======================>            65%]
[Progress:===========================>  91%] [Cov:======================>            65%]
[Progress:===========================>  91%] [Cov:======================>            65%]
[Progress:===========================>  93%] [Cov:======================>            65%]
[Progress:===========================>  93%] [Cov:======================>            65%]
[Progress:============================> 95%] [Cov:======================>            65%]
[Progress:============================> 95%] [Cov:======================>            65%]
[Progress:============================> 96%] [Cov:======================>            65%]
[Progress:============================> 96%] [Cov:======================>            65%]
[Progress:============================> 96%] [Cov:======================>            65%]
[Progress:=============================>98%] [Cov:======================>            65%]
[Progress:=============================>98%] [Cov:======================>            65%]
[Progress:==============================100%] [Cov:======================>            65%]
[Progress:==============================100%] [Cov:=====================>             61%]
[Progress:==============================100%] [Cov:======================>            65%]
[Progress:==============================100%] [Cov:=====================>             61%]
[Progress:==============================100%] [Cov:======================>            65%]
[Progress:==============================100%] [Cov:=====================>             61%]
* Search finished after 61s and 81 generations, 23600 statements, best individual has fitness: 485.48837191015167
* Minimizing test suite
* Going to analyze the coverage criteria
* Coverage analysis for criterion LINE
* Coverage of criterion LINE: 57%
* Total number of goals: 197
* Number of covered goals: 112
* Coverage analysis for criterion BRANCH
* Coverage of criterion BRANCH: 44%
* Total number of goals: 131
* Number of covered goals: 58
* Coverage analysis for criterion EXCEPTION
* Coverage of criterion EXCEPTION: 50%
* Total number of goals: 6
* Number of covered goals: 3
* Coverage analysis for criterion WEAKMUTATION
* Coverage of criterion WEAKMUTATION: 50%
* Total number of goals: 246
* Number of covered goals: 123
* Coverage analysis for criterion OUTPUT
* Coverage of criterion OUTPUT: 33%
* Total number of goals: 12
* Number of covered goals: 4
* Coverage analysis for criterion METHOD
* Coverage of criterion METHOD: 100%
* Total number of goals: 3
* Number of covered goals: 3
* Coverage analysis for criterion METHODNOEXCEPTION
* Coverage of criterion METHODNOEXCEPTION: 100%
* Total number of goals: 3
* Number of covered goals: 3
* Coverage analysis for criterion CBRANCH
* Coverage of criterion CBRANCH: 37%
* Total number of goals: 131
* Number of covered goals: 49
* Generated 12 tests with total length 28
* Resulting test suite's coverage: 62% (average coverage for all fitness functions)
* Generating assertions
* Resulting test suite's mutation score: 35%
* Compiling and checking tests
* Writing tests to file
* Writing JUnit test case 'Selector_ESTest' to evosuite-tests
* Done!

* Computation finished

