CMD: /usr/lib/jvm/java-8-openjdk-amd64/bin/java -Dtools_jar_location=/usr/lib/jvm/java-8-openjdk-amd64/lib/tools.jar -jar /home/pizza/TestRound2/evosuite-1.2.0.jar -generateSuite -class org.apache.commons.collections4.trie.UnmodifiableTrie -projectCP /home/pizza/TestRound2/Test/Collections-23b/target/classes -base_dir /home/pizza/TestRound2/results/project-Collections/Collections-23/round03/evosuite-work -seed 11 -Dalgorithm=NSGAII -Dsearch_budget=60 -Dtest_format=JUNIT4 -Dassertions=true

* EvoSuite 1.2.0
* Going to generate test cases for class: org.apache.commons.collections4.trie.UnmodifiableTrie
* Starting Client-0
* Connecting to master process on port 8222
* Analyzing classpath: 
  - /home/pizza/TestRound2/Test/Collections-23b/target/classes
* Finished analyzing classpath
* Generating tests for class org.apache.commons.collections4.trie.UnmodifiableTrie
* Test criteria:
  - Line Coverage
  - Branch Coverage
  - Exception
  - Mutation testing (weak)
  - Method-Output Coverage
  - Top-Level Method Coverage
  - No-Exception Top-Level Method Coverage
  - Context Branch Coverage
* Setting up search algorithm for whole suite generation
* Total number of test goals: 
  - Line 33
  - Branch 28
  - Exception 0
  - MutationFactory 5
  - Output 75
  - Method 27
  - MethodNoException 27
  - CBranchFitnessFactory 28

[Progress:>                             0%] [Cov:>                                  0%]* Using seed 11
* Starting evolution
[MASTER] 06:55:23.687 [logback-1] WARN  TestCluster - Failed to check cache for java.util.AbstractMap<K, V>.SimpleImmutableEntry<K, V> : Type points to itself

[Progress:=========>                    30%] [Cov:>                                  0%][MASTER] 06:55:41.798 [logback-1] WARN  TestCluster - Failed to check cache for java.util.Comparator<T> : Type points to itself

[Progress:=========>                    30%] [Cov:>                                  1%]
[Progress:=========>                    30%] [Cov:>                                  2%]
[Progress:=========>                    30%] [Cov:====>                              14%]
[Progress:=========>                    30%] [Cov:======>                            18%]
[Progress:=========>                    30%] [Cov:======>                            19%]
[Progress:=========>                    31%] [Cov:>                                  1%]
[Progress:=========>                    31%] [Cov:>                                  2%]
[Progress:=========>                    31%] [Cov:====>                              14%]
[Progress:=========>                    31%] [Cov:======>                            18%]
[Progress:=========>                    31%] [Cov:======>                            19%]
[Progress:=========>                    31%] [Cov:======>                            19%]
[Progress:=========>                    33%] [Cov:======>                            19%]
[Progress:=========>                    33%] [Cov:======>                            19%]
[Progress:=========>                    33%] [Cov:======>                            19%]
[Progress:==========>                   35%] [Cov:======>                            19%]
[Progress:==========>                   35%] [Cov:======>                            19%]
[Progress:==========>                   35%] [Cov:======>                            19%]
[Progress:==========>                   36%] [Cov:======>                            19%]
[Progress:==========>                   36%] [Cov:======>                            19%]
[Progress:==========>                   36%] [Cov:======>                            19%]
[Progress:==========>                   36%] [Cov:======>                            19%]
[Progress:===========>                  38%] [Cov:======>                            19%]
[Progress:===========>                  38%] [Cov:======>                            19%]
[Progress:============>                 40%] [Cov:======>                            19%]
[Progress:============>                 40%] [Cov:======>                            19%]
[Progress:============>                 40%] [Cov:======>                            19%]
[Progress:============>                 41%] [Cov:======>                            19%]
[Progress:============>                 41%] [Cov:======>                            19%]
[Progress:============>                 41%] [Cov:======>                            19%]
[Progress:============>                 43%] [Cov:======>                            19%]
[Progress:============>                 43%] [Cov:======>                            19%]
[Progress:=============>                45%] [Cov:======>                            19%]
[Progress:=============>                45%] [Cov:======>                            19%]
[Progress:=============>                45%] [Cov:======>                            19%]
[Progress:=============>                45%] [Cov:======>                            19%]
[Progress:=============>                46%] [Cov:======>                            19%]
[Progress:=============>                46%] [Cov:======>                            19%]
[Progress:=============>                46%] [Cov:======>                            19%]
[Progress:==============>               48%] [Cov:======>                            19%]
[Progress:==============>               48%] [Cov:======>                            19%]
[Progress:==============>               48%] [Cov:======>                            19%]
[Progress:===============>              50%] [Cov:======>                            19%]
[Progress:===============>              50%] [Cov:======>                            19%]
[Progress:===============>              50%] [Cov:======>                            19%]
[Progress:===============>              50%] [Cov:======>                            19%]
[Progress:===============>              50%] [Cov:======>                            19%]
[Progress:===============>              51%] [Cov:======>                            19%]
[Progress:===============>              51%] [Cov:======>                            19%]
[Progress:===============>              53%] [Cov:======>                            19%]
[Progress:===============>              53%] [Cov:======>                            19%]
[Progress:===============>              53%] [Cov:======>                            19%]
[Progress:================>             55%] [Cov:======>                            19%]
[Progress:================>             55%] [Cov:======>                            19%]
[Progress:================>             55%] [Cov:======>                            19%]
[Progress:================>             55%] [Cov:======>                            19%]
[Progress:================>             56%] [Cov:======>                            19%]
[Progress:================>             56%] [Cov:======>                            19%]
[Progress:================>             56%] [Cov:======>                            19%]
[Progress:=================>            58%] [Cov:======>                            19%]
[Progress:=================>            58%] [Cov:======>                            19%]
[Progress:=================>            58%] [Cov:======>                            19%]
[Progress:=================>            58%] [Cov:======>                            19%]
[Progress:==================>           60%] [Cov:======>                            19%]
[Progress:==================>           60%] [Cov:======>                            19%]
[Progress:==================>           60%] [Cov:======>                            19%]
[Progress:==================>           60%] [Cov:======>                            19%]
[Progress:==================>           60%] [Cov:======>                            19%]
[Progress:==================>           61%] [Cov:======>                            19%]
[Progress:==================>           61%] [Cov:======>                            19%]
[Progress:==================>           61%] [Cov:======>                            19%]
[Progress:==================>           63%] [Cov:======>                            19%]
[Progress:==================>           63%] [Cov:======>                            19%]
[Progress:==================>           63%] [Cov:======>                            19%]
[Progress:==================>           63%] [Cov:======>                            19%]
[Progress:==================>           63%] [Cov:======>                            19%]
[Progress:===================>          65%] [Cov:======>                            19%]
[Progress:===================>          65%] [Cov:======>                            19%]
[Progress:===================>          65%] [Cov:======>                            19%]
[Progress:===================>          66%] [Cov:======>                            19%]
[Progress:===================>          66%] [Cov:======>                            19%]
[Progress:===================>          66%] [Cov:======>                            19%]
[Progress:===================>          66%] [Cov:======>                            19%]
[Progress:====================>         68%] [Cov:======>                            19%]
[Progress:====================>         68%] [Cov:======>                            19%]
[Progress:=====================>        70%] [Cov:======>                            19%]
[Progress:=====================>        70%] [Cov:======>                            19%]
[Progress:=====================>        70%] [Cov:======>                            19%]
[Progress:=====================>        71%] [Cov:======>                            19%]
[Progress:=====================>        71%] [Cov:======>                            19%]
[Progress:=====================>        71%] [Cov:======>                            19%]
[Progress:=====================>        73%] [Cov:======>                            19%]
[Progress:=====================>        73%] [Cov:======>                            19%]
[Progress:=====================>        73%] [Cov:======>                            19%]
[Progress:=====================>        73%] [Cov:======>                            19%]
[Progress:======================>       75%] [Cov:======>                            19%]
[Progress:======================>       75%] [Cov:======>                            19%]
[Progress:======================>       75%] [Cov:======>                            19%]
[Progress:======================>       75%] [Cov:======>                            19%]
[Progress:======================>       75%] [Cov:======>                            19%]
[Progress:======================>       76%] [Cov:======>                            19%]
[Progress:======================>       76%] [Cov:======>                            19%]
[Progress:======================>       76%] [Cov:======>                            19%]
[Progress:======================>       76%] [Cov:======>                            19%]
[Progress:======================>       76%] [Cov:======>                            19%]
[Progress:======================>       76%] [Cov:======>                            19%]
[Progress:======================>       76%] [Cov:======>                            19%]
[Progress:======================>       76%] [Cov:======>                            19%]
[Progress:=======================>      78%] [Cov:======>                            19%]
[Progress:=======================>      78%] [Cov:======>                            19%]
[Progress:=======================>      78%] [Cov:======>                            19%]
[Progress:========================>     80%] [Cov:======>                            19%]
[Progress:========================>     80%] [Cov:======>                            19%]
[Progress:========================>     80%] [Cov:======>                            19%]
[Progress:========================>     80%] [Cov:======>                            19%]
[Progress:========================>     80%] [Cov:======>                            19%]
[Progress:========================>     80%] [Cov:======>                            19%]
[Progress:========================>     81%] [Cov:======>                            19%]
[Progress:========================>     81%] [Cov:======>                            19%]
[Progress:========================>     81%] [Cov:======>                            19%]
[Progress:========================>     81%] [Cov:======>                            19%]
[Progress:========================>     83%] [Cov:====>                              12%]
[Progress:========================>     83%] [Cov:======>                            19%]
[Progress:========================>     83%] [Cov:======>                            19%]
[Progress:========================>     83%] [Cov:======>                            19%]
[Progress:========================>     83%] [Cov:======>                            19%]
[Progress:========================>     83%] [Cov:======>                            19%]
[Progress:=========================>    85%] [Cov:======>                            19%]
[Progress:=========================>    85%] [Cov:======>                            19%]
[Progress:=========================>    85%] [Cov:======>                            19%]
[Progress:=========================>    85%] [Cov:======>                            19%]
[Progress:=========================>    85%] [Cov:======>                            19%]
[Progress:=========================>    85%] [Cov:======>                            19%]
[Progress:=========================>    85%] [Cov:======>                            19%]
[Progress:=========================>    86%] [Cov:======>                            19%]
[Progress:=========================>    86%] [Cov:======>                            19%]
[Progress:=========================>    86%] [Cov:======>                            19%]
[Progress:=========================>    86%] [Cov:======>                            19%]
[Progress:=========================>    86%] [Cov:======>                            19%]
[Progress:=========================>    86%] [Cov:======>                            19%]
[Progress:==========================>   88%] [Cov:======>                            19%]
[Progress:==========================>   88%] [Cov:======>                            19%]
[Progress:===========================>  90%] [Cov:======>                            19%]
[Progress:===========================>  90%] [Cov:======>                            19%]
[Progress:===========================>  90%] [Cov:======>                            19%]
[Progress:===========================>  90%] [Cov:======>                            19%]
[Progress:===========================>  91%] [Cov:======>                            19%]
[Progress:===========================>  91%] [Cov:======>                            19%]
[Progress:===========================>  91%] [Cov:======>                            19%]
[Progress:===========================>  91%] [Cov:======>                            19%]
[Progress:===========================>  91%] [Cov:======>                            19%]
[Progress:===========================>  93%] [Cov:======>                            19%]
[Progress:===========================>  93%] [Cov:======>                            19%]
[Progress:===========================>  93%] [Cov:======>                            19%]
[Progress:===========================>  93%] [Cov:======>                            19%]
[Progress:===========================>  93%] [Cov:======>                            19%]
[Progress:============================> 95%] [Cov:======>                            19%]
[Progress:============================> 95%] [Cov:======>                            19%]
[Progress:============================> 95%] [Cov:======>                            19%]
[Progress:============================> 95%] [Cov:======>                            19%]
[Progress:============================> 95%] [Cov:======>                            19%]
[Progress:============================> 96%] [Cov:======>                            19%]
[Progress:============================> 96%] [Cov:======>                            19%]
[Progress:============================> 96%] [Cov:======>                            19%]
[Progress:============================> 96%] [Cov:======>                            19%]
[Progress:============================> 96%] [Cov:======>                            19%]
[Progress:=============================>98%] [Cov:======>                            19%]
[Progress:=============================>98%] [Cov:======>                            19%]
[Progress:=============================>98%] [Cov:======>                            19%]
[Progress:==============================100%] [Cov:======>                            19%]
[Progress:==============================100%] [Cov:======>                            19%]
[Progress:==============================100%] [Cov:======>                            19%]
[Progress:==============================100%] [Cov:======>                            19%]
[Progress:==============================100%] [Cov:======>                            19%]
[Progress:==============================100%] [Cov:======>                            19%]
[Progress:==============================100%] [Cov:======>                            19%]
[Progress:==============================100%] [Cov:======>                            19%]
* Search finished after 61s and 123 generations, 3702 statements, best individual has fitness: 233.96666666666667
* Minimizing test suite
* Going to analyze the coverage criteria
* Coverage analysis for criterion LINE
* Coverage of criterion LINE: 12%
* Total number of goals: 33
* Number of covered goals: 4
* Coverage analysis for criterion BRANCH
* Coverage of criterion BRANCH: 7%
* Total number of goals: 28
* Number of covered goals: 2
* Coverage analysis for criterion EXCEPTION
* Coverage of criterion EXCEPTION: 100%
* Total number of goals: 2
* Number of covered goals: 2
* Coverage analysis for criterion WEAKMUTATION
* Coverage of criterion WEAKMUTATION: 40%
* Total number of goals: 5
* Number of covered goals: 2
* Coverage analysis for criterion OUTPUT
* Coverage of criterion OUTPUT: 0%
* Total number of goals: 75
* Number of covered goals: 0
* Coverage analysis for criterion METHOD
* Coverage of criterion METHOD: 7%
* Total number of goals: 27
* Number of covered goals: 2
* Coverage analysis for criterion METHODNOEXCEPTION
* Coverage of criterion METHODNOEXCEPTION: 0%
* Total number of goals: 27
* Number of covered goals: 0
* Coverage analysis for criterion CBRANCH
* Coverage of criterion CBRANCH: 7%
* Total number of goals: 28
* Number of covered goals: 2
* Generated 2 tests with total length 2
* Resulting test suite's coverage: 20% (average coverage for all fitness functions)
* Generating assertions
* Resulting test suite's mutation score: 0%
* Compiling and checking tests
* Writing tests to file
* Writing JUnit test case 'UnmodifiableTrie_ESTest' to evosuite-tests
* Done!

* Computation finished

