CMD: /usr/lib/jvm/java-8-openjdk-amd64/bin/java -Dtools_jar_location=/usr/lib/jvm/java-8-openjdk-amd64/lib/tools.jar -jar /home/pizza/evosuite/evosuite-1.2.0.jar -generateSuite -class com.fasterxml.jackson.databind.JavaType -projectCP /home/pizza/evosuite/Test/JacksonDatabind-15b/target/classes:/home/pizza/defects4j/framework/projects/JacksonDatabind/lib/com/fasterxml/jackson/core/jackson-annotations/2.5.0/jackson-annotations-2.5.0.jar:/home/pizza/defects4j/framework/projects/JacksonDatabind/lib/com/fasterxml/jackson/core/jackson-core/2.5.1/jackson-core-2.5.1.jar -base_dir /home/pizza/evosuite/results/project-JacksonDatabind/JacksonDatabind-15/round02/evosuite-work -seed 11 -Dalgorithm=NSGAII -Dsearch_budget=150 -Dtest_format=JUNIT4 -Dassertions=true

* EvoSuite 1.2.0
* Going to generate test cases for class: com.fasterxml.jackson.databind.JavaType
* Starting Client-0
* Connecting to master process on port 8226
* Analyzing classpath: 
  - /home/pizza/evosuite/Test/JacksonDatabind-15b/target/classes
  - /home/pizza/defects4j/framework/projects/JacksonDatabind/lib/com/fasterxml/jackson/core/jackson-annotations/2.5.0/jackson-annotations-2.5.0.jar
  - /home/pizza/defects4j/framework/projects/JacksonDatabind/lib/com/fasterxml/jackson/core/jackson-core/2.5.1/jackson-core-2.5.1.jar
* Finished analyzing classpath
* Generating tests for class com.fasterxml.jackson.databind.JavaType
* Test criteria:
  - Line Coverage
  - Branch Coverage
  - Exception
  - Mutation testing (weak)
  - Method-Output Coverage
  - Top-Level Method Coverage
  - No-Exception Top-Level Method Coverage
  - Context Branch Coverage
* Setting up search algorithm for whole suite generation
* Total number of test goals: 
  - Line 63
  - Branch 47
  - Exception 0
  - MutationFactory 112
  - Output 475
  - Method 43
  - MethodNoException 43

[Progress:>                             0%] [Cov:>                                  0%]  - CBranchFitnessFactory 47
* Using seed 11
* Starting evolution
[MASTER] 05:41:51.453 [logback-1] WARN  TestCluster - Failed to check cache for java.util.Map<K, V> : Type points to itself
[MASTER] 05:41:51.507 [logback-1] WARN  TestCluster - Failed to check cache for java.util.LinkedHashSet<E> : Type points to itself

[Progress:>                             2%] [Cov:>                                  0%]
[Progress:>                             2%] [Cov:>                                  2%]
[Progress:>                             3%] [Cov:>                                  2%]
[Progress:>                             3%] [Cov:=>                                 4%]
[Progress:>                             3%] [Cov:=====>                             17%]
[Progress:>                             3%] [Cov:======>                            18%]
[Progress:>                             3%] [Cov:======>                            19%]
[Progress:>                             3%] [Cov:=======>                           20%]
[Progress:>                             3%] [Cov:=======>                           21%]
[Progress:>                             3%] [Cov:========>                          23%]
[Progress:>                             3%] [Cov:=========>                         26%][MASTER] 05:41:57.016 [logback-1] WARN  TestCluster - Failed to check cache for java.util.Comparator<T> : Type points to itself
[MASTER] 05:41:57.016 [logback-1] WARN  TestCluster - Failed to check cache for java.util.function.Function<T, R> : Type points to itself

[Progress:>                             3%] [Cov:=========>                         27%]
[Progress:>                             3%] [Cov:=========>                         28%]
[Progress:>                             3%] [Cov:===========>                       32%]
[Progress:=>                            4%] [Cov:>                                  1%]
[Progress:=>                            4%] [Cov:=>                                 3%]
[Progress:=>                            4%] [Cov:==>                                6%]
[Progress:=>                            4%] [Cov:====>                              14%]
[Progress:=>                            4%] [Cov:======>                            18%]
[Progress:=>                            4%] [Cov:=======>                           22%]
[Progress:=>                            4%] [Cov:========>                          24%]
[Progress:=>                            4%] [Cov:=========>                         26%]
[Progress:=>                            4%] [Cov:=========>                         27%]
[Progress:=>                            4%] [Cov:============>                      36%]
[Progress:=>                            4%] [Cov:============>                      37%]
[Progress:=>                            4%] [Cov:=============>                     39%]
[Progress:=>                            4%] [Cov:==============>                    40%]
[Progress:=>                            4%] [Cov:===============>                   44%]
[Progress:=>                            4%] [Cov:===============>                   44%][MASTER] 05:41:59.109 [logback-1] WARN  TestChromosome - Functional mock problem: org.evosuite.ga.ConstructionFailedException: Failed to add constructor for com.fasterxml.jackson.databind.ser.BeanSerializerBuilder due to org.evosuite.ga.ConstructionFailedException: Invalid generic instance
[MASTER] 05:41:59.232 [logback-1] WARN  TestChromosome - Functional mock problem: org.evosuite.ga.ConstructionFailedException: Failed to add constructor for com.fasterxml.jackson.databind.DeserializationConfig due to org.evosuite.ga.ConstructionFailedException: Error: VariableReference: Statement 4, type java.util.HashMap<com.fasterxml.jackson.databind.type.ClassKey, java.lang.Class<com.fasterxml.jackson.annotation.JsonAutoDetect$Visibility>> is not assignable to java.util.Map<com.fasterxml.jackson.databind.type.ClassKey, java.lang.Class<?>>

[Progress:=>                            5%] [Cov:=====>                             15%]
[Progress:=>                            5%] [Cov:=======>                           21%]
[Progress:=>                            5%] [Cov:=======>                           22%]
[Progress:=>                            5%] [Cov:========>                          23%]
[Progress:=>                            5%] [Cov:==========>                        29%]
[Progress:=>                            5%] [Cov:==========>                        31%]
[Progress:=>                            5%] [Cov:===========>                       32%]
[Progress:=>                            5%] [Cov:===========>                       33%]
[Progress:=>                            5%] [Cov:===========>                       34%]
[Progress:=>                            5%] [Cov:===============>                   44%]
[Progress:=>                            5%] [Cov:===============>                   44%]
[Progress:=>                            6%] [Cov:======>                            19%]
[Progress:=>                            6%] [Cov:=======>                           20%]
[Progress:=>                            6%] [Cov:===========>                       34%]
[Progress:=>                            6%] [Cov:===============>                   44%]
[Progress:=>                            6%] [Cov:===============>                   45%]
[Progress:=>                            6%] [Cov:================>                  46%]
[Progress:=>                            6%] [Cov:================>                  46%]
[Progress:=>                            6%] [Cov:=================>                 49%]
[Progress:=>                            6%] [Cov:================>                  48%]
[Progress:=>                            6%] [Cov:=================>                 49%]
[Progress:==>                           7%] [Cov:===============>                   45%]
[Progress:==>                           7%] [Cov:================>                  46%]
[Progress:==>                           7%] [Cov:================>                  47%]
[Progress:==>                           7%] [Cov:================>                  48%]
[Progress:==>                           7%] [Cov:=================>                 49%]
[Progress:==>                           7%] [Cov:=================>                 50%]
[Progress:==>                           7%] [Cov:================>                  48%]
[Progress:==>                           7%] [Cov:=================>                 49%]
[Progress:==>                           7%] [Cov:=================>                 50%]
[Progress:==>                           7%] [Cov:=================>                 51%]
[Progress:==>                           7%] [Cov:==================>                52%]
[Progress:==>                           7%] [Cov:==================>                53%]
[Progress:==>                           7%] [Cov:=================>                 51%]
[Progress:==>                           7%] [Cov:==================>                52%][MASTER] 05:42:03.202 [logback-1] WARN  TestCluster - Failed to check cache for com.fasterxml.jackson.annotation.ObjectIdGenerator<T> : Type points to itself

[Progress:==>                           7%] [Cov:==================>                53%]
[Progress:==>                           7%] [Cov:==================>                54%]
[Progress:==>                           8%] [Cov:==================>                53%]
[Progress:==>                           8%] [Cov:==================>                54%]
[Progress:==>                           8%] [Cov:===================>               55%]
[Progress:==>                           8%] [Cov:==================>                54%]
[Progress:==>                           8%] [Cov:===================>               55%]
[Progress:==>                           9%] [Cov:==================>                53%]
[Progress:==>                           9%] [Cov:===================>               55%]
[Progress:==>                           9%] [Cov:===================>               55%]
[Progress:==>                           9%] [Cov:===================>               55%]
[Progress:==>                           9%] [Cov:===================>               56%]
[Progress:===>                          10%] [Cov:===================>               55%]
[Progress:===>                          10%] [Cov:===================>               56%]
[Progress:===>                          10%] [Cov:===================>               56%][MASTER] 05:42:07.542 [logback-1] WARN  TestCluster - Failed to check cache for java.lang.Class<T> : Type points to itself

[Progress:===>                          10%] [Cov:===================>               56%]
[Progress:===>                          10%] [Cov:===================>               57%][MASTER] 05:42:07.916 [logback-1] WARN  TestCluster - Failed to check cache for java.util.LinkedList<E> : Type points to itself

[Progress:===>                          10%] [Cov:====================>              58%]
[Progress:===>                          11%] [Cov:===================>               56%]
[Progress:===>                          11%] [Cov:===================>               57%]
[Progress:===>                          11%] [Cov:===================>               57%]
[Progress:===>                          12%] [Cov:===================>               57%]
[Progress:===>                          12%] [Cov:===================>               57%]
[Progress:===>                          12%] [Cov:====================>              58%]
[Progress:===>                          12%] [Cov:===================>               57%]
[Progress:===>                          12%] [Cov:====================>              58%]
[Progress:===>                          12%] [Cov:====================>              59%]
[Progress:===>                          12%] [Cov:====================>              58%]
[Progress:===>                          12%] [Cov:====================>              59%]
[Progress:===>                          13%] [Cov:====================>              58%]
[Progress:===>                          13%] [Cov:====================>              59%]
[Progress:===>                          13%] [Cov:====================>              59%]
[Progress:===>                          13%] [Cov:=====================>             60%]
[Progress:====>                         14%] [Cov:===================>               57%]
[Progress:====>                         14%] [Cov:====================>              58%]
[Progress:====>                         14%] [Cov:====================>              59%]
[Progress:====>                         14%] [Cov:=====================>             60%]
[Progress:====>                         14%] [Cov:=====================>             60%]
[Progress:====>                         15%] [Cov:====================>              58%]
[Progress:====>                         15%] [Cov:====================>              59%]
[Progress:====>                         15%] [Cov:=====================>             60%]
[Progress:====>                         15%] [Cov:=====================>             60%]
[Progress:====>                         16%] [Cov:=====================>             60%]
[Progress:====>                         16%] [Cov:=====================>             61%]
[Progress:====>                         16%] [Cov:=====================>             60%]
[Progress:====>                         16%] [Cov:=====================>             61%]
[Progress:====>                         16%] [Cov:=====================>             60%]
[Progress:====>                         16%] [Cov:=====================>             61%]
[Progress:=====>                        17%] [Cov:=====================>             60%]
[Progress:=====>                        17%] [Cov:=====================>             61%]
[Progress:=====>                        17%] [Cov:=====================>             62%]
[Progress:=====>                        18%] [Cov:=====================>             60%]
[Progress:=====>                        18%] [Cov:=====================>             61%]
[Progress:=====>                        18%] [Cov:=====================>             62%]
[Progress:=====>                        18%] [Cov:=====================>             62%]
[Progress:=====>                        18%] [Cov:======================>            63%]
[Progress:=====>                        19%] [Cov:=====================>             60%]
[Progress:=====>                        19%] [Cov:=====================>             61%]
[Progress:=====>                        19%] [Cov:=====================>             62%]
[Progress:=====>                        19%] [Cov:======================>            63%]
[Progress:=====>                        19%] [Cov:======================>            63%]
[Progress:======>                       20%] [Cov:=====================>             61%]
[Progress:======>                       20%] [Cov:=====================>             62%]
[Progress:======>                       20%] [Cov:======================>            63%]
[Progress:======>                       20%] [Cov:======================>            63%]
[Progress:======>                       20%] [Cov:======================>            63%]
[Progress:======>                       21%] [Cov:=====================>             61%]
[Progress:======>                       21%] [Cov:=====================>             62%]
[Progress:======>                       21%] [Cov:======================>            63%]
[Progress:======>                       21%] [Cov:======================>            64%]
[Progress:======>                       22%] [Cov:=====================>             62%]
[Progress:======>                       22%] [Cov:======================>            63%]
[Progress:======>                       22%] [Cov:======================>            64%]
[Progress:======>                       22%] [Cov:======================>            64%]
[Progress:======>                       22%] [Cov:======================>            64%]
[Progress:======>                       23%] [Cov:======================>            63%]
[Progress:======>                       23%] [Cov:======================>            64%]
[Progress:======>                       23%] [Cov:======================>            65%]
[Progress:======>                       23%] [Cov:======================>            64%]
[Progress:=======>                      24%] [Cov:======================>            63%]
[Progress:=======>                      24%] [Cov:======================>            64%]
[Progress:=======>                      24%] [Cov:======================>            65%]
[Progress:=======>                      24%] [Cov:======================>            65%]
[Progress:=======>                      25%] [Cov:======================>            64%]
[Progress:=======>                      25%] [Cov:======================>            65%]
[Progress:=======>                      25%] [Cov:======================>            65%]
[Progress:=======>                      26%] [Cov:======================>            65%]
[Progress:=======>                      26%] [Cov:=======================>           66%]
[Progress:=======>                      26%] [Cov:======================>            65%]
[Progress:=======>                      26%] [Cov:=======================>           66%]
[Progress:=======>                      26%] [Cov:======================>            65%]
[Progress:=======>                      26%] [Cov:=======================>           66%]
[Progress:========>                     27%] [Cov:======================>            65%]
[Progress:========>                     27%] [Cov:=======================>           66%]
[Progress:========>                     28%] [Cov:======================>            65%]
[Progress:========>                     28%] [Cov:======================>            65%]
[Progress:========>                     28%] [Cov:=======================>           66%]
[Progress:========>                     28%] [Cov:=======================>           67%]
[Progress:========>                     28%] [Cov:=======================>           66%]
[Progress:========>                     28%] [Cov:=======================>           67%]
[Progress:========>                     29%] [Cov:======================>            64%]
[Progress:========>                     29%] [Cov:=======================>           66%]
[Progress:========>                     29%] [Cov:=======================>           67%]
[Progress:=========>                    30%] [Cov:======================>            65%]
[Progress:=========>                    30%] [Cov:=======================>           66%]
[Progress:=========>                    30%] [Cov:=======================>           66%]
[Progress:=========>                    30%] [Cov:=======================>           67%]
[Progress:=========>                    31%] [Cov:=======================>           66%]
[Progress:=========>                    31%] [Cov:=======================>           66%]
[Progress:=========>                    31%] [Cov:=======================>           67%]
[Progress:=========>                    31%] [Cov:=======================>           68%]
[Progress:=========>                    32%] [Cov:=======================>           66%]
[Progress:=========>                    32%] [Cov:=======================>           67%]
[Progress:=========>                    32%] [Cov:=======================>           68%]
[Progress:=========>                    32%] [Cov:=======================>           67%]
[Progress:=========>                    33%] [Cov:======================>            64%]
[Progress:=========>                    33%] [Cov:=======================>           66%]
[Progress:=========>                    33%] [Cov:=======================>           67%]
[Progress:=========>                    33%] [Cov:=======================>           68%]
[Progress:==========>                   34%] [Cov:=======================>           66%]
[Progress:==========>                   34%] [Cov:=======================>           67%]
[Progress:==========>                   34%] [Cov:=======================>           67%]
[Progress:==========>                   34%] [Cov:=======================>           68%]
[Progress:==========>                   34%] [Cov:========================>          69%]
[Progress:==========>                   35%] [Cov:=======================>           67%]
[Progress:==========>                   35%] [Cov:=======================>           68%]
[Progress:==========>                   35%] [Cov:========================>          69%]
[Progress:==========>                   36%] [Cov:=======================>           67%]
[Progress:==========>                   36%] [Cov:=======================>           68%]
[Progress:==========>                   36%] [Cov:========================>          69%]
[Progress:==========>                   36%] [Cov:=======================>           68%]
[Progress:==========>                   36%] [Cov:========================>          69%]
[Progress:===========>                  37%] [Cov:=======================>           66%]
[Progress:===========>                  37%] [Cov:=======================>           68%]
[Progress:===========>                  37%] [Cov:=======================>           68%]
[Progress:===========>                  38%] [Cov:=======================>           67%]
[Progress:===========>                  38%] [Cov:=======================>           68%]
[Progress:===========>                  38%] [Cov:========================>          69%]
[Progress:===========>                  38%] [Cov:=======================>           68%]
[Progress:===========>                  38%] [Cov:========================>          69%]
[Progress:===========>                  39%] [Cov:=======================>           68%]
[Progress:===========>                  39%] [Cov:========================>          69%]
[Progress:============>                 40%] [Cov:=======================>           68%]
[Progress:============>                 40%] [Cov:========================>          69%]
[Progress:============>                 40%] [Cov:========================>          69%]
[Progress:============>                 40%] [Cov:========================>          70%]
[Progress:============>                 40%] [Cov:========================>          69%]
[Progress:============>                 40%] [Cov:========================>          70%]
[Progress:============>                 41%] [Cov:=======================>           67%]
[Progress:============>                 41%] [Cov:=======================>           68%]
[Progress:============>                 41%] [Cov:========================>          69%]
[Progress:============>                 41%] [Cov:========================>          70%]
[Progress:============>                 42%] [Cov:========================>          69%]
[Progress:============>                 42%] [Cov:=======================>           67%]
[Progress:============>                 42%] [Cov:=======================>           68%]
[Progress:============>                 42%] [Cov:========================>          69%]
[Progress:============>                 42%] [Cov:========================>          70%]
[Progress:============>                 42%] [Cov:========================>          71%]
[Progress:============>                 42%] [Cov:=======================>           67%]
[Progress:============>                 42%] [Cov:=======================>           68%]
[Progress:============>                 42%] [Cov:========================>          69%]
[Progress:============>                 43%] [Cov:=======================>           68%]
[Progress:============>                 43%] [Cov:========================>          69%]
[Progress:============>                 43%] [Cov:========================>          71%]
[Progress:=============>                44%] [Cov:=======================>           67%]
[Progress:=============>                44%] [Cov:=======================>           68%]
[Progress:=============>                44%] [Cov:========================>          70%]
[Progress:=============>                44%] [Cov:========================>          71%]
[Progress:=============>                44%] [Cov:=======================>           67%]
[Progress:=============>                44%] [Cov:========================>          70%]
[Progress:=============>                44%] [Cov:========================>          71%]
[Progress:=============>                44%] [Cov:=======================>           68%]
[Progress:=============>                44%] [Cov:========================>          69%]
[Progress:=============>                44%] [Cov:========================>          70%]
[Progress:=============>                45%] [Cov:=======================>           66%]
[Progress:=============>                45%] [Cov:========================>          70%]
[Progress:=============>                45%] [Cov:========================>          71%]
[Progress:=============>                45%] [Cov:=========================>         72%]
[Progress:=============>                46%] [Cov:========================>          70%]
[Progress:=============>                46%] [Cov:========================>          71%]
[Progress:=============>                46%] [Cov:=========================>         72%]
[Progress:=============>                46%] [Cov:========================>          69%]
[Progress:=============>                46%] [Cov:========================>          70%]
[Progress:=============>                46%] [Cov:========================>          71%]
[Progress:=============>                46%] [Cov:=========================>         72%]
[Progress:==============>               47%] [Cov:========================>          69%]
[Progress:==============>               47%] [Cov:========================>          70%]
[Progress:==============>               47%] [Cov:========================>          71%]
[Progress:==============>               47%] [Cov:========================>          69%]
[Progress:==============>               47%] [Cov:========================>          70%]
[Progress:==============>               47%] [Cov:========================>          71%]
[Progress:==============>               47%] [Cov:=========================>         72%]
[Progress:==============>               48%] [Cov:======================>            65%]
[Progress:==============>               48%] [Cov:=======================>           66%]
[Progress:==============>               48%] [Cov:========================>          71%]
[Progress:==============>               48%] [Cov:=========================>         72%]
[Progress:==============>               48%] [Cov:========================>          69%]
[Progress:==============>               48%] [Cov:========================>          70%]
[Progress:==============>               48%] [Cov:========================>          71%]
[Progress:==============>               48%] [Cov:=========================>         72%]
[Progress:==============>               49%] [Cov:========================>          70%]
[Progress:==============>               49%] [Cov:========================>          71%]
[Progress:==============>               49%] [Cov:=========================>         72%]
[Progress:===============>              50%] [Cov:========================>          71%]
[Progress:===============>              50%] [Cov:========================>          69%]
[Progress:===============>              50%] [Cov:========================>          70%]
[Progress:===============>              50%] [Cov:========================>          71%]
[Progress:===============>              51%] [Cov:=======================>           68%]
[Progress:===============>              51%] [Cov:========================>          69%]
[Progress:===============>              51%] [Cov:========================>          70%]
[Progress:===============>              51%] [Cov:========================>          71%]
[Progress:===============>              51%] [Cov:========================>          69%]
[Progress:===============>              51%] [Cov:========================>          71%]
[Progress:===============>              52%] [Cov:========================>          70%]
[Progress:===============>              52%] [Cov:========================>          71%]
[Progress:===============>              52%] [Cov:=========================>         72%]
[Progress:===============>              52%] [Cov:========================>          69%]
[Progress:===============>              52%] [Cov:========================>          71%]
[Progress:===============>              53%] [Cov:========================>          70%]
[Progress:===============>              53%] [Cov:========================>          71%]
[Progress:===============>              53%] [Cov:=========================>         72%]
[Progress:================>             54%] [Cov:========================>          69%]
[Progress:================>             54%] [Cov:========================>          70%]
[Progress:================>             54%] [Cov:========================>          71%]
[Progress:================>             54%] [Cov:=========================>         72%]
[Progress:================>             54%] [Cov:========================>          69%]
[Progress:================>             54%] [Cov:========================>          71%]
[Progress:================>             54%] [Cov:=========================>         72%]
[Progress:================>             55%] [Cov:========================>          71%]
[Progress:================>             55%] [Cov:========================>          69%]
[Progress:================>             55%] [Cov:========================>          71%]
[Progress:================>             56%] [Cov:========================>          71%]
[Progress:================>             56%] [Cov:=========================>         72%]
[Progress:================>             56%] [Cov:=========================>         72%]
[Progress:=================>            57%] [Cov:========================>          69%]
[Progress:=================>            57%] [Cov:========================>          71%]
[Progress:=================>            57%] [Cov:=========================>         72%]
[Progress:=================>            58%] [Cov:========================>          71%]
[Progress:=================>            58%] [Cov:=========================>         72%]
[Progress:=================>            58%] [Cov:=========================>         72%]
[Progress:=================>            58%] [Cov:=========================>         73%]
[Progress:=================>            58%] [Cov:=========================>         74%]
[Progress:=================>            59%] [Cov:========================>          70%]
[Progress:=================>            59%] [Cov:========================>          71%]
[Progress:=================>            59%] [Cov:=========================>         72%]
[Progress:=================>            59%] [Cov:=========================>         73%]
[Progress:=================>            59%] [Cov:========================>          71%]
[Progress:=================>            59%] [Cov:=========================>         72%]
[Progress:==================>           60%] [Cov:========================>          69%]
[Progress:==================>           60%] [Cov:========================>          71%]
[Progress:==================>           60%] [Cov:=========================>         72%]
[Progress:==================>           60%] [Cov:=========================>         73%]
[Progress:==================>           60%] [Cov:=========================>         74%]
[Progress:==================>           60%] [Cov:========================>          71%]
[Progress:==================>           60%] [Cov:=========================>         72%]
[Progress:==================>           60%] [Cov:=========================>         73%]
[Progress:==================>           61%] [Cov:========================>          71%]
[Progress:==================>           61%] [Cov:=========================>         73%]
[Progress:==================>           61%] [Cov:=========================>         74%]
[Progress:==================>           62%] [Cov:========================>          71%]
[Progress:==================>           62%] [Cov:=========================>         72%]
[Progress:==================>           62%] [Cov:=========================>         73%]
[Progress:==================>           62%] [Cov:=========================>         74%]
[Progress:==================>           62%] [Cov:========================>          71%]
[Progress:==================>           62%] [Cov:=========================>         73%]
[Progress:==================>           62%] [Cov:=========================>         74%]
[Progress:==================>           62%] [Cov:==========================>        75%]
[Progress:==================>           63%] [Cov:=========================>         73%]
[Progress:==================>           63%] [Cov:=========================>         74%]
[Progress:===================>          64%] [Cov:========================>          71%]
[Progress:===================>          64%] [Cov:=========================>         73%]
[Progress:===================>          64%] [Cov:========================>          71%]
[Progress:===================>          64%] [Cov:=========================>         73%]
[Progress:===================>          64%] [Cov:=========================>         74%]
[Progress:===================>          64%] [Cov:==========================>        75%]
[Progress:===================>          65%] [Cov:========================>          70%]
[Progress:===================>          65%] [Cov:========================>          71%]
[Progress:===================>          65%] [Cov:=========================>         73%]
[Progress:===================>          65%] [Cov:=========================>         74%]
[Progress:===================>          65%] [Cov:========================>          71%]
[Progress:===================>          65%] [Cov:=========================>         72%]
[Progress:===================>          65%] [Cov:=========================>         74%]
[Progress:===================>          66%] [Cov:========================>          71%]
[Progress:===================>          66%] [Cov:=========================>         72%][MASTER] 05:43:30.807 [logback-1] WARN  TestChromosome - Functional mock problem: org.evosuite.ga.ConstructionFailedException: Failed to add constructor for com.fasterxml.jackson.databind.SerializationConfig due to org.evosuite.ga.ConstructionFailedException: Failed to add constructor for com.fasterxml.jackson.databind.SerializationConfig due to org.evosuite.ga.ConstructionFailedException: Failed to add constructor for com.fasterxml.jackson.databind.SerializationConfig due to org.evosuite.ga.ConstructionFailedException: Error: VariableReference: Statement 7, type java.util.HashMap<com.fasterxml.jackson.databind.type.ClassKey, java.lang.Class<java.lang.Object>> is not assignable to java.util.Map<com.fasterxml.jackson.databind.type.ClassKey, java.lang.Class<?>>

[Progress:===================>          66%] [Cov:=========================>         74%]
[Progress:===================>          66%] [Cov:==========================>        75%]
[Progress:===================>          66%] [Cov:========================>          71%]
[Progress:===================>          66%] [Cov:=========================>         74%]
[Progress:===================>          66%] [Cov:==========================>        75%]
[Progress:====================>         67%] [Cov:=========================>         73%]
[Progress:====================>         67%] [Cov:=========================>         74%]
[Progress:====================>         68%] [Cov:=========================>         72%]
[Progress:====================>         68%] [Cov:=========================>         73%]
[Progress:====================>         68%] [Cov:=========================>         74%]
[Progress:====================>         68%] [Cov:=========================>         72%]
[Progress:====================>         68%] [Cov:=========================>         73%]
[Progress:====================>         68%] [Cov:=========================>         74%]
[Progress:====================>         69%] [Cov:=========================>         73%]
[Progress:====================>         69%] [Cov:=========================>         74%]
[Progress:=====================>        70%] [Cov:=========================>         73%]
[Progress:=====================>        70%] [Cov:=========================>         72%]
[Progress:=====================>        70%] [Cov:=========================>         73%]
[Progress:=====================>        70%] [Cov:=========================>         74%]
[Progress:=====================>        70%] [Cov:==========================>        75%]
[Progress:=====================>        70%] [Cov:=========================>         72%]
[Progress:=====================>        71%] [Cov:=========================>         72%]
[Progress:=====================>        71%] [Cov:=========================>         74%]
[Progress:=====================>        71%] [Cov:==========================>        75%]
[Progress:=====================>        72%] [Cov:=========================>         72%]
[Progress:=====================>        72%] [Cov:=========================>         73%]
[Progress:=====================>        72%] [Cov:=========================>         74%]
[Progress:=====================>        72%] [Cov:=========================>         72%]
[Progress:=====================>        72%] [Cov:=========================>         74%]
[Progress:=====================>        72%] [Cov:==========================>        75%]
[Progress:=====================>        73%] [Cov:=========================>         73%]
[Progress:=====================>        73%] [Cov:=========================>         74%]
[Progress:=====================>        73%] [Cov:=========================>         72%]
[Progress:=====================>        73%] [Cov:=========================>         73%]
[Progress:=====================>        73%] [Cov:=========================>         74%]
[Progress:=====================>        73%] [Cov:==========================>        75%]
[Progress:=====================>        73%] [Cov:==========================>        76%]
[Progress:======================>       74%] [Cov:=========================>         74%]
[Progress:======================>       74%] [Cov:==========================>        75%]
[Progress:======================>       74%] [Cov:=========================>         72%]
[Progress:======================>       74%] [Cov:=========================>         73%]
[Progress:======================>       75%] [Cov:=========================>         73%]
[Progress:======================>       75%] [Cov:=========================>         74%]
[Progress:======================>       75%] [Cov:==========================>        75%]
[Progress:======================>       76%] [Cov:=========================>         73%]
[Progress:======================>       76%] [Cov:=========================>         74%]
[Progress:======================>       76%] [Cov:=========================>         73%]
[Progress:======================>       76%] [Cov:=========================>         74%]
[Progress:======================>       76%] [Cov:==========================>        75%]
[Progress:=======================>      77%] [Cov:=========================>         74%]
[Progress:=======================>      77%] [Cov:==========================>        75%]
[Progress:=======================>      78%] [Cov:=========================>         73%]
[Progress:=======================>      78%] [Cov:=========================>         74%]
[Progress:=======================>      78%] [Cov:==========================>        75%]
[Progress:=======================>      78%] [Cov:=========================>         74%]
[Progress:=======================>      78%] [Cov:==========================>        75%]
[Progress:=======================>      79%] [Cov:=========================>         73%]
[Progress:=======================>      79%] [Cov:=========================>         74%]
[Progress:=======================>      79%] [Cov:=========================>         74%]
[Progress:=======================>      79%] [Cov:==========================>        75%]
[Progress:========================>     80%] [Cov:=========================>         73%]
[Progress:========================>     80%] [Cov:=========================>         74%]
[Progress:========================>     80%] [Cov:==========================>        75%]
[Progress:========================>     80%] [Cov:=========================>         74%]
[Progress:========================>     80%] [Cov:==========================>        75%]
[Progress:========================>     81%] [Cov:=========================>         74%]
[Progress:========================>     81%] [Cov:==========================>        75%]
[Progress:========================>     81%] [Cov:==========================>        76%]
[Progress:========================>     82%] [Cov:=========================>         74%]
[Progress:========================>     82%] [Cov:==========================>        76%]
[Progress:========================>     83%] [Cov:=========================>         73%]
[Progress:========================>     83%] [Cov:=========================>         74%]
[Progress:========================>     83%] [Cov:=========================>         74%]
[Progress:========================>     83%] [Cov:==========================>        76%]
[Progress:=========================>    84%] [Cov:=========================>         74%]
[Progress:=========================>    84%] [Cov:==========================>        75%]
[Progress:=========================>    84%] [Cov:==========================>        76%]
[Progress:=========================>    84%] [Cov:==========================>        76%]
[Progress:=========================>    85%] [Cov:=========================>         74%]
[Progress:=========================>    85%] [Cov:==========================>        75%]
[Progress:=========================>    85%] [Cov:==========================>        76%]
[Progress:=========================>    86%] [Cov:=========================>         74%]
[Progress:=========================>    86%] [Cov:==========================>        76%]
[Progress:=========================>    86%] [Cov:==========================>        77%]
[Progress:==========================>   87%] [Cov:==========================>        75%]
[Progress:==========================>   87%] [Cov:==========================>        77%]
[Progress:==========================>   87%] [Cov:==========================>        75%]
[Progress:==========================>   87%] [Cov:==========================>        77%]
[Progress:==========================>   88%] [Cov:==========================>        75%]
[Progress:==========================>   88%] [Cov:==========================>        77%]
[Progress:==========================>   88%] [Cov:===========================>       78%]
[Progress:==========================>   89%] [Cov:==========================>        75%]
[Progress:==========================>   89%] [Cov:==========================>        76%]
[Progress:==========================>   89%] [Cov:==========================>        77%]
[Progress:===========================>  90%] [Cov:==========================>        76%]
[Progress:===========================>  90%] [Cov:==========================>        77%]
[Progress:===========================>  90%] [Cov:===========================>       78%]
[Progress:===========================>  90%] [Cov:==========================>        75%]
[Progress:===========================>  90%] [Cov:==========================>        77%]
[Progress:===========================>  91%] [Cov:==========================>        77%]
[Progress:===========================>  91%] [Cov:===========================>       78%]
[Progress:===========================>  92%] [Cov:==========================>        75%]
[Progress:===========================>  92%] [Cov:==========================>        76%]
[Progress:===========================>  92%] [Cov:==========================>        75%]
[Progress:===========================>  92%] [Cov:===========================>       78%]
[Progress:===========================>  93%] [Cov:===========================>       78%]
[Progress:===========================>  93%] [Cov:==========================>        75%]
[Progress:===========================>  93%] [Cov:==========================>        76%]
[Progress:===========================>  93%] [Cov:==========================>        77%]
[Progress:===========================>  93%] [Cov:===========================>       78%]
[Progress:============================> 94%] [Cov:===========================>       78%]
[Progress:============================> 94%] [Cov:==========================>        75%]
[Progress:============================> 94%] [Cov:==========================>        77%]
[Progress:============================> 94%] [Cov:===========================>       78%]
[Progress:============================> 94%] [Cov:===========================>       79%]
[Progress:============================> 95%] [Cov:==========================>        75%]
[Progress:============================> 95%] [Cov:==========================>        76%]
[Progress:============================> 95%] [Cov:==========================>        77%]
[Progress:============================> 95%] [Cov:===========================>       78%]
[Progress:============================> 95%] [Cov:===========================>       79%]
[Progress:============================> 96%] [Cov:==========================>        75%]
[Progress:============================> 96%] [Cov:==========================>        76%]
[Progress:============================> 96%] [Cov:===========================>       78%]
[Progress:============================> 96%] [Cov:==========================>        75%]
[Progress:============================> 96%] [Cov:==========================>        77%]
[Progress:=============================>97%] [Cov:==========================>        76%]
[Progress:=============================>97%] [Cov:==========================>        77%]
[Progress:=============================>97%] [Cov:===========================>       78%]
[Progress:=============================>98%] [Cov:==========================>        77%]
[Progress:=============================>98%] [Cov:===========================>       78%]
[Progress:=============================>98%] [Cov:==========================>        75%]
[Progress:=============================>98%] [Cov:==========================>        77%]
[Progress:=============================>98%] [Cov:===========================>       78%]
[Progress:=============================>98%] [Cov:===========================>       79%]
[Progress:=============================>99%] [Cov:==========================>        76%]
[Progress:=============================>99%] [Cov:==========================>        77%]
[Progress:=============================>99%] [Cov:===========================>       78%]
[Progress:=============================>99%] [Cov:===========================>       79%]
[Progress:=============================>99%] [Cov:==========================>        75%]
[Progress:=============================>99%] [Cov:==========================>        77%]
[Progress:=============================>99%] [Cov:===========================>       78%]
[Progress:=============================>99%] [Cov:===========================>       79%]
[Progress:==============================100%] [Cov:==========================>        77%]
[Progress:==============================100%] [Cov:===========================>       79%]
[Progress:==============================100%] [Cov:==========================>        75%]
* Search finished after 152s and 91 generations, 53752 statements, best individual has fitness: 384.9
* Minimizing test suite
* Going to analyze the coverage criteria
* Coverage analysis for criterion LINE
* Coverage of criterion LINE: 86%
* Total number of goals: 63
* Number of covered goals: 54
* Coverage analysis for criterion BRANCH
* Coverage of criterion BRANCH: 81%
* Total number of goals: 47
* Number of covered goals: 38
* Coverage analysis for criterion EXCEPTION
* Coverage of criterion EXCEPTION: 9%
* Total number of goals: 11
* Number of covered goals: 1
* Coverage analysis for criterion WEAKMUTATION
* Coverage of criterion WEAKMUTATION: 87%
* Total number of goals: 112
* Number of covered goals: 97
* Coverage analysis for criterion OUTPUT
* Coverage of criterion OUTPUT: 34%
* Total number of goals: 475
* Number of covered goals: 163
* Coverage analysis for criterion METHOD
* Coverage of criterion METHOD: 67%
* Total number of goals: 43
* Number of covered goals: 29
* Coverage analysis for criterion METHODNOEXCEPTION
* Coverage of criterion METHODNOEXCEPTION: 67%
* Total number of goals: 43
* Number of covered goals: 29
* Coverage analysis for criterion CBRANCH
* Coverage of criterion CBRANCH: 81%
* Total number of goals: 47
* Number of covered goals: 38
* Generated 44 tests with total length 233
* Resulting test suite's coverage: 76% (average coverage for all fitness functions)
* Generating assertions
* Resulting test suite's mutation score: 36%
* Compiling and checking tests
* Permissions denied during test execution: 
  - java.lang.RuntimePermission: 
         writeFileDescriptor: 2
* Writing tests to file
* Writing JUnit test case 'JavaType_ESTest' to evosuite-tests
* Done!

* Computation finished

