CMD: /usr/lib/jvm/java-8-openjdk-amd64/bin/java -Dtools_jar_location=/usr/lib/jvm/java-8-openjdk-amd64/lib/tools.jar -jar /home/pizza/evosuite/evosuite-1.2.0.jar -generateSuite -class org.joda.time.base.BasePeriod -projectCP /home/pizza/evosuite/Test/Time-22b/build/classes:/home/pizza/defects4j/framework/projects/Time/lib/joda-convert-1.2.jar -base_dir /home/pizza/evosuite/results/project-Time/Time-22/round02/evosuite-work -seed 11 -Dalgorithm=NSGAII -Dsearch_budget=150 -Dtest_format=JUNIT4 -Dassertions=true

* EvoSuite 1.2.0
* Going to generate test cases for class: org.joda.time.base.BasePeriod
* Starting Client-0
* Connecting to master process on port 8226
* Analyzing classpath: 
  - /home/pizza/evosuite/Test/Time-22b/build/classes
  - /home/pizza/defects4j/framework/projects/Time/lib/joda-convert-1.2.jar
* Finished analyzing classpath
* Generating tests for class org.joda.time.base.BasePeriod
* Test criteria:
  - Line Coverage
  - Branch Coverage
  - Exception
  - Mutation testing (weak)
  - Method-Output Coverage
  - Top-Level Method Coverage
  - No-Exception Top-Level Method Coverage
  - Context Branch Coverage
* Setting up search algorithm for whole suite generation
* Total number of test goals: 
  - Line 171
  - Branch 78
  - Exception 0
  - MutationFactory 543
  - Output 54
  - Method 19
  - MethodNoException 19
  - CBranchFitnessFactory 78

[Progress:>                             0%] [Cov:>                                  0%]* Using seed 11
* Starting evolution

[Progress:>                             0%] [Cov:>                                  0%]
[Progress:>                             0%] [Cov:>                                  1%]
[Progress:>                             0%] [Cov:=>                                 3%]
[Progress:>                             0%] [Cov:=>                                 5%]
[Progress:>                             0%] [Cov:=====>                             15%]
[Progress:>                             0%] [Cov:=====>                             17%]
[Progress:>                             0%] [Cov:=======>                           20%]
[Progress:>                             0%] [Cov:=======>                           21%]
[Progress:>                             0%] [Cov:=========>                         27%]
[Progress:>                             0%] [Cov:==========>                        30%]
[Progress:>                             1%] [Cov:=>                                 5%]
[Progress:>                             1%] [Cov:===>                               10%]
[Progress:>                             1%] [Cov:=======>                           22%]
[Progress:>                             1%] [Cov:==========>                        29%]
[Progress:>                             1%] [Cov:==========>                        30%]
[Progress:>                             1%] [Cov:==========>                        31%]
[Progress:>                             1%] [Cov:===========>                       34%]
[Progress:>                             1%] [Cov:============>                      37%]
[Progress:>                             2%] [Cov:=========>                         28%]
[Progress:>                             2%] [Cov:==========>                        31%]
[Progress:>                             2%] [Cov:===========>                       33%]
[Progress:>                             2%] [Cov:============>                      37%]
[Progress:>                             2%] [Cov:============>                      37%]
[Progress:>                             2%] [Cov:=============>                     38%]
[Progress:>                             2%] [Cov:===========>                       34%]
[Progress:>                             2%] [Cov:============>                      35%]
[Progress:>                             2%] [Cov:============>                      36%]
[Progress:>                             2%] [Cov:============>                      37%]
[Progress:>                             2%] [Cov:=============>                     38%]
[Progress:>                             2%] [Cov:=============>                     39%]
[Progress:>                             2%] [Cov:==============>                    40%]
[Progress:>                             2%] [Cov:==============>                    42%]
[Progress:>                             2%] [Cov:===============>                   43%]
[Progress:>                             2%] [Cov:===============>                   43%]
[Progress:>                             2%] [Cov:===============>                   44%]
[Progress:>                             2%] [Cov:================>                  46%]
[Progress:>                             3%] [Cov:============>                      36%]
[Progress:>                             3%] [Cov:============>                      37%]
[Progress:>                             3%] [Cov:=============>                     38%]
[Progress:>                             3%] [Cov:=============>                     39%]
[Progress:>                             3%] [Cov:==============>                    40%]
[Progress:>                             3%] [Cov:==============>                    41%]
[Progress:>                             3%] [Cov:==============>                    42%]
[Progress:>                             3%] [Cov:================>                  46%]
[Progress:>                             3%] [Cov:================>                  47%]
[Progress:=>                            4%] [Cov:=============>                     39%]
[Progress:=>                            4%] [Cov:==============>                    40%]
[Progress:=>                            4%] [Cov:==============>                    42%]
[Progress:=>                            4%] [Cov:==============>                    41%]
[Progress:=>                            4%] [Cov:===============>                   44%]
[Progress:=>                            4%] [Cov:===============>                   45%]
[Progress:=>                            4%] [Cov:================>                  46%]
[Progress:=>                            4%] [Cov:================>                  47%]
[Progress:=>                            4%] [Cov:================>                  47%]
[Progress:=>                            4%] [Cov:================>                  48%]
[Progress:=>                            4%] [Cov:================>                  47%]
[Progress:=>                            5%] [Cov:===============>                   45%]
[Progress:=>                            5%] [Cov:================>                  46%]
[Progress:=>                            5%] [Cov:================>                  47%]
[Progress:=>                            5%] [Cov:================>                  48%]
[Progress:=>                            5%] [Cov:================>                  47%]
[Progress:=>                            5%] [Cov:================>                  48%]
[Progress:=>                            5%] [Cov:=================>                 49%]
[Progress:=>                            6%] [Cov:==============>                    42%]
[Progress:=>                            6%] [Cov:================>                  47%]
[Progress:=>                            6%] [Cov:================>                  48%]
[Progress:=>                            6%] [Cov:=================>                 49%]
[Progress:=>                            6%] [Cov:=================>                 50%]
[Progress:=>                            6%] [Cov:================>                  47%]
[Progress:=>                            6%] [Cov:================>                  48%]
[Progress:=>                            6%] [Cov:=================>                 49%]
[Progress:=>                            6%] [Cov:=================>                 51%]
[Progress:=>                            6%] [Cov:=================>                 49%]
[Progress:=>                            6%] [Cov:=================>                 50%]
[Progress:=>                            6%] [Cov:=================>                 51%]
[Progress:=>                            6%] [Cov:==================>                53%]
[Progress:==>                           7%] [Cov:================>                  47%]
[Progress:==>                           7%] [Cov:=================>                 49%]
[Progress:==>                           7%] [Cov:=================>                 50%]
[Progress:==>                           7%] [Cov:=================>                 49%]
[Progress:==>                           7%] [Cov:=================>                 51%]
[Progress:==>                           7%] [Cov:==================>                52%]
[Progress:==>                           7%] [Cov:==================>                53%]
[Progress:==>                           8%] [Cov:=============>                     38%]
[Progress:==>                           8%] [Cov:================>                  47%]
[Progress:==>                           8%] [Cov:================>                  48%]
[Progress:==>                           8%] [Cov:=================>                 49%]
[Progress:==>                           8%] [Cov:=================>                 49%]
[Progress:==>                           8%] [Cov:=================>                 50%]
[Progress:==>                           8%] [Cov:=================>                 51%]
[Progress:==>                           8%] [Cov:==================>                52%]
[Progress:==>                           8%] [Cov:==================>                53%]
[Progress:==>                           8%] [Cov:=================>                 49%]
[Progress:==>                           8%] [Cov:=================>                 51%]
[Progress:==>                           8%] [Cov:==================>                52%]
[Progress:==>                           8%] [Cov:==================>                53%]
[Progress:==>                           8%] [Cov:=================>                 50%]
[Progress:==>                           8%] [Cov:=================>                 51%]
[Progress:==>                           9%] [Cov:=================>                 49%]
[Progress:==>                           9%] [Cov:=================>                 50%]
[Progress:==>                           9%] [Cov:==================>                53%]
[Progress:==>                           9%] [Cov:==================>                53%]
[Progress:==>                           9%] [Cov:==================>                54%]
[Progress:===>                          10%] [Cov:==================>                52%]
[Progress:===>                          10%] [Cov:==================>                53%]
[Progress:===>                          10%] [Cov:==================>                54%]
[Progress:===>                          10%] [Cov:==================>                53%]
[Progress:===>                          10%] [Cov:==================>                54%]
[Progress:===>                          10%] [Cov:===================>               56%]
[Progress:===>                          10%] [Cov:===================>               57%]
[Progress:===>                          10%] [Cov:==================>                53%]
[Progress:===>                          10%] [Cov:==================>                54%]
[Progress:===>                          10%] [Cov:===================>               57%]
[Progress:===>                          11%] [Cov:==================>                53%]
[Progress:===>                          11%] [Cov:==================>                54%]
[Progress:===>                          11%] [Cov:===================>               57%]
[Progress:===>                          11%] [Cov:==================>                53%]
[Progress:===>                          11%] [Cov:==================>                54%]
[Progress:===>                          11%] [Cov:===================>               55%]
[Progress:===>                          11%] [Cov:===================>               56%]
[Progress:===>                          12%] [Cov:===================>               56%]
[Progress:===>                          12%] [Cov:===================>               57%]
[Progress:===>                          12%] [Cov:===================>               55%]
[Progress:===>                          12%] [Cov:===================>               56%]
[Progress:===>                          12%] [Cov:===================>               57%]
[Progress:===>                          12%] [Cov:====================>              58%]
[Progress:===>                          12%] [Cov:===================>               55%]
[Progress:===>                          12%] [Cov:====================>              58%]
[Progress:===>                          13%] [Cov:==================>                53%]
[Progress:===>                          13%] [Cov:===================>               55%]
[Progress:===>                          13%] [Cov:===================>               56%]
[Progress:===>                          13%] [Cov:===================>               57%]
[Progress:===>                          13%] [Cov:====================>              58%]
[Progress:===>                          13%] [Cov:===================>               56%]
[Progress:===>                          13%] [Cov:====================>              58%]
[Progress:====>                         14%] [Cov:===================>               57%]
[Progress:====>                         14%] [Cov:===================>               56%]
[Progress:====>                         14%] [Cov:===================>               57%]
[Progress:====>                         14%] [Cov:====================>              58%]
[Progress:====>                         14%] [Cov:====================>              59%]
[Progress:====>                         14%] [Cov:====================>              58%]
[Progress:====>                         15%] [Cov:====================>              59%]
[Progress:====>                         15%] [Cov:=====================>             60%]
[Progress:====>                         15%] [Cov:====================>              59%]
[Progress:====>                         16%] [Cov:===================>               55%]
[Progress:====>                         16%] [Cov:===================>               56%]
[Progress:====>                         16%] [Cov:====================>              58%]
[Progress:====>                         16%] [Cov:====================>              59%]
[Progress:====>                         16%] [Cov:=====================>             60%]
[Progress:====>                         16%] [Cov:====================>              59%]
[Progress:====>                         16%] [Cov:=====================>             60%]
[Progress:=====>                        17%] [Cov:==================>                53%]
[Progress:=====>                        17%] [Cov:===================>               55%]
[Progress:=====>                        17%] [Cov:====================>              58%]
[Progress:=====>                        17%] [Cov:====================>              59%]
[Progress:=====>                        17%] [Cov:=====================>             60%]
[Progress:=====>                        17%] [Cov:====================>              59%]
[Progress:=====>                        17%] [Cov:=====================>             60%]
[Progress:=====>                        18%] [Cov:===================>               55%]
[Progress:=====>                        18%] [Cov:====================>              58%]
[Progress:=====>                        18%] [Cov:====================>              59%]
[Progress:=====>                        18%] [Cov:=====================>             60%]
[Progress:=====>                        18%] [Cov:====================>              59%]
[Progress:=====>                        18%] [Cov:=====================>             60%]
[Progress:=====>                        18%] [Cov:=====================>             61%]
[Progress:=====>                        18%] [Cov:====================>              59%]
[Progress:=====>                        18%] [Cov:=====================>             60%]
[Progress:=====>                        19%] [Cov:===================>               55%]
[Progress:=====>                        19%] [Cov:====================>              59%]
[Progress:=====>                        19%] [Cov:=====================>             60%]
[Progress:=====>                        19%] [Cov:====================>              59%]
[Progress:======>                       20%] [Cov:=====================>             60%]
[Progress:======>                       20%] [Cov:=====================>             61%]
[Progress:======>                       20%] [Cov:=====================>             60%]
[Progress:======>                       21%] [Cov:====================>              59%]
[Progress:======>                       21%] [Cov:=====================>             60%]
[Progress:======>                       21%] [Cov:=====================>             61%]
[Progress:======>                       21%] [Cov:=====================>             60%]
[Progress:======>                       22%] [Cov:====================>              58%]
[Progress:======>                       22%] [Cov:====================>              59%]
[Progress:======>                       22%] [Cov:=====================>             60%]
[Progress:======>                       22%] [Cov:=====================>             61%]
[Progress:======>                       22%] [Cov:=====================>             60%]
[Progress:======>                       22%] [Cov:=====================>             61%]
[Progress:======>                       22%] [Cov:=====================>             62%]
[Progress:======>                       23%] [Cov:=====================>             60%]
[Progress:======>                       23%] [Cov:=====================>             61%]
[Progress:======>                       23%] [Cov:=====================>             61%]
[Progress:======>                       23%] [Cov:=====================>             62%]
[Progress:=======>                      24%] [Cov:=====================>             60%]
[Progress:=======>                      24%] [Cov:=====================>             61%]
[Progress:=======>                      24%] [Cov:=====================>             62%]
[Progress:=======>                      24%] [Cov:=====================>             62%]
[Progress:=======>                      24%] [Cov:======================>            63%]
[Progress:=======>                      25%] [Cov:=====================>             60%]
[Progress:=======>                      25%] [Cov:=====================>             61%]
[Progress:=======>                      25%] [Cov:=====================>             62%]
[Progress:=======>                      25%] [Cov:=====================>             62%]
[Progress:=======>                      26%] [Cov:=====================>             61%]
[Progress:=======>                      26%] [Cov:=====================>             62%]
[Progress:=======>                      26%] [Cov:======================>            63%]
[Progress:=======>                      26%] [Cov:=====================>             62%]
[Progress:========>                     27%] [Cov:=====================>             62%]
[Progress:========>                     27%] [Cov:======================>            63%]
[Progress:========>                     27%] [Cov:=====================>             62%]
[Progress:========>                     28%] [Cov:=====================>             61%]
[Progress:========>                     28%] [Cov:=====================>             62%]
[Progress:========>                     28%] [Cov:======================>            63%]
[Progress:========>                     28%] [Cov:=====================>             62%]
[Progress:========>                     28%] [Cov:======================>            63%]
[Progress:========>                     29%] [Cov:=====================>             61%]
[Progress:========>                     29%] [Cov:=====================>             62%]
[Progress:========>                     29%] [Cov:======================>            63%]
[Progress:========>                     29%] [Cov:=====================>             62%]
[Progress:=========>                    30%] [Cov:=====================>             62%]
[Progress:=========>                    30%] [Cov:======================>            63%]
[Progress:=========>                    30%] [Cov:======================>            64%]
[Progress:=========>                    30%] [Cov:======================>            65%]
[Progress:=========>                    30%] [Cov:=====================>             61%]
[Progress:=========>                    30%] [Cov:=====================>             62%]
[Progress:=========>                    30%] [Cov:======================>            63%]
[Progress:=========>                    31%] [Cov:=====================>             62%]
[Progress:=========>                    31%] [Cov:======================>            63%]
[Progress:=========>                    31%] [Cov:======================>            64%]
[Progress:=========>                    31%] [Cov:======================>            65%]
[Progress:=========>                    31%] [Cov:=====================>             61%]
[Progress:=========>                    31%] [Cov:=====================>             62%]
[Progress:=========>                    32%] [Cov:=====================>             61%]
[Progress:=========>                    32%] [Cov:=====================>             62%]
[Progress:=========>                    32%] [Cov:======================>            63%]
[Progress:=========>                    32%] [Cov:======================>            64%]
[Progress:=========>                    32%] [Cov:======================>            65%]
[Progress:=========>                    32%] [Cov:=====================>             62%]
[Progress:=========>                    32%] [Cov:======================>            63%]
[Progress:=========>                    32%] [Cov:======================>            64%]
[Progress:=========>                    32%] [Cov:======================>            65%]
[Progress:=========>                    32%] [Cov:=======================>           66%]
[Progress:=========>                    33%] [Cov:======================>            63%]
[Progress:=========>                    33%] [Cov:======================>            64%]
[Progress:=========>                    33%] [Cov:======================>            65%]
[Progress:=========>                    33%] [Cov:=====================>             62%]
[Progress:=========>                    33%] [Cov:======================>            63%]
[Progress:==========>                   34%] [Cov:======================>            63%]
[Progress:==========>                   34%] [Cov:======================>            64%]
[Progress:==========>                   34%] [Cov:======================>            65%]
[Progress:==========>                   34%] [Cov:=====================>             62%]
[Progress:==========>                   34%] [Cov:======================>            64%]
[Progress:==========>                   34%] [Cov:======================>            65%]
[Progress:==========>                   34%] [Cov:=======================>           66%]
[Progress:==========>                   35%] [Cov:=====================>             62%]
[Progress:==========>                   35%] [Cov:======================>            64%]
[Progress:==========>                   35%] [Cov:=======================>           66%]
[Progress:==========>                   36%] [Cov:======================>            64%]
[Progress:==========>                   36%] [Cov:=====================>             62%]
[Progress:==========>                   36%] [Cov:======================>            63%]
[Progress:==========>                   36%] [Cov:======================>            64%]
[Progress:==========>                   36%] [Cov:======================>            65%]
[Progress:==========>                   36%] [Cov:=======================>           66%]
[Progress:==========>                   36%] [Cov:======================>            63%]
[Progress:==========>                   36%] [Cov:======================>            64%]
[Progress:===========>                  37%] [Cov:======================>            64%]
[Progress:===========>                  37%] [Cov:======================>            65%]
[Progress:===========>                  37%] [Cov:=======================>           66%]
[Progress:===========>                  38%] [Cov:======================>            63%]
[Progress:===========>                  38%] [Cov:======================>            64%]
[Progress:===========>                  38%] [Cov:======================>            65%]
[Progress:===========>                  38%] [Cov:=======================>           66%]
[Progress:===========>                  38%] [Cov:======================>            63%]
[Progress:===========>                  38%] [Cov:======================>            64%]
[Progress:===========>                  38%] [Cov:======================>            65%]
[Progress:===========>                  38%] [Cov:=======================>           66%]
[Progress:===========>                  39%] [Cov:=====================>             62%]
[Progress:===========>                  39%] [Cov:======================>            63%]
[Progress:===========>                  39%] [Cov:=======================>           66%]
[Progress:===========>                  39%] [Cov:======================>            63%]
[Progress:===========>                  39%] [Cov:======================>            65%]
[Progress:===========>                  39%] [Cov:=======================>           66%]
[Progress:============>                 40%] [Cov:======================>            63%]
[Progress:============>                 40%] [Cov:======================>            64%]
[Progress:============>                 40%] [Cov:=======================>           66%]
[Progress:============>                 40%] [Cov:======================>            63%]
[Progress:============>                 40%] [Cov:======================>            64%]
[Progress:============>                 40%] [Cov:=======================>           66%]
[Progress:============>                 41%] [Cov:======================>            65%]
[Progress:============>                 41%] [Cov:=======================>           66%]
[Progress:============>                 41%] [Cov:======================>            63%]
[Progress:============>                 41%] [Cov:======================>            64%]
[Progress:============>                 42%] [Cov:=======================>           66%]
[Progress:============>                 42%] [Cov:======================>            63%]
[Progress:============>                 42%] [Cov:======================>            64%]
[Progress:============>                 43%] [Cov:======================>            65%]
[Progress:============>                 43%] [Cov:=======================>           66%]
[Progress:============>                 43%] [Cov:=======================>           67%]
[Progress:=============>                44%] [Cov:=====================>             62%]
[Progress:=============>                44%] [Cov:======================>            64%]
[Progress:=============>                44%] [Cov:======================>            65%]
[Progress:=============>                44%] [Cov:======================>            63%]
[Progress:=============>                44%] [Cov:======================>            64%]
[Progress:=============>                44%] [Cov:======================>            65%]
[Progress:=============>                44%] [Cov:=======================>           66%]
[Progress:=============>                44%] [Cov:=======================>           67%]
[Progress:=============>                45%] [Cov:=====================>             61%]
[Progress:=============>                45%] [Cov:======================>            65%]
[Progress:=============>                45%] [Cov:=======================>           66%]
[Progress:=============>                45%] [Cov:=======================>           67%]
[Progress:=============>                45%] [Cov:======================>            63%]
[Progress:=============>                45%] [Cov:======================>            64%]
[Progress:=============>                45%] [Cov:======================>            65%]
[Progress:=============>                46%] [Cov:======================>            63%]
[Progress:=============>                46%] [Cov:======================>            64%]
[Progress:=============>                46%] [Cov:======================>            65%]
[Progress:=============>                46%] [Cov:=======================>           66%]
[Progress:=============>                46%] [Cov:=======================>           67%]
[Progress:=============>                46%] [Cov:=======================>           66%]
[Progress:=============>                46%] [Cov:=======================>           67%]
[Progress:==============>               47%] [Cov:======================>            65%]
[Progress:==============>               47%] [Cov:=======================>           66%]
[Progress:==============>               47%] [Cov:=======================>           67%]
[Progress:==============>               48%] [Cov:======================>            65%]
[Progress:==============>               48%] [Cov:=======================>           66%]
[Progress:==============>               48%] [Cov:=======================>           67%]
[Progress:==============>               48%] [Cov:======================>            63%]
[Progress:==============>               48%] [Cov:=======================>           66%]
[Progress:==============>               48%] [Cov:=======================>           67%]
[Progress:==============>               48%] [Cov:=======================>           68%]
[Progress:==============>               49%] [Cov:======================>            64%]
[Progress:==============>               49%] [Cov:=======================>           66%]
[Progress:==============>               49%] [Cov:======================>            63%]
[Progress:==============>               49%] [Cov:======================>            64%]
[Progress:==============>               49%] [Cov:======================>            65%]
[Progress:==============>               49%] [Cov:=======================>           66%]
[Progress:===============>              50%] [Cov:======================>            63%]
[Progress:===============>              50%] [Cov:======================>            65%]
[Progress:===============>              50%] [Cov:=======================>           66%]
[Progress:===============>              50%] [Cov:=======================>           67%]
[Progress:===============>              50%] [Cov:=======================>           68%]
[Progress:===============>              50%] [Cov:======================>            63%]
[Progress:===============>              50%] [Cov:======================>            65%]
[Progress:===============>              50%] [Cov:=======================>           66%]
[Progress:===============>              50%] [Cov:=======================>           67%]
[Progress:===============>              51%] [Cov:======================>            65%]
[Progress:===============>              51%] [Cov:=======================>           66%]
[Progress:===============>              51%] [Cov:=======================>           68%]
[Progress:===============>              51%] [Cov:======================>            63%]
[Progress:===============>              51%] [Cov:======================>            65%]
[Progress:===============>              51%] [Cov:=======================>           66%]
[Progress:===============>              51%] [Cov:=======================>           67%]
[Progress:===============>              52%] [Cov:======================>            65%]
[Progress:===============>              52%] [Cov:=======================>           66%]
[Progress:===============>              52%] [Cov:=======================>           67%]
[Progress:===============>              52%] [Cov:=======================>           68%]
[Progress:===============>              52%] [Cov:======================>            63%]
[Progress:===============>              52%] [Cov:=======================>           66%]
[Progress:===============>              52%] [Cov:=======================>           67%]
[Progress:===============>              52%] [Cov:=======================>           68%]
[Progress:===============>              53%] [Cov:=======================>           66%]
[Progress:===============>              53%] [Cov:=======================>           67%]
[Progress:===============>              53%] [Cov:=======================>           68%]
[Progress:================>             54%] [Cov:=======================>           66%]
[Progress:================>             54%] [Cov:=======================>           67%]
[Progress:================>             54%] [Cov:=======================>           68%]
[Progress:================>             54%] [Cov:======================>            63%]
[Progress:================>             54%] [Cov:=======================>           66%]
[Progress:================>             54%] [Cov:=======================>           67%]
[Progress:================>             54%] [Cov:=======================>           68%]
[Progress:================>             55%] [Cov:=======================>           66%]
[Progress:================>             55%] [Cov:======================>            63%]
[Progress:================>             55%] [Cov:======================>            65%]
[Progress:================>             55%] [Cov:=======================>           66%]
[Progress:================>             55%] [Cov:=======================>           67%]
[Progress:================>             55%] [Cov:=======================>           68%]
[Progress:================>             56%] [Cov:=======================>           66%]
[Progress:================>             56%] [Cov:=======================>           67%]
[Progress:================>             56%] [Cov:=======================>           68%]
[Progress:================>             56%] [Cov:======================>            63%]
[Progress:================>             56%] [Cov:=======================>           67%]
[Progress:=================>            57%] [Cov:=======================>           67%]
[Progress:=================>            57%] [Cov:======================>            63%]
[Progress:=================>            57%] [Cov:=======================>           66%]
[Progress:=================>            57%] [Cov:=======================>           67%]
[Progress:=================>            58%] [Cov:=======================>           67%]
[Progress:=================>            58%] [Cov:=======================>           68%]
[Progress:=================>            58%] [Cov:=======================>           67%]
[Progress:=================>            59%] [Cov:======================>            64%]
[Progress:=================>            59%] [Cov:=======================>           67%]
[Progress:=================>            59%] [Cov:=======================>           68%]
[Progress:==================>           60%] [Cov:======================>            65%]
[Progress:==================>           60%] [Cov:=======================>           66%]
[Progress:==================>           60%] [Cov:=======================>           67%]
[Progress:==================>           60%] [Cov:=======================>           68%]
[Progress:==================>           60%] [Cov:=======================>           67%]
[Progress:==================>           60%] [Cov:=======================>           68%]
[Progress:==================>           61%] [Cov:======================>            64%]
[Progress:==================>           61%] [Cov:=======================>           66%]
[Progress:==================>           61%] [Cov:=======================>           67%]
[Progress:==================>           61%] [Cov:=======================>           68%]
[Progress:==================>           61%] [Cov:=======================>           67%]
[Progress:==================>           62%] [Cov:======================>            65%]
[Progress:==================>           62%] [Cov:=======================>           68%]
[Progress:==================>           62%] [Cov:=======================>           67%]
[Progress:==================>           62%] [Cov:=======================>           68%]
[Progress:==================>           62%] [Cov:========================>          69%]
[Progress:==================>           63%] [Cov:=======================>           67%]
[Progress:==================>           63%] [Cov:=======================>           68%]
[Progress:===================>          64%] [Cov:=======================>           67%]
[Progress:===================>          64%] [Cov:=======================>           68%]
[Progress:===================>          64%] [Cov:========================>          69%]
[Progress:===================>          64%] [Cov:=======================>           67%]
[Progress:===================>          64%] [Cov:=======================>           68%]
[Progress:===================>          64%] [Cov:========================>          69%]
[Progress:===================>          65%] [Cov:========================>          69%]
[Progress:===================>          66%] [Cov:=======================>           68%]
[Progress:===================>          66%] [Cov:=======================>           67%]
[Progress:===================>          66%] [Cov:=======================>           68%]
[Progress:===================>          66%] [Cov:========================>          69%]
[Progress:====================>         67%] [Cov:=======================>           68%]
[Progress:====================>         67%] [Cov:========================>          69%]
[Progress:====================>         67%] [Cov:========================>          69%]
[Progress:====================>         68%] [Cov:=======================>           68%]
[Progress:====================>         68%] [Cov:========================>          69%]
[Progress:====================>         68%] [Cov:========================>          69%]
[Progress:====================>         69%] [Cov:=======================>           68%]
[Progress:====================>         69%] [Cov:========================>          69%]
[Progress:=====================>        70%] [Cov:========================>          69%]
[Progress:=====================>        70%] [Cov:========================>          69%]
[Progress:=====================>        71%] [Cov:========================>          69%]
[Progress:=====================>        72%] [Cov:=======================>           66%]
[Progress:=====================>        72%] [Cov:========================>          69%]
[Progress:=====================>        72%] [Cov:========================>          69%]
[Progress:=====================>        72%] [Cov:========================>          70%]
[Progress:=====================>        73%] [Cov:========================>          69%]
[Progress:=====================>        73%] [Cov:========================>          70%]
[Progress:======================>       74%] [Cov:========================>          69%]
[Progress:======================>       74%] [Cov:========================>          70%]
[Progress:======================>       74%] [Cov:========================>          69%]
[Progress:======================>       75%] [Cov:========================>          69%]
[Progress:======================>       75%] [Cov:========================>          70%]
[Progress:======================>       76%] [Cov:========================>          69%]
[Progress:======================>       76%] [Cov:========================>          70%]
[Progress:======================>       76%] [Cov:========================>          70%]
[Progress:=======================>      77%] [Cov:========================>          70%]
[Progress:=======================>      78%] [Cov:========================>          69%]
[Progress:=======================>      78%] [Cov:========================>          70%]
[Progress:=======================>      78%] [Cov:========================>          70%]
[Progress:=======================>      78%] [Cov:========================>          71%]
[Progress:=======================>      79%] [Cov:========================>          69%]
[Progress:=======================>      79%] [Cov:========================>          70%]
[Progress:=======================>      79%] [Cov:========================>          71%]
[Progress:=======================>      79%] [Cov:========================>          70%]
[Progress:=======================>      79%] [Cov:========================>          71%]
[Progress:========================>     80%] [Cov:========================>          70%]
[Progress:========================>     80%] [Cov:========================>          71%]
[Progress:========================>     80%] [Cov:========================>          69%]
[Progress:========================>     80%] [Cov:========================>          70%]
[Progress:========================>     80%] [Cov:========================>          71%]
[Progress:========================>     81%] [Cov:========================>          70%]
[Progress:========================>     82%] [Cov:========================>          70%]
[Progress:========================>     82%] [Cov:========================>          71%]
[Progress:========================>     82%] [Cov:========================>          70%]
[Progress:========================>     82%] [Cov:========================>          71%]
[Progress:========================>     83%] [Cov:========================>          70%]
[Progress:========================>     83%] [Cov:========================>          71%]
[Progress:========================>     83%] [Cov:========================>          71%]
[Progress:=========================>    84%] [Cov:========================>          70%]
[Progress:=========================>    85%] [Cov:========================>          70%]
[Progress:=========================>    86%] [Cov:========================>          70%]
[Progress:=========================>    86%] [Cov:========================>          71%]
[Progress:=========================>    86%] [Cov:========================>          71%]
[Progress:==========================>   87%] [Cov:=======================>           68%]
[Progress:==========================>   87%] [Cov:========================>          70%]
[Progress:==========================>   87%] [Cov:========================>          71%]
[Progress:==========================>   88%] [Cov:========================>          70%]
[Progress:==========================>   88%] [Cov:========================>          71%]
[Progress:==========================>   88%] [Cov:========================>          71%]
[Progress:==========================>   89%] [Cov:========================>          69%]
[Progress:==========================>   89%] [Cov:========================>          70%]
[Progress:==========================>   89%] [Cov:========================>          71%]
[Progress:==========================>   89%] [Cov:========================>          71%]
[Progress:===========================>  90%] [Cov:========================>          70%]
[Progress:===========================>  90%] [Cov:========================>          71%]
[Progress:===========================>  90%] [Cov:========================>          71%]
[Progress:===========================>  91%] [Cov:========================>          70%]
[Progress:===========================>  91%] [Cov:========================>          71%]
[Progress:===========================>  92%] [Cov:========================>          70%]
[Progress:===========================>  92%] [Cov:========================>          71%]
[Progress:===========================>  92%] [Cov:========================>          71%]
[Progress:===========================>  93%] [Cov:========================>          70%]
[Progress:===========================>  93%] [Cov:========================>          71%]
[Progress:============================> 94%] [Cov:========================>          70%]
[Progress:============================> 94%] [Cov:========================>          71%]
[Progress:============================> 94%] [Cov:========================>          71%]
[Progress:============================> 96%] [Cov:========================>          70%]
[Progress:=============================>97%] [Cov:========================>          70%]
[Progress:=============================>97%] [Cov:========================>          71%]
[Progress:=============================>98%] [Cov:========================>          70%]
[Progress:=============================>98%] [Cov:========================>          70%]
[Progress:=============================>99%] [Cov:========================>          70%]
[Progress:=============================>99%] [Cov:========================>          70%]
[Progress:=============================>99%] [Cov:========================>          71%]
[Progress:==============================100%] [Cov:=======================>           68%]
[Progress:==============================100%] [Cov:========================>          70%]
[Progress:==============================100%] [Cov:========================>          71%]
[Progress:==============================100%] [Cov:========================>          70%]
* Search finished after 152s and 92 generations, 52983 statements, best individual has fitness: 122.54960317460318
* Minimizing test suite
* Going to analyze the coverage criteria
* Coverage analysis for criterion LINE
* Coverage of criterion LINE: 95%
* Total number of goals: 171
* Number of covered goals: 163
* Coverage analysis for criterion BRANCH
* Coverage of criterion BRANCH: 83%
* Total number of goals: 78
* Number of covered goals: 65
* Coverage analysis for criterion EXCEPTION
* Coverage of criterion EXCEPTION: 0%
* Total number of goals: 2
* Number of covered goals: 0
* Coverage analysis for criterion WEAKMUTATION
* Coverage of criterion WEAKMUTATION: 94%
* Total number of goals: 543
* Number of covered goals: 511
* Coverage analysis for criterion OUTPUT
* Coverage of criterion OUTPUT: 44%
* Total number of goals: 54
* Number of covered goals: 24
* Coverage analysis for criterion METHOD
* Coverage of criterion METHOD: 32%
* Total number of goals: 19
* Number of covered goals: 6
* Coverage analysis for criterion METHODNOEXCEPTION
* Coverage of criterion METHODNOEXCEPTION: 32%
* Total number of goals: 19
* Number of covered goals: 6
* Coverage analysis for criterion CBRANCH
* Coverage of criterion CBRANCH: 83%
* Total number of goals: 78
* Number of covered goals: 65
* Generated 26 tests with total length 93
* Resulting test suite's coverage: 70% (average coverage for all fitness functions)
* Generating assertions
* Resulting test suite's mutation score: 37%
* Compiling and checking tests
* Writing tests to file
* Writing JUnit test case 'BasePeriod_ESTest' to evosuite-tests
* Done!

* Computation finished

