CMD: /usr/lib/jvm/java-8-openjdk-amd64/bin/java -Dtools_jar_location=/usr/lib/jvm/java-8-openjdk-amd64/lib/tools.jar -jar /home/pizza/TestRound2/evosuite-1.2.0.jar -generateSuite -class org.jfree.chart.util.ShapeList -projectCP /home/pizza/TestRound2/Test/Chart-6b/build:/home/pizza/TestRound2/Test/Chart-6b/lib/servlet.jar -base_dir /home/pizza/TestRound2/results/project-Chart/Chart-6/round03/evosuite-work -seed 11 -Dalgorithm=NSGAII -Dsearch_budget=60 -Dtest_format=JUNIT4 -Dassertions=true

* EvoSuite 1.2.0
* Going to generate test cases for class: org.jfree.chart.util.ShapeList
* Starting Client-0
* Connecting to master process on port 8224
* Analyzing classpath: 
  - /home/pizza/TestRound2/Test/Chart-6b/build
  - /home/pizza/TestRound2/Test/Chart-6b/lib/servlet.jar
* Finished analyzing classpath
* Generating tests for class org.jfree.chart.util.ShapeList
* Test criteria:
  - Line Coverage
  - Branch Coverage
  - Exception
  - Mutation testing (weak)
  - Method-Output Coverage
  - Top-Level Method Coverage
  - No-Exception Top-Level Method Coverage
  - Context Branch Coverage
* Setting up search algorithm for whole suite generation
* Total number of test goals: 
  - Line 29
  - Branch 17
  - Exception 0
  - MutationFactory 78
  - Output 6
  - Method 6
  - MethodNoException 6
  - CBranchFitnessFactory 17

[Progress:>                             0%] [Cov:>                                  0%]* Using seed 11
* Starting evolution

[Progress:>                             0%] [Cov:>                                  0%]
[Progress:>                             0%] [Cov:=>                                 3%]
[Progress:>                             1%] [Cov:=>                                 4%]
[Progress:>                             1%] [Cov:==>                                7%]
[Progress:>                             1%] [Cov:===>                               10%]
[Progress:>                             1%] [Cov:=======>                           20%]
[Progress:>                             1%] [Cov:========>                          23%]
[Progress:>                             1%] [Cov:=========>                         27%]
[Progress:>                             1%] [Cov:=========>                         28%]
[Progress:>                             1%] [Cov:============>                      36%]
[Progress:>                             1%] [Cov:============>                      37%]
[Progress:>                             1%] [Cov:================>                  47%]
[Progress:>                             1%] [Cov:====================>              58%]
[Progress:>                             1%] [Cov:======================>            64%]
[Progress:>                             3%] [Cov:=>                                 4%]
[Progress:>                             3%] [Cov:===>                               9%]
[Progress:>                             3%] [Cov:===>                               10%]
[Progress:>                             3%] [Cov:=======>                           21%]
[Progress:>                             3%] [Cov:========>                          23%]
[Progress:>                             3%] [Cov:========>                          25%]
[Progress:>                             3%] [Cov:=========>                         27%]
[Progress:>                             3%] [Cov:==========>                        30%]
[Progress:>                             3%] [Cov:===========>                       34%]
[Progress:>                             3%] [Cov:==============>                    41%]
[Progress:>                             3%] [Cov:===============>                   45%]
[Progress:>                             3%] [Cov:=================>                 51%]
[Progress:>                             3%] [Cov:===================>               56%]
[Progress:>                             3%] [Cov:=====================>             62%]
[Progress:>                             3%] [Cov:======================>            64%]
[Progress:>                             3%] [Cov:======================>            64%]
[Progress:>                             3%] [Cov:======================>            65%]
[Progress:>                             3%] [Cov:=======================>           66%]
[Progress:>                             3%] [Cov:=======================>           66%]
[Progress:=>                            5%] [Cov:======================>            64%]
[Progress:=>                            5%] [Cov:=======================>           66%]
[Progress:=>                            5%] [Cov:=======================>           66%]
[Progress:=>                            5%] [Cov:======================>            64%]
[Progress:=>                            5%] [Cov:=======================>           66%]
[Progress:=>                            5%] [Cov:======================>            64%]
[Progress:=>                            5%] [Cov:=======================>           66%]
[Progress:=>                            6%] [Cov:=====================>             61%]
[Progress:=>                            6%] [Cov:======================>            65%]
[Progress:=>                            6%] [Cov:=======================>           66%]
[Progress:=>                            6%] [Cov:======================>            64%]
[Progress:=>                            6%] [Cov:=======================>           66%]
[Progress:=>                            6%] [Cov:======================>            64%]
[Progress:=>                            6%] [Cov:=======================>           66%]
[Progress:=>                            6%] [Cov:=======================>           66%]
[Progress:=>                            6%] [Cov:=======================>           66%]
[Progress:=>                            6%] [Cov:=======================>           66%]
[Progress:==>                           8%] [Cov:=======================>           66%]
[Progress:==>                           8%] [Cov:=======================>           66%]
[Progress:==>                           8%] [Cov:=======================>           66%]
[Progress:==>                           8%] [Cov:=======================>           66%]
[Progress:==>                           8%] [Cov:=======================>           66%]
[Progress:===>                          10%] [Cov:=======================>           66%]
[Progress:===>                          10%] [Cov:=======================>           66%]
[Progress:===>                          10%] [Cov:=======================>           66%]
[Progress:===>                          10%] [Cov:=======================>           66%]
[Progress:===>                          10%] [Cov:=======================>           66%]
[Progress:===>                          10%] [Cov:=======================>           66%]
[Progress:===>                          11%] [Cov:=======================>           66%]
[Progress:===>                          11%] [Cov:=======================>           66%]
[Progress:===>                          11%] [Cov:=======================>           66%]
[Progress:===>                          11%] [Cov:=======================>           66%]
[Progress:===>                          11%] [Cov:=======================>           66%]
[Progress:===>                          13%] [Cov:=======================>           66%]
[Progress:===>                          13%] [Cov:=======================>           66%]
[Progress:===>                          13%] [Cov:=======================>           66%]
[Progress:===>                          13%] [Cov:=======================>           66%]
[Progress:===>                          13%] [Cov:=======================>           66%]
[Progress:===>                          13%] [Cov:=======================>           66%]
[Progress:====>                         15%] [Cov:=======================>           66%]
[Progress:====>                         15%] [Cov:=======================>           66%]
[Progress:====>                         15%] [Cov:=======================>           66%]
[Progress:====>                         15%] [Cov:=======================>           66%]
[Progress:====>                         16%] [Cov:=======================>           66%]
[Progress:====>                         16%] [Cov:=======================>           66%]
[Progress:====>                         16%] [Cov:=======================>           66%]
[Progress:====>                         16%] [Cov:=======================>           66%]
[Progress:====>                         16%] [Cov:=======================>           66%]
[Progress:=====>                        18%] [Cov:=======================>           66%]
[Progress:=====>                        18%] [Cov:=======================>           66%]
[Progress:=====>                        18%] [Cov:=======================>           66%]
[Progress:=====>                        18%] [Cov:=======================>           66%]
[Progress:=====>                        18%] [Cov:=======================>           66%]
[Progress:======>                       20%] [Cov:=======================>           66%]
[Progress:======>                       20%] [Cov:=======================>           66%]
[Progress:======>                       20%] [Cov:=======================>           66%]
[Progress:======>                       20%] [Cov:=======================>           66%]
[Progress:======>                       20%] [Cov:=======================>           66%]
[Progress:======>                       20%] [Cov:=======================>           66%]
[Progress:======>                       20%] [Cov:=======================>           66%]
[Progress:======>                       21%] [Cov:=======================>           66%]
[Progress:======>                       21%] [Cov:=======================>           66%]
[Progress:======>                       21%] [Cov:=======================>           66%]
[Progress:======>                       21%] [Cov:=======================>           66%]
[Progress:======>                       21%] [Cov:=======================>           66%]
[Progress:======>                       21%] [Cov:=======================>           66%]
[Progress:======>                       21%] [Cov:=======================>           66%]
[Progress:======>                       21%] [Cov:=======================>           66%]
[Progress:======>                       23%] [Cov:=======================>           66%]
[Progress:======>                       23%] [Cov:=======================>           66%]
[Progress:======>                       23%] [Cov:=======================>           66%]
[Progress:======>                       23%] [Cov:=======================>           66%]
[Progress:======>                       23%] [Cov:=======================>           66%]
[Progress:======>                       23%] [Cov:=======================>           66%]
[Progress:======>                       23%] [Cov:=======================>           66%]
[Progress:=======>                      25%] [Cov:=======================>           66%]
[Progress:=======>                      25%] [Cov:=======================>           66%]
[Progress:=======>                      25%] [Cov:=======================>           66%]
[Progress:=======>                      25%] [Cov:=======================>           66%]
[Progress:=======>                      25%] [Cov:=======================>           66%]
[Progress:=======>                      25%] [Cov:=======================>           66%]
[Progress:=======>                      25%] [Cov:=======================>           66%]
[Progress:=======>                      25%] [Cov:=======================>           66%]
[Progress:=======>                      26%] [Cov:=======================>           66%]
[Progress:=======>                      26%] [Cov:=======================>           66%]
[Progress:=======>                      26%] [Cov:=======================>           66%]
[Progress:=======>                      26%] [Cov:=======================>           66%]
[Progress:=======>                      26%] [Cov:=======================>           66%]
[Progress:=======>                      26%] [Cov:=======================>           66%]
[Progress:=======>                      26%] [Cov:=======================>           66%]
[Progress:=======>                      26%] [Cov:=======================>           66%]
[Progress:=======>                      26%] [Cov:=======================>           66%]
[Progress:========>                     28%] [Cov:=======================>           66%]
[Progress:========>                     28%] [Cov:======================>            64%]
[Progress:========>                     28%] [Cov:=======================>           66%]
[Progress:========>                     28%] [Cov:======================>            64%]
[Progress:========>                     28%] [Cov:=======================>           66%]
[Progress:========>                     28%] [Cov:======================>            64%]
[Progress:========>                     28%] [Cov:=======================>           66%]
[Progress:========>                     28%] [Cov:======================>            64%]
[Progress:========>                     28%] [Cov:=======================>           66%]
[Progress:========>                     28%] [Cov:======================>            64%]
[Progress:========>                     28%] [Cov:=======================>           66%]
[Progress:========>                     28%] [Cov:======================>            64%]
[Progress:========>                     28%] [Cov:=======================>           66%]
[Progress:========>                     28%] [Cov:======================>            64%]
[Progress:========>                     28%] [Cov:=======================>           66%]
[Progress:=========>                    30%] [Cov:===================>               56%]
[Progress:=========>                    30%] [Cov:=======================>           66%]
[Progress:=========>                    30%] [Cov:======================>            64%]
[Progress:=========>                    30%] [Cov:=======================>           66%]
[Progress:=========>                    30%] [Cov:======================>            64%]
[Progress:=========>                    30%] [Cov:=======================>           66%]
[Progress:=========>                    30%] [Cov:======================>            64%]
[Progress:=========>                    30%] [Cov:=======================>           66%]
[Progress:=========>                    30%] [Cov:======================>            64%]
[Progress:=========>                    30%] [Cov:=======================>           66%]
[Progress:=========>                    30%] [Cov:======================>            64%]
[Progress:=========>                    30%] [Cov:=======================>           66%]
[Progress:=========>                    30%] [Cov:======================>            64%]
[Progress:=========>                    30%] [Cov:=======================>           66%]
[Progress:=========>                    31%] [Cov:=======================>           66%]
[Progress:=========>                    31%] [Cov:======================>            64%]
[Progress:=========>                    31%] [Cov:=======================>           66%]
[Progress:=========>                    31%] [Cov:======================>            64%]
[Progress:=========>                    31%] [Cov:=======================>           66%]
[Progress:=========>                    31%] [Cov:======================>            64%]
[Progress:=========>                    31%] [Cov:=======================>           66%]
[Progress:=========>                    31%] [Cov:======================>            64%]
[Progress:=========>                    31%] [Cov:=======================>           66%]
[Progress:=========>                    31%] [Cov:======================>            64%]
[Progress:=========>                    31%] [Cov:=======================>           66%]
[Progress:=========>                    33%] [Cov:=======================>           66%]
[Progress:=========>                    33%] [Cov:======================>            64%]
[Progress:=========>                    33%] [Cov:=======================>           66%]
[Progress:=========>                    33%] [Cov:======================>            64%]
[Progress:=========>                    33%] [Cov:======================>            65%]
[Progress:=========>                    33%] [Cov:=======================>           66%]
[Progress:=========>                    33%] [Cov:======================>            64%]
[Progress:=========>                    33%] [Cov:=======================>           66%]
[Progress:=========>                    33%] [Cov:======================>            64%]
[Progress:=========>                    33%] [Cov:=======================>           66%]
[Progress:=========>                    33%] [Cov:======================>            64%]
[Progress:=========>                    33%] [Cov:=======================>           66%]
[Progress:==========>                   35%] [Cov:=======================>           66%]
[Progress:==========>                   35%] [Cov:======================>            64%]
[Progress:==========>                   35%] [Cov:=======================>           66%]
[Progress:==========>                   35%] [Cov:======================>            64%]
[Progress:==========>                   35%] [Cov:=======================>           66%]
[Progress:==========>                   35%] [Cov:======================>            64%]
[Progress:==========>                   35%] [Cov:=======================>           66%]
[Progress:==========>                   35%] [Cov:======================>            64%]
[Progress:==========>                   35%] [Cov:=======================>           66%]
[Progress:==========>                   35%] [Cov:======================>            64%]
[Progress:==========>                   35%] [Cov:=======================>           66%]
[Progress:==========>                   35%] [Cov:======================>            64%]
[Progress:==========>                   35%] [Cov:=======================>           66%]
[Progress:==========>                   36%] [Cov:=======================>           66%]
[Progress:==========>                   36%] [Cov:======================>            64%]
[Progress:==========>                   36%] [Cov:=======================>           66%]
[Progress:==========>                   36%] [Cov:======================>            64%]
[Progress:==========>                   36%] [Cov:=======================>           66%]
[Progress:==========>                   36%] [Cov:======================>            64%]
[Progress:==========>                   36%] [Cov:=======================>           66%]
[Progress:==========>                   36%] [Cov:======================>            64%]
[Progress:==========>                   36%] [Cov:=======================>           66%]
[Progress:==========>                   36%] [Cov:======================>            64%]
[Progress:==========>                   36%] [Cov:=======================>           66%]
[Progress:===========>                  38%] [Cov:=======================>           66%]
[Progress:===========>                  38%] [Cov:======================>            64%]
[Progress:===========>                  38%] [Cov:=======================>           66%]
[Progress:===========>                  38%] [Cov:======================>            64%]
[Progress:===========>                  38%] [Cov:=======================>           66%]
[Progress:===========>                  38%] [Cov:======================>            64%]
[Progress:===========>                  38%] [Cov:=======================>           66%]
[Progress:===========>                  38%] [Cov:======================>            64%]
[Progress:===========>                  38%] [Cov:=======================>           66%]
[Progress:===========>                  38%] [Cov:======================>            64%]
[Progress:===========>                  38%] [Cov:=======================>           66%]
[Progress:============>                 40%] [Cov:======================>            64%]
[Progress:============>                 40%] [Cov:=======================>           66%]
[Progress:============>                 40%] [Cov:======================>            64%]
[Progress:============>                 40%] [Cov:=======================>           66%]
[Progress:============>                 40%] [Cov:======================>            64%]
[Progress:============>                 40%] [Cov:=======================>           66%]
[Progress:============>                 40%] [Cov:======================>            64%]
[Progress:============>                 40%] [Cov:=======================>           66%]
[Progress:============>                 40%] [Cov:======================>            64%]
[Progress:============>                 40%] [Cov:=======================>           66%]
[Progress:============>                 40%] [Cov:======================>            64%]
[Progress:============>                 40%] [Cov:=======================>           66%]
[Progress:============>                 40%] [Cov:======================>            64%]
[Progress:============>                 40%] [Cov:=======================>           66%]
[Progress:============>                 41%] [Cov:======================>            64%]
[Progress:============>                 41%] [Cov:=======================>           66%]
[Progress:============>                 41%] [Cov:======================>            64%]
[Progress:============>                 41%] [Cov:=======================>           66%]
[Progress:============>                 41%] [Cov:======================>            64%]
[Progress:============>                 41%] [Cov:=======================>           66%]
[Progress:============>                 41%] [Cov:======================>            64%]
[Progress:============>                 41%] [Cov:=======================>           66%]
[Progress:============>                 41%] [Cov:======================>            64%]
[Progress:============>                 41%] [Cov:=======================>           66%]
[Progress:============>                 41%] [Cov:======================>            64%]
[Progress:============>                 41%] [Cov:=======================>           66%]
[Progress:============>                 41%] [Cov:======================>            64%]
[Progress:============>                 41%] [Cov:=======================>           66%]
[Progress:============>                 41%] [Cov:======================>            64%]
[Progress:============>                 41%] [Cov:=======================>           66%]
[Progress:============>                 43%] [Cov:=======================>           66%]
[Progress:============>                 43%] [Cov:======================>            64%]
[Progress:============>                 43%] [Cov:=======================>           66%]
[Progress:============>                 43%] [Cov:======================>            64%]
[Progress:============>                 43%] [Cov:=======================>           66%]
[Progress:============>                 43%] [Cov:======================>            64%]
[Progress:============>                 43%] [Cov:=======================>           66%]
[Progress:============>                 43%] [Cov:======================>            64%]
[Progress:============>                 43%] [Cov:=======================>           66%]
[Progress:============>                 43%] [Cov:======================>            64%]
[Progress:============>                 43%] [Cov:=======================>           66%]
[Progress:============>                 43%] [Cov:======================>            64%]
[Progress:============>                 43%] [Cov:=======================>           66%]
[Progress:=============>                45%] [Cov:======================>            64%]
[Progress:=============>                45%] [Cov:=======================>           66%]
[Progress:=============>                45%] [Cov:======================>            64%]
[Progress:=============>                45%] [Cov:=======================>           66%]
[Progress:=============>                45%] [Cov:======================>            64%]
[Progress:=============>                45%] [Cov:=======================>           66%]
[Progress:=============>                45%] [Cov:======================>            64%]
[Progress:=============>                45%] [Cov:=======================>           66%]
[Progress:=============>                45%] [Cov:======================>            64%]
[Progress:=============>                45%] [Cov:=======================>           66%]
[Progress:=============>                45%] [Cov:======================>            64%]
[Progress:=============>                45%] [Cov:=======================>           66%]
[Progress:=============>                45%] [Cov:======================>            64%]
[Progress:=============>                45%] [Cov:=======================>           66%]
[Progress:=============>                45%] [Cov:======================>            64%]
[Progress:=============>                45%] [Cov:=======================>           66%]
[Progress:=============>                45%] [Cov:======================>            64%]
[Progress:=============>                45%] [Cov:=======================>           66%]
[Progress:=============>                46%] [Cov:=======================>           66%]
[Progress:=============>                46%] [Cov:======================>            64%]
[Progress:=============>                46%] [Cov:=======================>           66%]
[Progress:=============>                46%] [Cov:======================>            64%]
[Progress:=============>                46%] [Cov:=======================>           66%]
[Progress:=============>                46%] [Cov:======================>            64%]
[Progress:=============>                46%] [Cov:=======================>           66%]
[Progress:=============>                46%] [Cov:======================>            64%]
[Progress:=============>                46%] [Cov:=======================>           66%]
[Progress:=============>                46%] [Cov:======================>            64%]
[Progress:=============>                46%] [Cov:=======================>           66%]
[Progress:=============>                46%] [Cov:======================>            64%]
[Progress:=============>                46%] [Cov:=======================>           66%]
[Progress:==============>               48%] [Cov:=======================>           66%]
[Progress:==============>               48%] [Cov:======================>            64%]
[Progress:==============>               48%] [Cov:=======================>           66%]
[Progress:==============>               48%] [Cov:======================>            64%]
[Progress:==============>               48%] [Cov:=======================>           66%]
[Progress:==============>               48%] [Cov:======================>            64%]
[Progress:==============>               48%] [Cov:=======================>           66%]
[Progress:==============>               48%] [Cov:======================>            64%]
[Progress:==============>               48%] [Cov:=======================>           66%]
[Progress:==============>               48%] [Cov:======================>            64%]
[Progress:==============>               48%] [Cov:=======================>           66%]
[Progress:===============>              50%] [Cov:=======================>           66%]
[Progress:===============>              50%] [Cov:======================>            64%]
[Progress:===============>              50%] [Cov:=======================>           66%]
[Progress:===============>              50%] [Cov:======================>            64%]
[Progress:===============>              50%] [Cov:=======================>           66%]
[Progress:===============>              50%] [Cov:======================>            64%]
[Progress:===============>              50%] [Cov:=======================>           66%]
[Progress:===============>              50%] [Cov:======================>            64%]
[Progress:===============>              50%] [Cov:=======================>           66%]
[Progress:===============>              50%] [Cov:=======================>           66%]
[Progress:===============>              50%] [Cov:=======================>           66%]
[Progress:===============>              50%] [Cov:======================>            64%]
[Progress:===============>              50%] [Cov:=======================>           66%]
[Progress:===============>              51%] [Cov:=======================>           66%]
[Progress:===============>              51%] [Cov:======================>            64%]
[Progress:===============>              51%] [Cov:=======================>           66%]
[Progress:===============>              51%] [Cov:======================>            64%]
[Progress:===============>              51%] [Cov:=======================>           66%]
[Progress:===============>              51%] [Cov:======================>            64%]
[Progress:===============>              51%] [Cov:=======================>           66%]
[Progress:===============>              51%] [Cov:======================>            64%]
[Progress:===============>              51%] [Cov:=======================>           66%]
[Progress:===============>              51%] [Cov:======================>            64%]
[Progress:===============>              51%] [Cov:=======================>           66%]
[Progress:===============>              51%] [Cov:======================>            64%]
[Progress:===============>              51%] [Cov:=======================>           66%]
[Progress:===============>              51%] [Cov:======================>            64%]
[Progress:===============>              51%] [Cov:=======================>           66%]
[Progress:===============>              51%] [Cov:======================>            64%]
[Progress:===============>              51%] [Cov:=======================>           66%]
[Progress:===============>              51%] [Cov:======================>            64%]
[Progress:===============>              51%] [Cov:======================>            65%]
[Progress:===============>              51%] [Cov:=======================>           66%]
[Progress:===============>              51%] [Cov:======================>            64%]
[Progress:===============>              51%] [Cov:=======================>           66%]
[Progress:===============>              53%] [Cov:=======================>           66%]
[Progress:===============>              53%] [Cov:======================>            64%]
[Progress:===============>              53%] [Cov:=======================>           66%]
[Progress:===============>              53%] [Cov:======================>            64%]
[Progress:===============>              53%] [Cov:=======================>           66%]
[Progress:===============>              53%] [Cov:=======================>           66%]
[Progress:===============>              53%] [Cov:=======================>           66%]
[Progress:===============>              53%] [Cov:=======================>           66%]
[Progress:===============>              53%] [Cov:=======================>           66%]
[Progress:===============>              53%] [Cov:=======================>           66%]
[Progress:===============>              53%] [Cov:=======================>           66%]
[Progress:===============>              53%] [Cov:=======================>           66%]
[Progress:===============>              53%] [Cov:=======================>           66%]
[Progress:================>             55%] [Cov:=======================>           66%]
[Progress:================>             55%] [Cov:=======================>           66%]
[Progress:================>             55%] [Cov:=======================>           66%]
[Progress:================>             55%] [Cov:=======================>           66%]
[Progress:================>             55%] [Cov:=======================>           66%]
[Progress:================>             55%] [Cov:======================>            64%]
[Progress:================>             55%] [Cov:=======================>           66%]
[Progress:================>             55%] [Cov:=======================>           66%]
[Progress:================>             55%] [Cov:=======================>           66%]
[Progress:================>             55%] [Cov:=======================>           66%]
[Progress:================>             55%] [Cov:=======================>           66%]
[Progress:================>             56%] [Cov:=======================>           66%]
[Progress:================>             56%] [Cov:=======================>           66%]
[Progress:================>             56%] [Cov:======================>            64%]
[Progress:================>             56%] [Cov:=======================>           66%]
[Progress:================>             56%] [Cov:======================>            64%]
[Progress:================>             56%] [Cov:=======================>           66%]
[Progress:================>             56%] [Cov:======================>            64%]
[Progress:================>             56%] [Cov:=======================>           66%]
[Progress:================>             56%] [Cov:======================>            64%]
[Progress:================>             56%] [Cov:=======================>           66%]
[Progress:================>             56%] [Cov:======================>            64%]
[Progress:================>             56%] [Cov:=======================>           66%]
[Progress:================>             56%] [Cov:======================>            64%]
[Progress:================>             56%] [Cov:=======================>           66%]
[Progress:================>             56%] [Cov:======================>            64%]
[Progress:================>             56%] [Cov:=======================>           66%]
[Progress:================>             56%] [Cov:======================>            64%]
[Progress:================>             56%] [Cov:=======================>           66%]
[Progress:================>             56%] [Cov:======================>            64%]
[Progress:================>             56%] [Cov:=======================>           66%]
[Progress:================>             56%] [Cov:======================>            64%]
[Progress:================>             56%] [Cov:=======================>           66%]
[Progress:=================>            58%] [Cov:=======================>           66%]
[Progress:=================>            58%] [Cov:======================>            64%]
[Progress:=================>            58%] [Cov:=======================>           66%]
[Progress:=================>            58%] [Cov:======================>            64%]
[Progress:=================>            58%] [Cov:=======================>           66%]
[Progress:=================>            58%] [Cov:======================>            64%]
[Progress:=================>            58%] [Cov:=======================>           66%]
[Progress:=================>            58%] [Cov:======================>            64%]
[Progress:=================>            58%] [Cov:=======================>           66%]
[Progress:=================>            58%] [Cov:======================>            64%]
[Progress:=================>            58%] [Cov:=======================>           66%]
[Progress:=================>            58%] [Cov:======================>            64%]
[Progress:=================>            58%] [Cov:=======================>           66%]
[Progress:=================>            58%] [Cov:======================>            64%]
[Progress:=================>            58%] [Cov:======================>            65%]
[Progress:=================>            58%] [Cov:=======================>           66%]
[Progress:=================>            58%] [Cov:======================>            64%]
[Progress:=================>            58%] [Cov:=======================>           66%]
[Progress:=================>            58%] [Cov:======================>            64%]
[Progress:=================>            58%] [Cov:=======================>           66%]
[Progress:=================>            58%] [Cov:======================>            64%]
[Progress:=================>            58%] [Cov:=======================>           66%]
[Progress:==================>           60%] [Cov:=======================>           66%]
[Progress:==================>           60%] [Cov:======================>            64%]
[Progress:==================>           60%] [Cov:=======================>           66%]
[Progress:==================>           60%] [Cov:======================>            64%]
[Progress:==================>           60%] [Cov:=======================>           66%]
[Progress:==================>           60%] [Cov:======================>            64%]
[Progress:==================>           60%] [Cov:=======================>           66%]
[Progress:==================>           60%] [Cov:======================>            64%]
[Progress:==================>           60%] [Cov:=======================>           66%]
[Progress:==================>           60%] [Cov:======================>            64%]
[Progress:==================>           60%] [Cov:=======================>           66%]
[Progress:==================>           60%] [Cov:======================>            64%]
[Progress:==================>           60%] [Cov:=======================>           66%]
[Progress:==================>           60%] [Cov:======================>            64%]
[Progress:==================>           60%] [Cov:======================>            65%]
[Progress:==================>           60%] [Cov:=======================>           66%]
[Progress:==================>           60%] [Cov:======================>            64%]
[Progress:==================>           60%] [Cov:=======================>           66%]
[Progress:==================>           60%] [Cov:======================>            64%]
[Progress:==================>           60%] [Cov:=======================>           66%]
[Progress:==================>           60%] [Cov:======================>            64%]
[Progress:==================>           60%] [Cov:=======================>           66%]
[Progress:==================>           61%] [Cov:=======================>           66%]
[Progress:==================>           61%] [Cov:======================>            64%]
[Progress:==================>           61%] [Cov:=======================>           66%]
[Progress:==================>           61%] [Cov:======================>            64%]
[Progress:==================>           61%] [Cov:=======================>           66%]
[Progress:==================>           61%] [Cov:======================>            64%]
[Progress:==================>           61%] [Cov:=======================>           66%]
[Progress:==================>           61%] [Cov:======================>            64%]
[Progress:==================>           61%] [Cov:=======================>           66%]
[Progress:==================>           61%] [Cov:======================>            64%]
[Progress:==================>           61%] [Cov:=======================>           66%]
[Progress:==================>           61%] [Cov:======================>            64%]
[Progress:==================>           61%] [Cov:=======================>           66%]
[Progress:==================>           61%] [Cov:======================>            64%]
[Progress:==================>           61%] [Cov:=======================>           66%]
[Progress:==================>           61%] [Cov:======================>            64%]
[Progress:==================>           61%] [Cov:=======================>           66%]
[Progress:==================>           61%] [Cov:======================>            64%]
[Progress:==================>           61%] [Cov:=======================>           66%]
[Progress:==================>           61%] [Cov:======================>            64%]
[Progress:==================>           61%] [Cov:=======================>           66%]
[Progress:==================>           63%] [Cov:=======================>           66%]
[Progress:==================>           63%] [Cov:======================>            64%]
[Progress:==================>           63%] [Cov:=======================>           66%]
[Progress:==================>           63%] [Cov:======================>            64%]
[Progress:==================>           63%] [Cov:=======================>           66%]
[Progress:==================>           63%] [Cov:======================>            64%]
[Progress:==================>           63%] [Cov:=======================>           66%]
[Progress:==================>           63%] [Cov:======================>            64%]
[Progress:==================>           63%] [Cov:=======================>           66%]
[Progress:==================>           63%] [Cov:======================>            64%]
[Progress:==================>           63%] [Cov:=======================>           66%]
[Progress:==================>           63%] [Cov:======================>            64%]
[Progress:==================>           63%] [Cov:=======================>           66%]
[Progress:==================>           63%] [Cov:======================>            64%]
[Progress:==================>           63%] [Cov:=======================>           66%]
[Progress:==================>           63%] [Cov:======================>            64%]
[Progress:==================>           63%] [Cov:=======================>           66%]
[Progress:==================>           63%] [Cov:======================>            64%]
[Progress:==================>           63%] [Cov:=======================>           66%]
[Progress:==================>           63%] [Cov:======================>            64%]
[Progress:==================>           63%] [Cov:======================>            65%]
[Progress:==================>           63%] [Cov:=======================>           66%]
[Progress:==================>           63%] [Cov:======================>            64%]
[Progress:==================>           63%] [Cov:=======================>           66%]
[Progress:==================>           63%] [Cov:======================>            64%]
[Progress:==================>           63%] [Cov:=======================>           66%]
[Progress:===================>          65%] [Cov:=======================>           66%]
[Progress:===================>          65%] [Cov:======================>            64%]
[Progress:===================>          65%] [Cov:=======================>           66%]
[Progress:===================>          65%] [Cov:======================>            64%]
[Progress:===================>          65%] [Cov:=======================>           66%]
[Progress:===================>          65%] [Cov:======================>            64%]
[Progress:===================>          65%] [Cov:=======================>           66%]
[Progress:===================>          65%] [Cov:======================>            64%]
[Progress:===================>          65%] [Cov:=======================>           66%]
[Progress:===================>          65%] [Cov:======================>            64%]
[Progress:===================>          65%] [Cov:=======================>           66%]
[Progress:===================>          65%] [Cov:======================>            64%]
[Progress:===================>          65%] [Cov:=======================>           66%]
[Progress:===================>          65%] [Cov:======================>            64%]
[Progress:===================>          65%] [Cov:=======================>           66%]
[Progress:===================>          65%] [Cov:======================>            64%]
[Progress:===================>          65%] [Cov:=======================>           66%]
[Progress:===================>          65%] [Cov:======================>            64%]
[Progress:===================>          65%] [Cov:=======================>           66%]
[Progress:===================>          65%] [Cov:======================>            64%]
[Progress:===================>          65%] [Cov:=======================>           66%]
[Progress:===================>          65%] [Cov:======================>            64%]
[Progress:===================>          65%] [Cov:=======================>           66%]
[Progress:===================>          66%] [Cov:=====================>             61%]
[Progress:===================>          66%] [Cov:=======================>           66%]
[Progress:===================>          66%] [Cov:======================>            64%]
[Progress:===================>          66%] [Cov:======================>            65%]
[Progress:===================>          66%] [Cov:=======================>           66%]
[Progress:===================>          66%] [Cov:======================>            64%]
[Progress:===================>          66%] [Cov:=======================>           66%]
[Progress:===================>          66%] [Cov:======================>            64%]
[Progress:===================>          66%] [Cov:=======================>           66%]
[Progress:===================>          66%] [Cov:======================>            64%]
[Progress:===================>          66%] [Cov:======================>            65%]
[Progress:===================>          66%] [Cov:=======================>           66%]
[Progress:===================>          66%] [Cov:======================>            64%]
[Progress:===================>          66%] [Cov:=======================>           66%]
[Progress:===================>          66%] [Cov:======================>            64%]
[Progress:===================>          66%] [Cov:=======================>           66%]
[Progress:===================>          66%] [Cov:======================>            64%]
[Progress:===================>          66%] [Cov:=======================>           66%]
[Progress:===================>          66%] [Cov:======================>            64%]
[Progress:===================>          66%] [Cov:=======================>           66%]
[Progress:===================>          66%] [Cov:======================>            64%]
[Progress:===================>          66%] [Cov:=======================>           66%]
[Progress:===================>          66%] [Cov:======================>            64%]
[Progress:===================>          66%] [Cov:=======================>           66%]
[Progress:===================>          66%] [Cov:======================>            64%]
[Progress:===================>          66%] [Cov:=======================>           66%]
[Progress:====================>         68%] [Cov:======================>            65%]
[Progress:====================>         68%] [Cov:=======================>           66%]
[Progress:====================>         68%] [Cov:======================>            64%]
[Progress:====================>         68%] [Cov:=======================>           66%]
[Progress:====================>         68%] [Cov:======================>            64%]
[Progress:====================>         68%] [Cov:=======================>           66%]
[Progress:====================>         68%] [Cov:======================>            64%]
[Progress:====================>         68%] [Cov:=======================>           66%]
[Progress:====================>         68%] [Cov:======================>            64%]
[Progress:====================>         68%] [Cov:=======================>           66%]
[Progress:====================>         68%] [Cov:======================>            64%]
[Progress:====================>         68%] [Cov:=======================>           66%]
[Progress:====================>         68%] [Cov:======================>            64%]
[Progress:====================>         68%] [Cov:======================>            65%]
[Progress:====================>         68%] [Cov:=======================>           66%]
[Progress:====================>         68%] [Cov:======================>            64%]
[Progress:====================>         68%] [Cov:======================>            65%]
[Progress:====================>         68%] [Cov:=======================>           66%]
[Progress:====================>         68%] [Cov:======================>            64%]
[Progress:====================>         68%] [Cov:=======================>           66%]
[Progress:====================>         68%] [Cov:======================>            64%]
[Progress:====================>         68%] [Cov:=======================>           66%]
[Progress:====================>         68%] [Cov:======================>            64%]
[Progress:====================>         68%] [Cov:=======================>           66%]
[Progress:====================>         68%] [Cov:======================>            64%]
[Progress:====================>         68%] [Cov:=======================>           66%]
[Progress:====================>         68%] [Cov:======================>            64%]
[Progress:====================>         68%] [Cov:=======================>           66%]
[Progress:=====================>        70%] [Cov:=======================>           66%]
[Progress:=====================>        70%] [Cov:======================>            64%]
[Progress:=====================>        70%] [Cov:=======================>           66%]
[Progress:=====================>        70%] [Cov:======================>            64%]
[Progress:=====================>        70%] [Cov:=======================>           66%]
[Progress:=====================>        70%] [Cov:======================>            64%]
[Progress:=====================>        70%] [Cov:======================>            65%]
[Progress:=====================>        70%] [Cov:=======================>           66%]
[Progress:=====================>        70%] [Cov:======================>            64%]
[Progress:=====================>        70%] [Cov:=======================>           66%]
[Progress:=====================>        70%] [Cov:======================>            64%]
[Progress:=====================>        70%] [Cov:=======================>           66%]
[Progress:=====================>        70%] [Cov:======================>            64%]
[Progress:=====================>        70%] [Cov:=======================>           66%]
[Progress:=====================>        70%] [Cov:======================>            64%]
[Progress:=====================>        70%] [Cov:=======================>           66%]
[Progress:=====================>        70%] [Cov:======================>            64%]
[Progress:=====================>        70%] [Cov:=======================>           66%]
[Progress:=====================>        70%] [Cov:======================>            64%]
[Progress:=====================>        70%] [Cov:=======================>           66%]
[Progress:=====================>        70%] [Cov:======================>            64%]
[Progress:=====================>        70%] [Cov:=======================>           66%]
[Progress:=====================>        70%] [Cov:======================>            64%]
[Progress:=====================>        70%] [Cov:=======================>           66%]
[Progress:=====================>        70%] [Cov:======================>            64%]
[Progress:=====================>        70%] [Cov:=======================>           66%]
[Progress:=====================>        71%] [Cov:=======================>           66%]
[Progress:=====================>        71%] [Cov:======================>            64%]
[Progress:=====================>        71%] [Cov:=======================>           66%]
[Progress:=====================>        71%] [Cov:======================>            64%]
[Progress:=====================>        71%] [Cov:=======================>           66%]
[Progress:=====================>        71%] [Cov:======================>            64%]
[Progress:=====================>        71%] [Cov:=======================>           66%]
[Progress:=====================>        71%] [Cov:======================>            64%]
[Progress:=====================>        71%] [Cov:=======================>           66%]
[Progress:=====================>        71%] [Cov:======================>            64%]
[Progress:=====================>        71%] [Cov:=======================>           66%]
[Progress:=====================>        71%] [Cov:======================>            64%]
[Progress:=====================>        71%] [Cov:=======================>           66%]
[Progress:=====================>        71%] [Cov:======================>            64%]
[Progress:=====================>        71%] [Cov:=======================>           66%]
[Progress:=====================>        71%] [Cov:======================>            64%]
[Progress:=====================>        71%] [Cov:=======================>           66%]
[Progress:=====================>        71%] [Cov:======================>            64%]
[Progress:=====================>        71%] [Cov:=======================>           66%]
[Progress:=====================>        71%] [Cov:======================>            64%]
[Progress:=====================>        71%] [Cov:=======================>           66%]
[Progress:=====================>        71%] [Cov:======================>            64%]
[Progress:=====================>        71%] [Cov:=======================>           66%]
[Progress:=====================>        73%] [Cov:=======================>           66%]
[Progress:=====================>        73%] [Cov:======================>            64%]
[Progress:=====================>        73%] [Cov:=======================>           66%]
[Progress:=====================>        73%] [Cov:======================>            64%]
[Progress:=====================>        73%] [Cov:=======================>           66%]
[Progress:=====================>        73%] [Cov:======================>            64%]
[Progress:=====================>        73%] [Cov:=======================>           66%]
[Progress:=====================>        73%] [Cov:======================>            64%]
[Progress:=====================>        73%] [Cov:======================>            65%]
[Progress:=====================>        73%] [Cov:=======================>           66%]
[Progress:=====================>        73%] [Cov:======================>            64%]
[Progress:=====================>        73%] [Cov:=======================>           66%]
[Progress:=====================>        73%] [Cov:======================>            64%]
[Progress:=====================>        73%] [Cov:=======================>           66%]
[Progress:=====================>        73%] [Cov:======================>            64%]
[Progress:=====================>        73%] [Cov:=======================>           66%]
[Progress:=====================>        73%] [Cov:======================>            64%]
[Progress:=====================>        73%] [Cov:=======================>           66%]
[Progress:=====================>        73%] [Cov:======================>            64%]
[Progress:=====================>        73%] [Cov:=======================>           66%]
[Progress:=====================>        73%] [Cov:======================>            64%]
[Progress:=====================>        73%] [Cov:======================>            65%]
[Progress:=====================>        73%] [Cov:=======================>           66%]
[Progress:=====================>        73%] [Cov:======================>            64%]
[Progress:=====================>        73%] [Cov:=======================>           66%]
[Progress:======================>       75%] [Cov:======================>            64%]
[Progress:======================>       75%] [Cov:=======================>           66%]
[Progress:======================>       75%] [Cov:======================>            64%]
[Progress:======================>       75%] [Cov:=======================>           66%]
[Progress:======================>       75%] [Cov:======================>            64%]
[Progress:======================>       75%] [Cov:=======================>           66%]
[Progress:======================>       75%] [Cov:======================>            64%]
[Progress:======================>       75%] [Cov:=======================>           66%]
[Progress:======================>       75%] [Cov:======================>            64%]
[Progress:======================>       75%] [Cov:=======================>           66%]
[Progress:======================>       75%] [Cov:======================>            64%]
[Progress:======================>       75%] [Cov:=======================>           66%]
[Progress:======================>       75%] [Cov:======================>            64%]
[Progress:======================>       75%] [Cov:=======================>           66%]
[Progress:======================>       75%] [Cov:======================>            64%]
[Progress:======================>       75%] [Cov:=======================>           66%]
[Progress:======================>       75%] [Cov:======================>            64%]
[Progress:======================>       75%] [Cov:=======================>           66%]
[Progress:======================>       75%] [Cov:======================>            64%]
[Progress:======================>       75%] [Cov:=======================>           66%]
[Progress:======================>       75%] [Cov:======================>            64%]
[Progress:======================>       75%] [Cov:=======================>           66%]
[Progress:======================>       75%] [Cov:======================>            64%]
[Progress:======================>       75%] [Cov:=======================>           66%]
[Progress:======================>       76%] [Cov:=======================>           66%]
[Progress:======================>       76%] [Cov:======================>            64%]
[Progress:======================>       76%] [Cov:=======================>           66%]
[Progress:======================>       76%] [Cov:======================>            64%]
[Progress:======================>       76%] [Cov:=======================>           66%]
[Progress:======================>       76%] [Cov:======================>            64%]
[Progress:======================>       76%] [Cov:=======================>           66%]
[Progress:======================>       76%] [Cov:======================>            64%]
[Progress:======================>       76%] [Cov:=======================>           66%]
[Progress:======================>       76%] [Cov:======================>            64%]
[Progress:======================>       76%] [Cov:=======================>           66%]
[Progress:======================>       76%] [Cov:======================>            64%]
[Progress:======================>       76%] [Cov:=======================>           66%]
[Progress:======================>       76%] [Cov:======================>            64%]
[Progress:======================>       76%] [Cov:=======================>           66%]
[Progress:======================>       76%] [Cov:======================>            64%]
[Progress:======================>       76%] [Cov:=======================>           66%]
[Progress:======================>       76%] [Cov:======================>            64%]
[Progress:======================>       76%] [Cov:=======================>           66%]
[Progress:======================>       76%] [Cov:======================>            64%]
[Progress:======================>       76%] [Cov:=======================>           66%]
[Progress:=======================>      78%] [Cov:=======================>           66%]
[Progress:=======================>      78%] [Cov:======================>            64%]
[Progress:=======================>      78%] [Cov:=======================>           66%]
[Progress:=======================>      78%] [Cov:======================>            64%]
[Progress:=======================>      78%] [Cov:=======================>           66%]
[Progress:=======================>      78%] [Cov:======================>            64%]
[Progress:=======================>      78%] [Cov:=======================>           66%]
[Progress:=======================>      78%] [Cov:======================>            64%]
[Progress:=======================>      78%] [Cov:=======================>           66%]
[Progress:=======================>      78%] [Cov:======================>            64%]
[Progress:=======================>      78%] [Cov:=======================>           66%]
[Progress:=======================>      78%] [Cov:======================>            64%]
[Progress:=======================>      78%] [Cov:=======================>           66%]
[Progress:=======================>      78%] [Cov:======================>            64%]
[Progress:=======================>      78%] [Cov:=======================>           66%]
[Progress:=======================>      78%] [Cov:======================>            64%]
[Progress:=======================>      78%] [Cov:=======================>           66%]
[Progress:========================>     80%] [Cov:======================>            65%]
[Progress:========================>     80%] [Cov:=======================>           66%]
[Progress:========================>     80%] [Cov:======================>            64%]
[Progress:========================>     80%] [Cov:=======================>           66%]
[Progress:========================>     80%] [Cov:======================>            64%]
[Progress:========================>     80%] [Cov:=======================>           66%]
[Progress:========================>     80%] [Cov:======================>            64%]
[Progress:========================>     80%] [Cov:=======================>           66%]
[Progress:========================>     80%] [Cov:======================>            64%]
[Progress:========================>     80%] [Cov:=======================>           66%]
[Progress:========================>     80%] [Cov:======================>            64%]
[Progress:========================>     80%] [Cov:=======================>           66%]
[Progress:========================>     80%] [Cov:======================>            64%]
[Progress:========================>     80%] [Cov:======================>            65%]
[Progress:========================>     80%] [Cov:=======================>           66%]
[Progress:========================>     81%] [Cov:=======================>           66%]
[Progress:========================>     81%] [Cov:======================>            64%]
[Progress:========================>     81%] [Cov:=======================>           66%]
[Progress:========================>     81%] [Cov:======================>            64%]
[Progress:========================>     81%] [Cov:=======================>           66%]
[Progress:========================>     81%] [Cov:======================>            64%]
[Progress:========================>     81%] [Cov:=======================>           66%]
[Progress:========================>     81%] [Cov:======================>            64%]
[Progress:========================>     81%] [Cov:=======================>           66%]
[Progress:========================>     81%] [Cov:======================>            64%]
[Progress:========================>     81%] [Cov:=======================>           66%]
[Progress:========================>     81%] [Cov:======================>            64%]
[Progress:========================>     81%] [Cov:=======================>           66%]
[Progress:========================>     81%] [Cov:======================>            64%]
[Progress:========================>     81%] [Cov:=======================>           66%]
[Progress:========================>     81%] [Cov:======================>            64%]
[Progress:========================>     81%] [Cov:=======================>           66%]
[Progress:========================>     81%] [Cov:======================>            64%]
[Progress:========================>     81%] [Cov:=======================>           66%]
[Progress:========================>     83%] [Cov:=======================>           66%]
[Progress:========================>     83%] [Cov:======================>            64%]
[Progress:========================>     83%] [Cov:=======================>           66%]
[Progress:========================>     83%] [Cov:======================>            64%]
[Progress:========================>     83%] [Cov:=======================>           66%]
[Progress:========================>     83%] [Cov:======================>            64%]
[Progress:========================>     83%] [Cov:=======================>           66%]
[Progress:========================>     83%] [Cov:======================>            64%]
[Progress:========================>     83%] [Cov:======================>            65%]
[Progress:========================>     83%] [Cov:=======================>           66%]
[Progress:========================>     83%] [Cov:======================>            64%]
[Progress:========================>     83%] [Cov:=======================>           66%]
[Progress:========================>     83%] [Cov:======================>            64%]
[Progress:========================>     83%] [Cov:=======================>           66%]
[Progress:========================>     83%] [Cov:======================>            64%]
[Progress:========================>     83%] [Cov:=======================>           66%]
[Progress:=========================>    85%] [Cov:=======================>           66%]
[Progress:=========================>    85%] [Cov:======================>            64%]
[Progress:=========================>    85%] [Cov:=======================>           66%]
[Progress:=========================>    85%] [Cov:======================>            64%]
[Progress:=========================>    85%] [Cov:=======================>           66%]
[Progress:=========================>    85%] [Cov:======================>            64%]
[Progress:=========================>    85%] [Cov:=======================>           66%]
[Progress:=========================>    85%] [Cov:======================>            64%]
[Progress:=========================>    85%] [Cov:=======================>           66%]
[Progress:=========================>    85%] [Cov:======================>            64%]
[Progress:=========================>    85%] [Cov:=======================>           66%]
[Progress:=========================>    85%] [Cov:======================>            64%]
[Progress:=========================>    85%] [Cov:=======================>           66%]
[Progress:=========================>    85%] [Cov:======================>            64%]
[Progress:=========================>    85%] [Cov:=======================>           66%]
[Progress:=========================>    85%] [Cov:======================>            64%]
[Progress:=========================>    85%] [Cov:=======================>           66%]
[Progress:=========================>    86%] [Cov:====================>              58%]
[Progress:=========================>    86%] [Cov:=======================>           66%]
[Progress:=========================>    86%] [Cov:======================>            64%]
[Progress:=========================>    86%] [Cov:=======================>           66%]
[Progress:=========================>    86%] [Cov:======================>            64%]
[Progress:=========================>    86%] [Cov:=======================>           66%]
[Progress:=========================>    86%] [Cov:======================>            64%]
[Progress:=========================>    86%] [Cov:=======================>           66%]
[Progress:=========================>    86%] [Cov:======================>            64%]
[Progress:=========================>    86%] [Cov:=======================>           66%]
[Progress:=========================>    86%] [Cov:======================>            64%]
[Progress:=========================>    86%] [Cov:=======================>           66%]
[Progress:=========================>    86%] [Cov:======================>            64%]
[Progress:=========================>    86%] [Cov:=======================>           66%]
[Progress:=========================>    86%] [Cov:======================>            64%]
[Progress:=========================>    86%] [Cov:=======================>           66%]
[Progress:=========================>    86%] [Cov:======================>            64%]
[Progress:=========================>    86%] [Cov:=======================>           66%]
[Progress:=========================>    86%] [Cov:======================>            64%]
[Progress:=========================>    86%] [Cov:=======================>           66%]
[Progress:==========================>   88%] [Cov:=====================>             62%]
[Progress:==========================>   88%] [Cov:=======================>           66%]
[Progress:==========================>   88%] [Cov:======================>            64%]
[Progress:==========================>   88%] [Cov:=======================>           66%]
[Progress:==========================>   88%] [Cov:======================>            64%]
[Progress:==========================>   88%] [Cov:=======================>           66%]
[Progress:==========================>   88%] [Cov:======================>            64%]
[Progress:==========================>   88%] [Cov:=======================>           66%]
[Progress:==========================>   88%] [Cov:======================>            64%]
[Progress:==========================>   88%] [Cov:======================>            65%]
[Progress:==========================>   88%] [Cov:=======================>           66%]
[Progress:==========================>   88%] [Cov:======================>            64%]
[Progress:==========================>   88%] [Cov:=======================>           66%]
[Progress:==========================>   88%] [Cov:======================>            64%]
[Progress:==========================>   88%] [Cov:=======================>           66%]
[Progress:==========================>   88%] [Cov:======================>            64%]
[Progress:==========================>   88%] [Cov:=======================>           66%]
[Progress:==========================>   88%] [Cov:======================>            64%]
[Progress:==========================>   88%] [Cov:=======================>           66%]
[Progress:==========================>   88%] [Cov:======================>            64%]
[Progress:==========================>   88%] [Cov:=======================>           66%]
[Progress:===========================>  90%] [Cov:======================>            64%]
[Progress:===========================>  90%] [Cov:=======================>           66%]
[Progress:===========================>  90%] [Cov:======================>            64%]
[Progress:===========================>  90%] [Cov:=======================>           66%]
[Progress:===========================>  90%] [Cov:======================>            64%]
[Progress:===========================>  90%] [Cov:=======================>           66%]
[Progress:===========================>  90%] [Cov:======================>            64%]
[Progress:===========================>  90%] [Cov:=======================>           66%]
[Progress:===========================>  90%] [Cov:======================>            64%]
[Progress:===========================>  90%] [Cov:=======================>           66%]
[Progress:===========================>  90%] [Cov:======================>            64%]
[Progress:===========================>  90%] [Cov:=======================>           66%]
[Progress:===========================>  90%] [Cov:======================>            64%]
[Progress:===========================>  90%] [Cov:=======================>           66%]
[Progress:===========================>  90%] [Cov:======================>            64%]
[Progress:===========================>  90%] [Cov:=======================>           66%]
[Progress:===========================>  90%] [Cov:======================>            64%]
[Progress:===========================>  90%] [Cov:=======================>           66%]
[Progress:===========================>  90%] [Cov:======================>            64%]
[Progress:===========================>  90%] [Cov:=======================>           66%]
[Progress:===========================>  90%] [Cov:======================>            64%]
[Progress:===========================>  90%] [Cov:=======================>           66%]
[Progress:===========================>  90%] [Cov:======================>            64%]
[Progress:===========================>  90%] [Cov:=======================>           66%]
[Progress:===========================>  91%] [Cov:=======================>           66%]
[Progress:===========================>  91%] [Cov:======================>            64%]
[Progress:===========================>  91%] [Cov:=======================>           66%]
[Progress:===========================>  91%] [Cov:======================>            64%]
[Progress:===========================>  91%] [Cov:=======================>           66%]
[Progress:===========================>  91%] [Cov:======================>            64%]
[Progress:===========================>  91%] [Cov:=======================>           66%]
[Progress:===========================>  91%] [Cov:======================>            64%]
[Progress:===========================>  91%] [Cov:=======================>           66%]
[Progress:===========================>  91%] [Cov:======================>            64%]
[Progress:===========================>  91%] [Cov:=======================>           66%]
[Progress:===========================>  91%] [Cov:======================>            64%]
[Progress:===========================>  91%] [Cov:=======================>           66%]
[Progress:===========================>  91%] [Cov:======================>            64%]
[Progress:===========================>  91%] [Cov:=======================>           66%]
[Progress:===========================>  91%] [Cov:======================>            64%]
[Progress:===========================>  91%] [Cov:=======================>           66%]
[Progress:===========================>  91%] [Cov:======================>            64%]
[Progress:===========================>  91%] [Cov:=======================>           66%]
[Progress:===========================>  91%] [Cov:======================>            64%]
[Progress:===========================>  91%] [Cov:=======================>           66%]
[Progress:===========================>  93%] [Cov:=====================>             62%]
[Progress:===========================>  93%] [Cov:=======================>           66%]
[Progress:===========================>  93%] [Cov:======================>            64%]
[Progress:===========================>  93%] [Cov:=======================>           66%]
[Progress:===========================>  93%] [Cov:======================>            64%]
[Progress:===========================>  93%] [Cov:=======================>           66%]
[Progress:===========================>  93%] [Cov:======================>            64%]
[Progress:===========================>  93%] [Cov:=======================>           66%]
[Progress:===========================>  93%] [Cov:======================>            64%]
[Progress:===========================>  93%] [Cov:=======================>           66%]
[Progress:===========================>  93%] [Cov:======================>            64%]
[Progress:===========================>  93%] [Cov:======================>            65%]
[Progress:===========================>  93%] [Cov:=======================>           66%]
[Progress:===========================>  93%] [Cov:======================>            64%]
[Progress:===========================>  93%] [Cov:=======================>           66%]
[Progress:===========================>  93%] [Cov:======================>            64%]
[Progress:===========================>  93%] [Cov:=======================>           66%]
[Progress:===========================>  93%] [Cov:======================>            64%]
[Progress:===========================>  93%] [Cov:=======================>           66%]
[Progress:===========================>  93%] [Cov:======================>            64%]
[Progress:===========================>  93%] [Cov:=======================>           66%]
[Progress:============================> 95%] [Cov:=======================>           66%]
[Progress:============================> 95%] [Cov:======================>            64%]
[Progress:============================> 95%] [Cov:=======================>           66%]
[Progress:============================> 95%] [Cov:======================>            64%]
[Progress:============================> 95%] [Cov:=======================>           66%]
[Progress:============================> 95%] [Cov:======================>            64%]
[Progress:============================> 95%] [Cov:======================>            65%]
[Progress:============================> 95%] [Cov:=======================>           66%]
[Progress:============================> 95%] [Cov:======================>            64%]
[Progress:============================> 95%] [Cov:=======================>           66%]
[Progress:============================> 95%] [Cov:======================>            64%]
[Progress:============================> 95%] [Cov:=======================>           66%]
[Progress:============================> 96%] [Cov:=======================>           66%]
[Progress:============================> 96%] [Cov:======================>            64%]
[Progress:============================> 96%] [Cov:=======================>           66%]
[Progress:============================> 96%] [Cov:======================>            64%]
[Progress:============================> 96%] [Cov:=======================>           66%]
[Progress:============================> 96%] [Cov:======================>            64%]
[Progress:============================> 96%] [Cov:=======================>           66%]
[Progress:============================> 96%] [Cov:======================>            64%]
[Progress:============================> 96%] [Cov:======================>            65%]
[Progress:============================> 96%] [Cov:=======================>           66%]
[Progress:============================> 96%] [Cov:======================>            64%]
[Progress:============================> 96%] [Cov:=======================>           66%]
[Progress:============================> 96%] [Cov:======================>            64%]
[Progress:============================> 96%] [Cov:=======================>           66%]
[Progress:============================> 96%] [Cov:======================>            64%]
[Progress:============================> 96%] [Cov:=======================>           66%]
[Progress:============================> 96%] [Cov:======================>            64%]
[Progress:============================> 96%] [Cov:=======================>           66%]
[Progress:=============================>98%] [Cov:=======================>           66%]
[Progress:=============================>98%] [Cov:======================>            64%]
[Progress:=============================>98%] [Cov:=======================>           66%]
[Progress:=============================>98%] [Cov:======================>            64%]
[Progress:=============================>98%] [Cov:=======================>           66%]
[Progress:=============================>98%] [Cov:======================>            64%]
[Progress:=============================>98%] [Cov:=======================>           66%]
[Progress:=============================>98%] [Cov:======================>            64%]
[Progress:=============================>98%] [Cov:=======================>           66%]
[Progress:=============================>98%] [Cov:======================>            64%]
[Progress:=============================>98%] [Cov:=======================>           66%]
[Progress:=============================>98%] [Cov:======================>            64%]
[Progress:=============================>98%] [Cov:=======================>           66%]
[Progress:=============================>98%] [Cov:======================>            64%]
[Progress:=============================>98%] [Cov:=======================>           66%]
[Progress:==============================100%] [Cov:=======================>           66%]
[Progress:==============================100%] [Cov:======================>            64%]
[Progress:==============================100%] [Cov:=======================>           66%]
[Progress:==============================100%] [Cov:======================>            64%]
[Progress:==============================100%] [Cov:=======================>           66%]
[Progress:==============================100%] [Cov:======================>            64%]
[Progress:==============================100%] [Cov:======================>            65%]
[Progress:==============================100%] [Cov:=======================>           66%]
[Progress:==============================100%] [Cov:======================>            64%]
[Progress:==============================100%] [Cov:=======================>           66%]
[Progress:==============================100%] [Cov:======================>            64%]
[Progress:==============================100%] [Cov:=======================>           66%]
[Progress:==============================100%] [Cov:======================>            64%]
[Progress:==============================100%] [Cov:=======================>           66%]
[Progress:==============================100%] [Cov:======================>            64%]
[Progress:==============================100%] [Cov:=======================>           66%]
[Progress:==============================100%] [Cov:======================>            64%]
[Progress:==============================100%] [Cov:=======================>           66%]
[Progress:==============================100%] [Cov:=======================>           66%]
[Progress:==============================100%] [Cov:======================>            64%]
* Search finished after 61s and 445 generations, 149212 statements, best individual has fitness: 111.94444444444444
* Minimizing test suite
* Going to analyze the coverage criteria
* Coverage analysis for criterion LINE
* Coverage of criterion LINE: 41%
* Total number of goals: 29
* Number of covered goals: 12
* Coverage analysis for criterion BRANCH
* Coverage of criterion BRANCH: 53%
* Total number of goals: 17
* Number of covered goals: 9
* Coverage analysis for criterion EXCEPTION
* Coverage of criterion EXCEPTION: 0%
* Total number of goals: 3
* Number of covered goals: 0
* Coverage analysis for criterion WEAKMUTATION
* Coverage of criterion WEAKMUTATION: 15%
* Total number of goals: 78
* Number of covered goals: 12
* Coverage analysis for criterion OUTPUT
* Coverage of criterion OUTPUT: 67%
* Total number of goals: 6
* Number of covered goals: 4
* Coverage analysis for criterion METHOD
* Coverage of criterion METHOD: 100%
* Total number of goals: 6
* Number of covered goals: 6
* Coverage analysis for criterion METHODNOEXCEPTION
* Coverage of criterion METHODNOEXCEPTION: 100%
* Total number of goals: 6
* Number of covered goals: 6
* Coverage analysis for criterion CBRANCH
* Coverage of criterion CBRANCH: 53%
* Total number of goals: 17
* Number of covered goals: 9
* Generated 6 tests with total length 14
* Resulting test suite's coverage: 65% (average coverage for all fitness functions)
* Generating assertions
* Resulting test suite's mutation score: 10%
* Compiling and checking tests
* Writing tests to file
* Writing JUnit test case 'ShapeList_ESTest' to evosuite-tests
* Done!

* Computation finished

