CMD: /usr/lib/jvm/java-8-openjdk-amd64/bin/java -Dtools_jar_location=/usr/lib/jvm/java-8-openjdk-amd64/lib/tools.jar -jar /home/user/evosuite/evosuite-1.2.0.jar -generateSuite -class org.apache.commons.math.optimization.direct.MultiDirectional -projectCP /home/user/evosuite/Test/Math-84b/target/classes -base_dir /home/user/evosuite/results/project-Math/Math-84/round02/evosuite-work -seed 11 -Dalgorithm=NSGAII -Dsearch_budget=150 -Dtest_format=JUNIT4 -Dassertions=true

* EvoSuite 1.2.0
* Going to generate test cases for class: org.apache.commons.math.optimization.direct.MultiDirectional
* Starting Client-0
* Connecting to master process on port 8220
* Analyzing classpath: 
  - /home/user/evosuite/Test/Math-84b/target/classes
* Finished analyzing classpath
* Generating tests for class org.apache.commons.math.optimization.direct.MultiDirectional
* Test criteria:
  - Line Coverage
  - Branch Coverage
  - Exception
  - Mutation testing (weak)
  - Method-Output Coverage
  - Top-Level Method Coverage
  - No-Exception Top-Level Method Coverage
  - Context Branch Coverage
* Setting up search algorithm for whole suite generation
* Total number of test goals: 
  - Line 34
  - Branch 12
  - Exception 0
  - MutationFactory 149
  - Output 0
  - Method 3
  - MethodNoException 3
  - CBranchFitnessFactory 12

[Progress:>                             0%] [Cov:>                                  0%]* Using seed 11
* Starting evolution

[Progress:>                             0%] [Cov:>                                  0%]
[Progress:>                             0%] [Cov:=>                                 4%]
[Progress:>                             0%] [Cov:==>                                6%]
[Progress:>                             0%] [Cov:======>                            18%]
[Progress:>                             0%] [Cov:======>                            19%]
[Progress:>                             0%] [Cov:==========>                        30%]
[Progress:>                             0%] [Cov:==============>                    41%]
[Progress:>                             0%] [Cov:=================>                 49%]
[Progress:>                             0%] [Cov:=================>                 50%]
[Progress:>                             0%] [Cov:===================>               55%]
[Progress:>                             0%] [Cov:===================>               57%]
[Progress:>                             1%] [Cov:=>                                 4%]
[Progress:>                             1%] [Cov:==>                                6%]
[Progress:>                             1%] [Cov:======>                            18%]
[Progress:>                             1%] [Cov:======>                            19%]
[Progress:>                             1%] [Cov:==========>                        30%]
[Progress:>                             1%] [Cov:==============>                    41%]
[Progress:>                             1%] [Cov:=================>                 49%]
[Progress:>                             1%] [Cov:=================>                 50%]
[Progress:>                             1%] [Cov:===================>               57%]
[Progress:>                             2%] [Cov:===================>               56%]
[Progress:>                             2%] [Cov:=====================>             62%]
[Progress:>                             2%] [Cov:==========================>        76%]
[Progress:>                             2%] [Cov:============================>      82%]
[Progress:>                             2%] [Cov:============================>      82%]
[Progress:>                             2%] [Cov:============================>      82%]
[Progress:>                             3%] [Cov:=================>                 50%]
[Progress:>                             3%] [Cov:============================>      82%]
[Progress:=>                            4%] [Cov:=====================>             62%]
[Progress:=>                            4%] [Cov:============================>      82%]
[Progress:=>                            4%] [Cov:============================>      82%]
[Progress:=>                            4%] [Cov:============================>      82%]
[Progress:=>                            5%] [Cov:=======================>           68%]
[Progress:=>                            5%] [Cov:===========================>       79%]
[Progress:=>                            5%] [Cov:============================>      82%]
[Progress:=>                            5%] [Cov:============================>      82%]
[Progress:=>                            6%] [Cov:===================>               56%]
[Progress:=>                            6%] [Cov:============================>      82%]
[Progress:=>                            6%] [Cov:============================>      82%]
[Progress:=>                            6%] [Cov:============================>      82%]
[Progress:=>                            6%] [Cov:============================>      82%]
[Progress:=>                            6%] [Cov:============================>      82%]
[Progress:==>                           7%] [Cov:============================>      82%]
[Progress:==>                           7%] [Cov:============================>      82%]
[Progress:==>                           7%] [Cov:============================>      82%]
[Progress:==>                           8%] [Cov:============================>      82%]
[Progress:==>                           8%] [Cov:============================>      82%]
[Progress:==>                           8%] [Cov:============================>      82%]
[Progress:==>                           8%] [Cov:============================>      82%]
[Progress:==>                           8%] [Cov:============================>      82%]
[Progress:==>                           8%] [Cov:============================>      82%]
[Progress:==>                           9%] [Cov:============================>      82%]
[Progress:==>                           9%] [Cov:============================>      82%]
[Progress:==>                           9%] [Cov:============================>      82%]
[Progress:==>                           9%] [Cov:============================>      82%]
[Progress:==>                           9%] [Cov:============================>      82%]
[Progress:===>                          10%] [Cov:============================>      82%]
[Progress:===>                          10%] [Cov:============================>      82%]
[Progress:===>                          10%] [Cov:============================>      82%]
[Progress:===>                          10%] [Cov:============================>      82%]
[Progress:===>                          10%] [Cov:============================>      82%]
[Progress:===>                          10%] [Cov:============================>      82%]
[Progress:===>                          10%] [Cov:============================>      82%]
[Progress:===>                          11%] [Cov:============================>      82%]
[Progress:===>                          11%] [Cov:============================>      82%]
[Progress:===>                          11%] [Cov:============================>      82%]
[Progress:===>                          12%] [Cov:============================>      82%]
[Progress:===>                          12%] [Cov:============================>      82%]
[Progress:===>                          12%] [Cov:============================>      82%]
[Progress:===>                          12%] [Cov:============================>      82%]
[Progress:===>                          12%] [Cov:============================>      82%]
[Progress:===>                          12%] [Cov:============================>      82%]
[Progress:===>                          12%] [Cov:============================>      82%]
[Progress:===>                          13%] [Cov:============================>      82%]
[Progress:===>                          13%] [Cov:============================>      82%]
[Progress:===>                          13%] [Cov:============================>      82%]
[Progress:===>                          13%] [Cov:=============================>     83%]
[Progress:===>                          13%] [Cov:=============================>     85%]
[Progress:===>                          13%] [Cov:==============================>    87%]
[Progress:===>                          13%] [Cov:===============================>   89%]
[Progress:====>                         14%] [Cov:============================>      82%]
[Progress:====>                         14%] [Cov:===============================>   89%]
[Progress:====>                         14%] [Cov:===============================>   89%]
[Progress:====>                         15%] [Cov:===============================>   89%]
[Progress:====>                         16%] [Cov:===============================>   89%]
[Progress:====>                         16%] [Cov:===============================>   89%]
[Progress:=====>                        17%] [Cov:===============================>   89%]
[Progress:=====>                        17%] [Cov:===============================>   89%]
[Progress:=====>                        18%] [Cov:==============================>    87%]
[Progress:=====>                        18%] [Cov:===============================>   89%]
[Progress:=====>                        19%] [Cov:===============================>   89%]
[Progress:======>                       20%] [Cov:===============================>   89%]
[Progress:======>                       20%] [Cov:===============================>   89%]
[Progress:======>                       21%] [Cov:===============================>   89%]
[Progress:======>                       22%] [Cov:===============================>   89%]
[Progress:======>                       23%] [Cov:===============================>   89%]
[Progress:=======>                      24%] [Cov:===============================>   89%]
[Progress:=======>                      25%] [Cov:===============================>   89%]
[Progress:=======>                      26%] [Cov:===============================>   89%]
[Progress:=======>                      26%] [Cov:===============================>   89%]
[Progress:========>                     27%] [Cov:========================>          70%]
[Progress:========>                     27%] [Cov:===============================>   89%]
[Progress:========>                     28%] [Cov:===============================>   89%]
[Progress:========>                     29%] [Cov:===============================>   89%]
[Progress:=========>                    30%] [Cov:==============================>    88%]
[Progress:=========>                    30%] [Cov:===============================>   89%]
[Progress:=========>                    31%] [Cov:===============================>   89%]
[Progress:=========>                    31%] [Cov:===============================>   89%]
[Progress:=========>                    32%] [Cov:===============================>   89%]
[Progress:=========>                    33%] [Cov:==============================>    86%]
[Progress:=========>                    33%] [Cov:===============================>   89%]
[Progress:==========>                   34%] [Cov:==============================>    86%]
[Progress:==========>                   34%] [Cov:===============================>   89%]
[Progress:==========>                   35%] [Cov:===============================>   89%]
[Progress:==========>                   36%] [Cov:===============================>   89%]
[Progress:==========>                   36%] [Cov:===============================>   89%]
[Progress:===========>                  37%] [Cov:===============================>   89%]
[Progress:===========>                  38%] [Cov:===============================>   89%]
[Progress:===========>                  39%] [Cov:==============================>    88%]
[Progress:===========>                  39%] [Cov:===============================>   89%]
[Progress:============>                 40%] [Cov:===============================>   89%]
[Progress:============>                 41%] [Cov:===============================>   89%]
[Progress:============>                 42%] [Cov:===============================>   89%]
[Progress:============>                 42%] [Cov:===============================>   89%]
[Progress:============>                 43%] [Cov:========================>          70%]
[Progress:============>                 43%] [Cov:==============================>    88%]
[Progress:============>                 43%] [Cov:===============================>   89%]
[Progress:=============>                44%] [Cov:===============================>   89%]
[Progress:=============>                45%] [Cov:===============================>   89%]
[Progress:=============>                46%] [Cov:===============================>   89%]
[Progress:==============>               47%] [Cov:===============================>   89%]
[Progress:==============>               47%] [Cov:===============================>   89%]
[Progress:==============>               48%] [Cov:==============================>    88%]
[Progress:==============>               48%] [Cov:===============================>   89%]
[Progress:==============>               49%] [Cov:===============================>   89%]
[Progress:===============>              50%] [Cov:==============================>    88%]
[Progress:===============>              50%] [Cov:===============================>   89%]
[Progress:===============>              51%] [Cov:========================>          69%]
[Progress:===============>              51%] [Cov:=============================>     84%]
[Progress:===============>              51%] [Cov:===============================>   89%]
[Progress:===============>              52%] [Cov:===============================>   89%]
[Progress:===============>              53%] [Cov:===============================>   89%]
[Progress:===============>              53%] [Cov:===============================>   89%]
[Progress:================>             54%] [Cov:===============================>   89%]
[Progress:================>             55%] [Cov:==============================>    88%]
[Progress:================>             55%] [Cov:===============================>   89%]
[Progress:================>             56%] [Cov:===============================>   89%]
[Progress:=================>            57%] [Cov:==============================>    88%]
[Progress:=================>            57%] [Cov:===============================>   89%]
[Progress:=================>            58%] [Cov:==============================>    88%]
[Progress:=================>            58%] [Cov:===============================>   89%]
[Progress:=================>            58%] [Cov:===============================>   89%]
[Progress:=================>            59%] [Cov:===============================>   89%]
[Progress:==================>           60%] [Cov:===============================>   89%]
[Progress:==================>           61%] [Cov:===============================>   89%]
[Progress:==================>           62%] [Cov:===============================>   89%]
[Progress:==================>           63%] [Cov:===============================>   89%]
[Progress:===================>          64%] [Cov:==============================>    88%]
[Progress:===================>          64%] [Cov:===============================>   89%]
[Progress:===================>          65%] [Cov:===============================>   89%]
[Progress:===================>          65%] [Cov:===============================>   89%]
[Progress:===================>          66%] [Cov:===============================>   89%]
[Progress:====================>         67%] [Cov:===============================>   89%]
[Progress:====================>         68%] [Cov:===============================>   89%]
[Progress:====================>         69%] [Cov:===============================>   89%]
[Progress:=====================>        70%] [Cov:===============================>   89%]
[Progress:=====================>        70%] [Cov:===============================>   89%]
[Progress:=====================>        71%] [Cov:===============================>   89%]
[Progress:=====================>        72%] [Cov:============================>      81%]
[Progress:=====================>        72%] [Cov:===============================>   89%]
[Progress:=====================>        73%] [Cov:============================>      81%]
[Progress:=====================>        73%] [Cov:===============================>   89%]
[Progress:======================>       74%] [Cov:===============================>   89%]
[Progress:======================>       75%] [Cov:===============================>   89%]
[Progress:======================>       76%] [Cov:===============================>   89%]
[Progress:=======================>      77%] [Cov:==============================>    88%]
[Progress:=======================>      77%] [Cov:===============================>   89%]
[Progress:=======================>      78%] [Cov:===============================>   89%]
[Progress:=======================>      78%] [Cov:===============================>   89%]
[Progress:=======================>      79%] [Cov:==============================>    88%]
[Progress:=======================>      79%] [Cov:===============================>   89%]
[Progress:========================>     80%] [Cov:==============================>    88%]
[Progress:========================>     80%] [Cov:===============================>   89%]
[Progress:========================>     81%] [Cov:===============================>   89%]
[Progress:========================>     82%] [Cov:===============================>   89%]
[Progress:========================>     83%] [Cov:===============================>   89%]
[Progress:=========================>    84%] [Cov:===============================>   89%]
[Progress:=========================>    85%] [Cov:==============================>    88%]
[Progress:=========================>    85%] [Cov:===============================>   89%]
[Progress:=========================>    86%] [Cov:===============================>   89%]
[Progress:==========================>   87%] [Cov:===============================>   89%]
[Progress:==========================>   88%] [Cov:===============================>   89%]
[Progress:==========================>   88%] [Cov:===============================>   89%]
[Progress:==========================>   89%] [Cov:===============================>   89%]
[Progress:===========================>  90%] [Cov:===============================>   89%]
[Progress:===========================>  91%] [Cov:===============================>   89%]
[Progress:===========================>  92%] [Cov:==============================>    88%]
[Progress:===========================>  92%] [Cov:===============================>   89%]
[Progress:===========================>  93%] [Cov:===============================>   89%]
[Progress:============================> 94%] [Cov:==============================>    88%]
[Progress:============================> 94%] [Cov:===============================>   89%]
[Progress:============================> 95%] [Cov:===============================>   89%]
[Progress:============================> 95%] [Cov:===============================>   89%]
[Progress:============================> 96%] [Cov:===============================>   89%]
[Progress:=============================>97%] [Cov:========================>          70%]
[Progress:=============================>97%] [Cov:=============================>     84%]
[Progress:=============================>97%] [Cov:===============================>   89%]
[Progress:=============================>98%] [Cov:====================>              58%]
[Progress:=============================>98%] [Cov:===============================>   89%]
[Progress:=============================>99%] [Cov:========================>          70%]
[Progress:=============================>99%] [Cov:=============================>     84%]
[Progress:=============================>99%] [Cov:===============================>   89%]
[Progress:==============================100%] [Cov:===============================>   89%]
[Progress:==============================100%] [Cov:===============================>   89%]
[Progress:==============================100%] [Cov:===============================>   89%]
* Search finished after 153s and 56 generations, 25995 statements, best individual has fitness: 15.666666666666664
* Minimizing test suite
* Going to analyze the coverage criteria
* Coverage analysis for criterion LINE
* Coverage of criterion LINE: 94%
* Total number of goals: 34
* Number of covered goals: 32
* Coverage analysis for criterion BRANCH
* Coverage of criterion BRANCH: 83%
* Total number of goals: 12
* Number of covered goals: 10
* Coverage analysis for criterion EXCEPTION
* Coverage of criterion EXCEPTION: 33%
* Total number of goals: 3
* Number of covered goals: 1
* Coverage analysis for criterion WEAKMUTATION
* Coverage of criterion WEAKMUTATION: 91%
* Total number of goals: 149
* Number of covered goals: 135
* Coverage analysis for criterion OUTPUT
* Coverage of criterion OUTPUT: 100% (no goals)
* Coverage analysis for criterion METHOD
* Coverage of criterion METHOD: 100%
* Total number of goals: 3
* Number of covered goals: 3
* Coverage analysis for criterion METHODNOEXCEPTION
* Coverage of criterion METHODNOEXCEPTION: 67%
* Total number of goals: 3
* Number of covered goals: 2
* Coverage analysis for criterion CBRANCH
* Coverage of criterion CBRANCH: 83%
* Total number of goals: 12
* Number of covered goals: 10
* Generated 4 tests with total length 33
* Resulting test suite's coverage: 89% (average coverage for all fitness functions)
* Generating assertions
* Resulting test suite's mutation score: 0%
* Compiling and checking tests
* Writing tests to file
* Writing JUnit test case 'MultiDirectional_ESTest' to evosuite-tests
* Done!

* Computation finished

