CMD: /usr/lib/jvm/java-8-openjdk-amd64/bin/java -Dtools_jar_location=/usr/lib/jvm/java-8-openjdk-amd64/lib/tools.jar -jar /home/user/evosuite/evosuite-1.2.0.jar -generateSuite -class org.apache.commons.math.dfp.Dfp -projectCP /home/user/evosuite/Test/Math-54b/target/classes -base_dir /home/user/evosuite/results/project-Math/Math-54/round02/evosuite-work -seed 11 -Dalgorithm=NSGAII -Dsearch_budget=150 -Dtest_format=JUNIT4 -Dassertions=true

* EvoSuite 1.2.0
* Going to generate test cases for class: org.apache.commons.math.dfp.Dfp
* Starting Client-0
* Connecting to master process on port 8220
* Analyzing classpath: 
  - /home/user/evosuite/Test/Math-54b/target/classes
* Finished analyzing classpath
* Generating tests for class org.apache.commons.math.dfp.Dfp
* Test criteria:
  - Line Coverage
  - Branch Coverage
  - Exception
  - Mutation testing (weak)
  - Method-Output Coverage
  - Top-Level Method Coverage
  - No-Exception Top-Level Method Coverage
  - Context Branch Coverage
* Setting up search algorithm for whole suite generation
* Total number of test goals: 
  - Line 994
  - Branch 761
  - Exception 0
  - MutationFactory 784
  - Output 568
  - Method 61
  - MethodNoException 61
  - CBranchFitnessFactory 761

[Progress:>                             0%] [Cov:>                                  0%]* Using seed 11
* Starting evolution

[Progress:>                             0%] [Cov:>                                  0%]
[Progress:>                             2%] [Cov:=>                                 3%]
[Progress:>                             3%] [Cov:=>                                 3%]
[Progress:>                             3%] [Cov:=>                                 5%]
[Progress:>                             3%] [Cov:======>                            18%]
[Progress:>                             3%] [Cov:=======>                           21%]
[Progress:=>                            4%] [Cov:=>                                 3%]
[Progress:=>                            6%] [Cov:=>                                 3%]
[Progress:=>                            6%] [Cov:=>                                 5%]
[Progress:=>                            6%] [Cov:======>                            18%]
[Progress:=>                            6%] [Cov:=======>                           21%]
[Progress:=>                            6%] [Cov:=======>                           22%]
[Progress:==>                           7%] [Cov:=>                                 3%]
[Progress:==>                           9%] [Cov:=>                                 3%]
[Progress:==>                           9%] [Cov:=>                                 5%]
[Progress:==>                           9%] [Cov:======>                            18%]
[Progress:==>                           9%] [Cov:=======>                           21%]
[Progress:===>                          12%] [Cov:=>                                 3%]
[Progress:===>                          12%] [Cov:=>                                 5%]
[Progress:===>                          12%] [Cov:======>                            18%]
[Progress:===>                          12%] [Cov:=======>                           21%]
[Progress:===>                          12%] [Cov:=======>                           22%]
[Progress:===>                          13%] [Cov:=>                                 3%]
[Progress:====>                         14%] [Cov:=>                                 3%]
[Progress:====>                         14%] [Cov:=>                                 5%]
[Progress:====>                         14%] [Cov:======>                            18%]
[Progress:====>                         14%] [Cov:=======>                           21%]
[Progress:====>                         14%] [Cov:=======>                           22%]
[Progress:====>                         16%] [Cov:=>                                 3%]
[Progress:=====>                        18%] [Cov:=>                                 3%]
[Progress:=====>                        18%] [Cov:=>                                 5%]
[Progress:=====>                        18%] [Cov:======>                            18%]
[Progress:=====>                        18%] [Cov:=======>                           21%]
[Progress:=====>                        19%] [Cov:=>                                 3%]
[Progress:======>                       20%] [Cov:=>                                 3%]
[Progress:======>                       20%] [Cov:=>                                 5%]
[Progress:======>                       20%] [Cov:======>                            18%]
[Progress:======>                       20%] [Cov:=======>                           21%]
[Progress:======>                       23%] [Cov:=>                                 3%]
[Progress:=======>                      24%] [Cov:=>                                 3%]
[Progress:=======>                      24%] [Cov:=>                                 5%]
[Progress:=======>                      24%] [Cov:======>                            18%]
[Progress:=======>                      24%] [Cov:=======>                           21%]
[Progress:=======>                      25%] [Cov:=======>                           21%]
[Progress:=======>                      26%] [Cov:=>                                 3%]
[Progress:========>                     28%] [Cov:=>                                 3%]
[Progress:========>                     28%] [Cov:=>                                 5%]
[Progress:========>                     28%] [Cov:======>                            18%]
[Progress:========>                     28%] [Cov:=======>                           21%]
[Progress:========>                     28%] [Cov:=======>                           22%]
[Progress:=========>                    30%] [Cov:=>                                 3%]
[Progress:=========>                    31%] [Cov:=>                                 3%]
[Progress:=========>                    31%] [Cov:=>                                 5%]
[Progress:=========>                    31%] [Cov:======>                            18%]
[Progress:=========>                    31%] [Cov:=======>                           21%]
[Progress:=========>                    33%] [Cov:=>                                 3%]
[Progress:==========>                   35%] [Cov:=>                                 3%]
[Progress:==========>                   35%] [Cov:=>                                 5%]
[Progress:==========>                   35%] [Cov:======>                            18%]
[Progress:==========>                   35%] [Cov:=======>                           21%]
[Progress:==========>                   35%] [Cov:=======>                           22%]
[Progress:==========>                   36%] [Cov:=>                                 3%]
[Progress:===========>                  37%] [Cov:=>                                 3%]
[Progress:===========>                  37%] [Cov:=>                                 5%]
[Progress:===========>                  37%] [Cov:======>                            18%]
[Progress:===========>                  37%] [Cov:=======>                           21%]
[Progress:===========>                  38%] [Cov:=>                                 3%]
[Progress:============>                 40%] [Cov:=>                                 3%]
[Progress:============>                 40%] [Cov:=>                                 5%]
[Progress:============>                 40%] [Cov:======>                            18%]
[Progress:============>                 40%] [Cov:=======>                           21%]
[Progress:============>                 42%] [Cov:=>                                 3%]
[Progress:============>                 42%] [Cov:=>                                 5%]
[Progress:============>                 42%] [Cov:======>                            18%]
[Progress:============>                 42%] [Cov:=======>                           21%]
[Progress:============>                 42%] [Cov:=======>                           22%]
[Progress:============>                 43%] [Cov:=>                                 3%]
[Progress:=============>                44%] [Cov:=>                                 3%]
[Progress:=============>                44%] [Cov:=>                                 5%]
[Progress:=============>                44%] [Cov:======>                            18%]
[Progress:=============>                44%] [Cov:=======>                           21%]
[Progress:=============>                46%] [Cov:=>                                 3%]
[Progress:=============>                46%] [Cov:=>                                 5%]
[Progress:=============>                46%] [Cov:======>                            18%]
[Progress:=============>                46%] [Cov:=======>                           21%]
[Progress:==============>               48%] [Cov:=>                                 3%]
[Progress:==============>               49%] [Cov:=>                                 3%]
[Progress:==============>               49%] [Cov:=>                                 5%]
[Progress:==============>               49%] [Cov:======>                            18%]
[Progress:==============>               49%] [Cov:=======>                           21%]
[Progress:===============>              51%] [Cov:=>                                 3%]
[Progress:===============>              53%] [Cov:=>                                 3%]
[Progress:===============>              53%] [Cov:=>                                 5%]
[Progress:===============>              53%] [Cov:======>                            18%]
[Progress:===============>              53%] [Cov:=======>                           21%]
[Progress:===============>              53%] [Cov:=======>                           22%]
[Progress:================>             54%] [Cov:>                                  1%]
[Progress:================>             56%] [Cov:=>                                 3%]
[Progress:================>             56%] [Cov:=>                                 5%]
[Progress:================>             56%] [Cov:=====>                             15%]
[Progress:================>             56%] [Cov:======>                            18%]
[Progress:================>             56%] [Cov:=======>                           21%]
[Progress:=================>            58%] [Cov:=>                                 3%]
[Progress:=================>            59%] [Cov:=>                                 3%]
[Progress:=================>            59%] [Cov:=>                                 5%]
[Progress:=================>            59%] [Cov:======>                            18%]
[Progress:=================>            59%] [Cov:=======>                           21%]
[Progress:==================>           61%] [Cov:=>                                 3%]
[Progress:==================>           63%] [Cov:=>                                 3%]
[Progress:==================>           63%] [Cov:=>                                 5%]
[Progress:==================>           63%] [Cov:======>                            18%]
[Progress:==================>           63%] [Cov:=======>                           21%]
[Progress:==================>           63%] [Cov:=======>                           22%]
[Progress:===================>          66%] [Cov:=>                                 3%]
[Progress:===================>          66%] [Cov:=>                                 5%]
[Progress:===================>          66%] [Cov:======>                            18%]
[Progress:===================>          66%] [Cov:=======>                           21%]
[Progress:====================>         68%] [Cov:=>                                 3%]
[Progress:====================>         68%] [Cov:=>                                 5%]
[Progress:====================>         68%] [Cov:======>                            18%]
[Progress:====================>         68%] [Cov:=======>                           21%]
[Progress:=====================>        70%] [Cov:=>                                 3%]
[Progress:=====================>        72%] [Cov:=>                                 3%]
[Progress:=====================>        72%] [Cov:=>                                 5%]
[Progress:=====================>        72%] [Cov:======>                            18%]
[Progress:=====================>        72%] [Cov:=======>                           21%]
[Progress:=====================>        72%] [Cov:=======>                           22%]
[Progress:=====================>        72%] [Cov:=======>                           22%]
[Progress:=====================>        73%] [Cov:=======>                           22%]
[Progress:======================>       74%] [Cov:=======>                           21%]
[Progress:======================>       74%] [Cov:=======>                           22%]
[Progress:======================>       75%] [Cov:=======>                           21%]
[Progress:======================>       75%] [Cov:=======>                           22%]
[Progress:======================>       76%] [Cov:=======>                           22%]
[Progress:=======================>      77%] [Cov:=======>                           21%]
[Progress:=======================>      78%] [Cov:=======>                           21%]
[Progress:=======================>      78%] [Cov:=======>                           22%]
[Progress:=======================>      79%] [Cov:=======>                           22%]
[Progress:========================>     80%] [Cov:=======>                           21%]
[Progress:========================>     80%] [Cov:=======>                           22%]
[Progress:========================>     81%] [Cov:=======>                           22%]
[Progress:========================>     82%] [Cov:=======>                           21%]
[Progress:========================>     82%] [Cov:=======>                           22%]
[Progress:========================>     83%] [Cov:=======>                           21%]
[Progress:========================>     83%] [Cov:=======>                           22%]
[Progress:=========================>    84%] [Cov:=======>                           22%]
[Progress:=========================>    85%] [Cov:=======>                           21%]
[Progress:=========================>    85%] [Cov:=======>                           22%]
[Progress:=========================>    85%] [Cov:=======>                           22%]
[Progress:=========================>    86%] [Cov:=======>                           21%]
[Progress:=========================>    86%] [Cov:=======>                           22%]
[Progress:==========================>   87%] [Cov:=======>                           22%]
[Progress:==========================>   88%] [Cov:=======>                           22%]
[Progress:==========================>   89%] [Cov:=======>                           22%]
[Progress:===========================>  90%] [Cov:=======>                           22%]
[Progress:===========================>  91%] [Cov:=======>                           22%]
[Progress:===========================>  92%] [Cov:=======>                           22%]
[Progress:===========================>  93%] [Cov:=======>                           22%]
[Progress:============================> 94%] [Cov:=======>                           22%]
[Progress:============================> 95%] [Cov:=======>                           22%]
[Progress:============================> 96%] [Cov:=======>                           21%]
[Progress:============================> 96%] [Cov:=======>                           22%]
[Progress:=============================>97%] [Cov:=======>                           21%]
[Progress:=============================>97%] [Cov:=======>                           22%]
[Progress:=============================>98%] [Cov:=======>                           22%]
[Progress:=============================>99%] [Cov:=======>                           22%]
[Progress:==============================100%] [Cov:=======>                           22%]
[Progress:==============================100%] [Cov:=======>                           22%]
* Search finished after 152s and 3 generations, 424 statements, best individual has fitness: 5959.235681774545
* Minimizing test suite
* Going to analyze the coverage criteria
* Coverage analysis for criterion LINE
* Coverage of criterion LINE: 25%
* Total number of goals: 994
* Number of covered goals: 253
* Coverage analysis for criterion BRANCH
* Coverage of criterion BRANCH: 22%
* Total number of goals: 761
* Number of covered goals: 164
* Coverage analysis for criterion EXCEPTION
* Coverage of criterion EXCEPTION: 50%
* Total number of goals: 4
* Number of covered goals: 2
* Coverage analysis for criterion WEAKMUTATION
* Coverage of criterion WEAKMUTATION: 23%
* Total number of goals: 784
* Number of covered goals: 177
* Coverage analysis for criterion OUTPUT
* Coverage of criterion OUTPUT: 0%
* Total number of goals: 568
* Number of covered goals: 0
* Coverage analysis for criterion METHOD
* Coverage of criterion METHOD: 3%
* Total number of goals: 61
* Number of covered goals: 2
* Coverage analysis for criterion METHODNOEXCEPTION
* Coverage of criterion METHODNOEXCEPTION: 0%
* Total number of goals: 61
* Number of covered goals: 0
* Coverage analysis for criterion CBRANCH
* Coverage of criterion CBRANCH: 9%
* Total number of goals: 761
* Number of covered goals: 68
* Generated 3 tests with total length 3
* Resulting test suite's coverage: 22% (average coverage for all fitness functions)
* Generating assertions
* Resulting test suite's mutation score: 0%
* Compiling and checking tests
* Writing tests to file
* Writing JUnit test case 'Dfp_ESTest' to evosuite-tests
* Done!

* Computation finished

