CMD: /usr/lib/jvm/java-8-openjdk-amd64/bin/java -Dtools_jar_location=/usr/lib/jvm/java-8-openjdk-amd64/lib/tools.jar -jar /home/pizza/TestRound2/evosuite-1.2.0.jar -generateSuite -class com.google.javascript.jscomp.CommandLineRunner -projectCP /home/pizza/TestRound2/Test/Closure-149b/build/classes:/home/pizza/TestRound2/Test/Closure-149b/lib/ant_deploy.jar:/home/pizza/TestRound2/Test/Closure-149b/lib/args4j_deploy.jar:/home/pizza/TestRound2/Test/Closure-149b/lib/google_common_deploy.jar:/home/pizza/TestRound2/Test/Closure-149b/lib/hamcrest-core-1.1.jar:/home/pizza/TestRound2/Test/Closure-149b/lib/json.jar:/home/pizza/TestRound2/Test/Closure-149b/lib/junit.jar:/home/pizza/TestRound2/Test/Closure-149b/lib/libtrunk_rhino_parser_jarjared.jar:/home/pizza/TestRound2/Test/Closure-149b/lib/protobuf_deploy.jar -base_dir /home/pizza/TestRound2/results/project-Closure/Closure-149/round03/evosuite-work -seed 11 -Dalgorithm=NSGAII -Dsearch_budget=60 -Dtest_format=JUNIT4 -Dassertions=true

* EvoSuite 1.2.0
* Going to generate test cases for class: com.google.javascript.jscomp.CommandLineRunner
* Starting Client-0
* Connecting to master process on port 8222
* Analyzing classpath: 
  - /home/pizza/TestRound2/Test/Closure-149b/build/classes
  - /home/pizza/TestRound2/Test/Closure-149b/lib/ant_deploy.jar
  - /home/pizza/TestRound2/Test/Closure-149b/lib/args4j_deploy.jar
  - /home/pizza/TestRound2/Test/Closure-149b/lib/google_common_deploy.jar
  - /home/pizza/TestRound2/Test/Closure-149b/lib/hamcrest-core-1.1.jar
  - /home/pizza/TestRound2/Test/Closure-149b/lib/json.jar
  - /home/pizza/TestRound2/Test/Closure-149b/lib/junit.jar
  - /home/pizza/TestRound2/Test/Closure-149b/lib/libtrunk_rhino_parser_jarjared.jar
  - /home/pizza/TestRound2/Test/Closure-149b/lib/protobuf_deploy.jar
* Finished analyzing classpath
* Generating tests for class com.google.javascript.jscomp.CommandLineRunner
* Test criteria:
  - Line Coverage
  - Branch Coverage
  - Exception
  - Mutation testing (weak)
  - Method-Output Coverage
  - Top-Level Method Coverage
  - No-Exception Top-Level Method Coverage
  - Context Branch Coverage
* Setting up search algorithm for whole suite generation
* Total number of test goals: 
  - Line 178
  - Branch 46
  - Exception 0
  - MutationFactory 80
  - Output 32
  - Method 8
  - MethodNoException 8

[Progress:>                             0%] [Cov:>                                  0%]  - CBranchFitnessFactory 46
* Using seed 11
* Starting evolution
[MASTER] 09:26:41.912 [logback-1] WARN  TestCluster - Failed to check cache for java.util.List<E> : Type points to itself

[Progress:==>                           8%] [Cov:>                                  0%]
[Progress:===>                          11%] [Cov:=>                                 5%]
[Progress:===>                          11%] [Cov:==>                                8%]
[Progress:===>                          11%] [Cov:===>                               9%]
[Progress:===>                          11%] [Cov:===>                               11%]
[Progress:===>                          13%] [Cov:=======>                           21%]
[Progress:===>                          13%] [Cov:========>                          24%]
[Progress:===>                          13%] [Cov:========>                          25%]
[Progress:===>                          13%] [Cov:=========>                         27%]
[Progress:===>                          13%] [Cov:===========>                       32%]
[Progress:===>                          13%] [Cov:===========>                       34%]
[Progress:===>                          13%] [Cov:============>                      35%]
[Progress:===>                          13%] [Cov:=============>                     38%]
[Progress:===>                          13%] [Cov:==============>                    40%]
[Progress:====>                         15%] [Cov:==>                                6%]
[Progress:====>                         16%] [Cov:=>                                 5%]
[Progress:====>                         16%] [Cov:===>                               9%]
[Progress:====>                         16%] [Cov:=======>                           22%]
[Progress:====>                         16%] [Cov:=========>                         26%]
[Progress:====>                         16%] [Cov:=========>                         27%]
[Progress:====>                         16%] [Cov:===========>                       34%]
[Progress:====>                         16%] [Cov:=============>                     38%]
[Progress:====>                         16%] [Cov:==============>                    40%]
[Progress:====>                         16%] [Cov:===============>                   44%]
[Progress:====>                         16%] [Cov:================>                  47%]
[Progress:=======>                      25%] [Cov:>                                  0%]
[Progress:=======>                      25%] [Cov:=>                                 4%]
[Progress:=======>                      25%] [Cov:=====>                             16%]
[Progress:=======>                      25%] [Cov:=====>                             17%]
[Progress:=======>                      25%] [Cov:======>                            19%]
[Progress:=======>                      25%] [Cov:=======>                           20%]
[Progress:=======>                      26%] [Cov:=>                                 5%]
[Progress:=======>                      26%] [Cov:==>                                6%]
[Progress:=======>                      26%] [Cov:==>                                8%]
[Progress:=======>                      26%] [Cov:===>                               9%]
[Progress:=======>                      26%] [Cov:=======>                           21%]
[Progress:=======>                      26%] [Cov:=======>                           22%]
[Progress:=======>                      26%] [Cov:========>                          25%]
[Progress:=======>                      26%] [Cov:=========>                         26%]
[Progress:=======>                      26%] [Cov:===========>                       33%]
[Progress:=======>                      26%] [Cov:===========>                       34%]
[Progress:=======>                      26%] [Cov:=============>                     38%]
[Progress:=======>                      26%] [Cov:==============>                    40%]
[Progress:=======>                      26%] [Cov:==============>                    42%]
[Progress:========>                     28%] [Cov:=>                                 5%]
[Progress:========>                     28%] [Cov:==>                                8%]
[Progress:========>                     28%] [Cov:======>                            18%]
[Progress:========>                     28%] [Cov:=======>                           21%]
[Progress:========>                     28%] [Cov:========>                          25%]
[Progress:========>                     28%] [Cov:===========>                       33%]
[Progress:========>                     28%] [Cov:=============>                     39%]
[Progress:========>                     28%] [Cov:==============>                    41%]
[Progress:=========>                    30%] [Cov:==>                                6%]
[Progress:=========>                    30%] [Cov:===>                               9%]
[Progress:=========>                    30%] [Cov:=======>                           22%]
[Progress:=========>                    30%] [Cov:=========>                         26%]
[Progress:=========>                    30%] [Cov:=========>                         27%]
[Progress:=========>                    30%] [Cov:============>                      35%]
[Progress:=========>                    30%] [Cov:==============>                    41%]
[Progress:=========>                    30%] [Cov:===============>                   43%]
[Progress:=========>                    31%] [Cov:==>                                8%]
[Progress:=========>                    31%] [Cov:====>                              13%]
[Progress:=========>                    31%] [Cov:========>                          25%]
[Progress:=========>                    31%] [Cov:==========>                        30%]
[Progress:=========>                    31%] [Cov:==========>                        31%]
[Progress:=========>                    31%] [Cov:=============>                     38%]
[Progress:=========>                    31%] [Cov:==============>                    41%]
[Progress:=========>                    31%] [Cov:==============>                    42%]
[Progress:=========>                    33%] [Cov:===>                               9%]
[Progress:=========>                    33%] [Cov:====>                              14%]
[Progress:=========>                    33%] [Cov:=========>                         26%]
[Progress:=========>                    33%] [Cov:==========>                        31%]
[Progress:=========>                    33%] [Cov:===========>                       32%]
[Progress:=========>                    33%] [Cov:==============>                    41%]
[Progress:=========>                    33%] [Cov:================>                  46%]
[Progress:=========>                    33%] [Cov:================>                  48%]
[Progress:==========>                   35%] [Cov:===========>                       34%]
[Progress:==========>                   35%] [Cov:============>                      37%]
[Progress:==========>                   35%] [Cov:=============>                     38%]
[Progress:==========>                   36%] [Cov:==>                                8%]
[Progress:==========>                   36%] [Cov:===>                               9%]
[Progress:==========>                   36%] [Cov:=======>                           21%]
[Progress:==========>                   36%] [Cov:========>                          25%]
[Progress:==========>                   36%] [Cov:=========>                         26%]
[Progress:==========>                   36%] [Cov:===========>                       32%]
[Progress:==========>                   36%] [Cov:===========>                       34%]
[Progress:==========>                   36%] [Cov:============>                      36%]
[Progress:==========>                   36%] [Cov:============>                      37%]
[Progress:==========>                   36%] [Cov:=============>                     38%]
[Progress:==========>                   36%] [Cov:================>                  48%]
[Progress:===========>                  38%] [Cov:=============>                     38%]
[Progress:===========>                  38%] [Cov:=============>                     39%]
[Progress:===========>                  38%] [Cov:==============>                    40%]
[Progress:===========>                  38%] [Cov:==============>                    41%]
[Progress:===========>                  38%] [Cov:==============>                    42%]
[Progress:===========>                  38%] [Cov:===============>                   43%]
[Progress:===========>                  38%] [Cov:===============>                   45%]
[Progress:===========>                  38%] [Cov:================>                  47%]
[Progress:===========>                  38%] [Cov:================>                  48%]
[Progress:===========>                  38%] [Cov:=================>                 50%]
[Progress:============>                 40%] [Cov:============>                      36%]
[Progress:============>                 40%] [Cov:==============>                    40%]
[Progress:============>                 40%] [Cov:==============>                    41%]
[Progress:============>                 40%] [Cov:===============>                   43%]
[Progress:============>                 40%] [Cov:===============>                   44%]
[Progress:============>                 40%] [Cov:================>                  47%]
[Progress:============>                 40%] [Cov:================>                  48%]
[Progress:============>                 40%] [Cov:=================>                 50%]
[Progress:============>                 41%] [Cov:==============>                    41%]
[Progress:============>                 41%] [Cov:================>                  48%]
[Progress:============>                 41%] [Cov:=================>                 50%]
[Progress:============>                 41%] [Cov:================>                  48%]
[Progress:============>                 41%] [Cov:=================>                 49%]
[Progress:============>                 41%] [Cov:=================>                 50%]
[Progress:============>                 43%] [Cov:================>                  47%]
[Progress:============>                 43%] [Cov:================>                  48%]
[Progress:============>                 43%] [Cov:=================>                 49%]
[Progress:============>                 43%] [Cov:=================>                 51%]
[Progress:============>                 43%] [Cov:=================>                 50%]
[Progress:============>                 43%] [Cov:=================>                 51%]
[Progress:============>                 43%] [Cov:==================>                52%]
[Progress:=============>                45%] [Cov:=================>                 50%]
[Progress:=============>                45%] [Cov:=================>                 51%]
[Progress:=============>                45%] [Cov:==================>                53%]
[Progress:=============>                45%] [Cov:==================>                53%]
[Progress:=============>                45%] [Cov:==================>                54%]
[Progress:=============>                46%] [Cov:================>                  48%]
[Progress:=============>                46%] [Cov:=================>                 49%]
[Progress:=============>                46%] [Cov:=================>                 50%]
[Progress:=============>                46%] [Cov:=================>                 51%]
[Progress:=============>                46%] [Cov:==================>                52%]
[Progress:=============>                46%] [Cov:==================>                53%]
[Progress:=============>                46%] [Cov:==================>                52%]
[Progress:=============>                46%] [Cov:==================>                53%]
[Progress:==============>               48%] [Cov:=================>                 50%]
[Progress:==============>               48%] [Cov:==================>                53%]
[Progress:==============>               48%] [Cov:==================>                54%]
[Progress:===============>              50%] [Cov:=================>                 50%]
[Progress:===============>              50%] [Cov:=================>                 51%]
[Progress:===============>              50%] [Cov:==================>                53%]
[Progress:===============>              50%] [Cov:==================>                52%]
[Progress:===============>              51%] [Cov:==================>                53%]
[Progress:===============>              51%] [Cov:==================>                54%]
[Progress:===============>              53%] [Cov:=================>                 50%]
[Progress:===============>              53%] [Cov:==================>                53%]
[Progress:===============>              53%] [Cov:==================>                53%]
[Progress:===============>              53%] [Cov:==================>                54%]
[Progress:================>             55%] [Cov:==================>                53%]
[Progress:================>             55%] [Cov:==================>                54%]
[Progress:================>             55%] [Cov:==================>                53%]
[Progress:================>             55%] [Cov:==================>                54%]
[Progress:================>             56%] [Cov:==================>                53%]
[Progress:================>             56%] [Cov:==================>                54%]
[Progress:================>             56%] [Cov:==================>                53%]
[Progress:================>             56%] [Cov:==================>                54%]
[Progress:=================>            58%] [Cov:==============>                    42%]
[Progress:=================>            58%] [Cov:=================>                 49%]
[Progress:=================>            58%] [Cov:=================>                 50%]
[Progress:=================>            58%] [Cov:==================>                53%]
[Progress:=================>            58%] [Cov:==================>                54%]
[Progress:=================>            58%] [Cov:==================>                53%]
[Progress:=================>            58%] [Cov:==================>                54%]
[Progress:==================>           60%] [Cov:==================>                53%]
[Progress:==================>           60%] [Cov:==================>                54%]
[Progress:==================>           60%] [Cov:==================>                53%]
[Progress:==================>           60%] [Cov:==================>                54%]
[Progress:==================>           61%] [Cov:==================>                54%]
[Progress:==================>           61%] [Cov:==================>                53%]
[Progress:==================>           63%] [Cov:==================>                53%]
[Progress:==================>           63%] [Cov:==================>                54%]
[Progress:===================>          65%] [Cov:==================>                53%]
[Progress:===================>          65%] [Cov:==================>                54%]
[Progress:===================>          65%] [Cov:==================>                53%]
[Progress:===================>          65%] [Cov:==================>                54%]
[Progress:===================>          66%] [Cov:==================>                53%]
[Progress:===================>          66%] [Cov:==================>                54%]
[Progress:===================>          66%] [Cov:==================>                53%]
[Progress:===================>          66%] [Cov:==================>                54%]
[Progress:===================>          66%] [Cov:==================>                53%]
[Progress:===================>          66%] [Cov:==================>                54%]
[Progress:====================>         68%] [Cov:==================>                52%]
[Progress:====================>         68%] [Cov:==================>                53%]
[Progress:====================>         68%] [Cov:==================>                54%]
[Progress:====================>         68%] [Cov:==================>                53%]
[Progress:====================>         68%] [Cov:==================>                54%]
[Progress:=====================>        70%] [Cov:==================>                52%]
[Progress:=====================>        70%] [Cov:==================>                53%]
[Progress:=====================>        70%] [Cov:==================>                54%][MASTER] 09:27:19.142 [logback-1] WARN  TestCluster - Failed to check cache for java.util.Comparator<T> : Type points to itself

[Progress:=====================>        70%] [Cov:==================>                53%]
[Progress:=====================>        70%] [Cov:==================>                54%]
[Progress:=====================>        71%] [Cov:==================>                54%]
[Progress:=====================>        71%] [Cov:==================>                53%]
[Progress:=====================>        71%] [Cov:==================>                54%]
[Progress:=====================>        73%] [Cov:==================>                54%]
[Progress:=====================>        73%] [Cov:==================>                53%]
[Progress:=====================>        73%] [Cov:==================>                54%]
[Progress:======================>       75%] [Cov:==================>                54%]
[Progress:======================>       75%] [Cov:==================>                53%]
[Progress:======================>       75%] [Cov:==================>                54%]
[Progress:======================>       76%] [Cov:==================>                54%]
[Progress:======================>       76%] [Cov:==================>                53%]
[Progress:======================>       76%] [Cov:==================>                54%]
[Progress:=======================>      78%] [Cov:==================>                54%]
[Progress:=======================>      78%] [Cov:==================>                53%]
[Progress:=======================>      78%] [Cov:==================>                54%]
[Progress:========================>     80%] [Cov:==================>                52%]
[Progress:========================>     80%] [Cov:==================>                53%]
[Progress:========================>     80%] [Cov:==================>                54%]
[Progress:========================>     80%] [Cov:==================>                53%]
[Progress:========================>     80%] [Cov:==================>                54%]
[Progress:========================>     80%] [Cov:==================>                53%]
[Progress:========================>     80%] [Cov:==================>                54%]
[Progress:========================>     81%] [Cov:==================>                54%]
[Progress:========================>     81%] [Cov:==================>                53%]
[Progress:========================>     81%] [Cov:==================>                54%]
[Progress:========================>     83%] [Cov:==================>                54%]
[Progress:========================>     83%] [Cov:==================>                53%]
[Progress:========================>     83%] [Cov:==================>                54%]
[Progress:=========================>    85%] [Cov:==================>                54%]
[Progress:=========================>    85%] [Cov:==================>                53%]
[Progress:=========================>    85%] [Cov:==================>                54%]
[Progress:=========================>    86%] [Cov:==================>                54%]
[Progress:=========================>    86%] [Cov:==================>                53%]
[Progress:=========================>    86%] [Cov:==================>                54%]
[Progress:==========================>   88%] [Cov:==================>                53%]
[Progress:==========================>   88%] [Cov:==================>                54%]
[Progress:==========================>   88%] [Cov:==================>                53%]
[Progress:==========================>   88%] [Cov:==================>                54%]
[Progress:==========================>   88%] [Cov:==================>                53%]
[Progress:==========================>   88%] [Cov:==================>                54%]
[Progress:===========================>  90%] [Cov:==================>                54%]
[Progress:===========================>  90%] [Cov:==================>                53%]
[Progress:===========================>  90%] [Cov:==================>                54%]
[Progress:===========================>  91%] [Cov:==================>                53%]
[Progress:===========================>  91%] [Cov:==================>                54%]
[Progress:===========================>  91%] [Cov:==================>                53%]
[Progress:===========================>  91%] [Cov:==================>                54%]
[Progress:===========================>  93%] [Cov:==================>                54%]
[Progress:===========================>  93%] [Cov:==================>                53%]
[Progress:============================> 95%] [Cov:==================>                52%]
[Progress:============================> 95%] [Cov:==================>                53%]
[Progress:============================> 95%] [Cov:==================>                54%]
[Progress:============================> 95%] [Cov:==================>                53%]
[Progress:============================> 95%] [Cov:==================>                54%]
[Progress:============================> 96%] [Cov:==================>                54%]
[Progress:============================> 96%] [Cov:==================>                53%]
[Progress:============================> 96%] [Cov:==================>                54%]
[Progress:=============================>98%] [Cov:==================>                54%]
[Progress:=============================>98%] [Cov:==================>                53%]
[Progress:=============================>98%] [Cov:==================>                54%]
[Progress:==============================100%] [Cov:==================>                54%]
[Progress:==============================100%] [Cov:==================>                53%]
[Progress:==============================100%] [Cov:==================>                54%]
[Progress:==============================100%] [Cov:==================>                52%]
[Progress:==============================100%] [Cov:==================>                53%]
[Progress:==============================100%] [Cov:==================>                54%]
[Progress:==============================100%] [Cov:==================>                53%]
* Search finished after 62s and 39 generations, 16067 statements, best individual has fitness: 208.72872340425533
* Minimizing test suite
* Going to analyze the coverage criteria
* Coverage analysis for criterion LINE
* Coverage of criterion LINE: 74%
* Total number of goals: 178
* Number of covered goals: 132
* Coverage analysis for criterion BRANCH
* Coverage of criterion BRANCH: 41%
* Total number of goals: 46
* Number of covered goals: 19
* Coverage analysis for criterion EXCEPTION
* Coverage of criterion EXCEPTION: 33%
* Total number of goals: 9
* Number of covered goals: 3
* Coverage analysis for criterion WEAKMUTATION
* Coverage of criterion WEAKMUTATION: 39%
* Total number of goals: 80
* Number of covered goals: 31
* Coverage analysis for criterion OUTPUT
* Coverage of criterion OUTPUT: 9%
* Total number of goals: 32
* Number of covered goals: 3
* Coverage analysis for criterion METHOD
* Coverage of criterion METHOD: 88%
* Total number of goals: 8
* Number of covered goals: 7
* Coverage analysis for criterion METHODNOEXCEPTION
* Coverage of criterion METHODNOEXCEPTION: 62%
* Total number of goals: 8
* Number of covered goals: 5
* Coverage analysis for criterion CBRANCH
* Coverage of criterion CBRANCH: 41%
* Total number of goals: 46
* Number of covered goals: 19
* Generated 7 tests with total length 47
* Resulting test suite's coverage: 53% (average coverage for all fitness functions)
* Generating assertions
* Resulting test suite's mutation score: 8%
* Compiling and checking tests
[MASTER] 09:27:53.336 [logback-1] WARN  JUnitAnalyzer - Found unstable test named test0 -> class java.lang.NullPointerException: null
[MASTER] 09:27:53.337 [logback-1] WARN  JUnitAnalyzer - Failing test:
 String[] stringArray0 = new String[2];
stringArray0[0] = "--A=";
CommandLineRunner commandLineRunner0 = new CommandLineRunner(stringArray0);

* Permissions denied during test execution: 
  - java.lang.RuntimePermission: 
         writeFileDescriptor: 3
* Writing tests to file
* Writing JUnit test case 'CommandLineRunner_ESTest' to evosuite-tests
* Done!

* Computation finished

