CMD: /usr/lib/jvm/java-8-openjdk-amd64/bin/java -Dtools_jar_location=/usr/lib/jvm/java-8-openjdk-amd64/lib/tools.jar -jar /home/pizza/TestRound2/evosuite-1.2.0.jar -generateSuite -class org.apache.commons.collections.set.ListOrderedSet -projectCP /home/pizza/TestRound2/Test/Collections-18b/build/classes -base_dir /home/pizza/TestRound2/results/project-Collections/Collections-18/round03/evosuite-work -seed 11 -Dalgorithm=NSGAII -Dsearch_budget=60 -Dtest_format=JUNIT4 -Dassertions=true

* EvoSuite 1.2.0
* Going to generate test cases for class: org.apache.commons.collections.set.ListOrderedSet
* Starting Client-0
* Connecting to master process on port 8222
* Analyzing classpath: 
  - /home/pizza/TestRound2/Test/Collections-18b/build/classes
* Finished analyzing classpath
* Generating tests for class org.apache.commons.collections.set.ListOrderedSet
* Test criteria:
  - Line Coverage
  - Branch Coverage
  - Exception
  - Mutation testing (weak)
  - Method-Output Coverage
  - Top-Level Method Coverage
  - No-Exception Top-Level Method Coverage
  - Context Branch Coverage
* Setting up search algorithm for whole suite generation
* Total number of test goals: 
  - Line 91
  - Branch 54
  - Exception 0
  - MutationFactory 88
  - Output 43
  - Method 26
  - MethodNoException 26
  - CBranchFitnessFactory 54
* Using seed 11

[Progress:>                             0%] [Cov:>                                  0%]* Starting evolution

[Progress:>                             3%] [Cov:>                                  0%]
[Progress:>                             3%] [Cov:>                                  2%]
[Progress:>                             3%] [Cov:=>                                 3%]
[Progress:>                             3%] [Cov:=>                                 5%]
[Progress:>                             3%] [Cov:=====>                             16%]
[Progress:>                             3%] [Cov:=====>                             17%]
[Progress:>                             3%] [Cov:======>                            18%]
[Progress:>                             3%] [Cov:======>                            19%]
[Progress:>                             3%] [Cov:=======>                           22%]
[Progress:>                             3%] [Cov:========>                          25%]
[Progress:>                             3%] [Cov:=========>                         27%]
[Progress:=>                            5%] [Cov:==>                                7%]
[Progress:=>                            5%] [Cov:====>                              14%]
[Progress:=>                            5%] [Cov:======>                            18%]
[Progress:=>                            5%] [Cov:=========>                         26%]
[Progress:=>                            5%] [Cov:============>                      35%]
[Progress:=>                            5%] [Cov:=============>                     38%]
[Progress:=>                            5%] [Cov:===============>                   45%]
[Progress:=>                            5%] [Cov:==================>                52%]
[Progress:=>                            5%] [Cov:===================>               55%]
[Progress:=>                            5%] [Cov:====================>              58%]
[Progress:=>                            6%] [Cov:================>                  46%]
[Progress:=>                            6%] [Cov:================>                  48%]
[Progress:=>                            6%] [Cov:=================>                 49%]
[Progress:=>                            6%] [Cov:==================>                53%]
[Progress:=>                            6%] [Cov:===================>               56%]
[Progress:=>                            6%] [Cov:====================>              58%]
[Progress:=>                            6%] [Cov:====================>              59%]
[Progress:=>                            6%] [Cov:=====================>             60%]
[Progress:=>                            6%] [Cov:=====================>             61%]
[Progress:==>                           8%] [Cov:========>                          25%]
[Progress:==>                           8%] [Cov:===============>                   43%]
[Progress:==>                           8%] [Cov:==================>                52%]
[Progress:==>                           8%] [Cov:==================>                53%]
[Progress:==>                           8%] [Cov:==================>                54%]
[Progress:==>                           8%] [Cov:===================>               55%]
[Progress:==>                           8%] [Cov:===================>               57%]
[Progress:==>                           8%] [Cov:====================>              58%]
[Progress:==>                           8%] [Cov:=====================>             60%]
[Progress:==>                           8%] [Cov:=====================>             62%]
[Progress:==>                           8%] [Cov:=====================>             62%]
[Progress:===>                          10%] [Cov:====================>              58%]
[Progress:===>                          10%] [Cov:=====================>             60%]
[Progress:===>                          10%] [Cov:=====================>             61%]
[Progress:===>                          10%] [Cov:=====================>             62%]
[Progress:===>                          10%] [Cov:======================>            63%]
[Progress:===>                          10%] [Cov:=====================>             62%]
[Progress:===>                          10%] [Cov:======================>            63%]
[Progress:===>                          10%] [Cov:======================>            64%]
[Progress:===>                          10%] [Cov:======================>            65%]
[Progress:===>                          10%] [Cov:======================>            65%]
[Progress:===>                          11%] [Cov:====================>              59%]
[Progress:===>                          11%] [Cov:=====================>             60%]
[Progress:===>                          11%] [Cov:======================>            65%]
[Progress:===>                          11%] [Cov:=======================>           66%]
[Progress:===>                          11%] [Cov:=======================>           67%]
[Progress:===>                          11%] [Cov:=======================>           67%]
[Progress:===>                          13%] [Cov:======================>            63%]
[Progress:===>                          13%] [Cov:======================>            64%]
[Progress:===>                          13%] [Cov:=======================>           67%]
[Progress:===>                          13%] [Cov:=======================>           67%]
[Progress:===>                          13%] [Cov:=======================>           68%]
[Progress:===>                          13%] [Cov:========================>          69%]
[Progress:====>                         15%] [Cov:======================>            65%]
[Progress:====>                         15%] [Cov:=======================>           67%]
[Progress:====>                         15%] [Cov:========================>          69%]
[Progress:====>                         15%] [Cov:========================>          69%]
[Progress:====>                         16%] [Cov:=======================>           66%]
[Progress:====>                         16%] [Cov:=======================>           68%]
[Progress:====>                         16%] [Cov:========================>          69%]
[Progress:====>                         16%] [Cov:========================>          69%]
[Progress:====>                         16%] [Cov:========================>          70%]
[Progress:====>                         16%] [Cov:========================>          71%]
[Progress:====>                         16%] [Cov:========================>          70%]
[Progress:====>                         16%] [Cov:========================>          71%]
[Progress:=====>                        18%] [Cov:======================>            65%]
[Progress:=====>                        18%] [Cov:========================>          69%]
[Progress:=====>                        18%] [Cov:========================>          70%]
[Progress:=====>                        18%] [Cov:========================>          71%]
[Progress:=====>                        18%] [Cov:=========================>         72%]
[Progress:=====>                        18%] [Cov:=========================>         73%]
[Progress:=====>                        18%] [Cov:=========================>         73%]
[Progress:======>                       20%] [Cov:========================>          69%]
[Progress:======>                       20%] [Cov:=========================>         72%]
[Progress:======>                       20%] [Cov:=========================>         73%]
[Progress:======>                       20%] [Cov:=========================>         73%]
[Progress:======>                       21%] [Cov:========================>          71%]
[Progress:======>                       21%] [Cov:=========================>         73%]
[Progress:======>                       21%] [Cov:=========================>         72%]
[Progress:======>                       21%] [Cov:=========================>         73%]
[Progress:======>                       21%] [Cov:=========================>         72%]
[Progress:======>                       21%] [Cov:=========================>         73%]
[Progress:======>                       23%] [Cov:=========================>         72%]
[Progress:======>                       23%] [Cov:=========================>         73%]
[Progress:======>                       23%] [Cov:=========================>         72%]
[Progress:======>                       23%] [Cov:=========================>         73%]
[Progress:=======>                      25%] [Cov:=======================>           66%]
[Progress:=======>                      25%] [Cov:========================>          71%]
[Progress:=======>                      25%] [Cov:=========================>         72%]
[Progress:=======>                      25%] [Cov:=========================>         73%]
[Progress:=======>                      25%] [Cov:=========================>         73%]
[Progress:=======>                      25%] [Cov:=========================>         73%]
[Progress:=======>                      26%] [Cov:=========================>         72%]
[Progress:=======>                      26%] [Cov:=========================>         73%]
[Progress:=======>                      26%] [Cov:=========================>         73%]
[Progress:========>                     28%] [Cov:=========================>         73%]
[Progress:========>                     28%] [Cov:=========================>         73%]
[Progress:========>                     28%] [Cov:=========================>         74%]
[Progress:========>                     28%] [Cov:=========================>         73%]
[Progress:========>                     28%] [Cov:=========================>         74%]
[Progress:=========>                    30%] [Cov:=========================>         72%]
[Progress:=========>                    30%] [Cov:=========================>         73%]
[Progress:=========>                    30%] [Cov:=========================>         74%]
[Progress:=========>                    30%] [Cov:=========================>         73%]
[Progress:=========>                    30%] [Cov:=========================>         74%]
[Progress:=========>                    31%] [Cov:=========================>         73%]
[Progress:=========>                    31%] [Cov:=========================>         74%]
[Progress:=========>                    31%] [Cov:=========================>         73%]
[Progress:=========>                    31%] [Cov:=========================>         74%]
[Progress:=========>                    33%] [Cov:=========================>         73%]
[Progress:=========>                    33%] [Cov:=========================>         73%]
[Progress:=========>                    33%] [Cov:=========================>         74%]
[Progress:=========>                    33%] [Cov:=========================>         73%]
[Progress:=========>                    33%] [Cov:=========================>         74%]
[Progress:==========>                   35%] [Cov:========================>          70%]
[Progress:==========>                   35%] [Cov:=========================>         73%]
[Progress:==========>                   35%] [Cov:=========================>         74%]
[Progress:==========>                   35%] [Cov:=========================>         74%]
[Progress:==========>                   35%] [Cov:==========================>        75%]
[Progress:==========>                   36%] [Cov:=========================>         73%]
[Progress:==========>                   36%] [Cov:=========================>         74%]
[Progress:==========>                   36%] [Cov:==========================>        75%]
[Progress:==========>                   36%] [Cov:==========================>        75%]
[Progress:==========>                   36%] [Cov:==========================>        76%]
[Progress:==========>                   36%] [Cov:==========================>        75%]
[Progress:===========>                  38%] [Cov:=========================>         72%]
[Progress:===========>                  38%] [Cov:==========================>        75%]
[Progress:===========>                  38%] [Cov:==========================>        76%]
[Progress:===========>                  38%] [Cov:==========================>        77%]
[Progress:===========>                  38%] [Cov:==========================>        76%]
[Progress:============>                 40%] [Cov:=========================>         74%]
[Progress:============>                 40%] [Cov:==========================>        75%]
[Progress:============>                 40%] [Cov:==========================>        76%]
[Progress:============>                 40%] [Cov:==========================>        76%]
[Progress:============>                 40%] [Cov:==========================>        77%]
[Progress:============>                 41%] [Cov:=========================>         74%]
[Progress:============>                 41%] [Cov:==========================>        76%]
[Progress:============>                 41%] [Cov:==========================>        76%]
[Progress:============>                 41%] [Cov:==========================>        77%]
[Progress:============>                 41%] [Cov:===========================>       78%]
[Progress:============>                 41%] [Cov:===========================>       78%]
[Progress:============>                 43%] [Cov:==========================>        75%]
[Progress:============>                 43%] [Cov:==========================>        76%]
[Progress:============>                 43%] [Cov:==========================>        77%]
[Progress:============>                 43%] [Cov:===========================>       78%]
[Progress:============>                 43%] [Cov:===========================>       78%]
[Progress:=============>                45%] [Cov:==========================>        77%]
[Progress:=============>                45%] [Cov:===========================>       78%]
[Progress:=============>                45%] [Cov:===========================>       78%]
[Progress:=============>                45%] [Cov:===========================>       79%]
[Progress:=============>                45%] [Cov:===========================>       78%]
[Progress:=============>                46%] [Cov:=======================>           66%]
[Progress:=============>                46%] [Cov:===========================>       78%]
[Progress:=============>                46%] [Cov:===========================>       79%]
[Progress:=============>                46%] [Cov:===========================>       78%]
[Progress:=============>                46%] [Cov:===========================>       79%]
[Progress:==============>               48%] [Cov:===========================>       78%]
[Progress:==============>               48%] [Cov:===========================>       79%]
[Progress:==============>               48%] [Cov:===========================>       78%]
[Progress:==============>               48%] [Cov:===========================>       79%]
[Progress:===============>              50%] [Cov:===========================>       78%]
[Progress:===============>              50%] [Cov:===========================>       79%]
[Progress:===============>              50%] [Cov:===========================>       78%]
[Progress:===============>              50%] [Cov:===========================>       79%]
[Progress:===============>              50%] [Cov:===========================>       78%]
[Progress:===============>              50%] [Cov:===========================>       79%]
[Progress:===============>              51%] [Cov:===========================>       78%]
[Progress:===============>              51%] [Cov:===========================>       79%]
[Progress:===============>              51%] [Cov:===========================>       78%]
[Progress:===============>              51%] [Cov:===========================>       79%]
[Progress:===============>              53%] [Cov:===========================>       79%]
[Progress:===============>              53%] [Cov:===========================>       79%]
[Progress:================>             55%] [Cov:===========================>       79%]
[Progress:================>             55%] [Cov:===========================>       79%]
[Progress:================>             55%] [Cov:===========================>       79%]
[Progress:================>             56%] [Cov:===========================>       79%]
[Progress:================>             56%] [Cov:===========================>       79%]
[Progress:=================>            58%] [Cov:==========================>        77%]
[Progress:=================>            58%] [Cov:===========================>       79%]
[Progress:=================>            58%] [Cov:============================>      80%]
[Progress:=================>            58%] [Cov:============================>      80%]
[Progress:==================>           60%] [Cov:===========================>       79%]
[Progress:==================>           60%] [Cov:============================>      80%]
[Progress:==================>           60%] [Cov:===========================>       79%]
[Progress:==================>           61%] [Cov:===========================>       79%]
[Progress:==================>           61%] [Cov:============================>      80%]
[Progress:==================>           61%] [Cov:===========================>       79%]
[Progress:==================>           61%] [Cov:============================>      80%]
[Progress:==================>           63%] [Cov:========================>          71%]
[Progress:==================>           63%] [Cov:===========================>       79%]
[Progress:==================>           63%] [Cov:============================>      80%]
[Progress:==================>           63%] [Cov:===========================>       79%]
[Progress:==================>           63%] [Cov:============================>      80%]
[Progress:===================>          65%] [Cov:============================>      80%]
[Progress:===================>          65%] [Cov:===========================>       79%]
[Progress:===================>          65%] [Cov:============================>      80%]
[Progress:===================>          65%] [Cov:============================>      81%]
[Progress:===================>          65%] [Cov:============================>      81%]
[Progress:===================>          66%] [Cov:===========================>       79%]
[Progress:===================>          66%] [Cov:============================>      80%]
[Progress:===================>          66%] [Cov:============================>      81%]
[Progress:===================>          66%] [Cov:============================>      81%]
[Progress:====================>         68%] [Cov:============================>      80%]
[Progress:====================>         68%] [Cov:============================>      81%]
[Progress:====================>         68%] [Cov:============================>      81%]
[Progress:=====================>        70%] [Cov:============================>      80%]
[Progress:=====================>        70%] [Cov:============================>      80%]
[Progress:=====================>        70%] [Cov:============================>      81%]
[Progress:=====================>        70%] [Cov:============================>      81%]
[Progress:=====================>        71%] [Cov:============================>      81%]
[Progress:=====================>        71%] [Cov:============================>      82%]
[Progress:=====================>        71%] [Cov:============================>      82%]
[Progress:=====================>        73%] [Cov:============================>      81%]
[Progress:=====================>        73%] [Cov:============================>      82%]
[Progress:======================>       75%] [Cov:============================>      81%]
[Progress:======================>       75%] [Cov:============================>      82%]
[Progress:======================>       75%] [Cov:============================>      82%]
[Progress:======================>       76%] [Cov:============================>      82%]
[Progress:======================>       76%] [Cov:============================>      82%]
[Progress:=======================>      78%] [Cov:============================>      82%]
[Progress:=======================>      78%] [Cov:=============================>     83%]
[Progress:=======================>      78%] [Cov:=============================>     83%]
[Progress:========================>     80%] [Cov:============================>      82%]
[Progress:========================>     80%] [Cov:=============================>     83%]
[Progress:========================>     80%] [Cov:============================>      82%]
[Progress:========================>     80%] [Cov:=============================>     83%]
[Progress:========================>     81%] [Cov:============================>      82%]
[Progress:========================>     81%] [Cov:============================>      82%]
[Progress:========================>     81%] [Cov:=============================>     83%]
[Progress:========================>     81%] [Cov:============================>      82%]
[Progress:========================>     81%] [Cov:=============================>     83%]
[Progress:========================>     83%] [Cov:============================>      82%]
[Progress:========================>     83%] [Cov:=============================>     83%]
[Progress:========================>     83%] [Cov:============================>      82%]
[Progress:========================>     83%] [Cov:=============================>     83%]
[Progress:=========================>    85%] [Cov:============================>      82%]
[Progress:=========================>    85%] [Cov:=============================>     83%]
[Progress:=========================>    85%] [Cov:============================>      82%]
[Progress:=========================>    85%] [Cov:=============================>     83%]
[Progress:=========================>    86%] [Cov:===========================>       78%]
[Progress:=========================>    86%] [Cov:============================>      81%]
[Progress:=========================>    86%] [Cov:=============================>     83%]
[Progress:=========================>    86%] [Cov:============================>      82%]
[Progress:=========================>    86%] [Cov:=============================>     83%]
[Progress:==========================>   88%] [Cov:=============================>     83%]
[Progress:==========================>   88%] [Cov:============================>      82%]
[Progress:==========================>   88%] [Cov:=============================>     83%]
[Progress:===========================>  90%] [Cov:=============================>     83%]
[Progress:===========================>  90%] [Cov:============================>      82%]
[Progress:===========================>  90%] [Cov:=============================>     83%]
[Progress:===========================>  91%] [Cov:=============================>     83%]
[Progress:===========================>  91%] [Cov:============================>      82%]
[Progress:===========================>  91%] [Cov:=============================>     83%]
[Progress:===========================>  93%] [Cov:=============================>     83%]
[Progress:===========================>  93%] [Cov:============================>      82%]
[Progress:===========================>  93%] [Cov:=============================>     83%]
[Progress:============================> 95%] [Cov:=============================>     83%]
[Progress:============================> 95%] [Cov:============================>      82%]
[Progress:============================> 95%] [Cov:=============================>     83%]
[Progress:============================> 95%] [Cov:============================>      82%]
[Progress:============================> 95%] [Cov:=============================>     83%]
[Progress:============================> 96%] [Cov:=============================>     83%]
[Progress:============================> 96%] [Cov:============================>      82%]
[Progress:============================> 96%] [Cov:=============================>     83%]
[Progress:=============================>98%] [Cov:=============================>     83%][MASTER] 06:45:59.709 [logback-1] WARN  TestCluster - Failed to check cache for java.util.function.Predicate<T> : Type points to itself

[Progress:=============================>98%] [Cov:============================>      82%]
[Progress:=============================>98%] [Cov:=============================>     83%]
[Progress:==============================100%] [Cov:============================>      81%]
[Progress:==============================100%] [Cov:============================>      82%]
[Progress:==============================100%] [Cov:============================>      82%]
[Progress:==============================100%] [Cov:=============================>     83%]
[Progress:==============================100%] [Cov:============================>      82%]
[Progress:==============================100%] [Cov:============================>      82%]
[Progress:==============================100%] [Cov:=============================>     83%]
[Progress:==============================100%] [Cov:============================>      82%]
* Search finished after 62s and 80 generations, 27576 statements, best individual has fitness: 80.35714285714286
* Minimizing test suite
* Going to analyze the coverage criteria
* Coverage analysis for criterion LINE
* Coverage of criterion LINE: 92%
* Total number of goals: 91
* Number of covered goals: 84
* Coverage analysis for criterion BRANCH
* Coverage of criterion BRANCH: 83%
* Total number of goals: 54
* Number of covered goals: 45
* Coverage analysis for criterion EXCEPTION
* Coverage of criterion EXCEPTION: 23%
* Total number of goals: 26
* Number of covered goals: 6
* Coverage analysis for criterion WEAKMUTATION
* Coverage of criterion WEAKMUTATION: 85%
* Total number of goals: 88
* Number of covered goals: 75
* Coverage analysis for criterion OUTPUT
* Coverage of criterion OUTPUT: 49%
* Total number of goals: 43
* Number of covered goals: 21
* Coverage analysis for criterion METHOD
* Coverage of criterion METHOD: 85%
* Total number of goals: 26
* Number of covered goals: 22
* Coverage analysis for criterion METHODNOEXCEPTION
* Coverage of criterion METHODNOEXCEPTION: 85%
* Total number of goals: 26
* Number of covered goals: 22
* Coverage analysis for criterion CBRANCH
* Coverage of criterion CBRANCH: 81%
* Total number of goals: 54
* Number of covered goals: 44
* Generated 30 tests with total length 117
* Resulting test suite's coverage: 83% (average coverage for all fitness functions)
* Generating assertions
* Resulting test suite's mutation score: 57%
* Compiling and checking tests
* Writing tests to file
* Writing JUnit test case 'ListOrderedSet_ESTest' to evosuite-tests
* Done!

* Computation finished

