CMD: /usr/lib/jvm/java-8-openjdk-amd64/bin/java -Dtools_jar_location=/usr/lib/jvm/java-8-openjdk-amd64/lib/tools.jar -jar /home/pizza/TestRound2/evosuite-1.2.0.jar -generateSuite -class com.google.javascript.jscomp.CrossModuleMethodMotion -projectCP /home/pizza/TestRound2/Test/Closure-163b/build/classes:/home/pizza/TestRound2/Test/Closure-163b/lib/args4j.jar:/home/pizza/TestRound2/Test/Closure-163b/lib/guava.jar:/home/pizza/TestRound2/Test/Closure-163b/lib/json.jar:/home/pizza/TestRound2/Test/Closure-163b/lib/jsr305.jar:/home/pizza/TestRound2/Test/Closure-163b/lib/protobuf-java.jar:/home/pizza/TestRound2/Test/Closure-163b/build/lib/rhino.jar:/home/pizza/TestRound2/Test/Closure-163b/lib/ant.jar -base_dir /home/pizza/TestRound2/results/project-Closure/Closure-163/round03/evosuite-work -seed 11 -Dalgorithm=NSGAII -Dsearch_budget=60 -Dtest_format=JUNIT4 -Dassertions=true

* EvoSuite 1.2.0
* Going to generate test cases for class: com.google.javascript.jscomp.CrossModuleMethodMotion
* Starting Client-0
* Connecting to master process on port 8220
* Analyzing classpath: 
  - /home/pizza/TestRound2/Test/Closure-163b/build/classes
  - /home/pizza/TestRound2/Test/Closure-163b/lib/args4j.jar
  - /home/pizza/TestRound2/Test/Closure-163b/lib/guava.jar
  - /home/pizza/TestRound2/Test/Closure-163b/lib/json.jar
  - /home/pizza/TestRound2/Test/Closure-163b/lib/jsr305.jar
  - /home/pizza/TestRound2/Test/Closure-163b/lib/protobuf-java.jar
  - /home/pizza/TestRound2/Test/Closure-163b/build/lib/rhino.jar
  - /home/pizza/TestRound2/Test/Closure-163b/lib/ant.jar
* Finished analyzing classpath
* Generating tests for class com.google.javascript.jscomp.CrossModuleMethodMotion
* Test criteria:
  - Line Coverage
  - Branch Coverage
  - Exception
  - Mutation testing (weak)
  - Method-Output Coverage
  - Top-Level Method Coverage
  - No-Exception Top-Level Method Coverage
  - Context Branch Coverage
* Setting up search algorithm for whole suite generation
* Total number of test goals: 
  - Line 66
  - Branch 33
  - Exception 0
  - MutationFactory 37
  - Output 0
  - Method 5
  - MethodNoException 5
  - CBranchFitnessFactory 33
* Using seed 11
* Starting evolution

[Progress:>                             0%] [Cov:>                                  0%]
[Progress:>                             3%] [Cov:>                                  0%]
[Progress:=>                            5%] [Cov:>                                  2%]
[Progress:=>                            6%] [Cov:>                                  2%]
[Progress:=>                            6%] [Cov:=>                                 4%]
[Progress:=>                            6%] [Cov:=====>                             17%]
[Progress:=>                            6%] [Cov:========>                          23%]
[Progress:=>                            6%] [Cov:===========>                       34%]
[Progress:=>                            6%] [Cov:===============>                   45%]
[Progress:=>                            6%] [Cov:===================>               56%]
[Progress:=>                            6%] [Cov:====================>              58%]
[Progress:===>                          11%] [Cov:>                                  1%]
[Progress:===>                          11%] [Cov:>                                  2%]
[Progress:===>                          11%] [Cov:=>                                 3%]
[Progress:===>                          11%] [Cov:=>                                 4%]
[Progress:===>                          11%] [Cov:=====>                             16%]
[Progress:===>                          11%] [Cov:=======>                           22%]
[Progress:===>                          11%] [Cov:===========>                       33%]
[Progress:===>                          11%] [Cov:==============>                    42%]
[Progress:===>                          11%] [Cov:===============>                   44%]
[Progress:===>                          11%] [Cov:=================>                 51%]
[Progress:===>                          11%] [Cov:===================>               55%]
[Progress:===>                          11%] [Cov:===================>               57%]
[Progress:===>                          11%] [Cov:====================>              58%]
[Progress:===>                          13%] [Cov:>                                  2%]
[Progress:===>                          13%] [Cov:=>                                 4%]
[Progress:===>                          13%] [Cov:=====>                             16%]
[Progress:===>                          13%] [Cov:=======>                           22%]
[Progress:===>                          13%] [Cov:===========>                       33%]
[Progress:===>                          13%] [Cov:===============>                   44%]
[Progress:===>                          13%] [Cov:===================>               55%]
[Progress:===>                          13%] [Cov:===================>               56%]
[Progress:===>                          13%] [Cov:===================>               57%]
[Progress:===>                          13%] [Cov:====================>              58%]
[Progress:===>                          13%] [Cov:====================>              58%]
[Progress:===>                          13%] [Cov:====================>              58%]
[Progress:====>                         15%] [Cov:====================>              58%]
[Progress:====>                         15%] [Cov:====================>              58%]
[Progress:====>                         15%] [Cov:====================>              58%]
[Progress:====>                         15%] [Cov:====================>              58%]
[Progress:====>                         16%] [Cov:====================>              58%]
[Progress:====>                         16%] [Cov:====================>              58%]
[Progress:====>                         16%] [Cov:====================>              58%]
[Progress:====>                         16%] [Cov:====================>              58%]
[Progress:====>                         16%] [Cov:====================>              58%]
[Progress:=====>                        18%] [Cov:====================>              58%]
[Progress:=====>                        18%] [Cov:====================>              58%]
[Progress:=====>                        18%] [Cov:====================>              58%]
[Progress:=====>                        18%] [Cov:====================>              58%]
[Progress:======>                       20%] [Cov:====================>              58%]
[Progress:======>                       20%] [Cov:====================>              58%]
[Progress:======>                       20%] [Cov:====================>              58%]
[Progress:======>                       20%] [Cov:====================>              58%]
[Progress:======>                       20%] [Cov:====================>              58%]
[Progress:======>                       20%] [Cov:====================>              58%]
[Progress:======>                       21%] [Cov:====================>              58%]
[Progress:======>                       21%] [Cov:====================>              58%]
[Progress:======>                       21%] [Cov:====================>              58%]
[Progress:======>                       21%] [Cov:====================>              58%]
[Progress:======>                       21%] [Cov:====================>              58%]
[Progress:======>                       21%] [Cov:====================>              58%]
[Progress:======>                       23%] [Cov:====================>              58%]
[Progress:======>                       23%] [Cov:====================>              58%]
[Progress:======>                       23%] [Cov:====================>              58%]
[Progress:======>                       23%] [Cov:====================>              58%]
[Progress:=======>                      25%] [Cov:====================>              58%]
[Progress:=======>                      25%] [Cov:====================>              58%]
[Progress:=======>                      25%] [Cov:====================>              58%]
[Progress:=======>                      25%] [Cov:====================>              58%]
[Progress:=======>                      25%] [Cov:====================>              58%]
[Progress:=======>                      26%] [Cov:====================>              58%]
[Progress:=======>                      26%] [Cov:====================>              58%]
[Progress:=======>                      26%] [Cov:====================>              58%]
[Progress:=======>                      26%] [Cov:====================>              58%]
[Progress:=======>                      26%] [Cov:====================>              58%]
[Progress:=======>                      26%] [Cov:====================>              58%]
[Progress:========>                     28%] [Cov:====================>              58%]
[Progress:========>                     28%] [Cov:====================>              58%]
[Progress:========>                     28%] [Cov:====================>              58%]
[Progress:========>                     28%] [Cov:====================>              58%]
[Progress:=========>                    30%] [Cov:====================>              58%]
[Progress:=========>                    30%] [Cov:====================>              58%]
[Progress:=========>                    30%] [Cov:====================>              58%]
[Progress:=========>                    30%] [Cov:====================>              58%]
[Progress:=========>                    30%] [Cov:====================>              58%]
[Progress:=========>                    31%] [Cov:====================>              58%]
[Progress:=========>                    31%] [Cov:====================>              58%]
[Progress:=========>                    31%] [Cov:====================>              58%]
[Progress:=========>                    31%] [Cov:====================>              58%]
[Progress:=========>                    31%] [Cov:====================>              58%]
[Progress:=========>                    33%] [Cov:====================>              58%]
[Progress:=========>                    33%] [Cov:====================>              58%]
[Progress:=========>                    33%] [Cov:====================>              58%]
[Progress:=========>                    33%] [Cov:====================>              58%]
[Progress:=========>                    33%] [Cov:====================>              58%]
[Progress:=========>                    33%] [Cov:====================>              58%]
[Progress:=========>                    33%] [Cov:====================>              58%]
[Progress:==========>                   35%] [Cov:====================>              58%]
[Progress:==========>                   35%] [Cov:====================>              58%]
[Progress:==========>                   35%] [Cov:====================>              58%]
[Progress:==========>                   35%] [Cov:====================>              58%]
[Progress:==========>                   35%] [Cov:====================>              58%]
[Progress:==========>                   36%] [Cov:====================>              58%]
[Progress:==========>                   36%] [Cov:====================>              58%]
[Progress:==========>                   36%] [Cov:====================>              58%]
[Progress:==========>                   36%] [Cov:====================>              58%]
[Progress:==========>                   36%] [Cov:====================>              58%]
[Progress:==========>                   36%] [Cov:====================>              58%]
[Progress:==========>                   36%] [Cov:====================>              58%]
[Progress:===========>                  38%] [Cov:===================>               57%]
[Progress:===========>                  38%] [Cov:====================>              58%]
[Progress:===========>                  38%] [Cov:====================>              58%]
[Progress:===========>                  38%] [Cov:====================>              58%]
[Progress:===========>                  38%] [Cov:====================>              58%]
[Progress:===========>                  38%] [Cov:====================>              58%]
[Progress:============>                 40%] [Cov:====================>              58%]
[Progress:============>                 40%] [Cov:====================>              58%]
[Progress:============>                 40%] [Cov:====================>              58%]
[Progress:============>                 40%] [Cov:====================>              58%]
[Progress:============>                 40%] [Cov:====================>              58%]
[Progress:============>                 40%] [Cov:====================>              58%]
[Progress:============>                 40%] [Cov:====================>              58%]
[Progress:============>                 40%] [Cov:====================>              58%]
[Progress:============>                 41%] [Cov:====================>              58%]
[Progress:============>                 41%] [Cov:====================>              58%]
[Progress:============>                 41%] [Cov:====================>              58%]
[Progress:============>                 41%] [Cov:====================>              58%]
[Progress:============>                 41%] [Cov:====================>              58%]
[Progress:============>                 41%] [Cov:====================>              58%]
[Progress:============>                 41%] [Cov:====================>              58%]
[Progress:============>                 41%] [Cov:====================>              58%]
[Progress:============>                 43%] [Cov:====================>              58%]
[Progress:============>                 43%] [Cov:====================>              58%]
[Progress:============>                 43%] [Cov:====================>              58%]
[Progress:============>                 43%] [Cov:====================>              58%]
[Progress:============>                 43%] [Cov:====================>              58%]
[Progress:============>                 43%] [Cov:====================>              58%]
[Progress:============>                 43%] [Cov:====================>              58%]
[Progress:============>                 43%] [Cov:====================>              58%]
[Progress:============>                 43%] [Cov:====================>              58%]
[Progress:============>                 43%] [Cov:====================>              58%]
[Progress:=============>                45%] [Cov:===================>               57%]
[Progress:=============>                45%] [Cov:====================>              58%]
[Progress:=============>                45%] [Cov:====================>              58%]
[Progress:=============>                45%] [Cov:====================>              58%]
[Progress:=============>                45%] [Cov:====================>              58%]
[Progress:=============>                45%] [Cov:====================>              58%]
[Progress:=============>                45%] [Cov:====================>              58%]
[Progress:=============>                45%] [Cov:====================>              58%]
[Progress:=============>                46%] [Cov:=======>                           22%]
[Progress:=============>                46%] [Cov:===================>               56%]
[Progress:=============>                46%] [Cov:===================>               57%]
[Progress:=============>                46%] [Cov:====================>              58%]
[Progress:=============>                46%] [Cov:====================>              58%]
[Progress:=============>                46%] [Cov:====================>              58%]
[Progress:=============>                46%] [Cov:====================>              58%]
[Progress:=============>                46%] [Cov:====================>              58%]
[Progress:=============>                46%] [Cov:====================>              58%]
[Progress:==============>               48%] [Cov:====================>              58%]
[Progress:==============>               48%] [Cov:====================>              58%]
[Progress:==============>               48%] [Cov:====================>              58%]
[Progress:==============>               48%] [Cov:====================>              58%]
[Progress:==============>               48%] [Cov:====================>              58%]
[Progress:==============>               48%] [Cov:====================>              58%]
[Progress:==============>               48%] [Cov:====================>              58%]
[Progress:==============>               48%] [Cov:====================>              58%]
[Progress:===============>              50%] [Cov:====================>              58%]
[Progress:===============>              50%] [Cov:====================>              58%]
[Progress:===============>              50%] [Cov:====================>              58%]
[Progress:===============>              50%] [Cov:====================>              58%]
[Progress:===============>              50%] [Cov:====================>              58%]
[Progress:===============>              50%] [Cov:====================>              58%]
[Progress:===============>              50%] [Cov:====================>              58%]
[Progress:===============>              50%] [Cov:====================>              58%]
[Progress:===============>              50%] [Cov:====================>              58%]
[Progress:===============>              50%] [Cov:====================>              58%]
[Progress:===============>              51%] [Cov:====================>              58%]
[Progress:===============>              51%] [Cov:====================>              58%]
[Progress:===============>              51%] [Cov:====================>              58%]
[Progress:===============>              51%] [Cov:====================>              58%]
[Progress:===============>              51%] [Cov:====================>              58%]
[Progress:===============>              51%] [Cov:====================>              58%]
[Progress:===============>              51%] [Cov:====================>              58%]
[Progress:===============>              51%] [Cov:====================>              58%]
[Progress:===============>              51%] [Cov:====================>              58%]
[Progress:===============>              51%] [Cov:====================>              58%]
[Progress:===============>              53%] [Cov:====================>              58%]
[Progress:===============>              53%] [Cov:====================>              58%]
[Progress:===============>              53%] [Cov:====================>              58%]
[Progress:===============>              53%] [Cov:====================>              58%]
[Progress:===============>              53%] [Cov:====================>              58%]
[Progress:===============>              53%] [Cov:====================>              58%]
[Progress:===============>              53%] [Cov:====================>              58%]
[Progress:===============>              53%] [Cov:====================>              58%]
[Progress:================>             55%] [Cov:====================>              58%]
[Progress:================>             55%] [Cov:====================>              58%]
[Progress:================>             55%] [Cov:====================>              58%]
[Progress:================>             55%] [Cov:====================>              58%]
[Progress:================>             55%] [Cov:====================>              58%]
[Progress:================>             55%] [Cov:====================>              58%]
[Progress:================>             55%] [Cov:====================>              58%]
[Progress:================>             55%] [Cov:====================>              58%]
[Progress:================>             55%] [Cov:====================>              58%]
[Progress:================>             55%] [Cov:====================>              58%]
[Progress:================>             55%] [Cov:====================>              58%]
[Progress:================>             56%] [Cov:====================>              58%]
[Progress:================>             56%] [Cov:====================>              58%]
[Progress:================>             56%] [Cov:====================>              58%]
[Progress:================>             56%] [Cov:====================>              58%]
[Progress:================>             56%] [Cov:====================>              58%]
[Progress:================>             56%] [Cov:====================>              58%]
[Progress:================>             56%] [Cov:====================>              58%]
[Progress:================>             56%] [Cov:====================>              58%]
[Progress:================>             56%] [Cov:====================>              58%]
[Progress:================>             56%] [Cov:====================>              58%]
[Progress:================>             56%] [Cov:====================>              58%]
[Progress:=================>            58%] [Cov:====================>              58%]
[Progress:=================>            58%] [Cov:====================>              58%]
[Progress:=================>            58%] [Cov:====================>              58%]
[Progress:=================>            58%] [Cov:====================>              58%]
[Progress:=================>            58%] [Cov:====================>              58%]
[Progress:=================>            58%] [Cov:====================>              58%]
[Progress:=================>            58%] [Cov:====================>              58%]
[Progress:=================>            58%] [Cov:====================>              58%]
[Progress:=================>            58%] [Cov:====================>              58%]
[Progress:=================>            58%] [Cov:====================>              58%]
[Progress:==================>           60%] [Cov:====================>              58%]
[Progress:==================>           60%] [Cov:====================>              58%]
[Progress:==================>           60%] [Cov:====================>              58%]
[Progress:==================>           60%] [Cov:====================>              58%]
[Progress:==================>           60%] [Cov:====================>              58%]
[Progress:==================>           60%] [Cov:====================>              58%]
[Progress:==================>           60%] [Cov:====================>              58%]
[Progress:==================>           60%] [Cov:====================>              58%]
[Progress:==================>           60%] [Cov:====================>              58%]
[Progress:==================>           61%] [Cov:====================>              58%]
[Progress:==================>           61%] [Cov:====================>              58%]
[Progress:==================>           61%] [Cov:====================>              58%]
[Progress:==================>           61%] [Cov:====================>              58%]
[Progress:==================>           61%] [Cov:====================>              58%]
[Progress:==================>           61%] [Cov:====================>              58%]
[Progress:==================>           61%] [Cov:====================>              58%]
[Progress:==================>           61%] [Cov:====================>              58%]
[Progress:==================>           61%] [Cov:====================>              58%]
[Progress:==================>           63%] [Cov:====================>              58%]
[Progress:==================>           63%] [Cov:====================>              58%]
[Progress:==================>           63%] [Cov:====================>              58%]
[Progress:==================>           63%] [Cov:====================>              58%]
[Progress:==================>           63%] [Cov:====================>              58%]
[Progress:==================>           63%] [Cov:====================>              58%]
[Progress:==================>           63%] [Cov:====================>              58%]
[Progress:==================>           63%] [Cov:====================>              58%]
[Progress:===================>          65%] [Cov:====================>              58%]
[Progress:===================>          65%] [Cov:====================>              58%]
[Progress:===================>          65%] [Cov:====================>              58%]
[Progress:===================>          65%] [Cov:====================>              58%]
[Progress:===================>          65%] [Cov:====================>              58%]
[Progress:===================>          65%] [Cov:====================>              58%]
[Progress:===================>          65%] [Cov:====================>              58%]
[Progress:===================>          65%] [Cov:====================>              58%]
[Progress:===================>          65%] [Cov:====================>              58%]
[Progress:===================>          66%] [Cov:====================>              58%]
[Progress:===================>          66%] [Cov:====================>              58%]
[Progress:===================>          66%] [Cov:====================>              58%]
[Progress:===================>          66%] [Cov:====================>              58%]
[Progress:===================>          66%] [Cov:====================>              58%]
[Progress:===================>          66%] [Cov:====================>              58%]
[Progress:===================>          66%] [Cov:====================>              58%]
[Progress:===================>          66%] [Cov:====================>              58%]
[Progress:===================>          66%] [Cov:====================>              58%]
[Progress:===================>          66%] [Cov:====================>              58%]
[Progress:===================>          66%] [Cov:====================>              58%]
[Progress:===================>          66%] [Cov:====================>              58%]
[Progress:====================>         68%] [Cov:===================>               57%]
[Progress:====================>         68%] [Cov:====================>              58%]
[Progress:====================>         68%] [Cov:====================>              58%]
[Progress:====================>         68%] [Cov:====================>              58%]
[Progress:====================>         68%] [Cov:====================>              58%]
[Progress:====================>         68%] [Cov:====================>              58%]
[Progress:====================>         68%] [Cov:====================>              58%]
[Progress:====================>         68%] [Cov:====================>              58%]
[Progress:====================>         68%] [Cov:====================>              58%]
[Progress:====================>         68%] [Cov:====================>              58%]
[Progress:=====================>        70%] [Cov:===================>               57%]
[Progress:=====================>        70%] [Cov:====================>              58%]
[Progress:=====================>        70%] [Cov:====================>              58%]
[Progress:=====================>        70%] [Cov:====================>              58%]
[Progress:=====================>        70%] [Cov:====================>              58%]
[Progress:=====================>        70%] [Cov:====================>              58%]
[Progress:=====================>        70%] [Cov:====================>              58%]
[Progress:=====================>        70%] [Cov:====================>              58%]
[Progress:=====================>        70%] [Cov:====================>              58%]
[Progress:=====================>        70%] [Cov:====================>              58%]
[Progress:=====================>        70%] [Cov:====================>              58%]
[Progress:=====================>        70%] [Cov:====================>              58%]
[Progress:=====================>        71%] [Cov:====================>              58%]
[Progress:=====================>        71%] [Cov:====================>              58%]
[Progress:=====================>        71%] [Cov:====================>              58%]
[Progress:=====================>        71%] [Cov:====================>              58%]
[Progress:=====================>        71%] [Cov:====================>              58%]
[Progress:=====================>        71%] [Cov:====================>              58%]
[Progress:=====================>        71%] [Cov:====================>              58%]
[Progress:=====================>        71%] [Cov:====================>              58%]
[Progress:=====================>        71%] [Cov:====================>              58%]
[Progress:=====================>        71%] [Cov:====================>              58%]
[Progress:=====================>        71%] [Cov:====================>              58%]
[Progress:=====================>        71%] [Cov:====================>              58%]
[Progress:=====================>        71%] [Cov:====================>              58%]
[Progress:=====================>        73%] [Cov:====================>              58%]
[Progress:=====================>        73%] [Cov:====================>              58%]
[Progress:=====================>        73%] [Cov:====================>              58%]
[Progress:=====================>        73%] [Cov:====================>              58%]
[Progress:=====================>        73%] [Cov:====================>              58%]
[Progress:=====================>        73%] [Cov:====================>              58%]
[Progress:=====================>        73%] [Cov:====================>              58%]
[Progress:=====================>        73%] [Cov:====================>              58%]
[Progress:=====================>        73%] [Cov:====================>              58%]
[Progress:=====================>        73%] [Cov:====================>              58%]
[Progress:=====================>        73%] [Cov:====================>              58%]
[Progress:=====================>        73%] [Cov:====================>              58%]
[Progress:=====================>        73%] [Cov:====================>              58%]
[Progress:======================>       75%] [Cov:====================>              58%]
[Progress:======================>       75%] [Cov:====================>              58%]
[Progress:======================>       75%] [Cov:====================>              58%]
[Progress:======================>       75%] [Cov:====================>              58%]
[Progress:======================>       75%] [Cov:====================>              58%]
[Progress:======================>       75%] [Cov:====================>              58%]
[Progress:======================>       75%] [Cov:====================>              58%]
[Progress:======================>       75%] [Cov:====================>              58%]
[Progress:======================>       75%] [Cov:====================>              58%]
[Progress:======================>       75%] [Cov:====================>              58%]
[Progress:======================>       75%] [Cov:====================>              58%]
[Progress:======================>       75%] [Cov:====================>              58%]
[Progress:======================>       76%] [Cov:====================>              58%]
[Progress:======================>       76%] [Cov:====================>              58%]
[Progress:======================>       76%] [Cov:====================>              58%]
[Progress:======================>       76%] [Cov:====================>              58%]
[Progress:======================>       76%] [Cov:====================>              58%]
[Progress:======================>       76%] [Cov:====================>              58%]
[Progress:======================>       76%] [Cov:====================>              58%]
[Progress:======================>       76%] [Cov:====================>              58%]
[Progress:======================>       76%] [Cov:====================>              58%]
[Progress:======================>       76%] [Cov:====================>              58%]
[Progress:======================>       76%] [Cov:====================>              58%]
[Progress:======================>       76%] [Cov:====================>              58%]
[Progress:======================>       76%] [Cov:====================>              58%]
[Progress:======================>       76%] [Cov:====================>              58%]
[Progress:=======================>      78%] [Cov:===================>               56%]
[Progress:=======================>      78%] [Cov:====================>              58%]
[Progress:=======================>      78%] [Cov:====================>              58%]
[Progress:=======================>      78%] [Cov:====================>              58%]
[Progress:=======================>      78%] [Cov:====================>              58%]
[Progress:=======================>      78%] [Cov:====================>              58%]
[Progress:=======================>      78%] [Cov:====================>              58%]
[Progress:=======================>      78%] [Cov:====================>              58%]
[Progress:=======================>      78%] [Cov:====================>              58%]
[Progress:=======================>      78%] [Cov:====================>              58%]
[Progress:=======================>      78%] [Cov:====================>              58%]
[Progress:=======================>      78%] [Cov:====================>              58%]
[Progress:=======================>      78%] [Cov:====================>              58%]
[Progress:=======================>      78%] [Cov:====================>              58%]
[Progress:=======================>      78%] [Cov:====================>              58%]
[Progress:========================>     80%] [Cov:====================>              58%]
[Progress:========================>     80%] [Cov:====================>              58%]
[Progress:========================>     80%] [Cov:====================>              58%]
[Progress:========================>     80%] [Cov:====================>              58%]
[Progress:========================>     80%] [Cov:====================>              58%]
[Progress:========================>     80%] [Cov:====================>              58%]
[Progress:========================>     80%] [Cov:====================>              58%]
[Progress:========================>     80%] [Cov:====================>              58%]
[Progress:========================>     80%] [Cov:====================>              58%]
[Progress:========================>     80%] [Cov:====================>              58%]
[Progress:========================>     80%] [Cov:====================>              58%]
[Progress:========================>     80%] [Cov:====================>              58%]
[Progress:========================>     80%] [Cov:====================>              58%]
[Progress:========================>     80%] [Cov:====================>              58%]
[Progress:========================>     80%] [Cov:====================>              58%]
[Progress:========================>     80%] [Cov:====================>              58%]
[Progress:========================>     81%] [Cov:====================>              58%]
[Progress:========================>     81%] [Cov:====================>              58%]
[Progress:========================>     81%] [Cov:====================>              58%]
[Progress:========================>     81%] [Cov:====================>              58%]
[Progress:========================>     81%] [Cov:====================>              58%]
[Progress:========================>     81%] [Cov:====================>              58%]
[Progress:========================>     81%] [Cov:====================>              58%]
[Progress:========================>     81%] [Cov:====================>              58%]
[Progress:========================>     81%] [Cov:====================>              58%]
[Progress:========================>     81%] [Cov:====================>              58%]
[Progress:========================>     81%] [Cov:====================>              58%]
[Progress:========================>     81%] [Cov:====================>              58%]
[Progress:========================>     81%] [Cov:====================>              58%]
[Progress:========================>     81%] [Cov:====================>              58%]
[Progress:========================>     81%] [Cov:====================>              58%]
[Progress:========================>     83%] [Cov:===================>               57%]
[Progress:========================>     83%] [Cov:====================>              58%]
[Progress:========================>     83%] [Cov:====================>              58%]
[Progress:========================>     83%] [Cov:====================>              58%]
[Progress:========================>     83%] [Cov:====================>              58%]
[Progress:========================>     83%] [Cov:====================>              58%]
[Progress:========================>     83%] [Cov:====================>              58%]
[Progress:========================>     83%] [Cov:====================>              58%]
[Progress:========================>     83%] [Cov:====================>              58%]
[Progress:========================>     83%] [Cov:====================>              58%][MASTER] 10:53:10.859 [logback-1] WARN  TestCluster - Failed to check cache for java.util.Enumeration<E> : Type points to itself

[Progress:========================>     83%] [Cov:====================>              58%]
[Progress:=========================>    85%] [Cov:===================>               57%]
[Progress:=========================>    85%] [Cov:====================>              58%]
[Progress:=========================>    85%] [Cov:====================>              58%]
[Progress:=========================>    85%] [Cov:====================>              58%]
[Progress:=========================>    85%] [Cov:====================>              58%]
[Progress:=========================>    85%] [Cov:====================>              58%]
[Progress:=========================>    85%] [Cov:====================>              58%]
[Progress:=========================>    85%] [Cov:====================>              58%]
[Progress:=========================>    85%] [Cov:====================>              58%]
[Progress:=========================>    85%] [Cov:====================>              58%]
[Progress:=========================>    85%] [Cov:====================>              58%]
[Progress:=========================>    85%] [Cov:====================>              58%]
[Progress:=========================>    85%] [Cov:====================>              58%]
[Progress:=========================>    85%] [Cov:====================>              58%]
[Progress:=========================>    86%] [Cov:====================>              58%]
[Progress:=========================>    86%] [Cov:====================>              58%]
[Progress:=========================>    86%] [Cov:====================>              58%]
[Progress:=========================>    86%] [Cov:====================>              58%]
[Progress:=========================>    86%] [Cov:====================>              58%]
[Progress:=========================>    86%] [Cov:====================>              58%]
[Progress:=========================>    86%] [Cov:====================>              58%]
[Progress:=========================>    86%] [Cov:====================>              58%]
[Progress:=========================>    86%] [Cov:====================>              58%]
[Progress:=========================>    86%] [Cov:====================>              58%]
[Progress:=========================>    86%] [Cov:====================>              58%]
[Progress:=========================>    86%] [Cov:====================>              58%]
[Progress:=========================>    86%] [Cov:====================>              58%]
[Progress:=========================>    86%] [Cov:====================>              58%]
[Progress:=========================>    86%] [Cov:====================>              58%]
[Progress:==========================>   88%] [Cov:====================>              58%]
[Progress:==========================>   88%] [Cov:====================>              58%]
[Progress:==========================>   88%] [Cov:====================>              58%]
[Progress:==========================>   88%] [Cov:====================>              58%]
[Progress:==========================>   88%] [Cov:====================>              58%]
[Progress:==========================>   88%] [Cov:====================>              58%]
[Progress:==========================>   88%] [Cov:====================>              58%]
[Progress:==========================>   88%] [Cov:====================>              58%]
[Progress:==========================>   88%] [Cov:====================>              58%]
[Progress:==========================>   88%] [Cov:====================>              58%]
[Progress:==========================>   88%] [Cov:====================>              58%]
[Progress:===========================>  90%] [Cov:====================>              58%]
[Progress:===========================>  90%] [Cov:====================>              58%]
[Progress:===========================>  90%] [Cov:====================>              58%]
[Progress:===========================>  90%] [Cov:====================>              58%]
[Progress:===========================>  90%] [Cov:====================>              58%]
[Progress:===========================>  90%] [Cov:====================>              58%]
[Progress:===========================>  90%] [Cov:====================>              58%]
[Progress:===========================>  90%] [Cov:====================>              58%]
[Progress:===========================>  90%] [Cov:====================>              58%]
[Progress:===========================>  91%] [Cov:====================>              58%]
[Progress:===========================>  91%] [Cov:====================>              58%]
[Progress:===========================>  91%] [Cov:====================>              58%]
[Progress:===========================>  91%] [Cov:====================>              58%]
[Progress:===========================>  91%] [Cov:====================>              58%]
[Progress:===========================>  91%] [Cov:====================>              58%]
[Progress:===========================>  91%] [Cov:====================>              58%]
[Progress:===========================>  91%] [Cov:====================>              58%]
[Progress:===========================>  91%] [Cov:====================>              58%]
[Progress:===========================>  93%] [Cov:===================>               56%]
[Progress:===========================>  93%] [Cov:====================>              58%]
[Progress:===========================>  93%] [Cov:====================>              58%]
[Progress:===========================>  93%] [Cov:====================>              58%]
[Progress:===========================>  93%] [Cov:====================>              58%]
[Progress:===========================>  93%] [Cov:====================>              58%]
[Progress:===========================>  93%] [Cov:====================>              58%]
[Progress:===========================>  93%] [Cov:====================>              58%]
[Progress:===========================>  93%] [Cov:====================>              58%]
[Progress:===========================>  93%] [Cov:====================>              58%]
[Progress:===========================>  93%] [Cov:====================>              58%]
[Progress:===========================>  93%] [Cov:====================>              58%]
[Progress:============================> 95%] [Cov:===================>               57%]
[Progress:============================> 95%] [Cov:====================>              58%]
[Progress:============================> 95%] [Cov:====================>              58%]
[Progress:============================> 95%] [Cov:====================>              58%]
[Progress:============================> 95%] [Cov:====================>              58%]
[Progress:============================> 95%] [Cov:====================>              58%]
[Progress:============================> 95%] [Cov:====================>              58%]
[Progress:============================> 95%] [Cov:====================>              58%]
[Progress:============================> 95%] [Cov:====================>              58%]
[Progress:============================> 95%] [Cov:====================>              58%]
[Progress:============================> 96%] [Cov:====================>              58%]
[Progress:============================> 96%] [Cov:====================>              58%]
[Progress:============================> 96%] [Cov:====================>              58%]
[Progress:============================> 96%] [Cov:====================>              58%]
[Progress:============================> 96%] [Cov:====================>              58%]
[Progress:============================> 96%] [Cov:====================>              58%]
[Progress:============================> 96%] [Cov:====================>              58%]
[Progress:============================> 96%] [Cov:====================>              58%]
[Progress:============================> 96%] [Cov:====================>              58%]
[Progress:=============================>98%] [Cov:=================>                 50%]
[Progress:=============================>98%] [Cov:====================>              58%]
[Progress:=============================>98%] [Cov:====================>              58%]
[Progress:=============================>98%] [Cov:====================>              58%]
[Progress:=============================>98%] [Cov:====================>              58%]
[Progress:=============================>98%] [Cov:====================>              58%]
[Progress:=============================>98%] [Cov:====================>              58%]
[Progress:=============================>98%] [Cov:====================>              58%]
[Progress:=============================>98%] [Cov:====================>              58%]
[Progress:=============================>98%] [Cov:====================>              58%]
[Progress:==============================100%] [Cov:====================>              58%]
[Progress:==============================100%] [Cov:====================>              58%]
[Progress:==============================100%] [Cov:====================>              58%]
[Progress:==============================100%] [Cov:====================>              58%]
[Progress:==============================100%] [Cov:====================>              58%]
[Progress:==============================100%] [Cov:====================>              58%]
[Progress:==============================100%] [Cov:====================>              58%]
[Progress:==============================100%] [Cov:====================>              58%]
[Progress:==============================100%] [Cov:====================>              58%]
[Progress:==============================100%] [Cov:====================>              58%]
* Search finished after 61s and 413 generations, 100710 statements, best individual has fitness: 146.9818181818182
* Minimizing test suite
* Going to analyze the coverage criteria
* Coverage analysis for criterion LINE
* Coverage of criterion LINE: 18%
* Total number of goals: 66
* Number of covered goals: 12
* Coverage analysis for criterion BRANCH
* Coverage of criterion BRANCH: 18%
* Total number of goals: 33
* Number of covered goals: 6
* Coverage analysis for criterion EXCEPTION
* Coverage of criterion EXCEPTION: 0%
* Total number of goals: 1
* Number of covered goals: 0
* Coverage analysis for criterion WEAKMUTATION
* Coverage of criterion WEAKMUTATION: 57%
* Total number of goals: 37
* Number of covered goals: 21
* Coverage analysis for criterion OUTPUT
* Coverage of criterion OUTPUT: 100% (no goals)
* Coverage analysis for criterion METHOD
* Coverage of criterion METHOD: 100%
* Total number of goals: 5
* Number of covered goals: 5
* Coverage analysis for criterion METHODNOEXCEPTION
* Coverage of criterion METHODNOEXCEPTION: 100%
* Total number of goals: 5
* Number of covered goals: 5
* Coverage analysis for criterion CBRANCH
* Coverage of criterion CBRANCH: 18%
* Total number of goals: 33
* Number of covered goals: 6
* Generated 3 tests with total length 10
* Resulting test suite's coverage: 59% (average coverage for all fitness functions)
* Generating assertions
* Resulting test suite's mutation score: 38%
* Compiling and checking tests
* Permissions denied during test execution: 
  - java.lang.RuntimePermission: 
         writeFileDescriptor: 9
* Writing tests to file
* Writing JUnit test case 'CrossModuleMethodMotion_ESTest' to evosuite-tests
* Done!

* Computation finished

