CMD: /usr/lib/jvm/java-8-openjdk-amd64/bin/java -Dtools_jar_location=/usr/lib/jvm/java-8-openjdk-amd64/lib/tools.jar -jar /home/pizza/evosuite/evosuite-1.2.0.jar -generateSuite -class com.google.javascript.jscomp.CodeGenerator -projectCP /home/pizza/evosuite/Test/Closure-157b/build/classes:/home/pizza/evosuite/Test/Closure-157b/lib/args4j.jar:/home/pizza/evosuite/Test/Closure-157b/lib/guava.jar:/home/pizza/evosuite/Test/Closure-157b/lib/json.jar:/home/pizza/evosuite/Test/Closure-157b/lib/jsr305.jar:/home/pizza/evosuite/Test/Closure-157b/lib/libtrunk_rhino_parser_jarjared.jar:/home/pizza/evosuite/Test/Closure-157b/lib/protobuf-java.jar:/home/pizza/evosuite/Test/Closure-157b/lib/ant.jar -base_dir /home/pizza/evosuite/results/project-Closure/Closure-157/round02/evosuite-work -seed 11 -Dalgorithm=NSGAII -Dsearch_budget=150 -Dtest_format=JUNIT4 -Dassertions=true

* EvoSuite 1.2.0
* Going to generate test cases for class: com.google.javascript.jscomp.CodeGenerator
* Starting Client-0
* Connecting to master process on port 8220
* Analyzing classpath: 
  - /home/pizza/evosuite/Test/Closure-157b/build/classes
  - /home/pizza/evosuite/Test/Closure-157b/lib/args4j.jar
  - /home/pizza/evosuite/Test/Closure-157b/lib/guava.jar
  - /home/pizza/evosuite/Test/Closure-157b/lib/json.jar
  - /home/pizza/evosuite/Test/Closure-157b/lib/jsr305.jar
  - /home/pizza/evosuite/Test/Closure-157b/lib/libtrunk_rhino_parser_jarjared.jar
  - /home/pizza/evosuite/Test/Closure-157b/lib/protobuf-java.jar
  - /home/pizza/evosuite/Test/Closure-157b/lib/ant.jar
* Finished analyzing classpath
* Generating tests for class com.google.javascript.jscomp.CodeGenerator
* Test criteria:
  - Line Coverage
  - Branch Coverage
  - Exception
  - Mutation testing (weak)
  - Method-Output Coverage
  - Top-Level Method Coverage
  - No-Exception Top-Level Method Coverage
  - Context Branch Coverage
* Setting up search algorithm for whole suite generation
* Total number of test goals: 
  - Line 561
  - Branch 718
  - Exception 0
  - MutationFactory 672
  - Output 18
  - Method 20
  - MethodNoException 20
  - CBranchFitnessFactory 718

[Progress:>                             0%] [Cov:>                                  0%]* Using seed 11
* Starting evolution

[Progress:>                             0%] [Cov:>                                  0%]
[Progress:>                             0%] [Cov:>                                  1%]
[Progress:>                             0%] [Cov:====>                              13%]
[Progress:>                             0%] [Cov:====>                              14%]
[Progress:>                             0%] [Cov:=====>                             15%]
[Progress:>                             0%] [Cov:=====>                             16%]
[Progress:>                             0%] [Cov:======>                            18%]
[Progress:>                             0%] [Cov:======>                            19%]
[Progress:>                             0%] [Cov:=======>                           21%]
[Progress:>                             0%] [Cov:=======>                           22%]
[Progress:>                             1%] [Cov:>                                  0%]
[Progress:>                             1%] [Cov:====>                              12%]
[Progress:>                             1%] [Cov:====>                              13%]
[Progress:>                             1%] [Cov:=====>                             16%]
[Progress:>                             1%] [Cov:======>                            18%]
[Progress:>                             1%] [Cov:=======>                           21%]
[Progress:>                             1%] [Cov:========>                          24%]
[Progress:>                             1%] [Cov:=========>                         26%]
[Progress:>                             1%] [Cov:=========>                         27%]
[Progress:>                             2%] [Cov:>                                  1%]
[Progress:>                             2%] [Cov:>                                  2%]
[Progress:>                             2%] [Cov:====>                              13%]
[Progress:>                             2%] [Cov:====>                              14%]
[Progress:>                             2%] [Cov:=====>                             16%]
[Progress:>                             2%] [Cov:======>                            19%]
[Progress:>                             2%] [Cov:========>                          23%]
[Progress:>                             2%] [Cov:=========>                         27%]
[Progress:>                             2%] [Cov:=========>                         28%]
[Progress:>                             2%] [Cov:=========>                         28%]
[Progress:>                             2%] [Cov:=========>                         28%]
[Progress:>                             3%] [Cov:========>                          23%]
[Progress:>                             3%] [Cov:========>                          24%]
[Progress:>                             3%] [Cov:========>                          25%]
[Progress:>                             3%] [Cov:=========>                         27%]
[Progress:>                             3%] [Cov:=========>                         28%]
[Progress:>                             3%] [Cov:=========>                         28%]
[Progress:=>                            4%] [Cov:========>                          24%]
[Progress:=>                            4%] [Cov:========>                          25%]
[Progress:=>                            4%] [Cov:=========>                         26%]
[Progress:=>                            4%] [Cov:=========>                         28%]
[Progress:=>                            4%] [Cov:=========>                         28%]
[Progress:=>                            4%] [Cov:==========>                        29%]
[Progress:=>                            4%] [Cov:==========>                        30%]
[Progress:=>                            4%] [Cov:==========>                        30%]
[Progress:=>                            5%] [Cov:=========>                         28%]
[Progress:=>                            5%] [Cov:==========>                        30%]
[Progress:=>                            5%] [Cov:==========>                        30%]
[Progress:=>                            5%] [Cov:==========>                        30%]
[Progress:=>                            6%] [Cov:=========>                         28%]
[Progress:=>                            6%] [Cov:==========>                        30%]
[Progress:=>                            6%] [Cov:==========>                        31%]
[Progress:=>                            6%] [Cov:==========>                        30%]
[Progress:=>                            6%] [Cov:==========>                        31%]
[Progress:=>                            6%] [Cov:==========>                        31%]
[Progress:==>                           7%] [Cov:==========>                        29%]
[Progress:==>                           7%] [Cov:==========>                        30%]
[Progress:==>                           7%] [Cov:==========>                        31%]
[Progress:==>                           7%] [Cov:===========>                       32%]
[Progress:==>                           7%] [Cov:==========>                        31%]
[Progress:==>                           8%] [Cov:==========>                        31%]
[Progress:==>                           8%] [Cov:==========>                        31%]
[Progress:==>                           8%] [Cov:===========>                       32%]
[Progress:==>                           9%] [Cov:==========>                        31%]
[Progress:==>                           9%] [Cov:==========>                        31%]
[Progress:==>                           9%] [Cov:===========>                       32%]
[Progress:===>                          10%] [Cov:==========>                        31%]
[Progress:===>                          10%] [Cov:==========>                        31%]
[Progress:===>                          10%] [Cov:===========>                       32%]
[Progress:===>                          10%] [Cov:==========>                        31%]
[Progress:===>                          10%] [Cov:===========>                       32%]
[Progress:===>                          11%] [Cov:===========>                       32%]
[Progress:===>                          11%] [Cov:===========>                       32%]
[Progress:===>                          12%] [Cov:==========>                        31%]
[Progress:===>                          12%] [Cov:===========>                       32%]
[Progress:===>                          12%] [Cov:==========>                        31%]
[Progress:===>                          12%] [Cov:===========>                       32%]
[Progress:===>                          13%] [Cov:==========>                        31%]
[Progress:===>                          13%] [Cov:===========>                       32%]
[Progress:===>                          13%] [Cov:==========>                        31%]
[Progress:===>                          13%] [Cov:===========>                       32%]
[Progress:====>                         14%] [Cov:==========>                        31%]
[Progress:====>                         14%] [Cov:===========>                       32%]
[Progress:====>                         14%] [Cov:==========>                        31%]
[Progress:====>                         14%] [Cov:===========>                       32%]
[Progress:====>                         14%] [Cov:===========>                       33%]
[Progress:====>                         15%] [Cov:===========>                       32%]
[Progress:====>                         15%] [Cov:==========>                        31%]
[Progress:====>                         15%] [Cov:===========>                       32%]
[Progress:====>                         15%] [Cov:===========>                       33%]
[Progress:====>                         16%] [Cov:===========>                       32%]
[Progress:====>                         16%] [Cov:===========>                       33%]
[Progress:====>                         16%] [Cov:===========>                       33%]
[Progress:=====>                        17%] [Cov:==========>                        31%]
[Progress:=====>                        17%] [Cov:===========>                       32%]
[Progress:=====>                        17%] [Cov:===========>                       33%]
[Progress:=====>                        17%] [Cov:===========>                       33%]
[Progress:=====>                        18%] [Cov:===========>                       32%]
[Progress:=====>                        18%] [Cov:===========>                       33%]
[Progress:=====>                        18%] [Cov:===========>                       33%]
[Progress:=====>                        19%] [Cov:===========>                       32%]
[Progress:=====>                        19%] [Cov:===========>                       33%]
[Progress:=====>                        19%] [Cov:===========>                       33%]
[Progress:======>                       20%] [Cov:===========>                       32%]
[Progress:======>                       20%] [Cov:===========>                       33%]
[Progress:======>                       20%] [Cov:===========>                       34%]
[Progress:======>                       20%] [Cov:===========>                       33%]
[Progress:======>                       21%] [Cov:===========>                       32%]
[Progress:======>                       21%] [Cov:===========>                       33%]
[Progress:======>                       21%] [Cov:===========>                       34%]
[Progress:======>                       21%] [Cov:===========>                       33%]
[Progress:======>                       22%] [Cov:==========>                        31%]
[Progress:======>                       22%] [Cov:===========>                       33%]
[Progress:======>                       22%] [Cov:===========>                       34%]
[Progress:======>                       22%] [Cov:============>                      35%]
[Progress:======>                       22%] [Cov:============>                      35%]
[Progress:======>                       23%] [Cov:=========>                         28%]
[Progress:======>                       23%] [Cov:===========>                       32%]
[Progress:======>                       23%] [Cov:===========>                       33%]
[Progress:======>                       23%] [Cov:===========>                       34%]
[Progress:======>                       23%] [Cov:============>                      35%]
[Progress:======>                       23%] [Cov:============>                      35%]
[Progress:=======>                      24%] [Cov:===========>                       33%]
[Progress:=======>                      24%] [Cov:===========>                       34%]
[Progress:=======>                      24%] [Cov:============>                      35%]
[Progress:=======>                      24%] [Cov:============>                      35%]
[Progress:=======>                      25%] [Cov:===========>                       34%]
[Progress:=======>                      25%] [Cov:============>                      35%]
[Progress:=======>                      25%] [Cov:============>                      36%]
[Progress:=======>                      26%] [Cov:============>                      35%]
[Progress:=======>                      26%] [Cov:============>                      36%]
[Progress:=======>                      26%] [Cov:============>                      35%]
[Progress:=======>                      26%] [Cov:============>                      36%]
[Progress:========>                     27%] [Cov:============>                      35%]
[Progress:========>                     27%] [Cov:============>                      36%]
[Progress:========>                     28%] [Cov:============>                      35%]
[Progress:========>                     28%] [Cov:============>                      35%]
[Progress:========>                     28%] [Cov:============>                      36%]
[Progress:========>                     28%] [Cov:============>                      35%]
[Progress:========>                     28%] [Cov:============>                      36%]
[Progress:========>                     29%] [Cov:============>                      36%]
[Progress:=========>                    30%] [Cov:============>                      35%]
[Progress:=========>                    30%] [Cov:============>                      36%]
[Progress:=========>                    30%] [Cov:============>                      35%]
[Progress:=========>                    30%] [Cov:============>                      36%]
[Progress:=========>                    30%] [Cov:============>                      37%]
[Progress:=========>                    31%] [Cov:============>                      36%]
[Progress:=========>                    31%] [Cov:============>                      35%]
[Progress:=========>                    31%] [Cov:============>                      36%]
[Progress:=========>                    31%] [Cov:============>                      37%]
[Progress:=========>                    32%] [Cov:============>                      36%]
[Progress:=========>                    32%] [Cov:============>                      35%]
[Progress:=========>                    32%] [Cov:============>                      36%]
[Progress:=========>                    32%] [Cov:============>                      37%]
[Progress:=========>                    33%] [Cov:============>                      35%]
[Progress:=========>                    33%] [Cov:============>                      36%]
[Progress:=========>                    33%] [Cov:============>                      35%]
[Progress:==========>                   34%] [Cov:============>                      35%]
[Progress:==========>                   34%] [Cov:============>                      36%]
[Progress:==========>                   34%] [Cov:============>                      37%]
[Progress:==========>                   34%] [Cov:============>                      35%]
[Progress:==========>                   34%] [Cov:============>                      36%]
[Progress:==========>                   34%] [Cov:============>                      37%]
[Progress:==========>                   35%] [Cov:============>                      35%]
[Progress:==========>                   35%] [Cov:============>                      36%]
[Progress:==========>                   36%] [Cov:============>                      35%]
[Progress:==========>                   36%] [Cov:============>                      36%]
[Progress:==========>                   36%] [Cov:============>                      37%]
[Progress:==========>                   36%] [Cov:============>                      35%]
[Progress:==========>                   36%] [Cov:============>                      36%]
[Progress:===========>                  37%] [Cov:============>                      35%]
[Progress:===========>                  37%] [Cov:============>                      36%]
[Progress:===========>                  37%] [Cov:============>                      37%]
[Progress:===========>                  37%] [Cov:============>                      35%]
[Progress:===========>                  37%] [Cov:============>                      36%]
[Progress:===========>                  37%] [Cov:============>                      37%]
[Progress:===========>                  38%] [Cov:============>                      35%]
[Progress:===========>                  38%] [Cov:============>                      36%]
[Progress:===========>                  38%] [Cov:============>                      37%]
[Progress:===========>                  38%] [Cov:============>                      35%]
[Progress:===========>                  38%] [Cov:============>                      36%]
[Progress:===========>                  39%] [Cov:============>                      35%]
[Progress:===========>                  39%] [Cov:============>                      36%]
[Progress:===========>                  39%] [Cov:============>                      37%]
[Progress:============>                 40%] [Cov:============>                      35%]
[Progress:============>                 40%] [Cov:============>                      36%]
[Progress:============>                 40%] [Cov:============>                      37%]
[Progress:============>                 40%] [Cov:============>                      35%]
[Progress:============>                 40%] [Cov:============>                      36%]
[Progress:============>                 40%] [Cov:============>                      37%]
[Progress:============>                 41%] [Cov:============>                      35%]
[Progress:============>                 41%] [Cov:============>                      36%]
[Progress:============>                 41%] [Cov:============>                      37%]
[Progress:============>                 41%] [Cov:============>                      35%]
[Progress:============>                 41%] [Cov:============>                      36%]
[Progress:============>                 42%] [Cov:============>                      35%]
[Progress:============>                 42%] [Cov:============>                      36%]
[Progress:============>                 42%] [Cov:============>                      37%]
[Progress:============>                 42%] [Cov:============>                      35%]
[Progress:============>                 42%] [Cov:============>                      36%]
[Progress:============>                 42%] [Cov:============>                      37%]
[Progress:============>                 43%] [Cov:============>                      36%]
[Progress:============>                 43%] [Cov:============>                      37%]
[Progress:=============>                44%] [Cov:============>                      36%]
[Progress:=============>                44%] [Cov:============>                      35%]
[Progress:=============>                44%] [Cov:============>                      36%]
[Progress:=============>                44%] [Cov:============>                      37%]
[Progress:=============>                45%] [Cov:===========>                       32%]
[Progress:=============>                45%] [Cov:============>                      36%]
[Progress:=============>                45%] [Cov:============>                      37%]
[Progress:=============>                45%] [Cov:============>                      35%]
[Progress:=============>                46%] [Cov:============>                      36%]
[Progress:=============>                46%] [Cov:============>                      37%]
[Progress:==============>               47%] [Cov:============>                      35%]
[Progress:==============>               47%] [Cov:============>                      36%]
[Progress:==============>               47%] [Cov:============>                      35%]
[Progress:==============>               47%] [Cov:============>                      36%]
[Progress:==============>               47%] [Cov:============>                      37%]
[Progress:==============>               48%] [Cov:============>                      35%]
[Progress:==============>               48%] [Cov:============>                      36%]
[Progress:==============>               48%] [Cov:============>                      37%]
[Progress:==============>               48%] [Cov:============>                      37%]
[Progress:==============>               49%] [Cov:============>                      35%]
[Progress:==============>               49%] [Cov:============>                      36%]
[Progress:==============>               49%] [Cov:============>                      37%]
[Progress:===============>              50%] [Cov:============>                      37%]
[Progress:===============>              50%] [Cov:============>                      37%]
[Progress:===============>              51%] [Cov:============>                      36%]
[Progress:===============>              51%] [Cov:============>                      37%]
[Progress:===============>              51%] [Cov:============>                      37%]
[Progress:===============>              52%] [Cov:============>                      36%]
[Progress:===============>              52%] [Cov:============>                      37%]
[Progress:===============>              52%] [Cov:============>                      37%]
[Progress:===============>              53%] [Cov:===========>                       33%]
[Progress:===============>              53%] [Cov:===========>                       34%]
[Progress:===============>              53%] [Cov:============>                      35%]
[Progress:===============>              53%] [Cov:============>                      37%]
[Progress:================>             54%] [Cov:============>                      37%]
[Progress:================>             54%] [Cov:=============>                     38%]
[Progress:================>             54%] [Cov:============>                      37%]
[Progress:================>             54%] [Cov:=============>                     38%]
[Progress:================>             55%] [Cov:============>                      37%]
[Progress:================>             56%] [Cov:============>                      36%]
[Progress:================>             56%] [Cov:============>                      37%]
[Progress:================>             56%] [Cov:============>                      37%]
[Progress:================>             56%] [Cov:=============>                     38%]
[Progress:=================>            57%] [Cov:============>                      36%]
[Progress:=================>            57%] [Cov:============>                      37%]
[Progress:=================>            57%] [Cov:============>                      37%]
[Progress:=================>            58%] [Cov:============>                      35%]
[Progress:=================>            58%] [Cov:============>                      36%]
[Progress:=================>            58%] [Cov:============>                      37%]
[Progress:=================>            58%] [Cov:=============>                     38%]
[Progress:=================>            58%] [Cov:============>                      37%]
[Progress:=================>            59%] [Cov:============>                      37%]
[Progress:=================>            59%] [Cov:=============>                     38%]
[Progress:==================>           60%] [Cov:============>                      37%]
[Progress:==================>           60%] [Cov:=============>                     38%]
[Progress:==================>           60%] [Cov:============>                      37%]
[Progress:==================>           60%] [Cov:=============>                     38%]
[Progress:==================>           61%] [Cov:============>                      36%]
[Progress:==================>           61%] [Cov:============>                      37%]
[Progress:==================>           61%] [Cov:=============>                     38%]
[Progress:==================>           61%] [Cov:============>                      37%]
[Progress:==================>           61%] [Cov:=============>                     38%]
[Progress:==================>           62%] [Cov:=============>                     38%]
[Progress:==================>           62%] [Cov:============>                      37%]
[Progress:==================>           62%] [Cov:=============>                     38%]
[Progress:==================>           63%] [Cov:============>                      36%]
[Progress:==================>           63%] [Cov:=============>                     38%]
[Progress:===================>          64%] [Cov:=============>                     38%]
[Progress:===================>          64%] [Cov:============>                      37%]
[Progress:===================>          64%] [Cov:=============>                     38%]
[Progress:===================>          65%] [Cov:============>                      36%]
[Progress:===================>          65%] [Cov:============>                      37%]
[Progress:===================>          65%] [Cov:=============>                     38%]
[Progress:===================>          66%] [Cov:===========>                       33%]
[Progress:===================>          66%] [Cov:============>                      35%]
[Progress:===================>          66%] [Cov:============>                      37%]
[Progress:===================>          66%] [Cov:=============>                     38%]
[Progress:====================>         67%] [Cov:============>                      37%]
[Progress:====================>         67%] [Cov:=============>                     38%]
[Progress:====================>         67%] [Cov:=============>                     38%]
[Progress:====================>         68%] [Cov:=============>                     38%]
[Progress:====================>         68%] [Cov:=============>                     38%]
[Progress:====================>         69%] [Cov:=============>                     38%]
[Progress:=====================>        70%] [Cov:==========>                        29%]
[Progress:=====================>        70%] [Cov:============>                      37%]
[Progress:=====================>        70%] [Cov:=============>                     38%]
[Progress:=====================>        70%] [Cov:=============>                     38%]
[Progress:=====================>        71%] [Cov:=============>                     38%]
[Progress:=====================>        71%] [Cov:=============>                     38%]
[Progress:=====================>        72%] [Cov:=============>                     38%]
[Progress:=====================>        72%] [Cov:=============>                     38%]
[Progress:=====================>        73%] [Cov:=============>                     38%]
[Progress:======================>       74%] [Cov:=============>                     38%]
[Progress:======================>       74%] [Cov:=============>                     38%]
[Progress:======================>       75%] [Cov:=============>                     38%]
[Progress:======================>       75%] [Cov:=============>                     38%]
[Progress:======================>       76%] [Cov:=============>                     38%]
[Progress:=======================>      77%] [Cov:=============>                     38%]
[Progress:=======================>      77%] [Cov:=============>                     38%]
[Progress:=======================>      78%] [Cov:=============>                     38%]
[Progress:=======================>      78%] [Cov:=============>                     38%]
[Progress:=======================>      79%] [Cov:=============>                     38%]
[Progress:========================>     80%] [Cov:=============>                     38%]
[Progress:========================>     80%] [Cov:=============>                     38%]
[Progress:========================>     80%] [Cov:=============>                     39%]
[Progress:========================>     81%] [Cov:=============>                     38%]
[Progress:========================>     82%] [Cov:=============>                     38%]
[Progress:========================>     82%] [Cov:=============>                     38%]
[Progress:========================>     83%] [Cov:=============>                     38%]
[Progress:========================>     83%] [Cov:=============>                     38%]
[Progress:========================>     83%] [Cov:=============>                     39%]
[Progress:=========================>    84%] [Cov:=============>                     38%]
[Progress:=========================>    84%] [Cov:=============>                     38%]
[Progress:=========================>    85%] [Cov:=============>                     38%]
[Progress:=========================>    85%] [Cov:=============>                     39%]
[Progress:=========================>    86%] [Cov:=============>                     38%]
[Progress:=========================>    86%] [Cov:=============>                     39%]
[Progress:==========================>   87%] [Cov:=============>                     38%]
[Progress:==========================>   87%] [Cov:=============>                     39%]
[Progress:==========================>   87%] [Cov:=============>                     39%]
[Progress:==========================>   88%] [Cov:=============>                     38%]
[Progress:==========================>   88%] [Cov:=============>                     39%]
[Progress:==========================>   88%] [Cov:=============>                     39%]
[Progress:==========================>   89%] [Cov:============>                      36%]
[Progress:==========================>   89%] [Cov:=============>                     38%]
[Progress:==========================>   89%] [Cov:=============>                     39%]
[Progress:===========================>  90%] [Cov:=============>                     38%]
[Progress:===========================>  90%] [Cov:=============>                     39%]
[Progress:===========================>  90%] [Cov:=============>                     39%]
[Progress:===========================>  91%] [Cov:=============>                     38%]
[Progress:===========================>  91%] [Cov:=============>                     39%]
[Progress:===========================>  92%] [Cov:=============>                     39%]
[Progress:===========================>  92%] [Cov:=============>                     39%]
[Progress:===========================>  93%] [Cov:============>                      36%]
[Progress:===========================>  93%] [Cov:=============>                     38%]
[Progress:===========================>  93%] [Cov:=============>                     39%]
[Progress:===========================>  93%] [Cov:=============>                     39%]
[Progress:============================> 94%] [Cov:=============>                     38%]
[Progress:============================> 94%] [Cov:=============>                     39%]
[Progress:============================> 95%] [Cov:=============>                     39%]
[Progress:============================> 95%] [Cov:=============>                     39%]
[Progress:============================> 96%] [Cov:=============>                     38%]
[Progress:============================> 96%] [Cov:=============>                     39%]
[Progress:============================> 96%] [Cov:=============>                     39%]
[Progress:=============================>97%] [Cov:=============>                     39%]
[Progress:=============================>98%] [Cov:=============>                     39%]
[Progress:=============================>98%] [Cov:=============>                     39%]
[Progress:=============================>98%] [Cov:==============>                    40%]
[Progress:=============================>99%] [Cov:=============>                     39%]
[Progress:=============================>99%] [Cov:==============>                    40%]
[Progress:==============================100%] [Cov:=============>                     38%]
[Progress:==============================100%] [Cov:=============>                     39%]
[Progress:==============================100%] [Cov:=============>                     39%]
[Progress:==============================100%] [Cov:==============>                    40%]
[Progress:==============================100%] [Cov:=============>                     39%]
[Progress:==============================100%] [Cov:=============>                     39%]
* Search finished after 153s and 83 generations, 24420 statements, best individual has fitness: 3422.6743148761975
* Minimizing test suite
* Going to analyze the coverage criteria
* Coverage analysis for criterion LINE
* Coverage of criterion LINE: 15%
* Total number of goals: 561
* Number of covered goals: 84
* Coverage analysis for criterion BRANCH
* Coverage of criterion BRANCH: 10%
* Total number of goals: 718
* Number of covered goals: 74
* Coverage analysis for criterion EXCEPTION
* Coverage of criterion EXCEPTION: 42%
* Total number of goals: 24
* Number of covered goals: 10
* Coverage analysis for criterion WEAKMUTATION
* Coverage of criterion WEAKMUTATION: 31%
* Total number of goals: 672
* Number of covered goals: 208
* Coverage analysis for criterion OUTPUT
* Coverage of criterion OUTPUT: 39%
* Total number of goals: 18
* Number of covered goals: 7
* Coverage analysis for criterion METHOD
* Coverage of criterion METHOD: 85%
* Total number of goals: 20
* Number of covered goals: 17
* Coverage analysis for criterion METHODNOEXCEPTION
* Coverage of criterion METHODNOEXCEPTION: 60%
* Total number of goals: 20
* Number of covered goals: 12
* Coverage analysis for criterion CBRANCH
* Coverage of criterion CBRANCH: 10%
* Total number of goals: 718
* Number of covered goals: 74
* Generated 24 tests with total length 61
* Resulting test suite's coverage: 40% (average coverage for all fitness functions)
* Generating assertions
* Resulting test suite's mutation score: 17%
* Compiling and checking tests
* Writing tests to file
* Writing JUnit test case 'CodeGenerator_ESTest' to evosuite-tests
* Done!

* Computation finished

