CMD: /usr/lib/jvm/java-8-openjdk-amd64/bin/java -Dtools_jar_location=/usr/lib/jvm/java-8-openjdk-amd64/lib/tools.jar -jar /home/pizza/evosuite/evosuite-1.2.0.jar -generateSuite -class org.apache.commons.collections.map.Flat3Map -projectCP /home/pizza/evosuite/Test/Collections-6b/build/classes -base_dir /home/pizza/evosuite/results/project-Collections/Collections-6/round02/evosuite-work -seed 11 -Dalgorithm=NSGAII -Dsearch_budget=150 -Dtest_format=JUNIT4 -Dassertions=true

* EvoSuite 1.2.0
* Going to generate test cases for class: org.apache.commons.collections.map.Flat3Map
* Starting Client-0
* Connecting to master process on port 8224
* Analyzing classpath: 
  - /home/pizza/evosuite/Test/Collections-6b/build/classes
* Finished analyzing classpath
* Generating tests for class org.apache.commons.collections.map.Flat3Map
* Test criteria:
  - Line Coverage
  - Branch Coverage
  - Exception
  - Mutation testing (weak)
  - Method-Output Coverage
  - Top-Level Method Coverage
  - No-Exception Top-Level Method Coverage
  - Context Branch Coverage
* Setting up search algorithm for whole suite generation
* Total number of test goals: 
  - Line 494
  - Branch 488
  - Exception 0
  - MutationFactory 577
  - Output 45
  - Method 58
  - MethodNoException 58
  - CBranchFitnessFactory 488

[Progress:>                             0%] [Cov:>                                  0%]* Using seed 11
* Starting evolution
[MASTER] 15:49:45.982 [logback-1] WARN  TestCluster - Failed to check cache for java.util.HashMap<K, V> : Type points to itself

[Progress:>                             0%] [Cov:>                                  0%]
[Progress:>                             2%] [Cov:>                                  1%]
[Progress:>                             2%] [Cov:>                                  2%]
[Progress:>                             2%] [Cov:=>                                 3%]
[Progress:>                             2%] [Cov:=====>                             15%]
[Progress:>                             2%] [Cov:=====>                             16%]
[Progress:>                             2%] [Cov:=====>                             17%]
[Progress:>                             2%] [Cov:======>                            19%]
[Progress:>                             2%] [Cov:=======>                           21%]
[Progress:>                             2%] [Cov:========>                          25%]
[Progress:>                             3%] [Cov:>                                  2%]
[Progress:>                             3%] [Cov:=>                                 3%]
[Progress:>                             3%] [Cov:=====>                             15%]
[Progress:>                             3%] [Cov:=====>                             16%]
[Progress:>                             3%] [Cov:======>                            18%]
[Progress:>                             3%] [Cov:=======>                           21%]
[Progress:>                             3%] [Cov:========>                          24%][MASTER] 15:49:51.871 [logback-1] WARN  TestCluster - Failed to check cache for java.util.function.Function<T, R> : Type points to itself

[Progress:=>                            4%] [Cov:>                                  1%]
[Progress:=>                            4%] [Cov:>                                  2%]
[Progress:=>                            4%] [Cov:=>                                 3%]
[Progress:=>                            4%] [Cov:=====>                             15%]
[Progress:=>                            4%] [Cov:=====>                             16%]
[Progress:=>                            4%] [Cov:=====>                             17%]
[Progress:=>                            4%] [Cov:======>                            18%]
[Progress:=>                            4%] [Cov:=======>                           21%]
[Progress:=>                            4%] [Cov:========>                          23%]
[Progress:=>                            4%] [Cov:========>                          24%]
[Progress:=>                            4%] [Cov:========>                          25%]
[Progress:=>                            4%] [Cov:==========>                        29%]
[Progress:=>                            4%] [Cov:==========>                        30%]
[Progress:=>                            5%] [Cov:====>                              14%]
[Progress:=>                            5%] [Cov:==========>                        29%]
[Progress:=>                            5%] [Cov:==========>                        30%]
[Progress:=>                            5%] [Cov:==========>                        30%]
[Progress:=>                            6%] [Cov:========>                          24%]
[Progress:=>                            6%] [Cov:==========>                        29%]
[Progress:=>                            6%] [Cov:==========>                        29%]
[Progress:=>                            6%] [Cov:==========>                        30%]
[Progress:=>                            6%] [Cov:==========>                        31%]
[Progress:=>                            6%] [Cov:===========>                       32%]
[Progress:=>                            6%] [Cov:===========>                       33%]
[Progress:=>                            6%] [Cov:===========>                       33%]
[Progress:==>                           7%] [Cov:======>                            19%]
[Progress:==>                           7%] [Cov:=========>                         26%]
[Progress:==>                           7%] [Cov:==========>                        29%]
[Progress:==>                           7%] [Cov:==========>                        30%]
[Progress:==>                           7%] [Cov:==========>                        31%]
[Progress:==>                           7%] [Cov:===========>                       33%]
[Progress:==>                           8%] [Cov:=========>                         28%]
[Progress:==>                           8%] [Cov:==========>                        29%]
[Progress:==>                           8%] [Cov:==========>                        30%]
[Progress:==>                           8%] [Cov:==========>                        31%]
[Progress:==>                           8%] [Cov:===========>                       32%]
[Progress:==>                           8%] [Cov:===========>                       33%]
[Progress:==>                           8%] [Cov:===========>                       34%]
[Progress:==>                           8%] [Cov:============>                      35%]
[Progress:==>                           9%] [Cov:==========>                        31%]
[Progress:==>                           9%] [Cov:===========>                       33%]
[Progress:==>                           9%] [Cov:===========>                       34%]
[Progress:==>                           9%] [Cov:============>                      35%]
[Progress:==>                           9%] [Cov:============>                      36%]
[Progress:===>                          10%] [Cov:==========>                        30%]
[Progress:===>                          10%] [Cov:==========>                        31%]
[Progress:===>                          10%] [Cov:===========>                       33%]
[Progress:===>                          10%] [Cov:===========>                       34%]
[Progress:===>                          10%] [Cov:============>                      35%]
[Progress:===>                          10%] [Cov:===========>                       34%]
[Progress:===>                          10%] [Cov:============>                      35%]
[Progress:===>                          10%] [Cov:============>                      36%]
[Progress:===>                          11%] [Cov:===========>                       33%]
[Progress:===>                          11%] [Cov:===========>                       34%]
[Progress:===>                          11%] [Cov:============>                      36%]
[Progress:===>                          11%] [Cov:===========>                       34%]
[Progress:===>                          11%] [Cov:============>                      35%]
[Progress:===>                          11%] [Cov:============>                      36%]
[Progress:===>                          12%] [Cov:===========>                       32%]
[Progress:===>                          12%] [Cov:===========>                       34%]
[Progress:===>                          12%] [Cov:============>                      35%]
[Progress:===>                          12%] [Cov:============>                      36%]
[Progress:===>                          12%] [Cov:============>                      37%]
[Progress:===>                          12%] [Cov:===========>                       32%]
[Progress:===>                          12%] [Cov:============>                      35%]
[Progress:===>                          12%] [Cov:============>                      36%]
[Progress:===>                          13%] [Cov:===========>                       33%]
[Progress:===>                          13%] [Cov:============>                      36%]
[Progress:===>                          13%] [Cov:============>                      37%]
[Progress:====>                         14%] [Cov:===========>                       33%]
[Progress:====>                         14%] [Cov:============>                      35%]
[Progress:====>                         14%] [Cov:============>                      36%]
[Progress:====>                         14%] [Cov:============>                      37%]
[Progress:====>                         14%] [Cov:============>                      35%]
[Progress:====>                         14%] [Cov:============>                      36%]
[Progress:====>                         15%] [Cov:============>                      36%]
[Progress:====>                         15%] [Cov:============>                      37%]
[Progress:====>                         16%] [Cov:============>                      36%]
[Progress:====>                         16%] [Cov:============>                      35%]
[Progress:====>                         16%] [Cov:============>                      36%]
[Progress:====>                         16%] [Cov:============>                      37%]
[Progress:====>                         16%] [Cov:=============>                     38%]
[Progress:====>                         16%] [Cov:=============>                     39%]
[Progress:====>                         16%] [Cov:==============>                    40%]
[Progress:=====>                        17%] [Cov:============>                      37%]
[Progress:=====>                        17%] [Cov:============>                      37%]
[Progress:=====>                        17%] [Cov:=============>                     38%]
[Progress:=====>                        17%] [Cov:=============>                     39%]
[Progress:=====>                        17%] [Cov:==============>                    40%]
[Progress:=====>                        18%] [Cov:============>                      37%]
[Progress:=====>                        18%] [Cov:=============>                     38%]
[Progress:=====>                        18%] [Cov:=============>                     39%]
[Progress:=====>                        18%] [Cov:=============>                     39%]
[Progress:=====>                        18%] [Cov:==============>                    40%]
[Progress:=====>                        19%] [Cov:==============>                    40%]
[Progress:======>                       20%] [Cov:============>                      35%]
[Progress:======>                       20%] [Cov:============>                      36%]
[Progress:======>                       20%] [Cov:============>                      37%]
[Progress:======>                       20%] [Cov:=============>                     38%]
[Progress:======>                       20%] [Cov:=============>                     39%]
[Progress:======>                       20%] [Cov:==============>                    40%]
[Progress:======>                       20%] [Cov:==============>                    40%]
[Progress:======>                       20%] [Cov:==============>                    41%]
[Progress:======>                       21%] [Cov:=============>                     38%]
[Progress:======>                       21%] [Cov:==============>                    40%]
[Progress:======>                       21%] [Cov:==============>                    41%]
[Progress:======>                       21%] [Cov:==============>                    42%]
[Progress:======>                       21%] [Cov:===============>                   43%]
[Progress:======>                       21%] [Cov:==============>                    41%]
[Progress:======>                       22%] [Cov:==============>                    41%]
[Progress:======>                       22%] [Cov:==============>                    42%]
[Progress:======>                       22%] [Cov:===============>                   43%]
[Progress:======>                       23%] [Cov:=============>                     39%]
[Progress:======>                       23%] [Cov:==============>                    40%]
[Progress:======>                       23%] [Cov:==============>                    41%]
[Progress:======>                       23%] [Cov:==============>                    41%]
[Progress:=======>                      24%] [Cov:=============>                     38%]
[Progress:=======>                      24%] [Cov:=============>                     39%]
[Progress:=======>                      24%] [Cov:==============>                    40%]
[Progress:=======>                      24%] [Cov:==============>                    41%]
[Progress:=======>                      24%] [Cov:==============>                    42%]
[Progress:=======>                      24%] [Cov:===============>                   43%]
[Progress:=======>                      25%] [Cov:==============>                    40%]
[Progress:=======>                      25%] [Cov:==============>                    41%]
[Progress:=======>                      25%] [Cov:==============>                    40%]
[Progress:=======>                      25%] [Cov:==============>                    41%]
[Progress:=======>                      25%] [Cov:==============>                    42%]
[Progress:=======>                      25%] [Cov:===============>                   43%]
[Progress:=======>                      26%] [Cov:==============>                    41%]
[Progress:=======>                      26%] [Cov:==============>                    42%]
[Progress:=======>                      26%] [Cov:===============>                   43%]
[Progress:========>                     27%] [Cov:==============>                    40%]
[Progress:========>                     27%] [Cov:==============>                    41%]
[Progress:========>                     27%] [Cov:===============>                   43%]
[Progress:========>                     27%] [Cov:==============>                    40%]
[Progress:========>                     27%] [Cov:==============>                    41%]
[Progress:========>                     27%] [Cov:==============>                    42%]
[Progress:========>                     27%] [Cov:===============>                   43%]
[Progress:========>                     28%] [Cov:==============>                    40%]
[Progress:========>                     28%] [Cov:==============>                    42%]
[Progress:========>                     28%] [Cov:===============>                   43%]
[Progress:========>                     29%] [Cov:==============>                    40%]
[Progress:========>                     29%] [Cov:==============>                    41%]
[Progress:========>                     29%] [Cov:==============>                    42%]
[Progress:========>                     29%] [Cov:===============>                   43%]
[Progress:=========>                    30%] [Cov:==============>                    41%]
[Progress:=========>                    30%] [Cov:==============>                    42%]
[Progress:=========>                    30%] [Cov:===============>                   43%]
[Progress:=========>                    30%] [Cov:==============>                    40%]
[Progress:=========>                    30%] [Cov:==============>                    41%]
[Progress:=========>                    31%] [Cov:=============>                     39%]
[Progress:=========>                    31%] [Cov:==============>                    40%]
[Progress:=========>                    31%] [Cov:==============>                    41%]
[Progress:=========>                    31%] [Cov:===============>                   43%]
[Progress:=========>                    31%] [Cov:===============>                   44%]
[Progress:=========>                    32%] [Cov:==============>                    42%]
[Progress:=========>                    32%] [Cov:===============>                   43%]
[Progress:=========>                    32%] [Cov:===============>                   44%]
[Progress:=========>                    32%] [Cov:===============>                   43%]
[Progress:=========>                    32%] [Cov:===============>                   44%]
[Progress:=========>                    33%] [Cov:==============>                    41%]
[Progress:=========>                    33%] [Cov:==============>                    42%]
[Progress:=========>                    33%] [Cov:===============>                   43%]
[Progress:=========>                    33%] [Cov:===============>                   44%]
[Progress:==========>                   34%] [Cov:==============>                    41%]
[Progress:==========>                   34%] [Cov:===============>                   43%]
[Progress:==========>                   34%] [Cov:===============>                   44%]
[Progress:==========>                   34%] [Cov:===============>                   43%]
[Progress:==========>                   34%] [Cov:===============>                   44%]
[Progress:==========>                   35%] [Cov:==============>                    42%]
[Progress:==========>                   35%] [Cov:===============>                   43%]
[Progress:==========>                   35%] [Cov:===============>                   44%]
[Progress:==========>                   36%] [Cov:===============>                   43%]
[Progress:==========>                   36%] [Cov:===============>                   44%]
[Progress:==========>                   36%] [Cov:===============>                   45%]
[Progress:==========>                   36%] [Cov:===============>                   43%]
[Progress:==========>                   36%] [Cov:===============>                   44%]
[Progress:===========>                  37%] [Cov:==============>                    42%]
[Progress:===========>                  37%] [Cov:===============>                   43%]
[Progress:===========>                  37%] [Cov:===============>                   44%]
[Progress:===========>                  37%] [Cov:===============>                   45%]
[Progress:===========>                  38%] [Cov:===============>                   43%]
[Progress:===========>                  38%] [Cov:===============>                   44%]
[Progress:===========>                  38%] [Cov:===============>                   43%]
[Progress:===========>                  38%] [Cov:===============>                   44%]
[Progress:===========>                  38%] [Cov:===============>                   45%]
[Progress:===========>                  39%] [Cov:===============>                   45%]
[Progress:===========>                  39%] [Cov:================>                  46%]
[Progress:============>                 40%] [Cov:==============>                    42%]
[Progress:============>                 40%] [Cov:===============>                   43%]
[Progress:============>                 40%] [Cov:===============>                   44%]
[Progress:============>                 40%] [Cov:===============>                   45%]
[Progress:============>                 40%] [Cov:===============>                   44%]
[Progress:============>                 40%] [Cov:===============>                   45%]
[Progress:============>                 40%] [Cov:================>                  46%]
[Progress:============>                 41%] [Cov:================>                  46%]
[Progress:============>                 41%] [Cov:================>                  47%]
[Progress:============>                 41%] [Cov:================>                  48%]
[Progress:============>                 41%] [Cov:=================>                 49%]
[Progress:============>                 42%] [Cov:===============>                   45%]
[Progress:============>                 42%] [Cov:================>                  46%]
[Progress:============>                 42%] [Cov:================>                  47%]
[Progress:============>                 42%] [Cov:===============>                   44%]
[Progress:============>                 42%] [Cov:================>                  46%]
[Progress:============>                 42%] [Cov:================>                  47%]
[Progress:============>                 43%] [Cov:================>                  46%]
[Progress:=============>                44%] [Cov:===============>                   43%]
[Progress:=============>                44%] [Cov:===============>                   45%]
[Progress:=============>                44%] [Cov:================>                  46%]
[Progress:=============>                44%] [Cov:================>                  47%]
[Progress:=============>                44%] [Cov:===============>                   44%]
[Progress:=============>                44%] [Cov:=================>                 49%]
[Progress:=============>                45%] [Cov:==============>                    42%]
[Progress:=============>                45%] [Cov:================>                  46%]
[Progress:=============>                45%] [Cov:================>                  47%]
[Progress:=============>                45%] [Cov:================>                  48%]
[Progress:=============>                45%] [Cov:=================>                 49%]
[Progress:=============>                46%] [Cov:===============>                   45%]
[Progress:=============>                46%] [Cov:================>                  47%]
[Progress:=============>                46%] [Cov:================>                  48%]
[Progress:=============>                46%] [Cov:=================>                 49%]
[Progress:=============>                46%] [Cov:=================>                 49%]
[Progress:=============>                46%] [Cov:=================>                 50%]
[Progress:==============>               47%] [Cov:================>                  46%]
[Progress:==============>               47%] [Cov:================>                  48%]
[Progress:==============>               47%] [Cov:=================>                 49%]
[Progress:==============>               48%] [Cov:===============>                   44%]
[Progress:==============>               48%] [Cov:================>                  47%]
[Progress:==============>               48%] [Cov:================>                  48%]
[Progress:==============>               48%] [Cov:=================>                 49%]
[Progress:==============>               48%] [Cov:=================>                 50%]
[Progress:==============>               48%] [Cov:=================>                 51%]
[Progress:==============>               49%] [Cov:================>                  47%]
[Progress:==============>               49%] [Cov:================>                  48%]
[Progress:==============>               49%] [Cov:=================>                 49%]
[Progress:==============>               49%] [Cov:=================>                 50%]
[Progress:==============>               49%] [Cov:=================>                 51%]
[Progress:==============>               49%] [Cov:=================>                 49%]
[Progress:==============>               49%] [Cov:=================>                 50%]
[Progress:==============>               49%] [Cov:=================>                 51%]
[Progress:==============>               49%] [Cov:==================>                52%]
[Progress:===============>              50%] [Cov:=================>                 49%]
[Progress:===============>              50%] [Cov:=================>                 50%]
[Progress:===============>              50%] [Cov:=================>                 51%]
[Progress:===============>              50%] [Cov:==================>                53%]
[Progress:===============>              51%] [Cov:=================>                 49%]
[Progress:===============>              51%] [Cov:=================>                 51%]
[Progress:===============>              51%] [Cov:=================>                 50%]
[Progress:===============>              51%] [Cov:=================>                 51%]
[Progress:===============>              52%] [Cov:=================>                 50%]
[Progress:===============>              52%] [Cov:=================>                 51%]
[Progress:===============>              52%] [Cov:==================>                52%]
[Progress:===============>              53%] [Cov:=================>                 49%]
[Progress:===============>              53%] [Cov:=================>                 50%]
[Progress:===============>              53%] [Cov:=================>                 51%]
[Progress:===============>              53%] [Cov:==================>                52%]
[Progress:================>             54%] [Cov:================>                  47%]
[Progress:================>             54%] [Cov:=================>                 49%]
[Progress:================>             54%] [Cov:=================>                 50%]
[Progress:================>             54%] [Cov:=================>                 51%]
[Progress:================>             54%] [Cov:=================>                 51%]
[Progress:================>             54%] [Cov:==================>                52%]
[Progress:================>             54%] [Cov:==================>                53%]
[Progress:================>             55%] [Cov:=================>                 51%]
[Progress:================>             55%] [Cov:==================>                52%]
[Progress:================>             56%] [Cov:=================>                 50%]
[Progress:================>             56%] [Cov:=================>                 51%]
[Progress:================>             56%] [Cov:==================>                52%]
[Progress:================>             56%] [Cov:=================>                 51%]
[Progress:================>             56%] [Cov:==================>                52%]
[Progress:================>             56%] [Cov:==================>                53%]
[Progress:================>             56%] [Cov:==================>                54%]
[Progress:=================>            57%] [Cov:================>                  47%]
[Progress:=================>            57%] [Cov:=================>                 50%]
[Progress:=================>            57%] [Cov:=================>                 51%]
[Progress:=================>            57%] [Cov:==================>                52%]
[Progress:=================>            57%] [Cov:==================>                53%]
[Progress:=================>            58%] [Cov:=================>                 50%]
[Progress:=================>            58%] [Cov:=================>                 51%]
[Progress:=================>            58%] [Cov:==================>                52%]
[Progress:=================>            58%] [Cov:==================>                53%]
[Progress:=================>            58%] [Cov:=================>                 51%]
[Progress:=================>            58%] [Cov:==================>                52%]
[Progress:=================>            58%] [Cov:==================>                53%]
[Progress:=================>            59%] [Cov:==================>                53%]
[Progress:=================>            59%] [Cov:==================>                54%]
[Progress:==================>           60%] [Cov:==================>                52%]
[Progress:==================>           60%] [Cov:==================>                53%]
[Progress:==================>           61%] [Cov:=================>                 50%]
[Progress:==================>           61%] [Cov:==================>                52%]
[Progress:==================>           61%] [Cov:==================>                53%]
[Progress:==================>           61%] [Cov:==================>                53%]
[Progress:==================>           61%] [Cov:==================>                54%]
[Progress:==================>           62%] [Cov:==================>                53%]
[Progress:==================>           62%] [Cov:==================>                54%]
[Progress:==================>           63%] [Cov:==================>                52%]
[Progress:==================>           63%] [Cov:==================>                53%]
[Progress:===================>          64%] [Cov:=================>                 51%]
[Progress:===================>          64%] [Cov:==================>                52%]
[Progress:===================>          64%] [Cov:==================>                53%]
[Progress:===================>          64%] [Cov:==================>                53%]
[Progress:===================>          65%] [Cov:==================>                52%]
[Progress:===================>          65%] [Cov:==================>                53%]
[Progress:===================>          65%] [Cov:==================>                54%]
[Progress:===================>          66%] [Cov:==================>                53%]
[Progress:===================>          66%] [Cov:==================>                54%]
[Progress:====================>         67%] [Cov:==================>                53%]
[Progress:====================>         67%] [Cov:==================>                54%]
[Progress:====================>         68%] [Cov:==================>                53%]
[Progress:====================>         68%] [Cov:==================>                54%]
[Progress:====================>         68%] [Cov:==================>                54%]
[Progress:====================>         69%] [Cov:==================>                53%]
[Progress:====================>         69%] [Cov:==================>                54%]
[Progress:=====================>        70%] [Cov:==================>                54%]
[Progress:=====================>        71%] [Cov:==================>                53%]
[Progress:=====================>        71%] [Cov:==================>                54%]
[Progress:=====================>        72%] [Cov:==================>                53%]
[Progress:=====================>        72%] [Cov:==================>                54%]
[Progress:=====================>        72%] [Cov:==================>                54%]
[Progress:=====================>        73%] [Cov:==================>                53%]
[Progress:=====================>        73%] [Cov:==================>                54%]
[Progress:======================>       74%] [Cov:==================>                54%]
[Progress:======================>       74%] [Cov:===================>               55%]
[Progress:======================>       75%] [Cov:==================>                53%]
[Progress:======================>       75%] [Cov:==================>                54%]
[Progress:======================>       75%] [Cov:==================>                54%]
[Progress:======================>       75%] [Cov:===================>               55%]
[Progress:======================>       76%] [Cov:==================>                53%]
[Progress:======================>       76%] [Cov:==================>                54%]
[Progress:======================>       76%] [Cov:===================>               55%]
[Progress:=======================>      77%] [Cov:=====>                             16%]
[Progress:=======================>      77%] [Cov:=================>                 49%]
[Progress:=======================>      77%] [Cov:==================>                53%]
[Progress:=======================>      77%] [Cov:==================>                54%]
[Progress:=======================>      78%] [Cov:==================>                53%]
[Progress:=======================>      78%] [Cov:==================>                54%]
[Progress:=======================>      78%] [Cov:==================>                54%]
[Progress:=======================>      78%] [Cov:===================>               55%]
[Progress:=======================>      79%] [Cov:=================>                 51%]
[Progress:=======================>      79%] [Cov:==================>                54%]
[Progress:=======================>      79%] [Cov:===================>               55%]
[Progress:========================>     80%] [Cov:==================>                54%]
[Progress:========================>     80%] [Cov:===================>               55%]
[Progress:========================>     81%] [Cov:==================>                54%]
[Progress:========================>     81%] [Cov:==================>                54%]
[Progress:========================>     81%] [Cov:===================>               55%]
[Progress:========================>     82%] [Cov:==================>                54%]
[Progress:========================>     82%] [Cov:===================>               55%]
[Progress:========================>     83%] [Cov:==================>                54%]
[Progress:========================>     83%] [Cov:===================>               55%]
[Progress:=========================>    84%] [Cov:==================>                54%]
[Progress:=========================>    84%] [Cov:===================>               55%]
[Progress:=========================>    84%] [Cov:==================>                54%]
[Progress:=========================>    84%] [Cov:===================>               55%]
[Progress:=========================>    85%] [Cov:==================>                54%]
[Progress:=========================>    86%] [Cov:=====>                             15%]
[Progress:=========================>    86%] [Cov:==================>                54%]
[Progress:=========================>    86%] [Cov:===================>               55%]
[Progress:=========================>    86%] [Cov:===================>               55%]
[Progress:==========================>   87%] [Cov:===================>               55%]
[Progress:==========================>   88%] [Cov:==================>                54%]
[Progress:==========================>   88%] [Cov:===================>               55%]
[Progress:==========================>   89%] [Cov:===================>               55%]
[Progress:===========================>  90%] [Cov:==================>                54%]
[Progress:===========================>  90%] [Cov:===================>               55%]
[Progress:===========================>  90%] [Cov:===================>               55%]
[Progress:===========================>  91%] [Cov:===================>               55%]
[Progress:===========================>  91%] [Cov:===================>               56%]
[Progress:===========================>  92%] [Cov:==================>                54%]
[Progress:===========================>  92%] [Cov:===================>               55%]
[Progress:===========================>  92%] [Cov:===================>               55%]
[Progress:===========================>  92%] [Cov:===================>               56%]
[Progress:===========================>  93%] [Cov:===================>               55%]
[Progress:============================> 94%] [Cov:==================>                54%]
[Progress:============================> 94%] [Cov:===================>               55%]
[Progress:============================> 94%] [Cov:===================>               56%]
[Progress:============================> 95%] [Cov:===================>               55%]
[Progress:============================> 95%] [Cov:===================>               55%]
[Progress:============================> 95%] [Cov:===================>               56%]
[Progress:============================> 96%] [Cov:==================>                54%]
[Progress:============================> 96%] [Cov:===================>               56%]
[Progress:=============================>97%] [Cov:===================>               55%]
[Progress:=============================>97%] [Cov:===================>               56%]
[Progress:=============================>98%] [Cov:==================>                54%]
[Progress:=============================>98%] [Cov:===================>               55%]
[Progress:=============================>98%] [Cov:===================>               56%]
[Progress:=============================>98%] [Cov:===================>               55%]
[Progress:=============================>98%] [Cov:===================>               56%]
[Progress:=============================>99%] [Cov:===================>               55%]
[Progress:=============================>99%] [Cov:===================>               56%]
[Progress:==============================100%] [Cov:===================>               55%]
[Progress:==============================100%] [Cov:===================>               56%]
[Progress:==============================100%] [Cov:===================>               57%]
[Progress:==============================100%] [Cov:===================>               55%]
[Progress:==============================100%] [Cov:===================>               56%]
[Progress:==============================100%] [Cov:===================>               57%]
[Progress:==============================100%] [Cov:====================>              58%]
[Progress:==============================100%] [Cov:====================>              58%]
* Search finished after 153s and 47 generations, 18045 statements, best individual has fitness: 1494.2960937499997
* Minimizing test suite
* Going to analyze the coverage criteria
* Coverage analysis for criterion LINE
* Coverage of criterion LINE: 51%
* Total number of goals: 494
* Number of covered goals: 251
* Coverage analysis for criterion BRANCH
* Coverage of criterion BRANCH: 46%
* Total number of goals: 488
* Number of covered goals: 224
* Coverage analysis for criterion EXCEPTION
* Coverage of criterion EXCEPTION: 0%
* Total number of goals: 2
* Number of covered goals: 0
* Coverage analysis for criterion WEAKMUTATION
* Coverage of criterion WEAKMUTATION: 50%
* Total number of goals: 577
* Number of covered goals: 289
* Coverage analysis for criterion OUTPUT
* Coverage of criterion OUTPUT: 51%
* Total number of goals: 45
* Number of covered goals: 23
* Coverage analysis for criterion METHOD
* Coverage of criterion METHOD: 84%
* Total number of goals: 58
* Number of covered goals: 49
* Coverage analysis for criterion METHODNOEXCEPTION
* Coverage of criterion METHODNOEXCEPTION: 83%
* Total number of goals: 58
* Number of covered goals: 48
* Coverage analysis for criterion CBRANCH
* Coverage of criterion CBRANCH: 45%
* Total number of goals: 488
* Number of covered goals: 219
* Generated 63 tests with total length 267
* Resulting test suite's coverage: 59% (average coverage for all fitness functions)
* Generating assertions
* Resulting test suite's mutation score: 30%
* Compiling and checking tests
* Writing tests to file
* Writing JUnit test case 'Flat3Map_ESTest' to evosuite-tests
* Done!

* Computation finished

