CMD: /usr/lib/jvm/java-8-openjdk-amd64/bin/java -Dtools_jar_location=/usr/lib/jvm/java-8-openjdk-amd64/lib/tools.jar -jar /home/pizza/evosuite/evosuite-1.2.0.jar -generateSuite -class com.google.javascript.jscomp.Compiler -projectCP /home/pizza/evosuite/Test/Closure-64b/build/classes:/home/pizza/evosuite/Test/Closure-64b/lib/args4j.jar:/home/pizza/evosuite/Test/Closure-64b/lib/guava.jar:/home/pizza/evosuite/Test/Closure-64b/lib/json.jar:/home/pizza/evosuite/Test/Closure-64b/lib/jsr305.jar:/home/pizza/evosuite/Test/Closure-64b/lib/libtrunk_rhino_parser_jarjared.jar:/home/pizza/evosuite/Test/Closure-64b/lib/protobuf-java.jar:/home/pizza/evosuite/Test/Closure-64b/lib/ant.jar -base_dir /home/pizza/evosuite/results/project-Closure/Closure-64/round02/evosuite-work -seed 11 -Dalgorithm=NSGAII -Dsearch_budget=150 -Dtest_format=JUNIT4 -Dassertions=true

* EvoSuite 1.2.0
* Going to generate test cases for class: com.google.javascript.jscomp.Compiler
* Starting Client-0
* Connecting to master process on port 8222
* Analyzing classpath: 
  - /home/pizza/evosuite/Test/Closure-64b/build/classes
  - /home/pizza/evosuite/Test/Closure-64b/lib/args4j.jar
  - /home/pizza/evosuite/Test/Closure-64b/lib/guava.jar
  - /home/pizza/evosuite/Test/Closure-64b/lib/json.jar
  - /home/pizza/evosuite/Test/Closure-64b/lib/jsr305.jar
  - /home/pizza/evosuite/Test/Closure-64b/lib/libtrunk_rhino_parser_jarjared.jar
  - /home/pizza/evosuite/Test/Closure-64b/lib/protobuf-java.jar
  - /home/pizza/evosuite/Test/Closure-64b/lib/ant.jar
* Finished analyzing classpath
* Generating tests for class com.google.javascript.jscomp.Compiler
* Test criteria:
  - Line Coverage
  - Branch Coverage
  - Exception
  - Mutation testing (weak)
  - Method-Output Coverage
  - Top-Level Method Coverage
  - No-Exception Top-Level Method Coverage
  - Context Branch Coverage
* Setting up search algorithm for whole suite generation
* Total number of test goals: 
  - Line 765
  - Branch 453
  - Exception 0
  - MutationFactory 887
  - Output 504
  - Method 122
  - MethodNoException 122

[Progress:>                             0%] [Cov:>                                  0%]  - CBranchFitnessFactory 453
* Using seed 11
* Starting evolution
[MASTER] 02:36:58.203 [logback-1] WARN  TestCluster - Failed to check cache for com.google.javascript.jscomp.DisambiguateProperties<T> : Type points to itself

[Progress:>                             1%] [Cov:>                                  0%]
[Progress:>                             2%] [Cov:>                                  0%]
[Progress:>                             2%] [Cov:>                                  1%]
[Progress:>                             2%] [Cov:====>                              13%]
[Progress:>                             2%] [Cov:====>                              14%][MASTER] 02:37:02.176 [logback-1] WARN  TestCluster - Failed to check cache for java.util.Comparator<T> : Type points to itself

[Progress:>                             3%] [Cov:>                                  0%]
[Progress:>                             3%] [Cov:>                                  1%]
[Progress:>                             3%] [Cov:====>                              13%]
[Progress:>                             3%] [Cov:====>                              14%]
[Progress:>                             3%] [Cov:=====>                             15%]
[Progress:=>                            4%] [Cov:>                                  1%]
[Progress:==>                           7%] [Cov:>                                  0%]
[Progress:==>                           7%] [Cov:>                                  2%]
[Progress:==>                           7%] [Cov:====>                              14%]
[Progress:==>                           7%] [Cov:=====>                             15%]
[Progress:==>                           7%] [Cov:=====>                             16%]
[Progress:==>                           7%] [Cov:=====>                             17%]
[Progress:==>                           7%] [Cov:======>                            18%]
[Progress:==>                           8%] [Cov:====>                              12%]
[Progress:==>                           8%] [Cov:=====>                             15%]
[Progress:==>                           8%] [Cov:=====>                             16%]
[Progress:==>                           8%] [Cov:=====>                             17%]
[Progress:==>                           8%] [Cov:======>                            18%]
[Progress:===>                          12%] [Cov:>                                  0%]
[Progress:===>                          12%] [Cov:>                                  1%]
[Progress:===>                          12%] [Cov:====>                              13%]
[Progress:===>                          12%] [Cov:====>                              14%]
[Progress:===>                          12%] [Cov:=====>                             15%]
[Progress:===>                          12%] [Cov:======>                            18%][MASTER] 02:37:16.844 [logback-1] WARN  TestChromosome - Functional mock problem: org.evosuite.ga.ConstructionFailedException: Have no generator for com.google.javascript.jscomp.DisambiguateProperties<java.lang.Object> canUseFunctionalMocks=true, canBeMocked: false

[Progress:===>                          13%] [Cov:====>                              14%]
[Progress:===>                          13%] [Cov:=====>                             17%]
[Progress:===>                          13%] [Cov:======>                            19%]
[Progress:====>                         14%] [Cov:====>                              12%]
[Progress:====>                         14%] [Cov:====>                              14%]
[Progress:====>                         14%] [Cov:=====>                             15%]
[Progress:====>                         14%] [Cov:=====>                             16%]
[Progress:====>                         14%] [Cov:======>                            19%]
[Progress:====>                         15%] [Cov:====>                              14%]
[Progress:====>                         15%] [Cov:=====>                             15%]
[Progress:====>                         15%] [Cov:======>                            18%]
[Progress:====>                         15%] [Cov:======>                            19%]
[Progress:====>                         15%] [Cov:=======>                           20%]
[Progress:====>                         16%] [Cov:======>                            18%]
[Progress:====>                         16%] [Cov:======>                            19%]
[Progress:====>                         16%] [Cov:=======>                           20%]
[Progress:====>                         16%] [Cov:=======>                           21%][MASTER] 02:37:22.741 [logback-1] WARN  TestCluster - Failed to check cache for java.util.Enumeration<E> : Type points to itself

[Progress:=====>                        17%] [Cov:======>                            18%]
[Progress:=====>                        17%] [Cov:=======>                           20%]
[Progress:=====>                        17%] [Cov:=======>                           21%]
[Progress:=====>                        18%] [Cov:======>                            18%]
[Progress:=====>                        18%] [Cov:======>                            19%]
[Progress:=====>                        18%] [Cov:=======>                           20%]
[Progress:=====>                        18%] [Cov:=======>                           21%]
[Progress:=====>                        18%] [Cov:=======>                           22%]
[Progress:=====>                        19%] [Cov:=======>                           20%]
[Progress:=====>                        19%] [Cov:=======>                           21%]
[Progress:=====>                        19%] [Cov:=======>                           22%]
[Progress:======>                       20%] [Cov:======>                            19%]
[Progress:======>                       20%] [Cov:=======>                           20%]
[Progress:======>                       20%] [Cov:=======>                           21%]
[Progress:======>                       20%] [Cov:=======>                           22%]
[Progress:======>                       20%] [Cov:=======>                           22%]
[Progress:======>                       21%] [Cov:=======>                           20%]
[Progress:======>                       21%] [Cov:=======>                           21%]
[Progress:======>                       21%] [Cov:=======>                           22%]
[Progress:======>                       22%] [Cov:======>                            19%]
[Progress:======>                       22%] [Cov:=======>                           20%]
[Progress:======>                       22%] [Cov:=======>                           21%]
[Progress:======>                       22%] [Cov:=======>                           22%]
[Progress:======>                       22%] [Cov:========>                          23%]
[Progress:======>                       22%] [Cov:========>                          23%]
[Progress:======>                       23%] [Cov:=======>                           21%]
[Progress:======>                       23%] [Cov:========>                          23%]
[Progress:=======>                      24%] [Cov:=======>                           20%]
[Progress:=======>                      24%] [Cov:=======>                           21%]
[Progress:=======>                      24%] [Cov:=======>                           22%]
[Progress:=======>                      24%] [Cov:========>                          23%]
[Progress:=======>                      24%] [Cov:========>                          23%]
[Progress:=======>                      24%] [Cov:========>                          24%]
[Progress:=======>                      25%] [Cov:========>                          23%]
[Progress:=======>                      25%] [Cov:========>                          24%]
[Progress:=======>                      26%] [Cov:=======>                           21%]
[Progress:=======>                      26%] [Cov:========>                          23%]
[Progress:=======>                      26%] [Cov:========>                          24%]
[Progress:========>                     27%] [Cov:========>                          23%]
[Progress:========>                     27%] [Cov:========>                          24%]
[Progress:========>                     27%] [Cov:========>                          25%]
[Progress:========>                     28%] [Cov:=======>                           22%]
[Progress:========>                     28%] [Cov:========>                          23%]
[Progress:========>                     28%] [Cov:========>                          24%]
[Progress:========>                     28%] [Cov:========>                          25%]
[Progress:========>                     28%] [Cov:========>                          25%]
[Progress:========>                     29%] [Cov:=======>                           22%]
[Progress:========>                     29%] [Cov:========>                          25%]
[Progress:========>                     29%] [Cov:========>                          25%]
[Progress:=========>                    30%] [Cov:=======>                           22%]
[Progress:=========>                    30%] [Cov:========>                          23%]
[Progress:=========>                    30%] [Cov:========>                          24%]
[Progress:=========>                    30%] [Cov:========>                          25%]
[Progress:=========>                    31%] [Cov:========>                          23%]
[Progress:=========>                    31%] [Cov:========>                          25%]
[Progress:=========>                    31%] [Cov:========>                          25%]
[Progress:=========>                    31%] [Cov:=========>                         26%]
[Progress:=========>                    32%] [Cov:========>                          24%]
[Progress:=========>                    32%] [Cov:========>                          25%]
[Progress:=========>                    32%] [Cov:=========>                         26%]
[Progress:=========>                    33%] [Cov:========>                          24%]
[Progress:=========>                    33%] [Cov:========>                          25%]
[Progress:=========>                    33%] [Cov:=========>                         26%]
[Progress:==========>                   34%] [Cov:========>                          23%]
[Progress:==========>                   34%] [Cov:========>                          24%]
[Progress:==========>                   34%] [Cov:========>                          25%]
[Progress:==========>                   34%] [Cov:=========>                         26%]
[Progress:==========>                   35%] [Cov:========>                          25%]
[Progress:==========>                   35%] [Cov:=========>                         26%]
[Progress:==========>                   36%] [Cov:========>                          24%]
[Progress:==========>                   36%] [Cov:=========>                         26%]
[Progress:==========>                   36%] [Cov:=========>                         26%]
[Progress:===========>                  37%] [Cov:========>                          25%]
[Progress:===========>                  37%] [Cov:=========>                         26%]
[Progress:===========>                  38%] [Cov:========>                          24%]
[Progress:===========>                  38%] [Cov:========>                          25%]
[Progress:===========>                  38%] [Cov:=========>                         26%]
[Progress:===========>                  39%] [Cov:========>                          24%]
[Progress:===========>                  39%] [Cov:========>                          25%]
[Progress:===========>                  39%] [Cov:=========>                         26%]
[Progress:===========>                  39%] [Cov:========>                          25%]
[Progress:============>                 40%] [Cov:========>                          25%]
[Progress:============>                 40%] [Cov:=========>                         26%]
[Progress:============>                 40%] [Cov:=========>                         27%]
[Progress:============>                 41%] [Cov:========>                          25%]
[Progress:============>                 41%] [Cov:=========>                         26%]
[Progress:============>                 41%] [Cov:=========>                         27%]
[Progress:============>                 42%] [Cov:========>                          24%]
[Progress:============>                 42%] [Cov:=========>                         26%]
[Progress:============>                 42%] [Cov:========>                          25%]
[Progress:============>                 42%] [Cov:=========>                         26%]
[Progress:============>                 42%] [Cov:=========>                         27%]
[Progress:============>                 43%] [Cov:========>                          24%]
[Progress:============>                 43%] [Cov:=========>                         26%]
[Progress:============>                 43%] [Cov:=========>                         27%]
[Progress:=============>                44%] [Cov:=========>                         26%]
[Progress:=============>                44%] [Cov:=========>                         27%]
[Progress:=============>                45%] [Cov:=========>                         27%]
[Progress:=============>                45%] [Cov:=========>                         27%]
[Progress:=============>                46%] [Cov:=========>                         26%]
[Progress:=============>                46%] [Cov:=========>                         27%]
[Progress:==============>               47%] [Cov:========>                          24%]
[Progress:==============>               47%] [Cov:=========>                         26%]
[Progress:==============>               47%] [Cov:=========>                         27%]
[Progress:==============>               48%] [Cov:=========>                         26%]
[Progress:==============>               48%] [Cov:=========>                         27%]
[Progress:==============>               49%] [Cov:=========>                         26%]
[Progress:==============>               49%] [Cov:=========>                         27%]
[Progress:==============>               49%] [Cov:=========>                         26%]
[Progress:==============>               49%] [Cov:=========>                         27%]
[Progress:===============>              50%] [Cov:========>                          25%]
[Progress:===============>              50%] [Cov:=========>                         27%]
[Progress:===============>              50%] [Cov:=========>                         28%]
[Progress:===============>              51%] [Cov:=========>                         27%]
[Progress:===============>              51%] [Cov:=========>                         28%]
[Progress:===============>              52%] [Cov:=========>                         26%]
[Progress:===============>              52%] [Cov:=========>                         27%]
[Progress:===============>              52%] [Cov:=========>                         28%]
[Progress:===============>              52%] [Cov:=========>                         26%]
[Progress:===============>              53%] [Cov:=========>                         27%]
[Progress:================>             54%] [Cov:=========>                         26%]
[Progress:================>             54%] [Cov:=========>                         27%]
[Progress:================>             54%] [Cov:=========>                         28%]
[Progress:================>             55%] [Cov:=========>                         26%]
[Progress:================>             55%] [Cov:=========>                         27%]
[Progress:================>             56%] [Cov:=========>                         27%]
[Progress:================>             56%] [Cov:=========>                         28%]
[Progress:================>             56%] [Cov:=========>                         27%]
[Progress:================>             56%] [Cov:=========>                         28%]
[Progress:================>             56%] [Cov:==========>                        29%]
[Progress:=================>            57%] [Cov:=========>                         28%]
[Progress:=================>            58%] [Cov:=========>                         26%]
[Progress:=================>            58%] [Cov:=========>                         27%]
[Progress:=================>            58%] [Cov:=========>                         28%]
[Progress:=================>            59%] [Cov:=========>                         26%]
[Progress:=================>            59%] [Cov:=========>                         27%]
[Progress:=================>            59%] [Cov:=========>                         28%]
[Progress:==================>           60%] [Cov:=========>                         27%]
[Progress:==================>           60%] [Cov:=========>                         27%]
[Progress:==================>           60%] [Cov:=========>                         28%]
[Progress:==================>           61%] [Cov:=========>                         28%]
[Progress:==================>           62%] [Cov:==========>                        29%]
[Progress:==================>           63%] [Cov:=========>                         28%]
[Progress:==================>           63%] [Cov:=========>                         28%]
[Progress:===================>          64%] [Cov:=========>                         28%]
[Progress:===================>          64%] [Cov:==========>                        29%]
[Progress:===================>          65%] [Cov:==========>                        29%]
[Progress:===================>          66%] [Cov:=========>                         27%]
[Progress:===================>          66%] [Cov:=========>                         28%]
[Progress:===================>          66%] [Cov:==========>                        29%]
[Progress:====================>         67%] [Cov:=========>                         27%]
[Progress:====================>         67%] [Cov:=========>                         28%]
[Progress:====================>         67%] [Cov:==========>                        29%]
[Progress:====================>         68%] [Cov:=========>                         27%]
[Progress:====================>         68%] [Cov:=========>                         28%]
[Progress:====================>         68%] [Cov:=========>                         28%]
[Progress:====================>         68%] [Cov:==========>                        29%]
[Progress:====================>         68%] [Cov:==========>                        30%]
[Progress:====================>         69%] [Cov:=========>                         27%]
[Progress:====================>         69%] [Cov:=========>                         28%]
[Progress:====================>         69%] [Cov:==========>                        29%]
[Progress:=====================>        70%] [Cov:=========>                         28%]
[Progress:=====================>        70%] [Cov:==========>                        29%]
[Progress:=====================>        71%] [Cov:=========>                         28%]
[Progress:=====================>        71%] [Cov:==========>                        29%]
[Progress:=====================>        72%] [Cov:==========>                        29%]
[Progress:=====================>        72%] [Cov:==========>                        29%]
[Progress:=====================>        73%] [Cov:=========>                         28%]
[Progress:=====================>        73%] [Cov:==========>                        29%]
[Progress:======================>       74%] [Cov:=========>                         28%]
[Progress:======================>       74%] [Cov:==========>                        29%]
[Progress:======================>       75%] [Cov:=========>                         28%]
[Progress:======================>       75%] [Cov:==========>                        29%]
[Progress:======================>       76%] [Cov:=========>                         28%]
[Progress:======================>       76%] [Cov:==========>                        29%]
[Progress:======================>       76%] [Cov:==========>                        29%]
[Progress:======================>       76%] [Cov:==========>                        30%]
[Progress:=======================>      77%] [Cov:==========>                        29%]
[Progress:=======================>      78%] [Cov:==========>                        29%]
[Progress:=======================>      78%] [Cov:==========>                        30%]
[Progress:=======================>      79%] [Cov:==========>                        29%]
[Progress:=======================>      79%] [Cov:==========>                        30%]
[Progress:=======================>      79%] [Cov:==========>                        31%]
[Progress:========================>     80%] [Cov:==========>                        29%]
[Progress:========================>     80%] [Cov:==========>                        30%]
[Progress:========================>     83%] [Cov:==========>                        29%]
[Progress:=========================>    84%] [Cov:==========>                        29%]
[Progress:=========================>    84%] [Cov:==========>                        30%]
[Progress:==========================>   88%] [Cov:==========>                        29%]
[Progress:==========================>   88%] [Cov:==========>                        30%]
[Progress:==========================>   89%] [Cov:==========>                        29%]
[Progress:==========================>   89%] [Cov:==========>                        30%]
[Progress:==========================>   89%] [Cov:==========>                        30%]
[Progress:==========================>   89%] [Cov:==========>                        31%]
[Progress:===========================>  90%] [Cov:==========>                        29%]
[Progress:===========================>  90%] [Cov:==========>                        30%][MASTER] 02:39:13.874 [logback-1] WARN  TestChromosome - Functional mock problem: org.evosuite.ga.ConstructionFailedException: Failed to add constructor for com.google.javascript.jscomp.SyntacticScopeCreator due to org.evosuite.ga.ConstructionFailedException: Have no generator for interface com.google.javascript.jscomp.SyntacticScopeCreator$RedeclarationHandler canUseFunctionalMocks=true, canBeMocked: false

[Progress:===========================>  91%] [Cov:==========>                        30%]
[Progress:===========================>  92%] [Cov:=========>                         28%]
[Progress:===========================>  92%] [Cov:==========>                        30%]
[Progress:===========================>  92%] [Cov:==========>                        31%]
[Progress:===========================>  92%] [Cov:==========>                        30%]
[Progress:===========================>  92%] [Cov:==========>                        31%]
[Progress:===========================>  93%] [Cov:==========>                        31%]
[Progress:============================> 96%] [Cov:==========>                        29%]
[Progress:============================> 96%] [Cov:==========>                        30%]
[Progress:============================> 96%] [Cov:==========>                        31%]
[Progress:=============================>97%] [Cov:=========>                         28%]
[Progress:=============================>97%] [Cov:==========>                        29%]
[Progress:=============================>97%] [Cov:==========>                        30%]
[Progress:=============================>97%] [Cov:==========>                        31%]
[Progress:=============================>98%] [Cov:==========>                        29%]
[Progress:=============================>98%] [Cov:==========>                        30%]
[Progress:=============================>98%] [Cov:==========>                        31%]
[Progress:=============================>98%] [Cov:==========>                        30%]
[Progress:=============================>99%] [Cov:==========>                        30%]
[Progress:=============================>99%] [Cov:==========>                        31%]
[Progress:==============================100%] [Cov:==========>                        29%]
[Progress:==============================100%] [Cov:==========>                        30%]
[Progress:==============================100%] [Cov:==========>                        31%]
[Progress:==============================100%] [Cov:==========>                        30%]
[Progress:==============================100%] [Cov:==========>                        31%]
[Progress:==============================100%] [Cov:==========>                        30%]
[Progress:==============================100%] [Cov:==========>                        31%]
[Progress:==============================100%] [Cov:==========>                        31%]
* Search finished after 154s and 30 generations, 10323 statements, best individual has fitness: 2990.6147361628737
* Minimizing test suite
* Going to analyze the coverage criteria
* Coverage analysis for criterion LINE
* Coverage of criterion LINE: 32%
* Total number of goals: 765
* Number of covered goals: 248
* Coverage analysis for criterion BRANCH
* Coverage of criterion BRANCH: 23%
* Total number of goals: 453
* Number of covered goals: 106
* Coverage analysis for criterion EXCEPTION
* Coverage of criterion EXCEPTION: 11%
* Total number of goals: 61
* Number of covered goals: 7
* Coverage analysis for criterion WEAKMUTATION
* Coverage of criterion WEAKMUTATION: 24%
* Total number of goals: 887
* Number of covered goals: 209
* Coverage analysis for criterion OUTPUT
* Coverage of criterion OUTPUT: 10%
* Total number of goals: 504
* Number of covered goals: 48
* Coverage analysis for criterion METHOD
* Coverage of criterion METHOD: 31%
* Total number of goals: 122
* Number of covered goals: 38
* Coverage analysis for criterion METHODNOEXCEPTION
* Coverage of criterion METHODNOEXCEPTION: 27%
* Total number of goals: 122
* Number of covered goals: 33
* Coverage analysis for criterion CBRANCH
* Coverage of criterion CBRANCH: 21%
* Total number of goals: 453
* Number of covered goals: 94
* Generated 35 tests with total length 96
* Resulting test suite's coverage: 31% (average coverage for all fitness functions)
* Generating assertions
* Resulting test suite's mutation score: 7%
* Compiling and checking tests
* Writing tests to file
* Writing JUnit test case 'Compiler_ESTest' to evosuite-tests
* Done!

* Computation finished

