CMD: /usr/lib/jvm/java-8-openjdk-amd64/bin/java -Dtools_jar_location=/usr/lib/jvm/java-8-openjdk-amd64/lib/tools.jar -jar /home/user/evosuite/evosuite-1.2.0.jar -generateSuite -class org.apache.commons.math.linear.CholeskyDecompositionImpl -projectCP /home/user/evosuite/Test/Math-86b/target/classes -base_dir /home/user/evosuite/results/project-Math/Math-86/round02/evosuite-work -seed 11 -Dalgorithm=NSGAII -Dsearch_budget=150 -Dtest_format=JUNIT4 -Dassertions=true

* EvoSuite 1.2.0
* Going to generate test cases for class: org.apache.commons.math.linear.CholeskyDecompositionImpl
* Starting Client-0
* Connecting to master process on port 8220
* Analyzing classpath: 
  - /home/user/evosuite/Test/Math-86b/target/classes
* Finished analyzing classpath
* Generating tests for class org.apache.commons.math.linear.CholeskyDecompositionImpl
* Test criteria:
  - Line Coverage
  - Branch Coverage
  - Exception
  - Mutation testing (weak)
  - Method-Output Coverage
  - Top-Level Method Coverage
  - No-Exception Top-Level Method Coverage
  - Context Branch Coverage
* Setting up search algorithm for whole suite generation
* Total number of test goals: 
  - Line 115
  - Branch 65
  - Exception 0
  - MutationFactory 491
  - Output 10
  - Method 12
  - MethodNoException 12
  - CBranchFitnessFactory 65

[Progress:>                             0%] [Cov:>                                  0%]* Using seed 11
* Starting evolution

[Progress:>                             0%] [Cov:>                                  0%]
[Progress:>                             0%] [Cov:====>                              13%]
[Progress:>                             0%] [Cov:====>                              14%]
[Progress:>                             0%] [Cov:=====>                             15%]
[Progress:>                             0%] [Cov:======>                            18%]
[Progress:>                             0%] [Cov:======>                            19%]
[Progress:>                             0%] [Cov:=======>                           21%]
[Progress:>                             0%] [Cov:========>                          25%]
[Progress:>                             0%] [Cov:=========>                         28%]
[Progress:>                             0%] [Cov:==========>                        30%]
[Progress:>                             1%] [Cov:>                                  0%]
[Progress:>                             1%] [Cov:====>                              13%]
[Progress:>                             1%] [Cov:==========>                        30%]
[Progress:>                             1%] [Cov:==========>                        30%]
[Progress:>                             1%] [Cov:==========>                        30%]
[Progress:>                             1%] [Cov:==========>                        31%]
[Progress:>                             1%] [Cov:===========>                       32%]
[Progress:>                             2%] [Cov:====>                              12%]
[Progress:>                             2%] [Cov:==========>                        29%]
[Progress:>                             2%] [Cov:==========>                        30%]
[Progress:>                             2%] [Cov:==========>                        31%]
[Progress:>                             2%] [Cov:===========>                       32%]
[Progress:>                             2%] [Cov:===========>                       32%]
[Progress:>                             2%] [Cov:===========>                       34%]
[Progress:>                             2%] [Cov:============>                      35%]
[Progress:>                             2%] [Cov:============>                      35%]
[Progress:>                             2%] [Cov:============>                      35%]
[Progress:>                             2%] [Cov:============>                      37%]
[Progress:>                             2%] [Cov:=============>                     38%]
[Progress:>                             2%] [Cov:============>                      35%]
[Progress:>                             2%] [Cov:============>                      36%]
[Progress:>                             2%] [Cov:============>                      37%]
[Progress:>                             2%] [Cov:=============>                     38%]
[Progress:>                             2%] [Cov:=============>                     39%]
[Progress:>                             2%] [Cov:==============>                    40%]
[Progress:>                             2%] [Cov:==============>                    40%]
[Progress:>                             3%] [Cov:===========>                       34%]
[Progress:>                             3%] [Cov:============>                      36%]
[Progress:>                             3%] [Cov:============>                      37%]
[Progress:>                             3%] [Cov:=============>                     38%]
[Progress:>                             3%] [Cov:=============>                     39%]
[Progress:>                             3%] [Cov:==============>                    40%]
[Progress:>                             3%] [Cov:==============>                    41%]
[Progress:>                             3%] [Cov:==============>                    41%]
[Progress:>                             3%] [Cov:==============>                    42%]
[Progress:=>                            4%] [Cov:=============>                     38%]
[Progress:=>                            4%] [Cov:==============>                    40%]
[Progress:=>                            4%] [Cov:==============>                    41%]
[Progress:=>                            4%] [Cov:==============>                    42%]
[Progress:=>                            4%] [Cov:==============>                    42%]
[Progress:=>                            4%] [Cov:=============>                     38%]
[Progress:=>                            4%] [Cov:=============>                     39%]
[Progress:=>                            4%] [Cov:==============>                    40%]
[Progress:=>                            4%] [Cov:==============>                    41%]
[Progress:=>                            4%] [Cov:==============>                    42%]
[Progress:=>                            4%] [Cov:=============>                     38%]
[Progress:=>                            4%] [Cov:==============>                    42%]
[Progress:=>                            4%] [Cov:===============>                   43%]
[Progress:=>                            4%] [Cov:===============>                   44%]
[Progress:=>                            4%] [Cov:===============>                   43%]
[Progress:=>                            4%] [Cov:===============>                   44%]
[Progress:=>                            5%] [Cov:==============>                    42%]
[Progress:=>                            5%] [Cov:===============>                   43%]
[Progress:=>                            5%] [Cov:===============>                   44%]
[Progress:=>                            5%] [Cov:===============>                   44%]
[Progress:=>                            5%] [Cov:===============>                   44%]
[Progress:=>                            6%] [Cov:==============>                    42%]
[Progress:=>                            6%] [Cov:===============>                   43%]
[Progress:=>                            6%] [Cov:===============>                   44%]
[Progress:=>                            6%] [Cov:===============>                   44%]
[Progress:=>                            6%] [Cov:===============>                   44%]
[Progress:=>                            6%] [Cov:===============>                   45%]
[Progress:=>                            6%] [Cov:===============>                   44%]
[Progress:=>                            6%] [Cov:===============>                   44%]
[Progress:=>                            6%] [Cov:===============>                   45%]
[Progress:=>                            6%] [Cov:===============>                   44%]
[Progress:=>                            6%] [Cov:===============>                   45%]
[Progress:=>                            6%] [Cov:================>                  46%]
[Progress:==>                           7%] [Cov:===============>                   44%]
[Progress:==>                           7%] [Cov:===============>                   45%]
[Progress:==>                           7%] [Cov:================>                  46%]
[Progress:==>                           7%] [Cov:===============>                   45%]
[Progress:==>                           7%] [Cov:================>                  46%]
[Progress:==>                           8%] [Cov:===============>                   44%]
[Progress:==>                           8%] [Cov:================>                  46%]
[Progress:==>                           8%] [Cov:===============>                   45%]
[Progress:==>                           8%] [Cov:================>                  46%]
[Progress:==>                           8%] [Cov:===============>                   45%]
[Progress:==>                           8%] [Cov:================>                  46%]
[Progress:==>                           8%] [Cov:===============>                   45%]
[Progress:==>                           8%] [Cov:================>                  46%]
[Progress:==>                           8%] [Cov:===============>                   45%]
[Progress:==>                           8%] [Cov:================>                  46%]
[Progress:==>                           8%] [Cov:===============>                   45%]
[Progress:==>                           8%] [Cov:================>                  46%]
[Progress:==>                           9%] [Cov:================>                  46%]
[Progress:==>                           9%] [Cov:===============>                   45%]
[Progress:==>                           9%] [Cov:================>                  46%]
[Progress:==>                           9%] [Cov:===============>                   45%]
[Progress:==>                           9%] [Cov:================>                  46%]
[Progress:===>                          10%] [Cov:===============>                   45%]
[Progress:===>                          10%] [Cov:================>                  46%]
[Progress:===>                          10%] [Cov:===============>                   45%]
[Progress:===>                          10%] [Cov:================>                  46%]
[Progress:===>                          10%] [Cov:===============>                   45%]
[Progress:===>                          10%] [Cov:================>                  46%]
[Progress:===>                          10%] [Cov:===============>                   45%]
[Progress:===>                          10%] [Cov:================>                  46%]
[Progress:===>                          10%] [Cov:================>                  46%]
[Progress:===>                          10%] [Cov:================>                  46%]
[Progress:===>                          11%] [Cov:================>                  46%]
[Progress:===>                          11%] [Cov:================>                  46%]
[Progress:===>                          11%] [Cov:================>                  46%]
[Progress:===>                          12%] [Cov:================>                  46%]
[Progress:===>                          12%] [Cov:===============>                   45%]
[Progress:===>                          12%] [Cov:================>                  46%]
[Progress:===>                          12%] [Cov:===============>                   45%]
[Progress:===>                          12%] [Cov:================>                  46%]
[Progress:===>                          12%] [Cov:===============>                   45%]
[Progress:===>                          12%] [Cov:================>                  46%]
[Progress:===>                          12%] [Cov:===============>                   45%]
[Progress:===>                          12%] [Cov:================>                  46%]
[Progress:===>                          12%] [Cov:===============>                   45%]
[Progress:===>                          12%] [Cov:================>                  46%]
[Progress:===>                          13%] [Cov:================>                  46%]
[Progress:===>                          13%] [Cov:===============>                   45%]
[Progress:===>                          13%] [Cov:================>                  46%]
[Progress:===>                          13%] [Cov:===============>                   45%]
[Progress:===>                          13%] [Cov:================>                  46%]
[Progress:====>                         14%] [Cov:================>                  46%]
[Progress:====>                         14%] [Cov:===============>                   45%]
[Progress:====>                         14%] [Cov:================>                  46%]
[Progress:====>                         14%] [Cov:===============>                   45%]
[Progress:====>                         14%] [Cov:================>                  46%]
[Progress:====>                         14%] [Cov:===============>                   45%]
[Progress:====>                         14%] [Cov:================>                  46%]
[Progress:====>                         14%] [Cov:===============>                   45%]
[Progress:====>                         14%] [Cov:================>                  46%]
[Progress:====>                         15%] [Cov:================>                  46%]
[Progress:====>                         15%] [Cov:===============>                   45%]
[Progress:====>                         15%] [Cov:================>                  46%]
[Progress:====>                         16%] [Cov:==============>                    40%]
[Progress:====>                         16%] [Cov:================>                  46%]
[Progress:====>                         16%] [Cov:===============>                   45%]
[Progress:====>                         16%] [Cov:================>                  46%]
[Progress:====>                         16%] [Cov:===============>                   45%]
[Progress:====>                         16%] [Cov:================>                  46%]
[Progress:====>                         16%] [Cov:===============>                   45%]
[Progress:====>                         16%] [Cov:================>                  46%]
[Progress:====>                         16%] [Cov:===============>                   45%]
[Progress:====>                         16%] [Cov:================>                  46%]
[Progress:====>                         16%] [Cov:===============>                   45%]
[Progress:=====>                        17%] [Cov:================>                  46%]
[Progress:=====>                        17%] [Cov:===============>                   45%]
[Progress:=====>                        17%] [Cov:================>                  46%]
[Progress:=====>                        17%] [Cov:===============>                   45%]
[Progress:=====>                        17%] [Cov:================>                  46%]
[Progress:=====>                        18%] [Cov:================>                  46%]
[Progress:=====>                        18%] [Cov:===============>                   45%]
[Progress:=====>                        18%] [Cov:================>                  46%]
[Progress:=====>                        18%] [Cov:===============>                   45%]
[Progress:=====>                        18%] [Cov:================>                  46%]
[Progress:=====>                        18%] [Cov:===============>                   45%]
[Progress:=====>                        18%] [Cov:================>                  46%]
[Progress:=====>                        19%] [Cov:================>                  46%]
[Progress:=====>                        19%] [Cov:===============>                   45%]
[Progress:=====>                        19%] [Cov:================>                  46%]
[Progress:=====>                        19%] [Cov:===============>                   45%]
[Progress:=====>                        19%] [Cov:================>                  46%]
[Progress:======>                       20%] [Cov:================>                  46%]
[Progress:======>                       20%] [Cov:===============>                   45%]
[Progress:======>                       20%] [Cov:================>                  46%]
[Progress:======>                       20%] [Cov:===============>                   45%]
[Progress:======>                       20%] [Cov:================>                  46%]
[Progress:======>                       20%] [Cov:===============>                   45%]
[Progress:======>                       20%] [Cov:================>                  46%]
[Progress:======>                       20%] [Cov:===============>                   45%]
[Progress:======>                       20%] [Cov:================>                  46%]
[Progress:======>                       21%] [Cov:================>                  46%]
[Progress:======>                       21%] [Cov:===============>                   45%]
[Progress:======>                       21%] [Cov:================>                  46%]
[Progress:======>                       22%] [Cov:================>                  46%]
[Progress:======>                       22%] [Cov:===============>                   45%]
[Progress:======>                       22%] [Cov:================>                  46%]
[Progress:======>                       22%] [Cov:===============>                   45%]
[Progress:======>                       22%] [Cov:================>                  46%]
[Progress:======>                       22%] [Cov:===============>                   45%]
[Progress:======>                       22%] [Cov:================>                  46%]
[Progress:======>                       22%] [Cov:===============>                   45%]
[Progress:======>                       22%] [Cov:================>                  46%]
[Progress:======>                       23%] [Cov:================>                  46%]
[Progress:======>                       23%] [Cov:===============>                   45%]
[Progress:======>                       23%] [Cov:================>                  46%]
[Progress:======>                       23%] [Cov:===============>                   45%]
[Progress:======>                       23%] [Cov:================>                  46%]
[Progress:=======>                      24%] [Cov:================>                  46%]
[Progress:=======>                      24%] [Cov:===============>                   45%]
[Progress:=======>                      24%] [Cov:================>                  46%]
[Progress:=======>                      24%] [Cov:===============>                   45%]
[Progress:=======>                      24%] [Cov:================>                  46%]
[Progress:=======>                      24%] [Cov:===============>                   45%]
[Progress:=======>                      24%] [Cov:================>                  46%]
[Progress:=======>                      24%] [Cov:===============>                   45%]
[Progress:=======>                      24%] [Cov:================>                  46%]
[Progress:=======>                      25%] [Cov:================>                  46%]
[Progress:=======>                      25%] [Cov:===============>                   45%]
[Progress:=======>                      25%] [Cov:================>                  46%]
[Progress:=======>                      25%] [Cov:===============>                   45%]
[Progress:=======>                      25%] [Cov:================>                  46%]
[Progress:=======>                      26%] [Cov:================>                  46%]
[Progress:=======>                      26%] [Cov:===============>                   45%]
[Progress:=======>                      26%] [Cov:================>                  46%]
[Progress:=======>                      26%] [Cov:===============>                   45%]
[Progress:=======>                      26%] [Cov:================>                  46%]
[Progress:=======>                      26%] [Cov:===============>                   45%]
[Progress:=======>                      26%] [Cov:================>                  46%]
[Progress:=======>                      26%] [Cov:===============>                   45%]
[Progress:=======>                      26%] [Cov:================>                  46%]
[Progress:========>                     27%] [Cov:================>                  46%]
[Progress:========>                     27%] [Cov:===============>                   45%]
[Progress:========>                     27%] [Cov:================>                  46%]
[Progress:========>                     27%] [Cov:===============>                   45%]
[Progress:========>                     27%] [Cov:================>                  46%]
[Progress:========>                     28%] [Cov:================>                  46%]
[Progress:========>                     28%] [Cov:===============>                   45%]
[Progress:========>                     28%] [Cov:================>                  46%]
[Progress:========>                     28%] [Cov:===============>                   45%]
[Progress:========>                     28%] [Cov:================>                  46%]
[Progress:========>                     28%] [Cov:===============>                   45%]
[Progress:========>                     28%] [Cov:================>                  46%]
[Progress:========>                     28%] [Cov:===============>                   45%]
[Progress:========>                     28%] [Cov:================>                  46%]
[Progress:========>                     29%] [Cov:================>                  46%]
[Progress:========>                     29%] [Cov:===============>                   45%]
[Progress:========>                     29%] [Cov:================>                  46%]
[Progress:========>                     29%] [Cov:===============>                   45%]
[Progress:========>                     29%] [Cov:================>                  46%]
[Progress:=========>                    30%] [Cov:================>                  46%]
[Progress:=========>                    30%] [Cov:===============>                   45%]
[Progress:=========>                    30%] [Cov:================>                  46%]
[Progress:=========>                    30%] [Cov:===============>                   45%]
[Progress:=========>                    30%] [Cov:================>                  46%]
[Progress:=========>                    30%] [Cov:===============>                   45%]
[Progress:=========>                    30%] [Cov:================>                  46%]
[Progress:=========>                    30%] [Cov:===============>                   45%]
[Progress:=========>                    30%] [Cov:================>                  46%]
[Progress:=========>                    30%] [Cov:===============>                   45%]
[Progress:=========>                    30%] [Cov:================>                  46%]
[Progress:=========>                    31%] [Cov:================>                  46%]
[Progress:=========>                    31%] [Cov:===============>                   45%]
[Progress:=========>                    31%] [Cov:================>                  46%]
[Progress:=========>                    31%] [Cov:===============>                   45%]
[Progress:=========>                    31%] [Cov:================>                  46%]
[Progress:=========>                    32%] [Cov:================>                  46%]
[Progress:=========>                    32%] [Cov:===============>                   45%]
[Progress:=========>                    32%] [Cov:================>                  46%]
[Progress:=========>                    32%] [Cov:===============>                   45%]
[Progress:=========>                    32%] [Cov:================>                  46%]
[Progress:=========>                    32%] [Cov:===============>                   45%]
[Progress:=========>                    32%] [Cov:================>                  46%]
[Progress:=========>                    32%] [Cov:===============>                   45%]
[Progress:=========>                    32%] [Cov:================>                  46%]
[Progress:=========>                    33%] [Cov:================>                  46%]
[Progress:=========>                    33%] [Cov:===============>                   45%]
[Progress:=========>                    33%] [Cov:================>                  46%]
[Progress:==========>                   34%] [Cov:================>                  46%]
[Progress:==========>                   34%] [Cov:===============>                   45%]
[Progress:==========>                   34%] [Cov:================>                  46%]
[Progress:==========>                   34%] [Cov:===============>                   45%]
[Progress:==========>                   34%] [Cov:================>                  46%]
[Progress:==========>                   34%] [Cov:===============>                   45%]
[Progress:==========>                   34%] [Cov:================>                  46%]
[Progress:==========>                   34%] [Cov:===============>                   45%]
[Progress:==========>                   34%] [Cov:================>                  46%]
[Progress:==========>                   35%] [Cov:================>                  46%]
[Progress:==========>                   35%] [Cov:===============>                   45%]
[Progress:==========>                   35%] [Cov:================>                  46%]
[Progress:==========>                   35%] [Cov:===============>                   45%]
[Progress:==========>                   35%] [Cov:================>                  46%]
[Progress:==========>                   36%] [Cov:===============>                   45%]
[Progress:==========>                   36%] [Cov:================>                  46%]
[Progress:==========>                   36%] [Cov:===============>                   45%]
[Progress:==========>                   36%] [Cov:================>                  46%]
[Progress:==========>                   36%] [Cov:===============>                   45%]
[Progress:==========>                   36%] [Cov:================>                  46%]
[Progress:==========>                   36%] [Cov:===============>                   45%]
[Progress:==========>                   36%] [Cov:================>                  46%]
[Progress:==========>                   36%] [Cov:===============>                   45%]
[Progress:==========>                   36%] [Cov:================>                  46%]
[Progress:==========>                   36%] [Cov:===============>                   45%]
[Progress:==========>                   36%] [Cov:================>                  46%]
[Progress:===========>                  37%] [Cov:===============>                   43%]
[Progress:===========>                  37%] [Cov:================>                  46%]
[Progress:===========>                  37%] [Cov:===============>                   45%]
[Progress:===========>                  37%] [Cov:================>                  46%]
[Progress:===========>                  37%] [Cov:===============>                   45%]
[Progress:===========>                  37%] [Cov:================>                  46%]
[Progress:===========>                  38%] [Cov:================>                  46%]
[Progress:===========>                  38%] [Cov:===============>                   45%]
[Progress:===========>                  38%] [Cov:================>                  46%]
[Progress:===========>                  38%] [Cov:===============>                   45%]
[Progress:===========>                  38%] [Cov:================>                  46%]
[Progress:===========>                  38%] [Cov:===============>                   45%]
[Progress:===========>                  38%] [Cov:================>                  46%]
[Progress:===========>                  38%] [Cov:===============>                   45%]
[Progress:===========>                  38%] [Cov:================>                  46%]
[Progress:===========>                  38%] [Cov:===============>                   45%]
[Progress:===========>                  38%] [Cov:================>                  46%]
[Progress:===========>                  39%] [Cov:===============>                   45%]
[Progress:===========>                  39%] [Cov:================>                  46%]
[Progress:===========>                  39%] [Cov:===============>                   45%]
[Progress:===========>                  39%] [Cov:================>                  46%]
[Progress:===========>                  39%] [Cov:===============>                   45%]
[Progress:===========>                  39%] [Cov:================>                  46%]
[Progress:===========>                  39%] [Cov:===============>                   45%]
[Progress:===========>                  39%] [Cov:================>                  46%]
[Progress:============>                 40%] [Cov:================>                  46%]
[Progress:============>                 40%] [Cov:===============>                   45%]
[Progress:============>                 40%] [Cov:================>                  46%]
[Progress:============>                 40%] [Cov:===============>                   45%]
[Progress:============>                 40%] [Cov:================>                  46%]
[Progress:============>                 40%] [Cov:===============>                   45%]
[Progress:============>                 40%] [Cov:================>                  46%]
[Progress:============>                 40%] [Cov:===============>                   45%]
[Progress:============>                 40%] [Cov:================>                  46%]
[Progress:============>                 41%] [Cov:================>                  46%]
[Progress:============>                 41%] [Cov:===============>                   45%]
[Progress:============>                 41%] [Cov:================>                  46%]
[Progress:============>                 41%] [Cov:===============>                   45%]
[Progress:============>                 41%] [Cov:================>                  46%]
[Progress:============>                 41%] [Cov:===============>                   45%]
[Progress:============>                 41%] [Cov:================>                  46%]
[Progress:============>                 42%] [Cov:================>                  46%]
[Progress:============>                 42%] [Cov:===============>                   45%]
[Progress:============>                 42%] [Cov:================>                  46%]
[Progress:============>                 42%] [Cov:===============>                   45%]
[Progress:============>                 42%] [Cov:================>                  46%]
[Progress:============>                 42%] [Cov:===============>                   45%]
[Progress:============>                 42%] [Cov:================>                  46%]
[Progress:============>                 42%] [Cov:===============>                   45%]
[Progress:============>                 42%] [Cov:================>                  46%]
[Progress:============>                 43%] [Cov:================>                  46%]
[Progress:============>                 43%] [Cov:===============>                   45%]
[Progress:============>                 43%] [Cov:================>                  46%]
[Progress:============>                 43%] [Cov:===============>                   45%]
[Progress:============>                 43%] [Cov:================>                  46%]
[Progress:=============>                44%] [Cov:===============>                   44%]
[Progress:=============>                44%] [Cov:================>                  46%]
[Progress:=============>                44%] [Cov:===============>                   45%]
[Progress:=============>                44%] [Cov:================>                  46%]
[Progress:=============>                44%] [Cov:===============>                   45%]
[Progress:=============>                44%] [Cov:================>                  46%]
[Progress:=============>                44%] [Cov:===============>                   45%]
[Progress:=============>                44%] [Cov:================>                  46%]
[Progress:=============>                45%] [Cov:================>                  46%]
[Progress:=============>                45%] [Cov:===============>                   45%]
[Progress:=============>                45%] [Cov:================>                  46%]
[Progress:=============>                45%] [Cov:===============>                   45%]
[Progress:=============>                45%] [Cov:================>                  46%]
[Progress:=============>                46%] [Cov:================>                  46%]
[Progress:=============>                46%] [Cov:===============>                   45%]
[Progress:=============>                46%] [Cov:================>                  46%]
[Progress:=============>                46%] [Cov:===============>                   45%]
[Progress:=============>                46%] [Cov:================>                  46%]
[Progress:=============>                46%] [Cov:===============>                   45%]
[Progress:=============>                46%] [Cov:================>                  46%]
[Progress:==============>               47%] [Cov:================>                  46%]
[Progress:==============>               47%] [Cov:===============>                   45%]
[Progress:==============>               47%] [Cov:================>                  46%]
[Progress:==============>               47%] [Cov:===============>                   45%]
[Progress:==============>               47%] [Cov:================>                  46%]
[Progress:==============>               48%] [Cov:================>                  46%]
[Progress:==============>               48%] [Cov:===============>                   45%]
[Progress:==============>               48%] [Cov:================>                  46%]
[Progress:==============>               48%] [Cov:===============>                   45%]
[Progress:==============>               48%] [Cov:================>                  46%]
[Progress:==============>               48%] [Cov:===============>                   45%]
[Progress:==============>               48%] [Cov:================>                  46%]
[Progress:==============>               48%] [Cov:===============>                   45%]
[Progress:==============>               48%] [Cov:================>                  46%]
[Progress:==============>               49%] [Cov:================>                  46%]
[Progress:==============>               49%] [Cov:===============>                   45%]
[Progress:==============>               49%] [Cov:================>                  46%]
[Progress:==============>               49%] [Cov:===============>                   45%]
[Progress:==============>               49%] [Cov:================>                  46%]
[Progress:===============>              50%] [Cov:=============>                     38%]
[Progress:===============>              50%] [Cov:================>                  46%]
[Progress:===============>              50%] [Cov:===============>                   45%]
[Progress:===============>              50%] [Cov:================>                  46%]
[Progress:===============>              50%] [Cov:===============>                   45%]
[Progress:===============>              50%] [Cov:================>                  46%]
[Progress:===============>              50%] [Cov:==============>                    42%]
[Progress:===============>              50%] [Cov:================>                  46%]
[Progress:===============>              51%] [Cov:================>                  46%]
[Progress:===============>              51%] [Cov:==============>                    42%]
[Progress:===============>              51%] [Cov:================>                  46%]
[Progress:===============>              51%] [Cov:==============>                    42%]
[Progress:===============>              51%] [Cov:================>                  46%]
[Progress:===============>              51%] [Cov:==============>                    42%]
[Progress:===============>              51%] [Cov:================>                  46%]
[Progress:===============>              52%] [Cov:===============>                   45%]
[Progress:===============>              52%] [Cov:================>                  46%]
[Progress:===============>              52%] [Cov:==============>                    42%]
[Progress:===============>              52%] [Cov:===============>                   45%]
[Progress:===============>              52%] [Cov:================>                  46%]
[Progress:===============>              52%] [Cov:==============>                    42%]
[Progress:===============>              52%] [Cov:================>                  46%]
[Progress:===============>              52%] [Cov:==============>                    42%]
[Progress:===============>              52%] [Cov:================>                  46%]
[Progress:===============>              52%] [Cov:==============>                    42%]
[Progress:===============>              52%] [Cov:================>                  46%]
[Progress:===============>              53%] [Cov:================>                  46%]
[Progress:===============>              53%] [Cov:==============>                    42%]
[Progress:===============>              53%] [Cov:===============>                   45%]
[Progress:===============>              53%] [Cov:================>                  46%]
[Progress:================>             54%] [Cov:================>                  46%]
[Progress:================>             54%] [Cov:==============>                    42%]
[Progress:================>             54%] [Cov:================>                  46%]
[Progress:================>             54%] [Cov:==============>                    42%]
[Progress:================>             54%] [Cov:================>                  46%]
[Progress:================>             54%] [Cov:==============>                    42%]
[Progress:================>             54%] [Cov:================>                  46%]
[Progress:================>             54%] [Cov:==============>                    42%]
[Progress:================>             54%] [Cov:================>                  46%]
[Progress:================>             55%] [Cov:================>                  46%]
[Progress:================>             55%] [Cov:==============>                    42%]
[Progress:================>             55%] [Cov:================>                  46%]
[Progress:================>             55%] [Cov:==============>                    42%]
[Progress:================>             55%] [Cov:================>                  46%]
[Progress:================>             56%] [Cov:================>                  46%]
[Progress:================>             56%] [Cov:==============>                    42%]
[Progress:================>             56%] [Cov:================>                  46%]
[Progress:================>             56%] [Cov:===============>                   45%]
[Progress:================>             56%] [Cov:================>                  46%]
[Progress:================>             56%] [Cov:===============>                   45%]
[Progress:================>             56%] [Cov:================>                  46%]
[Progress:================>             56%] [Cov:===============>                   45%]
[Progress:================>             56%] [Cov:================>                  46%]
[Progress:=================>            57%] [Cov:================>                  46%]
[Progress:=================>            57%] [Cov:===============>                   45%]
[Progress:=================>            57%] [Cov:================>                  46%]
[Progress:=================>            57%] [Cov:===============>                   45%]
[Progress:=================>            57%] [Cov:================>                  46%]
[Progress:=================>            58%] [Cov:================>                  46%]
[Progress:=================>            58%] [Cov:===============>                   45%]
[Progress:=================>            58%] [Cov:================>                  46%]
[Progress:=================>            58%] [Cov:===============>                   45%]
[Progress:=================>            58%] [Cov:================>                  46%]
[Progress:=================>            58%] [Cov:===============>                   45%]
[Progress:=================>            58%] [Cov:================>                  46%]
[Progress:=================>            59%] [Cov:================>                  46%]
[Progress:=================>            59%] [Cov:===============>                   45%]
[Progress:=================>            59%] [Cov:================>                  46%]
[Progress:=================>            59%] [Cov:===============>                   45%]
[Progress:=================>            59%] [Cov:================>                  46%]
[Progress:==================>           60%] [Cov:===============>                   45%]
[Progress:==================>           60%] [Cov:================>                  46%]
[Progress:==================>           60%] [Cov:===============>                   45%]
[Progress:==================>           60%] [Cov:================>                  46%]
[Progress:==================>           60%] [Cov:===============>                   45%]
[Progress:==================>           60%] [Cov:================>                  46%]
[Progress:==================>           60%] [Cov:===============>                   45%]
[Progress:==================>           60%] [Cov:================>                  46%]
[Progress:==================>           60%] [Cov:===============>                   45%]
[Progress:==================>           60%] [Cov:================>                  46%]
[Progress:==================>           61%] [Cov:================>                  46%]
[Progress:==================>           61%] [Cov:===============>                   45%]
[Progress:==================>           61%] [Cov:================>                  46%]
[Progress:==================>           61%] [Cov:===============>                   45%]
[Progress:==================>           61%] [Cov:================>                  46%]
[Progress:==================>           62%] [Cov:================>                  46%]
[Progress:==================>           62%] [Cov:===============>                   45%]
[Progress:==================>           62%] [Cov:================>                  46%]
[Progress:==================>           62%] [Cov:===============>                   45%]
[Progress:==================>           62%] [Cov:================>                  46%]
[Progress:==================>           62%] [Cov:===============>                   45%]
[Progress:==================>           62%] [Cov:================>                  46%]
[Progress:==================>           62%] [Cov:===============>                   45%]
[Progress:==================>           62%] [Cov:================>                  46%]
[Progress:==================>           63%] [Cov:================>                  46%]
[Progress:==================>           63%] [Cov:===============>                   45%]
[Progress:==================>           63%] [Cov:================>                  46%]
[Progress:==================>           63%] [Cov:===============>                   45%]
[Progress:===================>          64%] [Cov:================>                  46%]
[Progress:===================>          64%] [Cov:===============>                   45%]
[Progress:===================>          64%] [Cov:================>                  46%]
[Progress:===================>          64%] [Cov:===============>                   45%]
[Progress:===================>          64%] [Cov:================>                  46%]
[Progress:===================>          65%] [Cov:================>                  46%]
[Progress:===================>          65%] [Cov:===============>                   45%]
[Progress:===================>          65%] [Cov:================>                  46%]
[Progress:===================>          65%] [Cov:===============>                   45%]
[Progress:===================>          65%] [Cov:================>                  46%]
[Progress:===================>          66%] [Cov:================>                  46%]
[Progress:===================>          66%] [Cov:===============>                   45%]
[Progress:===================>          66%] [Cov:================>                  46%]
[Progress:===================>          66%] [Cov:===============>                   45%]
[Progress:===================>          66%] [Cov:================>                  46%]
[Progress:===================>          66%] [Cov:===============>                   45%]
[Progress:===================>          66%] [Cov:================>                  46%]
[Progress:===================>          66%] [Cov:===============>                   45%]
[Progress:===================>          66%] [Cov:================>                  46%]
[Progress:====================>         67%] [Cov:================>                  46%]
[Progress:====================>         67%] [Cov:===============>                   45%]
[Progress:====================>         67%] [Cov:================>                  46%]
[Progress:====================>         68%] [Cov:================>                  46%]
[Progress:====================>         68%] [Cov:===============>                   45%]
[Progress:====================>         68%] [Cov:================>                  46%]
[Progress:====================>         68%] [Cov:===============>                   45%]
[Progress:====================>         68%] [Cov:================>                  46%]
[Progress:====================>         68%] [Cov:===============>                   45%]
[Progress:====================>         68%] [Cov:================>                  46%]
[Progress:====================>         68%] [Cov:===============>                   45%]
[Progress:====================>         68%] [Cov:================>                  46%]
[Progress:====================>         69%] [Cov:================>                  46%]
[Progress:====================>         69%] [Cov:===============>                   45%]
[Progress:====================>         69%] [Cov:================>                  46%]
[Progress:====================>         69%] [Cov:===============>                   45%]
[Progress:====================>         69%] [Cov:================>                  46%]
[Progress:=====================>        70%] [Cov:================>                  46%]
[Progress:=====================>        70%] [Cov:===============>                   45%]
[Progress:=====================>        70%] [Cov:================>                  46%]
[Progress:=====================>        70%] [Cov:===============>                   45%]
[Progress:=====================>        70%] [Cov:================>                  46%]
[Progress:=====================>        70%] [Cov:===============>                   45%]
[Progress:=====================>        70%] [Cov:================>                  46%]
[Progress:=====================>        70%] [Cov:===============>                   45%]
[Progress:=====================>        70%] [Cov:================>                  46%]
[Progress:=====================>        71%] [Cov:================>                  46%]
[Progress:=====================>        71%] [Cov:===============>                   45%]
[Progress:=====================>        71%] [Cov:================>                  46%]
[Progress:=====================>        71%] [Cov:===============>                   45%]
[Progress:=====================>        71%] [Cov:================>                  46%]
[Progress:=====================>        72%] [Cov:================>                  46%]
[Progress:=====================>        72%] [Cov:===============>                   45%]
[Progress:=====================>        72%] [Cov:================>                  46%]
[Progress:=====================>        72%] [Cov:===============>                   45%]
[Progress:=====================>        72%] [Cov:================>                  46%]
[Progress:=====================>        72%] [Cov:===============>                   45%]
[Progress:=====================>        72%] [Cov:================>                  46%]
[Progress:=====================>        72%] [Cov:===============>                   45%]
[Progress:=====================>        72%] [Cov:================>                  46%]
[Progress:=====================>        73%] [Cov:================>                  46%]
[Progress:=====================>        73%] [Cov:===============>                   45%]
[Progress:=====================>        73%] [Cov:================>                  46%]
[Progress:=====================>        73%] [Cov:===============>                   45%]
[Progress:=====================>        73%] [Cov:================>                  46%]
[Progress:======================>       74%] [Cov:================>                  46%]
[Progress:======================>       74%] [Cov:===============>                   45%]
[Progress:======================>       74%] [Cov:================>                  46%]
[Progress:======================>       74%] [Cov:===============>                   45%]
[Progress:======================>       74%] [Cov:================>                  46%]
[Progress:======================>       74%] [Cov:===============>                   45%]
[Progress:======================>       74%] [Cov:================>                  46%]
[Progress:======================>       74%] [Cov:===============>                   45%]
[Progress:======================>       74%] [Cov:================>                  46%]
[Progress:======================>       75%] [Cov:================>                  46%]
[Progress:======================>       75%] [Cov:===============>                   45%]
[Progress:======================>       75%] [Cov:================>                  46%]
[Progress:======================>       75%] [Cov:===============>                   45%]
[Progress:======================>       75%] [Cov:================>                  46%]
[Progress:======================>       75%] [Cov:===============>                   45%]
[Progress:======================>       75%] [Cov:================>                  46%]
[Progress:======================>       76%] [Cov:================>                  46%]
[Progress:======================>       76%] [Cov:===============>                   45%]
[Progress:======================>       76%] [Cov:================>                  46%]
[Progress:======================>       76%] [Cov:===============>                   45%]
[Progress:======================>       76%] [Cov:================>                  46%]
[Progress:======================>       76%] [Cov:===============>                   45%]
[Progress:======================>       76%] [Cov:================>                  46%]
[Progress:======================>       76%] [Cov:===============>                   45%]
[Progress:======================>       76%] [Cov:================>                  46%]
[Progress:=======================>      77%] [Cov:=============>                     38%]
[Progress:=======================>      77%] [Cov:===============>                   45%]
[Progress:=======================>      77%] [Cov:================>                  46%]
[Progress:=======================>      77%] [Cov:===============>                   45%]
[Progress:=======================>      77%] [Cov:================>                  46%]
[Progress:=======================>      77%] [Cov:===============>                   45%]
[Progress:=======================>      77%] [Cov:================>                  46%]
[Progress:=======================>      78%] [Cov:================>                  46%]
[Progress:=======================>      78%] [Cov:===============>                   45%]
[Progress:=======================>      78%] [Cov:================>                  46%]
[Progress:=======================>      78%] [Cov:===============>                   45%]
[Progress:=======================>      78%] [Cov:================>                  46%]
[Progress:=======================>      78%] [Cov:===============>                   45%]
[Progress:=======================>      78%] [Cov:================>                  46%]
[Progress:=======================>      78%] [Cov:===============>                   45%]
[Progress:=======================>      78%] [Cov:================>                  46%]
[Progress:=======================>      79%] [Cov:================>                  46%]
[Progress:=======================>      79%] [Cov:===============>                   45%]
[Progress:=======================>      79%] [Cov:================>                  46%]
[Progress:=======================>      79%] [Cov:===============>                   45%]
[Progress:=======================>      79%] [Cov:================>                  46%]
[Progress:=======================>      79%] [Cov:===============>                   45%]
[Progress:=======================>      79%] [Cov:================>                  46%]
[Progress:========================>     80%] [Cov:================>                  46%]
[Progress:========================>     80%] [Cov:===============>                   45%]
[Progress:========================>     80%] [Cov:================>                  46%]
[Progress:========================>     80%] [Cov:===============>                   45%]
[Progress:========================>     80%] [Cov:================>                  46%]
[Progress:========================>     80%] [Cov:===============>                   45%]
[Progress:========================>     80%] [Cov:================>                  46%]
[Progress:========================>     80%] [Cov:===============>                   45%]
[Progress:========================>     80%] [Cov:================>                  46%]
[Progress:========================>     81%] [Cov:================>                  46%]
[Progress:========================>     81%] [Cov:===============>                   45%]
[Progress:========================>     81%] [Cov:================>                  46%]
[Progress:========================>     81%] [Cov:===============>                   45%]
[Progress:========================>     81%] [Cov:================>                  46%]
[Progress:========================>     82%] [Cov:===============>                   45%]
[Progress:========================>     82%] [Cov:================>                  46%]
[Progress:========================>     82%] [Cov:===============>                   45%]
[Progress:========================>     82%] [Cov:================>                  46%]
[Progress:========================>     82%] [Cov:===============>                   45%]
[Progress:========================>     82%] [Cov:================>                  46%]
[Progress:========================>     82%] [Cov:===============>                   45%]
[Progress:========================>     82%] [Cov:================>                  46%]
[Progress:========================>     82%] [Cov:===============>                   45%]
[Progress:========================>     82%] [Cov:================>                  46%]
[Progress:========================>     82%] [Cov:===============>                   45%]
[Progress:========================>     82%] [Cov:================>                  46%]
[Progress:========================>     83%] [Cov:===============>                   45%]
[Progress:========================>     83%] [Cov:================>                  46%]
[Progress:========================>     83%] [Cov:===============>                   45%]
[Progress:========================>     83%] [Cov:================>                  46%]
[Progress:========================>     83%] [Cov:===============>                   45%]
[Progress:========================>     83%] [Cov:================>                  46%]
[Progress:=========================>    84%] [Cov:================>                  46%]
[Progress:=========================>    84%] [Cov:===============>                   45%]
[Progress:=========================>    84%] [Cov:================>                  46%]
[Progress:=========================>    84%] [Cov:===============>                   45%]
[Progress:=========================>    84%] [Cov:================>                  46%]
[Progress:=========================>    84%] [Cov:===============>                   45%]
[Progress:=========================>    84%] [Cov:================>                  46%]
[Progress:=========================>    84%] [Cov:===============>                   45%]
[Progress:=========================>    84%] [Cov:================>                  46%]
[Progress:=========================>    85%] [Cov:================>                  46%]
[Progress:=========================>    85%] [Cov:===============>                   45%]
[Progress:=========================>    85%] [Cov:================>                  46%]
[Progress:=========================>    85%] [Cov:===============>                   45%]
[Progress:=========================>    85%] [Cov:================>                  46%]
[Progress:=========================>    86%] [Cov:================>                  46%]
[Progress:=========================>    86%] [Cov:===============>                   45%]
[Progress:=========================>    86%] [Cov:================>                  46%]
[Progress:=========================>    86%] [Cov:===============>                   45%]
[Progress:=========================>    86%] [Cov:================>                  46%]
[Progress:=========================>    86%] [Cov:===============>                   45%]
[Progress:=========================>    86%] [Cov:================>                  46%]
[Progress:=========================>    86%] [Cov:===============>                   45%]
[Progress:=========================>    86%] [Cov:================>                  46%]
[Progress:=========================>    86%] [Cov:===============>                   45%]
[Progress:=========================>    86%] [Cov:================>                  46%]
[Progress:==========================>   87%] [Cov:================>                  46%]
[Progress:==========================>   87%] [Cov:===============>                   45%]
[Progress:==========================>   87%] [Cov:================>                  46%]
[Progress:==========================>   87%] [Cov:===============>                   45%]
[Progress:==========================>   87%] [Cov:================>                  46%]
[Progress:==========================>   88%] [Cov:================>                  46%]
[Progress:==========================>   88%] [Cov:===============>                   45%]
[Progress:==========================>   88%] [Cov:================>                  46%]
[Progress:==========================>   88%] [Cov:===============>                   45%]
[Progress:==========================>   88%] [Cov:================>                  46%]
[Progress:==========================>   88%] [Cov:===============>                   45%]
[Progress:==========================>   88%] [Cov:================>                  46%]
[Progress:==========================>   88%] [Cov:===============>                   45%]
[Progress:==========================>   88%] [Cov:================>                  46%]
[Progress:==========================>   88%] [Cov:===============>                   45%]
[Progress:==========================>   88%] [Cov:================>                  46%]
[Progress:==========================>   89%] [Cov:================>                  46%]
[Progress:==========================>   89%] [Cov:===============>                   45%]
[Progress:==========================>   89%] [Cov:================>                  46%]
[Progress:==========================>   89%] [Cov:===============>                   45%]
[Progress:==========================>   89%] [Cov:================>                  46%]
[Progress:==========================>   89%] [Cov:===============>                   45%]
[Progress:==========================>   89%] [Cov:================>                  46%]
[Progress:===========================>  90%] [Cov:================>                  46%]
[Progress:===========================>  90%] [Cov:===============>                   45%]
[Progress:===========================>  90%] [Cov:================>                  46%]
[Progress:===========================>  90%] [Cov:===============>                   45%]
[Progress:===========================>  90%] [Cov:================>                  46%]
[Progress:===========================>  90%] [Cov:===============>                   45%]
[Progress:===========================>  90%] [Cov:================>                  46%]
[Progress:===========================>  90%] [Cov:===============>                   45%]
[Progress:===========================>  90%] [Cov:================>                  46%]
[Progress:===========================>  90%] [Cov:===============>                   45%]
[Progress:===========================>  90%] [Cov:================>                  46%]
[Progress:===========================>  91%] [Cov:================>                  46%]
[Progress:===========================>  91%] [Cov:===============>                   45%]
[Progress:===========================>  91%] [Cov:================>                  46%]
[Progress:===========================>  91%] [Cov:===============>                   45%]
[Progress:===========================>  91%] [Cov:================>                  46%]
[Progress:===========================>  92%] [Cov:================>                  46%]
[Progress:===========================>  92%] [Cov:===============>                   45%]
[Progress:===========================>  92%] [Cov:================>                  46%]
[Progress:===========================>  92%] [Cov:===============>                   45%]
[Progress:===========================>  92%] [Cov:================>                  46%]
[Progress:===========================>  93%] [Cov:================>                  46%]
[Progress:===========================>  93%] [Cov:===============>                   45%]
[Progress:===========================>  93%] [Cov:================>                  46%]
[Progress:============================> 94%] [Cov:===============>                   45%]
[Progress:============================> 94%] [Cov:================>                  46%]
[Progress:============================> 94%] [Cov:===============>                   45%]
[Progress:============================> 94%] [Cov:================>                  46%]
[Progress:============================> 94%] [Cov:===============>                   45%]
[Progress:============================> 94%] [Cov:================>                  46%]
[Progress:============================> 94%] [Cov:===============>                   45%]
[Progress:============================> 94%] [Cov:================>                  46%]
[Progress:============================> 94%] [Cov:===============>                   45%]
[Progress:============================> 94%] [Cov:================>                  46%]
[Progress:============================> 95%] [Cov:================>                  46%]
[Progress:============================> 95%] [Cov:===============>                   45%]
[Progress:============================> 95%] [Cov:================>                  46%]
[Progress:============================> 95%] [Cov:===============>                   45%]
[Progress:============================> 95%] [Cov:================>                  46%]
[Progress:============================> 96%] [Cov:================>                  46%]
[Progress:============================> 96%] [Cov:===============>                   45%]
[Progress:============================> 96%] [Cov:================>                  46%]
[Progress:============================> 96%] [Cov:===============>                   45%]
[Progress:============================> 96%] [Cov:================>                  46%]
[Progress:============================> 96%] [Cov:===============>                   45%]
[Progress:============================> 96%] [Cov:================>                  46%]
[Progress:============================> 96%] [Cov:===============>                   45%]
[Progress:============================> 96%] [Cov:================>                  46%]
[Progress:=============================>97%] [Cov:================>                  46%]
[Progress:=============================>97%] [Cov:===============>                   45%]
[Progress:=============================>97%] [Cov:================>                  46%]
[Progress:=============================>97%] [Cov:===============>                   45%]
[Progress:=============================>97%] [Cov:================>                  46%]
[Progress:=============================>98%] [Cov:================>                  46%]
[Progress:=============================>98%] [Cov:===============>                   45%]
[Progress:=============================>98%] [Cov:================>                  46%]
[Progress:=============================>98%] [Cov:===============>                   45%]
[Progress:=============================>98%] [Cov:================>                  46%]
[Progress:=============================>98%] [Cov:===============>                   45%]
[Progress:=============================>98%] [Cov:================>                  46%]
[Progress:=============================>98%] [Cov:===============>                   45%]
[Progress:=============================>98%] [Cov:================>                  46%]
[Progress:=============================>99%] [Cov:================>                  46%]
[Progress:=============================>99%] [Cov:===============>                   45%]
[Progress:=============================>99%] [Cov:================>                  46%]
[Progress:=============================>99%] [Cov:===============>                   45%]
[Progress:=============================>99%] [Cov:================>                  46%]
[Progress:==============================100%] [Cov:================>                  46%]
[Progress:==============================100%] [Cov:===============>                   45%]
[Progress:==============================100%] [Cov:================>                  46%]
[Progress:==============================100%] [Cov:===============>                   45%]
[Progress:==============================100%] [Cov:================>                  46%]
[Progress:==============================100%] [Cov:===============>                   45%]
* Search finished after 151s and 304 generations, 116129 statements, best individual has fitness: 561.4852941176471
* Minimizing test suite
* Going to analyze the coverage criteria
* Coverage analysis for criterion LINE
* Coverage of criterion LINE: 42%
* Total number of goals: 115
* Number of covered goals: 48
* Coverage analysis for criterion BRANCH
* Coverage of criterion BRANCH: 37%
* Total number of goals: 65
* Number of covered goals: 24
* Coverage analysis for criterion EXCEPTION
* Coverage of criterion EXCEPTION: 23%
* Total number of goals: 13
* Number of covered goals: 3
* Coverage analysis for criterion WEAKMUTATION
* Coverage of criterion WEAKMUTATION: 30%
* Total number of goals: 491
* Number of covered goals: 149
* Coverage analysis for criterion OUTPUT
* Coverage of criterion OUTPUT: 30%
* Total number of goals: 10
* Number of covered goals: 3
* Coverage analysis for criterion METHOD
* Coverage of criterion METHOD: 50%
* Total number of goals: 12
* Number of covered goals: 6
* Coverage analysis for criterion METHODNOEXCEPTION
* Coverage of criterion METHODNOEXCEPTION: 50%
* Total number of goals: 12
* Number of covered goals: 6
* Coverage analysis for criterion CBRANCH
* Coverage of criterion CBRANCH: 37%
* Total number of goals: 65
* Number of covered goals: 24
* Generated 9 tests with total length 65
* Resulting test suite's coverage: 46% (average coverage for all fitness functions)
* Generating assertions
* Resulting test suite's mutation score: 16%
* Compiling and checking tests
* Writing tests to file
* Writing JUnit test case 'CholeskyDecompositionImpl_ESTest' to evosuite-tests
* Done!

* Computation finished

