CMD: /usr/lib/jvm/java-8-openjdk-amd64/bin/java -Dtools_jar_location=/usr/lib/jvm/java-8-openjdk-amd64/lib/tools.jar -jar /home/pizza/TestRound2/evosuite-1.2.0.jar -generateSuite -class org.apache.commons.math.ode.AbstractIntegrator -projectCP /home/pizza/TestRound2/Test/Math-44b/target/classes -base_dir /home/pizza/TestRound2/results/project-Math/Math-44/round03/evosuite-work -seed 11 -Dalgorithm=NSGAII -Dsearch_budget=60 -Dtest_format=JUNIT4 -Dassertions=true

* EvoSuite 1.2.0
* Going to generate test cases for class: org.apache.commons.math.ode.AbstractIntegrator
* Starting Client-0
* Connecting to master process on port 8222
* Analyzing classpath: 
  - /home/pizza/TestRound2/Test/Math-44b/target/classes
* Finished analyzing classpath
* Generating tests for class org.apache.commons.math.ode.AbstractIntegrator
* Test criteria:
  - Line Coverage
  - Branch Coverage
  - Exception
  - Mutation testing (weak)
  - Method-Output Coverage
  - Top-Level Method Coverage
  - No-Exception Top-Level Method Coverage
  - Context Branch Coverage
* Setting up search algorithm for whole suite generation
* Total number of test goals: 
  - Line 116
  - Branch 63
  - Exception 0
  - MutationFactory 176
  - Output 25
  - Method 21
  - MethodNoException 21
  - CBranchFitnessFactory 63

[Progress:>                             0%] [Cov:>                                  0%]* Using seed 11
* Starting evolution

[Progress:>                             0%] [Cov:>                                  0%]
[Progress:>                             1%] [Cov:==>                                6%]
[Progress:>                             3%] [Cov:=>                                 3%]
[Progress:>                             3%] [Cov:====>                              12%]
[Progress:>                             3%] [Cov:========>                          24%]
[Progress:>                             3%] [Cov:============>                      35%]
[Progress:>                             3%] [Cov:=============>                     38%]
[Progress:>                             3%] [Cov:==============>                    42%]
[Progress:>                             3%] [Cov:===============>                   45%]
[Progress:>                             3%] [Cov:================>                  46%]
[Progress:=>                            5%] [Cov:==>                                6%]
[Progress:=>                            5%] [Cov:===>                               11%]
[Progress:=>                            5%] [Cov:========>                          24%]
[Progress:=>                            5%] [Cov:===========>                       33%]
[Progress:=>                            5%] [Cov:============>                      35%]
[Progress:=>                            5%] [Cov:=============>                     39%]
[Progress:=>                            5%] [Cov:===============>                   44%]
[Progress:=>                            5%] [Cov:================>                  48%]
[Progress:=>                            6%] [Cov:>                                  2%]
[Progress:=>                            6%] [Cov:=>                                 5%]
[Progress:=>                            6%] [Cov:=====>                             17%]
[Progress:=>                            6%] [Cov:=======>                           20%]
[Progress:=>                            6%] [Cov:=======>                           21%]
[Progress:=>                            6%] [Cov:========>                          24%]
[Progress:=>                            6%] [Cov:=========>                         27%]
[Progress:=>                            6%] [Cov:=========>                         28%]
[Progress:=>                            6%] [Cov:==========>                        29%]
[Progress:==>                           8%] [Cov:===========>                       33%]
[Progress:==>                           8%] [Cov:============>                      35%]
[Progress:==>                           8%] [Cov:=============>                     39%]
[Progress:==>                           8%] [Cov:===============>                   43%]
[Progress:==>                           8%] [Cov:================>                  48%]
[Progress:==>                           8%] [Cov:=================>                 51%]
[Progress:===>                          10%] [Cov:=>                                 5%]
[Progress:===>                          10%] [Cov:===>                               10%]
[Progress:===>                          10%] [Cov:=====>                             16%]
[Progress:===>                          10%] [Cov:========>                          23%]
[Progress:===>                          10%] [Cov:==========>                        31%]
[Progress:===>                          10%] [Cov:===========>                       32%]
[Progress:===>                          10%] [Cov:============>                      36%]
[Progress:===>                          10%] [Cov:=============>                     39%]
[Progress:===>                          10%] [Cov:==============>                    42%]
[Progress:===>                          11%] [Cov:=>                                 5%]
[Progress:===>                          11%] [Cov:===>                               9%]
[Progress:===>                          11%] [Cov:=====>                             16%]
[Progress:===>                          11%] [Cov:=======>                           22%]
[Progress:===>                          11%] [Cov:=========>                         28%]
[Progress:===>                          11%] [Cov:==========>                        29%]
[Progress:===>                          11%] [Cov:==========>                        31%]
[Progress:===>                          11%] [Cov:===========>                       33%]
[Progress:===>                          11%] [Cov:============>                      37%]
[Progress:===>                          13%] [Cov:==>                                6%]
[Progress:===>                          13%] [Cov:===>                               11%]
[Progress:===>                          13%] [Cov:========>                          23%]
[Progress:===>                          13%] [Cov:==========>                        31%]
[Progress:===>                          13%] [Cov:===========>                       33%]
[Progress:===>                          13%] [Cov:============>                      37%]
[Progress:===>                          13%] [Cov:=============>                     39%]
[Progress:===>                          13%] [Cov:===============>                   43%]
[Progress:====>                         15%] [Cov:=>                                 5%]
[Progress:====>                         15%] [Cov:===>                               9%]
[Progress:====>                         15%] [Cov:=====>                             15%]
[Progress:====>                         15%] [Cov:=======>                           21%]
[Progress:====>                         15%] [Cov:==========>                        30%]
[Progress:====>                         15%] [Cov:==========>                        31%]
[Progress:====>                         15%] [Cov:===========>                       32%]
[Progress:====>                         15%] [Cov:============>                      35%]
[Progress:====>                         15%] [Cov:============>                      36%]
[Progress:====>                         15%] [Cov:=============>                     38%]
[Progress:====>                         15%] [Cov:=============>                     39%]
[Progress:====>                         15%] [Cov:==============>                    41%]
[Progress:====>                         15%] [Cov:=================>                 51%]
[Progress:====>                         16%] [Cov:=========>                         27%]
[Progress:====>                         16%] [Cov:===============>                   45%]
[Progress:====>                         16%] [Cov:================>                  47%]
[Progress:====>                         16%] [Cov:================>                  48%]
[Progress:====>                         16%] [Cov:=================>                 51%]
[Progress:====>                         16%] [Cov:==================>                52%]
[Progress:====>                         16%] [Cov:==================>                53%]
[Progress:=====>                        18%] [Cov:=============>                     38%]
[Progress:=====>                        18%] [Cov:==============>                    40%]
[Progress:=====>                        18%] [Cov:==============>                    42%]
[Progress:=====>                        18%] [Cov:================>                  46%]
[Progress:=====>                        18%] [Cov:=================>                 49%]
[Progress:=====>                        18%] [Cov:=================>                 50%]
[Progress:=====>                        18%] [Cov:=================>                 51%]
[Progress:=====>                        18%] [Cov:==================>                52%]
[Progress:=====>                        18%] [Cov:==================>                53%]
[Progress:======>                       20%] [Cov:=================>                 51%]
[Progress:======>                       20%] [Cov:==================>                53%]
[Progress:======>                       20%] [Cov:==================>                54%]
[Progress:======>                       21%] [Cov:===============>                   45%]
[Progress:======>                       21%] [Cov:================>                  46%]
[Progress:======>                       21%] [Cov:================>                  47%]
[Progress:======>                       21%] [Cov:================>                  48%]
[Progress:======>                       21%] [Cov:=================>                 49%]
[Progress:======>                       21%] [Cov:=================>                 51%]
[Progress:======>                       21%] [Cov:==================>                54%]
[Progress:======>                       23%] [Cov:================>                  46%]
[Progress:======>                       23%] [Cov:================>                  47%]
[Progress:======>                       23%] [Cov:================>                  48%]
[Progress:======>                       23%] [Cov:=================>                 49%]
[Progress:======>                       23%] [Cov:=================>                 50%]
[Progress:======>                       23%] [Cov:==================>                52%]
[Progress:======>                       23%] [Cov:==================>                53%]
[Progress:======>                       23%] [Cov:==================>                54%]
[Progress:======>                       23%] [Cov:===================>               55%]
[Progress:=======>                      25%] [Cov:=================>                 50%]
[Progress:=======>                      25%] [Cov:=================>                 51%]
[Progress:=======>                      25%] [Cov:==================>                52%]
[Progress:=======>                      25%] [Cov:==================>                53%]
[Progress:=======>                      25%] [Cov:==================>                54%]
[Progress:=======>                      26%] [Cov:=================>                 49%]
[Progress:=======>                      26%] [Cov:==================>                54%]
[Progress:=======>                      26%] [Cov:==================>                53%]
[Progress:=======>                      26%] [Cov:==================>                54%]
[Progress:=======>                      26%] [Cov:===================>               55%]
[Progress:========>                     28%] [Cov:=================>                 50%]
[Progress:========>                     28%] [Cov:==================>                52%]
[Progress:========>                     28%] [Cov:==================>                53%]
[Progress:=========>                    30%] [Cov:=================>                 50%]
[Progress:=========>                    30%] [Cov:==================>                52%]
[Progress:=========>                    30%] [Cov:==================>                53%]
[Progress:=========>                    30%] [Cov:===================>               55%]
[Progress:=========>                    30%] [Cov:===================>               56%]
[Progress:=========>                    30%] [Cov:===================>               57%]
[Progress:=========>                    31%] [Cov:==================>                52%]
[Progress:=========>                    31%] [Cov:==================>                53%]
[Progress:=========>                    31%] [Cov:===================>               55%]
[Progress:=========>                    31%] [Cov:===================>               56%]
[Progress:=========>                    33%] [Cov:================>                  47%]
[Progress:=========>                    33%] [Cov:=================>                 49%]
[Progress:=========>                    33%] [Cov:=================>                 50%]
[Progress:=========>                    33%] [Cov:=================>                 51%]
[Progress:=========>                    33%] [Cov:==================>                52%]
[Progress:=========>                    33%] [Cov:==================>                54%]
[Progress:=========>                    33%] [Cov:===================>               55%]
[Progress:==========>                   36%] [Cov:================>                  48%]
[Progress:==========>                   36%] [Cov:=================>                 50%]
[Progress:==========>                   36%] [Cov:==================>                52%]
[Progress:==========>                   36%] [Cov:===================>               57%]
[Progress:===========>                  38%] [Cov:=================>                 51%]
[Progress:===========>                  38%] [Cov:===================>               55%]
[Progress:===========>                  38%] [Cov:===================>               56%]
[Progress:===========>                  38%] [Cov:===================>               57%]
[Progress:============>                 40%] [Cov:==================>                54%]
[Progress:============>                 40%] [Cov:===================>               55%]
[Progress:============>                 40%] [Cov:===================>               56%]
[Progress:============>                 40%] [Cov:====================>              58%]
[Progress:============>                 41%] [Cov:================>                  48%]
[Progress:============>                 41%] [Cov:==================>                54%]
[Progress:============>                 41%] [Cov:===================>               55%]
[Progress:============>                 41%] [Cov:===================>               56%]
[Progress:============>                 41%] [Cov:===================>               57%]
[Progress:============>                 41%] [Cov:====================>              58%]
[Progress:============>                 43%] [Cov:==================>                53%]
[Progress:============>                 43%] [Cov:===================>               56%]
[Progress:============>                 43%] [Cov:====================>              58%]
[Progress:=============>                45%] [Cov:===================>               56%]
[Progress:=============>                45%] [Cov:===================>               57%]
[Progress:=============>                45%] [Cov:====================>              58%]
[Progress:=============>                46%] [Cov:====================>              58%]
[Progress:==============>               48%] [Cov:=================>                 50%]
[Progress:==============>               48%] [Cov:=================>                 51%]
[Progress:==============>               48%] [Cov:===================>               57%]
[Progress:==============>               48%] [Cov:====================>              58%]
[Progress:===============>              50%] [Cov:===================>               55%]
[Progress:===============>              50%] [Cov:===================>               57%]
[Progress:===============>              50%] [Cov:====================>              58%]
[Progress:===============>              50%] [Cov:====================>              59%]
[Progress:===============>              51%] [Cov:=================>                 49%]
[Progress:===============>              51%] [Cov:===================>               55%]
[Progress:===============>              51%] [Cov:===================>               57%]
[Progress:===============>              51%] [Cov:===================>               57%]
[Progress:===============>              51%] [Cov:====================>              58%]
[Progress:===============>              51%] [Cov:====================>              59%]
[Progress:===============>              51%] [Cov:=====================>             60%]
[Progress:===============>              51%] [Cov:=====================>             61%]
[Progress:===============>              53%] [Cov:=====>                             15%]
[Progress:===============>              53%] [Cov:===================>               57%]
[Progress:===============>              53%] [Cov:====================>              58%]
[Progress:================>             55%] [Cov:=================>                 51%]
[Progress:================>             55%] [Cov:==================>                54%]
[Progress:================>             55%] [Cov:===================>               55%]
[Progress:================>             55%] [Cov:====================>              58%]
[Progress:================>             55%] [Cov:====================>              59%]
[Progress:================>             55%] [Cov:=====================>             61%]
[Progress:================>             55%] [Cov:=====================>             62%]
[Progress:================>             56%] [Cov:===================>               55%]
[Progress:================>             56%] [Cov:===================>               56%]
[Progress:================>             56%] [Cov:====================>              58%]
[Progress:================>             56%] [Cov:====================>              59%]
[Progress:================>             56%] [Cov:=====================>             60%]
[Progress:================>             56%] [Cov:=====================>             61%]
[Progress:================>             56%] [Cov:=====================>             62%]
[Progress:=================>            58%] [Cov:====================>              58%]
[Progress:=================>            58%] [Cov:=====================>             60%]
[Progress:=================>            58%] [Cov:=====================>             61%]
[Progress:=================>            58%] [Cov:=====================>             62%]
[Progress:==================>           60%] [Cov:===================>               56%]
[Progress:==================>           60%] [Cov:=====================>             62%]
[Progress:==================>           61%] [Cov:====================>              58%]
[Progress:==================>           63%] [Cov:===================>               56%]
[Progress:==================>           63%] [Cov:====================>              59%]
[Progress:==================>           63%] [Cov:=====================>             60%]
[Progress:===================>          65%] [Cov:===================>               55%]
[Progress:===================>          65%] [Cov:===================>               57%]
[Progress:===================>          65%] [Cov:====================>              58%]
[Progress:===================>          65%] [Cov:====================>              59%]
[Progress:===================>          65%] [Cov:=====================>             60%]
[Progress:===================>          66%] [Cov:=====================>             60%]
[Progress:===================>          66%] [Cov:=====================>             62%]
[Progress:====================>         68%] [Cov:====================>              58%]
[Progress:====================>         68%] [Cov:====================>              59%]
[Progress:====================>         68%] [Cov:=====================>             62%]
[Progress:=====================>        70%] [Cov:=====================>             60%]
[Progress:=====================>        70%] [Cov:=====================>             62%]
[Progress:=====================>        71%] [Cov:===================>               57%]
[Progress:=====================>        71%] [Cov:====================>              59%]
[Progress:=====================>        71%] [Cov:=====================>             60%]
[Progress:=====================>        71%] [Cov:=====================>             61%]
[Progress:=====================>        73%] [Cov:====================>              58%]
[Progress:=====================>        73%] [Cov:====================>              59%]
[Progress:=====================>        73%] [Cov:=====================>             60%]
[Progress:=====================>        73%] [Cov:=====================>             62%]
[Progress:=====================>        73%] [Cov:======================>            63%]
[Progress:======================>       75%] [Cov:=====================>             60%]
[Progress:======================>       75%] [Cov:=====================>             61%]
[Progress:======================>       75%] [Cov:=====================>             62%]
[Progress:======================>       76%] [Cov:====================>              59%]
[Progress:======================>       76%] [Cov:=====================>             60%]
[Progress:======================>       76%] [Cov:=====================>             61%]
[Progress:======================>       76%] [Cov:=====================>             62%]
[Progress:======================>       76%] [Cov:======================>            63%]
[Progress:======================>       76%] [Cov:======================>            64%]
[Progress:=======================>      78%] [Cov:=====================>             60%]
[Progress:=======================>      78%] [Cov:=====================>             62%]
[Progress:=======================>      78%] [Cov:======================>            63%]
[Progress:=======================>      78%] [Cov:======================>            64%]
[Progress:========================>     80%] [Cov:=====================>             60%]
[Progress:========================>     80%] [Cov:=====================>             61%]
[Progress:========================>     80%] [Cov:=====================>             62%]
[Progress:========================>     80%] [Cov:=====================>             62%]
[Progress:========================>     80%] [Cov:======================>            63%]
[Progress:========================>     81%] [Cov:=====================>             62%]
[Progress:========================>     81%] [Cov:======================>            63%]
[Progress:========================>     81%] [Cov:======================>            64%]
[Progress:========================>     81%] [Cov:======================>            65%]
[Progress:========================>     83%] [Cov:=====================>             62%]
[Progress:========================>     83%] [Cov:======================>            64%]
[Progress:=========================>    85%] [Cov:=====================>             62%]
[Progress:=========================>    85%] [Cov:======================>            63%]
[Progress:=========================>    85%] [Cov:======================>            64%]
[Progress:=========================>    85%] [Cov:=====================>             62%]
[Progress:=========================>    85%] [Cov:======================>            64%]
[Progress:=========================>    86%] [Cov:=====================>             62%]
[Progress:=========================>    86%] [Cov:======================>            63%]
[Progress:=========================>    86%] [Cov:======================>            64%]
[Progress:=========================>    86%] [Cov:======================>            65%]
[Progress:==========================>   88%] [Cov:======================>            63%]
[Progress:==========================>   88%] [Cov:======================>            64%]
[Progress:===========================>  90%] [Cov:=====================>             61%]
[Progress:===========================>  90%] [Cov:======================>            64%]
[Progress:===========================>  91%] [Cov:=====================>             61%]
[Progress:===========================>  91%] [Cov:======================>            64%]
[Progress:===========================>  91%] [Cov:======================>            63%]
[Progress:===========================>  91%] [Cov:======================>            64%]
[Progress:===========================>  93%] [Cov:=====================>             61%]
[Progress:===========================>  93%] [Cov:======================>            64%]
[Progress:============================> 95%] [Cov:=====================>             60%]
[Progress:============================> 95%] [Cov:=====================>             62%]
[Progress:============================> 95%] [Cov:======================>            63%]
[Progress:============================> 95%] [Cov:======================>            64%]
[Progress:============================> 96%] [Cov:=====================>             61%]
[Progress:============================> 96%] [Cov:=====================>             62%]
[Progress:============================> 96%] [Cov:======================>            63%]
[Progress:============================> 96%] [Cov:======================>            64%]
[Progress:============================> 96%] [Cov:======================>            64%]
[Progress:============================> 96%] [Cov:======================>            65%]
[Progress:=============================>98%] [Cov:=====================>             61%]
[Progress:=============================>98%] [Cov:======================>            64%]
[Progress:=============================>98%] [Cov:======================>            65%]
[Progress:==============================100%] [Cov:======================>            63%]
[Progress:==============================100%] [Cov:======================>            64%]
[Progress:==============================100%] [Cov:======================>            65%]
[Progress:==============================100%] [Cov:=====================>             62%]
[Progress:==============================100%] [Cov:======================>            63%]
[Progress:==============================100%] [Cov:======================>            63%]
* Search finished after 61s and 15 generations, 10000 statements, best individual has fitness: 175.31111110785147
* Minimizing test suite
* Going to analyze the coverage criteria
* Coverage analysis for criterion LINE
* Coverage of criterion LINE: 62%
* Total number of goals: 116
* Number of covered goals: 72
* Coverage analysis for criterion BRANCH
* Coverage of criterion BRANCH: 60%
* Total number of goals: 63
* Number of covered goals: 38
* Coverage analysis for criterion EXCEPTION
* Coverage of criterion EXCEPTION: 14%
* Total number of goals: 7
* Number of covered goals: 1
* Coverage analysis for criterion WEAKMUTATION
* Coverage of criterion WEAKMUTATION: 78%
* Total number of goals: 176
* Number of covered goals: 137
* Coverage analysis for criterion OUTPUT
* Coverage of criterion OUTPUT: 24%
* Total number of goals: 25
* Number of covered goals: 6
* Coverage analysis for criterion METHOD
* Coverage of criterion METHOD: 67%
* Total number of goals: 21
* Number of covered goals: 14
* Coverage analysis for criterion METHODNOEXCEPTION
* Coverage of criterion METHODNOEXCEPTION: 67%
* Total number of goals: 21
* Number of covered goals: 14
* Coverage analysis for criterion CBRANCH
* Coverage of criterion CBRANCH: 59%
* Total number of goals: 63
* Number of covered goals: 37
* Generated 17 tests with total length 56
* Resulting test suite's coverage: 64% (average coverage for all fitness functions)
* Generating assertions
* Resulting test suite's mutation score: 22%
* Compiling and checking tests
* Writing tests to file
* Writing JUnit test case 'AbstractIntegrator_ESTest' to evosuite-tests
* Done!

* Computation finished

