CMD: /usr/lib/jvm/java-8-openjdk-amd64/bin/java -Dtools_jar_location=/usr/lib/jvm/java-8-openjdk-amd64/lib/tools.jar -jar /home/pizza/evosuite/evosuite-1.2.0.jar -generateSuite -class com.google.javascript.jscomp.GlobalNamespace -projectCP /home/pizza/evosuite/Test/Closure-119b/build/classes:/home/pizza/evosuite/Test/Closure-119b/lib/args4j.jar:/home/pizza/evosuite/Test/Closure-119b/lib/guava.jar:/home/pizza/evosuite/Test/Closure-119b/lib/json.jar:/home/pizza/evosuite/Test/Closure-119b/lib/jsr305.jar:/home/pizza/evosuite/Test/Closure-119b/lib/protobuf-java.jar:/home/pizza/evosuite/Test/Closure-119b/build/lib/rhino.jar:/home/pizza/evosuite/Test/Closure-119b/lib/ant.jar -base_dir /home/pizza/evosuite/results/project-Closure/Closure-119/round02/evosuite-work -seed 11 -Dalgorithm=NSGAII -Dsearch_budget=150 -Dtest_format=JUNIT4 -Dassertions=true

* EvoSuite 1.2.0
* Going to generate test cases for class: com.google.javascript.jscomp.GlobalNamespace
* Starting Client-0
* Connecting to master process on port 8226
* Analyzing classpath: 
  - /home/pizza/evosuite/Test/Closure-119b/build/classes
  - /home/pizza/evosuite/Test/Closure-119b/lib/args4j.jar
  - /home/pizza/evosuite/Test/Closure-119b/lib/guava.jar
  - /home/pizza/evosuite/Test/Closure-119b/lib/json.jar
  - /home/pizza/evosuite/Test/Closure-119b/lib/jsr305.jar
  - /home/pizza/evosuite/Test/Closure-119b/lib/protobuf-java.jar
  - /home/pizza/evosuite/Test/Closure-119b/build/lib/rhino.jar
  - /home/pizza/evosuite/Test/Closure-119b/lib/ant.jar
* Finished analyzing classpath
* Generating tests for class com.google.javascript.jscomp.GlobalNamespace
* Test criteria:
  - Line Coverage
  - Branch Coverage
  - Exception
  - Mutation testing (weak)
  - Method-Output Coverage
  - Top-Level Method Coverage
  - No-Exception Top-Level Method Coverage
  - Context Branch Coverage
* Setting up search algorithm for whole suite generation
* Total number of test goals: 
  - Line 481
  - Branch 495
  - Exception 0
  - MutationFactory 884
  - Output 215
  - Method 66
  - MethodNoException 66
  - CBranchFitnessFactory 495

[Progress:>                             0%] [Cov:>                                  0%]* Using seed 11
* Starting evolution

[Progress:>                             2%] [Cov:>                                  0%]
[Progress:>                             3%] [Cov:>                                  0%]
[Progress:>                             3%] [Cov:====>                              12%]
[Progress:>                             3%] [Cov:====>                              13%]
[Progress:>                             3%] [Cov:====>                              14%]
[Progress:=>                            4%] [Cov:>                                  0%]
[Progress:=>                            4%] [Cov:>                                  1%]
[Progress:=>                            4%] [Cov:====>                              13%]
[Progress:==>                           7%] [Cov:>                                  1%]
[Progress:==>                           8%] [Cov:>                                  0%]
[Progress:==>                           8%] [Cov:>                                  1%]
[Progress:==>                           8%] [Cov:====>                              14%]
[Progress:==>                           8%] [Cov:=====>                             15%]
[Progress:==>                           8%] [Cov:=====>                             15%]
[Progress:==>                           8%] [Cov:=====>                             16%]
[Progress:===>                          12%] [Cov:====>                              13%]
[Progress:===>                          12%] [Cov:=====>                             15%]
[Progress:===>                          12%] [Cov:=====>                             15%]
[Progress:===>                          12%] [Cov:=====>                             16%]
[Progress:===>                          12%] [Cov:=====>                             15%]
[Progress:===>                          12%] [Cov:=====>                             16%]
[Progress:===>                          13%] [Cov:====>                              14%]
[Progress:===>                          13%] [Cov:=====>                             15%]
[Progress:===>                          13%] [Cov:=====>                             16%]
[Progress:===>                          13%] [Cov:=====>                             16%]
[Progress:===>                          13%] [Cov:=====>                             17%]
[Progress:====>                         14%] [Cov:====>                              13%]
[Progress:====>                         14%] [Cov:=====>                             16%]
[Progress:====>                         14%] [Cov:=====>                             17%]
[Progress:====>                         15%] [Cov:=====>                             15%]
[Progress:====>                         15%] [Cov:=====>                             17%]
[Progress:====>                         16%] [Cov:=====>                             15%]
[Progress:====>                         16%] [Cov:=====>                             16%]
[Progress:====>                         16%] [Cov:=====>                             17%]
[Progress:====>                         16%] [Cov:=====>                             17%]
[Progress:====>                         16%] [Cov:======>                            18%]
[Progress:====>                         16%] [Cov:======>                            18%]
[Progress:=====>                        17%] [Cov:=====>                             16%]
[Progress:=====>                        17%] [Cov:=====>                             17%]
[Progress:=====>                        17%] [Cov:======>                            18%]
[Progress:=====>                        18%] [Cov:=====>                             17%]
[Progress:=====>                        18%] [Cov:======>                            18%]
[Progress:=====>                        18%] [Cov:======>                            18%]
[Progress:=====>                        18%] [Cov:======>                            19%]
[Progress:=====>                        18%] [Cov:======>                            19%]
[Progress:=====>                        19%] [Cov:=====>                             17%]
[Progress:=====>                        19%] [Cov:======>                            18%]
[Progress:=====>                        19%] [Cov:======>                            19%]
[Progress:=====>                        19%] [Cov:======>                            19%]
[Progress:======>                       20%] [Cov:======>                            18%]
[Progress:======>                       20%] [Cov:======>                            19%]
[Progress:======>                       20%] [Cov:=======>                           20%]
[Progress:======>                       20%] [Cov:=======>                           20%]
[Progress:======>                       21%] [Cov:=======>                           20%]
[Progress:======>                       21%] [Cov:=======>                           20%]
[Progress:======>                       22%] [Cov:======>                            18%]
[Progress:======>                       22%] [Cov:======>                            19%]
[Progress:======>                       22%] [Cov:=======>                           20%]
[Progress:======>                       22%] [Cov:=======>                           20%]
[Progress:======>                       22%] [Cov:=======>                           21%]
[Progress:======>                       22%] [Cov:=======>                           20%]
[Progress:======>                       23%] [Cov:=======>                           20%]
[Progress:======>                       23%] [Cov:=======>                           21%]
[Progress:======>                       23%] [Cov:=======>                           20%]
[Progress:======>                       23%] [Cov:=======>                           21%]
[Progress:=======>                      24%] [Cov:=======>                           20%]
[Progress:=======>                      24%] [Cov:=======>                           21%]
[Progress:=======>                      24%] [Cov:=======>                           21%]
[Progress:=======>                      24%] [Cov:=======>                           22%]
[Progress:=======>                      25%] [Cov:=======>                           20%]
[Progress:=======>                      25%] [Cov:=======>                           21%]
[Progress:=======>                      25%] [Cov:=======>                           22%]
[Progress:=======>                      26%] [Cov:======>                            18%]
[Progress:=======>                      26%] [Cov:=======>                           20%]
[Progress:=======>                      26%] [Cov:=======>                           21%]
[Progress:=======>                      26%] [Cov:=======>                           22%]
[Progress:=======>                      26%] [Cov:=======>                           22%]
[Progress:========>                     27%] [Cov:=======>                           21%]
[Progress:========>                     27%] [Cov:=======>                           22%]
[Progress:========>                     27%] [Cov:=======>                           22%]
[Progress:========>                     28%] [Cov:=======>                           21%]
[Progress:========>                     28%] [Cov:=======>                           22%]
[Progress:========>                     28%] [Cov:=======>                           22%]
[Progress:========>                     29%] [Cov:=======>                           20%]
[Progress:========>                     29%] [Cov:=======>                           21%]
[Progress:========>                     29%] [Cov:=======>                           22%]
[Progress:========>                     29%] [Cov:=======>                           21%]
[Progress:========>                     29%] [Cov:=======>                           22%]
[Progress:=========>                    30%] [Cov:=======>                           20%]
[Progress:=========>                    30%] [Cov:=======>                           21%]
[Progress:=========>                    30%] [Cov:=======>                           22%]
[Progress:=========>                    30%] [Cov:=======>                           21%]
[Progress:=========>                    30%] [Cov:=======>                           22%]
[Progress:=========>                    31%] [Cov:=======>                           22%]
[Progress:=========>                    31%] [Cov:=======>                           22%]
[Progress:=========>                    32%] [Cov:=======>                           22%]
[Progress:=========>                    32%] [Cov:=======>                           22%]
[Progress:==========>                   36%] [Cov:=======>                           21%]
[Progress:==========>                   36%] [Cov:=======>                           22%]
[Progress:==========>                   36%] [Cov:=======>                           22%]
[Progress:===========>                  37%] [Cov:=======>                           22%]
[Progress:===========>                  37%] [Cov:=======>                           22%]
[Progress:===========>                  37%] [Cov:========>                          23%]
[Progress:===========>                  38%] [Cov:=======>                           22%]
[Progress:===========>                  38%] [Cov:========>                          23%]
[Progress:===========>                  38%] [Cov:========>                          23%]
[Progress:===========>                  39%] [Cov:======>                            19%]
[Progress:===========>                  39%] [Cov:=======>                           21%]
[Progress:===========>                  39%] [Cov:=======>                           22%]
[Progress:===========>                  39%] [Cov:========>                          23%]
[Progress:============>                 40%] [Cov:======>                            19%]
[Progress:============>                 40%] [Cov:=======>                           22%]
[Progress:============>                 40%] [Cov:========>                          23%]
[Progress:============>                 40%] [Cov:========>                          23%]
[Progress:============>                 41%] [Cov:=======>                           22%]
[Progress:============>                 41%] [Cov:========>                          23%]
[Progress:============>                 41%] [Cov:========>                          23%]
[Progress:============>                 42%] [Cov:========>                          23%]
[Progress:============>                 42%] [Cov:========>                          23%]
[Progress:============>                 43%] [Cov:=======>                           21%]
[Progress:============>                 43%] [Cov:========>                          23%]
[Progress:============>                 43%] [Cov:========>                          23%]
[Progress:=============>                44%] [Cov:========>                          23%]
[Progress:=============>                44%] [Cov:========>                          23%]
[Progress:=============>                44%] [Cov:========>                          24%]
[Progress:=============>                45%] [Cov:========>                          23%]
[Progress:=============>                46%] [Cov:========>                          23%]
[Progress:=============>                46%] [Cov:========>                          24%]
[Progress:==============>               47%] [Cov:========>                          23%]
[Progress:==============>               47%] [Cov:========>                          24%]
[Progress:==============>               48%] [Cov:========>                          23%]
[Progress:==============>               48%] [Cov:========>                          24%]
[Progress:==============>               48%] [Cov:========>                          24%]
[Progress:==============>               49%] [Cov:========>                          23%]
[Progress:==============>               49%] [Cov:========>                          24%]
[Progress:==============>               49%] [Cov:========>                          24%]
[Progress:===============>              50%] [Cov:========>                          23%]
[Progress:===============>              50%] [Cov:========>                          24%]
[Progress:===============>              50%] [Cov:========>                          25%]
[Progress:===============>              50%] [Cov:========>                          24%]
[Progress:===============>              51%] [Cov:========>                          24%]
[Progress:===============>              51%] [Cov:========>                          25%]
[Progress:===============>              52%] [Cov:========>                          24%]
[Progress:===============>              52%] [Cov:========>                          25%]
[Progress:===============>              52%] [Cov:========>                          24%]
[Progress:===============>              52%] [Cov:========>                          25%]
[Progress:===============>              53%] [Cov:========>                          24%]
[Progress:===============>              53%] [Cov:========>                          25%]
[Progress:===============>              53%] [Cov:========>                          24%]
[Progress:===============>              53%] [Cov:========>                          25%]
[Progress:================>             54%] [Cov:========>                          24%]
[Progress:================>             54%] [Cov:========>                          25%]
[Progress:================>             54%] [Cov:========>                          25%]
[Progress:================>             55%] [Cov:========>                          24%]
[Progress:================>             55%] [Cov:========>                          25%]
[Progress:================>             56%] [Cov:=======>                           22%]
[Progress:================>             56%] [Cov:========>                          23%]
[Progress:================>             56%] [Cov:========>                          24%]
[Progress:================>             56%] [Cov:========>                          25%]
[Progress:================>             56%] [Cov:========>                          25%]
[Progress:=================>            57%] [Cov:========>                          24%]
[Progress:=================>            57%] [Cov:========>                          25%]
[Progress:=================>            57%] [Cov:========>                          25%]
[Progress:=================>            58%] [Cov:========>                          25%]
[Progress:=================>            58%] [Cov:========>                          25%]
[Progress:=================>            58%] [Cov:=========>                         26%]
[Progress:=================>            59%] [Cov:========>                          25%]
[Progress:=================>            59%] [Cov:=========>                         26%]
[Progress:==================>           60%] [Cov:========>                          24%]
[Progress:==================>           60%] [Cov:========>                          25%]
[Progress:==================>           60%] [Cov:========>                          25%]
[Progress:==================>           60%] [Cov:=========>                         26%]
[Progress:==================>           60%] [Cov:=========>                         27%]
[Progress:==================>           61%] [Cov:========>                          25%]
[Progress:==================>           61%] [Cov:=========>                         27%]
[Progress:==================>           62%] [Cov:========>                          25%]
[Progress:==================>           62%] [Cov:=========>                         27%]
[Progress:==================>           63%] [Cov:========>                          25%]
[Progress:==================>           63%] [Cov:=========>                         27%]
[Progress:==================>           63%] [Cov:=========>                         27%]
[Progress:===================>          64%] [Cov:=========>                         27%]
[Progress:===================>          64%] [Cov:=========>                         27%]
[Progress:===================>          65%] [Cov:===>                               11%]
[Progress:===================>          65%] [Cov:========>                          24%]
[Progress:===================>          65%] [Cov:========>                          25%]
[Progress:===================>          65%] [Cov:=========>                         27%]
[Progress:===================>          66%] [Cov:========>                          25%]
[Progress:===================>          66%] [Cov:=========>                         26%]
[Progress:===================>          66%] [Cov:=========>                         27%]
[Progress:===================>          66%] [Cov:=========>                         28%]
[Progress:===================>          66%] [Cov:=========>                         28%]
[Progress:====================>         67%] [Cov:=========>                         27%]
[Progress:====================>         67%] [Cov:=========>                         28%]
[Progress:====================>         68%] [Cov:=========>                         27%]
[Progress:====================>         68%] [Cov:=========>                         28%]
[Progress:====================>         69%] [Cov:=========>                         26%]
[Progress:====================>         69%] [Cov:=========>                         27%]
[Progress:====================>         69%] [Cov:=========>                         28%]
[Progress:=====================>        70%] [Cov:=========>                         27%]
[Progress:=====================>        70%] [Cov:=========>                         28%]
[Progress:=====================>        70%] [Cov:=========>                         28%]
[Progress:=====================>        71%] [Cov:=========>                         27%]
[Progress:=====================>        71%] [Cov:=========>                         28%]
[Progress:=====================>        72%] [Cov:=========>                         27%]
[Progress:=====================>        72%] [Cov:=========>                         28%]
[Progress:=====================>        72%] [Cov:=========>                         28%]
[Progress:=====================>        73%] [Cov:=========>                         28%]
[Progress:======================>       74%] [Cov:========>                          24%]
[Progress:======================>       74%] [Cov:=========>                         26%]
[Progress:======================>       74%] [Cov:=========>                         28%]
[Progress:======================>       74%] [Cov:=========>                         28%]
[Progress:======================>       74%] [Cov:==========>                        29%]
[Progress:======================>       75%] [Cov:=========>                         28%]
[Progress:======================>       76%] [Cov:=========>                         28%]
[Progress:======================>       76%] [Cov:==========>                        29%]
[Progress:=======================>      77%] [Cov:=========>                         28%]
[Progress:=======================>      77%] [Cov:==========>                        29%]
[Progress:=======================>      78%] [Cov:=========>                         28%]
[Progress:=======================>      78%] [Cov:==========>                        29%]
[Progress:=======================>      78%] [Cov:==========>                        29%]
[Progress:=======================>      79%] [Cov:=========>                         28%]
[Progress:=======================>      79%] [Cov:==========>                        29%]
[Progress:========================>     80%] [Cov:=========>                         28%]
[Progress:========================>     80%] [Cov:==========>                        29%]
[Progress:========================>     80%] [Cov:==========>                        29%]
[Progress:========================>     81%] [Cov:==========>                        29%]
[Progress:========================>     82%] [Cov:=========>                         28%]
[Progress:========================>     82%] [Cov:==========>                        29%]
[Progress:========================>     82%] [Cov:==========>                        29%]
[Progress:========================>     83%] [Cov:=========>                         28%]
[Progress:========================>     83%] [Cov:==========>                        29%]
[Progress:=========================>    84%] [Cov:==========>                        29%]
[Progress:=========================>    84%] [Cov:==========>                        29%]
[Progress:=========================>    85%] [Cov:==========>                        29%]
[Progress:=========================>    86%] [Cov:==========>                        29%]
[Progress:=========================>    86%] [Cov:==========>                        30%]
[Progress:=========================>    86%] [Cov:==========>                        29%]
[Progress:=========================>    86%] [Cov:==========>                        30%]
[Progress:==========================>   87%] [Cov:=========>                         28%]
[Progress:==========================>   87%] [Cov:==========>                        29%]
[Progress:==========================>   88%] [Cov:==========>                        29%]
[Progress:==========================>   88%] [Cov:==========>                        30%]
[Progress:==========================>   89%] [Cov:==========>                        29%]
[Progress:==========================>   89%] [Cov:==========>                        30%]
[Progress:==========================>   89%] [Cov:==========>                        29%]
[Progress:===========================>  90%] [Cov:==========>                        29%]
[Progress:===========================>  90%] [Cov:==========>                        30%]
[Progress:===========================>  91%] [Cov:==========>                        29%]
[Progress:===========================>  91%] [Cov:==========>                        30%]
[Progress:===========================>  91%] [Cov:==========>                        30%]
[Progress:===========================>  92%] [Cov:==========>                        29%]
[Progress:===========================>  92%] [Cov:==========>                        30%]
[Progress:===========================>  93%] [Cov:==========>                        29%]
[Progress:===========================>  93%] [Cov:==========>                        30%]
[Progress:============================> 94%] [Cov:==========>                        29%]
[Progress:============================> 94%] [Cov:==========>                        30%]
[Progress:============================> 95%] [Cov:==========>                        30%]
[Progress:============================> 96%] [Cov:==========>                        30%]
[Progress:============================> 96%] [Cov:==========>                        30%]
[Progress:=============================>97%] [Cov:==========>                        29%]
[Progress:=============================>97%] [Cov:==========>                        30%]
[Progress:=============================>97%] [Cov:==========>                        30%]
[Progress:=============================>98%] [Cov:==========>                        30%]
[Progress:=============================>99%] [Cov:==========>                        30%]
[Progress:==============================100%] [Cov:==========>                        29%]
[Progress:==============================100%] [Cov:==========>                        30%]
[Progress:==============================100%] [Cov:==========>                        30%]
[Progress:==============================100%] [Cov:=========>                         28%]
[Progress:==============================100%] [Cov:==========>                        30%]
[Progress:==============================100%] [Cov:==========>                        31%]
[Progress:==============================100%] [Cov:==========>                        31%]
* Search finished after 153s and 67 generations, 17164 statements, best individual has fitness: 2973.937211843181
* Minimizing test suite
* Going to analyze the coverage criteria
* Coverage analysis for criterion LINE
* Coverage of criterion LINE: 28%
* Total number of goals: 481
* Number of covered goals: 137
* Coverage analysis for criterion BRANCH
* Coverage of criterion BRANCH: 16%
* Total number of goals: 495
* Number of covered goals: 79
* Coverage analysis for criterion EXCEPTION
* Coverage of criterion EXCEPTION: 33%
* Total number of goals: 12
* Number of covered goals: 4
* Coverage analysis for criterion WEAKMUTATION
* Coverage of criterion WEAKMUTATION: 18%
* Total number of goals: 884
* Number of covered goals: 162
* Coverage analysis for criterion OUTPUT
* Coverage of criterion OUTPUT: 4%
* Total number of goals: 215
* Number of covered goals: 8
* Coverage analysis for criterion METHOD
* Coverage of criterion METHOD: 48%
* Total number of goals: 66
* Number of covered goals: 32
* Coverage analysis for criterion METHODNOEXCEPTION
* Coverage of criterion METHODNOEXCEPTION: 44%
* Total number of goals: 66
* Number of covered goals: 29
* Coverage analysis for criterion CBRANCH
* Coverage of criterion CBRANCH: 12%
* Total number of goals: 495
* Number of covered goals: 61
* Generated 30 tests with total length 100
* Resulting test suite's coverage: 31% (average coverage for all fitness functions)
* Generating assertions
* Resulting test suite's mutation score: 7%
* Compiling and checking tests
* Permissions denied during test execution: 
  - java.lang.RuntimePermission: 
         writeFileDescriptor: 3
* Writing tests to file
* Writing JUnit test case 'GlobalNamespace_ESTest' to evosuite-tests
* Done!

* Computation finished

