CMD: /usr/lib/jvm/java-8-openjdk-amd64/bin/java -Dtools_jar_location=/usr/lib/jvm/java-8-openjdk-amd64/lib/tools.jar -jar /home/pizza/evosuite/evosuite-1.2.0.jar -generateSuite -class com.google.javascript.jscomp.NodeUtil -projectCP /home/pizza/evosuite/Test/Closure-61b/build/classes:/home/pizza/evosuite/Test/Closure-61b/lib/args4j.jar:/home/pizza/evosuite/Test/Closure-61b/lib/guava.jar:/home/pizza/evosuite/Test/Closure-61b/lib/json.jar:/home/pizza/evosuite/Test/Closure-61b/lib/jsr305.jar:/home/pizza/evosuite/Test/Closure-61b/lib/protobuf-java.jar:/home/pizza/evosuite/Test/Closure-61b/build/lib/rhino.jar:/home/pizza/evosuite/Test/Closure-61b/lib/ant.jar -base_dir /home/pizza/evosuite/results/project-Closure/Closure-61/round02/evosuite-work -seed 11 -Dalgorithm=NSGAII -Dsearch_budget=150 -Dtest_format=JUNIT4 -Dassertions=true

* EvoSuite 1.2.0
* Going to generate test cases for class: com.google.javascript.jscomp.NodeUtil
* Starting Client-0
* Connecting to master process on port 8220
* Analyzing classpath: 
  - /home/pizza/evosuite/Test/Closure-61b/build/classes
  - /home/pizza/evosuite/Test/Closure-61b/lib/args4j.jar
  - /home/pizza/evosuite/Test/Closure-61b/lib/guava.jar
  - /home/pizza/evosuite/Test/Closure-61b/lib/json.jar
  - /home/pizza/evosuite/Test/Closure-61b/lib/jsr305.jar
  - /home/pizza/evosuite/Test/Closure-61b/lib/protobuf-java.jar
  - /home/pizza/evosuite/Test/Closure-61b/build/lib/rhino.jar
  - /home/pizza/evosuite/Test/Closure-61b/lib/ant.jar
* Finished analyzing classpath
* Generating tests for class com.google.javascript.jscomp.NodeUtil
* Test criteria:
  - Line Coverage
  - Branch Coverage
  - Exception
  - Mutation testing (weak)
  - Method-Output Coverage
  - Top-Level Method Coverage
  - No-Exception Top-Level Method Coverage
  - Context Branch Coverage
* Setting up search algorithm for whole suite generation
* Total number of test goals: 
  - Line 915
  - Branch 2422
  - Exception 0
  - MutationFactory 633
  - Output 922
  - Method 164
  - MethodNoException 164
  - CBranchFitnessFactory 2422

[Progress:>                             0%] [Cov:>                                  0%]* Using seed 11
* Starting evolution

[Progress:>                             1%] [Cov:>                                  0%]
[Progress:>                             2%] [Cov:>                                  0%]
[Progress:>                             2%] [Cov:>                                  1%]
[Progress:>                             2%] [Cov:====>                              13%]
[Progress:>                             2%] [Cov:====>                              14%]
[Progress:=>                            4%] [Cov:>                                  0%]
[Progress:=>                            4%] [Cov:====>                              12%]
[Progress:=>                            5%] [Cov:>                                  0%]
[Progress:=>                            5%] [Cov:====>                              12%]
[Progress:=>                            5%] [Cov:====>                              13%]
[Progress:=>                            5%] [Cov:====>                              14%]
[Progress:=>                            6%] [Cov:>                                  0%]
[Progress:=>                            6%] [Cov:====>                              12%]
[Progress:=>                            6%] [Cov:====>                              13%]
[Progress:=>                            6%] [Cov:====>                              14%]
[Progress:=>                            6%] [Cov:=====>                             15%]
[Progress:==>                           7%] [Cov:====>                              12%]
[Progress:==>                           7%] [Cov:====>                              13%]
[Progress:==>                           7%] [Cov:=====>                             15%]
[Progress:==>                           8%] [Cov:===>                               11%]
[Progress:==>                           8%] [Cov:====>                              12%]
[Progress:==>                           8%] [Cov:====>                              14%]
[Progress:==>                           8%] [Cov:=====>                             15%]
[Progress:==>                           9%] [Cov:====>                              12%]
[Progress:==>                           9%] [Cov:====>                              13%]
[Progress:==>                           9%] [Cov:====>                              14%]
[Progress:==>                           9%] [Cov:=====>                             15%]
[Progress:===>                          10%] [Cov:====>                              12%]
[Progress:===>                          10%] [Cov:====>                              14%]
[Progress:===>                          10%] [Cov:=====>                             15%]
[Progress:===>                          10%] [Cov:=====>                             16%]
[Progress:===>                          10%] [Cov:=====>                             16%]
[Progress:===>                          11%] [Cov:===>                               11%]
[Progress:===>                          11%] [Cov:=====>                             15%]
[Progress:===>                          11%] [Cov:=====>                             16%]
[Progress:===>                          12%] [Cov:====>                              14%]
[Progress:===>                          12%] [Cov:=====>                             15%]
[Progress:===>                          12%] [Cov:=====>                             16%]
[Progress:===>                          12%] [Cov:=====>                             16%]
[Progress:===>                          13%] [Cov:====>                              14%]
[Progress:===>                          13%] [Cov:=====>                             15%]
[Progress:===>                          13%] [Cov:=====>                             16%]
[Progress:====>                         14%] [Cov:=====>                             15%]
[Progress:====>                         14%] [Cov:=====>                             16%]
[Progress:====>                         14%] [Cov:=====>                             16%]
[Progress:====>                         14%] [Cov:=====>                             17%]
[Progress:====>                         15%] [Cov:=====>                             15%]
[Progress:====>                         15%] [Cov:=====>                             16%]
[Progress:====>                         15%] [Cov:=====>                             17%]
[Progress:====>                         15%] [Cov:=====>                             16%]
[Progress:====>                         16%] [Cov:=====>                             17%]
[Progress:=====>                        17%] [Cov:=====>                             15%]
[Progress:=====>                        17%] [Cov:=====>                             16%]
[Progress:=====>                        17%] [Cov:=====>                             16%]
[Progress:=====>                        17%] [Cov:=====>                             17%]
[Progress:=====>                        18%] [Cov:=====>                             17%]
[Progress:=====>                        18%] [Cov:======>                            18%]
[Progress:=====>                        18%] [Cov:======>                            19%]
[Progress:=====>                        18%] [Cov:======>                            19%]
[Progress:=====>                        19%] [Cov:=====>                             17%]
[Progress:======>                       20%] [Cov:=====>                             16%]
[Progress:======>                       20%] [Cov:=====>                             17%]
[Progress:======>                       20%] [Cov:======>                            18%]
[Progress:======>                       20%] [Cov:======>                            19%]
[Progress:======>                       21%] [Cov:=====>                             17%]
[Progress:======>                       21%] [Cov:======>                            18%]
[Progress:======>                       21%] [Cov:======>                            19%]
[Progress:======>                       22%] [Cov:======>                            18%]
[Progress:======>                       22%] [Cov:======>                            19%]
[Progress:======>                       23%] [Cov:======>                            18%]
[Progress:======>                       23%] [Cov:======>                            19%]
[Progress:======>                       23%] [Cov:======>                            19%]
[Progress:=======>                      24%] [Cov:=====>                             16%]
[Progress:=======>                      24%] [Cov:=====>                             17%]
[Progress:=======>                      24%] [Cov:======>                            18%]
[Progress:=======>                      24%] [Cov:======>                            19%]
[Progress:=======>                      24%] [Cov:======>                            19%]
[Progress:=======>                      25%] [Cov:=====>                             16%]
[Progress:=======>                      25%] [Cov:======>                            18%]
[Progress:=======>                      25%] [Cov:======>                            19%]
[Progress:=======>                      26%] [Cov:======>                            19%]
[Progress:=======>                      26%] [Cov:======>                            19%]
[Progress:========>                     27%] [Cov:======>                            18%]
[Progress:========>                     27%] [Cov:======>                            19%]
[Progress:========>                     27%] [Cov:=======>                           20%]
[Progress:========>                     28%] [Cov:======>                            19%]
[Progress:========>                     28%] [Cov:=======>                           20%]
[Progress:========>                     29%] [Cov:======>                            19%]
[Progress:=========>                    30%] [Cov:=====>                             17%]
[Progress:=========>                    30%] [Cov:======>                            19%]
[Progress:=========>                    30%] [Cov:=======>                           20%]
[Progress:=========>                    30%] [Cov:=======>                           20%]
[Progress:=========>                    31%] [Cov:======>                            18%]
[Progress:=========>                    31%] [Cov:======>                            19%]
[Progress:=========>                    31%] [Cov:=======>                           20%]
[Progress:=========>                    32%] [Cov:=======>                           20%]
[Progress:=========>                    32%] [Cov:=======>                           20%]
[Progress:=========>                    33%] [Cov:======>                            19%]
[Progress:=========>                    33%] [Cov:=======>                           20%]
[Progress:==========>                   34%] [Cov:======>                            19%]
[Progress:==========>                   34%] [Cov:=======>                           20%]
[Progress:==========>                   35%] [Cov:======>                            19%]
[Progress:==========>                   35%] [Cov:=======>                           20%]
[Progress:==========>                   36%] [Cov:======>                            19%]
[Progress:==========>                   36%] [Cov:=======>                           20%]
[Progress:==========>                   36%] [Cov:=======>                           20%]
[Progress:==========>                   36%] [Cov:=======>                           21%]
[Progress:===========>                  37%] [Cov:======>                            19%]
[Progress:===========>                  37%] [Cov:=======>                           21%]
[Progress:===========>                  38%] [Cov:======>                            19%]
[Progress:===========>                  38%] [Cov:=======>                           20%]
[Progress:===========>                  38%] [Cov:=======>                           20%]
[Progress:===========>                  38%] [Cov:=======>                           21%]
[Progress:===========>                  39%] [Cov:=======>                           20%]
[Progress:===========>                  39%] [Cov:=======>                           21%]
[Progress:============>                 40%] [Cov:=======>                           20%]
[Progress:============>                 40%] [Cov:=======>                           21%]
[Progress:============>                 40%] [Cov:=======>                           21%]
[Progress:============>                 41%] [Cov:=======>                           20%]
[Progress:============>                 41%] [Cov:=======>                           21%]
[Progress:============>                 42%] [Cov:=======>                           20%]
[Progress:============>                 42%] [Cov:=======>                           21%]
[Progress:============>                 43%] [Cov:=======>                           20%]
[Progress:============>                 43%] [Cov:=======>                           21%]
[Progress:============>                 43%] [Cov:=======>                           21%]
[Progress:=============>                44%] [Cov:=======>                           20%]
[Progress:=============>                44%] [Cov:=======>                           21%]
[Progress:=============>                45%] [Cov:=======>                           20%]
[Progress:=============>                45%] [Cov:=======>                           21%]
[Progress:=============>                46%] [Cov:=======>                           20%]
[Progress:=============>                46%] [Cov:=======>                           21%]
[Progress:=============>                46%] [Cov:=======>                           21%]
[Progress:==============>               47%] [Cov:=======>                           20%]
[Progress:==============>               47%] [Cov:=======>                           21%]
[Progress:==============>               48%] [Cov:=======>                           21%]
[Progress:==============>               48%] [Cov:=======>                           21%]
[Progress:==============>               48%] [Cov:=======>                           22%]
[Progress:==============>               49%] [Cov:=======>                           21%]
[Progress:==============>               49%] [Cov:=======>                           22%]
[Progress:===============>              50%] [Cov:=======>                           21%]
[Progress:===============>              50%] [Cov:=======>                           22%]
[Progress:===============>              51%] [Cov:=======>                           21%]
[Progress:===============>              51%] [Cov:=======>                           22%]
[Progress:===============>              52%] [Cov:=======>                           21%]
[Progress:===============>              52%] [Cov:=======>                           22%]
[Progress:===============>              53%] [Cov:=======>                           21%]
[Progress:===============>              53%] [Cov:=======>                           22%]
[Progress:================>             54%] [Cov:=======>                           21%]
[Progress:================>             54%] [Cov:=======>                           22%]
[Progress:================>             55%] [Cov:=======>                           22%]
[Progress:================>             56%] [Cov:=======>                           21%]
[Progress:================>             56%] [Cov:=======>                           22%]
[Progress:================>             56%] [Cov:=======>                           22%]
[Progress:=================>            57%] [Cov:=======>                           22%]
[Progress:=================>            58%] [Cov:=======>                           21%]
[Progress:=================>            58%] [Cov:=======>                           22%]
[Progress:=================>            59%] [Cov:=======>                           21%]
[Progress:=================>            59%] [Cov:=======>                           22%]
[Progress:==================>           60%] [Cov:=======>                           21%]
[Progress:==================>           60%] [Cov:=======>                           22%]
[Progress:==================>           60%] [Cov:=======>                           21%]
[Progress:==================>           60%] [Cov:=======>                           22%]
[Progress:==================>           60%] [Cov:========>                          23%]
[Progress:==================>           61%] [Cov:=======>                           22%]
[Progress:==================>           62%] [Cov:=======>                           22%]
[Progress:==================>           62%] [Cov:========>                          23%]
[Progress:==================>           63%] [Cov:=======>                           21%]
[Progress:==================>           63%] [Cov:=======>                           22%]
[Progress:==================>           63%] [Cov:========>                          23%]
[Progress:===================>          64%] [Cov:========>                          23%]
[Progress:===================>          65%] [Cov:=======>                           21%]
[Progress:===================>          65%] [Cov:=======>                           22%]
[Progress:===================>          66%] [Cov:=======>                           22%]
[Progress:===================>          66%] [Cov:========>                          23%]
[Progress:===================>          66%] [Cov:========>                          23%]
[Progress:====================>         67%] [Cov:=======>                           22%]
[Progress:====================>         67%] [Cov:========>                          23%]
[Progress:====================>         68%] [Cov:=======>                           20%]
[Progress:====================>         68%] [Cov:=======>                           22%]
[Progress:====================>         68%] [Cov:========>                          23%]
[Progress:====================>         69%] [Cov:=======>                           22%]
[Progress:====================>         69%] [Cov:========>                          23%]
[Progress:=====================>        70%] [Cov:=======>                           22%]
[Progress:=====================>        70%] [Cov:========>                          23%]
[Progress:=====================>        71%] [Cov:=======>                           22%]
[Progress:=====================>        71%] [Cov:========>                          23%]
[Progress:=====================>        72%] [Cov:=======>                           22%]
[Progress:=====================>        72%] [Cov:========>                          23%]
[Progress:=====================>        72%] [Cov:========>                          23%]
[Progress:=====================>        73%] [Cov:=======>                           22%]
[Progress:=====================>        73%] [Cov:========>                          23%]
[Progress:======================>       74%] [Cov:=======>                           22%]
[Progress:======================>       74%] [Cov:========>                          24%]
[Progress:======================>       75%] [Cov:=======>                           22%]
[Progress:======================>       75%] [Cov:========>                          23%]
[Progress:======================>       76%] [Cov:========>                          23%]
[Progress:======================>       76%] [Cov:========>                          24%]
[Progress:=======================>      77%] [Cov:========>                          23%]
[Progress:=======================>      77%] [Cov:========>                          24%]
[Progress:=======================>      78%] [Cov:=======>                           22%]
[Progress:=======================>      78%] [Cov:========>                          23%]
[Progress:=======================>      78%] [Cov:========>                          24%]
[Progress:=======================>      78%] [Cov:========>                          24%]
[Progress:=======================>      79%] [Cov:=======>                           21%]
[Progress:=======================>      79%] [Cov:========>                          24%]
[Progress:========================>     80%] [Cov:========>                          23%]
[Progress:========================>     80%] [Cov:========>                          24%]
[Progress:========================>     81%] [Cov:=======>                           22%]
[Progress:========================>     81%] [Cov:========>                          23%]
[Progress:========================>     81%] [Cov:========>                          24%]
[Progress:========================>     82%] [Cov:========>                          23%]
[Progress:========================>     82%] [Cov:========>                          24%]
[Progress:========================>     82%] [Cov:========>                          24%]
[Progress:========================>     83%] [Cov:========>                          23%]
[Progress:========================>     83%] [Cov:========>                          24%]
[Progress:========================>     83%] [Cov:========>                          25%]
[Progress:=========================>    84%] [Cov:=======>                           22%]
[Progress:=========================>    84%] [Cov:========>                          23%]
[Progress:=========================>    84%] [Cov:========>                          24%]
[Progress:=========================>    84%] [Cov:========>                          25%]
[Progress:=========================>    85%] [Cov:=======>                           22%]
[Progress:=========================>    85%] [Cov:========>                          23%]
[Progress:=========================>    85%] [Cov:========>                          24%]
[Progress:=========================>    86%] [Cov:========>                          23%]
[Progress:=========================>    86%] [Cov:========>                          24%]
[Progress:=========================>    86%] [Cov:========>                          25%]
[Progress:==========================>   87%] [Cov:========>                          23%]
[Progress:==========================>   87%] [Cov:========>                          24%]
[Progress:==========================>   88%] [Cov:========>                          24%]
[Progress:==========================>   88%] [Cov:========>                          25%]
[Progress:==========================>   89%] [Cov:========>                          23%]
[Progress:==========================>   89%] [Cov:========>                          24%]
[Progress:==========================>   89%] [Cov:========>                          25%]
[Progress:===========================>  90%] [Cov:=======>                           22%]
[Progress:===========================>  90%] [Cov:========>                          24%]
[Progress:===========================>  90%] [Cov:========>                          25%]
[Progress:===========================>  91%] [Cov:=======>                           22%]
[Progress:===========================>  91%] [Cov:========>                          23%]
[Progress:===========================>  91%] [Cov:========>                          24%]
[Progress:===========================>  91%] [Cov:========>                          25%]
[Progress:===========================>  92%] [Cov:========>                          23%]
[Progress:===========================>  92%] [Cov:========>                          24%]
[Progress:===========================>  92%] [Cov:========>                          25%]
[Progress:===========================>  92%] [Cov:=========>                         26%]
[Progress:===========================>  93%] [Cov:========>                          25%]
[Progress:============================> 94%] [Cov:========>                          24%]
[Progress:============================> 94%] [Cov:========>                          25%]
[Progress:============================> 94%] [Cov:=========>                         26%]
[Progress:============================> 95%] [Cov:========>                          24%]
[Progress:============================> 95%] [Cov:========>                          25%]
[Progress:============================> 96%] [Cov:========>                          23%]
[Progress:============================> 96%] [Cov:========>                          24%]
[Progress:============================> 96%] [Cov:========>                          25%]
[Progress:============================> 96%] [Cov:=========>                         26%]
[Progress:=============================>97%] [Cov:========>                          23%]
[Progress:=============================>97%] [Cov:========>                          25%]
[Progress:=============================>97%] [Cov:=========>                         26%]
[Progress:=============================>98%] [Cov:========>                          25%]
[Progress:=============================>98%] [Cov:=========>                         26%]
[Progress:=============================>99%] [Cov:========>                          23%]
[Progress:=============================>99%] [Cov:========>                          25%]
[Progress:=============================>99%] [Cov:=========>                         26%]
[Progress:==============================100%] [Cov:========>                          25%]
[Progress:==============================100%] [Cov:=========>                         26%]
[Progress:==============================100%] [Cov:=========>                         26%]
[Progress:==============================100%] [Cov:========>                          24%]
[Progress:==============================100%] [Cov:========>                          25%]
[Progress:==============================100%] [Cov:=========>                         26%]
[Progress:==============================100%] [Cov:=========>                         26%]
* Search finished after 154s and 42 generations, 9645 statements, best individual has fitness: 11201.508560032195
* Minimizing test suite
* Going to analyze the coverage criteria
* Coverage analysis for criterion LINE
* Coverage of criterion LINE: 17%
* Total number of goals: 915
* Number of covered goals: 156
* Coverage analysis for criterion BRANCH
* Coverage of criterion BRANCH: 24%
* Total number of goals: 2422
* Number of covered goals: 573
* Coverage analysis for criterion EXCEPTION
* Coverage of criterion EXCEPTION: 8%
* Total number of goals: 88
* Number of covered goals: 7
* Coverage analysis for criterion WEAKMUTATION
* Coverage of criterion WEAKMUTATION: 9%
* Total number of goals: 633
* Number of covered goals: 55
* Coverage analysis for criterion OUTPUT
* Coverage of criterion OUTPUT: 4%
* Total number of goals: 922
* Number of covered goals: 39
* Coverage analysis for criterion METHOD
* Coverage of criterion METHOD: 26%
* Total number of goals: 164
* Number of covered goals: 43
* Coverage analysis for criterion METHODNOEXCEPTION
* Coverage of criterion METHODNOEXCEPTION: 23%
* Total number of goals: 164
* Number of covered goals: 37
* Coverage analysis for criterion CBRANCH
* Coverage of criterion CBRANCH: 24%
* Total number of goals: 2422
* Number of covered goals: 571
* Generated 44 tests with total length 94
* Resulting test suite's coverage: 27% (average coverage for all fitness functions)
* Generating assertions
* Resulting test suite's mutation score: 5%
* Compiling and checking tests
* Writing tests to file
* Writing JUnit test case 'NodeUtil_ESTest' to evosuite-tests
* Done!

* Computation finished

