CMD: /usr/lib/jvm/java-8-openjdk-amd64/bin/java -Dtools_jar_location=/usr/lib/jvm/java-8-openjdk-amd64/lib/tools.jar -jar /home/pizza/TestRound2/evosuite-1.2.0.jar -generateSuite -class com.google.javascript.jscomp.InlineObjectLiterals -projectCP /home/pizza/TestRound2/Test/Closure-29b/build/classes:/home/pizza/TestRound2/Test/Closure-29b/lib/args4j.jar:/home/pizza/TestRound2/Test/Closure-29b/lib/guava.jar:/home/pizza/TestRound2/Test/Closure-29b/lib/json.jar:/home/pizza/TestRound2/Test/Closure-29b/lib/jsr305.jar:/home/pizza/TestRound2/Test/Closure-29b/lib/protobuf-java.jar:/home/pizza/TestRound2/Test/Closure-29b/build/lib/rhino.jar:/home/pizza/TestRound2/Test/Closure-29b/lib/ant.jar -base_dir /home/pizza/TestRound2/results/project-Closure/Closure-29/round03/evosuite-work -seed 11 -Dalgorithm=NSGAII -Dsearch_budget=60 -Dtest_format=JUNIT4 -Dassertions=true

* EvoSuite 1.2.0
* Going to generate test cases for class: com.google.javascript.jscomp.InlineObjectLiterals
* Starting Client-0
* Connecting to master process on port 8221
* Analyzing classpath: 
  - /home/pizza/TestRound2/Test/Closure-29b/build/classes
  - /home/pizza/TestRound2/Test/Closure-29b/lib/args4j.jar
  - /home/pizza/TestRound2/Test/Closure-29b/lib/guava.jar
  - /home/pizza/TestRound2/Test/Closure-29b/lib/json.jar
  - /home/pizza/TestRound2/Test/Closure-29b/lib/jsr305.jar
  - /home/pizza/TestRound2/Test/Closure-29b/lib/protobuf-java.jar
  - /home/pizza/TestRound2/Test/Closure-29b/build/lib/rhino.jar
  - /home/pizza/TestRound2/Test/Closure-29b/lib/ant.jar
* Finished analyzing classpath
* Generating tests for class com.google.javascript.jscomp.InlineObjectLiterals
* Test criteria:
  - Line Coverage
  - Branch Coverage
  - Exception
  - Mutation testing (weak)
  - Method-Output Coverage
  - Top-Level Method Coverage
  - No-Exception Top-Level Method Coverage
  - Context Branch Coverage
* Setting up search algorithm for whole suite generation
* Total number of test goals: 
  - Line 172
  - Branch 118
  - Exception 0
  - MutationFactory 158
  - Output 0
  - Method 3
  - MethodNoException 3

[Progress:>                             0%] [Cov:>                                  0%]  - CBranchFitnessFactory 118
* Using seed 11
* Starting evolution

[Progress:===>                          10%] [Cov:>                                  0%]
[Progress:===>                          11%] [Cov:>                                  0%]
[Progress:====>                         15%] [Cov:>                                  0%]
[Progress:====>                         15%] [Cov:====>                              13%]
[Progress:====>                         15%] [Cov:========>                          23%]
[Progress:====>                         15%] [Cov:==========>                        30%]
[Progress:====>                         16%] [Cov:===========>                       34%]
[Progress:=====>                        18%] [Cov:>                                  0%]
[Progress:=====>                        18%] [Cov:====>                              13%]
[Progress:=====>                        18%] [Cov:========>                          23%]
[Progress:=====>                        18%] [Cov:==========>                        30%]
[Progress:=====>                        18%] [Cov:===========>                       34%]
[Progress:======>                       20%] [Cov:>                                  0%]
[Progress:======>                       20%] [Cov:====>                              13%]
[Progress:======>                       20%] [Cov:========>                          23%]
[Progress:======>                       20%] [Cov:==========>                        30%]
[Progress:======>                       20%] [Cov:===========>                       34%]
[Progress:======>                       21%] [Cov:>                                  0%]
[Progress:======>                       21%] [Cov:====>                              12%]
[Progress:======>                       21%] [Cov:=======>                           22%]
[Progress:======>                       21%] [Cov:=========>                         26%]
[Progress:======>                       21%] [Cov:==========>                        30%]
[Progress:======>                       21%] [Cov:===========>                       34%]
[Progress:======>                       21%] [Cov:===========>                       34%]
[Progress:======>                       23%] [Cov:===========>                       34%]
[Progress:======>                       23%] [Cov:===========>                       34%]
[Progress:=======>                      25%] [Cov:===========>                       34%]
[Progress:=======>                      26%] [Cov:===========>                       34%]
[Progress:=======>                      26%] [Cov:===========>                       34%]
[Progress:=======>                      26%] [Cov:===========>                       34%]
[Progress:========>                     28%] [Cov:===========>                       34%]
[Progress:========>                     28%] [Cov:===========>                       34%]
[Progress:=========>                    30%] [Cov:===========>                       34%]
[Progress:=========>                    30%] [Cov:===========>                       34%]
[Progress:=========>                    31%] [Cov:===========>                       34%]
[Progress:=========>                    31%] [Cov:===========>                       34%]
[Progress:=========>                    31%] [Cov:===========>                       34%]
[Progress:=========>                    33%] [Cov:===========>                       34%]
[Progress:=========>                    33%] [Cov:===========>                       34%]
[Progress:=========>                    33%] [Cov:===========>                       34%]
[Progress:==========>                   35%] [Cov:===========>                       34%]
[Progress:==========>                   35%] [Cov:===========>                       34%]
[Progress:==========>                   35%] [Cov:===========>                       34%]
[Progress:==========>                   36%] [Cov:===========>                       34%]
[Progress:==========>                   36%] [Cov:===========>                       34%]
[Progress:==========>                   36%] [Cov:===========>                       34%]
[Progress:==========>                   36%] [Cov:===========>                       34%]
[Progress:===========>                  38%] [Cov:===========>                       34%]
[Progress:===========>                  38%] [Cov:===========>                       34%]
[Progress:===========>                  38%] [Cov:===========>                       34%]
[Progress:============>                 40%] [Cov:===========>                       34%]
[Progress:============>                 40%] [Cov:===========>                       34%]
[Progress:============>                 40%] [Cov:===========>                       34%]
[Progress:============>                 41%] [Cov:===========>                       34%]
[Progress:============>                 41%] [Cov:===========>                       34%]
[Progress:============>                 41%] [Cov:===========>                       34%]
[Progress:============>                 43%] [Cov:===========>                       34%]
[Progress:============>                 43%] [Cov:===========>                       34%]
[Progress:=============>                45%] [Cov:===========>                       34%]
[Progress:=============>                45%] [Cov:===========>                       34%]
[Progress:=============>                45%] [Cov:===========>                       34%]
[Progress:=============>                45%] [Cov:===========>                       34%]
[Progress:=============>                46%] [Cov:===========>                       34%]
[Progress:=============>                46%] [Cov:===========>                       34%]
[Progress:=============>                46%] [Cov:===========>                       34%]
[Progress:==============>               48%] [Cov:===========>                       34%]
[Progress:==============>               48%] [Cov:===========>                       34%]
[Progress:==============>               48%] [Cov:===========>                       34%]
[Progress:==============>               48%] [Cov:===========>                       34%]
[Progress:===============>              50%] [Cov:===========>                       34%]
[Progress:===============>              50%] [Cov:===========>                       34%]
[Progress:===============>              50%] [Cov:===========>                       34%]
[Progress:===============>              50%] [Cov:===========>                       34%]
[Progress:===============>              51%] [Cov:===========>                       34%]
[Progress:===============>              51%] [Cov:===========>                       34%]
[Progress:===============>              51%] [Cov:===========>                       34%]
[Progress:===============>              51%] [Cov:===========>                       34%]
[Progress:===============>              53%] [Cov:===========>                       34%]
[Progress:===============>              53%] [Cov:===========>                       34%]
[Progress:===============>              53%] [Cov:===========>                       34%]
[Progress:===============>              53%] [Cov:===========>                       34%]
[Progress:===============>              53%] [Cov:===========>                       34%]
[Progress:===============>              53%] [Cov:===========>                       34%]
[Progress:================>             55%] [Cov:===========>                       34%]
[Progress:================>             55%] [Cov:===========>                       34%]
[Progress:================>             55%] [Cov:===========>                       34%]
[Progress:================>             55%] [Cov:===========>                       34%]
[Progress:================>             55%] [Cov:===========>                       34%]
[Progress:================>             55%] [Cov:===========>                       34%]
[Progress:================>             56%] [Cov:===========>                       34%]
[Progress:================>             56%] [Cov:===========>                       34%]
[Progress:================>             56%] [Cov:===========>                       34%]
[Progress:================>             56%] [Cov:===========>                       34%]
[Progress:================>             56%] [Cov:===========>                       34%]
[Progress:================>             56%] [Cov:===========>                       34%]
[Progress:================>             56%] [Cov:===========>                       34%]
[Progress:=================>            58%] [Cov:===========>                       34%]
[Progress:=================>            58%] [Cov:===========>                       34%]
[Progress:=================>            58%] [Cov:===========>                       34%]
[Progress:=================>            58%] [Cov:===========>                       34%]
[Progress:=================>            58%] [Cov:===========>                       34%]
[Progress:=================>            58%] [Cov:===========>                       34%]
[Progress:=================>            58%] [Cov:===========>                       34%]
[Progress:=================>            58%] [Cov:===========>                       34%]
[Progress:==================>           60%] [Cov:===========>                       34%]
[Progress:==================>           60%] [Cov:===========>                       34%]
[Progress:==================>           60%] [Cov:===========>                       34%]
[Progress:==================>           60%] [Cov:===========>                       34%]
[Progress:==================>           60%] [Cov:===========>                       34%]
[Progress:==================>           60%] [Cov:===========>                       34%]
[Progress:==================>           60%] [Cov:===========>                       34%]
[Progress:==================>           61%] [Cov:==========>                        30%]
[Progress:==================>           61%] [Cov:===========>                       34%]
[Progress:==================>           61%] [Cov:===========>                       34%]
[Progress:==================>           61%] [Cov:===========>                       34%]
[Progress:==================>           61%] [Cov:===========>                       34%]
[Progress:==================>           61%] [Cov:===========>                       34%]
[Progress:==================>           61%] [Cov:===========>                       34%]
[Progress:==================>           61%] [Cov:===========>                       34%]
[Progress:==================>           63%] [Cov:===========>                       34%]
[Progress:==================>           63%] [Cov:===========>                       34%]
[Progress:==================>           63%] [Cov:===========>                       34%]
[Progress:==================>           63%] [Cov:===========>                       34%]
[Progress:==================>           63%] [Cov:===========>                       34%]
[Progress:==================>           63%] [Cov:===========>                       34%]
[Progress:==================>           63%] [Cov:===========>                       34%]
[Progress:===================>          65%] [Cov:===========>                       33%]
[Progress:===================>          65%] [Cov:===========>                       34%]
[Progress:===================>          65%] [Cov:===========>                       34%]
[Progress:===================>          65%] [Cov:===========>                       34%]
[Progress:===================>          65%] [Cov:===========>                       34%]
[Progress:===================>          65%] [Cov:===========>                       34%]
[Progress:===================>          66%] [Cov:===========>                       34%]
[Progress:===================>          66%] [Cov:===========>                       34%]
[Progress:===================>          66%] [Cov:===========>                       34%]
[Progress:===================>          66%] [Cov:===========>                       34%]
[Progress:===================>          66%] [Cov:===========>                       34%]
[Progress:===================>          66%] [Cov:===========>                       34%]
[Progress:====================>         68%] [Cov:===========>                       34%]
[Progress:====================>         68%] [Cov:===========>                       34%]
[Progress:====================>         68%] [Cov:===========>                       34%]
[Progress:====================>         68%] [Cov:===========>                       34%]
[Progress:====================>         68%] [Cov:===========>                       34%]
[Progress:====================>         68%] [Cov:===========>                       34%]
[Progress:====================>         68%] [Cov:===========>                       34%]
[Progress:====================>         68%] [Cov:===========>                       34%]
[Progress:=====================>        70%] [Cov:===========>                       34%]
[Progress:=====================>        70%] [Cov:===========>                       34%]
[Progress:=====================>        70%] [Cov:===========>                       34%]
[Progress:=====================>        70%] [Cov:===========>                       34%]
[Progress:=====================>        70%] [Cov:===========>                       34%]
[Progress:=====================>        70%] [Cov:===========>                       34%]
[Progress:=====================>        71%] [Cov:===========>                       34%]
[Progress:=====================>        71%] [Cov:===========>                       34%]
[Progress:=====================>        71%] [Cov:===========>                       34%]
[Progress:=====================>        71%] [Cov:===========>                       34%]
[Progress:=====================>        71%] [Cov:===========>                       34%]
[Progress:=====================>        71%] [Cov:===========>                       34%]
[Progress:=====================>        71%] [Cov:===========>                       34%]
[Progress:=====================>        73%] [Cov:===========>                       34%]
[Progress:=====================>        73%] [Cov:===========>                       34%]
[Progress:=====================>        73%] [Cov:===========>                       34%]
[Progress:=====================>        73%] [Cov:===========>                       34%]
[Progress:=====================>        73%] [Cov:===========>                       34%]
[Progress:=====================>        73%] [Cov:===========>                       34%]
[Progress:======================>       75%] [Cov:===========>                       34%]
[Progress:======================>       75%] [Cov:===========>                       34%]
[Progress:======================>       75%] [Cov:===========>                       34%]
[Progress:======================>       75%] [Cov:===========>                       34%]
[Progress:======================>       75%] [Cov:===========>                       34%]
[Progress:======================>       75%] [Cov:===========>                       34%]
[Progress:======================>       75%] [Cov:===========>                       34%]
[Progress:======================>       76%] [Cov:===========>                       34%]
[Progress:======================>       76%] [Cov:===========>                       34%]
[Progress:======================>       76%] [Cov:===========>                       34%]
[Progress:======================>       76%] [Cov:===========>                       34%]
[Progress:======================>       76%] [Cov:===========>                       34%]
[Progress:======================>       76%] [Cov:===========>                       34%]
[Progress:======================>       76%] [Cov:===========>                       34%]
[Progress:======================>       76%] [Cov:===========>                       34%]
[Progress:=======================>      78%] [Cov:===========>                       34%]
[Progress:=======================>      78%] [Cov:===========>                       34%]
[Progress:=======================>      78%] [Cov:===========>                       34%]
[Progress:=======================>      78%] [Cov:===========>                       34%]
[Progress:=======================>      78%] [Cov:===========>                       34%]
[Progress:=======================>      78%] [Cov:===========>                       34%]
[Progress:=======================>      78%] [Cov:===========>                       34%]
[Progress:=======================>      78%] [Cov:===========>                       34%]
[Progress:========================>     80%] [Cov:===========>                       34%]
[Progress:========================>     80%] [Cov:===========>                       34%]
[Progress:========================>     80%] [Cov:===========>                       34%]
[Progress:========================>     80%] [Cov:===========>                       34%]
[Progress:========================>     80%] [Cov:===========>                       34%]
[Progress:========================>     80%] [Cov:===========>                       34%]
[Progress:========================>     81%] [Cov:===========>                       34%]
[Progress:========================>     81%] [Cov:===========>                       34%]
[Progress:========================>     81%] [Cov:===========>                       34%]
[Progress:========================>     81%] [Cov:===========>                       34%]
[Progress:========================>     81%] [Cov:===========>                       34%]
[Progress:========================>     81%] [Cov:===========>                       34%]
[Progress:========================>     81%] [Cov:===========>                       34%]
[Progress:========================>     81%] [Cov:===========>                       34%]
[Progress:========================>     83%] [Cov:===========>                       34%]
[Progress:========================>     83%] [Cov:===========>                       34%]
[Progress:========================>     83%] [Cov:===========>                       34%]
[Progress:========================>     83%] [Cov:===========>                       34%]
[Progress:========================>     83%] [Cov:===========>                       34%]
[Progress:========================>     83%] [Cov:===========>                       34%]
[Progress:========================>     83%] [Cov:===========>                       34%]
[Progress:========================>     83%] [Cov:===========>                       34%]
[Progress:=========================>    85%] [Cov:===========>                       34%]
[Progress:=========================>    85%] [Cov:===========>                       34%]
[Progress:=========================>    85%] [Cov:===========>                       34%]
[Progress:=========================>    85%] [Cov:===========>                       34%]
[Progress:=========================>    85%] [Cov:===========>                       34%]
[Progress:=========================>    85%] [Cov:===========>                       34%]
[Progress:=========================>    85%] [Cov:===========>                       34%]
[Progress:=========================>    86%] [Cov:===========>                       34%]
[Progress:=========================>    86%] [Cov:===========>                       34%]
[Progress:=========================>    86%] [Cov:===========>                       34%]
[Progress:=========================>    86%] [Cov:===========>                       34%]
[Progress:=========================>    86%] [Cov:===========>                       34%]
[Progress:=========================>    86%] [Cov:===========>                       34%]
[Progress:==========================>   88%] [Cov:===========>                       34%]
[Progress:==========================>   88%] [Cov:===========>                       34%]
[Progress:==========================>   88%] [Cov:===========>                       34%]
[Progress:==========================>   88%] [Cov:===========>                       34%]
[Progress:==========================>   88%] [Cov:===========>                       34%]
[Progress:==========================>   88%] [Cov:===========>                       34%]
[Progress:==========================>   88%] [Cov:===========>                       34%]
[Progress:==========================>   88%] [Cov:===========>                       34%]
[Progress:==========================>   88%] [Cov:===========>                       34%]
[Progress:===========================>  90%] [Cov:===========>                       34%]
[Progress:===========================>  90%] [Cov:===========>                       34%]
[Progress:===========================>  90%] [Cov:===========>                       34%]
[Progress:===========================>  90%] [Cov:===========>                       34%]
[Progress:===========================>  90%] [Cov:===========>                       34%]
[Progress:===========================>  90%] [Cov:===========>                       34%]
[Progress:===========================>  90%] [Cov:===========>                       34%]
[Progress:===========================>  90%] [Cov:===========>                       34%]
[Progress:===========================>  90%] [Cov:===========>                       34%]
[Progress:===========================>  91%] [Cov:===========>                       34%]
[Progress:===========================>  91%] [Cov:===========>                       34%]
[Progress:===========================>  91%] [Cov:===========>                       34%]
[Progress:===========================>  91%] [Cov:===========>                       34%]
[Progress:===========================>  91%] [Cov:===========>                       34%]
[Progress:===========================>  91%] [Cov:===========>                       34%]
[Progress:===========================>  91%] [Cov:===========>                       34%]
[Progress:===========================>  91%] [Cov:===========>                       34%]
[Progress:===========================>  91%] [Cov:===========>                       34%]
[Progress:===========================>  93%] [Cov:===========>                       34%]
[Progress:===========================>  93%] [Cov:===========>                       34%]
[Progress:===========================>  93%] [Cov:===========>                       34%]
[Progress:===========================>  93%] [Cov:===========>                       34%]
[Progress:===========================>  93%] [Cov:===========>                       34%]
[Progress:===========================>  93%] [Cov:===========>                       34%]
[Progress:===========================>  93%] [Cov:===========>                       34%]
[Progress:===========================>  93%] [Cov:===========>                       34%]
[Progress:===========================>  93%] [Cov:===========>                       34%]
[Progress:===========================>  93%] [Cov:===========>                       34%]
[Progress:============================> 95%] [Cov:===========>                       34%]
[Progress:============================> 95%] [Cov:===========>                       34%]
[Progress:============================> 95%] [Cov:===========>                       34%]
[Progress:============================> 95%] [Cov:===========>                       34%]
[Progress:============================> 95%] [Cov:===========>                       34%]
[Progress:============================> 95%] [Cov:===========>                       34%]
[Progress:============================> 95%] [Cov:===========>                       34%]
[Progress:============================> 95%] [Cov:===========>                       34%]
[Progress:============================> 96%] [Cov:===========>                       34%]
[Progress:============================> 96%] [Cov:===========>                       34%]
[Progress:============================> 96%] [Cov:===========>                       34%]
[Progress:============================> 96%] [Cov:===========>                       34%]
[Progress:============================> 96%] [Cov:===========>                       34%]
[Progress:============================> 96%] [Cov:===========>                       34%]
[Progress:============================> 96%] [Cov:===========>                       34%]
[Progress:============================> 96%] [Cov:===========>                       34%]
[Progress:============================> 96%] [Cov:===========>                       34%]
[Progress:============================> 96%] [Cov:===========>                       34%]
[Progress:============================> 96%] [Cov:===========>                       34%]
[Progress:=============================>98%] [Cov:===========>                       34%]
[Progress:=============================>98%] [Cov:===========>                       34%]
[Progress:=============================>98%] [Cov:===========>                       34%]
[Progress:=============================>98%] [Cov:===========>                       34%]
[Progress:=============================>98%] [Cov:===========>                       34%]
[Progress:=============================>98%] [Cov:===========>                       34%]
[Progress:=============================>98%] [Cov:===========>                       34%]
[Progress:==============================100%] [Cov:===========>                       34%]
[Progress:==============================100%] [Cov:===========>                       34%]
[Progress:==============================100%] [Cov:===========>                       34%]
[Progress:==============================100%] [Cov:===========>                       34%]
[Progress:==============================100%] [Cov:===========>                       34%]
[Progress:==============================100%] [Cov:===========>                       34%]
[Progress:==============================100%] [Cov:===========>                       34%]
[Progress:==============================100%] [Cov:===========>                       34%]
[Progress:==============================100%] [Cov:===========>                       34%]
* Search finished after 62s and 222 generations, 42855 statements, best individual has fitness: 753.9939393939394
* Minimizing test suite
* Going to analyze the coverage criteria
* Coverage analysis for criterion LINE
* Coverage of criterion LINE: 5%
* Total number of goals: 172
* Number of covered goals: 8
* Coverage analysis for criterion BRANCH
* Coverage of criterion BRANCH: 2%
* Total number of goals: 118
* Number of covered goals: 2
* Coverage analysis for criterion EXCEPTION
* Coverage of criterion EXCEPTION: 50%
* Total number of goals: 2
* Number of covered goals: 1
* Coverage analysis for criterion WEAKMUTATION
* Coverage of criterion WEAKMUTATION: 1%
* Total number of goals: 158
* Number of covered goals: 2
* Coverage analysis for criterion OUTPUT
* Coverage of criterion OUTPUT: 100% (no goals)
* Coverage analysis for criterion METHOD
* Coverage of criterion METHOD: 67%
* Total number of goals: 3
* Number of covered goals: 2
* Coverage analysis for criterion METHODNOEXCEPTION
* Coverage of criterion METHODNOEXCEPTION: 33%
* Total number of goals: 3
* Number of covered goals: 1
* Coverage analysis for criterion CBRANCH
* Coverage of criterion CBRANCH: 2%
* Total number of goals: 118
* Number of covered goals: 2
* Generated 1 tests with total length 6
* Resulting test suite's coverage: 35% (average coverage for all fitness functions)
* Generating assertions
* Resulting test suite's mutation score: 0%
* Compiling and checking tests
* Permissions denied during test execution: 
  - java.lang.RuntimePermission: 
         writeFileDescriptor: 3
* Writing tests to file
* Writing JUnit test case 'InlineObjectLiterals_ESTest' to evosuite-tests
* Done!

* Computation finished

