CMD: /usr/lib/jvm/java-8-openjdk-amd64/bin/java -Dtools_jar_location=/usr/lib/jvm/java-8-openjdk-amd64/lib/tools.jar -jar /home/user/evosuite/evosuite-1.2.0.jar -generateSuite -class com.fasterxml.jackson.core.json.ReaderBasedJsonParser -projectCP /home/user/evosuite/Test/JacksonCore-12b/target/classes -base_dir /home/user/evosuite/results/project-JacksonCore/JacksonCore-12/round02/evosuite-work -seed 11 -Dalgorithm=NSGAII -Dsearch_budget=150 -Dtest_format=JUNIT4 -Dassertions=true

* EvoSuite 1.2.0
* Going to generate test cases for class: com.fasterxml.jackson.core.json.ReaderBasedJsonParser
* Starting Client-0
* Connecting to master process on port 8222
* Analyzing classpath: 
  - /home/user/evosuite/Test/JacksonCore-12b/target/classes
* Finished analyzing classpath
* Generating tests for class com.fasterxml.jackson.core.json.ReaderBasedJsonParser
* Test criteria:
  - Line Coverage
  - Branch Coverage
  - Exception
  - Mutation testing (weak)
  - Method-Output Coverage
  - Top-Level Method Coverage
  - No-Exception Top-Level Method Coverage
  - Context Branch Coverage
* Setting up search algorithm for whole suite generation
* Total number of test goals: 
  - Line 1372
  - Branch 1218
  - Exception 0
  - MutationFactory 856
  - Output 186
  - Method 47
  - MethodNoException 47
  - CBranchFitnessFactory 1218

[Progress:>                             0%] [Cov:>                                  0%]* Using seed 11
* Starting evolution

[Progress:>                             0%] [Cov:>                                  0%]
[Progress:>                             0%] [Cov:>                                  1%]
[Progress:>                             0%] [Cov:====>                              14%]
[Progress:>                             0%] [Cov:=====>                             15%]
[Progress:>                             0%] [Cov:=====>                             17%]
[Progress:>                             1%] [Cov:>                                  0%]
[Progress:>                             1%] [Cov:====>                              12%]
[Progress:>                             1%] [Cov:====>                              13%]
[Progress:>                             1%] [Cov:====>                              14%]
[Progress:>                             1%] [Cov:=====>                             15%]
[Progress:>                             2%] [Cov:====>                              13%]
[Progress:>                             2%] [Cov:=====>                             16%]
[Progress:>                             2%] [Cov:=====>                             17%]
[Progress:>                             3%] [Cov:====>                              13%]
[Progress:>                             3%] [Cov:=====>                             15%]
[Progress:>                             3%] [Cov:=====>                             16%]
[Progress:>                             3%] [Cov:=====>                             16%]
[Progress:>                             3%] [Cov:=====>                             17%]
[Progress:=>                            4%] [Cov:====>                              13%]
[Progress:=>                            4%] [Cov:=====>                             15%]
[Progress:=>                            4%] [Cov:=====>                             16%]
[Progress:=>                            4%] [Cov:=====>                             17%][MASTER] 17:02:16.848 [logback-1] WARN  TestChromosome - Functional mock problem: org.evosuite.ga.ConstructionFailedException: Failed to add constructor for com.fasterxml.jackson.core.io.IOContext due to org.evosuite.ga.ConstructionFailedException: Failed to add constructor for com.fasterxml.jackson.core.json.ReaderBasedJsonParser due to org.evosuite.ga.ConstructionFailedException: Have no generator for class com.fasterxml.jackson.core.io.IOContext canUseFunctionalMocks=false, canBeMocked: true

[Progress:=>                            4%] [Cov:=====>                             15%]
[Progress:=>                            4%] [Cov:=====>                             17%]
[Progress:=>                            5%] [Cov:=====>                             16%][MASTER] 17:02:18.089 [logback-1] WARN  TestChromosome - Functional mock problem: org.evosuite.ga.ConstructionFailedException: Failed to add constructor for com.fasterxml.jackson.core.json.ReaderBasedJsonParser due to org.evosuite.ga.ConstructionFailedException: Have no generator for class com.fasterxml.jackson.core.sym.CharsToNameCanonicalizer canUseFunctionalMocks=false, canBeMocked: true

[Progress:=>                            5%] [Cov:=====>                             17%][MASTER] 17:02:18.220 [logback-1] WARN  TestChromosome - Functional mock problem: org.evosuite.ga.ConstructionFailedException: Have no generator for class com.fasterxml.jackson.core.json.ReaderBasedJsonParser canUseFunctionalMocks=false, canBeMocked: false
[MASTER] 17:02:18.890 [logback-1] WARN  TestChromosome - Functional mock problem: org.evosuite.ga.ConstructionFailedException: Have no generator for class com.fasterxml.jackson.core.io.IOContext canUseFunctionalMocks=false, canBeMocked: true

[Progress:=>                            5%] [Cov:=====>                             16%]
[Progress:=>                            5%] [Cov:=====>                             17%]
[Progress:=>                            6%] [Cov:=====>                             15%]
[Progress:=>                            6%] [Cov:=====>                             16%]
[Progress:=>                            6%] [Cov:=====>                             17%]
[Progress:=>                            6%] [Cov:=====>                             17%]
[Progress:==>                           7%] [Cov:=====>                             15%]
[Progress:==>                           7%] [Cov:=====>                             17%]
[Progress:==>                           7%] [Cov:======>                            18%]
[Progress:==>                           8%] [Cov:=====>                             16%]
[Progress:==>                           8%] [Cov:=====>                             17%]
[Progress:==>                           8%] [Cov:=====>                             17%]
[Progress:==>                           8%] [Cov:======>                            18%]
[Progress:==>                           9%] [Cov:=====>                             17%]
[Progress:==>                           9%] [Cov:======>                            18%]
[Progress:==>                           9%] [Cov:=====>                             17%]
[Progress:===>                          10%] [Cov:=====>                             17%]
[Progress:===>                          10%] [Cov:======>                            18%]
[Progress:===>                          10%] [Cov:======>                            19%]
[Progress:===>                          10%] [Cov:======>                            18%]
[Progress:===>                          11%] [Cov:======>                            18%]
[Progress:===>                          11%] [Cov:======>                            19%]
[Progress:===>                          12%] [Cov:======>                            19%][MASTER] 17:02:28.242 [logback-1] WARN  TestChromosome - Functional mock problem: org.evosuite.ga.ConstructionFailedException: Failed to add constructor for com.fasterxml.jackson.core.json.ReaderBasedJsonParser due to org.evosuite.ga.ConstructionFailedException: Have no generator for class com.fasterxml.jackson.core.io.IOContext canUseFunctionalMocks=false, canBeMocked: true

[Progress:===>                          12%] [Cov:======>                            18%]
[Progress:===>                          12%] [Cov:======>                            19%]
[Progress:===>                          13%] [Cov:======>                            18%]
[Progress:===>                          13%] [Cov:======>                            19%]
[Progress:===>                          13%] [Cov:======>                            18%]
[Progress:====>                         14%] [Cov:======>                            18%]
[Progress:====>                         14%] [Cov:======>                            19%]
[Progress:====>                         14%] [Cov:=======>                           20%]
[Progress:====>                         14%] [Cov:=======>                           21%]
[Progress:====>                         15%] [Cov:======>                            18%]
[Progress:====>                         15%] [Cov:======>                            19%]
[Progress:====>                         15%] [Cov:=======>                           20%]
[Progress:====>                         15%] [Cov:=======>                           20%]
[Progress:====>                         16%] [Cov:======>                            18%]
[Progress:====>                         16%] [Cov:======>                            19%]
[Progress:====>                         16%] [Cov:=======>                           20%]
[Progress:====>                         16%] [Cov:=======>                           21%]
[Progress:====>                         16%] [Cov:=======>                           21%]
[Progress:=====>                        17%] [Cov:=======>                           20%]
[Progress:=====>                        18%] [Cov:======>                            19%]
[Progress:=====>                        18%] [Cov:=======>                           20%]
[Progress:=====>                        18%] [Cov:=======>                           21%]
[Progress:=====>                        18%] [Cov:=======>                           20%]
[Progress:=====>                        19%] [Cov:======>                            18%]
[Progress:=====>                        19%] [Cov:=======>                           21%]
[Progress:======>                       20%] [Cov:======>                            19%]
[Progress:======>                       20%] [Cov:=======>                           20%]
[Progress:======>                       20%] [Cov:=======>                           21%]
[Progress:======>                       20%] [Cov:=======>                           20%]
[Progress:======>                       20%] [Cov:=======>                           21%]
[Progress:======>                       20%] [Cov:=======>                           22%]
[Progress:======>                       21%] [Cov:=======>                           20%]
[Progress:======>                       21%] [Cov:=======>                           21%]
[Progress:======>                       22%] [Cov:======>                            18%]
[Progress:======>                       22%] [Cov:======>                            19%]
[Progress:======>                       22%] [Cov:=======>                           20%]
[Progress:======>                       22%] [Cov:=======>                           21%]
[Progress:======>                       22%] [Cov:=======>                           20%]
[Progress:======>                       22%] [Cov:=======>                           21%]
[Progress:======>                       22%] [Cov:=======>                           22%]
[Progress:======>                       23%] [Cov:======>                            19%]
[Progress:======>                       23%] [Cov:=======>                           21%]
[Progress:======>                       23%] [Cov:=======>                           22%]
[Progress:=======>                      24%] [Cov:=======>                           20%]
[Progress:=======>                      24%] [Cov:=======>                           21%]
[Progress:=======>                      24%] [Cov:=======>                           22%]
[Progress:=======>                      24%] [Cov:=======>                           21%]
[Progress:=======>                      24%] [Cov:=======>                           22%]
[Progress:=======>                      25%] [Cov:=======>                           20%]
[Progress:=======>                      25%] [Cov:=======>                           21%]
[Progress:=======>                      25%] [Cov:=======>                           22%]
[Progress:=======>                      26%] [Cov:=======>                           20%]
[Progress:=======>                      26%] [Cov:=======>                           22%]
[Progress:=======>                      26%] [Cov:=======>                           22%]
[Progress:========>                     27%] [Cov:=======>                           20%]
[Progress:========>                     27%] [Cov:=======>                           21%]
[Progress:========>                     27%] [Cov:=======>                           22%]
[Progress:========>                     28%] [Cov:=======>                           21%]
[Progress:========>                     28%] [Cov:=======>                           22%]
[Progress:========>                     29%] [Cov:======>                            19%]
[Progress:========>                     29%] [Cov:=======>                           21%]
[Progress:========>                     29%] [Cov:=======>                           22%]
[Progress:========>                     29%] [Cov:=======>                           22%][MASTER] 17:02:54.722 [logback-1] WARN  TestChromosome - Functional mock problem: org.evosuite.ga.ConstructionFailedException: Failed to add constructor for com.fasterxml.jackson.core.io.IOContext due to org.evosuite.ga.ConstructionFailedException: Failed to add constructor for com.fasterxml.jackson.core.json.ReaderBasedJsonParser due to org.evosuite.ga.ConstructionFailedException: Have no generator for class com.fasterxml.jackson.core.sym.CharsToNameCanonicalizer canUseFunctionalMocks=false, canBeMocked: true

[Progress:=========>                    30%] [Cov:=======>                           21%]
[Progress:=========>                    30%] [Cov:=======>                           22%]
[Progress:=========>                    30%] [Cov:========>                          23%]
[Progress:=========>                    31%] [Cov:=======>                           22%]
[Progress:=========>                    31%] [Cov:=======>                           22%]
[Progress:=========>                    32%] [Cov:=======>                           22%]
[Progress:=========>                    32%] [Cov:========>                          23%]
[Progress:=========>                    33%] [Cov:=======>                           21%]
[Progress:=========>                    33%] [Cov:=======>                           22%]
[Progress:=========>                    33%] [Cov:========>                          23%]
[Progress:==========>                   34%] [Cov:========>                          23%]
[Progress:==========>                   34%] [Cov:=======>                           22%]
[Progress:==========>                   34%] [Cov:========>                          23%]
[Progress:==========>                   34%] [Cov:========>                          24%]
[Progress:==========>                   35%] [Cov:=======>                           22%]
[Progress:==========>                   35%] [Cov:========>                          23%]
[Progress:==========>                   36%] [Cov:========>                          23%]
[Progress:==========>                   36%] [Cov:=======>                           22%]
[Progress:==========>                   36%] [Cov:========>                          23%]
[Progress:===========>                  37%] [Cov:========>                          23%]
[Progress:===========>                  38%] [Cov:========>                          23%]
[Progress:===========>                  38%] [Cov:========>                          24%]
[Progress:===========>                  39%] [Cov:=======>                           21%]
[Progress:===========>                  39%] [Cov:========>                          23%]
[Progress:============>                 40%] [Cov:=======>                           22%]
[Progress:============>                 40%] [Cov:========>                          23%]
[Progress:============>                 40%] [Cov:=======>                           22%]
[Progress:============>                 40%] [Cov:========>                          23%]
[Progress:============>                 41%] [Cov:========>                          23%]
[Progress:============>                 41%] [Cov:========>                          24%]
[Progress:============>                 42%] [Cov:========>                          23%]
[Progress:============>                 42%] [Cov:========>                          24%]
[Progress:============>                 43%] [Cov:=======>                           22%]
[Progress:============>                 43%] [Cov:========>                          23%]
[Progress:============>                 43%] [Cov:========>                          24%]
[Progress:============>                 43%] [Cov:========>                          24%]
[Progress:=============>                44%] [Cov:========>                          23%]
[Progress:=============>                44%] [Cov:========>                          24%]
[Progress:=============>                44%] [Cov:========>                          25%]
[Progress:=============>                45%] [Cov:========>                          23%]
[Progress:=============>                45%] [Cov:========>                          24%]
[Progress:=============>                46%] [Cov:========>                          23%]
[Progress:=============>                46%] [Cov:========>                          24%]
[Progress:=============>                46%] [Cov:========>                          25%]
[Progress:==============>               47%] [Cov:========>                          24%]
[Progress:==============>               47%] [Cov:========>                          25%]
[Progress:==============>               48%] [Cov:========>                          23%]
[Progress:==============>               48%] [Cov:========>                          24%]
[Progress:==============>               48%] [Cov:========>                          25%]
[Progress:==============>               49%] [Cov:========>                          24%]
[Progress:==============>               49%] [Cov:========>                          23%]
[Progress:===============>              50%] [Cov:========>                          23%]
[Progress:===============>              50%] [Cov:========>                          24%]
[Progress:===============>              50%] [Cov:========>                          25%]
[Progress:===============>              51%] [Cov:========>                          24%]
[Progress:===============>              51%] [Cov:========>                          25%]
[Progress:===============>              51%] [Cov:=========>                         26%]
[Progress:===============>              52%] [Cov:========>                          24%]
[Progress:===============>              52%] [Cov:========>                          25%]
[Progress:===============>              52%] [Cov:========>                          23%]
[Progress:===============>              52%] [Cov:========>                          24%]
[Progress:===============>              53%] [Cov:=======>                           22%]
[Progress:===============>              53%] [Cov:========>                          24%]
[Progress:================>             54%] [Cov:========>                          25%]
[Progress:================>             55%] [Cov:========>                          23%]
[Progress:================>             55%] [Cov:========>                          24%]
[Progress:================>             55%] [Cov:=========>                         26%]
[Progress:================>             56%] [Cov:=======>                           22%]
[Progress:================>             56%] [Cov:========>                          24%]
[Progress:================>             56%] [Cov:========>                          25%]
[Progress:================>             56%] [Cov:========>                          23%]
[Progress:================>             56%] [Cov:========>                          24%]
[Progress:================>             56%] [Cov:========>                          25%]
[Progress:=================>            57%] [Cov:========>                          24%]
[Progress:=================>            58%] [Cov:========>                          24%]
[Progress:=================>            58%] [Cov:=========>                         26%]
[Progress:=================>            59%] [Cov:========>                          25%]
[Progress:==================>           60%] [Cov:=======>                           22%]
[Progress:==================>           60%] [Cov:========>                          24%]
[Progress:==================>           60%] [Cov:========>                          23%]
[Progress:==================>           60%] [Cov:========>                          24%]
[Progress:==================>           61%] [Cov:========>                          23%]
[Progress:==================>           61%] [Cov:========>                          24%]
[Progress:==================>           62%] [Cov:========>                          24%]
[Progress:==================>           62%] [Cov:========>                          25%]
[Progress:==================>           62%] [Cov:=========>                         26%]
[Progress:==================>           63%] [Cov:========>                          23%]
[Progress:==================>           63%] [Cov:========>                          25%]
[Progress:==================>           63%] [Cov:========>                          24%]
[Progress:==================>           63%] [Cov:========>                          25%]
[Progress:==================>           63%] [Cov:=========>                         26%]
[Progress:===================>          64%] [Cov:========>                          24%]
[Progress:===================>          64%] [Cov:========>                          25%]
[Progress:===================>          64%] [Cov:=========>                         26%]
[Progress:===================>          65%] [Cov:=======>                           22%]
[Progress:===================>          65%] [Cov:========>                          24%]
[Progress:===================>          65%] [Cov:========>                          25%]
[Progress:===================>          65%] [Cov:=========>                         26%]
[Progress:===================>          66%] [Cov:=========>                         26%]
[Progress:===================>          66%] [Cov:========>                          24%]
[Progress:====================>         67%] [Cov:========>                          25%]
[Progress:====================>         67%] [Cov:=========>                         26%]
[Progress:====================>         68%] [Cov:========>                          23%]
[Progress:====================>         68%] [Cov:========>                          25%]
[Progress:====================>         68%] [Cov:=========>                         26%]
[Progress:====================>         69%] [Cov:========>                          24%]
[Progress:====================>         69%] [Cov:========>                          25%]
[Progress:=====================>        70%] [Cov:========>                          24%]
[Progress:=====================>        70%] [Cov:========>                          25%]
[Progress:=====================>        70%] [Cov:=========>                         26%]
[Progress:=====================>        70%] [Cov:========>                          24%]
[Progress:=====================>        70%] [Cov:=========>                         26%]
[Progress:=====================>        71%] [Cov:========>                          24%]
[Progress:=====================>        71%] [Cov:=========>                         26%]
[Progress:=====================>        72%] [Cov:========>                          23%]
[Progress:=====================>        72%] [Cov:========>                          25%]
[Progress:=====================>        72%] [Cov:=========>                         26%]
[Progress:=====================>        73%] [Cov:========>                          23%]
[Progress:=====================>        73%] [Cov:========>                          24%]
[Progress:=====================>        73%] [Cov:========>                          25%]
[Progress:=====================>        73%] [Cov:=========>                         26%]
[Progress:=====================>        73%] [Cov:========>                          24%]
[Progress:=====================>        73%] [Cov:========>                          25%]
[Progress:======================>       74%] [Cov:========>                          25%]
[Progress:======================>       75%] [Cov:========>                          23%]
[Progress:======================>       75%] [Cov:========>                          24%]
[Progress:======================>       75%] [Cov:========>                          25%]
[Progress:======================>       75%] [Cov:=========>                         26%]
[Progress:======================>       76%] [Cov:========>                          23%]
[Progress:======================>       76%] [Cov:========>                          24%]
[Progress:======================>       76%] [Cov:========>                          23%]
[Progress:======================>       76%] [Cov:=========>                         26%]
[Progress:=======================>      77%] [Cov:========>                          23%]
[Progress:=======================>      77%] [Cov:========>                          24%]
[Progress:=======================>      77%] [Cov:========>                          25%]
[Progress:=======================>      78%] [Cov:========>                          23%]
[Progress:=======================>      78%] [Cov:========>                          25%]
[Progress:=======================>      78%] [Cov:=========>                         26%]
[Progress:=======================>      79%] [Cov:========>                          23%]
[Progress:=======================>      79%] [Cov:========>                          24%]
[Progress:=======================>      79%] [Cov:========>                          23%]
[Progress:=======================>      79%] [Cov:========>                          24%]
[Progress:=======================>      79%] [Cov:=========>                         26%]
[Progress:========================>     80%] [Cov:========>                          25%]
[Progress:========================>     80%] [Cov:=========>                         26%]
[Progress:========================>     81%] [Cov:========>                          24%]
[Progress:========================>     81%] [Cov:========>                          25%]
[Progress:========================>     81%] [Cov:=========>                         26%]
[Progress:========================>     82%] [Cov:========>                          23%]
[Progress:========================>     82%] [Cov:========>                          24%]
[Progress:========================>     82%] [Cov:========>                          23%]
[Progress:========================>     82%] [Cov:========>                          24%]
[Progress:========================>     82%] [Cov:========>                          25%]
[Progress:========================>     83%] [Cov:========>                          23%]
[Progress:========================>     83%] [Cov:========>                          24%]
[Progress:========================>     83%] [Cov:========>                          25%]
[Progress:========================>     83%] [Cov:=========>                         26%]
[Progress:=========================>    84%] [Cov:========>                          23%]
[Progress:=========================>    84%] [Cov:========>                          24%]
[Progress:=========================>    84%] [Cov:========>                          25%]
[Progress:=========================>    84%] [Cov:=========>                         26%]
[Progress:=========================>    85%] [Cov:=========>                         26%]
[Progress:=========================>    85%] [Cov:========>                          24%]
[Progress:=========================>    85%] [Cov:========>                          25%]
[Progress:=========================>    86%] [Cov:========>                          24%]
[Progress:=========================>    86%] [Cov:=========>                         26%]
[Progress:==========================>   87%] [Cov:========>                          23%]
[Progress:==========================>   87%] [Cov:========>                          24%]
[Progress:==========================>   88%] [Cov:========>                          23%]
[Progress:==========================>   88%] [Cov:=========>                         26%]
[Progress:==========================>   88%] [Cov:========>                          24%]
[Progress:==========================>   88%] [Cov:========>                          25%]
[Progress:==========================>   88%] [Cov:=========>                         26%]
[Progress:==========================>   89%] [Cov:========>                          23%]
[Progress:==========================>   89%] [Cov:========>                          25%]
[Progress:===========================>  90%] [Cov:========>                          24%]
[Progress:===========================>  90%] [Cov:========>                          25%]
[Progress:===========================>  91%] [Cov:========>                          23%]
[Progress:===========================>  91%] [Cov:========>                          24%]
[Progress:===========================>  91%] [Cov:=========>                         26%]
[Progress:===========================>  92%] [Cov:========>                          24%]
[Progress:===========================>  92%] [Cov:========>                          24%]
[Progress:===========================>  92%] [Cov:========>                          25%]
[Progress:===========================>  92%] [Cov:=========>                         26%]
[Progress:===========================>  93%] [Cov:========>                          23%]
[Progress:===========================>  93%] [Cov:========>                          24%]
[Progress:===========================>  93%] [Cov:========>                          25%]
[Progress:============================> 94%] [Cov:========>                          24%]
[Progress:============================> 94%] [Cov:========>                          25%]
[Progress:============================> 94%] [Cov:=========>                         26%]
[Progress:============================> 94%] [Cov:========>                          25%]
[Progress:============================> 95%] [Cov:========>                          24%]
[Progress:============================> 95%] [Cov:=========>                         26%]
[Progress:============================> 96%] [Cov:========>                          24%]
[Progress:============================> 96%] [Cov:========>                          25%]
[Progress:============================> 96%] [Cov:=========>                         26%]
[Progress:=============================>97%] [Cov:========>                          24%]
[Progress:=============================>97%] [Cov:========>                          25%]
[Progress:=============================>97%] [Cov:========>                          25%]
[Progress:=============================>98%] [Cov:========>                          24%]
[Progress:=============================>98%] [Cov:========>                          25%]
[Progress:=============================>98%] [Cov:=========>                         26%]
[Progress:=============================>99%] [Cov:=========>                         26%]
[Progress:==============================100%] [Cov:========>                          25%]
[Progress:==============================100%] [Cov:=========>                         26%]
[Progress:==============================100%] [Cov:========>                          25%]
* Search finished after 152s and 40 generations, 32882 statements, best individual has fitness: 10219.54157401723
* Minimizing test suite
* Going to analyze the coverage criteria
* Coverage analysis for criterion LINE
* Coverage of criterion LINE: 19%
* Total number of goals: 1372
* Number of covered goals: 264
* Coverage analysis for criterion BRANCH
* Coverage of criterion BRANCH: 16%
* Total number of goals: 1218
* Number of covered goals: 199
* Coverage analysis for criterion EXCEPTION
* Coverage of criterion EXCEPTION: 19%
* Total number of goals: 70
* Number of covered goals: 13
* Coverage analysis for criterion WEAKMUTATION
* Coverage of criterion WEAKMUTATION: 14%
* Total number of goals: 856
* Number of covered goals: 119
* Coverage analysis for criterion OUTPUT
* Coverage of criterion OUTPUT: 5%
* Total number of goals: 186
* Number of covered goals: 9
* Coverage analysis for criterion METHOD
* Coverage of criterion METHOD: 40%
* Total number of goals: 47
* Number of covered goals: 19
* Coverage analysis for criterion METHODNOEXCEPTION
* Coverage of criterion METHODNOEXCEPTION: 17%
* Total number of goals: 47
* Number of covered goals: 8
* Coverage analysis for criterion CBRANCH
* Coverage of criterion CBRANCH: 16%
* Total number of goals: 1218
* Number of covered goals: 197
* Generated 21 tests with total length 152
* Resulting test suite's coverage: 26% (average coverage for all fitness functions)
* Generating assertions
* Resulting test suite's mutation score: 1%
* Compiling and checking tests
* Writing tests to file
* Writing JUnit test case 'ReaderBasedJsonParser_ESTest' to evosuite-tests
* Done!

* Computation finished

