CMD: /usr/lib/jvm/java-8-openjdk-amd64/bin/java -Dtools_jar_location=/usr/lib/jvm/java-8-openjdk-amd64/lib/tools.jar -jar /home/pizza/evosuite/evosuite-1.2.0.jar -generateSuite -class com.google.javascript.rhino.jstype.RecordType -projectCP /home/pizza/evosuite/Test/Closure-165b/build/classes:/home/pizza/evosuite/Test/Closure-165b/lib/args4j.jar:/home/pizza/evosuite/Test/Closure-165b/lib/guava.jar:/home/pizza/evosuite/Test/Closure-165b/lib/json.jar:/home/pizza/evosuite/Test/Closure-165b/lib/jsr305.jar:/home/pizza/evosuite/Test/Closure-165b/lib/protobuf-java.jar:/home/pizza/evosuite/Test/Closure-165b/build/lib/rhino.jar:/home/pizza/evosuite/Test/Closure-165b/lib/ant.jar -base_dir /home/pizza/evosuite/results/project-Closure/Closure-165/round02/evosuite-work -seed 11 -Dalgorithm=NSGAII -Dsearch_budget=150 -Dtest_format=JUNIT4 -Dassertions=true

* EvoSuite 1.2.0
* Going to generate test cases for class: com.google.javascript.rhino.jstype.RecordType
* Starting Client-0
* Connecting to master process on port 8220
* Analyzing classpath: 
  - /home/pizza/evosuite/Test/Closure-165b/build/classes
  - /home/pizza/evosuite/Test/Closure-165b/lib/args4j.jar
  - /home/pizza/evosuite/Test/Closure-165b/lib/guava.jar
  - /home/pizza/evosuite/Test/Closure-165b/lib/json.jar
  - /home/pizza/evosuite/Test/Closure-165b/lib/jsr305.jar
  - /home/pizza/evosuite/Test/Closure-165b/lib/protobuf-java.jar
  - /home/pizza/evosuite/Test/Closure-165b/build/lib/rhino.jar
  - /home/pizza/evosuite/Test/Closure-165b/lib/ant.jar
* Finished analyzing classpath
* Generating tests for class com.google.javascript.rhino.jstype.RecordType
* Test criteria:
  - Line Coverage
  - Branch Coverage
  - Exception
  - Mutation testing (weak)
  - Method-Output Coverage
  - Top-Level Method Coverage
  - No-Exception Top-Level Method Coverage
  - Context Branch Coverage
* Setting up search algorithm for whole suite generation
* Total number of test goals: 
  - Line 99
  - Branch 74
  - Exception 0
  - MutationFactory 147
  - Output 210
  - Method 9
  - MethodNoException 9
  - CBranchFitnessFactory 74

[Progress:>                             0%] [Cov:>                                  0%]* Using seed 11
* Starting evolution
[MASTER] 09:02:05.041 [logback-1] WARN  TestCluster - Failed to check cache for java.util.AbstractMap<K, V>.SimpleImmutableEntry<K, V> : Type points to itself

[Progress:>                             0%] [Cov:>                                  0%]
[Progress:>                             0%] [Cov:>                                  2%]
[Progress:>                             0%] [Cov:=>                                 3%]
[Progress:>                             0%] [Cov:=====>                             16%]
[Progress:>                             0%] [Cov:======>                            18%]
[Progress:>                             0%] [Cov:=======>                           21%]
[Progress:>                             0%] [Cov:========>                          25%]
[Progress:>                             0%] [Cov:=========>                         26%]
[Progress:>                             0%] [Cov:=========>                         28%]
[Progress:>                             0%] [Cov:==========>                        29%]
[Progress:>                             0%] [Cov:===========>                       34%]
[Progress:>                             0%] [Cov:============>                      35%]
[Progress:>                             1%] [Cov:=>                                 4%]
[Progress:>                             1%] [Cov:==>                                6%]
[Progress:>                             1%] [Cov:======>                            19%]
[Progress:>                             1%] [Cov:=======>                           20%]
[Progress:>                             1%] [Cov:=========>                         26%]
[Progress:>                             1%] [Cov:===========>                       32%]
[Progress:>                             1%] [Cov:===========>                       34%]
[Progress:>                             1%] [Cov:============>                      36%]
[Progress:>                             1%] [Cov:============>                      37%]
[Progress:>                             2%] [Cov:>                                  2%]
[Progress:>                             2%] [Cov:=>                                 3%]
[Progress:>                             2%] [Cov:====>                              14%]
[Progress:>                             2%] [Cov:=====>                             15%]
[Progress:>                             2%] [Cov:=====>                             17%]
[Progress:>                             2%] [Cov:======>                            19%]
[Progress:>                             2%] [Cov:=======>                           22%]
[Progress:>                             2%] [Cov:=========>                         28%]
[Progress:>                             2%] [Cov:=============>                     38%]
[Progress:>                             2%] [Cov:=============>                     39%]
[Progress:>                             2%] [Cov:============>                      37%]
[Progress:>                             2%] [Cov:=============>                     39%]
[Progress:>                             2%] [Cov:==============>                    40%]
[Progress:>                             2%] [Cov:==============>                    41%]
[Progress:>                             2%] [Cov:=============>                     39%]
[Progress:>                             2%] [Cov:==============>                    40%]
[Progress:>                             2%] [Cov:==============>                    41%]
[Progress:>                             2%] [Cov:==============>                    42%]
[Progress:>                             2%] [Cov:===============>                   43%]
[Progress:>                             2%] [Cov:===============>                   44%]
[Progress:>                             2%] [Cov:===============>                   45%]
[Progress:>                             2%] [Cov:===============>                   45%]
[Progress:>                             2%] [Cov:===============>                   45%][MASTER] 09:02:08.875 [logback-1] WARN  TestCluster - Failed to check cache for java.util.Comparator<T> : Type points to itself

[Progress:>                             2%] [Cov:================>                  47%]
[Progress:>                             2%] [Cov:================>                  48%]
[Progress:>                             2%] [Cov:================>                  48%]
[Progress:>                             2%] [Cov:=================>                 49%]
[Progress:>                             2%] [Cov:================>                  48%]
[Progress:>                             3%] [Cov:===============>                   43%]
[Progress:>                             3%] [Cov:================>                  47%]
[Progress:>                             3%] [Cov:=================>                 49%]
[Progress:>                             3%] [Cov:===============>                   43%]
[Progress:>                             3%] [Cov:================>                  48%]
[Progress:>                             3%] [Cov:=================>                 49%]
[Progress:>                             3%] [Cov:=================>                 50%]
[Progress:>                             3%] [Cov:=================>                 51%]
[Progress:>                             3%] [Cov:================>                  46%]
[Progress:>                             3%] [Cov:================>                  48%]
[Progress:>                             3%] [Cov:=================>                 50%]
[Progress:>                             3%] [Cov:=================>                 51%]
[Progress:>                             3%] [Cov:==================>                52%]
[Progress:>                             3%] [Cov:==================>                53%]
[Progress:>                             3%] [Cov:===================>               55%]
[Progress:=>                            4%] [Cov:================>                  46%]
[Progress:=>                            4%] [Cov:=================>                 49%]
[Progress:=>                            4%] [Cov:=================>                 50%]
[Progress:=>                            4%] [Cov:=================>                 51%]
[Progress:=>                            4%] [Cov:==================>                52%]
[Progress:=>                            4%] [Cov:==================>                53%]
[Progress:=>                            4%] [Cov:==================>                54%]
[Progress:=>                            4%] [Cov:==================>                53%]
[Progress:=>                            4%] [Cov:==================>                54%]
[Progress:=>                            4%] [Cov:==================>                53%]
[Progress:=>                            4%] [Cov:==================>                54%]
[Progress:=>                            4%] [Cov:===================>               57%]
[Progress:=>                            4%] [Cov:===================>               57%]
[Progress:=>                            4%] [Cov:====================>              58%]
[Progress:=>                            4%] [Cov:==================>                53%]
[Progress:=>                            4%] [Cov:==================>                54%]
[Progress:=>                            4%] [Cov:===================>               56%]
[Progress:=>                            4%] [Cov:===================>               57%]
[Progress:=>                            5%] [Cov:==================>                53%]
[Progress:=>                            5%] [Cov:===================>               56%]
[Progress:=>                            5%] [Cov:====================>              58%]
[Progress:=>                            5%] [Cov:===================>               57%]
[Progress:=>                            5%] [Cov:====================>              58%]
[Progress:=>                            5%] [Cov:===================>               57%]
[Progress:=>                            6%] [Cov:===================>               57%]
[Progress:=>                            6%] [Cov:==================>                52%]
[Progress:=>                            6%] [Cov:===================>               57%]
[Progress:=>                            6%] [Cov:====================>              58%]
[Progress:=>                            6%] [Cov:==================>                52%]
[Progress:=>                            6%] [Cov:====================>              58%]
[Progress:=>                            6%] [Cov:====================>              59%]
[Progress:=>                            6%] [Cov:===================>               56%]
[Progress:=>                            6%] [Cov:===================>               57%]
[Progress:=>                            6%] [Cov:====================>              58%]
[Progress:=>                            6%] [Cov:====================>              59%]
[Progress:=>                            6%] [Cov:===================>               56%]
[Progress:=>                            6%] [Cov:====================>              58%]
[Progress:=>                            6%] [Cov:====================>              59%]
[Progress:=>                            6%] [Cov:=====================>             61%]
[Progress:=>                            6%] [Cov:====================>              58%]
[Progress:=>                            6%] [Cov:====================>              59%]
[Progress:=>                            6%] [Cov:=====================>             60%]
[Progress:==>                           7%] [Cov:===================>               55%]
[Progress:==>                           7%] [Cov:===================>               56%]
[Progress:==>                           7%] [Cov:====================>              58%]
[Progress:==>                           7%] [Cov:====================>              59%]
[Progress:==>                           7%] [Cov:=====================>             60%]
[Progress:==>                           7%] [Cov:=====================>             61%]
[Progress:==>                           7%] [Cov:=====================>             62%]
[Progress:==>                           7%] [Cov:=====================>             62%]
[Progress:==>                           7%] [Cov:=====================>             62%]
[Progress:==>                           8%] [Cov:====================>              58%]
[Progress:==>                           8%] [Cov:====================>              59%]
[Progress:==>                           8%] [Cov:=====================>             60%]
[Progress:==>                           8%] [Cov:=====================>             62%]
[Progress:==>                           8%] [Cov:=====================>             62%]
[Progress:==>                           8%] [Cov:=====================>             62%]
[Progress:==>                           8%] [Cov:=====================>             62%]
[Progress:==>                           8%] [Cov:====================>              58%]
[Progress:==>                           8%] [Cov:=====================>             61%]
[Progress:==>                           8%] [Cov:=====================>             62%]
[Progress:==>                           8%] [Cov:======================>            63%]
[Progress:==>                           8%] [Cov:======================>            63%]
[Progress:==>                           9%] [Cov:====================>              59%]
[Progress:==>                           9%] [Cov:=====================>             62%]
[Progress:==>                           9%] [Cov:======================>            63%]
[Progress:==>                           9%] [Cov:=====================>             62%]
[Progress:==>                           9%] [Cov:======================>            63%]
[Progress:==>                           9%] [Cov:======================>            63%]
[Progress:===>                          10%] [Cov:=====================>             62%]
[Progress:===>                          10%] [Cov:======================>            63%]
[Progress:===>                          10%] [Cov:======================>            63%]
[Progress:===>                          10%] [Cov:======================>            63%]
[Progress:===>                          10%] [Cov:======================>            64%]
[Progress:===>                          10%] [Cov:======================>            64%]
[Progress:===>                          10%] [Cov:======================>            64%]
[Progress:===>                          11%] [Cov:======================>            63%]
[Progress:===>                          11%] [Cov:======================>            64%]
[Progress:===>                          11%] [Cov:======================>            64%]
[Progress:===>                          11%] [Cov:======================>            64%]
[Progress:===>                          12%] [Cov:======================>            63%]
[Progress:===>                          12%] [Cov:======================>            64%]
[Progress:===>                          12%] [Cov:======================>            63%]
[Progress:===>                          12%] [Cov:======================>            64%]
[Progress:===>                          12%] [Cov:======================>            63%]
[Progress:===>                          12%] [Cov:======================>            64%]
[Progress:===>                          12%] [Cov:======================>            64%]
[Progress:===>                          13%] [Cov:======================>            63%]
[Progress:===>                          13%] [Cov:======================>            64%]
[Progress:===>                          13%] [Cov:======================>            64%]
[Progress:===>                          13%] [Cov:======================>            64%]
[Progress:====>                         14%] [Cov:======================>            64%]
[Progress:====>                         14%] [Cov:======================>            64%]
[Progress:====>                         14%] [Cov:======================>            64%]
[Progress:====>                         14%] [Cov:======================>            64%]
[Progress:====>                         14%] [Cov:======================>            64%]
[Progress:====>                         15%] [Cov:======================>            64%]
[Progress:====>                         15%] [Cov:====================>              59%]
[Progress:====>                         15%] [Cov:======================>            64%]
[Progress:====>                         15%] [Cov:======================>            65%]
[Progress:====>                         15%] [Cov:======================>            65%]
[Progress:====>                         16%] [Cov:======================>            64%]
[Progress:====>                         16%] [Cov:======================>            65%]
[Progress:====>                         16%] [Cov:=======================>           67%]
[Progress:====>                         16%] [Cov:=======================>           67%]
[Progress:====>                         16%] [Cov:=======================>           67%]
[Progress:====>                         16%] [Cov:=======================>           67%]
[Progress:====>                         16%] [Cov:=======================>           68%]
[Progress:====>                         16%] [Cov:=======================>           68%]
[Progress:=====>                        17%] [Cov:=======================>           67%]
[Progress:=====>                        17%] [Cov:=======================>           68%]
[Progress:=====>                        17%] [Cov:========================>          69%]
[Progress:=====>                        17%] [Cov:=========================>         72%]
[Progress:=====>                        17%] [Cov:=======================>           68%]
[Progress:=====>                        17%] [Cov:=========================>         72%]
[Progress:=====>                        18%] [Cov:=======================>           67%]
[Progress:=====>                        18%] [Cov:=======================>           68%]
[Progress:=====>                        18%] [Cov:=======================>           68%]
[Progress:=====>                        18%] [Cov:=========================>         72%]
[Progress:=====>                        18%] [Cov:=========================>         73%]
[Progress:=====>                        18%] [Cov:=========================>         74%]
[Progress:=====>                        18%] [Cov:==========================>        75%]
[Progress:=====>                        18%] [Cov:==========================>        75%]
[Progress:=====>                        18%] [Cov:==========================>        75%]
[Progress:=====>                        18%] [Cov:==========================>        75%]
[Progress:=====>                        19%] [Cov:=========================>         73%]
[Progress:=====>                        19%] [Cov:=========================>         74%]
[Progress:=====>                        19%] [Cov:==========================>        76%]
[Progress:=====>                        19%] [Cov:==========================>        76%]
[Progress:======>                       20%] [Cov:==========================>        75%]
[Progress:======>                       20%] [Cov:==========================>        76%]
[Progress:======>                       20%] [Cov:==========================>        76%]
[Progress:======>                       20%] [Cov:==========================>        76%]
[Progress:======>                       20%] [Cov:==========================>        76%]
[Progress:======>                       21%] [Cov:==========================>        76%]
[Progress:======>                       21%] [Cov:==========================>        76%]
[Progress:======>                       21%] [Cov:==========================>        77%]
[Progress:======>                       22%] [Cov:==========================>        76%]
[Progress:======>                       22%] [Cov:==========================>        77%]
[Progress:======>                       22%] [Cov:==========================>        77%]
[Progress:======>                       22%] [Cov:==========================>        77%]
[Progress:======>                       23%] [Cov:==========================>        76%]
[Progress:======>                       23%] [Cov:==========================>        77%]
[Progress:======>                       23%] [Cov:==========================>        77%]
[Progress:=======>                      24%] [Cov:==========================>        75%]
[Progress:=======>                      24%] [Cov:==========================>        76%]
[Progress:=======>                      24%] [Cov:==========================>        77%]
[Progress:=======>                      24%] [Cov:==========================>        77%]
[Progress:=======>                      24%] [Cov:==========================>        77%]
[Progress:=======>                      24%] [Cov:==========================>        77%]
[Progress:=======>                      25%] [Cov:==========================>        77%]
[Progress:=======>                      25%] [Cov:==========================>        77%]
[Progress:=======>                      25%] [Cov:==========================>        76%]
[Progress:=======>                      25%] [Cov:==========================>        77%]
[Progress:=======>                      26%] [Cov:==========================>        77%]
[Progress:=======>                      26%] [Cov:==========================>        76%]
[Progress:=======>                      26%] [Cov:==========================>        77%]
[Progress:=======>                      26%] [Cov:==========================>        76%]
[Progress:=======>                      26%] [Cov:==========================>        77%]
[Progress:=======>                      26%] [Cov:==========================>        77%]
[Progress:========>                     27%] [Cov:==========================>        77%]
[Progress:========>                     27%] [Cov:==========================>        77%]
[Progress:========>                     28%] [Cov:==========================>        76%]
[Progress:========>                     28%] [Cov:==========================>        77%]
[Progress:========>                     28%] [Cov:==========================>        77%]
[Progress:========>                     28%] [Cov:==========================>        77%]
[Progress:========>                     28%] [Cov:==========================>        77%]
[Progress:========>                     29%] [Cov:==========================>        77%]
[Progress:========>                     29%] [Cov:==========================>        77%]
[Progress:=========>                    30%] [Cov:==========================>        77%]
[Progress:=========>                    30%] [Cov:==========================>        77%]
[Progress:=========>                    30%] [Cov:==========================>        77%]
[Progress:=========>                    30%] [Cov:==========================>        77%]
[Progress:=========>                    31%] [Cov:==========================>        77%]
[Progress:=========>                    31%] [Cov:==========================>        77%]
[Progress:=========>                    31%] [Cov:==========================>        77%]
[Progress:=========>                    32%] [Cov:==========================>        77%]
[Progress:=========>                    32%] [Cov:==========================>        77%]
[Progress:=========>                    32%] [Cov:==========================>        77%]
[Progress:=========>                    32%] [Cov:==========================>        77%]
[Progress:=========>                    33%] [Cov:==========================>        77%]
[Progress:=========>                    33%] [Cov:==========================>        77%]
[Progress:==========>                   34%] [Cov:==========================>        77%]
[Progress:==========>                   34%] [Cov:==========================>        77%]
[Progress:==========>                   34%] [Cov:==========================>        77%]
[Progress:==========>                   34%] [Cov:==========================>        77%]
[Progress:==========>                   35%] [Cov:==========================>        77%]
[Progress:==========>                   35%] [Cov:==========================>        77%]
[Progress:==========>                   35%] [Cov:==========================>        77%]
[Progress:==========>                   36%] [Cov:==========================>        77%]
[Progress:==========>                   36%] [Cov:==========================>        77%]
[Progress:==========>                   36%] [Cov:==========================>        77%]
[Progress:==========>                   36%] [Cov:==========================>        77%]
[Progress:===========>                  37%] [Cov:==========================>        77%]
[Progress:===========>                  37%] [Cov:==========================>        77%]
[Progress:===========>                  37%] [Cov:==========================>        77%]
[Progress:===========>                  38%] [Cov:==========================>        77%]
[Progress:===========>                  38%] [Cov:==========================>        77%]
[Progress:===========>                  38%] [Cov:==========================>        77%]
[Progress:===========>                  38%] [Cov:==========================>        77%]
[Progress:===========>                  39%] [Cov:==========================>        77%]
[Progress:===========>                  39%] [Cov:==========================>        77%]
[Progress:============>                 40%] [Cov:=====================>             62%]
[Progress:============>                 40%] [Cov:========================>          71%]
[Progress:============>                 40%] [Cov:==========================>        75%]
[Progress:============>                 40%] [Cov:==========================>        77%]
[Progress:============>                 40%] [Cov:==========================>        77%]
[Progress:============>                 40%] [Cov:==========================>        77%]
[Progress:============>                 40%] [Cov:==========================>        77%]
[Progress:============>                 41%] [Cov:==========================>        77%]
[Progress:============>                 41%] [Cov:==========================>        77%]
[Progress:============>                 41%] [Cov:===========================>       78%]
[Progress:============>                 41%] [Cov:===========================>       78%]
[Progress:============>                 42%] [Cov:==========================>        77%]
[Progress:============>                 42%] [Cov:===========================>       78%]
[Progress:============>                 42%] [Cov:===========================>       78%]
[Progress:============>                 42%] [Cov:===========================>       78%]
[Progress:============>                 42%] [Cov:===========================>       78%]
[Progress:============>                 43%] [Cov:=========================>         74%]
[Progress:============>                 43%] [Cov:===========================>       78%]
[Progress:============>                 43%] [Cov:===========================>       78%]
[Progress:=============>                44%] [Cov:==========================>        77%]
[Progress:=============>                44%] [Cov:===========================>       78%]
[Progress:=============>                44%] [Cov:===========================>       78%]
[Progress:=============>                44%] [Cov:===========================>       78%]
[Progress:=============>                44%] [Cov:===========================>       78%]
[Progress:=============>                44%] [Cov:===========================>       78%]
[Progress:=============>                45%] [Cov:=========================>         72%]
[Progress:=============>                45%] [Cov:===========================>       78%]
[Progress:=============>                45%] [Cov:===========================>       78%]
[Progress:=============>                46%] [Cov:===========================>       78%]
[Progress:=============>                46%] [Cov:===========================>       78%]
[Progress:=============>                46%] [Cov:==========================>        77%]
[Progress:=============>                46%] [Cov:===========================>       78%]
[Progress:=============>                46%] [Cov:==========================>        77%]
[Progress:=============>                46%] [Cov:===========================>       78%]
[Progress:==============>               47%] [Cov:===========================>       78%]
[Progress:==============>               47%] [Cov:==========================>        77%]
[Progress:==============>               47%] [Cov:===========================>       78%]
[Progress:==============>               48%] [Cov:===========================>       78%]
[Progress:==============>               48%] [Cov:==========================>        77%]
[Progress:==============>               48%] [Cov:===========================>       78%]
[Progress:==============>               48%] [Cov:==========================>        77%]
[Progress:==============>               48%] [Cov:===========================>       78%]
[Progress:==============>               48%] [Cov:==========================>        77%]
[Progress:==============>               48%] [Cov:===========================>       78%]
[Progress:==============>               48%] [Cov:==========================>        77%]
[Progress:==============>               49%] [Cov:=========================>         74%]
[Progress:==============>               49%] [Cov:==========================>        76%]
[Progress:==============>               49%] [Cov:===========================>       78%]
[Progress:==============>               49%] [Cov:===========================>       78%]
[Progress:===============>              50%] [Cov:===========================>       78%]
[Progress:===============>              50%] [Cov:===========================>       78%]
[Progress:===============>              50%] [Cov:===========================>       78%]
[Progress:===============>              50%] [Cov:==========================>        77%]
[Progress:===============>              50%] [Cov:===========================>       78%]
[Progress:===============>              51%] [Cov:===========================>       78%]
[Progress:===============>              51%] [Cov:==========================>        77%]
[Progress:===============>              51%] [Cov:===========================>       78%]
[Progress:===============>              51%] [Cov:===========================>       79%]
[Progress:===============>              51%] [Cov:===========================>       79%]
[Progress:===============>              52%] [Cov:===========================>       78%]
[Progress:===============>              52%] [Cov:===========================>       79%]
[Progress:===============>              52%] [Cov:===========================>       79%]
[Progress:===============>              52%] [Cov:===========================>       79%]
[Progress:===============>              52%] [Cov:===========================>       79%]
[Progress:===============>              53%] [Cov:=========================>         73%]
[Progress:===============>              53%] [Cov:===========================>       78%]
[Progress:===============>              53%] [Cov:===========================>       79%]
[Progress:===============>              53%] [Cov:===========================>       79%]
[Progress:================>             54%] [Cov:===========================>       79%]
[Progress:================>             54%] [Cov:===========================>       79%]
[Progress:================>             54%] [Cov:===========================>       79%]
[Progress:================>             54%] [Cov:===========================>       79%]
[Progress:================>             55%] [Cov:===========================>       79%]
[Progress:================>             55%] [Cov:===========================>       79%]
[Progress:================>             55%] [Cov:===========================>       79%]
[Progress:================>             56%] [Cov:===========================>       79%]
[Progress:================>             56%] [Cov:===========================>       79%]
[Progress:================>             56%] [Cov:===========================>       79%]
[Progress:================>             56%] [Cov:===========================>       79%]
[Progress:=================>            57%] [Cov:===========================>       79%]
[Progress:=================>            57%] [Cov:===========================>       79%]
[Progress:=================>            58%] [Cov:===========================>       79%]
[Progress:=================>            58%] [Cov:===========================>       79%]
[Progress:=================>            58%] [Cov:===========================>       79%]
[Progress:=================>            58%] [Cov:===========================>       79%]
[Progress:=================>            59%] [Cov:==========================>        75%]
[Progress:=================>            59%] [Cov:===========================>       79%]
[Progress:=================>            59%] [Cov:===========================>       79%]
[Progress:==================>           60%] [Cov:===========================>       79%]
[Progress:==================>           60%] [Cov:===========================>       79%]
[Progress:==================>           60%] [Cov:===========================>       79%]
[Progress:==================>           60%] [Cov:===========================>       79%]
[Progress:==================>           61%] [Cov:===========================>       79%]
[Progress:==================>           61%] [Cov:===========================>       79%]
[Progress:==================>           62%] [Cov:===========================>       79%]
[Progress:==================>           62%] [Cov:===========================>       79%]
[Progress:==================>           62%] [Cov:===========================>       79%]
[Progress:==================>           62%] [Cov:===========================>       79%]
[Progress:==================>           63%] [Cov:===========================>       79%]
[Progress:==================>           63%] [Cov:===========================>       79%]
[Progress:===================>          64%] [Cov:===========================>       79%]
[Progress:===================>          64%] [Cov:===========================>       79%]
[Progress:===================>          64%] [Cov:===========================>       79%]
[Progress:===================>          64%] [Cov:===========================>       79%]
[Progress:===================>          65%] [Cov:===========================>       79%]
[Progress:===================>          65%] [Cov:===========================>       79%]
[Progress:===================>          65%] [Cov:===========================>       79%]
[Progress:===================>          66%] [Cov:===========================>       79%]
[Progress:===================>          66%] [Cov:===========================>       79%]
[Progress:===================>          66%] [Cov:===========================>       79%]
[Progress:===================>          66%] [Cov:============================>      80%]
[Progress:===================>          66%] [Cov:============================>      80%]
[Progress:====================>         67%] [Cov:===========================>       79%]
[Progress:====================>         67%] [Cov:============================>      80%]
[Progress:====================>         67%] [Cov:============================>      80%]
[Progress:====================>         68%] [Cov:===========================>       79%]
[Progress:====================>         68%] [Cov:============================>      80%]
[Progress:====================>         68%] [Cov:============================>      80%]
[Progress:====================>         68%] [Cov:============================>      80%]
[Progress:====================>         68%] [Cov:===========================>       79%]
[Progress:====================>         68%] [Cov:============================>      80%]
[Progress:====================>         69%] [Cov:===========================>       79%]
[Progress:====================>         69%] [Cov:============================>      80%]
[Progress:====================>         69%] [Cov:===========================>       79%]
[Progress:====================>         69%] [Cov:============================>      80%]
[Progress:=====================>        70%] [Cov:============================>      80%]
[Progress:=====================>        70%] [Cov:===========================>       79%]
[Progress:=====================>        70%] [Cov:============================>      80%]
[Progress:=====================>        70%] [Cov:===========================>       79%]
[Progress:=====================>        70%] [Cov:============================>      80%]
[Progress:=====================>        70%] [Cov:===========================>       79%]
[Progress:=====================>        70%] [Cov:============================>      80%]
[Progress:=====================>        71%] [Cov:============================>      80%]
[Progress:=====================>        71%] [Cov:===========================>       79%]
[Progress:=====================>        71%] [Cov:============================>      80%]
[Progress:=====================>        72%] [Cov:============================>      80%]
[Progress:=====================>        72%] [Cov:===========================>       79%]
[Progress:=====================>        72%] [Cov:============================>      80%]
[Progress:=====================>        72%] [Cov:===========================>       79%]
[Progress:=====================>        72%] [Cov:============================>      80%]
[Progress:=====================>        72%] [Cov:===========================>       79%]
[Progress:=====================>        72%] [Cov:============================>      80%]
[Progress:=====================>        73%] [Cov:============================>      80%]
[Progress:=====================>        73%] [Cov:============================>      80%]
[Progress:=====================>        73%] [Cov:============================>      80%]
[Progress:======================>       74%] [Cov:============================>      80%]
[Progress:======================>       74%] [Cov:============================>      80%]
[Progress:======================>       74%] [Cov:============================>      80%]
[Progress:======================>       75%] [Cov:============================>      80%]
[Progress:======================>       75%] [Cov:============================>      80%]
[Progress:======================>       75%] [Cov:============================>      80%]
[Progress:======================>       76%] [Cov:==========================>        77%]
[Progress:======================>       76%] [Cov:============================>      80%]
[Progress:======================>       76%] [Cov:===========================>       79%]
[Progress:======================>       76%] [Cov:============================>      80%]
[Progress:======================>       76%] [Cov:===========================>       79%]
[Progress:======================>       76%] [Cov:============================>      80%]
[Progress:======================>       76%] [Cov:===========================>       79%]
[Progress:======================>       76%] [Cov:============================>      80%]
[Progress:=======================>      77%] [Cov:============================>      80%]
[Progress:=======================>      77%] [Cov:===========================>       79%]
[Progress:=======================>      77%] [Cov:============================>      80%]
[Progress:=======================>      78%] [Cov:============================>      80%]
[Progress:=======================>      78%] [Cov:===========================>       79%]
[Progress:=======================>      78%] [Cov:============================>      80%]
[Progress:=======================>      78%] [Cov:===========================>       79%]
[Progress:=======================>      78%] [Cov:============================>      80%]
[Progress:=======================>      78%] [Cov:===========================>       79%]
[Progress:=======================>      78%] [Cov:============================>      80%]
[Progress:=======================>      79%] [Cov:============================>      80%]
[Progress:=======================>      79%] [Cov:===========================>       79%]
[Progress:=======================>      79%] [Cov:============================>      80%]
[Progress:========================>     80%] [Cov:============================>      80%]
[Progress:========================>     80%] [Cov:===========================>       79%]
[Progress:========================>     80%] [Cov:============================>      80%]
[Progress:========================>     80%] [Cov:===========================>       79%]
[Progress:========================>     80%] [Cov:============================>      80%]
[Progress:========================>     80%] [Cov:===========================>       79%]
[Progress:========================>     80%] [Cov:============================>      80%]
[Progress:========================>     81%] [Cov:==========================>        76%]
[Progress:========================>     81%] [Cov:============================>      80%]
[Progress:========================>     81%] [Cov:===========================>       79%]
[Progress:========================>     81%] [Cov:============================>      80%]
[Progress:========================>     81%] [Cov:===========================>       79%]
[Progress:========================>     81%] [Cov:============================>      80%]
[Progress:========================>     82%] [Cov:============================>      80%]
[Progress:========================>     82%] [Cov:============================>      80%]
[Progress:========================>     82%] [Cov:===========================>       79%]
[Progress:========================>     82%] [Cov:============================>      80%]
[Progress:========================>     82%] [Cov:===========================>       79%]
[Progress:========================>     82%] [Cov:============================>      80%]
[Progress:========================>     83%] [Cov:============================>      80%]
[Progress:========================>     83%] [Cov:===========================>       79%]
[Progress:========================>     83%] [Cov:============================>      80%]
[Progress:=========================>    84%] [Cov:==========================>        75%]
[Progress:=========================>    84%] [Cov:===========================>       79%]
[Progress:=========================>    84%] [Cov:============================>      80%]
[Progress:=========================>    84%] [Cov:===========================>       79%]
[Progress:=========================>    84%] [Cov:============================>      80%]
[Progress:=========================>    84%] [Cov:===========================>       79%]
[Progress:=========================>    84%] [Cov:============================>      80%]
[Progress:=========================>    84%] [Cov:===========================>       79%]
[Progress:=========================>    84%] [Cov:============================>      80%]
[Progress:=========================>    85%] [Cov:============================>      80%]
[Progress:=========================>    85%] [Cov:===========================>       79%]
[Progress:=========================>    85%] [Cov:============================>      80%]
[Progress:=========================>    86%] [Cov:============================>      80%]
[Progress:=========================>    86%] [Cov:===========================>       79%]
[Progress:=========================>    86%] [Cov:============================>      80%]
[Progress:=========================>    86%] [Cov:===========================>       79%]
[Progress:=========================>    86%] [Cov:============================>      80%]
[Progress:=========================>    86%] [Cov:===========================>       79%]
[Progress:=========================>    86%] [Cov:============================>      80%]
[Progress:==========================>   87%] [Cov:============================>      80%]
[Progress:==========================>   87%] [Cov:===========================>       79%]
[Progress:==========================>   87%] [Cov:============================>      80%]
[Progress:==========================>   88%] [Cov:============================>      80%]
[Progress:==========================>   88%] [Cov:=========================>         74%]
[Progress:==========================>   88%] [Cov:===========================>       79%]
[Progress:==========================>   88%] [Cov:============================>      80%]
[Progress:==========================>   88%] [Cov:=========================>         74%]
[Progress:==========================>   88%] [Cov:===========================>       79%]
[Progress:==========================>   88%] [Cov:============================>      80%]
[Progress:==========================>   88%] [Cov:=========================>         74%]
[Progress:==========================>   88%] [Cov:============================>      80%]
[Progress:==========================>   89%] [Cov:============================>      80%]
[Progress:==========================>   89%] [Cov:=========================>         74%]
[Progress:==========================>   89%] [Cov:============================>      80%]
[Progress:===========================>  90%] [Cov:============================>      80%]
[Progress:===========================>  90%] [Cov:=========================>         74%]
[Progress:===========================>  90%] [Cov:============================>      80%]
[Progress:===========================>  90%] [Cov:=========================>         74%]
[Progress:===========================>  90%] [Cov:============================>      80%]
[Progress:===========================>  90%] [Cov:=========================>         74%]
[Progress:===========================>  90%] [Cov:============================>      80%]
[Progress:===========================>  91%] [Cov:============================>      80%]
[Progress:===========================>  91%] [Cov:=========================>         74%]
[Progress:===========================>  91%] [Cov:==========================>        76%]
[Progress:===========================>  91%] [Cov:============================>      80%]
[Progress:===========================>  91%] [Cov:=========================>         74%]
[Progress:===========================>  91%] [Cov:============================>      80%]
[Progress:===========================>  92%] [Cov:============================>      80%]
[Progress:===========================>  92%] [Cov:=========================>         74%]
[Progress:===========================>  92%] [Cov:===========================>       79%]
[Progress:===========================>  92%] [Cov:============================>      80%]
[Progress:===========================>  92%] [Cov:=========================>         74%]
[Progress:===========================>  92%] [Cov:============================>      80%]
[Progress:===========================>  93%] [Cov:==========================>        76%]
[Progress:===========================>  93%] [Cov:============================>      80%]
[Progress:===========================>  93%] [Cov:=========================>         74%]
[Progress:===========================>  93%] [Cov:==========================>        76%]
[Progress:===========================>  93%] [Cov:============================>      80%]
[Progress:===========================>  93%] [Cov:=========================>         74%]
[Progress:===========================>  93%] [Cov:============================>      80%]
[Progress:============================> 94%] [Cov:============================>      80%]
[Progress:============================> 94%] [Cov:=========================>         74%]
[Progress:============================> 94%] [Cov:============================>      80%]
[Progress:============================> 94%] [Cov:=========================>         74%]
[Progress:============================> 94%] [Cov:============================>      80%]
[Progress:============================> 94%] [Cov:=========================>         74%]
[Progress:============================> 94%] [Cov:============================>      80%]
[Progress:============================> 95%] [Cov:============================>      80%]
[Progress:============================> 95%] [Cov:=========================>         74%]
[Progress:============================> 95%] [Cov:============================>      80%]
[Progress:============================> 96%] [Cov:============================>      80%]
[Progress:============================> 96%] [Cov:=========================>         74%]
[Progress:============================> 96%] [Cov:============================>      80%]
[Progress:============================> 96%] [Cov:=========================>         74%]
[Progress:============================> 96%] [Cov:============================>      80%]
[Progress:============================> 96%] [Cov:=========================>         74%]
[Progress:============================> 96%] [Cov:============================>      80%]
[Progress:=============================>97%] [Cov:=========================>         74%]
[Progress:=============================>97%] [Cov:============================>      80%]
[Progress:=============================>97%] [Cov:=========================>         74%]
[Progress:=============================>97%] [Cov:============================>      80%]
[Progress:=============================>98%] [Cov:============================>      80%]
[Progress:=============================>98%] [Cov:=========================>         74%]
[Progress:=============================>98%] [Cov:==========================>        76%]
[Progress:=============================>98%] [Cov:============================>      80%]
[Progress:=============================>98%] [Cov:=========================>         74%]
[Progress:=============================>98%] [Cov:============================>      80%]
[Progress:=============================>98%] [Cov:=========================>         74%]
[Progress:=============================>98%] [Cov:============================>      80%]
[Progress:=============================>99%] [Cov:============================>      80%]
[Progress:=============================>99%] [Cov:=========================>         74%]
[Progress:=============================>99%] [Cov:============================>      80%]
[Progress:==============================100%] [Cov:============================>      80%]
[Progress:==============================100%] [Cov:=========================>         74%]
[Progress:==============================100%] [Cov:============================>      80%]
[Progress:==============================100%] [Cov:=========================>         74%]
[Progress:==============================100%] [Cov:============================>      80%]
[Progress:==============================100%] [Cov:=========================>         74%]
* Search finished after 151s and 236 generations, 126767 statements, best individual has fitness: 616.5
* Minimizing test suite
* Going to analyze the coverage criteria
* Coverage analysis for criterion LINE
* Coverage of criterion LINE: 86%
* Total number of goals: 99
* Number of covered goals: 85
* Coverage analysis for criterion BRANCH
* Coverage of criterion BRANCH: 70%
* Total number of goals: 74
* Number of covered goals: 52
* Coverage analysis for criterion EXCEPTION
* Coverage of criterion EXCEPTION: 12%
* Total number of goals: 8
* Number of covered goals: 1
* Coverage analysis for criterion WEAKMUTATION
* Coverage of criterion WEAKMUTATION: 83%
* Total number of goals: 147
* Number of covered goals: 122
* Coverage analysis for criterion OUTPUT
* Coverage of criterion OUTPUT: 53%
* Total number of goals: 210
* Number of covered goals: 111
* Coverage analysis for criterion METHOD
* Coverage of criterion METHOD: 100%
* Total number of goals: 9
* Number of covered goals: 9
* Coverage analysis for criterion METHODNOEXCEPTION
* Coverage of criterion METHODNOEXCEPTION: 100%
* Total number of goals: 9
* Number of covered goals: 9
* Coverage analysis for criterion CBRANCH
* Coverage of criterion CBRANCH: 61%
* Total number of goals: 74
* Number of covered goals: 45
* Generated 20 tests with total length 168
* Resulting test suite's coverage: 74% (average coverage for all fitness functions)
* Generating assertions
* Resulting test suite's mutation score: 50%
* Compiling and checking tests
* Writing tests to file
* Writing JUnit test case 'RecordType_ESTest' to evosuite-tests
* Done!

* Computation finished

