CMD: /usr/lib/jvm/java-8-openjdk-amd64/bin/java -Dtools_jar_location=/usr/lib/jvm/java-8-openjdk-amd64/lib/tools.jar -jar /home/pizza/TestRound2/evosuite-1.2.0.jar -generateSuite -class com.fasterxml.jackson.databind.ser.DefaultSerializerProvider -projectCP /home/pizza/TestRound2/Test/JacksonDatabind-103b/target/classes:/home/pizza/defects4j/framework/projects/JacksonDatabind/lib/com/fasterxml/jackson/core/jackson-annotations/2.9.0/jackson-annotations-2.9.0.jar:/home/pizza/defects4j/framework/projects/JacksonDatabind/lib/com/fasterxml/jackson/core/jackson-core/2.9.7/jackson-core-2.9.7.jar -base_dir /home/pizza/TestRound2/results/project-JacksonDatabind/JacksonDatabind-103/round03/evosuite-work -seed 11 -Dalgorithm=NSGAII -Dsearch_budget=60 -Dtest_format=JUNIT4 -Dassertions=true

* EvoSuite 1.2.0
* Going to generate test cases for class: com.fasterxml.jackson.databind.ser.DefaultSerializerProvider
* Starting Client-0
* Connecting to master process on port 8220
* Analyzing classpath: 
  - /home/pizza/TestRound2/Test/JacksonDatabind-103b/target/classes
  - /home/pizza/defects4j/framework/projects/JacksonDatabind/lib/com/fasterxml/jackson/core/jackson-annotations/2.9.0/jackson-annotations-2.9.0.jar
  - /home/pizza/defects4j/framework/projects/JacksonDatabind/lib/com/fasterxml/jackson/core/jackson-core/2.9.7/jackson-core-2.9.7.jar
* Finished analyzing classpath
* Generating tests for class com.fasterxml.jackson.databind.ser.DefaultSerializerProvider
* Test criteria:
  - Line Coverage
  - Branch Coverage
  - Exception
  - Mutation testing (weak)
  - Method-Output Coverage
  - Top-Level Method Coverage
  - No-Exception Top-Level Method Coverage
  - Context Branch Coverage
* Setting up search algorithm for whole suite generation
* Total number of test goals: 
  - Line 209
  - Branch 128
  - Exception 0
  - MutationFactory 169
  - Output 48
  - Method 22
  - MethodNoException 22
  - CBranchFitnessFactory 128

[Progress:>                             0%] [Cov:>                                  0%]* Using seed 11
* Starting evolution
[MASTER] 01:39:53.363 [logback-1] WARN  TestCluster - Failed to check cache for com.fasterxml.jackson.databind.JsonSerializer<T> : Type points to itself
[MASTER] 01:39:54.346 [logback-1] WARN  TestCluster - Failed to check cache for java.util.Collection<E> : Type points to itself
[MASTER] 01:39:54.549 [logback-1] WARN  TestCluster - Failed to check cache for java.util.HashMap<K, V> : Type points to itself
[MASTER] 01:39:54.964 [logback-1] WARN  TestCluster - Failed to check cache for java.util.Vector<E> : Type points to itself
[MASTER] 01:39:55.735 [logback-1] WARN  TestCluster - Failed to check cache for java.util.EnumSet<E> : Type points to itself
[MASTER] 01:39:56.609 [logback-1] WARN  TestCluster - Failed to check cache for java.util.TreeSet<E> : Type points to itself
[MASTER] 01:39:56.828 [logback-1] WARN  TestCluster - Failed to check cache for java.util.Stack<E> : Type points to itself
[MASTER] 01:39:57.891 [logback-1] WARN  TestCluster - Failed to check cache for java.util.ArrayList<E> : Type points to itself
[MASTER] 01:39:59.149 [logback-1] WARN  TestCluster - Failed to check cache for java.util.LinkedHashSet<E> : Type points to itself
[MASTER] 01:39:59.639 [logback-1] WARN  TestCluster - Failed to check cache for java.util.LinkedList<E> : Type points to itself

[Progress:===>                          10%] [Cov:>                                  0%]
[Progress:===>                          11%] [Cov:>                                  0%]
[Progress:====>                         15%] [Cov:>                                  1%]
[Progress:====>                         15%] [Cov:>                                  2%]
[Progress:====>                         15%] [Cov:====>                              13%]
[Progress:====>                         15%] [Cov:====>                              14%]
[Progress:====>                         15%] [Cov:=====>                             17%]
[Progress:====>                         15%] [Cov:======>                            18%]
[Progress:====>                         15%] [Cov:======>                            19%][MASTER] 01:40:02.688 [logback-1] WARN  TestCluster - Failed to check cache for com.fasterxml.jackson.annotation.ObjectIdGenerator<T> : Type points to itself
[MASTER] 01:40:02.720 [logback-1] WARN  TestCluster - Failed to check cache for java.util.Comparator<T> : Type points to itself

[Progress:====>                         15%] [Cov:=======>                           20%]
[Progress:====>                         15%] [Cov:=======>                           21%]
[Progress:====>                         16%] [Cov:>                                  0%]
[Progress:====>                         16%] [Cov:>                                  1%]
[Progress:====>                         16%] [Cov:====>                              14%]
[Progress:====>                         16%] [Cov:=====>                             16%]
[Progress:====>                         16%] [Cov:======>                            19%]
[Progress:====>                         16%] [Cov:=======>                           21%]
[Progress:====>                         16%] [Cov:=======>                           22%][MASTER] 01:40:04.152 [logback-1] WARN  TestCluster - Failed to check cache for com.fasterxml.jackson.databind.JsonDeserializer<T> : Type points to itself

[Progress:=====>                        18%] [Cov:=====>                             15%]
[Progress:=====>                        18%] [Cov:=======>                           20%]
[Progress:=====>                        18%] [Cov:========>                          23%]
[Progress:=====>                        18%] [Cov:========>                          24%]
[Progress:======>                       20%] [Cov:>                                  1%]
[Progress:======>                       20%] [Cov:>                                  2%]
[Progress:======>                       20%] [Cov:====>                              14%]
[Progress:======>                       20%] [Cov:=====>                             15%]
[Progress:======>                       20%] [Cov:======>                            19%]
[Progress:======>                       20%] [Cov:=======>                           22%]
[Progress:======>                       20%] [Cov:========>                          23%]
[Progress:======>                       21%] [Cov:>                                  0%]
[Progress:======>                       21%] [Cov:>                                  1%]
[Progress:======>                       21%] [Cov:>                                  2%]
[Progress:======>                       21%] [Cov:====>                              13%]
[Progress:======>                       21%] [Cov:====>                              14%]
[Progress:======>                       21%] [Cov:=====>                             15%]
[Progress:======>                       21%] [Cov:=====>                             17%]
[Progress:======>                       21%] [Cov:======>                            19%]
[Progress:======>                       21%] [Cov:========>                          23%]
[Progress:======>                       21%] [Cov:========>                          24%]
[Progress:======>                       21%] [Cov:========>                          23%]
[Progress:======>                       21%] [Cov:========>                          24%]
[Progress:======>                       21%] [Cov:========>                          25%][MASTER] 01:40:07.150 [logback-1] WARN  TestChromosome - Functional mock problem: org.evosuite.ga.ConstructionFailedException: Invalid generic instance

[Progress:======>                       23%] [Cov:=======>                           21%]
[Progress:======>                       23%] [Cov:=======>                           22%]
[Progress:======>                       23%] [Cov:========>                          24%][MASTER] 01:40:07.474 [logback-1] WARN  TestChromosome - Functional mock problem: org.evosuite.ga.ConstructionFailedException: Failed to add constructor for com.fasterxml.jackson.databind.DeserializationConfig due to org.evosuite.ga.ConstructionFailedException: Failed to add constructor for com.fasterxml.jackson.databind.cfg.BaseSettings due to org.evosuite.ga.ConstructionFailedException: Max recursion depth reached
[MASTER] 01:40:08.052 [logback-1] WARN  TestCluster - Failed to check cache for java.util.function.Function<T, R> : Type points to itself

[Progress:======>                       23%] [Cov:========>                          25%]
[Progress:======>                       23%] [Cov:=========>                         26%]
[Progress:=======>                      25%] [Cov:========>                          23%]
[Progress:=======>                      25%] [Cov:========>                          24%]
[Progress:=======>                      25%] [Cov:========>                          25%]
[Progress:=======>                      25%] [Cov:=========>                         26%][MASTER] 01:40:08.850 [logback-1] WARN  TestChromosome - Functional mock problem: org.evosuite.ga.ConstructionFailedException: Failed to add constructor for com.fasterxml.jackson.databind.SerializationConfig due to org.evosuite.ga.ConstructionFailedException: Failed to add constructor for com.fasterxml.jackson.databind.cfg.BaseSettings due to org.evosuite.ga.ConstructionFailedException: Max recursion depth reached

[Progress:=======>                      25%] [Cov:=========>                         27%]
[Progress:=======>                      25%] [Cov:========>                          24%]
[Progress:=======>                      25%] [Cov:========>                          25%]
[Progress:=======>                      25%] [Cov:=========>                         26%]
[Progress:=======>                      26%] [Cov:=========>                         26%]
[Progress:=======>                      26%] [Cov:=========>                         27%]
[Progress:=======>                      26%] [Cov:=========>                         28%]
[Progress:========>                     28%] [Cov:========>                          24%]
[Progress:========>                     28%] [Cov:========>                          25%]
[Progress:========>                     28%] [Cov:=========>                         26%]
[Progress:========>                     28%] [Cov:=========>                         28%]
[Progress:========>                     28%] [Cov:==========>                        29%][MASTER] 01:40:11.223 [logback-1] WARN  TestCluster - Failed to check cache for java.util.PriorityQueue<E> : Type points to itself

[Progress:=========>                    30%] [Cov:========>                          25%]
[Progress:=========>                    30%] [Cov:=========>                         26%]
[Progress:=========>                    30%] [Cov:=========>                         27%][MASTER] 01:40:11.640 [logback-1] WARN  TestChromosome - Functional mock problem: org.evosuite.ga.ConstructionFailedException: Failed to add constructor for com.fasterxml.jackson.databind.ser.BeanSerializerBuilder due to org.evosuite.ga.ConstructionFailedException: Failed to add constructor for com.fasterxml.jackson.databind.SerializationConfig due to org.evosuite.ga.ConstructionFailedException: Failed to add constructor for com.fasterxml.jackson.databind.cfg.BaseSettings due to org.evosuite.ga.ConstructionFailedException: Invalid generic instance

[Progress:=========>                    30%] [Cov:==========>                        29%]
[Progress:=========>                    31%] [Cov:=========>                         26%]
[Progress:=========>                    31%] [Cov:=========>                         27%][MASTER] 01:40:12.293 [logback-1] WARN  TestChromosome - Functional mock problem: org.evosuite.ga.ConstructionFailedException: Failed to add constructor for com.fasterxml.jackson.databind.ser.BeanSerializerBuilder due to org.evosuite.ga.ConstructionFailedException: Failed to add constructor for com.fasterxml.jackson.databind.DeserializationConfig due to org.evosuite.ga.ConstructionFailedException: Failed to add constructor for com.fasterxml.jackson.databind.cfg.BaseSettings due to org.evosuite.ga.ConstructionFailedException: Invalid generic instance

[Progress:=========>                    31%] [Cov:=========>                         28%]
[Progress:=========>                    31%] [Cov:==========>                        30%]
[Progress:=========>                    31%] [Cov:==========>                        29%]
[Progress:=========>                    31%] [Cov:==========>                        30%]
[Progress:=========>                    33%] [Cov:========>                          25%]
[Progress:=========>                    33%] [Cov:=========>                         26%]
[Progress:=========>                    33%] [Cov:==========>                        30%][MASTER] 01:40:13.371 [logback-1] WARN  TestChromosome - Functional mock problem: org.evosuite.ga.ConstructionFailedException: Failed to add constructor for com.fasterxml.jackson.databind.DeserializationConfig due to org.evosuite.ga.ConstructionFailedException: Failed to add constructor for com.fasterxml.jackson.databind.cfg.BaseSettings due to org.evosuite.ga.ConstructionFailedException: Invalid generic instance
[MASTER] 01:40:13.544 [logback-1] WARN  TestChromosome - Functional mock problem: org.evosuite.ga.ConstructionFailedException: Max recursion depth reached

[Progress:=========>                    33%] [Cov:==========>                        31%]
[Progress:==========>                   35%] [Cov:========>                          24%]
[Progress:==========>                   35%] [Cov:=========>                         27%]
[Progress:==========>                   35%] [Cov:=========>                         28%][MASTER] 01:40:14.301 [logback-1] WARN  TestChromosome - Functional mock problem: org.evosuite.ga.ConstructionFailedException: Failed to add constructor for com.fasterxml.jackson.databind.ser.BeanSerializerBuilder due to org.evosuite.ga.ConstructionFailedException: Have no generator for class com.fasterxml.jackson.databind.introspect.BasicClassIntrospector canUseFunctionalMocks=false, canBeMocked: true

[Progress:==========>                   35%] [Cov:==========>                        31%][MASTER] 01:40:14.536 [logback-1] WARN  TestChromosome - Functional mock problem: org.evosuite.ga.ConstructionFailedException: Failed to add constructor for com.fasterxml.jackson.databind.DeserializationConfig due to org.evosuite.ga.ConstructionFailedException: Max recursion depth reached
[MASTER] 01:40:14.855 [logback-1] WARN  TestChromosome - Functional mock problem: org.evosuite.ga.ConstructionFailedException: Failed to add constructor for com.fasterxml.jackson.databind.ser.BeanSerializerBuilder due to org.evosuite.ga.ConstructionFailedException: Failed to add constructor for com.fasterxml.jackson.databind.DeserializationConfig due to org.evosuite.ga.ConstructionFailedException: Failed to add constructor for com.fasterxml.jackson.databind.cfg.BaseSettings due to org.evosuite.ga.ConstructionFailedException: Max recursion depth reached

[Progress:==========>                   35%] [Cov:===========>                       32%]
[Progress:==========>                   36%] [Cov:=========>                         27%]
[Progress:==========>                   36%] [Cov:=========>                         28%]
[Progress:==========>                   36%] [Cov:==========>                        29%]
[Progress:==========>                   36%] [Cov:==========>                        31%]
[Progress:==========>                   36%] [Cov:==========>                        31%]
[Progress:==========>                   36%] [Cov:===========>                       32%]
[Progress:==========>                   36%] [Cov:===========>                       34%]
[Progress:==========>                   36%] [Cov:==========>                        30%]
[Progress:===========>                  38%] [Cov:==========>                        29%]
[Progress:===========>                  38%] [Cov:==========>                        30%]
[Progress:===========>                  38%] [Cov:==========>                        31%]
[Progress:===========>                  38%] [Cov:===========>                       32%]
[Progress:============>                 40%] [Cov:==========>                        31%]
[Progress:============>                 40%] [Cov:===========>                       32%]
[Progress:============>                 40%] [Cov:===========>                       33%]
[Progress:============>                 40%] [Cov:===========>                       34%]
[Progress:============>                 40%] [Cov:==========>                        30%]
[Progress:============>                 40%] [Cov:==========>                        31%]
[Progress:============>                 40%] [Cov:===========>                       32%]
[Progress:============>                 40%] [Cov:===========>                       34%][MASTER] 01:40:18.101 [logback-1] WARN  TestChromosome - Functional mock problem: org.evosuite.ga.ConstructionFailedException: Failed to add constructor for com.fasterxml.jackson.databind.SerializationConfig due to org.evosuite.ga.ConstructionFailedException: Failed to add constructor for com.fasterxml.jackson.databind.introspect.SimpleMixInResolver due to org.evosuite.ga.ConstructionFailedException: Failed to add constructor for com.fasterxml.jackson.databind.DeserializationConfig due to org.evosuite.ga.ConstructionFailedException: Max recursion depth reached

[Progress:============>                 41%] [Cov:==========>                        31%]
[Progress:============>                 41%] [Cov:===========>                       33%]
[Progress:============>                 41%] [Cov:==========>                        31%]
[Progress:============>                 41%] [Cov:===========>                       32%]
[Progress:============>                 41%] [Cov:===========>                       33%]
[Progress:============>                 41%] [Cov:===========>                       34%]
[Progress:============>                 43%] [Cov:==========>                        31%]
[Progress:============>                 43%] [Cov:===========>                       33%]
[Progress:============>                 43%] [Cov:===========>                       34%]
[Progress:============>                 43%] [Cov:============>                      35%]
[Progress:============>                 43%] [Cov:==========>                        31%]
[Progress:============>                 43%] [Cov:===========>                       33%]
[Progress:============>                 43%] [Cov:===========>                       34%]
[Progress:=============>                45%] [Cov:==========>                        31%]
[Progress:=============>                45%] [Cov:===========>                       32%]
[Progress:=============>                45%] [Cov:===========>                       33%]
[Progress:=============>                45%] [Cov:===========>                       34%]
[Progress:=============>                45%] [Cov:============>                      35%]
[Progress:=============>                45%] [Cov:==========>                        31%]
[Progress:=============>                45%] [Cov:===========>                       33%]
[Progress:=============>                45%] [Cov:===========>                       34%]
[Progress:=============>                46%] [Cov:==========>                        30%]
[Progress:=============>                46%] [Cov:===========>                       33%]
[Progress:=============>                46%] [Cov:===========>                       34%]
[Progress:=============>                46%] [Cov:============>                      35%]
[Progress:==============>               48%] [Cov:============>                      35%]
[Progress:==============>               48%] [Cov:===========>                       32%]
[Progress:==============>               48%] [Cov:============>                      35%]
[Progress:===============>              50%] [Cov:==========>                        31%]
[Progress:===============>              50%] [Cov:===========>                       33%]
[Progress:===============>              50%] [Cov:===========>                       34%][MASTER] 01:40:23.438 [logback-1] WARN  TestChromosome - Functional mock problem: org.evosuite.ga.ConstructionFailedException: Failed to add constructor for com.fasterxml.jackson.databind.ser.BeanSerializerBuilder due to org.evosuite.ga.ConstructionFailedException: Failed to add constructor for com.fasterxml.jackson.databind.ser.BeanSerializerBuilder due to org.evosuite.ga.ConstructionFailedException: Invalid generic instance

[Progress:===============>              50%] [Cov:============>                      35%]
[Progress:===============>              50%] [Cov:============>                      36%]
[Progress:===============>              51%] [Cov:===========>                       34%]
[Progress:===============>              51%] [Cov:============>                      35%]
[Progress:===============>              51%] [Cov:============>                      35%]
[Progress:===============>              53%] [Cov:==========>                        30%]
[Progress:===============>              53%] [Cov:===========>                       34%]
[Progress:===============>              53%] [Cov:============>                      35%]
[Progress:===============>              53%] [Cov:============>                      36%]
[Progress:================>             55%] [Cov:===========>                       32%][MASTER] 01:40:26.368 [logback-1] WARN  TestChromosome - Functional mock problem: org.evosuite.ga.ConstructionFailedException: Failed to add constructor for com.fasterxml.jackson.databind.SerializationConfig due to org.evosuite.ga.ConstructionFailedException: Failed to add constructor for com.fasterxml.jackson.databind.cfg.BaseSettings due to org.evosuite.ga.ConstructionFailedException: Invalid generic instance

[Progress:================>             55%] [Cov:============>                      35%]
[Progress:================>             55%] [Cov:============>                      35%]
[Progress:================>             56%] [Cov:===========>                       34%]
[Progress:================>             56%] [Cov:============>                      35%]
[Progress:================>             56%] [Cov:============>                      35%]
[Progress:=================>            58%] [Cov:===========>                       33%]
[Progress:=================>            58%] [Cov:===========>                       34%]
[Progress:=================>            58%] [Cov:============>                      35%]
[Progress:=================>            58%] [Cov:============>                      36%]
[Progress:==================>           60%] [Cov:===========>                       33%]
[Progress:==================>           60%] [Cov:===========>                       34%]
[Progress:==================>           60%] [Cov:============>                      35%]
[Progress:==================>           60%] [Cov:============>                      35%][MASTER] 01:40:30.172 [logback-1] WARN  TestChromosome - Functional mock problem: org.evosuite.ga.ConstructionFailedException: Failed to add constructor for com.fasterxml.jackson.databind.DeserializationConfig due to org.evosuite.ga.ConstructionFailedException: Failed to add constructor for com.fasterxml.jackson.databind.cfg.BaseSettings due to org.evosuite.ga.ConstructionFailedException: Have no generator for class com.fasterxml.jackson.databind.introspect.BasicClassIntrospector canUseFunctionalMocks=false, canBeMocked: true

[Progress:==================>           61%] [Cov:============>                      35%]
[Progress:==================>           61%] [Cov:============>                      35%]
[Progress:==================>           61%] [Cov:============>                      36%]
[Progress:==================>           63%] [Cov:===========>                       34%]
[Progress:==================>           63%] [Cov:============>                      35%]
[Progress:==================>           63%] [Cov:============>                      36%]
[Progress:==================>           63%] [Cov:============>                      37%]
[Progress:===================>          65%] [Cov:============>                      35%]
[Progress:===================>          65%] [Cov:============>                      36%]
[Progress:===================>          65%] [Cov:============>                      35%]
[Progress:===================>          65%] [Cov:============>                      36%]
[Progress:===================>          66%] [Cov:============>                      35%]
[Progress:===================>          66%] [Cov:============>                      36%]
[Progress:===================>          66%] [Cov:============>                      37%]
[Progress:===================>          66%] [Cov:============>                      36%]
[Progress:====================>         68%] [Cov:============>                      35%]
[Progress:====================>         68%] [Cov:============>                      36%]
[Progress:====================>         68%] [Cov:============>                      37%]
[Progress:=====================>        70%] [Cov:============>                      36%]
[Progress:=====================>        70%] [Cov:============>                      37%]
[Progress:=====================>        70%] [Cov:============>                      36%]
[Progress:=====================>        70%] [Cov:============>                      37%]
[Progress:=====================>        71%] [Cov:============>                      35%]
[Progress:=====================>        71%] [Cov:============>                      36%]
[Progress:=====================>        71%] [Cov:============>                      37%]
[Progress:=====================>        71%] [Cov:============>                      36%]
[Progress:=====================>        73%] [Cov:============>                      35%]
[Progress:=====================>        73%] [Cov:============>                      36%]
[Progress:=====================>        73%] [Cov:============>                      37%]
[Progress:=====================>        73%] [Cov:=============>                     38%]
[Progress:======================>       75%] [Cov:============>                      36%]
[Progress:======================>       75%] [Cov:============>                      37%]
[Progress:======================>       75%] [Cov:============>                      36%]
[Progress:======================>       76%] [Cov:============>                      35%]
[Progress:======================>       76%] [Cov:============>                      36%]
[Progress:======================>       76%] [Cov:============>                      37%]
[Progress:=======================>      78%] [Cov:============>                      37%]
[Progress:=======================>      78%] [Cov:============>                      36%]
[Progress:=======================>      78%] [Cov:============>                      37%]
[Progress:=======================>      78%] [Cov:=============>                     38%]
[Progress:========================>     80%] [Cov:============>                      37%]
[Progress:========================>     80%] [Cov:============>                      36%]
[Progress:========================>     80%] [Cov:============>                      37%]
[Progress:========================>     80%] [Cov:=============>                     38%]
[Progress:========================>     81%] [Cov:============>                      36%]
[Progress:========================>     81%] [Cov:=============>                     38%]
[Progress:========================>     83%] [Cov:============>                      36%]
[Progress:========================>     83%] [Cov:============>                      36%]
[Progress:========================>     83%] [Cov:=============>                     38%]
[Progress:========================>     83%] [Cov:=============>                     39%]
[Progress:=========================>    85%] [Cov:=============>                     38%]
[Progress:=========================>    86%] [Cov:============>                      36%]
[Progress:=========================>    86%] [Cov:============>                      37%]
[Progress:=========================>    86%] [Cov:=============>                     38%]
[Progress:=========================>    86%] [Cov:============>                      36%]
[Progress:=========================>    86%] [Cov:=============>                     38%]
[Progress:==========================>   88%] [Cov:=============>                     38%]
[Progress:==========================>   88%] [Cov:=============>                     39%]
[Progress:===========================>  90%] [Cov:=============>                     38%]
[Progress:===========================>  90%] [Cov:============>                      37%]
[Progress:===========================>  90%] [Cov:=============>                     38%]
[Progress:===========================>  90%] [Cov:=============>                     39%]
[Progress:===========================>  91%] [Cov:============>                      36%]
[Progress:===========================>  91%] [Cov:=============>                     38%]
[Progress:===========================>  91%] [Cov:=============>                     39%]
[Progress:===========================>  93%] [Cov:=============>                     38%]
[Progress:===========================>  93%] [Cov:============>                      37%]
[Progress:===========================>  93%] [Cov:=============>                     38%]
[Progress:============================> 95%] [Cov:============>                      37%]
[Progress:============================> 95%] [Cov:=============>                     38%]
[Progress:============================> 95%] [Cov:=============>                     39%]
[Progress:============================> 96%] [Cov:=============>                     39%]
[Progress:============================> 96%] [Cov:============>                      37%]
[Progress:============================> 96%] [Cov:=============>                     38%]
[Progress:============================> 96%] [Cov:=============>                     39%]
[Progress:=============================>98%] [Cov:=============>                     38%]
[Progress:=============================>98%] [Cov:=============>                     39%]
[Progress:==============================100%] [Cov:============>                      37%]
[Progress:==============================100%] [Cov:=============>                     38%]
[Progress:==============================100%] [Cov:=============>                     39%]
[Progress:==============================100%] [Cov:============>                      37%]
[Progress:==============================100%] [Cov:=============>                     38%]
[Progress:==============================100%] [Cov:=============>                     39%]
[Progress:==============================100%] [Cov:============>                      36%]
[Progress:==============================100%] [Cov:============>                      37%]
[Progress:==============================100%] [Cov:=============>                     39%]
[Progress:==============================100%] [Cov:============>                      36%]
[Progress:==============================100%] [Cov:=============>                     38%]
[Progress:==============================100%] [Cov:=============>                     39%]
[Progress:==============================100%] [Cov:============>                      37%]
* Search finished after 63s and 34 generations, 12347 statements, best individual has fitness: 687.9936305732484
* Minimizing test suite
* Going to analyze the coverage criteria
* Coverage analysis for criterion LINE
* Coverage of criterion LINE: 25%
* Total number of goals: 209
* Number of covered goals: 53
* Coverage analysis for criterion BRANCH
* Coverage of criterion BRANCH: 21%
* Total number of goals: 128
* Number of covered goals: 27
* Coverage analysis for criterion EXCEPTION
* Coverage of criterion EXCEPTION: 53%
* Total number of goals: 15
* Number of covered goals: 8
* Coverage analysis for criterion WEAKMUTATION
* Coverage of criterion WEAKMUTATION: 12%
* Total number of goals: 169
* Number of covered goals: 20
* Coverage analysis for criterion OUTPUT
* Coverage of criterion OUTPUT: 10%
* Total number of goals: 48
* Number of covered goals: 5
* Coverage analysis for criterion METHOD
* Coverage of criterion METHOD: 82%
* Total number of goals: 22
* Number of covered goals: 18
* Coverage analysis for criterion METHODNOEXCEPTION
* Coverage of criterion METHODNOEXCEPTION: 50%
* Total number of goals: 22
* Number of covered goals: 11
* Coverage analysis for criterion CBRANCH
* Coverage of criterion CBRANCH: 21%
* Total number of goals: 128
* Number of covered goals: 27
* Generated 18 tests with total length 71
* Resulting test suite's coverage: 37% (average coverage for all fitness functions)
* Generating assertions
* Resulting test suite's mutation score: 3%
* Compiling and checking tests
* Writing tests to file
* Writing JUnit test case 'DefaultSerializerProvider_ESTest' to evosuite-tests
* Done!

* Computation finished

