CMD: /usr/lib/jvm/java-8-openjdk-amd64/bin/java -Dtools_jar_location=/usr/lib/jvm/java-8-openjdk-amd64/lib/tools.jar -jar /home/pizza/evosuite/evosuite-1.2.0.jar -generateSuite -class com.google.javascript.jscomp.SyntacticScopeCreator -projectCP /home/pizza/evosuite/Test/Closure-153b/build/classes:/home/pizza/evosuite/Test/Closure-153b/lib/ant-launcher.jar:/home/pizza/evosuite/Test/Closure-153b/lib/ant.jar:/home/pizza/evosuite/Test/Closure-153b/lib/args4j.jar:/home/pizza/evosuite/Test/Closure-153b/lib/guava.jar:/home/pizza/evosuite/Test/Closure-153b/lib/json.jar:/home/pizza/evosuite/Test/Closure-153b/lib/jsr305.jar:/home/pizza/evosuite/Test/Closure-153b/lib/junit.jar:/home/pizza/evosuite/Test/Closure-153b/lib/libtrunk_rhino_parser_jarjared.jar:/home/pizza/evosuite/Test/Closure-153b/lib/protobuf-java.jar -base_dir /home/pizza/evosuite/results/project-Closure/Closure-153/round02/evosuite-work -seed 11 -Dalgorithm=NSGAII -Dsearch_budget=150 -Dtest_format=JUNIT4 -Dassertions=true

* EvoSuite 1.2.0
* Going to generate test cases for class: com.google.javascript.jscomp.SyntacticScopeCreator
* Starting Client-0
* Connecting to master process on port 8220
* Analyzing classpath: 
  - /home/pizza/evosuite/Test/Closure-153b/build/classes
  - /home/pizza/evosuite/Test/Closure-153b/lib/ant-launcher.jar
  - /home/pizza/evosuite/Test/Closure-153b/lib/ant.jar
  - /home/pizza/evosuite/Test/Closure-153b/lib/args4j.jar
  - /home/pizza/evosuite/Test/Closure-153b/lib/guava.jar
  - /home/pizza/evosuite/Test/Closure-153b/lib/json.jar
  - /home/pizza/evosuite/Test/Closure-153b/lib/jsr305.jar
  - /home/pizza/evosuite/Test/Closure-153b/lib/junit.jar
  - /home/pizza/evosuite/Test/Closure-153b/lib/libtrunk_rhino_parser_jarjared.jar
  - /home/pizza/evosuite/Test/Closure-153b/lib/protobuf-java.jar
* Finished analyzing classpath
* Generating tests for class com.google.javascript.jscomp.SyntacticScopeCreator
* Test criteria:
  - Line Coverage
  - Branch Coverage
  - Exception
  - Mutation testing (weak)
  - Method-Output Coverage
  - Top-Level Method Coverage
  - No-Exception Top-Level Method Coverage
  - Context Branch Coverage
* Setting up search algorithm for whole suite generation
* Total number of test goals: 
  - Line 96
  - Branch 74
  - Exception 0
  - MutationFactory 256
  - Output 8
  - Method 4
  - MethodNoException 4
  - CBranchFitnessFactory 74

[Progress:>                             0%] [Cov:>                                  0%]* Using seed 11
* Starting evolution

[Progress:>                             2%] [Cov:>                                  0%]
[Progress:>                             2%] [Cov:>                                  1%]
[Progress:>                             2%] [Cov:====>                              14%]
[Progress:>                             2%] [Cov:======>                            18%]
[Progress:>                             2%] [Cov:========>                          23%]
[Progress:>                             2%] [Cov:========>                          24%]
[Progress:>                             2%] [Cov:=========>                         27%]
[Progress:>                             3%] [Cov:>                                  0%]
[Progress:>                             3%] [Cov:>                                  1%]
[Progress:>                             3%] [Cov:>                                  2%]
[Progress:>                             3%] [Cov:====>                              13%]
[Progress:>                             3%] [Cov:====>                              14%]
[Progress:>                             3%] [Cov:=======>                           21%]
[Progress:>                             3%] [Cov:=========>                         27%]
[Progress:>                             3%] [Cov:=========>                         28%][MASTER] 04:13:55.326 [logback-1] WARN  TestCluster - Failed to check cache for java.util.Comparator<T> : Type points to itself

[Progress:=>                            4%] [Cov:>                                  1%]
[Progress:=>                            4%] [Cov:>                                  2%]
[Progress:=>                            4%] [Cov:====>                              14%]
[Progress:=>                            4%] [Cov:=======>                           21%]
[Progress:=>                            4%] [Cov:=========>                         27%]
[Progress:=>                            4%] [Cov:=========>                         28%]
[Progress:=>                            4%] [Cov:==========>                        29%]
[Progress:=>                            4%] [Cov:==========>                        29%]
[Progress:=>                            4%] [Cov:==========>                        29%]
[Progress:=>                            4%] [Cov:==========>                        29%]
[Progress:=>                            4%] [Cov:=========>                         28%]
[Progress:=>                            4%] [Cov:==========>                        29%]
[Progress:=>                            4%] [Cov:=========>                         28%]
[Progress:=>                            4%] [Cov:==========>                        29%]
[Progress:=>                            4%] [Cov:=========>                         28%]
[Progress:=>                            4%] [Cov:==========>                        29%]
[Progress:=>                            4%] [Cov:==========>                        29%]
[Progress:=>                            5%] [Cov:===>                               11%]
[Progress:=>                            5%] [Cov:=========>                         28%]
[Progress:=>                            5%] [Cov:==========>                        29%]
[Progress:=>                            5%] [Cov:==========>                        29%]
[Progress:=>                            5%] [Cov:==========>                        29%]
[Progress:=>                            5%] [Cov:==========>                        29%]
[Progress:=>                            5%] [Cov:==========>                        29%]
[Progress:=>                            6%] [Cov:==========>                        29%]
[Progress:=>                            6%] [Cov:==========>                        30%]
[Progress:=>                            6%] [Cov:==========>                        31%]
[Progress:=>                            6%] [Cov:===========>                       32%]
[Progress:=>                            6%] [Cov:============>                      36%]
[Progress:=>                            6%] [Cov:=============>                     39%]
[Progress:=>                            6%] [Cov:=============>                     39%]
[Progress:=>                            6%] [Cov:=============>                     39%]
[Progress:=>                            6%] [Cov:=============>                     39%]
[Progress:=>                            6%] [Cov:==============>                    40%]
[Progress:=>                            6%] [Cov:==============>                    40%]
[Progress:=>                            6%] [Cov:==============>                    40%]
[Progress:=>                            6%] [Cov:==============>                    40%]
[Progress:=>                            6%] [Cov:==============>                    40%]
[Progress:=>                            6%] [Cov:==============>                    41%]
[Progress:==>                           7%] [Cov:==============>                    40%]
[Progress:==>                           7%] [Cov:==============>                    41%]
[Progress:==>                           7%] [Cov:==============>                    41%]
[Progress:==>                           7%] [Cov:==============>                    41%]
[Progress:==>                           8%] [Cov:==============>                    40%]
[Progress:==>                           8%] [Cov:==============>                    41%]
[Progress:==>                           8%] [Cov:==============>                    41%]
[Progress:==>                           8%] [Cov:==============>                    41%]
[Progress:==>                           8%] [Cov:==============>                    41%]
[Progress:==>                           8%] [Cov:==============>                    41%]
[Progress:==>                           8%] [Cov:==============>                    41%]
[Progress:==>                           8%] [Cov:==============>                    41%]
[Progress:==>                           9%] [Cov:==============>                    41%]
[Progress:==>                           9%] [Cov:==============>                    41%]
[Progress:==>                           9%] [Cov:==============>                    41%]
[Progress:==>                           9%] [Cov:==============>                    41%]
[Progress:==>                           9%] [Cov:==============>                    41%]
[Progress:===>                          10%] [Cov:==============>                    40%]
[Progress:===>                          10%] [Cov:==============>                    41%]
[Progress:===>                          10%] [Cov:==============>                    41%]
[Progress:===>                          10%] [Cov:==============>                    41%]
[Progress:===>                          10%] [Cov:==============>                    41%]
[Progress:===>                          10%] [Cov:==============>                    41%]
[Progress:===>                          10%] [Cov:==============>                    42%]
[Progress:===>                          10%] [Cov:==============>                    42%]
[Progress:===>                          10%] [Cov:==============>                    42%]
[Progress:===>                          10%] [Cov:==============>                    42%]
[Progress:===>                          11%] [Cov:==============>                    42%]
[Progress:===>                          11%] [Cov:==============>                    42%]
[Progress:===>                          11%] [Cov:===============>                   43%]
[Progress:===>                          11%] [Cov:===============>                   43%]
[Progress:===>                          11%] [Cov:===============>                   43%]
[Progress:===>                          11%] [Cov:===============>                   43%]
[Progress:===>                          12%] [Cov:==============>                    42%]
[Progress:===>                          12%] [Cov:===============>                   43%]
[Progress:===>                          12%] [Cov:===============>                   43%]
[Progress:===>                          12%] [Cov:===============>                   43%]
[Progress:===>                          12%] [Cov:===============>                   43%]
[Progress:===>                          12%] [Cov:===============>                   43%]
[Progress:===>                          12%] [Cov:===============>                   43%]
[Progress:===>                          12%] [Cov:===============>                   43%]
[Progress:===>                          13%] [Cov:===============>                   43%]
[Progress:===>                          13%] [Cov:===============>                   43%]
[Progress:===>                          13%] [Cov:===============>                   43%]
[Progress:===>                          13%] [Cov:===============>                   43%]
[Progress:====>                         14%] [Cov:===============>                   43%]
[Progress:====>                         14%] [Cov:===============>                   43%]
[Progress:====>                         14%] [Cov:===============>                   43%]
[Progress:====>                         14%] [Cov:===============>                   43%]
[Progress:====>                         14%] [Cov:===============>                   43%]
[Progress:====>                         14%] [Cov:===============>                   44%]
[Progress:====>                         14%] [Cov:===============>                   45%]
[Progress:====>                         14%] [Cov:===============>                   45%]
[Progress:====>                         14%] [Cov:===============>                   45%]
[Progress:====>                         15%] [Cov:===============>                   43%]
[Progress:====>                         15%] [Cov:===============>                   44%]
[Progress:====>                         15%] [Cov:===============>                   45%]
[Progress:====>                         15%] [Cov:===============>                   45%]
[Progress:====>                         15%] [Cov:===============>                   45%]
[Progress:====>                         15%] [Cov:===============>                   45%]
[Progress:====>                         15%] [Cov:================>                  46%]
[Progress:====>                         16%] [Cov:===============>                   45%]
[Progress:====>                         16%] [Cov:================>                  46%]
[Progress:====>                         16%] [Cov:================>                  46%]
[Progress:====>                         16%] [Cov:================>                  46%]
[Progress:====>                         16%] [Cov:================>                  46%]
[Progress:====>                         16%] [Cov:================>                  46%]
[Progress:====>                         16%] [Cov:================>                  46%]
[Progress:====>                         16%] [Cov:================>                  46%]
[Progress:=====>                        17%] [Cov:================>                  46%]
[Progress:=====>                        17%] [Cov:================>                  46%]
[Progress:=====>                        17%] [Cov:================>                  46%]
[Progress:=====>                        18%] [Cov:================>                  46%]
[Progress:=====>                        18%] [Cov:================>                  46%]
[Progress:=====>                        18%] [Cov:================>                  46%]
[Progress:=====>                        18%] [Cov:================>                  46%]
[Progress:=====>                        18%] [Cov:================>                  46%]
[Progress:=====>                        18%] [Cov:================>                  46%]
[Progress:=====>                        18%] [Cov:================>                  46%]
[Progress:=====>                        19%] [Cov:================>                  46%]
[Progress:=====>                        19%] [Cov:================>                  46%]
[Progress:=====>                        19%] [Cov:================>                  46%]
[Progress:=====>                        19%] [Cov:================>                  46%]
[Progress:======>                       20%] [Cov:================>                  46%]
[Progress:======>                       20%] [Cov:================>                  46%]
[Progress:======>                       20%] [Cov:================>                  46%]
[Progress:======>                       20%] [Cov:================>                  46%]
[Progress:======>                       20%] [Cov:================>                  46%]
[Progress:======>                       20%] [Cov:================>                  46%]
[Progress:======>                       20%] [Cov:================>                  46%]
[Progress:======>                       21%] [Cov:================>                  46%]
[Progress:======>                       21%] [Cov:================>                  46%]
[Progress:======>                       21%] [Cov:================>                  46%]
[Progress:======>                       21%] [Cov:================>                  47%]
[Progress:======>                       22%] [Cov:================>                  46%]
[Progress:======>                       22%] [Cov:================>                  47%]
[Progress:======>                       22%] [Cov:================>                  47%]
[Progress:======>                       22%] [Cov:================>                  47%]
[Progress:======>                       22%] [Cov:================>                  47%]
[Progress:======>                       22%] [Cov:================>                  47%]
[Progress:======>                       22%] [Cov:================>                  47%]
[Progress:======>                       23%] [Cov:================>                  46%]
[Progress:======>                       23%] [Cov:================>                  47%]
[Progress:======>                       23%] [Cov:================>                  47%]
[Progress:======>                       23%] [Cov:================>                  47%]
[Progress:=======>                      24%] [Cov:================>                  47%]
[Progress:=======>                      24%] [Cov:================>                  47%]
[Progress:=======>                      24%] [Cov:================>                  47%]
[Progress:=======>                      24%] [Cov:================>                  47%]
[Progress:=======>                      24%] [Cov:================>                  46%]
[Progress:=======>                      24%] [Cov:================>                  47%]
[Progress:=======>                      24%] [Cov:================>                  46%]
[Progress:=======>                      24%] [Cov:================>                  47%]
[Progress:=======>                      25%] [Cov:================>                  47%]
[Progress:=======>                      25%] [Cov:================>                  47%]
[Progress:=======>                      25%] [Cov:================>                  47%]
[Progress:=======>                      26%] [Cov:================>                  47%]
[Progress:=======>                      26%] [Cov:================>                  47%]
[Progress:=======>                      26%] [Cov:================>                  47%]
[Progress:=======>                      26%] [Cov:================>                  46%]
[Progress:=======>                      26%] [Cov:================>                  47%]
[Progress:=======>                      26%] [Cov:================>                  46%]
[Progress:=======>                      26%] [Cov:================>                  47%]
[Progress:=======>                      26%] [Cov:================>                  46%]
[Progress:=======>                      26%] [Cov:================>                  47%]
[Progress:=======>                      26%] [Cov:================>                  46%]
[Progress:=======>                      26%] [Cov:================>                  47%]
[Progress:========>                     27%] [Cov:================>                  47%]
[Progress:========>                     27%] [Cov:================>                  46%]
[Progress:========>                     27%] [Cov:================>                  47%]
[Progress:========>                     27%] [Cov:================>                  46%]
[Progress:========>                     27%] [Cov:================>                  47%]
[Progress:========>                     28%] [Cov:================>                  47%]
[Progress:========>                     28%] [Cov:================>                  46%]
[Progress:========>                     28%] [Cov:================>                  47%]
[Progress:========>                     28%] [Cov:================>                  46%]
[Progress:========>                     28%] [Cov:================>                  47%]
[Progress:========>                     28%] [Cov:================>                  46%]
[Progress:========>                     28%] [Cov:================>                  47%]
[Progress:========>                     28%] [Cov:================>                  46%]
[Progress:========>                     28%] [Cov:================>                  47%]
[Progress:========>                     28%] [Cov:================>                  46%]
[Progress:========>                     28%] [Cov:================>                  47%]
[Progress:========>                     29%] [Cov:================>                  47%]
[Progress:========>                     29%] [Cov:================>                  46%]
[Progress:========>                     29%] [Cov:================>                  47%]
[Progress:========>                     29%] [Cov:================>                  46%]
[Progress:========>                     29%] [Cov:================>                  47%]
[Progress:========>                     29%] [Cov:================>                  46%]
[Progress:========>                     29%] [Cov:================>                  47%]
[Progress:=========>                    30%] [Cov:================>                  46%]
[Progress:=========>                    30%] [Cov:================>                  47%]
[Progress:=========>                    30%] [Cov:================>                  46%]
[Progress:=========>                    30%] [Cov:================>                  47%]
[Progress:=========>                    30%] [Cov:================>                  46%]
[Progress:=========>                    30%] [Cov:================>                  47%]
[Progress:=========>                    30%] [Cov:================>                  46%]
[Progress:=========>                    30%] [Cov:================>                  47%]
[Progress:=========>                    30%] [Cov:================>                  46%]
[Progress:=========>                    30%] [Cov:================>                  47%]
[Progress:=========>                    30%] [Cov:================>                  46%]
[Progress:=========>                    30%] [Cov:================>                  47%]
[Progress:=========>                    31%] [Cov:================>                  47%]
[Progress:=========>                    31%] [Cov:================>                  46%]
[Progress:=========>                    31%] [Cov:================>                  47%]
[Progress:=========>                    31%] [Cov:================>                  46%]
[Progress:=========>                    31%] [Cov:================>                  47%]
[Progress:=========>                    32%] [Cov:================>                  47%]
[Progress:=========>                    32%] [Cov:================>                  46%]
[Progress:=========>                    32%] [Cov:================>                  47%]
[Progress:=========>                    32%] [Cov:================>                  46%]
[Progress:=========>                    32%] [Cov:================>                  47%]
[Progress:=========>                    32%] [Cov:================>                  46%]
[Progress:=========>                    32%] [Cov:================>                  47%]
[Progress:=========>                    32%] [Cov:================>                  46%]
[Progress:=========>                    32%] [Cov:================>                  47%]
[Progress:=========>                    32%] [Cov:================>                  46%]
[Progress:=========>                    32%] [Cov:================>                  47%]
[Progress:=========>                    33%] [Cov:================>                  47%]
[Progress:=========>                    33%] [Cov:================>                  46%]
[Progress:=========>                    33%] [Cov:================>                  47%]
[Progress:=========>                    33%] [Cov:================>                  46%]
[Progress:=========>                    33%] [Cov:================>                  47%]
[Progress:==========>                   34%] [Cov:================>                  46%]
[Progress:==========>                   34%] [Cov:================>                  47%]
[Progress:==========>                   34%] [Cov:================>                  46%]
[Progress:==========>                   34%] [Cov:================>                  47%]
[Progress:==========>                   34%] [Cov:================>                  46%]
[Progress:==========>                   34%] [Cov:================>                  47%]
[Progress:==========>                   34%] [Cov:================>                  46%]
[Progress:==========>                   34%] [Cov:================>                  47%]
[Progress:==========>                   34%] [Cov:================>                  46%]
[Progress:==========>                   34%] [Cov:================>                  47%]
[Progress:==========>                   34%] [Cov:================>                  46%]
[Progress:==========>                   34%] [Cov:================>                  47%]
[Progress:==========>                   35%] [Cov:================>                  47%]
[Progress:==========>                   35%] [Cov:================>                  46%]
[Progress:==========>                   35%] [Cov:================>                  47%]
[Progress:==========>                   35%] [Cov:================>                  46%]
[Progress:==========>                   35%] [Cov:================>                  47%]
[Progress:==========>                   36%] [Cov:================>                  47%]
[Progress:==========>                   36%] [Cov:================>                  46%]
[Progress:==========>                   36%] [Cov:================>                  47%]
[Progress:==========>                   36%] [Cov:================>                  46%]
[Progress:==========>                   36%] [Cov:================>                  47%]
[Progress:==========>                   36%] [Cov:================>                  46%]
[Progress:==========>                   36%] [Cov:================>                  47%]
[Progress:==========>                   36%] [Cov:================>                  46%]
[Progress:==========>                   36%] [Cov:================>                  47%]
[Progress:==========>                   36%] [Cov:================>                  46%]
[Progress:==========>                   36%] [Cov:================>                  47%]
[Progress:===========>                  37%] [Cov:================>                  47%]
[Progress:===========>                  37%] [Cov:================>                  46%]
[Progress:===========>                  37%] [Cov:================>                  47%]
[Progress:===========>                  37%] [Cov:================>                  46%]
[Progress:===========>                  37%] [Cov:================>                  47%]
[Progress:===========>                  38%] [Cov:================>                  47%]
[Progress:===========>                  38%] [Cov:================>                  46%]
[Progress:===========>                  38%] [Cov:================>                  47%]
[Progress:===========>                  38%] [Cov:================>                  46%]
[Progress:===========>                  38%] [Cov:================>                  47%]
[Progress:===========>                  38%] [Cov:================>                  46%]
[Progress:===========>                  38%] [Cov:================>                  47%]
[Progress:===========>                  38%] [Cov:================>                  46%]
[Progress:===========>                  38%] [Cov:================>                  47%]
[Progress:===========>                  38%] [Cov:================>                  46%]
[Progress:===========>                  38%] [Cov:================>                  47%]
[Progress:===========>                  39%] [Cov:================>                  46%]
[Progress:===========>                  39%] [Cov:================>                  47%]
[Progress:===========>                  39%] [Cov:================>                  46%]
[Progress:===========>                  39%] [Cov:================>                  47%]
[Progress:===========>                  39%] [Cov:================>                  46%]
[Progress:===========>                  39%] [Cov:================>                  47%]
[Progress:============>                 40%] [Cov:================>                  46%]
[Progress:============>                 40%] [Cov:================>                  47%]
[Progress:============>                 40%] [Cov:================>                  46%]
[Progress:============>                 40%] [Cov:================>                  47%]
[Progress:============>                 40%] [Cov:================>                  46%]
[Progress:============>                 40%] [Cov:================>                  47%]
[Progress:============>                 40%] [Cov:================>                  46%]
[Progress:============>                 40%] [Cov:================>                  47%]
[Progress:============>                 40%] [Cov:================>                  46%]
[Progress:============>                 40%] [Cov:================>                  47%]
[Progress:============>                 40%] [Cov:================>                  48%]
[Progress:============>                 40%] [Cov:================>                  48%]
[Progress:============>                 41%] [Cov:================>                  47%]
[Progress:============>                 41%] [Cov:================>                  48%]
[Progress:============>                 41%] [Cov:================>                  48%]
[Progress:============>                 42%] [Cov:================>                  47%]
[Progress:============>                 42%] [Cov:================>                  48%]
[Progress:============>                 42%] [Cov:================>                  48%]
[Progress:============>                 42%] [Cov:================>                  48%]
[Progress:============>                 42%] [Cov:================>                  48%]
[Progress:============>                 42%] [Cov:================>                  48%]
[Progress:============>                 42%] [Cov:================>                  48%]
[Progress:============>                 43%] [Cov:================>                  48%]
[Progress:============>                 43%] [Cov:================>                  48%]
[Progress:============>                 43%] [Cov:================>                  48%]
[Progress:============>                 43%] [Cov:=================>                 49%]
[Progress:=============>                44%] [Cov:================>                  48%]
[Progress:=============>                44%] [Cov:=================>                 49%]
[Progress:=============>                44%] [Cov:=================>                 49%]
[Progress:=============>                44%] [Cov:=================>                 49%]
[Progress:=============>                44%] [Cov:=================>                 49%]
[Progress:=============>                44%] [Cov:=================>                 49%]
[Progress:=============>                45%] [Cov:=================>                 49%]
[Progress:=============>                45%] [Cov:=================>                 49%]
[Progress:=============>                45%] [Cov:=================>                 49%]
[Progress:=============>                46%] [Cov:=================>                 49%]
[Progress:=============>                46%] [Cov:=================>                 49%]
[Progress:=============>                46%] [Cov:=================>                 49%]
[Progress:=============>                46%] [Cov:=================>                 49%]
[Progress:=============>                46%] [Cov:=================>                 49%]
[Progress:=============>                46%] [Cov:=================>                 49%]
[Progress:==============>               47%] [Cov:=================>                 49%]
[Progress:==============>               47%] [Cov:=================>                 49%]
[Progress:==============>               47%] [Cov:=================>                 49%]
[Progress:==============>               48%] [Cov:=================>                 49%]
[Progress:==============>               48%] [Cov:=================>                 49%]
[Progress:==============>               48%] [Cov:=================>                 49%]
[Progress:==============>               48%] [Cov:=================>                 49%]
[Progress:==============>               48%] [Cov:=================>                 49%]
[Progress:==============>               49%] [Cov:=================>                 49%]
[Progress:==============>               49%] [Cov:=================>                 49%]
[Progress:==============>               49%] [Cov:=================>                 49%]
[Progress:===============>              50%] [Cov:=================>                 49%]
[Progress:===============>              50%] [Cov:=================>                 49%]
[Progress:===============>              50%] [Cov:=================>                 49%]
[Progress:===============>              50%] [Cov:=================>                 49%]
[Progress:===============>              50%] [Cov:=================>                 49%]
[Progress:===============>              50%] [Cov:=================>                 49%]
[Progress:===============>              51%] [Cov:=================>                 49%]
[Progress:===============>              51%] [Cov:=================>                 49%]
[Progress:===============>              51%] [Cov:=================>                 49%]
[Progress:===============>              52%] [Cov:=================>                 49%]
[Progress:===============>              52%] [Cov:=================>                 49%]
[Progress:===============>              52%] [Cov:=================>                 49%]
[Progress:===============>              52%] [Cov:=================>                 49%]
[Progress:===============>              53%] [Cov:=================>                 49%]
[Progress:===============>              53%] [Cov:=================>                 49%]
[Progress:===============>              53%] [Cov:=================>                 49%]
[Progress:================>             54%] [Cov:=================>                 49%]
[Progress:================>             54%] [Cov:=================>                 49%]
[Progress:================>             54%] [Cov:=================>                 49%]
[Progress:================>             54%] [Cov:=================>                 49%]
[Progress:================>             54%] [Cov:================>                  48%]
[Progress:================>             54%] [Cov:=================>                 49%]
[Progress:================>             55%] [Cov:=================>                 49%]
[Progress:================>             55%] [Cov:================>                  48%]
[Progress:================>             55%] [Cov:=================>                 49%]
[Progress:================>             55%] [Cov:=================>                 49%]
[Progress:================>             56%] [Cov:=================>                 49%]
[Progress:================>             56%] [Cov:=================>                 49%]
[Progress:================>             56%] [Cov:=================>                 49%]
[Progress:================>             56%] [Cov:=================>                 49%]
[Progress:================>             56%] [Cov:=================>                 49%]
[Progress:=================>            57%] [Cov:=================>                 49%]
[Progress:=================>            57%] [Cov:=================>                 49%]
[Progress:=================>            57%] [Cov:=================>                 49%]
[Progress:=================>            58%] [Cov:=================>                 49%]
[Progress:=================>            58%] [Cov:=================>                 49%]
[Progress:=================>            58%] [Cov:=================>                 49%]
[Progress:=================>            58%] [Cov:=================>                 50%]
[Progress:=================>            58%] [Cov:=================>                 50%]
[Progress:=================>            58%] [Cov:=================>                 50%]
[Progress:=================>            58%] [Cov:=================>                 50%]
[Progress:=================>            59%] [Cov:=================>                 49%]
[Progress:=================>            59%] [Cov:=================>                 50%]
[Progress:=================>            59%] [Cov:=================>                 50%]
[Progress:=================>            59%] [Cov:=================>                 50%]
[Progress:==================>           60%] [Cov:=================>                 49%]
[Progress:==================>           60%] [Cov:=================>                 50%]
[Progress:==================>           60%] [Cov:=================>                 50%]
[Progress:==================>           60%] [Cov:=================>                 50%]
[Progress:==================>           60%] [Cov:=================>                 50%]
[Progress:==================>           60%] [Cov:=================>                 50%]
[Progress:==================>           61%] [Cov:=================>                 50%]
[Progress:==================>           61%] [Cov:=================>                 49%]
[Progress:==================>           61%] [Cov:=================>                 50%]
[Progress:==================>           62%] [Cov:=================>                 50%]
[Progress:==================>           62%] [Cov:=================>                 49%]
[Progress:==================>           62%] [Cov:=================>                 50%]
[Progress:==================>           62%] [Cov:=================>                 49%]
[Progress:==================>           62%] [Cov:=================>                 50%]
[Progress:==================>           62%] [Cov:=================>                 49%]
[Progress:==================>           62%] [Cov:=================>                 50%]
[Progress:==================>           62%] [Cov:=================>                 49%]
[Progress:==================>           62%] [Cov:=================>                 50%]
[Progress:==================>           63%] [Cov:=================>                 49%]
[Progress:==================>           63%] [Cov:=================>                 50%]
[Progress:==================>           63%] [Cov:=================>                 49%]
[Progress:==================>           63%] [Cov:=================>                 50%]
[Progress:==================>           63%] [Cov:=================>                 49%]
[Progress:==================>           63%] [Cov:=================>                 50%]
[Progress:===================>          64%] [Cov:=================>                 49%]
[Progress:===================>          64%] [Cov:=================>                 50%]
[Progress:===================>          64%] [Cov:=================>                 49%]
[Progress:===================>          64%] [Cov:=================>                 50%]
[Progress:===================>          64%] [Cov:=================>                 50%]
[Progress:===================>          64%] [Cov:=================>                 50%]
[Progress:===================>          65%] [Cov:=================>                 49%]
[Progress:===================>          65%] [Cov:=================>                 50%]
[Progress:===================>          65%] [Cov:=================>                 50%]
[Progress:===================>          65%] [Cov:=================>                 50%]
[Progress:===================>          66%] [Cov:=================>                 49%]
[Progress:===================>          66%] [Cov:=================>                 50%]
[Progress:===================>          66%] [Cov:=================>                 50%]
[Progress:===================>          66%] [Cov:=================>                 50%]
[Progress:===================>          66%] [Cov:=================>                 50%]
[Progress:===================>          66%] [Cov:=================>                 50%]
[Progress:====================>         67%] [Cov:=================>                 49%]
[Progress:====================>         67%] [Cov:=================>                 50%]
[Progress:====================>         67%] [Cov:=================>                 50%]
[Progress:====================>         68%] [Cov:=================>                 50%]
[Progress:====================>         68%] [Cov:=================>                 50%]
[Progress:====================>         68%] [Cov:=================>                 50%]
[Progress:====================>         68%] [Cov:=================>                 50%]
[Progress:====================>         69%] [Cov:=================>                 50%]
[Progress:====================>         69%] [Cov:=================>                 50%]
[Progress:====================>         69%] [Cov:=================>                 50%]
[Progress:=====================>        70%] [Cov:=================>                 50%]
[Progress:=====================>        70%] [Cov:=================>                 49%]
[Progress:=====================>        70%] [Cov:=================>                 50%]
[Progress:=====================>        70%] [Cov:=================>                 49%]
[Progress:=====================>        70%] [Cov:=================>                 50%]
[Progress:=====================>        70%] [Cov:=================>                 49%]
[Progress:=====================>        70%] [Cov:=================>                 50%]
[Progress:=====================>        71%] [Cov:=================>                 50%]
[Progress:=====================>        71%] [Cov:=================>                 49%]
[Progress:=====================>        71%] [Cov:=================>                 50%]
[Progress:=====================>        72%] [Cov:=================>                 50%]
[Progress:=====================>        72%] [Cov:=================>                 49%]
[Progress:=====================>        72%] [Cov:=================>                 50%]
[Progress:=====================>        72%] [Cov:=================>                 49%]
[Progress:=====================>        72%] [Cov:=================>                 50%]
[Progress:=====================>        72%] [Cov:=================>                 49%]
[Progress:=====================>        72%] [Cov:=================>                 50%]
[Progress:=====================>        72%] [Cov:=================>                 49%]
[Progress:=====================>        72%] [Cov:=================>                 50%]
[Progress:=====================>        73%] [Cov:=================>                 49%]
[Progress:=====================>        73%] [Cov:=================>                 50%]
[Progress:=====================>        73%] [Cov:=================>                 49%]
[Progress:=====================>        73%] [Cov:=================>                 50%]
[Progress:======================>       74%] [Cov:=================>                 49%]
[Progress:======================>       74%] [Cov:=================>                 49%]
[Progress:======================>       74%] [Cov:=================>                 49%]
[Progress:======================>       74%] [Cov:=================>                 50%]
[Progress:======================>       74%] [Cov:=================>                 49%]
[Progress:======================>       74%] [Cov:=================>                 50%]
[Progress:======================>       74%] [Cov:=================>                 49%]
[Progress:======================>       75%] [Cov:=================>                 49%]
[Progress:======================>       75%] [Cov:=================>                 50%]
[Progress:=======================>      78%] [Cov:=================>                 49%]
[Progress:=======================>      78%] [Cov:=================>                 49%]
[Progress:=======================>      78%] [Cov:=================>                 50%]
[Progress:=======================>      79%] [Cov:=================>                 49%]
[Progress:=======================>      79%] [Cov:=================>                 50%]
[Progress:=======================>      79%] [Cov:=================>                 49%]
[Progress:=======================>      79%] [Cov:=================>                 50%]
[Progress:=======================>      79%] [Cov:=================>                 49%]
[Progress:========================>     80%] [Cov:=================>                 49%]
[Progress:========================>     80%] [Cov:=================>                 49%]
[Progress:========================>     80%] [Cov:=================>                 49%]
[Progress:========================>     80%] [Cov:=================>                 49%]
[Progress:========================>     81%] [Cov:=================>                 49%]
[Progress:========================>     81%] [Cov:=================>                 49%]
[Progress:========================>     81%] [Cov:=================>                 50%]
[Progress:========================>     81%] [Cov:=================>                 49%]
[Progress:========================>     82%] [Cov:=================>                 49%]
[Progress:========================>     82%] [Cov:=================>                 50%]
[Progress:========================>     82%] [Cov:=================>                 49%]
[Progress:========================>     82%] [Cov:=================>                 50%]
[Progress:========================>     82%] [Cov:=================>                 49%]
[Progress:========================>     82%] [Cov:=================>                 50%]
[Progress:========================>     82%] [Cov:=================>                 49%]
[Progress:========================>     83%] [Cov:=================>                 49%]
[Progress:========================>     83%] [Cov:=================>                 50%]
[Progress:========================>     83%] [Cov:=================>                 49%]
[Progress:========================>     83%] [Cov:=================>                 50%]
[Progress:=========================>    84%] [Cov:=================>                 49%]
[Progress:=========================>    84%] [Cov:=================>                 49%]
[Progress:=========================>    84%] [Cov:=================>                 50%]
[Progress:=========================>    84%] [Cov:=================>                 49%]
[Progress:=========================>    84%] [Cov:=================>                 50%]
[Progress:=========================>    84%] [Cov:=================>                 49%]
[Progress:=========================>    84%] [Cov:=================>                 50%]
[Progress:=========================>    84%] [Cov:=================>                 49%]
[Progress:=========================>    85%] [Cov:=================>                 49%]
[Progress:=========================>    85%] [Cov:=================>                 49%]
[Progress:=========================>    85%] [Cov:=================>                 50%]
[Progress:=========================>    86%] [Cov:=================>                 49%]
[Progress:=========================>    86%] [Cov:=================>                 49%]
[Progress:=========================>    86%] [Cov:=================>                 50%]
[Progress:=========================>    86%] [Cov:=================>                 49%]
[Progress:=========================>    86%] [Cov:=================>                 50%]
[Progress:=========================>    86%] [Cov:=================>                 49%]
[Progress:=========================>    86%] [Cov:=================>                 50%]
[Progress:==========================>   87%] [Cov:=================>                 49%]
[Progress:==========================>   87%] [Cov:=================>                 50%]
[Progress:==========================>   87%] [Cov:=================>                 49%]
[Progress:==========================>   87%] [Cov:=================>                 50%]
[Progress:==========================>   87%] [Cov:=================>                 49%]
[Progress:==========================>   87%] [Cov:=================>                 50%]
[Progress:==========================>   88%] [Cov:=================>                 49%]
[Progress:==========================>   88%] [Cov:=================>                 50%]
[Progress:==========================>   88%] [Cov:=================>                 49%]
[Progress:==========================>   88%] [Cov:=================>                 50%]
[Progress:==========================>   88%] [Cov:=================>                 49%]
[Progress:==========================>   88%] [Cov:=================>                 50%]
[Progress:==========================>   88%] [Cov:=================>                 49%]
[Progress:==========================>   88%] [Cov:=================>                 50%]
[Progress:==========================>   88%] [Cov:=================>                 49%]
[Progress:==========================>   88%] [Cov:=================>                 50%]
[Progress:==========================>   89%] [Cov:=================>                 49%]
[Progress:==========================>   89%] [Cov:=================>                 50%]
[Progress:==========================>   89%] [Cov:=================>                 49%]
[Progress:==========================>   89%] [Cov:=================>                 50%]
[Progress:==========================>   89%] [Cov:=================>                 49%]
[Progress:===========================>  90%] [Cov:=================>                 49%]
[Progress:===========================>  90%] [Cov:=================>                 50%]
[Progress:===========================>  90%] [Cov:=================>                 49%]
[Progress:===========================>  90%] [Cov:=================>                 50%]
[Progress:===========================>  90%] [Cov:=================>                 49%]
[Progress:===========================>  90%] [Cov:=================>                 50%]
[Progress:===========================>  90%] [Cov:=================>                 49%]
[Progress:===========================>  90%] [Cov:=================>                 50%]
[Progress:===========================>  91%] [Cov:=================>                 49%]
[Progress:===========================>  91%] [Cov:=================>                 50%]
[Progress:===========================>  91%] [Cov:=================>                 49%]
[Progress:===========================>  91%] [Cov:=================>                 50%]
[Progress:===========================>  91%] [Cov:=================>                 49%]
[Progress:===========================>  91%] [Cov:=================>                 50%]
[Progress:===========================>  92%] [Cov:=================>                 49%]
[Progress:===========================>  92%] [Cov:=================>                 50%]
[Progress:===========================>  92%] [Cov:=================>                 49%]
[Progress:===========================>  92%] [Cov:=================>                 50%]
[Progress:===========================>  92%] [Cov:=================>                 49%]
[Progress:===========================>  92%] [Cov:=================>                 50%]
[Progress:===========================>  92%] [Cov:=================>                 49%]
[Progress:===========================>  92%] [Cov:=================>                 50%]
[Progress:===========================>  93%] [Cov:=================>                 49%]
[Progress:===========================>  93%] [Cov:=================>                 49%]
[Progress:===========================>  93%] [Cov:=================>                 50%]
[Progress:===========================>  93%] [Cov:=================>                 49%]
[Progress:===========================>  93%] [Cov:=================>                 50%]
[Progress:============================> 94%] [Cov:=================>                 49%]
[Progress:============================> 94%] [Cov:=================>                 50%]
[Progress:============================> 94%] [Cov:=================>                 49%]
[Progress:============================> 94%] [Cov:=================>                 50%]
[Progress:============================> 94%] [Cov:=================>                 49%]
[Progress:============================> 94%] [Cov:=================>                 50%]
[Progress:============================> 94%] [Cov:=================>                 49%]
[Progress:============================> 94%] [Cov:=================>                 50%]
[Progress:============================> 94%] [Cov:=================>                 49%]
[Progress:============================> 95%] [Cov:=================>                 49%]
[Progress:============================> 95%] [Cov:=================>                 50%]
[Progress:============================> 95%] [Cov:=================>                 49%]
[Progress:============================> 95%] [Cov:=================>                 50%]
[Progress:============================> 95%] [Cov:=================>                 49%]
[Progress:============================> 96%] [Cov:=================>                 49%]
[Progress:============================> 96%] [Cov:=================>                 50%]
[Progress:============================> 96%] [Cov:=================>                 49%]
[Progress:============================> 96%] [Cov:=================>                 50%]
[Progress:============================> 96%] [Cov:=================>                 49%]
[Progress:============================> 96%] [Cov:=================>                 50%]
[Progress:============================> 96%] [Cov:=================>                 49%]
[Progress:============================> 96%] [Cov:=================>                 50%]
[Progress:============================> 96%] [Cov:=================>                 49%]
[Progress:============================> 96%] [Cov:=================>                 50%]
[Progress:=============================>97%] [Cov:=================>                 49%]
[Progress:=============================>97%] [Cov:=================>                 50%]
[Progress:=============================>97%] [Cov:=================>                 49%]
[Progress:=============================>97%] [Cov:=================>                 50%]
[Progress:=============================>97%] [Cov:=================>                 49%]
[Progress:=============================>97%] [Cov:=================>                 50%]
[Progress:=============================>98%] [Cov:=================>                 49%]
[Progress:=============================>98%] [Cov:=================>                 50%]
[Progress:=============================>98%] [Cov:=================>                 49%]
[Progress:=============================>98%] [Cov:=================>                 50%]
[Progress:=============================>98%] [Cov:=================>                 49%]
[Progress:=============================>98%] [Cov:=================>                 50%]
[Progress:=============================>98%] [Cov:=================>                 49%]
[Progress:=============================>98%] [Cov:=================>                 50%]
[Progress:=============================>99%] [Cov:=================>                 49%]
[Progress:=============================>99%] [Cov:=================>                 49%]
[Progress:=============================>99%] [Cov:=================>                 50%]
[Progress:=============================>99%] [Cov:=================>                 49%]
[Progress:==============================100%] [Cov:=================>                 49%]
[Progress:==============================100%] [Cov:=================>                 49%]
[Progress:==============================100%] [Cov:=================>                 50%]
[Progress:==============================100%] [Cov:=================>                 49%]
[Progress:==============================100%] [Cov:=================>                 50%]
[Progress:==============================100%] [Cov:=================>                 49%]
* Search finished after 151s and 316 generations, 117636 statements, best individual has fitness: 442.01638418079096
* Minimizing test suite
* Going to analyze the coverage criteria
* Coverage analysis for criterion LINE
* Coverage of criterion LINE: 40%
* Total number of goals: 96
* Number of covered goals: 38
* Coverage analysis for criterion BRANCH
* Coverage of criterion BRANCH: 36%
* Total number of goals: 74
* Number of covered goals: 27
* Coverage analysis for criterion EXCEPTION
* Coverage of criterion EXCEPTION: 100%
* Total number of goals: 3
* Number of covered goals: 3
* Coverage analysis for criterion WEAKMUTATION
* Coverage of criterion WEAKMUTATION: 18%
* Total number of goals: 256
* Number of covered goals: 47
* Coverage analysis for criterion OUTPUT
* Coverage of criterion OUTPUT: 38%
* Total number of goals: 8
* Number of covered goals: 3
* Coverage analysis for criterion METHOD
* Coverage of criterion METHOD: 75%
* Total number of goals: 4
* Number of covered goals: 3
* Coverage analysis for criterion METHODNOEXCEPTION
* Coverage of criterion METHODNOEXCEPTION: 75%
* Total number of goals: 4
* Number of covered goals: 3
* Coverage analysis for criterion CBRANCH
* Coverage of criterion CBRANCH: 35%
* Total number of goals: 74
* Number of covered goals: 26
* Generated 13 tests with total length 65
* Resulting test suite's coverage: 50% (average coverage for all fitness functions)
* Generating assertions
* Resulting test suite's mutation score: 3%
* Compiling and checking tests
* Permissions denied during test execution: 
  - java.lang.RuntimePermission: 
         writeFileDescriptor: 2
* Writing tests to file
* Writing JUnit test case 'SyntacticScopeCreator_ESTest' to evosuite-tests
* Done!

* Computation finished

