CMD: /usr/lib/jvm/java-8-openjdk-amd64/bin/java -Dtools_jar_location=/usr/lib/jvm/java-8-openjdk-amd64/lib/tools.jar -jar /home/user/TestRound2/evosuite-1.2.0.jar -generateSuite -class org.joda.time.chrono.ZonedChronology -projectCP /home/user/TestRound2/Test/Time-26b/build/classes:/home/user/defects4j/framework/projects/Time/lib/joda-convert-1.2.jar -base_dir /home/user/TestRound2/results/project-Time/Time-26/round03/evosuite-work -seed 11 -Dalgorithm=NSGAII -Dsearch_budget=60 -Dtest_format=JUNIT4 -Dassertions=true

* EvoSuite 1.2.0
* Going to generate test cases for class: org.joda.time.chrono.ZonedChronology
* Starting Client-0
* Connecting to master process on port 8222
* Analyzing classpath: 
  - /home/user/TestRound2/Test/Time-26b/build/classes
  - /home/user/defects4j/framework/projects/Time/lib/joda-convert-1.2.jar
* Finished analyzing classpath
* Generating tests for class org.joda.time.chrono.ZonedChronology
* Test criteria:
  - Line Coverage
  - Branch Coverage
  - Exception
  - Mutation testing (weak)
  - Method-Output Coverage
  - Top-Level Method Coverage
  - No-Exception Top-Level Method Coverage
  - Context Branch Coverage
* Setting up search algorithm for whole suite generation
* Total number of test goals: 
  - Line 231
  - Branch 121
  - Exception 0
  - MutationFactory 749
  - Output 24
  - Method 55
  - MethodNoException 55
  - CBranchFitnessFactory 121

[Progress:>                             0%] [Cov:>                                  0%]* Using seed 11
* Starting evolution

[Progress:>                             0%] [Cov:>                                  0%]
[Progress:>                             1%] [Cov:=>                                 4%]
[Progress:>                             1%] [Cov:==>                                7%]
[Progress:>                             1%] [Cov:======>                            19%]
[Progress:>                             1%] [Cov:=======>                           20%]
[Progress:>                             1%] [Cov:=======>                           21%]
[Progress:>                             1%] [Cov:=======>                           22%]
[Progress:>                             1%] [Cov:========>                          23%]
[Progress:>                             1%] [Cov:========>                          25%]
[Progress:>                             3%] [Cov:=>                                 4%]
[Progress:>                             3%] [Cov:==>                                6%]
[Progress:>                             3%] [Cov:====>                              12%]
[Progress:>                             3%] [Cov:======>                            18%]
[Progress:>                             3%] [Cov:======>                            19%]
[Progress:>                             3%] [Cov:=======>                           20%]
[Progress:>                             3%] [Cov:=======>                           22%]
[Progress:>                             3%] [Cov:========>                          24%]
[Progress:>                             3%] [Cov:========>                          25%]
[Progress:>                             3%] [Cov:=========>                         26%]
[Progress:=>                            5%] [Cov:=========>                         28%]
[Progress:=>                            6%] [Cov:=======>                           20%]
[Progress:=>                            6%] [Cov:=======>                           21%]
[Progress:=>                            6%] [Cov:=======>                           22%]
[Progress:=>                            6%] [Cov:========>                          24%]
[Progress:=>                            6%] [Cov:=========>                         26%]
[Progress:=>                            6%] [Cov:=========>                         27%]
[Progress:=>                            6%] [Cov:==========>                        30%]
[Progress:=>                            6%] [Cov:===========>                       33%]
[Progress:=>                            6%] [Cov:============>                      35%]
[Progress:==>                           8%] [Cov:=>                                 5%]
[Progress:==>                           8%] [Cov:==>                                7%]
[Progress:==>                           8%] [Cov:=======>                           20%]
[Progress:==>                           8%] [Cov:=======>                           22%]
[Progress:==>                           8%] [Cov:========>                          24%]
[Progress:==>                           8%] [Cov:========>                          25%]
[Progress:==>                           8%] [Cov:=========>                         26%]
[Progress:==>                           8%] [Cov:=========>                         28%]
[Progress:==>                           8%] [Cov:============>                      35%]
[Progress:==>                           8%] [Cov:============>                      36%]
[Progress:==>                           8%] [Cov:============>                      37%]
[Progress:==>                           8%] [Cov:=============>                     38%]
[Progress:==>                           8%] [Cov:=============>                     39%]
[Progress:==>                           8%] [Cov:==============>                    40%]
[Progress:===>                          10%] [Cov:========>                          25%]
[Progress:===>                          10%] [Cov:==========>                        30%]
[Progress:===>                          10%] [Cov:============>                      36%]
[Progress:===>                          10%] [Cov:============>                      37%]
[Progress:===>                          10%] [Cov:=============>                     38%]
[Progress:===>                          10%] [Cov:=============>                     39%]
[Progress:===>                          10%] [Cov:==============>                    40%]
[Progress:===>                          10%] [Cov:==============>                    41%]
[Progress:===>                          11%] [Cov:=========>                         27%]
[Progress:===>                          11%] [Cov:============>                      35%]
[Progress:===>                          11%] [Cov:============>                      36%]
[Progress:===>                          11%] [Cov:============>                      37%]
[Progress:===>                          11%] [Cov:=============>                     38%]
[Progress:===>                          11%] [Cov:=============>                     39%]
[Progress:===>                          11%] [Cov:==============>                    40%]
[Progress:===>                          11%] [Cov:==============>                    40%]
[Progress:===>                          11%] [Cov:==============>                    41%]
[Progress:===>                          13%] [Cov:==============>                    42%]
[Progress:===>                          13%] [Cov:==============>                    41%]
[Progress:====>                         15%] [Cov:============>                      37%]
[Progress:====>                         15%] [Cov:==============>                    40%]
[Progress:====>                         15%] [Cov:==============>                    41%]
[Progress:====>                         15%] [Cov:==============>                    41%]
[Progress:====>                         16%] [Cov:============>                      37%]
[Progress:====>                         16%] [Cov:==============>                    40%]
[Progress:====>                         16%] [Cov:==============>                    41%]
[Progress:====>                         16%] [Cov:==============>                    42%]
[Progress:====>                         16%] [Cov:===============>                   43%]
[Progress:====>                         16%] [Cov:===============>                   44%]
[Progress:====>                         16%] [Cov:===============>                   44%]
[Progress:=====>                        18%] [Cov:==============>                    41%]
[Progress:=====>                        18%] [Cov:===============>                   43%]
[Progress:======>                       20%] [Cov:==============>                    40%]
[Progress:======>                       20%] [Cov:==============>                    41%]
[Progress:======>                       20%] [Cov:==============>                    42%]
[Progress:======>                       20%] [Cov:===============>                   43%]
[Progress:======>                       20%] [Cov:===============>                   44%]
[Progress:======>                       20%] [Cov:===============>                   45%]
[Progress:======>                       21%] [Cov:==============>                    40%]
[Progress:======>                       21%] [Cov:==============>                    41%]
[Progress:======>                       21%] [Cov:===============>                   43%]
[Progress:======>                       21%] [Cov:===============>                   44%]
[Progress:======>                       21%] [Cov:===============>                   44%]
[Progress:======>                       21%] [Cov:===============>                   45%]
[Progress:======>                       21%] [Cov:================>                  46%]
[Progress:======>                       21%] [Cov:================>                  47%]
[Progress:======>                       23%] [Cov:==============>                    41%]
[Progress:======>                       23%] [Cov:==============>                    42%]
[Progress:======>                       23%] [Cov:===============>                   44%]
[Progress:======>                       23%] [Cov:===============>                   45%]
[Progress:======>                       23%] [Cov:================>                  46%]
[Progress:=======>                      25%] [Cov:===============>                   43%]
[Progress:=======>                      25%] [Cov:===============>                   45%]
[Progress:=======>                      25%] [Cov:================>                  46%]
[Progress:=======>                      25%] [Cov:================>                  47%]
[Progress:=======>                      25%] [Cov:================>                  48%]
[Progress:=======>                      26%] [Cov:===============>                   43%]
[Progress:=======>                      26%] [Cov:===============>                   44%]
[Progress:=======>                      26%] [Cov:===============>                   45%]
[Progress:=======>                      26%] [Cov:================>                  46%]
[Progress:=======>                      26%] [Cov:================>                  47%]
[Progress:=======>                      26%] [Cov:================>                  48%]
[Progress:=======>                      26%] [Cov:================>                  46%]
[Progress:=======>                      26%] [Cov:================>                  47%]
[Progress:=======>                      26%] [Cov:================>                  48%]
[Progress:=======>                      26%] [Cov:=================>                 49%]
[Progress:========>                     28%] [Cov:==============>                    42%]
[Progress:========>                     28%] [Cov:=================>                 49%]
[Progress:========>                     28%] [Cov:=================>                 49%]
[Progress:========>                     28%] [Cov:=================>                 50%]
[Progress:=========>                    30%] [Cov:================>                  46%]
[Progress:=========>                    30%] [Cov:================>                  47%]
[Progress:=========>                    30%] [Cov:================>                  48%]
[Progress:=========>                    30%] [Cov:=================>                 49%]
[Progress:=========>                    30%] [Cov:=================>                 50%]
[Progress:=========>                    30%] [Cov:=================>                 51%]
[Progress:=========>                    31%] [Cov:================>                  47%]
[Progress:=========>                    31%] [Cov:=================>                 49%]
[Progress:=========>                    31%] [Cov:=================>                 51%]
[Progress:=========>                    33%] [Cov:================>                  47%]
[Progress:=========>                    33%] [Cov:================>                  48%]
[Progress:=========>                    33%] [Cov:=================>                 49%]
[Progress:=========>                    33%] [Cov:=================>                 51%]
[Progress:=========>                    33%] [Cov:=================>                 49%]
[Progress:==========>                   35%] [Cov:=================>                 49%]
[Progress:==========>                   35%] [Cov:=================>                 50%]
[Progress:==========>                   35%] [Cov:=================>                 51%]
[Progress:==========>                   36%] [Cov:================>                  47%]
[Progress:==========>                   36%] [Cov:================>                  48%]
[Progress:==========>                   36%] [Cov:=================>                 49%]
[Progress:==========>                   36%] [Cov:=================>                 50%]
[Progress:==========>                   36%] [Cov:=================>                 50%]
[Progress:===========>                  38%] [Cov:=================>                 50%]
[Progress:===========>                  38%] [Cov:=================>                 51%]
[Progress:===========>                  38%] [Cov:==================>                52%]
[Progress:============>                 40%] [Cov:=================>                 51%]
[Progress:============>                 40%] [Cov:=================>                 50%]
[Progress:============>                 40%] [Cov:=================>                 51%]
[Progress:============>                 40%] [Cov:==================>                52%]
[Progress:============>                 40%] [Cov:==================>                53%]
[Progress:============>                 41%] [Cov:================>                  48%]
[Progress:============>                 41%] [Cov:=================>                 50%]
[Progress:============>                 41%] [Cov:=================>                 51%]
[Progress:============>                 41%] [Cov:==================>                52%]
[Progress:============>                 41%] [Cov:==================>                53%]
[Progress:============>                 41%] [Cov:==================>                53%]
[Progress:============>                 43%] [Cov:=================>                 51%]
[Progress:============>                 43%] [Cov:==================>                52%]
[Progress:============>                 43%] [Cov:==================>                53%]
[Progress:============>                 43%] [Cov:==================>                54%]
[Progress:=============>                45%] [Cov:=================>                 50%]
[Progress:=============>                45%] [Cov:=================>                 51%]
[Progress:=============>                45%] [Cov:==================>                52%]
[Progress:=============>                45%] [Cov:==================>                53%]
[Progress:=============>                45%] [Cov:==================>                54%]
[Progress:=============>                46%] [Cov:=================>                 49%]
[Progress:=============>                46%] [Cov:==================>                52%]
[Progress:=============>                46%] [Cov:==================>                53%]
[Progress:=============>                46%] [Cov:==================>                54%]
[Progress:==============>               48%] [Cov:=================>                 51%]
[Progress:==============>               48%] [Cov:==================>                52%]
[Progress:==============>               48%] [Cov:==================>                53%]
[Progress:==============>               48%] [Cov:==================>                54%]
[Progress:===============>              50%] [Cov:==================>                53%]
[Progress:===============>              50%] [Cov:==================>                54%]
[Progress:===============>              51%] [Cov:==================>                53%]
[Progress:===============>              51%] [Cov:==================>                54%]
[Progress:===============>              53%] [Cov:==================>                53%]
[Progress:===============>              53%] [Cov:==================>                54%]
[Progress:===============>              53%] [Cov:===================>               55%]
[Progress:===============>              53%] [Cov:===================>               56%]
[Progress:===============>              53%] [Cov:===================>               56%]
[Progress:================>             55%] [Cov:==================>                53%]
[Progress:================>             55%] [Cov:==================>                54%]
[Progress:================>             55%] [Cov:===================>               55%]
[Progress:================>             55%] [Cov:===================>               56%]
[Progress:================>             56%] [Cov:==================>                54%]
[Progress:================>             56%] [Cov:===================>               55%]
[Progress:================>             56%] [Cov:===================>               56%]
[Progress:================>             56%] [Cov:===================>               56%]
[Progress:=================>            58%] [Cov:==================>                53%]
[Progress:=================>            58%] [Cov:===================>               55%]
[Progress:=================>            58%] [Cov:===================>               56%]
[Progress:==================>           60%] [Cov:==================>                54%]
[Progress:==================>           60%] [Cov:===================>               55%]
[Progress:==================>           60%] [Cov:===================>               56%]
[Progress:==================>           60%] [Cov:===================>               57%]
[Progress:==================>           60%] [Cov:====================>              58%]
[Progress:==================>           60%] [Cov:===================>               56%]
[Progress:==================>           61%] [Cov:==================>                54%]
[Progress:==================>           61%] [Cov:===================>               55%]
[Progress:==================>           61%] [Cov:===================>               56%]
[Progress:==================>           61%] [Cov:===================>               57%]
[Progress:==================>           61%] [Cov:====================>              58%]
[Progress:==================>           63%] [Cov:===================>               55%]
[Progress:==================>           63%] [Cov:===================>               57%]
[Progress:==================>           63%] [Cov:===================>               56%]
[Progress:==================>           63%] [Cov:===================>               57%]
[Progress:===================>          65%] [Cov:===================>               55%]
[Progress:===================>          65%] [Cov:===================>               56%]
[Progress:===================>          65%] [Cov:===================>               57%]
[Progress:===================>          65%] [Cov:====================>              58%]
[Progress:===================>          66%] [Cov:===================>               57%]
[Progress:====================>         68%] [Cov:===================>               57%]
[Progress:====================>         68%] [Cov:====================>              58%]
[Progress:====================>         68%] [Cov:===================>               56%]
[Progress:====================>         68%] [Cov:===================>               57%]
[Progress:=====================>        70%] [Cov:===================>               56%]
[Progress:=====================>        70%] [Cov:===================>               57%]
[Progress:=====================>        70%] [Cov:====================>              58%]
[Progress:=====================>        71%] [Cov:===================>               56%]
[Progress:=====================>        71%] [Cov:===================>               57%]
[Progress:=====================>        71%] [Cov:====================>              58%]
[Progress:=====================>        71%] [Cov:====================>              59%]
[Progress:=====================>        73%] [Cov:===================>               56%]
[Progress:=====================>        73%] [Cov:===================>               57%]
[Progress:=====================>        73%] [Cov:====================>              58%]
[Progress:=====================>        73%] [Cov:====================>              59%]
[Progress:======================>       75%] [Cov:==================>                54%]
[Progress:======================>       75%] [Cov:===================>               57%]
[Progress:======================>       75%] [Cov:====================>              58%]
[Progress:======================>       75%] [Cov:====================>              59%]
[Progress:======================>       76%] [Cov:===================>               56%]
[Progress:======================>       76%] [Cov:===================>               57%]
[Progress:======================>       76%] [Cov:===================>               57%]
[Progress:======================>       76%] [Cov:====================>              58%]
[Progress:======================>       76%] [Cov:====================>              59%]
[Progress:=======================>      78%] [Cov:===================>               57%]
[Progress:=======================>      78%] [Cov:====================>              58%]
[Progress:=======================>      78%] [Cov:====================>              59%]
[Progress:========================>     80%] [Cov:===================>               57%]
[Progress:========================>     80%] [Cov:====================>              58%]
[Progress:========================>     81%] [Cov:===================>               57%]
[Progress:========================>     81%] [Cov:====================>              58%]
[Progress:========================>     81%] [Cov:====================>              59%]
[Progress:========================>     81%] [Cov:===================>               57%]
[Progress:========================>     81%] [Cov:====================>              58%]
[Progress:========================>     81%] [Cov:====================>              59%]
[Progress:========================>     83%] [Cov:====================>              59%]
[Progress:=========================>    85%] [Cov:===================>               57%]
[Progress:=========================>    85%] [Cov:====================>              58%]
[Progress:=========================>    85%] [Cov:====================>              59%]
[Progress:=========================>    86%] [Cov:===================>               57%]
[Progress:=========================>    86%] [Cov:====================>              59%]
[Progress:=========================>    86%] [Cov:====================>              59%]
[Progress:==========================>   88%] [Cov:====================>              58%]
[Progress:==========================>   88%] [Cov:====================>              59%]
[Progress:===========================>  90%] [Cov:===================>               57%]
[Progress:===========================>  90%] [Cov:====================>              58%]
[Progress:===========================>  90%] [Cov:====================>              59%]
[Progress:===========================>  90%] [Cov:=====================>             60%]
[Progress:===========================>  90%] [Cov:=====================>             60%]
[Progress:===========================>  91%] [Cov:====================>              59%]
[Progress:===========================>  91%] [Cov:=====================>             60%]
[Progress:===========================>  93%] [Cov:====================>              59%]
[Progress:===========================>  93%] [Cov:=====================>             60%]
[Progress:============================> 95%] [Cov:===================>               57%]
[Progress:============================> 95%] [Cov:====================>              59%]
[Progress:============================> 95%] [Cov:=====================>             60%]
[Progress:============================> 95%] [Cov:====================>              59%]
[Progress:============================> 95%] [Cov:=====================>             61%]
[Progress:============================> 96%] [Cov:====================>              59%]
[Progress:============================> 96%] [Cov:=====================>             60%]
[Progress:============================> 96%] [Cov:=====================>             61%]
[Progress:=============================>98%] [Cov:===================>               56%]
[Progress:=============================>98%] [Cov:====================>              59%]
[Progress:=============================>98%] [Cov:=====================>             60%]
[Progress:=============================>98%] [Cov:=====================>             60%]
[Progress:==============================100%] [Cov:=====================>             60%]
[Progress:==============================100%] [Cov:====================>              59%]
[Progress:==============================100%] [Cov:=====================>             60%]
[Progress:==============================100%] [Cov:=====================>             61%]
[Progress:==============================100%] [Cov:====================>              59%]
[Progress:==============================100%] [Cov:=====================>             60%]
[Progress:==============================100%] [Cov:=====================>             60%]
* Search finished after 63s and 32 generations, 13709 statements, best individual has fitness: 542.4857142838516
* Minimizing test suite
* Going to analyze the coverage criteria
* Coverage analysis for criterion LINE
* Coverage of criterion LINE: 70%
* Total number of goals: 231
* Number of covered goals: 162
* Coverage analysis for criterion BRANCH
* Coverage of criterion BRANCH: 59%
* Total number of goals: 121
* Number of covered goals: 71
* Coverage analysis for criterion EXCEPTION
* Coverage of criterion EXCEPTION: 25%
* Total number of goals: 4
* Number of covered goals: 1
* Coverage analysis for criterion WEAKMUTATION
* Coverage of criterion WEAKMUTATION: 63%
* Total number of goals: 749
* Number of covered goals: 474
* Coverage analysis for criterion OUTPUT
* Coverage of criterion OUTPUT: 38%
* Total number of goals: 24
* Number of covered goals: 9
* Coverage analysis for criterion METHOD
* Coverage of criterion METHOD: 58%
* Total number of goals: 55
* Number of covered goals: 32
* Coverage analysis for criterion METHODNOEXCEPTION
* Coverage of criterion METHODNOEXCEPTION: 55%
* Total number of goals: 55
* Number of covered goals: 30
* Coverage analysis for criterion CBRANCH
* Coverage of criterion CBRANCH: 59%
* Total number of goals: 121
* Number of covered goals: 71
* Generated 36 tests with total length 209
* Resulting test suite's coverage: 60% (average coverage for all fitness functions)
* Generating assertions
* Resulting test suite's mutation score: 35%
* Compiling and checking tests
* Writing tests to file
* Writing JUnit test case 'ZonedChronology_ESTest' to evosuite-tests
* Done!

* Computation finished

