CMD: /usr/lib/jvm/java-8-openjdk-amd64/bin/java -Dtools_jar_location=/usr/lib/jvm/java-8-openjdk-amd64/lib/tools.jar -jar /home/pizza/evosuite/evosuite-1.2.0.jar -generateSuite -class org.apache.commons.compress.archivers.tar.TarArchiveInputStream -projectCP /home/pizza/evosuite/Test/Compress-32b/target/classes:/home/pizza/defects4j/framework/projects/Compress/lib/org/tukaani/xz/1.5/xz-1.5.jar -base_dir /home/pizza/evosuite/results/project-Compress/Compress-32/round02/evosuite-work -seed 11 -Dalgorithm=NSGAII -Dsearch_budget=150 -Dtest_format=JUNIT4 -Dassertions=true

* EvoSuite 1.2.0
* Going to generate test cases for class: org.apache.commons.compress.archivers.tar.TarArchiveInputStream
* Starting Client-0
* Connecting to master process on port 8222
* Analyzing classpath: 
  - /home/pizza/evosuite/Test/Compress-32b/target/classes
  - /home/pizza/defects4j/framework/projects/Compress/lib/org/tukaani/xz/1.5/xz-1.5.jar
* Finished analyzing classpath
* Generating tests for class org.apache.commons.compress.archivers.tar.TarArchiveInputStream
* Test criteria:
  - Line Coverage
  - Branch Coverage
  - Exception
  - Mutation testing (weak)
  - Method-Output Coverage
  - Top-Level Method Coverage
  - No-Exception Top-Level Method Coverage
  - Context Branch Coverage
* Setting up search algorithm for whole suite generation
* Total number of test goals: 
  - Line 220
  - Branch 147
  - Exception 0
  - MutationFactory 606
  - Output 150
  - Method 26
  - MethodNoException 26
  - CBranchFitnessFactory 147

[Progress:>                             0%] [Cov:>                                  0%]* Using seed 11
* Starting evolution

[Progress:>                             0%] [Cov:>                                  0%][MASTER] 20:26:50.558 [logback-1] WARN  TestCluster - Failed to check cache for java.util.Enumeration<E> : Type points to itself

[Progress:>                             0%] [Cov:>                                  1%]
[Progress:>                             0%] [Cov:====>                              13%]
[Progress:>                             0%] [Cov:====>                              14%]
[Progress:>                             0%] [Cov:=====>                             15%]
[Progress:>                             0%] [Cov:=====>                             16%]
[Progress:>                             0%] [Cov:=====>                             17%]
[Progress:>                             0%] [Cov:======>                            19%]
[Progress:>                             0%] [Cov:=======>                           20%]
[Progress:>                             1%] [Cov:>                                  1%]
[Progress:>                             1%] [Cov:>                                  2%]
[Progress:>                             1%] [Cov:====>                              12%]
[Progress:>                             1%] [Cov:=====>                             15%]
[Progress:>                             1%] [Cov:======>                            19%]
[Progress:>                             1%] [Cov:=======>                           22%]
[Progress:>                             1%] [Cov:========>                          23%]
[Progress:=>                            4%] [Cov:>                                  0%]
[Progress:=>                            4%] [Cov:=>                                 5%]
[Progress:=>                            4%] [Cov:=====>                             17%]
[Progress:=>                            4%] [Cov:======>                            18%]
[Progress:=>                            4%] [Cov:======>                            19%]
[Progress:=>                            4%] [Cov:========>                          24%]
[Progress:=>                            4%] [Cov:==========>                        29%]
[Progress:=>                            4%] [Cov:==========>                        30%]
[Progress:==>                           8%] [Cov:>                                  1%]
[Progress:==>                           8%] [Cov:>                                  2%]
[Progress:==>                           8%] [Cov:====>                              14%]
[Progress:==>                           8%] [Cov:=====>                             15%]
[Progress:==>                           8%] [Cov:=====>                             17%]
[Progress:==>                           8%] [Cov:======>                            19%]
[Progress:==>                           8%] [Cov:=======>                           20%]
[Progress:==>                           8%] [Cov:========>                          23%]
[Progress:==>                           8%] [Cov:=========>                         28%]
[Progress:==>                           8%] [Cov:==========>                        29%]
[Progress:==>                           8%] [Cov:==========>                        30%]
[Progress:===>                          12%] [Cov:=========>                         27%]
[Progress:===>                          12%] [Cov:==========>                        29%]
[Progress:===>                          12%] [Cov:==========>                        30%]
[Progress:===>                          12%] [Cov:==========>                        31%]
[Progress:===>                          12%] [Cov:===========>                       32%]
[Progress:===>                          12%] [Cov:===========>                       33%]
[Progress:===>                          12%] [Cov:===========>                       33%]
[Progress:===>                          13%] [Cov:======>                            18%]
[Progress:===>                          13%] [Cov:==========>                        29%]
[Progress:===>                          13%] [Cov:==========>                        31%]
[Progress:===>                          13%] [Cov:===========>                       32%]
[Progress:===>                          13%] [Cov:===========>                       33%]
[Progress:===>                          13%] [Cov:============>                      36%]
[Progress:===>                          13%] [Cov:============>                      36%]
[Progress:====>                         14%] [Cov:=========>                         28%]
[Progress:====>                         14%] [Cov:==========>                        30%]
[Progress:====>                         14%] [Cov:===========>                       34%]
[Progress:====>                         14%] [Cov:============>                      36%]
[Progress:====>                         14%] [Cov:=============>                     38%]
[Progress:====>                         14%] [Cov:==============>                    40%]
[Progress:====>                         14%] [Cov:==============>                    41%]
[Progress:====>                         14%] [Cov:==============>                    41%]
[Progress:====>                         14%] [Cov:==============>                    41%]
[Progress:====>                         15%] [Cov:==========>                        31%]
[Progress:====>                         15%] [Cov:===========>                       34%]
[Progress:====>                         15%] [Cov:============>                      35%]
[Progress:====>                         15%] [Cov:============>                      36%]
[Progress:====>                         15%] [Cov:============>                      37%]
[Progress:====>                         15%] [Cov:==============>                    41%]
[Progress:====>                         15%] [Cov:==============>                    41%]
[Progress:====>                         15%] [Cov:==============>                    42%]
[Progress:====>                         15%] [Cov:===============>                   43%]
[Progress:====>                         16%] [Cov:============>                      37%]
[Progress:====>                         16%] [Cov:=============>                     39%]
[Progress:====>                         16%] [Cov:==============>                    41%]
[Progress:====>                         16%] [Cov:===============>                   43%]
[Progress:====>                         16%] [Cov:===============>                   44%]
[Progress:====>                         16%] [Cov:===============>                   44%]
[Progress:=====>                        17%] [Cov:==============>                    42%]
[Progress:=====>                        17%] [Cov:===============>                   43%]
[Progress:=====>                        17%] [Cov:===============>                   44%]
[Progress:=====>                        17%] [Cov:================>                  46%]
[Progress:=====>                        17%] [Cov:================>                  46%]
[Progress:=====>                        18%] [Cov:=============>                     39%]
[Progress:=====>                        18%] [Cov:===============>                   43%]
[Progress:======>                       21%] [Cov:=====>                             17%]
[Progress:======>                       21%] [Cov:===============>                   44%]
[Progress:======>                       21%] [Cov:================>                  46%]
[Progress:======>                       22%] [Cov:===============>                   43%]
[Progress:======>                       22%] [Cov:===============>                   45%]
[Progress:======>                       22%] [Cov:================>                  46%]
[Progress:======>                       23%] [Cov:===============>                   43%]
[Progress:======>                       23%] [Cov:================>                  46%]
[Progress:=======>                      24%] [Cov:===============>                   43%]
[Progress:=======>                      24%] [Cov:================>                  46%]
[Progress:=======>                      24%] [Cov:================>                  47%]
[Progress:=======>                      24%] [Cov:================>                  47%]
[Progress:=======>                      24%] [Cov:================>                  47%]
[Progress:=======>                      25%] [Cov:================>                  47%]
[Progress:=======>                      25%] [Cov:================>                  48%]
[Progress:=======>                      26%] [Cov:===============>                   43%]
[Progress:=======>                      26%] [Cov:================>                  47%]
[Progress:=======>                      26%] [Cov:================>                  47%]
[Progress:=======>                      26%] [Cov:================>                  48%]
[Progress:=======>                      26%] [Cov:================>                  47%]
[Progress:========>                     27%] [Cov:================>                  47%]
[Progress:========>                     27%] [Cov:================>                  48%]
[Progress:========>                     28%] [Cov:================>                  46%]
[Progress:========>                     28%] [Cov:================>                  47%]
[Progress:========>                     28%] [Cov:================>                  48%]
[Progress:========>                     28%] [Cov:================>                  47%]
[Progress:========>                     28%] [Cov:================>                  48%]
[Progress:========>                     28%] [Cov:=================>                 49%]
[Progress:========>                     29%] [Cov:================>                  47%]
[Progress:========>                     29%] [Cov:================>                  48%]
[Progress:========>                     29%] [Cov:================>                  47%]
[Progress:========>                     29%] [Cov:================>                  48%]
[Progress:========>                     29%] [Cov:=================>                 49%]
[Progress:=========>                    30%] [Cov:================>                  48%]
[Progress:=========>                    30%] [Cov:=================>                 49%]
[Progress:=========>                    30%] [Cov:================>                  47%]
[Progress:=========>                    30%] [Cov:================>                  48%]
[Progress:=========>                    30%] [Cov:=================>                 49%]
[Progress:=========>                    31%] [Cov:=================>                 49%]
[Progress:=========>                    31%] [Cov:================>                  47%]
[Progress:=========>                    31%] [Cov:=================>                 49%]
[Progress:=========>                    32%] [Cov:================>                  48%]
[Progress:=========>                    32%] [Cov:=================>                 49%]
[Progress:=========>                    32%] [Cov:================>                  47%]
[Progress:=========>                    32%] [Cov:================>                  48%]
[Progress:=========>                    32%] [Cov:=================>                 49%]
[Progress:=========>                    32%] [Cov:=================>                 50%]
[Progress:=========>                    33%] [Cov:================>                  48%]
[Progress:=========>                    33%] [Cov:=================>                 49%]
[Progress:=========>                    33%] [Cov:=================>                 50%]
[Progress:==========>                   34%] [Cov:================>                  47%]
[Progress:==========>                   34%] [Cov:=================>                 49%]
[Progress:==========>                   34%] [Cov:=================>                 50%]
[Progress:==========>                   34%] [Cov:================>                  47%]
[Progress:==========>                   34%] [Cov:=================>                 50%]
[Progress:==========>                   34%] [Cov:=================>                 50%]
[Progress:==========>                   35%] [Cov:=================>                 49%]
[Progress:==========>                   35%] [Cov:=================>                 50%]
[Progress:==========>                   36%] [Cov:=================>                 49%]
[Progress:==========>                   36%] [Cov:=================>                 50%]
[Progress:==========>                   36%] [Cov:=================>                 50%]
[Progress:==========>                   36%] [Cov:=================>                 50%]
[Progress:===========>                  37%] [Cov:=================>                 49%]
[Progress:===========>                  37%] [Cov:=================>                 50%]
[Progress:===========>                  37%] [Cov:=================>                 51%]
[Progress:===========>                  38%] [Cov:=================>                 49%]
[Progress:===========>                  38%] [Cov:=================>                 50%]
[Progress:===========>                  38%] [Cov:=================>                 50%]
[Progress:===========>                  38%] [Cov:=================>                 51%]
[Progress:===========>                  39%] [Cov:=================>                 49%]
[Progress:===========>                  39%] [Cov:=================>                 50%]
[Progress:===========>                  39%] [Cov:=================>                 50%]
[Progress:===========>                  39%] [Cov:=================>                 51%]
[Progress:============>                 40%] [Cov:=================>                 50%]
[Progress:============>                 40%] [Cov:=================>                 51%]
[Progress:============>                 40%] [Cov:==================>                52%]
[Progress:============>                 40%] [Cov:=================>                 50%]
[Progress:============>                 40%] [Cov:=================>                 51%]
[Progress:============>                 41%] [Cov:================>                  48%]
[Progress:============>                 41%] [Cov:=================>                 51%]
[Progress:============>                 41%] [Cov:==================>                52%]
[Progress:============>                 42%] [Cov:=================>                 49%]
[Progress:============>                 42%] [Cov:=================>                 50%]
[Progress:============>                 42%] [Cov:=================>                 51%]
[Progress:============>                 42%] [Cov:==================>                52%]
[Progress:============>                 42%] [Cov:=================>                 50%]
[Progress:============>                 42%] [Cov:=================>                 51%]
[Progress:============>                 42%] [Cov:==================>                52%]
[Progress:============>                 43%] [Cov:=================>                 49%]
[Progress:============>                 43%] [Cov:=================>                 51%]
[Progress:============>                 43%] [Cov:==================>                52%]
[Progress:=============>                44%] [Cov:=================>                 50%]
[Progress:=============>                44%] [Cov:=================>                 51%]
[Progress:=============>                44%] [Cov:==================>                52%]
[Progress:=============>                45%] [Cov:=================>                 50%]
[Progress:=============>                45%] [Cov:=================>                 51%]
[Progress:=============>                45%] [Cov:=================>                 51%]
[Progress:=============>                45%] [Cov:==================>                52%]
[Progress:=============>                46%] [Cov:=================>                 50%]
[Progress:=============>                46%] [Cov:=================>                 51%]
[Progress:=============>                46%] [Cov:==================>                52%]
[Progress:==============>               47%] [Cov:=================>                 50%]
[Progress:==============>               47%] [Cov:=================>                 51%]
[Progress:==============>               47%] [Cov:=================>                 51%]
[Progress:==============>               47%] [Cov:==================>                52%]
[Progress:==============>               48%] [Cov:=================>                 51%]
[Progress:==============>               48%] [Cov:==================>                52%]
[Progress:==============>               48%] [Cov:=================>                 51%]
[Progress:==============>               48%] [Cov:==================>                52%]
[Progress:==============>               49%] [Cov:=================>                 51%]
[Progress:==============>               49%] [Cov:==================>                52%]
[Progress:===============>              50%] [Cov:=================>                 51%]
[Progress:===============>              50%] [Cov:==================>                52%]
[Progress:===============>              50%] [Cov:==================>                52%]
[Progress:===============>              50%] [Cov:==================>                53%]
[Progress:===============>              51%] [Cov:==================>                52%]
[Progress:===============>              51%] [Cov:==================>                53%]
[Progress:===============>              52%] [Cov:==================>                52%]
[Progress:===============>              52%] [Cov:==================>                53%]
[Progress:===============>              52%] [Cov:==================>                53%]
[Progress:===============>              53%] [Cov:==================>                52%]
[Progress:===============>              53%] [Cov:==================>                53%]
[Progress:===============>              53%] [Cov:==================>                53%]
[Progress:================>             54%] [Cov:==================>                53%]
[Progress:================>             54%] [Cov:==================>                53%]
[Progress:================>             55%] [Cov:==================>                52%]
[Progress:================>             55%] [Cov:==================>                53%]
[Progress:================>             56%] [Cov:==================>                52%]
[Progress:================>             56%] [Cov:==================>                53%]
[Progress:================>             56%] [Cov:==================>                53%]
[Progress:=================>            57%] [Cov:=================>                 51%]
[Progress:=================>            57%] [Cov:==================>                52%]
[Progress:=================>            57%] [Cov:==================>                53%]
[Progress:=================>            58%] [Cov:==================>                52%]
[Progress:=================>            58%] [Cov:==================>                53%]
[Progress:==================>           61%] [Cov:=================>                 51%]
[Progress:==================>           61%] [Cov:==================>                52%]
[Progress:==================>           61%] [Cov:==================>                53%]
[Progress:==================>           62%] [Cov:=================>                 51%]
[Progress:==================>           62%] [Cov:==================>                52%]
[Progress:==================>           62%] [Cov:==================>                53%]
[Progress:==================>           62%] [Cov:==================>                53%]
[Progress:==================>           63%] [Cov:=================>                 51%]
[Progress:==================>           63%] [Cov:==================>                53%]
[Progress:==================>           63%] [Cov:==================>                53%]
[Progress:===================>          64%] [Cov:==================>                53%]
[Progress:===================>          65%] [Cov:==================>                53%]
[Progress:===================>          65%] [Cov:==================>                53%]
[Progress:===================>          66%] [Cov:==================>                53%]
[Progress:====================>         67%] [Cov:==================>                53%]
[Progress:====================>         68%] [Cov:==================>                53%]
[Progress:====================>         68%] [Cov:==================>                53%]
[Progress:====================>         69%] [Cov:==================>                52%]
[Progress:====================>         69%] [Cov:==================>                53%]
[Progress:=====================>        70%] [Cov:==================>                53%]
[Progress:=====================>        70%] [Cov:==================>                53%]
[Progress:=====================>        71%] [Cov:==================>                52%]
[Progress:=====================>        71%] [Cov:==================>                53%]
[Progress:=====================>        71%] [Cov:==================>                53%]
[Progress:=====================>        72%] [Cov:=================>                 51%]
[Progress:=====================>        72%] [Cov:==================>                52%]
[Progress:=====================>        72%] [Cov:==================>                53%]
[Progress:=====================>        73%] [Cov:==================>                52%]
[Progress:=====================>        73%] [Cov:==================>                53%]
[Progress:=====================>        73%] [Cov:==================>                52%]
[Progress:=====================>        73%] [Cov:==================>                53%]
[Progress:======================>       74%] [Cov:==================>                52%]
[Progress:======================>       74%] [Cov:==================>                53%]
[Progress:======================>       74%] [Cov:==================>                53%]
[Progress:======================>       75%] [Cov:==================>                52%]
[Progress:======================>       75%] [Cov:==================>                53%]
[Progress:======================>       76%] [Cov:==================>                53%]
[Progress:======================>       76%] [Cov:==================>                52%]
[Progress:======================>       76%] [Cov:==================>                53%]
[Progress:=======================>      77%] [Cov:==================>                52%]
[Progress:=======================>      77%] [Cov:==================>                53%]
[Progress:=======================>      78%] [Cov:=================>                 51%]
[Progress:=======================>      78%] [Cov:==================>                52%]
[Progress:=======================>      78%] [Cov:==================>                53%]
[Progress:=======================>      78%] [Cov:==================>                52%]
[Progress:=======================>      78%] [Cov:==================>                53%]
[Progress:=======================>      79%] [Cov:==================>                53%]
[Progress:========================>     80%] [Cov:==================>                53%]
[Progress:========================>     80%] [Cov:==================>                53%]
[Progress:========================>     81%] [Cov:==================>                52%]
[Progress:========================>     81%] [Cov:==================>                53%]
[Progress:========================>     82%] [Cov:==================>                52%]
[Progress:========================>     82%] [Cov:==================>                53%]
[Progress:========================>     82%] [Cov:==================>                53%]
[Progress:=========================>    85%] [Cov:=================>                 51%]
[Progress:=========================>    85%] [Cov:==================>                53%]
[Progress:=========================>    86%] [Cov:==================>                53%]
[Progress:=========================>    86%] [Cov:==================>                54%]
[Progress:==========================>   87%] [Cov:==================>                52%]
[Progress:==========================>   87%] [Cov:==================>                53%]
[Progress:==========================>   87%] [Cov:==================>                53%]
[Progress:==========================>   88%] [Cov:==================>                53%]
[Progress:==========================>   88%] [Cov:==================>                54%]
[Progress:==========================>   89%] [Cov:==================>                52%]
[Progress:==========================>   89%] [Cov:==================>                53%]
[Progress:==========================>   89%] [Cov:==================>                54%]
[Progress:==========================>   89%] [Cov:==================>                53%]
[Progress:==========================>   89%] [Cov:==================>                54%]
[Progress:===========================>  90%] [Cov:==================>                53%]
[Progress:===========================>  90%] [Cov:==================>                54%]
[Progress:===========================>  91%] [Cov:==================>                53%]
[Progress:===========================>  91%] [Cov:==================>                54%]
[Progress:===========================>  92%] [Cov:==================>                53%]
[Progress:===========================>  92%] [Cov:==================>                54%]
[Progress:===========================>  93%] [Cov:==================>                53%]
[Progress:===========================>  93%] [Cov:==================>                54%]
[Progress:============================> 94%] [Cov:==================>                53%]
[Progress:============================> 94%] [Cov:==================>                54%]
[Progress:============================> 94%] [Cov:==================>                53%]
[Progress:============================> 94%] [Cov:==================>                54%]
[Progress:============================> 95%] [Cov:==================>                53%]
[Progress:============================> 95%] [Cov:==================>                54%]
[Progress:============================> 95%] [Cov:==================>                53%]
[Progress:============================> 95%] [Cov:==================>                54%]
[Progress:============================> 96%] [Cov:==================>                54%]
[Progress:=============================>97%] [Cov:==================>                54%]
[Progress:=============================>97%] [Cov:==================>                53%]
[Progress:=============================>97%] [Cov:==================>                54%]
[Progress:=============================>98%] [Cov:==================>                53%]
[Progress:=============================>98%] [Cov:==================>                54%]
[Progress:=============================>99%] [Cov:==================>                54%]
[Progress:=============================>99%] [Cov:==================>                54%]
[Progress:==============================100%] [Cov:==================>                54%]
[Progress:==============================100%] [Cov:==================>                54%]
[Progress:==============================100%] [Cov:==================>                53%]
[Progress:==============================100%] [Cov:==================>                54%]
[Progress:==============================100%] [Cov:==================>                54%]
* Search finished after 154s and 60 generations, 34992 statements, best individual has fitness: 979.7877660224386
* Minimizing test suite
* Going to analyze the coverage criteria
* Coverage analysis for criterion LINE
* Coverage of criterion LINE: 47%
* Total number of goals: 220
* Number of covered goals: 103
* Coverage analysis for criterion BRANCH
* Coverage of criterion BRANCH: 36%
* Total number of goals: 147
* Number of covered goals: 53
* Coverage analysis for criterion EXCEPTION
* Coverage of criterion EXCEPTION: 15%
* Total number of goals: 26
* Number of covered goals: 4
* Coverage analysis for criterion WEAKMUTATION
* Coverage of criterion WEAKMUTATION: 30%
* Total number of goals: 606
* Number of covered goals: 184
* Coverage analysis for criterion OUTPUT
* Coverage of criterion OUTPUT: 14%
* Total number of goals: 150
* Number of covered goals: 21
* Coverage analysis for criterion METHOD
* Coverage of criterion METHOD: 100%
* Total number of goals: 26
* Number of covered goals: 26
* Coverage analysis for criterion METHODNOEXCEPTION
* Coverage of criterion METHODNOEXCEPTION: 100%
* Total number of goals: 26
* Number of covered goals: 26
* Coverage analysis for criterion CBRANCH
* Coverage of criterion CBRANCH: 36%
* Total number of goals: 147
* Number of covered goals: 53
* Generated 30 tests with total length 121
* Resulting test suite's coverage: 55% (average coverage for all fitness functions)
* Generating assertions
* Resulting test suite's mutation score: 11%
* Compiling and checking tests
* Writing tests to file
* Writing JUnit test case 'TarArchiveInputStream_ESTest' to evosuite-tests
* Done!

* Computation finished

