CMD: /usr/lib/jvm/java-8-openjdk-amd64/bin/java -Dtools_jar_location=/usr/lib/jvm/java-8-openjdk-amd64/lib/tools.jar -jar /home/pizza/evosuite/evosuite-1.2.0.jar -generateSuite -class org.apache.commons.lang.LocaleUtils -projectCP /home/pizza/evosuite/Test/Lang-54b/target/classes -base_dir /home/pizza/evosuite/results/project-Lang/Lang-54/round02/evosuite-work -seed 11 -Dalgorithm=NSGAII -Dsearch_budget=150 -Dtest_format=JUNIT4 -Dassertions=true

* EvoSuite 1.2.0
* Going to generate test cases for class: org.apache.commons.lang.LocaleUtils
* Starting Client-0
* Connecting to master process on port 8220
* Analyzing classpath: 
  - /home/pizza/evosuite/Test/Lang-54b/target/classes
* Finished analyzing classpath
* Generating tests for class org.apache.commons.lang.LocaleUtils
* Test criteria:
  - Line Coverage
  - Branch Coverage
  - Exception
  - Mutation testing (weak)
  - Method-Output Coverage
  - Top-Level Method Coverage
  - No-Exception Top-Level Method Coverage
  - Context Branch Coverage
* Setting up search algorithm for whole suite generation
* Total number of test goals: 
  - Line 74
  - Branch 71
  - Exception 0
  - MutationFactory 179
  - Output 40
  - Method 9
  - MethodNoException 9
  - CBranchFitnessFactory 71

[Progress:>                             0%] [Cov:>                                  0%]* Using seed 11
* Starting evolution
[MASTER] 21:42:58.425 [logback-1] WARN  TestCluster - Failed to check cache for java.util.LinkedList<E> : Type points to itself

[Progress:>                             0%] [Cov:>                                  0%]
[Progress:>                             0%] [Cov:===>                               9%]
[Progress:>                             0%] [Cov:=====>                             15%]
[Progress:>                             0%] [Cov:=========>                         27%]
[Progress:>                             0%] [Cov:============>                      35%]
[Progress:>                             0%] [Cov:============>                      36%]
[Progress:>                             0%] [Cov:================>                  47%]
[Progress:>                             0%] [Cov:===================>               57%]
[Progress:>                             0%] [Cov:=====================>             60%]
[Progress:>                             0%] [Cov:======================>            65%]
[Progress:>                             1%] [Cov:==>                                7%]
[Progress:>                             1%] [Cov:===>                               10%]
[Progress:>                             1%] [Cov:===>                               11%]
[Progress:>                             1%] [Cov:========>                          23%]
[Progress:>                             1%] [Cov:========>                          24%]
[Progress:>                             1%] [Cov:=========>                         26%]
[Progress:>                             1%] [Cov:==========>                        30%]
[Progress:>                             1%] [Cov:==========>                        31%]
[Progress:>                             1%] [Cov:============>                      35%]
[Progress:>                             1%] [Cov:=============>                     38%]
[Progress:>                             1%] [Cov:===============>                   44%]
[Progress:>                             1%] [Cov:================>                  46%]
[Progress:>                             1%] [Cov:================>                  47%]
[Progress:>                             1%] [Cov:===================>               56%]
[Progress:>                             1%] [Cov:====================>              59%]
[Progress:>                             1%] [Cov:=====================>             60%]
[Progress:>                             1%] [Cov:======================>            64%]
[Progress:>                             2%] [Cov:===>                               9%]
[Progress:>                             2%] [Cov:=====>                             15%]
[Progress:>                             2%] [Cov:=========>                         28%]
[Progress:>                             2%] [Cov:=============>                     38%]
[Progress:>                             2%] [Cov:================>                  48%]
[Progress:>                             2%] [Cov:===================>               57%]
[Progress:>                             2%] [Cov:=====================>             61%]
[Progress:>                             2%] [Cov:======================>            64%]
[Progress:>                             2%] [Cov:======================>            65%]
[Progress:>                             2%] [Cov:======================>            64%]
[Progress:>                             2%] [Cov:======================>            65%]
[Progress:>                             2%] [Cov:=======================>           68%]
[Progress:>                             2%] [Cov:========================>          69%]
[Progress:>                             3%] [Cov:========================>          69%]
[Progress:>                             3%] [Cov:========================>          70%]
[Progress:>                             3%] [Cov:========================>          70%]
[Progress:=>                            4%] [Cov:======================>            64%]
[Progress:=>                            4%] [Cov:========================>          70%]
[Progress:=>                            4%] [Cov:========================>          70%]
[Progress:=>                            4%] [Cov:========================>          71%]
[Progress:=>                            4%] [Cov:========================>          70%]
[Progress:=>                            4%] [Cov:========================>          71%]
[Progress:=>                            4%] [Cov:=========================>         73%]
[Progress:=>                            5%] [Cov:=======================>           67%]
[Progress:=>                            5%] [Cov:========================>          69%]
[Progress:=>                            5%] [Cov:========================>          70%]
[Progress:=>                            5%] [Cov:========================>          71%]
[Progress:=>                            5%] [Cov:=========================>         72%]
[Progress:=>                            5%] [Cov:=========================>         73%]
[Progress:=>                            5%] [Cov:=========================>         73%]
[Progress:=>                            6%] [Cov:=======================>           68%]
[Progress:=>                            6%] [Cov:========================>          70%]
[Progress:=>                            6%] [Cov:========================>          71%]
[Progress:=>                            6%] [Cov:=========================>         73%]
[Progress:=>                            6%] [Cov:=========================>         73%]
[Progress:==>                           7%] [Cov:========================>          69%]
[Progress:==>                           7%] [Cov:========================>          70%]
[Progress:==>                           7%] [Cov:========================>          71%]
[Progress:==>                           7%] [Cov:=========================>         72%]
[Progress:==>                           7%] [Cov:=========================>         73%]
[Progress:==>                           7%] [Cov:=========================>         73%]
[Progress:==>                           7%] [Cov:=========================>         73%]
[Progress:==>                           8%] [Cov:=========================>         73%]
[Progress:==>                           8%] [Cov:=========================>         74%]
[Progress:==>                           8%] [Cov:==========================>        75%]
[Progress:==>                           8%] [Cov:==========================>        75%]
[Progress:==>                           8%] [Cov:==========================>        75%]
[Progress:==>                           8%] [Cov:==========================>        76%]
[Progress:==>                           8%] [Cov:==========================>        75%]
[Progress:==>                           9%] [Cov:==========================>        75%]
[Progress:==>                           9%] [Cov:==========================>        76%]
[Progress:==>                           9%] [Cov:==========================>        75%]
[Progress:==>                           9%] [Cov:==========================>        76%]
[Progress:==>                           9%] [Cov:==========================>        75%]
[Progress:===>                          10%] [Cov:====>                              12%]
[Progress:===>                          10%] [Cov:==========================>        75%]
[Progress:===>                          10%] [Cov:==========================>        76%]
[Progress:===>                          10%] [Cov:==========================>        75%]
[Progress:===>                          10%] [Cov:==========================>        76%]
[Progress:===>                          10%] [Cov:==========================>        75%]
[Progress:===>                          10%] [Cov:==========================>        76%]
[Progress:===>                          10%] [Cov:==========================>        76%]
[Progress:===>                          10%] [Cov:==========================>        77%]
[Progress:===>                          11%] [Cov:==========================>        75%]
[Progress:===>                          11%] [Cov:==========================>        76%]
[Progress:===>                          11%] [Cov:==========================>        77%]
[Progress:===>                          11%] [Cov:==========================>        77%]
[Progress:===>                          11%] [Cov:==========================>        77%]
[Progress:===>                          12%] [Cov:==========================>        77%]
[Progress:===>                          12%] [Cov:==========================>        77%]
[Progress:===>                          12%] [Cov:==========================>        77%]
[Progress:===>                          12%] [Cov:===========================>       78%]
[Progress:===>                          13%] [Cov:==========================>        75%]
[Progress:===>                          13%] [Cov:==========================>        76%]
[Progress:===>                          13%] [Cov:==========================>        77%]
[Progress:===>                          13%] [Cov:==========================>        77%]
[Progress:====>                         14%] [Cov:==========================>        77%]
[Progress:====>                         14%] [Cov:==========================>        77%]
[Progress:====>                         14%] [Cov:===========================>       78%]
[Progress:====>                         14%] [Cov:===========================>       78%][MASTER] 21:43:20.608 [logback-1] WARN  TestCluster - Failed to check cache for java.util.List<E> : Type points to itself

[Progress:====>                         15%] [Cov:===========================>       78%]
[Progress:====>                         15%] [Cov:===========================>       78%]
[Progress:====>                         16%] [Cov:==========================>        77%]
[Progress:====>                         16%] [Cov:===========================>       78%]
[Progress:====>                         16%] [Cov:===========================>       78%]
[Progress:====>                         16%] [Cov:===========================>       79%]
[Progress:====>                         16%] [Cov:===========================>       78%]
[Progress:====>                         16%] [Cov:===========================>       79%]
[Progress:=====>                        17%] [Cov:===========================>       78%]
[Progress:=====>                        17%] [Cov:===========================>       78%]
[Progress:=====>                        17%] [Cov:===========================>       79%]
[Progress:=====>                        17%] [Cov:===========================>       78%]
[Progress:=====>                        17%] [Cov:===========================>       79%]
[Progress:=====>                        18%] [Cov:===========================>       78%]
[Progress:=====>                        18%] [Cov:===========================>       79%]
[Progress:=====>                        18%] [Cov:===========================>       78%]
[Progress:=====>                        18%] [Cov:===========================>       79%]
[Progress:=====>                        18%] [Cov:===========================>       78%]
[Progress:=====>                        18%] [Cov:===========================>       79%]
[Progress:=====>                        18%] [Cov:===========================>       78%]
[Progress:=====>                        19%] [Cov:===========================>       78%]
[Progress:=====>                        19%] [Cov:===========================>       79%]
[Progress:=====>                        19%] [Cov:===========================>       78%]
[Progress:=====>                        19%] [Cov:===========================>       79%]
[Progress:======>                       20%] [Cov:===========================>       78%]
[Progress:======>                       20%] [Cov:===========================>       79%]
[Progress:======>                       20%] [Cov:===========================>       78%]
[Progress:======>                       20%] [Cov:===========================>       79%]
[Progress:======>                       20%] [Cov:===========================>       78%]
[Progress:======>                       20%] [Cov:===========================>       79%]
[Progress:======>                       21%] [Cov:===========================>       78%]
[Progress:======>                       21%] [Cov:===========================>       79%]
[Progress:======>                       21%] [Cov:===========================>       78%]
[Progress:======>                       21%] [Cov:===========================>       79%]
[Progress:======>                       21%] [Cov:===========================>       78%]
[Progress:======>                       22%] [Cov:===========================>       78%]
[Progress:======>                       22%] [Cov:===========================>       79%]
[Progress:======>                       22%] [Cov:===========================>       79%]
[Progress:======>                       22%] [Cov:===========================>       79%]
[Progress:======>                       22%] [Cov:===========================>       79%]
[Progress:======>                       23%] [Cov:===========================>       78%]
[Progress:======>                       23%] [Cov:===========================>       79%]
[Progress:=======>                      24%] [Cov:===========================>       78%]
[Progress:=======>                      24%] [Cov:===========================>       79%]
[Progress:=======>                      24%] [Cov:===========================>       79%]
[Progress:=======>                      24%] [Cov:===========================>       79%]
[Progress:=======>                      25%] [Cov:==========================>        75%]
[Progress:=======>                      25%] [Cov:==========================>        76%]
[Progress:=======>                      25%] [Cov:===========================>       79%]
[Progress:=======>                      25%] [Cov:===========================>       79%]
[Progress:=======>                      25%] [Cov:===========================>       79%]
[Progress:=======>                      26%] [Cov:===========================>       79%]
[Progress:=======>                      26%] [Cov:===========================>       79%]
[Progress:=======>                      26%] [Cov:===========================>       79%]
[Progress:=======>                      26%] [Cov:===========================>       79%]
[Progress:========>                     27%] [Cov:===========================>       79%]
[Progress:========>                     27%] [Cov:===========================>       79%]
[Progress:========>                     28%] [Cov:===========================>       79%]
[Progress:========>                     28%] [Cov:===========================>       79%]
[Progress:========>                     28%] [Cov:===========================>       79%]
[Progress:========>                     28%] [Cov:===========================>       79%]
[Progress:========>                     29%] [Cov:===========================>       79%]
[Progress:========>                     29%] [Cov:===========================>       79%]
[Progress:=========>                    30%] [Cov:===========================>       79%]
[Progress:=========>                    30%] [Cov:===========================>       79%]
[Progress:=========>                    30%] [Cov:===========================>       79%]
[Progress:=========>                    30%] [Cov:===========================>       79%]
[Progress:=========>                    31%] [Cov:===========================>       79%]
[Progress:=========>                    31%] [Cov:===========================>       79%]
[Progress:=========>                    32%] [Cov:===========================>       79%]
[Progress:=========>                    32%] [Cov:===========================>       79%]
[Progress:=========>                    32%] [Cov:===========================>       79%]
[Progress:=========>                    32%] [Cov:===========================>       79%]
[Progress:=========>                    33%] [Cov:===========================>       79%]
[Progress:=========>                    33%] [Cov:===========================>       79%]
[Progress:==========>                   34%] [Cov:===========================>       79%]
[Progress:==========>                   34%] [Cov:===========================>       79%]
[Progress:==========>                   34%] [Cov:===========================>       79%]
[Progress:==========>                   34%] [Cov:===========================>       79%]
[Progress:==========>                   35%] [Cov:===========================>       79%]
[Progress:==========>                   35%] [Cov:===========================>       79%]
[Progress:==========>                   36%] [Cov:===========================>       79%]
[Progress:==========>                   36%] [Cov:===========================>       79%]
[Progress:===========>                  37%] [Cov:===========================>       79%]
[Progress:===========>                  37%] [Cov:===========================>       79%]
[Progress:===========>                  38%] [Cov:===========================>       78%]
[Progress:===========>                  38%] [Cov:===========================>       79%]
[Progress:===========>                  38%] [Cov:===========================>       79%]
[Progress:===========>                  38%] [Cov:===========================>       79%]
[Progress:===========>                  39%] [Cov:===========================>       79%]
[Progress:===========>                  39%] [Cov:===========================>       79%]
[Progress:===========>                  39%] [Cov:===========================>       79%]
[Progress:============>                 40%] [Cov:===========================>       79%]
[Progress:============>                 40%] [Cov:===========================>       79%]
[Progress:============>                 40%] [Cov:===========================>       79%]
[Progress:============>                 41%] [Cov:===========================>       79%]
[Progress:============>                 41%] [Cov:===========================>       79%]
[Progress:============>                 42%] [Cov:===========================>       79%]
[Progress:============>                 42%] [Cov:===========================>       79%]
[Progress:============>                 42%] [Cov:===========================>       79%]
[Progress:============>                 42%] [Cov:===========================>       79%]
[Progress:============>                 43%] [Cov:===========================>       79%]
[Progress:============>                 43%] [Cov:===========================>       79%]
[Progress:=============>                44%] [Cov:===========================>       79%]
[Progress:=============>                44%] [Cov:===========================>       79%]
[Progress:=============>                44%] [Cov:===========================>       79%]
[Progress:=============>                45%] [Cov:===========================>       79%]
[Progress:=============>                46%] [Cov:===========================>       79%]
[Progress:=============>                46%] [Cov:===========================>       79%]
[Progress:=============>                46%] [Cov:===========================>       79%]
[Progress:==============>               47%] [Cov:===========================>       79%]
[Progress:==============>               47%] [Cov:===========================>       79%]
[Progress:==============>               48%] [Cov:===========================>       79%]
[Progress:==============>               48%] [Cov:===========================>       79%]
[Progress:==============>               48%] [Cov:===========================>       79%]
[Progress:==============>               49%] [Cov:===========================>       79%]
[Progress:==============>               49%] [Cov:===========================>       79%]
[Progress:===============>              50%] [Cov:===========================>       79%]
[Progress:===============>              50%] [Cov:===========================>       79%]
[Progress:===============>              50%] [Cov:===========================>       79%]
[Progress:===============>              51%] [Cov:===========================>       79%]
[Progress:===============>              51%] [Cov:===========================>       79%]
[Progress:===============>              52%] [Cov:===========================>       79%]
[Progress:===============>              52%] [Cov:===========================>       79%]
[Progress:===============>              53%] [Cov:===========================>       79%]
[Progress:===============>              53%] [Cov:===========================>       79%]
[Progress:================>             54%] [Cov:===========================>       79%]
[Progress:================>             54%] [Cov:===========================>       79%]
[Progress:================>             54%] [Cov:===========================>       79%]
[Progress:================>             55%] [Cov:===========================>       79%]
[Progress:================>             55%] [Cov:===========================>       79%]
[Progress:================>             56%] [Cov:==========================>        76%]
[Progress:================>             56%] [Cov:===========================>       79%]
[Progress:================>             56%] [Cov:===========================>       79%]
[Progress:================>             56%] [Cov:===========================>       79%]
[Progress:=================>            57%] [Cov:===========================>       79%]
[Progress:=================>            57%] [Cov:===========================>       79%]
[Progress:=================>            58%] [Cov:===========================>       79%]
[Progress:=================>            58%] [Cov:===========================>       79%]
[Progress:=================>            58%] [Cov:===========================>       79%]
[Progress:=================>            59%] [Cov:===========================>       79%]
[Progress:=================>            59%] [Cov:===========================>       79%]
[Progress:==================>           60%] [Cov:===========================>       79%]
[Progress:==================>           60%] [Cov:===========================>       79%]
[Progress:==================>           60%] [Cov:===========================>       79%]
[Progress:==================>           61%] [Cov:===========================>       79%]
[Progress:==================>           61%] [Cov:===========================>       79%]
[Progress:==================>           62%] [Cov:===========================>       79%]
[Progress:==================>           62%] [Cov:===========================>       79%]
[Progress:==================>           62%] [Cov:===========================>       79%]
[Progress:==================>           62%] [Cov:===========================>       79%]
[Progress:==================>           63%] [Cov:===========================>       79%]
[Progress:==================>           63%] [Cov:===========================>       79%]
[Progress:===================>          64%] [Cov:===========================>       79%]
[Progress:===================>          64%] [Cov:===========================>       79%]
[Progress:===================>          64%] [Cov:===========================>       79%]
[Progress:===================>          65%] [Cov:===========================>       78%]
[Progress:===================>          65%] [Cov:===========================>       79%]
[Progress:===================>          65%] [Cov:===========================>       79%]
[Progress:===================>          66%] [Cov:===========================>       79%]
[Progress:===================>          66%] [Cov:===========================>       79%]
[Progress:===================>          66%] [Cov:===========================>       79%]
[Progress:====================>         67%] [Cov:===========================>       79%]
[Progress:====================>         67%] [Cov:===========================>       79%]
[Progress:====================>         68%] [Cov:===========================>       79%]
[Progress:====================>         68%] [Cov:===========================>       79%]
[Progress:====================>         68%] [Cov:===========================>       79%]
[Progress:====================>         69%] [Cov:===========================>       79%]
[Progress:====================>         69%] [Cov:===========================>       79%]
[Progress:=====================>        70%] [Cov:===========================>       79%]
[Progress:=====================>        70%] [Cov:===========================>       79%]
[Progress:=====================>        71%] [Cov:===========================>       79%]
[Progress:=====================>        71%] [Cov:===========================>       79%]
[Progress:=====================>        72%] [Cov:===========================>       79%]
[Progress:=====================>        72%] [Cov:===========================>       79%]
[Progress:=====================>        72%] [Cov:===========================>       79%]
[Progress:=====================>        73%] [Cov:===========================>       79%]
[Progress:=====================>        73%] [Cov:===========================>       79%]
[Progress:======================>       74%] [Cov:===========================>       79%]
[Progress:======================>       74%] [Cov:===========================>       79%]
[Progress:======================>       74%] [Cov:===========================>       79%]
[Progress:======================>       75%] [Cov:===========================>       79%]
[Progress:======================>       75%] [Cov:===========================>       79%]
[Progress:======================>       76%] [Cov:===========================>       79%]
[Progress:======================>       76%] [Cov:===========================>       79%]
[Progress:======================>       76%] [Cov:===========================>       79%]
[Progress:=======================>      77%] [Cov:===========================>       79%]
[Progress:=======================>      77%] [Cov:===========================>       79%]
[Progress:=======================>      78%] [Cov:===========================>       79%]
[Progress:=======================>      78%] [Cov:===========================>       79%]
[Progress:=======================>      78%] [Cov:===========================>       79%]
[Progress:=======================>      79%] [Cov:===========================>       79%]
[Progress:=======================>      79%] [Cov:===========================>       79%]
[Progress:========================>     80%] [Cov:===========================>       79%]
[Progress:========================>     80%] [Cov:===========================>       79%]
[Progress:========================>     80%] [Cov:===========================>       79%]
[Progress:========================>     81%] [Cov:===========================>       79%]
[Progress:========================>     81%] [Cov:===========================>       79%]
[Progress:========================>     82%] [Cov:===========================>       79%]
[Progress:========================>     82%] [Cov:===========================>       79%]
[Progress:========================>     82%] [Cov:===========================>       79%]
[Progress:========================>     83%] [Cov:===========================>       79%]
[Progress:========================>     83%] [Cov:===========================>       79%]
[Progress:========================>     83%] [Cov:===========================>       79%]
[Progress:=========================>    84%] [Cov:===========================>       79%]
[Progress:=========================>    84%] [Cov:===========================>       79%]
[Progress:=========================>    85%] [Cov:===========================>       79%]
[Progress:=========================>    85%] [Cov:===========================>       79%]
[Progress:=========================>    86%] [Cov:===========================>       79%]
[Progress:=========================>    86%] [Cov:===========================>       79%]
[Progress:=========================>    86%] [Cov:===========================>       79%]
[Progress:==========================>   87%] [Cov:===========================>       79%]
[Progress:==========================>   87%] [Cov:===========================>       79%]
[Progress:==========================>   88%] [Cov:===========================>       79%]
[Progress:==========================>   88%] [Cov:===========================>       79%]
[Progress:==========================>   88%] [Cov:===========================>       79%]
[Progress:==========================>   88%] [Cov:===========================>       79%]
[Progress:==========================>   89%] [Cov:===========================>       79%]
[Progress:==========================>   89%] [Cov:===========================>       79%]
[Progress:===========================>  90%] [Cov:===========================>       79%]
[Progress:===========================>  90%] [Cov:===========================>       79%]
[Progress:===========================>  90%] [Cov:===========================>       79%]
[Progress:===========================>  91%] [Cov:==========================>        75%]
[Progress:===========================>  91%] [Cov:===========================>       79%]
[Progress:===========================>  91%] [Cov:===========================>       79%]
[Progress:===========================>  92%] [Cov:===========================>       79%]
[Progress:===========================>  92%] [Cov:===========================>       79%]
[Progress:===========================>  92%] [Cov:===========================>       79%]
[Progress:===========================>  92%] [Cov:===========================>       79%]
[Progress:===========================>  93%] [Cov:===========================>       79%]
[Progress:===========================>  93%] [Cov:===========================>       79%]
[Progress:============================> 94%] [Cov:===========================>       79%]
[Progress:============================> 94%] [Cov:===========================>       79%]
[Progress:============================> 94%] [Cov:===========================>       79%]
[Progress:============================> 94%] [Cov:===========================>       79%]
[Progress:============================> 95%] [Cov:===========================>       79%]
[Progress:============================> 95%] [Cov:===========================>       79%]
[Progress:============================> 96%] [Cov:===========================>       79%]
[Progress:============================> 96%] [Cov:===========================>       79%]
[Progress:============================> 96%] [Cov:===========================>       79%]
[Progress:=============================>97%] [Cov:===========================>       79%]
[Progress:=============================>97%] [Cov:===========================>       79%]
[Progress:=============================>98%] [Cov:===========================>       79%]
[Progress:=============================>98%] [Cov:===========================>       79%]
[Progress:=============================>98%] [Cov:===========================>       79%]
[Progress:=============================>98%] [Cov:===========================>       79%]
[Progress:=============================>99%] [Cov:===========================>       79%]
[Progress:=============================>99%] [Cov:===========================>       79%]
[Progress:==============================100%] [Cov:===========================>       79%]
[Progress:==============================100%] [Cov:===========================>       79%]
[Progress:==============================100%] [Cov:===========================>       79%]
* Search finished after 152s and 167 generations, 56170 statements, best individual has fitness: 118.51904666351112
* Minimizing test suite
* Going to analyze the coverage criteria
* Coverage analysis for criterion LINE
* Coverage of criterion LINE: 88%
* Total number of goals: 74
* Number of covered goals: 65
* Coverage analysis for criterion BRANCH
* Coverage of criterion BRANCH: 79%
* Total number of goals: 71
* Number of covered goals: 56
* Coverage analysis for criterion EXCEPTION
* Coverage of criterion EXCEPTION: 100%
* Total number of goals: 1
* Number of covered goals: 1
* Coverage analysis for criterion WEAKMUTATION
* Coverage of criterion WEAKMUTATION: 92%
* Total number of goals: 179
* Number of covered goals: 164
* Coverage analysis for criterion OUTPUT
* Coverage of criterion OUTPUT: 10%
* Total number of goals: 40
* Number of covered goals: 4
* Coverage analysis for criterion METHOD
* Coverage of criterion METHOD: 100%
* Total number of goals: 9
* Number of covered goals: 9
* Coverage analysis for criterion METHODNOEXCEPTION
* Coverage of criterion METHODNOEXCEPTION: 100%
* Total number of goals: 9
* Number of covered goals: 9
* Coverage analysis for criterion CBRANCH
* Coverage of criterion CBRANCH: 79%
* Total number of goals: 71
* Number of covered goals: 56
* Generated 21 tests with total length 62
* Resulting test suite's coverage: 80% (average coverage for all fitness functions)
* Generating assertions
* Resulting test suite's mutation score: 30%
* Compiling and checking tests
* Writing tests to file
* Writing JUnit test case 'LocaleUtils_ESTest' to evosuite-tests
* Done!

* Computation finished

