CMD: /usr/lib/jvm/java-8-openjdk-amd64/bin/java -Dtools_jar_location=/usr/lib/jvm/java-8-openjdk-amd64/lib/tools.jar -jar /home/pizza/TestRound2/evosuite-1.2.0.jar -generateSuite -class org.apache.commons.lang.BooleanUtils -projectCP /home/pizza/TestRound2/Test/Lang-51b/target/classes -base_dir /home/pizza/TestRound2/results/project-Lang/Lang-51/round03/evosuite-work -seed 11 -Dalgorithm=NSGAII -Dsearch_budget=60 -Dtest_format=JUNIT4 -Dassertions=true

* EvoSuite 1.2.0
* Going to generate test cases for class: org.apache.commons.lang.BooleanUtils
* Starting Client-0
* Connecting to master process on port 8220
* Analyzing classpath: 
  - /home/pizza/TestRound2/Test/Lang-51b/target/classes
* Finished analyzing classpath
* Generating tests for class org.apache.commons.lang.BooleanUtils
* Test criteria:
  - Line Coverage
  - Branch Coverage
  - Exception
  - Mutation testing (weak)
  - Method-Output Coverage
  - Top-Level Method Coverage
  - No-Exception Top-Level Method Coverage
  - Context Branch Coverage
* Setting up search algorithm for whole suite generation
* Total number of test goals: 
  - Line 171
  - Branch 223
  - Exception 0
  - MutationFactory 538
  - Output 100
  - Method 37
  - MethodNoException 37
  - CBranchFitnessFactory 223

[Progress:>                             0%] [Cov:>                                  0%]* Using seed 11
* Starting evolution

[Progress:>                             0%] [Cov:>                                  0%]
[Progress:>                             0%] [Cov:=>                                 3%]
[Progress:>                             0%] [Cov:=>                                 5%]
[Progress:>                             0%] [Cov:=====>                             17%]
[Progress:>                             0%] [Cov:======>                            19%]
[Progress:>                             0%] [Cov:=======>                           21%]
[Progress:>                             0%] [Cov:========>                          24%]
[Progress:>                             0%] [Cov:=========>                         27%]
[Progress:>                             0%] [Cov:=========>                         28%]
[Progress:>                             0%] [Cov:============>                      35%]
[Progress:>                             0%] [Cov:==============>                    42%]
[Progress:>                             0%] [Cov:===============>                   43%]
[Progress:>                             0%] [Cov:================>                  47%]
[Progress:>                             0%] [Cov:================>                  48%]
[Progress:>                             1%] [Cov:==>                                6%]
[Progress:>                             1%] [Cov:===>                               11%]
[Progress:>                             1%] [Cov:========>                          23%]
[Progress:>                             1%] [Cov:==========>                        30%]
[Progress:>                             1%] [Cov:===========>                       33%]
[Progress:>                             1%] [Cov:==============>                    41%]
[Progress:>                             1%] [Cov:================>                  48%]
[Progress:>                             1%] [Cov:=================>                 49%]
[Progress:>                             1%] [Cov:=================>                 51%]
[Progress:>                             1%] [Cov:==================>                52%]
[Progress:>                             3%] [Cov:==>                                6%]
[Progress:>                             3%] [Cov:===>                               10%]
[Progress:>                             3%] [Cov:=====>                             17%]
[Progress:>                             3%] [Cov:========>                          23%]
[Progress:>                             3%] [Cov:==========>                        29%]
[Progress:>                             3%] [Cov:===========>                       33%]
[Progress:>                             3%] [Cov:==============>                    42%]
[Progress:>                             3%] [Cov:==================>                52%]
[Progress:>                             3%] [Cov:==================>                53%]
[Progress:>                             3%] [Cov:==================>                54%]
[Progress:>                             3%] [Cov:==================>                54%]
[Progress:>                             3%] [Cov:===================>               55%]
[Progress:=>                            5%] [Cov:============>                      37%]
[Progress:=>                            5%] [Cov:===================>               55%]
[Progress:=>                            5%] [Cov:===================>               55%]
[Progress:=>                            6%] [Cov:==================>                52%]
[Progress:=>                            6%] [Cov:==================>                53%]
[Progress:=>                            6%] [Cov:==================>                54%]
[Progress:=>                            6%] [Cov:===================>               55%]
[Progress:=>                            6%] [Cov:===================>               56%]
[Progress:=>                            6%] [Cov:===================>               55%]
[Progress:==>                           8%] [Cov:==================>                52%]
[Progress:==>                           8%] [Cov:==================>                54%]
[Progress:==>                           8%] [Cov:===================>               56%]
[Progress:==>                           8%] [Cov:===================>               57%]
[Progress:==>                           8%] [Cov:====================>              58%]
[Progress:==>                           8%] [Cov:====================>              59%]
[Progress:===>                          10%] [Cov:====================>              59%]
[Progress:===>                          11%] [Cov:==================>                54%]
[Progress:===>                          11%] [Cov:===================>               55%]
[Progress:===>                          11%] [Cov:===================>               56%]
[Progress:===>                          11%] [Cov:===================>               57%]
[Progress:===>                          11%] [Cov:====================>              59%]
[Progress:===>                          11%] [Cov:=====================>             60%]
[Progress:===>                          13%] [Cov:==================>                54%]
[Progress:===>                          13%] [Cov:===================>               55%]
[Progress:===>                          13%] [Cov:===================>               56%]
[Progress:===>                          13%] [Cov:===================>               57%]
[Progress:===>                          13%] [Cov:====================>              58%]
[Progress:===>                          13%] [Cov:=====================>             60%]
[Progress:===>                          13%] [Cov:=====================>             61%]
[Progress:===>                          13%] [Cov:=====================>             62%]
[Progress:===>                          13%] [Cov:====================>              59%]
[Progress:===>                          13%] [Cov:=====================>             60%]
[Progress:===>                          13%] [Cov:=====================>             61%]
[Progress:===>                          13%] [Cov:=====================>             62%]
[Progress:===>                          13%] [Cov:======================>            63%]
[Progress:====>                         15%] [Cov:====================>              59%]
[Progress:====>                         15%] [Cov:=====================>             60%]
[Progress:====>                         15%] [Cov:=====================>             61%]
[Progress:====>                         15%] [Cov:=====================>             62%]
[Progress:====>                         15%] [Cov:=====================>             62%]
[Progress:====>                         16%] [Cov:====================>              59%]
[Progress:====>                         16%] [Cov:=====================>             60%]
[Progress:====>                         16%] [Cov:=====================>             61%]
[Progress:====>                         16%] [Cov:======================>            63%]
[Progress:====>                         16%] [Cov:======================>            64%]
[Progress:====>                         16%] [Cov:======================>            65%]
[Progress:====>                         16%] [Cov:=======================>           66%]
[Progress:====>                         16%] [Cov:=====================>             62%]
[Progress:====>                         16%] [Cov:======================>            64%]
[Progress:=====>                        18%] [Cov:======================>            63%]
[Progress:=====>                        18%] [Cov:======================>            64%]
[Progress:=====>                        18%] [Cov:======================>            65%]
[Progress:======>                       20%] [Cov:====================>              58%]
[Progress:======>                       20%] [Cov:====================>              59%]
[Progress:======>                       20%] [Cov:=====================>             61%]
[Progress:======>                       20%] [Cov:=====================>             62%]
[Progress:======>                       20%] [Cov:======================>            63%]
[Progress:======>                       20%] [Cov:======================>            65%]
[Progress:======>                       20%] [Cov:======================>            65%]
[Progress:======>                       20%] [Cov:=======================>           66%]
[Progress:======>                       21%] [Cov:======================>            63%]
[Progress:======>                       21%] [Cov:======================>            64%]
[Progress:======>                       21%] [Cov:======================>            65%]
[Progress:======>                       21%] [Cov:=======================>           66%]
[Progress:======>                       21%] [Cov:======================>            65%]
[Progress:======>                       21%] [Cov:=======================>           66%]
[Progress:======>                       21%] [Cov:=======================>           67%]
[Progress:======>                       23%] [Cov:=======================>           66%]
[Progress:======>                       23%] [Cov:=======================>           67%]
[Progress:======>                       23%] [Cov:=======================>           67%]
[Progress:=======>                      25%] [Cov:======================>            65%]
[Progress:=======>                      25%] [Cov:=======================>           66%]
[Progress:=======>                      25%] [Cov:=======================>           67%]
[Progress:=======>                      26%] [Cov:=======================>           66%]
[Progress:=======>                      26%] [Cov:=======================>           67%]
[Progress:========>                     28%] [Cov:======================>            64%]
[Progress:========>                     28%] [Cov:======================>            65%]
[Progress:========>                     28%] [Cov:=======================>           66%]
[Progress:========>                     28%] [Cov:=======================>           67%]
[Progress:========>                     28%] [Cov:=======================>           68%]
[Progress:=========>                    30%] [Cov:=======================>           66%]
[Progress:=========>                    30%] [Cov:=======================>           67%]
[Progress:=========>                    30%] [Cov:=======================>           66%]
[Progress:=========>                    30%] [Cov:=======================>           67%]
[Progress:=========>                    30%] [Cov:=======================>           68%]
[Progress:=========>                    31%] [Cov:=======================>           66%]
[Progress:=========>                    31%] [Cov:=======================>           67%]
[Progress:=========>                    31%] [Cov:=======================>           67%]
[Progress:=========>                    31%] [Cov:=======================>           68%]
[Progress:=========>                    31%] [Cov:========================>          69%]
[Progress:=========>                    33%] [Cov:=======================>           67%]
[Progress:=========>                    33%] [Cov:=======================>           68%]
[Progress:==========>                   35%] [Cov:=======================>           67%]
[Progress:==========>                   35%] [Cov:=======================>           67%]
[Progress:==========>                   35%] [Cov:=======================>           68%]
[Progress:==========>                   35%] [Cov:========================>          69%]
[Progress:==========>                   36%] [Cov:======================>            65%]
[Progress:==========>                   36%] [Cov:=======================>           68%]
[Progress:==========>                   36%] [Cov:=======================>           67%]
[Progress:==========>                   36%] [Cov:=======================>           68%]
[Progress:===========>                  38%] [Cov:=======================>           68%]
[Progress:===========>                  38%] [Cov:========================>          69%]
[Progress:============>                 40%] [Cov:=======================>           68%]
[Progress:============>                 40%] [Cov:========================>          69%]
[Progress:============>                 40%] [Cov:========================>          70%]
[Progress:============>                 40%] [Cov:========================>          70%]
[Progress:============>                 41%] [Cov:=======================>           68%]
[Progress:============>                 41%] [Cov:========================>          70%]
[Progress:============>                 43%] [Cov:=======================>           68%]
[Progress:============>                 43%] [Cov:========================>          69%]
[Progress:============>                 43%] [Cov:========================>          70%]
[Progress:=============>                45%] [Cov:=======================>           68%]
[Progress:=============>                45%] [Cov:========================>          70%]
[Progress:=============>                46%] [Cov:========================>          69%]
[Progress:=============>                46%] [Cov:========================>          70%]
[Progress:==============>               48%] [Cov:========================>          69%]
[Progress:==============>               48%] [Cov:========================>          70%]
[Progress:==============>               48%] [Cov:========================>          69%]
[Progress:==============>               48%] [Cov:========================>          70%]
[Progress:==============>               48%] [Cov:========================>          71%]
[Progress:===============>              50%] [Cov:========================>          70%]
[Progress:===============>              50%] [Cov:========================>          71%]
[Progress:===============>              51%] [Cov:=======================>           68%]
[Progress:===============>              51%] [Cov:========================>          69%]
[Progress:===============>              51%] [Cov:========================>          70%]
[Progress:===============>              51%] [Cov:========================>          70%]
[Progress:===============>              51%] [Cov:========================>          71%]
[Progress:===============>              53%] [Cov:=======================>           66%]
[Progress:===============>              53%] [Cov:=======================>           67%]
[Progress:===============>              53%] [Cov:========================>          70%]
[Progress:===============>              53%] [Cov:========================>          71%]
[Progress:===============>              53%] [Cov:========================>          69%]
[Progress:===============>              53%] [Cov:========================>          70%]
[Progress:===============>              53%] [Cov:========================>          71%]
[Progress:================>             55%] [Cov:=======================>           67%]
[Progress:================>             55%] [Cov:========================>          70%]
[Progress:================>             55%] [Cov:========================>          71%]
[Progress:================>             56%] [Cov:========================>          70%]
[Progress:================>             56%] [Cov:========================>          71%]
[Progress:================>             56%] [Cov:========================>          69%]
[Progress:================>             56%] [Cov:========================>          70%]
[Progress:================>             56%] [Cov:========================>          71%]
[Progress:=================>            58%] [Cov:========================>          69%]
[Progress:=================>            58%] [Cov:========================>          70%]
[Progress:=================>            58%] [Cov:========================>          71%]
[Progress:==================>           60%] [Cov:========================>          69%]
[Progress:==================>           60%] [Cov:========================>          70%]
[Progress:==================>           60%] [Cov:========================>          71%]
[Progress:==================>           60%] [Cov:========================>          70%]
[Progress:==================>           60%] [Cov:========================>          71%]
[Progress:==================>           61%] [Cov:========================>          71%]
[Progress:==================>           61%] [Cov:=========================>         72%]
[Progress:==================>           63%] [Cov:========================>          71%]
[Progress:==================>           63%] [Cov:========================>          71%]
[Progress:===================>          65%] [Cov:=======================>           68%]
[Progress:===================>          65%] [Cov:========================>          70%]
[Progress:===================>          65%] [Cov:========================>          71%]
[Progress:===================>          65%] [Cov:=========================>         72%]
[Progress:===================>          66%] [Cov:========================>          69%]
[Progress:===================>          66%] [Cov:========================>          71%]
[Progress:===================>          66%] [Cov:=========================>         72%]
[Progress:===================>          66%] [Cov:========================>          71%]
[Progress:===================>          66%] [Cov:=========================>         72%]
[Progress:===================>          66%] [Cov:=========================>         73%]
[Progress:====================>         68%] [Cov:========================>          71%]
[Progress:====================>         68%] [Cov:=========================>         72%]
[Progress:=====================>        70%] [Cov:========================>          71%]
[Progress:=====================>        70%] [Cov:=========================>         72%]
[Progress:=====================>        70%] [Cov:=========================>         73%]
[Progress:=====================>        71%] [Cov:=========================>         72%]
[Progress:=====================>        71%] [Cov:=========================>         73%]
[Progress:=====================>        73%] [Cov:========================>          70%]
[Progress:=====================>        73%] [Cov:========================>          71%]
[Progress:=====================>        73%] [Cov:=========================>         73%]
[Progress:======================>       75%] [Cov:=========================>         72%]
[Progress:======================>       75%] [Cov:=========================>         73%]
[Progress:======================>       76%] [Cov:=========================>         72%]
[Progress:======================>       76%] [Cov:=========================>         73%]
[Progress:======================>       76%] [Cov:=========================>         74%]
[Progress:======================>       76%] [Cov:==========================>        75%]
[Progress:=======================>      78%] [Cov:========================>          71%]
[Progress:=======================>      78%] [Cov:=========================>         72%]
[Progress:=======================>      78%] [Cov:=========================>         73%]
[Progress:=======================>      78%] [Cov:=========================>         74%]
[Progress:=======================>      78%] [Cov:=========================>         73%]
[Progress:========================>     80%] [Cov:=========================>         72%]
[Progress:========================>     80%] [Cov:=========================>         73%]
[Progress:========================>     80%] [Cov:==========================>        75%]
[Progress:========================>     81%] [Cov:=========================>         73%]
[Progress:========================>     81%] [Cov:=========================>         73%]
[Progress:========================>     81%] [Cov:=========================>         74%]
[Progress:========================>     83%] [Cov:=========================>         72%]
[Progress:========================>     83%] [Cov:=========================>         73%]
[Progress:========================>     83%] [Cov:=========================>         74%]
[Progress:=========================>    85%] [Cov:=========================>         73%]
[Progress:=========================>    85%] [Cov:=========================>         74%]
[Progress:=========================>    85%] [Cov:=========================>         74%]
[Progress:=========================>    85%] [Cov:==========================>        75%]
[Progress:=========================>    86%] [Cov:=========================>         73%]
[Progress:=========================>    86%] [Cov:=========================>         74%]
[Progress:=========================>    86%] [Cov:==========================>        75%]
[Progress:==========================>   88%] [Cov:=========================>         72%]
[Progress:==========================>   88%] [Cov:=========================>         74%]
[Progress:==========================>   88%] [Cov:=========================>         74%]
[Progress:===========================>  90%] [Cov:=========================>         74%]
[Progress:===========================>  91%] [Cov:=========================>         73%]
[Progress:===========================>  91%] [Cov:=========================>         74%]
[Progress:===========================>  91%] [Cov:=========================>         74%]
[Progress:===========================>  91%] [Cov:==========================>        75%]
[Progress:===========================>  93%] [Cov:=========================>         74%]
[Progress:===========================>  93%] [Cov:==========================>        75%]
[Progress:============================> 95%] [Cov:=========================>         74%]
[Progress:============================> 95%] [Cov:=========================>         74%]
[Progress:============================> 95%] [Cov:==========================>        75%]
[Progress:============================> 96%] [Cov:=========================>         73%]
[Progress:============================> 96%] [Cov:=========================>         74%]
[Progress:============================> 96%] [Cov:==========================>        75%]
[Progress:=============================>98%] [Cov:=========================>         74%]
[Progress:=============================>98%] [Cov:=========================>         74%]
[Progress:=============================>98%] [Cov:==========================>        75%]
[Progress:==============================100%] [Cov:==========================>        75%]
[Progress:==============================100%] [Cov:=========================>         74%]
[Progress:==============================100%] [Cov:==========================>        75%]
[Progress:==============================100%] [Cov:==========================>        75%]
* Search finished after 62s and 37 generations, 21233 statements, best individual has fitness: 540.2981795829683
* Minimizing test suite
* Going to analyze the coverage criteria
* Coverage analysis for criterion LINE
* Coverage of criterion LINE: 80%
* Total number of goals: 171
* Number of covered goals: 137
* Coverage analysis for criterion BRANCH
* Coverage of criterion BRANCH: 66%
* Total number of goals: 223
* Number of covered goals: 148
* Coverage analysis for criterion EXCEPTION
* Coverage of criterion EXCEPTION: 75%
* Total number of goals: 8
* Number of covered goals: 6
* Coverage analysis for criterion WEAKMUTATION
* Coverage of criterion WEAKMUTATION: 75%
* Total number of goals: 538
* Number of covered goals: 403
* Coverage analysis for criterion OUTPUT
* Coverage of criterion OUTPUT: 69%
* Total number of goals: 100
* Number of covered goals: 69
* Coverage analysis for criterion METHOD
* Coverage of criterion METHOD: 100%
* Total number of goals: 37
* Number of covered goals: 37
* Coverage analysis for criterion METHODNOEXCEPTION
* Coverage of criterion METHODNOEXCEPTION: 100%
* Total number of goals: 37
* Number of covered goals: 37
* Coverage analysis for criterion CBRANCH
* Coverage of criterion CBRANCH: 64%
* Total number of goals: 223
* Number of covered goals: 143
* Generated 81 tests with total length 156
* Resulting test suite's coverage: 76% (average coverage for all fitness functions)
* Generating assertions
* Resulting test suite's mutation score: 52%
* Compiling and checking tests
* Writing tests to file
* Writing JUnit test case 'BooleanUtils_ESTest' to evosuite-tests
* Done!

* Computation finished

