CMD: /usr/lib/jvm/java-8-openjdk-amd64/bin/java -Dtools_jar_location=/usr/lib/jvm/java-8-openjdk-amd64/lib/tools.jar -jar /home/pizza/TestRound2/evosuite-1.2.0.jar -generateSuite -class com.fasterxml.jackson.core.json.UTF8StreamJsonParser -projectCP /home/pizza/TestRound2/Test/JacksonCore-19b/target/classes -base_dir /home/pizza/TestRound2/results/project-JacksonCore/JacksonCore-19/round03/evosuite-work -seed 11 -Dalgorithm=NSGAII -Dsearch_budget=60 -Dtest_format=JUNIT4 -Dassertions=true

* EvoSuite 1.2.0
* Going to generate test cases for class: com.fasterxml.jackson.core.json.UTF8StreamJsonParser
* Starting Client-0
* Connecting to master process on port 8220
* Analyzing classpath: 
  - /home/pizza/TestRound2/Test/JacksonCore-19b/target/classes
* Finished analyzing classpath
* Generating tests for class com.fasterxml.jackson.core.json.UTF8StreamJsonParser
* Test criteria:
  - Line Coverage
  - Branch Coverage
  - Exception
  - Mutation testing (weak)
  - Method-Output Coverage
  - Top-Level Method Coverage
  - No-Exception Top-Level Method Coverage
  - Context Branch Coverage
* Setting up search algorithm for whole suite generation
* Total number of test goals: 
  - Line 1816
  - Branch 1454
  - Exception 0
  - MutationFactory 1226
  - Output 213
  - Method 58
  - MethodNoException 58
  - CBranchFitnessFactory 1454

[Progress:>                             0%] [Cov:>                                  0%]* Using seed 11
* Starting evolution

[Progress:>                             1%] [Cov:>                                  0%]
[Progress:=>                            6%] [Cov:>                                  0%]
[Progress:=>                            6%] [Cov:====>                              13%]
[Progress:==>                           8%] [Cov:>                                  0%]
[Progress:==>                           8%] [Cov:====>                              12%]
[Progress:==>                           8%] [Cov:====>                              13%]
[Progress:==>                           8%] [Cov:====>                              14%]
[Progress:===>                          10%] [Cov:>                                  0%]
[Progress:===>                          10%] [Cov:====>                              12%]
[Progress:===>                          10%] [Cov:====>                              13%]
[Progress:===>                          11%] [Cov:>                                  0%]
[Progress:===>                          11%] [Cov:====>                              12%]
[Progress:===>                          11%] [Cov:====>                              13%]
[Progress:===>                          11%] [Cov:====>                              14%]
[Progress:===>                          13%] [Cov:>                                  0%]
[Progress:===>                          13%] [Cov:====>                              12%]
[Progress:===>                          13%] [Cov:====>                              13%]
[Progress:===>                          13%] [Cov:====>                              14%]
[Progress:====>                         15%] [Cov:====>                              13%]
[Progress:====>                         16%] [Cov:>                                  0%]
[Progress:====>                         16%] [Cov:====>                              13%]
[Progress:====>                         16%] [Cov:====>                              14%]
[Progress:=====>                        18%] [Cov:===>                               11%]
[Progress:=====>                        18%] [Cov:====>                              12%]
[Progress:=====>                        18%] [Cov:====>                              13%]
[Progress:=====>                        18%] [Cov:====>                              14%]
[Progress:======>                       20%] [Cov:====>                              13%]
[Progress:======>                       20%] [Cov:====>                              14%]
[Progress:======>                       20%] [Cov:====>                              14%]
[Progress:======>                       21%] [Cov:====>                              12%]
[Progress:======>                       21%] [Cov:====>                              14%]
[Progress:======>                       21%] [Cov:=====>                             15%]
[Progress:======>                       23%] [Cov:====>                              14%]
[Progress:======>                       23%] [Cov:=====>                             15%]
[Progress:=======>                      25%] [Cov:====>                              13%]
[Progress:=======>                      25%] [Cov:====>                              14%]
[Progress:=======>                      26%] [Cov:====>                              13%]
[Progress:=======>                      26%] [Cov:====>                              14%]
[Progress:=======>                      26%] [Cov:====>                              14%]
[Progress:========>                     28%] [Cov:====>                              13%]
[Progress:========>                     28%] [Cov:=====>                             15%]
[Progress:=========>                    30%] [Cov:====>                              14%]
[Progress:===========>                  38%] [Cov:=====>                             15%]
[Progress:=============>                46%] [Cov:====>                              14%]
[Progress:==============>               48%] [Cov:====>                              14%]
[Progress:==============>               48%] [Cov:=====>                             15%]
[Progress:===============>              50%] [Cov:=====>                             15%]
[Progress:===============>              51%] [Cov:====>                              14%]
[Progress:===============>              53%] [Cov:====>                              14%]
[Progress:===============>              53%] [Cov:====>                              14%]
[Progress:===============>              53%] [Cov:=====>                             15%]
[Progress:===============>              53%] [Cov:=====>                             16%]
[Progress:================>             55%] [Cov:====>                              13%]
[Progress:================>             55%] [Cov:====>                              14%]
[Progress:================>             55%] [Cov:=====>                             15%]
[Progress:================>             56%] [Cov:=====>                             15%]
[Progress:================>             56%] [Cov:=====>                             16%]
[Progress:=================>            58%] [Cov:====>                              14%]
[Progress:=================>            58%] [Cov:=====>                             15%]
[Progress:==================>           60%] [Cov:=====>                             15%]
[Progress:==================>           60%] [Cov:====>                              14%]
[Progress:==================>           60%] [Cov:=====>                             15%]
[Progress:==================>           60%] [Cov:=====>                             16%]
[Progress:==================>           61%] [Cov:====>                              14%]
[Progress:==================>           61%] [Cov:=====>                             15%]
[Progress:==================>           61%] [Cov:=====>                             16%]
[Progress:==================>           63%] [Cov:=====>                             15%]
[Progress:==================>           63%] [Cov:=====>                             16%]
[Progress:===================>          65%] [Cov:=====>                             15%]
[Progress:===================>          65%] [Cov:=====>                             16%]
[Progress:===================>          66%] [Cov:=====>                             15%]
[Progress:===================>          66%] [Cov:=====>                             15%]
[Progress:===================>          66%] [Cov:=====>                             16%]
[Progress:====================>         68%] [Cov:=====>                             15%]
[Progress:====================>         68%] [Cov:=====>                             16%]
[Progress:=====================>        70%] [Cov:=====>                             15%]
[Progress:=====================>        70%] [Cov:=====>                             16%]
[Progress:=====================>        70%] [Cov:=====>                             17%]
[Progress:=====================>        71%] [Cov:====>                              14%]
[Progress:=====================>        71%] [Cov:=====>                             15%]
[Progress:=====================>        71%] [Cov:=====>                             15%]
[Progress:=====================>        71%] [Cov:=====>                             16%]
[Progress:=====================>        71%] [Cov:=====>                             17%]
[Progress:=====================>        73%] [Cov:=====>                             15%]
[Progress:=====================>        73%] [Cov:=====>                             16%]
[Progress:=====================>        73%] [Cov:=====>                             17%]
[Progress:======================>       75%] [Cov:=====>                             15%]
[Progress:======================>       75%] [Cov:=====>                             16%]
[Progress:======================>       75%] [Cov:=====>                             17%]
[Progress:======================>       76%] [Cov:=====>                             16%]
[Progress:======================>       76%] [Cov:=====>                             15%]
[Progress:======================>       76%] [Cov:=====>                             16%]
[Progress:=======================>      78%] [Cov:=====>                             16%]
[Progress:========================>     80%] [Cov:====>                              14%]
[Progress:========================>     80%] [Cov:=====>                             16%]
[Progress:========================>     81%] [Cov:=====>                             15%]
[Progress:========================>     81%] [Cov:=====>                             16%]
[Progress:========================>     81%] [Cov:=====>                             17%]
[Progress:========================>     81%] [Cov:======>                            18%]
[Progress:========================>     83%] [Cov:=====>                             15%]
[Progress:========================>     83%] [Cov:=====>                             17%]
[Progress:=========================>    85%] [Cov:=====>                             17%]
[Progress:=========================>    85%] [Cov:=====>                             16%]
[Progress:=========================>    85%] [Cov:=====>                             17%]
[Progress:=========================>    86%] [Cov:=====>                             16%]
[Progress:=========================>    86%] [Cov:=====>                             17%]
[Progress:==========================>   88%] [Cov:=====>                             15%]
[Progress:==========================>   88%] [Cov:=====>                             16%]
[Progress:==========================>   88%] [Cov:=====>                             17%]
[Progress:==========================>   88%] [Cov:======>                            18%]
[Progress:===========================>  90%] [Cov:=====>                             15%]
[Progress:===========================>  90%] [Cov:=====>                             17%]
[Progress:===========================>  90%] [Cov:=====>                             16%]
[Progress:===========================>  90%] [Cov:=====>                             17%]
[Progress:===========================>  91%] [Cov:=====>                             16%]
[Progress:===========================>  91%] [Cov:=====>                             17%]
[Progress:===========================>  93%] [Cov:=====>                             16%]
[Progress:===========================>  93%] [Cov:=====>                             17%]
[Progress:===========================>  93%] [Cov:======>                            18%]
[Progress:============================> 95%] [Cov:=====>                             16%]
[Progress:============================> 95%] [Cov:=====>                             17%]
[Progress:============================> 96%] [Cov:=====>                             16%]
[Progress:============================> 96%] [Cov:=====>                             17%]
[Progress:============================> 96%] [Cov:======>                            18%]
[Progress:============================> 96%] [Cov:=====>                             17%]
[Progress:=============================>98%] [Cov:=====>                             15%]
[Progress:=============================>98%] [Cov:=====>                             17%]
[Progress:=============================>98%] [Cov:======>                            18%]
[Progress:==============================100%] [Cov:=====>                             16%]
[Progress:==============================100%] [Cov:=====>                             17%]
[Progress:==============================100%] [Cov:======>                            18%]
[Progress:==============================100%] [Cov:=====>                             16%]
[Progress:==============================100%] [Cov:=====>                             17%]
[Progress:==============================100%] [Cov:======>                            18%]
[Progress:==============================100%] [Cov:=====>                             17%]
[Progress:==============================100%] [Cov:======>                            18%]
[Progress:==============================100%] [Cov:=====>                             17%]
* Search finished after 63s and 12 generations, 9748 statements, best individual has fitness: 15570.913493624033
* Minimizing test suite
* Going to analyze the coverage criteria
* Coverage analysis for criterion LINE
* Coverage of criterion LINE: 8%
* Total number of goals: 1816
* Number of covered goals: 143
* Coverage analysis for criterion BRANCH
* Coverage of criterion BRANCH: 6%
* Total number of goals: 1454
* Number of covered goals: 91
* Coverage analysis for criterion EXCEPTION
* Coverage of criterion EXCEPTION: 15%
* Total number of goals: 52
* Number of covered goals: 8
* Coverage analysis for criterion WEAKMUTATION
* Coverage of criterion WEAKMUTATION: 8%
* Total number of goals: 1226
* Number of covered goals: 92
* Coverage analysis for criterion OUTPUT
* Coverage of criterion OUTPUT: 3%
* Total number of goals: 213
* Number of covered goals: 7
* Coverage analysis for criterion METHOD
* Coverage of criterion METHOD: 21%
* Total number of goals: 58
* Number of covered goals: 12
* Coverage analysis for criterion METHODNOEXCEPTION
* Coverage of criterion METHODNOEXCEPTION: 10%
* Total number of goals: 58
* Number of covered goals: 6
* Coverage analysis for criterion CBRANCH
* Coverage of criterion CBRANCH: 6%
* Total number of goals: 1454
* Number of covered goals: 90
* Generated 15 tests with total length 138
* Resulting test suite's coverage: 18% (average coverage for all fitness functions)
* Generating assertions
* Resulting test suite's mutation score: 1%
* Compiling and checking tests
* Writing tests to file
* Writing JUnit test case 'UTF8StreamJsonParser_ESTest' to evosuite-tests
* Done!

* Computation finished

