CMD: /usr/lib/jvm/java-8-openjdk-amd64/bin/java -Dtools_jar_location=/usr/lib/jvm/java-8-openjdk-amd64/lib/tools.jar -jar /home/pizza/evosuite/evosuite-1.2.0.jar -generateSuite -class com.google.javascript.jscomp.DevirtualizePrototypeMethods -projectCP /home/pizza/evosuite/Test/Closure-135b/build/classes:/home/pizza/evosuite/Test/Closure-135b/lib/ant_deploy.jar:/home/pizza/evosuite/Test/Closure-135b/lib/google_common_deploy.jar:/home/pizza/evosuite/Test/Closure-135b/lib/hamcrest-core-1.1.jar:/home/pizza/evosuite/Test/Closure-135b/lib/junit4-core.jar:/home/pizza/evosuite/Test/Closure-135b/lib/junit4-legacy.jar:/home/pizza/evosuite/Test/Closure-135b/lib/libtrunk_rhino_parser_jarjared.jar:/home/pizza/evosuite/Test/Closure-135b/lib/protobuf_deploy.jar -base_dir /home/pizza/evosuite/results/project-Closure/Closure-135/round02/evosuite-work -seed 11 -Dalgorithm=NSGAII -Dsearch_budget=150 -Dtest_format=JUNIT4 -Dassertions=true

* EvoSuite 1.2.0
* Going to generate test cases for class: com.google.javascript.jscomp.DevirtualizePrototypeMethods
* Starting Client-0
* Connecting to master process on port 8222
* Analyzing classpath: 
  - /home/pizza/evosuite/Test/Closure-135b/build/classes
  - /home/pizza/evosuite/Test/Closure-135b/lib/ant_deploy.jar
  - /home/pizza/evosuite/Test/Closure-135b/lib/google_common_deploy.jar
  - /home/pizza/evosuite/Test/Closure-135b/lib/hamcrest-core-1.1.jar
  - /home/pizza/evosuite/Test/Closure-135b/lib/junit4-core.jar
  - /home/pizza/evosuite/Test/Closure-135b/lib/junit4-legacy.jar
  - /home/pizza/evosuite/Test/Closure-135b/lib/libtrunk_rhino_parser_jarjared.jar
  - /home/pizza/evosuite/Test/Closure-135b/lib/protobuf_deploy.jar
* Finished analyzing classpath
* Generating tests for class com.google.javascript.jscomp.DevirtualizePrototypeMethods
* Test criteria:
  - Line Coverage
  - Branch Coverage
  - Exception
  - Mutation testing (weak)
  - Method-Output Coverage
  - Top-Level Method Coverage
  - No-Exception Top-Level Method Coverage
  - Context Branch Coverage
* Setting up search algorithm for whole suite generation
* Total number of test goals: 
  - Line 130
  - Branch 85
  - Exception 0
  - MutationFactory 223
  - Output 0
  - Method 2
  - MethodNoException 2
  - CBranchFitnessFactory 85

[Progress:>                             0%] [Cov:>                                  0%]* Using seed 11
* Starting evolution
[MASTER] 01:53:06.398 [logback-1] WARN  TestCluster - Failed to check cache for java.util.EnumSet<E> : Type points to itself

[Progress:>                             1%] [Cov:>                                  0%]
[Progress:>                             2%] [Cov:>                                  0%]
[Progress:>                             2%] [Cov:====>                              13%]
[Progress:>                             2%] [Cov:========>                          23%]
[Progress:>                             2%] [Cov:===========>                       34%]
[Progress:>                             2%] [Cov:===============>                   45%]
[Progress:>                             2%] [Cov:================>                  46%]
[Progress:>                             2%] [Cov:================>                  47%]
[Progress:>                             3%] [Cov:>                                  0%]
[Progress:>                             3%] [Cov:====>                              12%]
[Progress:>                             3%] [Cov:=======>                           22%]
[Progress:>                             3%] [Cov:=========>                         28%]
[Progress:>                             3%] [Cov:===========>                       33%]
[Progress:>                             3%] [Cov:===========>                       34%]
[Progress:>                             3%] [Cov:=============>                     39%]
[Progress:>                             3%] [Cov:===============>                   45%]
[Progress:=>                            4%] [Cov:>                                  0%]
[Progress:=>                            4%] [Cov:====>                              13%]
[Progress:=>                            4%] [Cov:========>                          23%]
[Progress:=>                            4%] [Cov:===========>                       34%]
[Progress:=>                            4%] [Cov:===============>                   45%]
[Progress:=>                            4%] [Cov:================>                  47%]
[Progress:=>                            4%] [Cov:================>                  47%]
[Progress:=>                            5%] [Cov:================>                  47%]
[Progress:=>                            5%] [Cov:================>                  47%]
[Progress:=>                            5%] [Cov:================>                  47%]
[Progress:=>                            6%] [Cov:================>                  47%]
[Progress:=>                            6%] [Cov:================>                  47%]
[Progress:=>                            6%] [Cov:================>                  47%]
[Progress:=>                            6%] [Cov:================>                  47%]
[Progress:==>                           7%] [Cov:================>                  47%]
[Progress:==>                           7%] [Cov:================>                  47%]
[Progress:==>                           7%] [Cov:================>                  47%]
[Progress:==>                           7%] [Cov:================>                  47%]
[Progress:==>                           8%] [Cov:================>                  47%]
[Progress:==>                           8%] [Cov:================>                  47%]
[Progress:==>                           8%] [Cov:================>                  47%]
[Progress:==>                           8%] [Cov:================>                  47%]
[Progress:==>                           8%] [Cov:================>                  47%]
[Progress:==>                           8%] [Cov:================>                  47%]
[Progress:==>                           8%] [Cov:================>                  47%]
[Progress:==>                           8%] [Cov:================>                  47%]
[Progress:==>                           8%] [Cov:================>                  47%]
[Progress:==>                           9%] [Cov:================>                  47%]
[Progress:===>                          12%] [Cov:================>                  46%]
[Progress:===>                          12%] [Cov:================>                  47%]
[Progress:===>                          12%] [Cov:================>                  47%]
[Progress:===>                          12%] [Cov:================>                  47%]
[Progress:===>                          12%] [Cov:================>                  47%]
[Progress:===>                          12%] [Cov:================>                  47%]
[Progress:===>                          13%] [Cov:================>                  47%]
[Progress:===>                          13%] [Cov:================>                  47%]
[Progress:===>                          13%] [Cov:================>                  47%]
[Progress:===>                          13%] [Cov:================>                  47%]
[Progress:===>                          13%] [Cov:================>                  47%]
[Progress:===>                          13%] [Cov:================>                  47%]
[Progress:====>                         14%] [Cov:===============>                   45%]
[Progress:====>                         14%] [Cov:================>                  47%]
[Progress:====>                         14%] [Cov:================>                  47%]
[Progress:====>                         14%] [Cov:================>                  47%]
[Progress:====>                         14%] [Cov:================>                  47%]
[Progress:=====>                        17%] [Cov:================>                  47%]
[Progress:=====>                        17%] [Cov:================>                  47%]
[Progress:=====>                        18%] [Cov:================>                  47%]
[Progress:=====>                        18%] [Cov:================>                  47%]
[Progress:=====>                        18%] [Cov:================>                  47%]
[Progress:=====>                        18%] [Cov:================>                  47%]
[Progress:=====>                        18%] [Cov:================>                  47%]
[Progress:=====>                        18%] [Cov:================>                  47%]
[Progress:=====>                        18%] [Cov:================>                  47%]
[Progress:=====>                        18%] [Cov:================>                  47%]
[Progress:=====>                        18%] [Cov:================>                  47%]
[Progress:=====>                        18%] [Cov:================>                  47%]
[Progress:======>                       22%] [Cov:================>                  46%]
[Progress:======>                       22%] [Cov:================>                  47%]
[Progress:======>                       22%] [Cov:================>                  47%]
[Progress:======>                       22%] [Cov:================>                  47%]
[Progress:======>                       22%] [Cov:================>                  47%]
[Progress:======>                       22%] [Cov:================>                  47%]
[Progress:======>                       22%] [Cov:================>                  47%]
[Progress:======>                       22%] [Cov:================>                  47%]
[Progress:======>                       22%] [Cov:================>                  47%]
[Progress:======>                       22%] [Cov:================>                  47%]
[Progress:======>                       22%] [Cov:================>                  47%]
[Progress:======>                       23%] [Cov:================>                  46%]
[Progress:======>                       23%] [Cov:================>                  47%]
[Progress:======>                       23%] [Cov:================>                  47%]
[Progress:======>                       23%] [Cov:================>                  47%]
[Progress:======>                       23%] [Cov:================>                  47%]
[Progress:======>                       23%] [Cov:================>                  47%]
[Progress:======>                       23%] [Cov:================>                  47%]
[Progress:=======>                      24%] [Cov:================>                  47%]
[Progress:========>                     27%] [Cov:================>                  46%]
[Progress:========>                     27%] [Cov:================>                  47%]
[Progress:========>                     27%] [Cov:================>                  47%]
[Progress:========>                     27%] [Cov:================>                  47%]
[Progress:========>                     27%] [Cov:================>                  47%]
[Progress:========>                     27%] [Cov:================>                  47%]
[Progress:========>                     27%] [Cov:================>                  47%]
[Progress:========>                     27%] [Cov:================>                  47%]
[Progress:========>                     28%] [Cov:================>                  46%]
[Progress:========>                     28%] [Cov:================>                  47%]
[Progress:========>                     28%] [Cov:================>                  47%]
[Progress:=========>                    31%] [Cov:================>                  46%]
[Progress:=========>                    31%] [Cov:================>                  47%]
[Progress:=========>                    31%] [Cov:================>                  47%]
[Progress:=========>                    31%] [Cov:================>                  47%]
[Progress:=========>                    31%] [Cov:================>                  47%]
[Progress:=========>                    32%] [Cov:================>                  46%]
[Progress:=========>                    32%] [Cov:================>                  47%]
[Progress:=========>                    32%] [Cov:================>                  47%]
[Progress:==========>                   35%] [Cov:================>                  46%]
[Progress:==========>                   35%] [Cov:================>                  47%]
[Progress:==========>                   35%] [Cov:================>                  47%]
[Progress:==========>                   35%] [Cov:================>                  47%]
[Progress:==========>                   35%] [Cov:================>                  47%]
[Progress:==========>                   35%] [Cov:================>                  47%]
[Progress:==========>                   35%] [Cov:================>                  47%]
[Progress:==========>                   36%] [Cov:================>                  46%]
[Progress:==========>                   36%] [Cov:================>                  47%]
[Progress:==========>                   36%] [Cov:================>                  47%]
[Progress:==========>                   36%] [Cov:================>                  47%]
[Progress:==========>                   36%] [Cov:================>                  47%]
[Progress:==========>                   36%] [Cov:================>                  47%]
[Progress:==========>                   36%] [Cov:================>                  47%]
[Progress:==========>                   36%] [Cov:================>                  47%]
[Progress:==========>                   36%] [Cov:================>                  47%]
[Progress:==========>                   36%] [Cov:================>                  47%]
[Progress:==========>                   36%] [Cov:================>                  47%]
[Progress:============>                 40%] [Cov:================>                  46%]
[Progress:============>                 40%] [Cov:================>                  47%]
[Progress:============>                 40%] [Cov:================>                  47%]
[Progress:============>                 40%] [Cov:================>                  47%]
[Progress:============>                 40%] [Cov:================>                  47%]
[Progress:============>                 40%] [Cov:================>                  47%]
[Progress:============>                 40%] [Cov:================>                  47%]
[Progress:============>                 40%] [Cov:================>                  47%]
[Progress:============>                 41%] [Cov:================>                  47%]
[Progress:============>                 41%] [Cov:================>                  47%]
[Progress:============>                 41%] [Cov:================>                  47%]
[Progress:============>                 41%] [Cov:================>                  47%]
[Progress:============>                 41%] [Cov:================>                  47%]
[Progress:============>                 42%] [Cov:================>                  46%]
[Progress:============>                 42%] [Cov:================>                  47%]
[Progress:============>                 42%] [Cov:================>                  47%]
[Progress:============>                 42%] [Cov:================>                  47%]
[Progress:============>                 42%] [Cov:================>                  47%]
[Progress:============>                 42%] [Cov:================>                  47%]
[Progress:============>                 42%] [Cov:================>                  47%]
[Progress:============>                 42%] [Cov:================>                  47%]
[Progress:============>                 42%] [Cov:================>                  47%]
[Progress:============>                 42%] [Cov:================>                  47%]
[Progress:============>                 42%] [Cov:================>                  47%]
[Progress:============>                 43%] [Cov:================>                  46%]
[Progress:============>                 43%] [Cov:================>                  47%]
[Progress:============>                 43%] [Cov:================>                  47%]
[Progress:============>                 43%] [Cov:================>                  47%]
[Progress:============>                 43%] [Cov:================>                  47%]
[Progress:============>                 43%] [Cov:================>                  47%]
[Progress:============>                 43%] [Cov:================>                  47%]
[Progress:============>                 43%] [Cov:================>                  47%]
[Progress:============>                 43%] [Cov:================>                  47%]
[Progress:=============>                44%] [Cov:================>                  47%]
[Progress:=============>                44%] [Cov:================>                  47%]
[Progress:=============>                44%] [Cov:================>                  47%]
[Progress:=============>                44%] [Cov:================>                  47%]
[Progress:=============>                44%] [Cov:================>                  47%]
[Progress:=============>                44%] [Cov:================>                  47%]
[Progress:=============>                44%] [Cov:================>                  47%]
[Progress:=============>                44%] [Cov:================>                  47%]
[Progress:=============>                44%] [Cov:================>                  47%]
[Progress:=============>                44%] [Cov:================>                  47%]
[Progress:=============>                44%] [Cov:================>                  47%]
[Progress:=============>                45%] [Cov:================>                  47%]
[Progress:=============>                45%] [Cov:================>                  47%]
[Progress:=============>                45%] [Cov:================>                  47%]
[Progress:=============>                45%] [Cov:================>                  47%]
[Progress:=============>                45%] [Cov:================>                  47%]
[Progress:=============>                45%] [Cov:================>                  47%]
[Progress:=============>                46%] [Cov:================>                  47%]
[Progress:=============>                46%] [Cov:================>                  47%]
[Progress:=============>                46%] [Cov:================>                  47%]
[Progress:=============>                46%] [Cov:================>                  47%]
[Progress:=============>                46%] [Cov:================>                  47%]
[Progress:=============>                46%] [Cov:================>                  47%]
[Progress:=============>                46%] [Cov:================>                  47%]
[Progress:=============>                46%] [Cov:================>                  47%]
[Progress:=============>                46%] [Cov:================>                  47%]
[Progress:=============>                46%] [Cov:================>                  47%]
[Progress:=============>                46%] [Cov:================>                  47%]
[Progress:=============>                46%] [Cov:================>                  47%]
[Progress:=============>                46%] [Cov:================>                  47%]
[Progress:==============>               47%] [Cov:================>                  47%]
[Progress:==============>               47%] [Cov:================>                  47%]
[Progress:==============>               47%] [Cov:================>                  47%]
[Progress:==============>               47%] [Cov:================>                  47%]
[Progress:==============>               47%] [Cov:================>                  47%]
[Progress:==============>               47%] [Cov:================>                  47%]
[Progress:==============>               48%] [Cov:================>                  46%]
[Progress:==============>               48%] [Cov:================>                  47%]
[Progress:==============>               48%] [Cov:================>                  47%]
[Progress:==============>               48%] [Cov:================>                  47%]
[Progress:==============>               48%] [Cov:================>                  47%]
[Progress:==============>               48%] [Cov:================>                  47%]
[Progress:==============>               48%] [Cov:================>                  47%]
[Progress:==============>               48%] [Cov:================>                  47%]
[Progress:==============>               48%] [Cov:================>                  47%]
[Progress:==============>               48%] [Cov:================>                  47%]
[Progress:==============>               48%] [Cov:================>                  47%]
[Progress:==============>               49%] [Cov:================>                  46%]
[Progress:==============>               49%] [Cov:================>                  47%]
[Progress:==============>               49%] [Cov:================>                  47%]
[Progress:==============>               49%] [Cov:================>                  47%]
[Progress:==============>               49%] [Cov:================>                  47%]
[Progress:==============>               49%] [Cov:================>                  47%]
[Progress:==============>               49%] [Cov:================>                  47%]
[Progress:==============>               49%] [Cov:================>                  47%]
[Progress:===============>              50%] [Cov:================>                  46%]
[Progress:===============>              50%] [Cov:================>                  47%]
[Progress:===============>              50%] [Cov:================>                  47%]
[Progress:===============>              50%] [Cov:================>                  47%]
[Progress:===============>              50%] [Cov:================>                  47%]
[Progress:===============>              50%] [Cov:================>                  47%]
[Progress:===============>              50%] [Cov:================>                  47%]
[Progress:===============>              50%] [Cov:================>                  47%]
[Progress:===============>              50%] [Cov:================>                  47%]
[Progress:===============>              50%] [Cov:================>                  47%]
[Progress:===============>              50%] [Cov:================>                  47%]
[Progress:===============>              50%] [Cov:================>                  47%]
[Progress:===============>              50%] [Cov:================>                  47%]
[Progress:===============>              50%] [Cov:================>                  47%]
[Progress:===============>              50%] [Cov:================>                  47%]
[Progress:===============>              50%] [Cov:================>                  47%]
[Progress:===============>              51%] [Cov:================>                  46%]
[Progress:===============>              51%] [Cov:================>                  47%]
[Progress:===============>              51%] [Cov:================>                  47%]
[Progress:===============>              51%] [Cov:================>                  47%]
[Progress:===============>              51%] [Cov:================>                  47%]
[Progress:===============>              51%] [Cov:================>                  47%]
[Progress:===============>              51%] [Cov:================>                  47%]
[Progress:===============>              51%] [Cov:================>                  47%]
[Progress:===============>              52%] [Cov:================>                  46%]
[Progress:===============>              52%] [Cov:================>                  47%]
[Progress:===============>              52%] [Cov:================>                  47%]
[Progress:===============>              52%] [Cov:================>                  47%]
[Progress:===============>              52%] [Cov:================>                  47%]
[Progress:===============>              52%] [Cov:================>                  47%]
[Progress:===============>              52%] [Cov:================>                  47%]
[Progress:===============>              52%] [Cov:================>                  47%]
[Progress:===============>              52%] [Cov:================>                  47%]
[Progress:===============>              52%] [Cov:================>                  47%]
[Progress:===============>              52%] [Cov:================>                  47%]
[Progress:===============>              52%] [Cov:================>                  47%]
[Progress:===============>              53%] [Cov:================>                  47%]
[Progress:===============>              53%] [Cov:================>                  47%]
[Progress:===============>              53%] [Cov:================>                  47%]
[Progress:===============>              53%] [Cov:================>                  47%]
[Progress:===============>              53%] [Cov:================>                  47%]
[Progress:===============>              53%] [Cov:================>                  47%]
[Progress:===============>              53%] [Cov:================>                  47%]
[Progress:================>             54%] [Cov:================>                  46%]
[Progress:================>             54%] [Cov:================>                  47%]
[Progress:================>             54%] [Cov:================>                  47%]
[Progress:================>             54%] [Cov:================>                  47%]
[Progress:================>             54%] [Cov:================>                  47%]
[Progress:================>             54%] [Cov:================>                  47%]
[Progress:================>             54%] [Cov:================>                  47%]
[Progress:================>             54%] [Cov:================>                  47%]
[Progress:================>             54%] [Cov:================>                  47%]
[Progress:================>             54%] [Cov:================>                  47%]
[Progress:================>             54%] [Cov:================>                  47%]
[Progress:================>             54%] [Cov:================>                  47%]
[Progress:================>             54%] [Cov:================>                  47%]
[Progress:================>             54%] [Cov:================>                  47%]
[Progress:================>             55%] [Cov:================>                  47%]
[Progress:================>             55%] [Cov:================>                  47%]
[Progress:================>             55%] [Cov:================>                  47%]
[Progress:================>             55%] [Cov:================>                  47%]
[Progress:================>             55%] [Cov:================>                  47%]
[Progress:================>             55%] [Cov:================>                  47%]
[Progress:================>             55%] [Cov:================>                  47%]
[Progress:================>             56%] [Cov:=======>                           22%]
[Progress:================>             56%] [Cov:================>                  47%]
[Progress:================>             56%] [Cov:================>                  47%]
[Progress:================>             56%] [Cov:================>                  47%]
[Progress:================>             56%] [Cov:================>                  47%]
[Progress:================>             56%] [Cov:================>                  47%]
[Progress:================>             56%] [Cov:================>                  47%]
[Progress:================>             56%] [Cov:================>                  47%]
[Progress:================>             56%] [Cov:================>                  47%]
[Progress:================>             56%] [Cov:================>                  47%]
[Progress:================>             56%] [Cov:================>                  47%]
[Progress:================>             56%] [Cov:================>                  47%]
[Progress:================>             56%] [Cov:================>                  47%]
[Progress:=================>            57%] [Cov:================>                  47%]
[Progress:=================>            57%] [Cov:================>                  47%]
[Progress:=================>            57%] [Cov:================>                  47%]
[Progress:=================>            57%] [Cov:================>                  47%]
[Progress:=================>            57%] [Cov:================>                  47%]
[Progress:=================>            57%] [Cov:================>                  47%][MASTER] 01:54:31.704 [logback-1] WARN  TestCluster - Failed to check cache for java.util.Enumeration<E> : Type points to itself

[Progress:=================>            57%] [Cov:================>                  47%]
[Progress:=================>            57%] [Cov:================>                  47%]
[Progress:=================>            58%] [Cov:================>                  47%]
[Progress:=================>            58%] [Cov:================>                  47%]
[Progress:=================>            58%] [Cov:================>                  47%]
[Progress:=================>            58%] [Cov:================>                  47%]
[Progress:=================>            58%] [Cov:================>                  47%]
[Progress:=================>            58%] [Cov:================>                  47%]
[Progress:=================>            58%] [Cov:================>                  47%]
[Progress:=================>            58%] [Cov:================>                  47%]
[Progress:=================>            58%] [Cov:================>                  47%]
[Progress:=================>            58%] [Cov:================>                  47%]
[Progress:=================>            58%] [Cov:================>                  47%]
[Progress:=================>            58%] [Cov:================>                  47%]
[Progress:=================>            58%] [Cov:================>                  47%]
[Progress:=================>            59%] [Cov:================>                  46%]
[Progress:=================>            59%] [Cov:================>                  47%]
[Progress:=================>            59%] [Cov:================>                  47%]
[Progress:=================>            59%] [Cov:================>                  47%]
[Progress:=================>            59%] [Cov:================>                  47%]
[Progress:=================>            59%] [Cov:================>                  47%]
[Progress:==================>           60%] [Cov:================>                  46%]
[Progress:==================>           60%] [Cov:================>                  47%]
[Progress:==================>           60%] [Cov:================>                  47%]
[Progress:==================>           60%] [Cov:================>                  47%]
[Progress:==================>           60%] [Cov:================>                  47%]
[Progress:==================>           60%] [Cov:================>                  47%]
[Progress:==================>           60%] [Cov:================>                  47%]
[Progress:==================>           60%] [Cov:================>                  47%]
[Progress:==================>           60%] [Cov:================>                  47%]
[Progress:==================>           60%] [Cov:================>                  47%]
[Progress:==================>           60%] [Cov:================>                  47%]
[Progress:==================>           60%] [Cov:================>                  47%]
[Progress:==================>           60%] [Cov:================>                  47%]
[Progress:==================>           61%] [Cov:================>                  47%]
[Progress:==================>           61%] [Cov:================>                  47%]
[Progress:==================>           61%] [Cov:================>                  47%]
[Progress:==================>           61%] [Cov:================>                  47%]
[Progress:==================>           61%] [Cov:================>                  47%]
[Progress:==================>           61%] [Cov:================>                  47%]
[Progress:==================>           61%] [Cov:================>                  47%]
[Progress:==================>           61%] [Cov:================>                  47%]
[Progress:==================>           61%] [Cov:================>                  47%]
[Progress:==================>           62%] [Cov:================>                  46%]
[Progress:==================>           62%] [Cov:================>                  47%]
[Progress:==================>           62%] [Cov:================>                  47%]
[Progress:==================>           62%] [Cov:================>                  47%]
[Progress:==================>           62%] [Cov:================>                  47%]
[Progress:==================>           62%] [Cov:================>                  47%]
[Progress:==================>           62%] [Cov:================>                  47%]
[Progress:==================>           62%] [Cov:================>                  47%]
[Progress:==================>           62%] [Cov:================>                  47%]
[Progress:==================>           62%] [Cov:================>                  47%]
[Progress:==================>           62%] [Cov:================>                  47%]
[Progress:==================>           62%] [Cov:================>                  47%]
[Progress:==================>           62%] [Cov:================>                  47%]
[Progress:==================>           62%] [Cov:================>                  47%]
[Progress:==================>           62%] [Cov:================>                  47%]
[Progress:==================>           62%] [Cov:================>                  47%]
[Progress:==================>           63%] [Cov:================>                  46%]
[Progress:==================>           63%] [Cov:================>                  47%]
[Progress:==================>           63%] [Cov:================>                  47%]
[Progress:==================>           63%] [Cov:================>                  47%]
[Progress:==================>           63%] [Cov:================>                  47%]
[Progress:==================>           63%] [Cov:================>                  47%]
[Progress:==================>           63%] [Cov:================>                  47%]
[Progress:==================>           63%] [Cov:================>                  47%]
[Progress:===================>          64%] [Cov:================>                  47%]
[Progress:===================>          64%] [Cov:================>                  47%]
[Progress:===================>          64%] [Cov:================>                  47%]
[Progress:===================>          64%] [Cov:================>                  47%]
[Progress:===================>          64%] [Cov:================>                  47%]
[Progress:===================>          64%] [Cov:================>                  47%]
[Progress:===================>          64%] [Cov:================>                  47%]
[Progress:===================>          64%] [Cov:================>                  47%]
[Progress:===================>          64%] [Cov:================>                  47%]
[Progress:===================>          64%] [Cov:================>                  47%]
[Progress:===================>          64%] [Cov:================>                  47%]
[Progress:===================>          65%] [Cov:================>                  47%]
[Progress:===================>          65%] [Cov:================>                  47%]
[Progress:===================>          65%] [Cov:================>                  47%]
[Progress:===================>          65%] [Cov:================>                  47%]
[Progress:===================>          65%] [Cov:================>                  47%]
[Progress:===================>          65%] [Cov:================>                  47%]
[Progress:===================>          66%] [Cov:================>                  47%]
[Progress:===================>          66%] [Cov:================>                  47%]
[Progress:===================>          66%] [Cov:================>                  47%]
[Progress:===================>          66%] [Cov:================>                  47%]
[Progress:===================>          66%] [Cov:================>                  47%]
[Progress:===================>          66%] [Cov:================>                  47%]
[Progress:===================>          66%] [Cov:================>                  47%]
[Progress:===================>          66%] [Cov:================>                  47%]
[Progress:===================>          66%] [Cov:================>                  47%]
[Progress:===================>          66%] [Cov:================>                  47%]
[Progress:===================>          66%] [Cov:================>                  47%]
[Progress:===================>          66%] [Cov:================>                  47%]
[Progress:===================>          66%] [Cov:================>                  47%]
[Progress:===================>          66%] [Cov:================>                  47%]
[Progress:===================>          66%] [Cov:================>                  47%]
[Progress:===================>          66%] [Cov:================>                  47%]
[Progress:===================>          66%] [Cov:================>                  47%]
[Progress:===================>          66%] [Cov:================>                  47%]
[Progress:====================>         67%] [Cov:================>                  46%]
[Progress:====================>         67%] [Cov:================>                  47%]
[Progress:====================>         67%] [Cov:================>                  47%]
[Progress:====================>         67%] [Cov:================>                  47%]
[Progress:====================>         67%] [Cov:================>                  47%]
[Progress:====================>         67%] [Cov:================>                  47%]
[Progress:====================>         67%] [Cov:================>                  47%]
[Progress:====================>         67%] [Cov:================>                  47%]
[Progress:====================>         67%] [Cov:================>                  47%]
[Progress:====================>         67%] [Cov:================>                  47%]
[Progress:====================>         67%] [Cov:================>                  47%]
[Progress:====================>         68%] [Cov:================>                  47%]
[Progress:====================>         68%] [Cov:================>                  47%]
[Progress:====================>         68%] [Cov:================>                  47%]
[Progress:====================>         68%] [Cov:================>                  47%]
[Progress:====================>         68%] [Cov:================>                  47%]
[Progress:====================>         68%] [Cov:================>                  47%]
[Progress:====================>         68%] [Cov:================>                  47%]
[Progress:====================>         68%] [Cov:================>                  47%]
[Progress:====================>         68%] [Cov:================>                  47%]
[Progress:====================>         68%] [Cov:================>                  47%]
[Progress:====================>         68%] [Cov:================>                  47%]
[Progress:====================>         68%] [Cov:================>                  47%]
[Progress:====================>         68%] [Cov:================>                  47%]
[Progress:====================>         68%] [Cov:================>                  47%]
[Progress:====================>         68%] [Cov:================>                  47%]
[Progress:====================>         68%] [Cov:================>                  47%]
[Progress:====================>         68%] [Cov:================>                  47%]
[Progress:====================>         68%] [Cov:================>                  47%]
[Progress:====================>         68%] [Cov:================>                  47%]
[Progress:====================>         68%] [Cov:================>                  47%]
[Progress:====================>         68%] [Cov:================>                  47%]
[Progress:====================>         69%] [Cov:================>                  47%]
[Progress:====================>         69%] [Cov:================>                  47%]
[Progress:====================>         69%] [Cov:================>                  47%]
[Progress:====================>         69%] [Cov:================>                  47%]
[Progress:====================>         69%] [Cov:================>                  47%]
[Progress:====================>         69%] [Cov:================>                  47%]
[Progress:====================>         69%] [Cov:================>                  47%]
[Progress:====================>         69%] [Cov:================>                  47%]
[Progress:====================>         69%] [Cov:================>                  47%]
[Progress:====================>         69%] [Cov:================>                  47%]
[Progress:=====================>        70%] [Cov:================>                  47%]
[Progress:=====================>        70%] [Cov:================>                  47%]
[Progress:=====================>        70%] [Cov:================>                  47%]
[Progress:=====================>        70%] [Cov:================>                  47%]
[Progress:=====================>        70%] [Cov:================>                  47%]
[Progress:=====================>        70%] [Cov:================>                  47%]
[Progress:=====================>        70%] [Cov:================>                  47%]
[Progress:=====================>        70%] [Cov:================>                  47%]
[Progress:=====================>        70%] [Cov:================>                  47%]
[Progress:=====================>        70%] [Cov:================>                  47%]
[Progress:=====================>        70%] [Cov:================>                  47%]
[Progress:=====================>        70%] [Cov:================>                  47%]
[Progress:=====================>        70%] [Cov:================>                  47%]
[Progress:=====================>        70%] [Cov:================>                  47%]
[Progress:=====================>        70%] [Cov:================>                  47%]
[Progress:=====================>        70%] [Cov:================>                  47%]
[Progress:=====================>        71%] [Cov:================>                  46%]
[Progress:=====================>        71%] [Cov:================>                  47%]
[Progress:=====================>        71%] [Cov:================>                  47%]
[Progress:=====================>        71%] [Cov:================>                  47%]
[Progress:=====================>        71%] [Cov:================>                  47%]
[Progress:=====================>        71%] [Cov:================>                  47%]
[Progress:=====================>        71%] [Cov:================>                  47%]
[Progress:=====================>        71%] [Cov:================>                  47%]
[Progress:=====================>        71%] [Cov:================>                  47%]
[Progress:=====================>        72%] [Cov:================>                  47%]
[Progress:=====================>        72%] [Cov:================>                  47%]
[Progress:=====================>        72%] [Cov:================>                  47%]
[Progress:=====================>        72%] [Cov:================>                  47%]
[Progress:=====================>        72%] [Cov:================>                  47%]
[Progress:=====================>        72%] [Cov:================>                  47%]
[Progress:=====================>        72%] [Cov:================>                  47%]
[Progress:=====================>        72%] [Cov:================>                  47%]
[Progress:=====================>        72%] [Cov:================>                  47%]
[Progress:=====================>        72%] [Cov:================>                  47%]
[Progress:=====================>        72%] [Cov:================>                  47%]
[Progress:=====================>        72%] [Cov:================>                  47%]
[Progress:=====================>        72%] [Cov:================>                  47%]
[Progress:=====================>        72%] [Cov:================>                  47%]
[Progress:=====================>        72%] [Cov:================>                  47%]
[Progress:=====================>        73%] [Cov:================>                  46%]
[Progress:=====================>        73%] [Cov:================>                  47%]
[Progress:======================>       76%] [Cov:================>                  46%]
[Progress:======================>       76%] [Cov:================>                  47%]
[Progress:======================>       76%] [Cov:================>                  47%]
[Progress:======================>       76%] [Cov:================>                  47%]
[Progress:======================>       76%] [Cov:================>                  47%]
[Progress:======================>       76%] [Cov:================>                  47%]
[Progress:======================>       76%] [Cov:================>                  47%]
[Progress:======================>       76%] [Cov:================>                  47%]
[Progress:=======================>      77%] [Cov:================>                  47%]
[Progress:=======================>      77%] [Cov:================>                  47%]
[Progress:=======================>      77%] [Cov:================>                  47%]
[Progress:=======================>      77%] [Cov:================>                  47%]
[Progress:=======================>      77%] [Cov:================>                  47%]
[Progress:=======================>      77%] [Cov:================>                  47%]
[Progress:=======================>      77%] [Cov:================>                  47%]
[Progress:=======================>      77%] [Cov:================>                  47%]
[Progress:=======================>      78%] [Cov:================>                  47%]
[Progress:=======================>      78%] [Cov:================>                  47%]
[Progress:=======================>      78%] [Cov:================>                  47%]
[Progress:=======================>      78%] [Cov:================>                  47%]
[Progress:=======================>      78%] [Cov:================>                  47%]
[Progress:=======================>      78%] [Cov:================>                  47%]
[Progress:=======================>      78%] [Cov:================>                  47%]
[Progress:=======================>      78%] [Cov:================>                  47%]
[Progress:=======================>      78%] [Cov:================>                  47%]
[Progress:=======================>      78%] [Cov:================>                  47%]
[Progress:=======================>      78%] [Cov:================>                  47%]
[Progress:=======================>      78%] [Cov:================>                  47%]
[Progress:=======================>      78%] [Cov:================>                  47%]
[Progress:=======================>      78%] [Cov:================>                  47%]
[Progress:=======================>      79%] [Cov:================>                  47%]
[Progress:=======================>      79%] [Cov:================>                  47%]
[Progress:=======================>      79%] [Cov:================>                  47%]
[Progress:=======================>      79%] [Cov:================>                  47%]
[Progress:=======================>      79%] [Cov:================>                  47%]
[Progress:=======================>      79%] [Cov:================>                  47%]
[Progress:========================>     80%] [Cov:================>                  47%]
[Progress:========================>     80%] [Cov:================>                  47%]
[Progress:========================>     80%] [Cov:================>                  47%]
[Progress:========================>     80%] [Cov:================>                  47%]
[Progress:========================>     80%] [Cov:================>                  47%]
[Progress:========================>     80%] [Cov:================>                  47%]
[Progress:========================>     80%] [Cov:================>                  47%]
[Progress:========================>     80%] [Cov:================>                  47%]
[Progress:========================>     80%] [Cov:================>                  47%]
[Progress:========================>     80%] [Cov:================>                  47%]
[Progress:========================>     80%] [Cov:================>                  47%]
[Progress:========================>     81%] [Cov:================>                  47%]
[Progress:========================>     81%] [Cov:================>                  47%]
[Progress:========================>     81%] [Cov:================>                  47%]
[Progress:========================>     81%] [Cov:================>                  47%]
[Progress:========================>     81%] [Cov:================>                  47%]
[Progress:========================>     81%] [Cov:================>                  47%]
[Progress:========================>     82%] [Cov:================>                  47%]
[Progress:========================>     82%] [Cov:================>                  47%]
[Progress:========================>     82%] [Cov:================>                  47%]
[Progress:========================>     82%] [Cov:================>                  47%]
[Progress:========================>     82%] [Cov:================>                  47%]
[Progress:========================>     82%] [Cov:================>                  47%]
[Progress:========================>     82%] [Cov:================>                  47%]
[Progress:========================>     82%] [Cov:================>                  47%]
[Progress:========================>     82%] [Cov:================>                  47%]
[Progress:========================>     82%] [Cov:================>                  47%]
[Progress:========================>     82%] [Cov:================>                  47%]
[Progress:========================>     83%] [Cov:================>                  47%]
[Progress:========================>     83%] [Cov:================>                  47%]
[Progress:========================>     83%] [Cov:================>                  47%]
[Progress:========================>     83%] [Cov:================>                  47%]
[Progress:========================>     83%] [Cov:================>                  47%]
[Progress:========================>     83%] [Cov:================>                  47%]
[Progress:=========================>    84%] [Cov:================>                  47%]
[Progress:=========================>    84%] [Cov:================>                  47%]
[Progress:=========================>    84%] [Cov:================>                  47%]
[Progress:=========================>    84%] [Cov:================>                  47%]
[Progress:=========================>    84%] [Cov:================>                  47%]
[Progress:=========================>    84%] [Cov:================>                  47%]
[Progress:=========================>    84%] [Cov:================>                  47%]
[Progress:=========================>    84%] [Cov:================>                  47%]
[Progress:=========================>    84%] [Cov:================>                  47%]
[Progress:=========================>    84%] [Cov:================>                  47%]
[Progress:=========================>    84%] [Cov:================>                  47%]
[Progress:=========================>    84%] [Cov:================>                  47%]
[Progress:=========================>    84%] [Cov:================>                  47%]
[Progress:=========================>    84%] [Cov:================>                  47%]
[Progress:=========================>    84%] [Cov:================>                  47%]
[Progress:=========================>    85%] [Cov:=============>                     39%]
[Progress:=========================>    85%] [Cov:================>                  47%]
[Progress:=========================>    85%] [Cov:================>                  47%]
[Progress:=========================>    85%] [Cov:================>                  47%]
[Progress:=========================>    85%] [Cov:================>                  47%]
[Progress:=========================>    85%] [Cov:================>                  47%]
[Progress:=========================>    85%] [Cov:================>                  47%]
[Progress:=========================>    85%] [Cov:================>                  47%]
[Progress:=========================>    86%] [Cov:================>                  47%]
[Progress:=========================>    86%] [Cov:================>                  47%]
[Progress:=========================>    86%] [Cov:================>                  47%]
[Progress:=========================>    86%] [Cov:================>                  47%]
[Progress:=========================>    86%] [Cov:================>                  47%]
[Progress:=========================>    86%] [Cov:================>                  47%]
[Progress:=========================>    86%] [Cov:================>                  47%]
[Progress:=========================>    86%] [Cov:================>                  47%]
[Progress:=========================>    86%] [Cov:================>                  47%]
[Progress:=========================>    86%] [Cov:================>                  47%]
[Progress:=========================>    86%] [Cov:================>                  47%]
[Progress:=========================>    86%] [Cov:================>                  47%]
[Progress:==========================>   87%] [Cov:================>                  46%]
[Progress:==========================>   87%] [Cov:================>                  47%]
[Progress:==========================>   87%] [Cov:================>                  47%]
[Progress:==========================>   87%] [Cov:================>                  47%]
[Progress:==========================>   87%] [Cov:================>                  47%]
[Progress:==========================>   87%] [Cov:================>                  47%]
[Progress:==========================>   88%] [Cov:================>                  47%]
[Progress:==========================>   88%] [Cov:================>                  47%]
[Progress:==========================>   88%] [Cov:================>                  47%]
[Progress:==========================>   88%] [Cov:================>                  47%]
[Progress:==========================>   88%] [Cov:================>                  47%]
[Progress:==========================>   88%] [Cov:================>                  47%]
[Progress:==========================>   88%] [Cov:================>                  47%]
[Progress:==========================>   88%] [Cov:================>                  47%]
[Progress:==========================>   88%] [Cov:================>                  47%]
[Progress:==========================>   88%] [Cov:================>                  47%]
[Progress:==========================>   88%] [Cov:================>                  47%]
[Progress:==========================>   88%] [Cov:================>                  47%]
[Progress:==========================>   88%] [Cov:================>                  47%]
[Progress:==========================>   88%] [Cov:================>                  47%]
[Progress:==========================>   89%] [Cov:================>                  47%]
[Progress:==========================>   89%] [Cov:================>                  47%]
[Progress:==========================>   89%] [Cov:================>                  47%]
[Progress:==========================>   89%] [Cov:================>                  47%]
[Progress:==========================>   89%] [Cov:================>                  47%]
[Progress:==========================>   89%] [Cov:================>                  47%]
[Progress:==========================>   89%] [Cov:================>                  47%]
[Progress:==========================>   89%] [Cov:================>                  47%]
[Progress:===========================>  90%] [Cov:================>                  47%]
[Progress:===========================>  90%] [Cov:================>                  47%]
[Progress:===========================>  90%] [Cov:================>                  47%]
[Progress:===========================>  90%] [Cov:================>                  47%]
[Progress:===========================>  90%] [Cov:================>                  47%]
[Progress:===========================>  90%] [Cov:================>                  47%]
[Progress:===========================>  90%] [Cov:================>                  47%]
[Progress:===========================>  90%] [Cov:================>                  47%]
[Progress:===========================>  90%] [Cov:================>                  47%]
[Progress:===========================>  90%] [Cov:================>                  47%]
[Progress:===========================>  90%] [Cov:================>                  47%]
[Progress:===========================>  90%] [Cov:================>                  47%]
[Progress:===========================>  90%] [Cov:================>                  47%]
[Progress:===========================>  90%] [Cov:================>                  47%]
[Progress:===========================>  90%] [Cov:================>                  47%]
[Progress:===========================>  90%] [Cov:================>                  47%]
[Progress:===========================>  91%] [Cov:================>                  47%]
[Progress:===========================>  91%] [Cov:================>                  47%]
[Progress:===========================>  91%] [Cov:================>                  47%]
[Progress:===========================>  91%] [Cov:================>                  47%]
[Progress:===========================>  91%] [Cov:================>                  47%]
[Progress:===========================>  91%] [Cov:================>                  47%]
[Progress:===========================>  91%] [Cov:================>                  47%]
[Progress:===========================>  92%] [Cov:================>                  46%]
[Progress:===========================>  92%] [Cov:================>                  47%]
[Progress:===========================>  92%] [Cov:================>                  47%]
[Progress:===========================>  92%] [Cov:================>                  47%]
[Progress:===========================>  92%] [Cov:================>                  47%]
[Progress:===========================>  92%] [Cov:================>                  47%]
[Progress:===========================>  92%] [Cov:================>                  47%]
[Progress:===========================>  92%] [Cov:================>                  47%]
[Progress:===========================>  92%] [Cov:================>                  47%]
[Progress:===========================>  92%] [Cov:================>                  47%]
[Progress:===========================>  92%] [Cov:================>                  47%][MASTER] 01:55:24.560 [logback-1] WARN  CastClassManager - Nothing is assignable after adding com.google.javascript.jscomp.ControlFlowGraph<N>.Branch for type Variable E with bounds [java.lang.Enum<E>] of declaration EnumSet. The owner var map is {E=E, V=class java.sql.ClientInfoStatus, E=V, K=class java.lang.String, E=V, E=V, E=V}

[Progress:===========================>  92%] [Cov:================>                  47%]
[Progress:===========================>  92%] [Cov:================>                  47%]
[Progress:===========================>  92%] [Cov:================>                  47%]
[Progress:===========================>  93%] [Cov:================>                  47%]
[Progress:===========================>  93%] [Cov:================>                  47%]
[Progress:===========================>  93%] [Cov:================>                  47%]
[Progress:===========================>  93%] [Cov:================>                  47%]
[Progress:===========================>  93%] [Cov:================>                  47%]
[Progress:===========================>  93%] [Cov:================>                  47%]
[Progress:===========================>  93%] [Cov:================>                  47%]
[Progress:===========================>  93%] [Cov:================>                  47%]
[Progress:============================> 94%] [Cov:================>                  46%]
[Progress:============================> 94%] [Cov:================>                  47%]
[Progress:============================> 94%] [Cov:================>                  47%]
[Progress:============================> 94%] [Cov:================>                  47%]
[Progress:============================> 94%] [Cov:================>                  47%]
[Progress:============================> 94%] [Cov:================>                  47%]
[Progress:============================> 94%] [Cov:================>                  47%]
[Progress:============================> 94%] [Cov:================>                  47%]
[Progress:============================> 94%] [Cov:================>                  47%]
[Progress:============================> 94%] [Cov:================>                  47%]
[Progress:============================> 94%] [Cov:================>                  47%]
[Progress:============================> 94%] [Cov:================>                  47%]
[Progress:============================> 94%] [Cov:================>                  47%]
[Progress:============================> 95%] [Cov:================>                  47%]
[Progress:============================> 95%] [Cov:================>                  47%]
[Progress:============================> 95%] [Cov:================>                  47%]
[Progress:============================> 95%] [Cov:================>                  47%]
[Progress:============================> 95%] [Cov:================>                  47%]
[Progress:============================> 95%] [Cov:================>                  47%]
[Progress:============================> 96%] [Cov:================>                  46%]
[Progress:============================> 96%] [Cov:================>                  47%]
[Progress:============================> 96%] [Cov:================>                  47%]
[Progress:============================> 96%] [Cov:================>                  47%]
[Progress:============================> 96%] [Cov:================>                  47%]
[Progress:============================> 96%] [Cov:================>                  47%]
[Progress:============================> 96%] [Cov:================>                  47%]
[Progress:============================> 96%] [Cov:================>                  47%]
[Progress:============================> 96%] [Cov:================>                  47%]
[Progress:============================> 96%] [Cov:================>                  47%]
[Progress:============================> 96%] [Cov:================>                  47%]
[Progress:============================> 96%] [Cov:================>                  47%]
[Progress:=============================>97%] [Cov:================>                  46%]
[Progress:=============================>97%] [Cov:================>                  47%]
[Progress:=============================>97%] [Cov:================>                  47%]
[Progress:=============================>97%] [Cov:================>                  47%]
[Progress:=============================>97%] [Cov:================>                  47%]
[Progress:=============================>97%] [Cov:================>                  47%]
[Progress:=============================>97%] [Cov:================>                  47%]
[Progress:=============================>97%] [Cov:================>                  47%]
[Progress:=============================>98%] [Cov:================>                  46%]
[Progress:=============================>98%] [Cov:================>                  47%]
[Progress:=============================>98%] [Cov:================>                  47%]
[Progress:=============================>98%] [Cov:================>                  47%]
[Progress:=============================>98%] [Cov:================>                  47%]
[Progress:=============================>98%] [Cov:================>                  47%]
[Progress:=============================>98%] [Cov:================>                  47%]
[Progress:=============================>98%] [Cov:================>                  47%]
[Progress:=============================>98%] [Cov:================>                  47%]
[Progress:=============================>98%] [Cov:================>                  47%]
[Progress:=============================>98%] [Cov:================>                  47%]
[Progress:=============================>99%] [Cov:================>                  46%]
[Progress:=============================>99%] [Cov:================>                  47%]
[Progress:=============================>99%] [Cov:================>                  47%]
[Progress:=============================>99%] [Cov:================>                  47%]
[Progress:=============================>99%] [Cov:================>                  47%]
[Progress:=============================>99%] [Cov:================>                  47%]
[Progress:=============================>99%] [Cov:================>                  47%]
[Progress:=============================>99%] [Cov:================>                  47%]
[Progress:=============================>99%] [Cov:================>                  47%]
[Progress:==============================100%] [Cov:================>                  46%]
[Progress:==============================100%] [Cov:================>                  47%]
[Progress:==============================100%] [Cov:================>                  47%]
[Progress:==============================100%] [Cov:================>                  47%]
[Progress:==============================100%] [Cov:================>                  47%]
[Progress:==============================100%] [Cov:================>                  47%]
[Progress:==============================100%] [Cov:================>                  47%]
[Progress:==============================100%] [Cov:================>                  47%]
[Progress:==============================100%] [Cov:================>                  47%]
[Progress:==============================100%] [Cov:================>                  47%]
* Search finished after 152s and 599 generations, 144455 statements, best individual has fitness: 633.4916666666667
* Minimizing test suite
* Going to analyze the coverage criteria
* Coverage analysis for criterion LINE
* Coverage of criterion LINE: 8%
* Total number of goals: 130
* Number of covered goals: 11
* Coverage analysis for criterion BRANCH
* Coverage of criterion BRANCH: 5%
* Total number of goals: 85
* Number of covered goals: 4
* Coverage analysis for criterion EXCEPTION
* Coverage of criterion EXCEPTION: 33%
* Total number of goals: 3
* Number of covered goals: 1
* Coverage analysis for criterion WEAKMUTATION
* Coverage of criterion WEAKMUTATION: 2%
* Total number of goals: 223
* Number of covered goals: 5
* Coverage analysis for criterion OUTPUT
* Coverage of criterion OUTPUT: 100% (no goals)
* Coverage analysis for criterion METHOD
* Coverage of criterion METHOD: 100%
* Total number of goals: 2
* Number of covered goals: 2
* Coverage analysis for criterion METHODNOEXCEPTION
* Coverage of criterion METHODNOEXCEPTION: 100%
* Total number of goals: 2
* Number of covered goals: 2
* Coverage analysis for criterion CBRANCH
* Coverage of criterion CBRANCH: 5%
* Total number of goals: 85
* Number of covered goals: 4
* Generated 2 tests with total length 10
* Resulting test suite's coverage: 47% (average coverage for all fitness functions)
* Generating assertions
* Resulting test suite's mutation score: 0%
* Compiling and checking tests
[MASTER] 01:55:45.402 [logback-1] WARN  JUnitAnalyzer - Found unstable test named test0 -> class org.evosuite.runtime.mock.java.lang.MockRuntimeException: INTERNAL COMPILER ERROR.
Please report this problem.
Unexpected lValue type NAME
  Node(NAME Sompile_StaticMethods_):  [testcode] :1:0
[source unknown]
  Parent(EXPR_RESULT):  [testcode] :1:0
[source unknown]

[MASTER] 01:55:45.402 [logback-1] WARN  JUnitAnalyzer - Failing test:
 Compiler compiler0 = new Compiler();
DevirtualizePrototypeMethods devirtualizePrototypeMethods0 = new DevirtualizePrototypeMethods(compiler0);
Node.newString("Sompile_StaticMethods_");
Node node0 = compiler0.parseTestCode("Sompile_StaticMethods_");
devirtualizePrototypeMethods0.process(node0, node0);
assertFalse(node0.isQuotedString());


* Permissions denied during test execution: 
  - java.lang.RuntimePermission: 
         writeFileDescriptor: 4
* Writing tests to file
* Writing JUnit test case 'DevirtualizePrototypeMethods_ESTest' to evosuite-tests
* Done!

* Computation finished

