CMD: /usr/lib/jvm/java-8-openjdk-amd64/bin/java -Dtools_jar_location=/usr/lib/jvm/java-8-openjdk-amd64/lib/tools.jar -jar /home/user/evosuite/evosuite-1.2.0.jar -generateSuite -class org.apache.commons.math3.optimization.linear.SimplexTableau -projectCP /home/user/evosuite/Test/Math-33b/target/classes -base_dir /home/user/evosuite/results/project-Math/Math-33/round02/evosuite-work -seed 11 -Dalgorithm=NSGAII -Dsearch_budget=150 -Dtest_format=JUNIT4 -Dassertions=true

* EvoSuite 1.2.0
* Going to generate test cases for class: org.apache.commons.math3.optimization.linear.SimplexTableau
* Starting Client-0
* Connecting to master process on port 8220
* Analyzing classpath: 
  - /home/user/evosuite/Test/Math-33b/target/classes
* Finished analyzing classpath
* Generating tests for class org.apache.commons.math3.optimization.linear.SimplexTableau
* Test criteria:
  - Line Coverage
  - Branch Coverage
  - Exception
  - Mutation testing (weak)
  - Method-Output Coverage
  - Top-Level Method Coverage
  - No-Exception Top-Level Method Coverage
  - Context Branch Coverage
* Setting up search algorithm for whole suite generation
* Total number of test goals: 
  - Line 185
  - Branch 146
  - Exception 0
  - MutationFactory 603
  - Output 57
  - Method 27
  - MethodNoException 27
  - CBranchFitnessFactory 146

[Progress:>                             0%] [Cov:>                                  0%]* Using seed 11
* Starting evolution

[Progress:>                             0%] [Cov:>                                  0%]
[Progress:>                             0%] [Cov:=>                                 5%]
[Progress:>                             0%] [Cov:==>                                8%]
[Progress:>                             0%] [Cov:=====>                             15%]
[Progress:>                             0%] [Cov:=======>                           20%]
[Progress:>                             0%] [Cov:=========>                         27%]
[Progress:>                             0%] [Cov:============>                      37%]
[Progress:>                             0%] [Cov:=============>                     38%]
[Progress:>                             0%] [Cov:===============>                   43%]
[Progress:>                             0%] [Cov:================>                  48%]
[Progress:>                             0%] [Cov:==================>                53%][MASTER] 19:13:40.962 [logback-1] WARN  TestCluster - Failed to check cache for java.util.function.Function<T, R> : Type points to itself

[Progress:>                             1%] [Cov:=>                                 4%]
[Progress:>                             1%] [Cov:==>                                7%]
[Progress:>                             1%] [Cov:======>                            19%]
[Progress:>                             1%] [Cov:========>                          23%]
[Progress:>                             1%] [Cov:========>                          25%]
[Progress:>                             1%] [Cov:=========>                         27%]
[Progress:>                             1%] [Cov:==========>                        30%]
[Progress:>                             1%] [Cov:==========>                        31%]
[Progress:>                             1%] [Cov:============>                      36%]
[Progress:>                             1%] [Cov:==============>                    40%]
[Progress:>                             1%] [Cov:===============>                   43%]
[Progress:>                             1%] [Cov:===============>                   45%]
[Progress:>                             1%] [Cov:================>                  48%]
[Progress:>                             2%] [Cov:========>                          25%]
[Progress:>                             2%] [Cov:=========>                         27%]
[Progress:>                             2%] [Cov:===========>                       32%]
[Progress:>                             2%] [Cov:============>                      37%]
[Progress:>                             2%] [Cov:=============>                     39%]
[Progress:>                             2%] [Cov:==============>                    40%]
[Progress:>                             2%] [Cov:==================>                53%]
[Progress:>                             2%] [Cov:==================>                53%]
[Progress:>                             2%] [Cov:===================>               55%]
[Progress:>                             3%] [Cov:===============>                   44%]
[Progress:>                             3%] [Cov:===============>                   45%]
[Progress:>                             3%] [Cov:================>                  48%]
[Progress:>                             3%] [Cov:=================>                 50%]
[Progress:>                             3%] [Cov:=================>                 51%]
[Progress:>                             3%] [Cov:==================>                52%]
[Progress:>                             3%] [Cov:==================>                53%]
[Progress:>                             3%] [Cov:===================>               55%]
[Progress:=>                            4%] [Cov:==============>                    40%]
[Progress:=>                            4%] [Cov:==================>                54%]
[Progress:=>                            4%] [Cov:===================>               55%]
[Progress:=>                            4%] [Cov:===================>               56%]
[Progress:=>                            4%] [Cov:====================>              59%]
[Progress:=>                            4%] [Cov:=====================>             60%]
[Progress:=>                            4%] [Cov:=====================>             61%]
[Progress:=>                            4%] [Cov:=====================>             61%]
[Progress:=>                            4%] [Cov:=====================>             62%]
[Progress:=>                            4%] [Cov:======================>            63%]
[Progress:=>                            4%] [Cov:======================>            64%]
[Progress:=>                            5%] [Cov:=================>                 49%]
[Progress:=>                            5%] [Cov:==================>                54%]
[Progress:=>                            5%] [Cov:===================>               55%]
[Progress:=>                            5%] [Cov:======================>            64%]
[Progress:=>                            5%] [Cov:======================>            64%]
[Progress:=>                            6%] [Cov:===================>               55%]
[Progress:=>                            6%] [Cov:===================>               57%]
[Progress:=>                            6%] [Cov:=====================>             61%]
[Progress:=>                            6%] [Cov:======================>            64%]
[Progress:=>                            6%] [Cov:======================>            64%]
[Progress:=>                            6%] [Cov:======================>            64%]
[Progress:==>                           7%] [Cov:=====================>             62%]
[Progress:==>                           7%] [Cov:======================>            63%]
[Progress:==>                           7%] [Cov:======================>            64%]
[Progress:==>                           7%] [Cov:======================>            65%]
[Progress:==>                           7%] [Cov:======================>            65%]
[Progress:==>                           8%] [Cov:====================>              58%]
[Progress:==>                           8%] [Cov:======================>            65%]
[Progress:==>                           8%] [Cov:=======================>           66%]
[Progress:==>                           8%] [Cov:======================>            65%]
[Progress:==>                           8%] [Cov:=======================>           66%]
[Progress:==>                           8%] [Cov:=======================>           67%]
[Progress:==>                           8%] [Cov:=======================>           67%]
[Progress:==>                           9%] [Cov:=======================>           66%]
[Progress:==>                           9%] [Cov:=======================>           67%]
[Progress:==>                           9%] [Cov:=======================>           68%]
[Progress:==>                           9%] [Cov:=======================>           68%]
[Progress:===>                          10%] [Cov:======================>            65%]
[Progress:===>                          10%] [Cov:=======================>           67%]
[Progress:===>                          10%] [Cov:=======================>           68%]
[Progress:===>                          10%] [Cov:========================>          69%]
[Progress:===>                          10%] [Cov:========================>          69%]
[Progress:===>                          10%] [Cov:========================>          69%]
[Progress:===>                          11%] [Cov:=======================>           66%]
[Progress:===>                          11%] [Cov:=======================>           67%]
[Progress:===>                          11%] [Cov:=======================>           68%]
[Progress:===>                          11%] [Cov:========================>          69%]
[Progress:===>                          11%] [Cov:========================>          69%]
[Progress:===>                          12%] [Cov:=======================>           68%]
[Progress:===>                          12%] [Cov:========================>          69%]
[Progress:===>                          12%] [Cov:========================>          70%]
[Progress:===>                          12%] [Cov:========================>          69%]
[Progress:===>                          13%] [Cov:=======================>           67%]
[Progress:===>                          13%] [Cov:=======================>           68%]
[Progress:===>                          13%] [Cov:========================>          69%]
[Progress:===>                          13%] [Cov:========================>          70%]
[Progress:===>                          13%] [Cov:========================>          71%]
[Progress:===>                          13%] [Cov:=========================>         74%]
[Progress:===>                          13%] [Cov:==========================>        75%]
[Progress:===>                          13%] [Cov:==========================>        75%]
[Progress:====>                         14%] [Cov:=======================>           66%]
[Progress:====>                         14%] [Cov:=======================>           67%]
[Progress:====>                         14%] [Cov:=======================>           68%]
[Progress:====>                         14%] [Cov:========================>          69%]
[Progress:====>                         14%] [Cov:========================>          70%]
[Progress:====>                         14%] [Cov:========================>          71%]
[Progress:====>                         14%] [Cov:==========================>        75%]
[Progress:====>                         15%] [Cov:=======================>           68%]
[Progress:====>                         15%] [Cov:========================>          69%]
[Progress:====>                         15%] [Cov:========================>          70%]
[Progress:====>                         15%] [Cov:==========================>        75%]
[Progress:====>                         15%] [Cov:==========================>        75%]
[Progress:====>                         15%] [Cov:==========================>        76%]
[Progress:====>                         16%] [Cov:========================>          69%]
[Progress:====>                         16%] [Cov:========================>          70%]
[Progress:====>                         16%] [Cov:=========================>         74%]
[Progress:====>                         16%] [Cov:==========================>        75%]
[Progress:====>                         16%] [Cov:==========================>        76%]
[Progress:====>                         16%] [Cov:==========================>        76%]
[Progress:====>                         16%] [Cov:==========================>        77%]
[Progress:=====>                        17%] [Cov:=========================>         74%]
[Progress:=====>                        17%] [Cov:==========================>        75%]
[Progress:=====>                        17%] [Cov:==========================>        76%]
[Progress:=====>                        18%] [Cov:========================>          69%]
[Progress:=====>                        18%] [Cov:========================>          70%]
[Progress:=====>                        18%] [Cov:==========================>        76%]
[Progress:=====>                        18%] [Cov:==========================>        77%]
[Progress:=====>                        18%] [Cov:==========================>        76%]
[Progress:=====>                        18%] [Cov:==========================>        77%]
[Progress:=====>                        19%] [Cov:==========================>        77%]
[Progress:=====>                        19%] [Cov:===========================>       78%]
[Progress:======>                       20%] [Cov:==========================>        75%]
[Progress:======>                       20%] [Cov:==========================>        76%]
[Progress:======>                       20%] [Cov:==========================>        77%]
[Progress:======>                       20%] [Cov:==========================>        76%]
[Progress:======>                       20%] [Cov:==========================>        77%]
[Progress:======>                       20%] [Cov:===========================>       78%]
[Progress:======>                       20%] [Cov:==========================>        76%]
[Progress:======>                       21%] [Cov:========================>          71%]
[Progress:======>                       21%] [Cov:==========================>        76%]
[Progress:======>                       21%] [Cov:===========================>       78%]
[Progress:======>                       22%] [Cov:==========================>        77%]
[Progress:======>                       22%] [Cov:===========================>       78%]
[Progress:======>                       22%] [Cov:==========================>        76%]
[Progress:======>                       22%] [Cov:===========================>       78%]
[Progress:======>                       23%] [Cov:========================>          70%]
[Progress:======>                       23%] [Cov:===========================>       78%]
[Progress:======>                       23%] [Cov:===========================>       78%]
[Progress:=======>                      24%] [Cov:=========================>         74%]
[Progress:=======>                      24%] [Cov:==========================>        76%]
[Progress:=======>                      24%] [Cov:==========================>        77%]
[Progress:=======>                      24%] [Cov:===========================>       78%]
[Progress:=======>                      24%] [Cov:===========================>       79%]
[Progress:=======>                      24%] [Cov:===========================>       78%]
[Progress:=======>                      24%] [Cov:===========================>       79%]
[Progress:=======>                      24%] [Cov:===========================>       78%]
[Progress:=======>                      25%] [Cov:=========================>         72%]
[Progress:=======>                      25%] [Cov:===========================>       78%]
[Progress:=======>                      25%] [Cov:===========================>       79%]
[Progress:=======>                      26%] [Cov:===========================>       79%]
[Progress:=======>                      26%] [Cov:===========================>       78%]
[Progress:=======>                      26%] [Cov:===========================>       79%]
[Progress:=======>                      26%] [Cov:============================>      80%]
[Progress:=======>                      26%] [Cov:===========================>       79%]
[Progress:=======>                      26%] [Cov:============================>      80%]
[Progress:========>                     27%] [Cov:===========================>       79%]
[Progress:========>                     28%] [Cov:===========================>       78%]
[Progress:========>                     28%] [Cov:===========================>       79%]
[Progress:========>                     28%] [Cov:===========================>       79%]
[Progress:========>                     28%] [Cov:============================>      80%]
[Progress:========>                     29%] [Cov:===========================>       78%]
[Progress:========>                     29%] [Cov:===========================>       79%]
[Progress:========>                     29%] [Cov:============================>      80%]
[Progress:=========>                    30%] [Cov:===========================>       78%]
[Progress:=========>                    30%] [Cov:===========================>       79%]
[Progress:=========>                    30%] [Cov:============================>      80%]
[Progress:=========>                    30%] [Cov:===========================>       79%]
[Progress:=========>                    30%] [Cov:============================>      80%]
[Progress:=========>                    31%] [Cov:==========================>        77%]
[Progress:=========>                    31%] [Cov:===========================>       79%]
[Progress:=========>                    31%] [Cov:===========================>       79%]
[Progress:=========>                    31%] [Cov:============================>      80%]
[Progress:=========>                    32%] [Cov:===========================>       79%]
[Progress:=========>                    32%] [Cov:============================>      80%]
[Progress:=========>                    32%] [Cov:===========================>       79%]
[Progress:=========>                    32%] [Cov:============================>      80%]
[Progress:=========>                    33%] [Cov:============================>      80%]
[Progress:=========>                    33%] [Cov:============================>      80%]
[Progress:==========>                   34%] [Cov:===========================>       79%]
[Progress:==========>                   34%] [Cov:============================>      80%]
[Progress:==========>                   34%] [Cov:===========================>       79%]
[Progress:==========>                   34%] [Cov:============================>      80%]
[Progress:==========>                   34%] [Cov:===========================>       79%]
[Progress:==========>                   34%] [Cov:============================>      80%]
[Progress:==========>                   35%] [Cov:==========================>        75%]
[Progress:==========>                   35%] [Cov:============================>      80%]
[Progress:==========>                   36%] [Cov:===========================>       78%]
[Progress:==========>                   36%] [Cov:===========================>       79%]
[Progress:==========>                   36%] [Cov:============================>      80%]
[Progress:==========>                   36%] [Cov:===========================>       79%]
[Progress:==========>                   36%] [Cov:============================>      80%]
[Progress:==========>                   36%] [Cov:============================>      81%]
[Progress:===========>                  37%] [Cov:============================>      80%]
[Progress:===========>                  37%] [Cov:===========================>       79%]
[Progress:===========>                  37%] [Cov:============================>      80%]
[Progress:===========>                  37%] [Cov:============================>      81%]
[Progress:===========>                  38%] [Cov:============================>      80%]
[Progress:===========>                  38%] [Cov:============================>      81%]
[Progress:===========>                  38%] [Cov:============================>      81%]
[Progress:===========>                  38%] [Cov:============================>      82%]
[Progress:===========>                  39%] [Cov:============================>      80%]
[Progress:===========>                  39%] [Cov:============================>      81%]
[Progress:===========>                  39%] [Cov:============================>      82%]
[Progress:===========>                  39%] [Cov:============================>      81%]
[Progress:===========>                  39%] [Cov:============================>      82%]
[Progress:============>                 40%] [Cov:============================>      81%]
[Progress:============>                 40%] [Cov:============================>      81%]
[Progress:============>                 41%] [Cov:============================>      80%]
[Progress:============>                 41%] [Cov:============================>      81%]
[Progress:============>                 42%] [Cov:============================>      80%]
[Progress:============>                 42%] [Cov:============================>      81%]
[Progress:============>                 42%] [Cov:============================>      81%]
[Progress:============>                 43%] [Cov:===========================>       79%]
[Progress:============>                 43%] [Cov:============================>      81%]
[Progress:============>                 43%] [Cov:============================>      82%]
[Progress:=============>                44%] [Cov:============================>      80%]
[Progress:=============>                44%] [Cov:============================>      81%]
[Progress:=============>                44%] [Cov:============================>      80%]
[Progress:=============>                44%] [Cov:============================>      81%]
[Progress:=============>                44%] [Cov:============================>      82%]
[Progress:=============>                45%] [Cov:============================>      80%]
[Progress:=============>                45%] [Cov:============================>      81%]
[Progress:=============>                45%] [Cov:============================>      81%]
[Progress:=============>                45%] [Cov:============================>      82%]
[Progress:=============>                46%] [Cov:============================>      81%]
[Progress:=============>                46%] [Cov:============================>      82%]
[Progress:=============>                46%] [Cov:============================>      81%]
[Progress:=============>                46%] [Cov:============================>      82%]
[Progress:==============>               47%] [Cov:============================>      81%]
[Progress:==============>               47%] [Cov:============================>      82%]
[Progress:==============>               47%] [Cov:============================>      81%]
[Progress:==============>               47%] [Cov:============================>      82%]
[Progress:==============>               48%] [Cov:============================>      82%]
[Progress:==============>               49%] [Cov:=====>                             15%]
[Progress:==============>               49%] [Cov:============================>      82%]
[Progress:==============>               49%] [Cov:============================>      81%]
[Progress:==============>               49%] [Cov:============================>      82%]
[Progress:===============>              50%] [Cov:============================>      80%]
[Progress:===============>              50%] [Cov:============================>      81%]
[Progress:===============>              50%] [Cov:============================>      82%]
[Progress:===============>              50%] [Cov:============================>      81%]
[Progress:===============>              50%] [Cov:============================>      82%]
[Progress:===============>              51%] [Cov:============================>      82%]
[Progress:===============>              52%] [Cov:============================>      82%]
[Progress:===============>              52%] [Cov:============================>      81%]
[Progress:===============>              52%] [Cov:============================>      82%]
[Progress:===============>              53%] [Cov:============================>      80%]
[Progress:===============>              53%] [Cov:============================>      82%]
[Progress:===============>              53%] [Cov:============================>      82%]
[Progress:================>             54%] [Cov:============================>      82%]
[Progress:================>             54%] [Cov:=============================>     83%]
[Progress:================>             54%] [Cov:=============================>     83%]
[Progress:================>             55%] [Cov:============================>      80%]
[Progress:================>             55%] [Cov:============================>      82%]
[Progress:================>             55%] [Cov:=============================>     83%]
[Progress:================>             56%] [Cov:============================>      82%]
[Progress:================>             56%] [Cov:=============================>     83%]
[Progress:================>             56%] [Cov:=============================>     83%]
[Progress:=================>            57%] [Cov:============================>      82%]
[Progress:=================>            57%] [Cov:=============================>     83%]
[Progress:=================>            58%] [Cov:============================>      82%]
[Progress:=================>            58%] [Cov:=============================>     83%]
[Progress:=================>            58%] [Cov:=============================>     83%]
[Progress:=================>            59%] [Cov:============================>      82%]
[Progress:=================>            59%] [Cov:=============================>     83%]
[Progress:=================>            59%] [Cov:============================>      82%]
[Progress:=================>            59%] [Cov:=============================>     83%]
[Progress:==================>           60%] [Cov:============================>      80%]
[Progress:==================>           60%] [Cov:============================>      82%]
[Progress:==================>           60%] [Cov:=============================>     83%]
[Progress:==================>           60%] [Cov:============================>      82%]
[Progress:==================>           60%] [Cov:=============================>     83%]
[Progress:==================>           61%] [Cov:============================>      82%]
[Progress:==================>           61%] [Cov:=============================>     83%]
[Progress:==================>           62%] [Cov:============================>      82%]
[Progress:==================>           62%] [Cov:=============================>     83%]
[Progress:==================>           63%] [Cov:=============================>     83%]
[Progress:==================>           63%] [Cov:=============================>     83%]
[Progress:===================>          64%] [Cov:==========================>        76%]
[Progress:===================>          64%] [Cov:===========================>       79%]
[Progress:===================>          64%] [Cov:============================>      82%]
[Progress:===================>          64%] [Cov:=============================>     83%]
[Progress:===================>          64%] [Cov:============================>      82%]
[Progress:===================>          64%] [Cov:=============================>     83%]
[Progress:===================>          65%] [Cov:=============================>     83%]
[Progress:===================>          65%] [Cov:============================>      82%]
[Progress:===================>          65%] [Cov:=============================>     83%]
[Progress:===================>          66%] [Cov:=============================>     83%]
[Progress:===================>          66%] [Cov:=============================>     84%]
[Progress:===================>          66%] [Cov:============================>      82%]
[Progress:===================>          66%] [Cov:=============================>     83%]
[Progress:====================>         67%] [Cov:=============================>     83%]
[Progress:====================>         68%] [Cov:=============================>     83%]
[Progress:====================>         68%] [Cov:============================>      82%]
[Progress:====================>         68%] [Cov:=============================>     83%]
[Progress:====================>         69%] [Cov:=============================>     83%]
[Progress:====================>         69%] [Cov:=============================>     84%]
[Progress:=====================>        70%] [Cov:=============================>     83%]
[Progress:=====================>        70%] [Cov:=============================>     84%]
[Progress:=====================>        70%] [Cov:============================>      82%]
[Progress:=====================>        70%] [Cov:=============================>     83%]
[Progress:=====================>        70%] [Cov:=============================>     84%]
[Progress:=====================>        71%] [Cov:=============================>     83%]
[Progress:=====================>        71%] [Cov:============================>      82%]
[Progress:=====================>        71%] [Cov:=============================>     83%]
[Progress:=====================>        72%] [Cov:=============================>     83%]
[Progress:=====================>        72%] [Cov:=============================>     84%]
[Progress:=====================>        72%] [Cov:============================>      82%]
[Progress:=====================>        72%] [Cov:=============================>     83%]
[Progress:=====================>        72%] [Cov:=============================>     84%]
[Progress:=====================>        73%] [Cov:=============================>     83%]
[Progress:=====================>        73%] [Cov:=============================>     84%]
[Progress:======================>       74%] [Cov:=============================>     83%]
[Progress:======================>       74%] [Cov:=============================>     84%]
[Progress:======================>       74%] [Cov:=============================>     83%]
[Progress:======================>       74%] [Cov:=============================>     84%]
[Progress:======================>       75%] [Cov:=============================>     83%]
[Progress:======================>       75%] [Cov:=============================>     84%]
[Progress:======================>       75%] [Cov:============================>      82%]
[Progress:======================>       75%] [Cov:=============================>     83%]
[Progress:======================>       75%] [Cov:=============================>     84%]
[Progress:======================>       76%] [Cov:=============================>     83%]
[Progress:======================>       76%] [Cov:=============================>     84%]
[Progress:======================>       76%] [Cov:=============================>     84%]
[Progress:=======================>      77%] [Cov:=============================>     83%]
[Progress:=======================>      77%] [Cov:=============================>     84%]
[Progress:=======================>      78%] [Cov:=============================>     83%]
[Progress:=======================>      78%] [Cov:=============================>     84%]
[Progress:=======================>      78%] [Cov:=============================>     84%]
[Progress:=======================>      78%] [Cov:=============================>     85%]
[Progress:=======================>      79%] [Cov:=============================>     84%]
[Progress:=======================>      79%] [Cov:=============================>     84%]
[Progress:========================>     80%] [Cov:=============================>     83%]
[Progress:========================>     80%] [Cov:=============================>     84%]
[Progress:========================>     80%] [Cov:=============================>     85%]
[Progress:========================>     81%] [Cov:=============================>     84%]
[Progress:========================>     81%] [Cov:=============================>     84%]
[Progress:========================>     81%] [Cov:=============================>     85%]
[Progress:========================>     82%] [Cov:=============================>     84%]
[Progress:========================>     82%] [Cov:=============================>     85%]
[Progress:========================>     82%] [Cov:=============================>     84%]
[Progress:========================>     83%] [Cov:=============================>     83%]
[Progress:========================>     83%] [Cov:=============================>     84%]
[Progress:========================>     83%] [Cov:=============================>     85%]
[Progress:=========================>    84%] [Cov:=============================>     84%]
[Progress:=========================>    84%] [Cov:=============================>     85%]
[Progress:=========================>    84%] [Cov:=============================>     85%]
[Progress:=========================>    85%] [Cov:=============================>     83%]
[Progress:=========================>    85%] [Cov:=============================>     84%]
[Progress:=========================>    85%] [Cov:=============================>     85%]
[Progress:=========================>    85%] [Cov:=============================>     85%]
[Progress:=========================>    86%] [Cov:=============================>     84%]
[Progress:=========================>    86%] [Cov:=============================>     85%]
[Progress:=========================>    86%] [Cov:=============================>     84%]
[Progress:==========================>   87%] [Cov:=============================>     84%]
[Progress:==========================>   87%] [Cov:=============================>     85%]
[Progress:==========================>   88%] [Cov:=============================>     83%]
[Progress:==========================>   88%] [Cov:=============================>     84%]
[Progress:==========================>   88%] [Cov:=============================>     85%]
[Progress:==========================>   88%] [Cov:=============================>     84%]
[Progress:==========================>   88%] [Cov:=============================>     85%]
[Progress:==========================>   89%] [Cov:=============================>     84%]
[Progress:==========================>   89%] [Cov:=============================>     85%]
[Progress:===========================>  90%] [Cov:=============================>     84%]
[Progress:===========================>  90%] [Cov:=============================>     85%]
[Progress:===========================>  90%] [Cov:=============================>     84%]
[Progress:===========================>  90%] [Cov:=============================>     85%]
[Progress:===========================>  91%] [Cov:=============================>     85%]
[Progress:===========================>  91%] [Cov:=============================>     84%]
[Progress:===========================>  91%] [Cov:=============================>     85%]
[Progress:===========================>  92%] [Cov:=============================>     85%]
[Progress:===========================>  92%] [Cov:=============================>     83%]
[Progress:===========================>  92%] [Cov:=============================>     85%]
[Progress:===========================>  93%] [Cov:=============================>     83%]
[Progress:===========================>  93%] [Cov:=============================>     84%]
[Progress:===========================>  93%] [Cov:=============================>     85%]
[Progress:============================> 94%] [Cov:============================>      82%]
[Progress:============================> 94%] [Cov:=============================>     85%]
[Progress:============================> 94%] [Cov:=============================>     83%]
[Progress:============================> 94%] [Cov:=============================>     85%]
[Progress:============================> 95%] [Cov:=============================>     85%]
[Progress:============================> 95%] [Cov:=============================>     83%]
[Progress:============================> 95%] [Cov:=============================>     85%]
[Progress:============================> 96%] [Cov:=============================>     84%]
[Progress:============================> 96%] [Cov:=============================>     85%]
[Progress:============================> 96%] [Cov:=============================>     85%]
[Progress:=============================>97%] [Cov:=========================>         72%]
[Progress:=============================>97%] [Cov:=============================>     85%]
[Progress:=============================>98%] [Cov:=============================>     85%]
[Progress:=============================>98%] [Cov:=============================>     85%]
[Progress:=============================>99%] [Cov:=============================>     84%]
[Progress:=============================>99%] [Cov:=============================>     85%]
[Progress:==============================100%] [Cov:=============================>     83%]
[Progress:==============================100%] [Cov:=============================>     85%]
[Progress:==============================100%] [Cov:=============================>     83%]
[Progress:==============================100%] [Cov:=============================>     85%]
[Progress:==============================100%] [Cov:============================>      82%]
[Progress:==============================100%] [Cov:=============================>     83%]
[Progress:==============================100%] [Cov:=============================>     85%]
[Progress:==============================100%] [Cov:=============================>     85%]
* Search finished after 152s and 88 generations, 52651 statements, best individual has fitness: 228.77777777777777
* Minimizing test suite
* Going to analyze the coverage criteria
* Coverage analysis for criterion LINE
* Coverage of criterion LINE: 91%
* Total number of goals: 185
* Number of covered goals: 168
* Coverage analysis for criterion BRANCH
* Coverage of criterion BRANCH: 83%
* Total number of goals: 146
* Number of covered goals: 121
* Coverage analysis for criterion EXCEPTION
* Coverage of criterion EXCEPTION: 38%
* Total number of goals: 16
* Number of covered goals: 6
* Coverage analysis for criterion WEAKMUTATION
* Coverage of criterion WEAKMUTATION: 84%
* Total number of goals: 603
* Number of covered goals: 504
* Coverage analysis for criterion OUTPUT
* Coverage of criterion OUTPUT: 51%
* Total number of goals: 57
* Number of covered goals: 29
* Coverage analysis for criterion METHOD
* Coverage of criterion METHOD: 100%
* Total number of goals: 27
* Number of covered goals: 27
* Coverage analysis for criterion METHODNOEXCEPTION
* Coverage of criterion METHODNOEXCEPTION: 96%
* Total number of goals: 27
* Number of covered goals: 26
* Coverage analysis for criterion CBRANCH
* Coverage of criterion CBRANCH: 83%
* Total number of goals: 146
* Number of covered goals: 121
* Generated 45 tests with total length 314
* Resulting test suite's coverage: 86% (average coverage for all fitness functions)
* Generating assertions
* Resulting test suite's mutation score: 36%
* Compiling and checking tests
* Writing tests to file
* Writing JUnit test case 'SimplexTableau_ESTest' to evosuite-tests
* Done!

* Computation finished

