CMD: /usr/lib/jvm/java-8-openjdk-amd64/bin/java -Dtools_jar_location=/usr/lib/jvm/java-8-openjdk-amd64/lib/tools.jar -jar /home/pizza/evosuite/evosuite-1.2.0.jar -generateSuite -class org.apache.commons.lang3.text.translate.NumericEntityUnescaper -projectCP /home/pizza/evosuite/Test/Lang-19b/target/classes -base_dir /home/pizza/evosuite/results/project-Lang/Lang-19/round02/evosuite-work -seed 11 -Dalgorithm=NSGAII -Dsearch_budget=150 -Dtest_format=JUNIT4 -Dassertions=true

* EvoSuite 1.2.0
* Going to generate test cases for class: org.apache.commons.lang3.text.translate.NumericEntityUnescaper
* Starting Client-0
* Connecting to master process on port 8222
* Analyzing classpath: 
  - /home/pizza/evosuite/Test/Lang-19b/target/classes
* Finished analyzing classpath
* Generating tests for class org.apache.commons.lang3.text.translate.NumericEntityUnescaper
* Test criteria:
  - Line Coverage
  - Branch Coverage
  - Exception
  - Mutation testing (weak)
  - Method-Output Coverage
  - Top-Level Method Coverage
  - No-Exception Top-Level Method Coverage
  - Context Branch Coverage
* Setting up search algorithm for whole suite generation
* Total number of test goals: 
  - Line 27
  - Branch 19
  - Exception 0
  - MutationFactory 162
  - Output 3
  - Method 2
  - MethodNoException 2
  - CBranchFitnessFactory 19
* Using seed 11
* Starting evolution

[Progress:>                             0%] [Cov:>                                  0%]
[Progress:>                             0%] [Cov:>                                  0%]
[Progress:>                             0%] [Cov:>                                  1%]
[Progress:>                             0%] [Cov:=>                                 3%]
[Progress:>                             0%] [Cov:=====>                             15%]
[Progress:>                             2%] [Cov:=====>                             15%]
[Progress:>                             2%] [Cov:=======>                           21%]
[Progress:>                             2%] [Cov:=========>                         26%]
[Progress:>                             2%] [Cov:===========>                       32%]
[Progress:>                             2%] [Cov:===========>                       33%]
[Progress:>                             2%] [Cov:==============>                    41%]
[Progress:>                             2%] [Cov:==============>                    42%]
[Progress:=>                            4%] [Cov:=====>                             15%]
[Progress:=>                            4%] [Cov:=========>                         26%]
[Progress:=>                            4%] [Cov:===========>                       32%]
[Progress:=>                            4%] [Cov:===========>                       33%]
[Progress:=>                            4%] [Cov:==============>                    41%]
[Progress:=>                            4%] [Cov:==============>                    42%]
[Progress:=>                            5%] [Cov:>                                  1%]
[Progress:=>                            5%] [Cov:>                                  2%]
[Progress:=>                            5%] [Cov:=>                                 3%]
[Progress:=>                            5%] [Cov:====>                              14%]
[Progress:=>                            5%] [Cov:=====>                             15%]
[Progress:=>                            5%] [Cov:========>                          24%]
[Progress:=>                            5%] [Cov:==========>                        30%]
[Progress:=>                            5%] [Cov:==========>                        31%]
[Progress:=>                            5%] [Cov:==============>                    41%]
[Progress:=>                            5%] [Cov:==============>                    42%]
[Progress:=>                            6%] [Cov:=====>                             15%]
[Progress:=>                            6%] [Cov:========>                          25%]
[Progress:=>                            6%] [Cov:============>                      36%]
[Progress:=>                            6%] [Cov:================>                  47%]
[Progress:=>                            6%] [Cov:=================>                 49%]
[Progress:=>                            6%] [Cov:=================>                 49%]
[Progress:==>                           7%] [Cov:===========>                       33%]
[Progress:==>                           7%] [Cov:=============>                     39%]
[Progress:==>                           7%] [Cov:==============>                    42%]
[Progress:==>                           8%] [Cov:==============>                    42%]
[Progress:==>                           8%] [Cov:=================>                 49%]
[Progress:==>                           9%] [Cov:===========>                       33%]
[Progress:==>                           9%] [Cov:==============>                    42%]
[Progress:===>                          10%] [Cov:==============>                    42%]
[Progress:===>                          11%] [Cov:==============>                    42%]
[Progress:===>                          11%] [Cov:=================>                 49%]
[Progress:===>                          12%] [Cov:==============>                    42%]
[Progress:===>                          12%] [Cov:=================>                 49%]
[Progress:===>                          13%] [Cov:=================>                 49%]
[Progress:====>                         14%] [Cov:===========>                       33%]
[Progress:====>                         14%] [Cov:==============>                    42%]
[Progress:====>                         14%] [Cov:=================>                 49%]
[Progress:====>                         15%] [Cov:==============>                    42%]
[Progress:====>                         15%] [Cov:=================>                 49%]
[Progress:====>                         16%] [Cov:==============>                    42%]
[Progress:=====>                        17%] [Cov:=========>                         28%]
[Progress:=====>                        17%] [Cov:==============>                    42%]
[Progress:=====>                        17%] [Cov:=================>                 49%]
[Progress:=====>                        18%] [Cov:=========>                         28%]
[Progress:=====>                        18%] [Cov:===========>                       33%]
[Progress:=====>                        18%] [Cov:=================>                 49%]
[Progress:=====>                        19%] [Cov:==============>                    42%]
[Progress:=====>                        19%] [Cov:=================>                 49%]
[Progress:=====>                        19%] [Cov:=================>                 49%]
[Progress:======>                       20%] [Cov:===========>                       33%]
[Progress:======>                       20%] [Cov:==============>                    42%]
[Progress:======>                       21%] [Cov:==============>                    42%]
[Progress:======>                       21%] [Cov:=================>                 49%]
[Progress:======>                       22%] [Cov:==============>                    42%]
[Progress:======>                       22%] [Cov:=================>                 49%]
[Progress:======>                       23%] [Cov:=================>                 49%]
[Progress:=======>                      24%] [Cov:=================>                 49%]
[Progress:=======>                      25%] [Cov:===========>                       33%]
[Progress:=======>                      25%] [Cov:==============>                    42%]
[Progress:=======>                      25%] [Cov:=================>                 49%]
[Progress:=======>                      26%] [Cov:=================>                 49%]
[Progress:========>                     27%] [Cov:==============>                    42%]
[Progress:========>                     27%] [Cov:=================>                 49%]
[Progress:========>                     28%] [Cov:==============>                    42%]
[Progress:========>                     28%] [Cov:=================>                 49%]
[Progress:========>                     28%] [Cov:=================>                 49%]
[Progress:========>                     29%] [Cov:=================>                 49%]
[Progress:=========>                    30%] [Cov:=================>                 49%]
[Progress:=========>                    30%] [Cov:=================>                 49%]
[Progress:=========>                    31%] [Cov:=================>                 49%]
[Progress:=========>                    32%] [Cov:=================>                 49%]
[Progress:=========>                    33%] [Cov:=================>                 49%]
[Progress:=========>                    33%] [Cov:=================>                 49%]
[Progress:==========>                   34%] [Cov:=================>                 49%]
[Progress:==========>                   35%] [Cov:=================>                 49%]
[Progress:==========>                   35%] [Cov:=================>                 49%]
[Progress:==========>                   36%] [Cov:=================>                 49%]
[Progress:==========>                   36%] [Cov:=================>                 49%]
[Progress:==========>                   36%] [Cov:=================>                 49%]
[Progress:==========>                   36%] [Cov:=================>                 50%]
[Progress:==========>                   36%] [Cov:=================>                 50%]
[Progress:==========>                   36%] [Cov:=================>                 50%]
[Progress:==========>                   36%] [Cov:=================>                 50%]
[Progress:===========>                  37%] [Cov:=================>                 49%]
[Progress:===========>                  37%] [Cov:=================>                 50%]
[Progress:===========>                  37%] [Cov:=================>                 50%]
[Progress:===========>                  37%] [Cov:=================>                 50%]
[Progress:===========>                  38%] [Cov:=================>                 50%]
[Progress:===========>                  38%] [Cov:=================>                 50%]
[Progress:===========>                  38%] [Cov:=================>                 50%]
[Progress:===========>                  38%] [Cov:=================>                 50%]
[Progress:===========>                  38%] [Cov:=================>                 50%]
[Progress:===========>                  38%] [Cov:=================>                 50%]
[Progress:===========>                  39%] [Cov:=================>                 50%]
[Progress:===========>                  39%] [Cov:=================>                 50%]
[Progress:===========>                  39%] [Cov:=================>                 50%]
[Progress:============>                 40%] [Cov:=================>                 50%]
[Progress:============>                 40%] [Cov:=================>                 50%]
[Progress:============>                 40%] [Cov:=================>                 50%]
[Progress:============>                 40%] [Cov:=================>                 50%]
[Progress:============>                 40%] [Cov:=================>                 50%]
[Progress:============>                 40%] [Cov:=================>                 50%]
[Progress:============>                 41%] [Cov:=================>                 50%]
[Progress:============>                 41%] [Cov:=================>                 50%]
[Progress:============>                 42%] [Cov:=================>                 50%]
[Progress:============>                 42%] [Cov:=================>                 50%]
[Progress:============>                 42%] [Cov:=================>                 50%]
[Progress:============>                 42%] [Cov:=================>                 50%]
[Progress:============>                 42%] [Cov:=================>                 50%]
[Progress:============>                 43%] [Cov:=================>                 50%]
[Progress:============>                 43%] [Cov:=================>                 50%]
[Progress:============>                 43%] [Cov:=================>                 50%]
[Progress:=============>                44%] [Cov:=================>                 50%]
[Progress:=============>                44%] [Cov:=================>                 50%]
[Progress:=============>                44%] [Cov:=================>                 50%]
[Progress:=============>                44%] [Cov:=================>                 50%]
[Progress:=============>                44%] [Cov:=================>                 50%]
[Progress:=============>                45%] [Cov:=================>                 50%]
[Progress:=============>                45%] [Cov:=================>                 50%]
[Progress:=============>                45%] [Cov:=================>                 50%]
[Progress:=============>                45%] [Cov:=================>                 50%]
[Progress:=============>                46%] [Cov:=================>                 50%]
[Progress:=============>                46%] [Cov:=================>                 50%]
[Progress:=============>                46%] [Cov:=================>                 50%]
[Progress:=============>                46%] [Cov:=================>                 50%]
[Progress:=============>                46%] [Cov:=================>                 50%]
[Progress:=============>                46%] [Cov:=================>                 50%]
[Progress:==============>               47%] [Cov:=================>                 50%]
[Progress:==============>               47%] [Cov:=================>                 50%]
[Progress:==============>               47%] [Cov:=================>                 50%]
[Progress:==============>               47%] [Cov:=================>                 50%]
[Progress:==============>               48%] [Cov:==============>                    41%]
[Progress:==============>               48%] [Cov:=================>                 50%]
[Progress:==============>               48%] [Cov:=================>                 50%]
[Progress:==============>               48%] [Cov:=================>                 50%]
[Progress:==============>               48%] [Cov:=================>                 50%]
[Progress:==============>               48%] [Cov:=================>                 50%]
[Progress:==============>               48%] [Cov:=================>                 50%]
[Progress:==============>               49%] [Cov:=================>                 50%]
[Progress:==============>               49%] [Cov:=================>                 50%]
[Progress:==============>               49%] [Cov:=================>                 50%]
[Progress:==============>               49%] [Cov:=================>                 51%]
[Progress:==============>               49%] [Cov:==================>                52%]
[Progress:==============>               49%] [Cov:==================>                52%]
[Progress:===============>              50%] [Cov:==============>                    42%]
[Progress:===============>              50%] [Cov:=================>                 50%]
[Progress:===============>              50%] [Cov:==================>                52%]
[Progress:===============>              50%] [Cov:==================>                52%]
[Progress:===============>              50%] [Cov:==================>                52%]
[Progress:===============>              50%] [Cov:==================>                52%]
[Progress:===============>              50%] [Cov:==================>                52%]
[Progress:===============>              51%] [Cov:==================>                52%]
[Progress:===============>              51%] [Cov:==================>                52%]
[Progress:===============>              51%] [Cov:==================>                52%]
[Progress:===============>              51%] [Cov:==================>                52%]
[Progress:===============>              52%] [Cov:==================>                52%]
[Progress:===============>              52%] [Cov:==================>                52%]
[Progress:===============>              52%] [Cov:==================>                52%]
[Progress:===============>              52%] [Cov:==================>                52%]
[Progress:===============>              52%] [Cov:==================>                52%]
[Progress:===============>              52%] [Cov:==================>                54%]
[Progress:===============>              52%] [Cov:===================>               57%]
[Progress:===============>              52%] [Cov:======================>            63%]
[Progress:===============>              52%] [Cov:===================>               55%]
[Progress:===============>              52%] [Cov:===================>               57%]
[Progress:===============>              52%] [Cov:======================>            63%]
[Progress:===============>              52%] [Cov:======================>            64%]
[Progress:===============>              53%] [Cov:==================>                52%]
[Progress:===============>              53%] [Cov:==================>                54%]
[Progress:===============>              53%] [Cov:===================>               57%]
[Progress:===============>              53%] [Cov:======================>            63%]
[Progress:===============>              53%] [Cov:===================>               55%]
[Progress:===============>              53%] [Cov:===================>               56%]
[Progress:===============>              53%] [Cov:=====================>             62%]
[Progress:===============>              53%] [Cov:======================>            64%]
[Progress:===============>              53%] [Cov:===================>               55%]
[Progress:===============>              53%] [Cov:======================>            64%]
[Progress:===============>              53%] [Cov:===================>               55%]
[Progress:===============>              53%] [Cov:======================>            64%]
[Progress:================>             54%] [Cov:===================>               55%]
[Progress:================>             54%] [Cov:======================>            64%]
[Progress:================>             54%] [Cov:===================>               55%]
[Progress:================>             54%] [Cov:======================>            64%]
[Progress:================>             55%] [Cov:======================>            64%]
[Progress:================>             55%] [Cov:======================>            64%]
[Progress:================>             56%] [Cov:======================>            64%]
[Progress:================>             56%] [Cov:======================>            64%]
[Progress:=================>            57%] [Cov:==============>                    42%]
[Progress:=================>            57%] [Cov:======================>            64%]
[Progress:=================>            57%] [Cov:======================>            64%]
[Progress:=================>            57%] [Cov:======================>            64%]
[Progress:=================>            58%] [Cov:===================>               55%]
[Progress:=================>            58%] [Cov:======================>            64%]
[Progress:=================>            58%] [Cov:======================>            64%]
[Progress:=================>            58%] [Cov:======================>            64%]
[Progress:=================>            58%] [Cov:======================>            64%]
[Progress:=================>            58%] [Cov:======================>            64%]
[Progress:=================>            58%] [Cov:======================>            64%]
[Progress:=================>            58%] [Cov:======================>            64%]
[Progress:=================>            58%] [Cov:======================>            64%]
[Progress:=================>            58%] [Cov:===================>               55%]
[Progress:=================>            59%] [Cov:======================>            64%]
[Progress:=================>            59%] [Cov:======================>            64%]
[Progress:=================>            59%] [Cov:======================>            64%]
[Progress:=================>            59%] [Cov:======================>            64%]
[Progress:==================>           60%] [Cov:======================>            64%]
[Progress:==================>           60%] [Cov:======================>            64%]
[Progress:==================>           60%] [Cov:======================>            64%]
[Progress:==================>           60%] [Cov:======================>            64%]
[Progress:==================>           60%] [Cov:======================>            64%]
[Progress:==================>           60%] [Cov:======================>            64%]
[Progress:==================>           61%] [Cov:======================>            64%]
[Progress:==================>           61%] [Cov:======================>            64%]
[Progress:==================>           61%] [Cov:===================>               55%]
[Progress:==================>           61%] [Cov:======================>            64%]
[Progress:==================>           61%] [Cov:======================>            64%]
[Progress:==================>           62%] [Cov:======================>            64%]
[Progress:==================>           62%] [Cov:======================>            64%]
[Progress:==================>           62%] [Cov:======================>            64%]
[Progress:==================>           62%] [Cov:===================>               55%]
[Progress:==================>           62%] [Cov:======================>            64%]
[Progress:==================>           62%] [Cov:===================>               55%]
[Progress:==================>           62%] [Cov:======================>            64%]
[Progress:==================>           62%] [Cov:===================>               55%]
[Progress:==================>           62%] [Cov:======================>            64%]
[Progress:==================>           62%] [Cov:===================>               55%]
[Progress:==================>           62%] [Cov:======================>            64%]
[Progress:==================>           63%] [Cov:======================>            64%]
[Progress:==================>           63%] [Cov:===================>               55%]
[Progress:==================>           63%] [Cov:======================>            64%]
[Progress:==================>           63%] [Cov:===================>               55%]
[Progress:==================>           63%] [Cov:======================>            64%]
[Progress:===================>          64%] [Cov:======================>            64%]
[Progress:===================>          64%] [Cov:===================>               55%]
[Progress:===================>          64%] [Cov:======================>            64%]
[Progress:===================>          64%] [Cov:======================>            64%]
[Progress:===================>          64%] [Cov:======================>            64%]
[Progress:===================>          64%] [Cov:======================>            64%]
[Progress:===================>          64%] [Cov:======================>            64%]
[Progress:===================>          64%] [Cov:======================>            64%]
[Progress:===================>          65%] [Cov:======================>            64%]
[Progress:===================>          65%] [Cov:======================>            64%]
[Progress:===================>          65%] [Cov:======================>            64%]
[Progress:===================>          65%] [Cov:======================>            64%]
[Progress:===================>          66%] [Cov:======================>            64%]
[Progress:===================>          66%] [Cov:======================>            64%]
[Progress:===================>          66%] [Cov:======================>            64%]
[Progress:===================>          66%] [Cov:======================>            64%]
[Progress:===================>          66%] [Cov:======================>            64%]
[Progress:===================>          66%] [Cov:======================>            64%]
[Progress:===================>          66%] [Cov:======================>            64%]
[Progress:====================>         67%] [Cov:======================>            64%]
[Progress:====================>         67%] [Cov:======================>            64%]
[Progress:====================>         67%] [Cov:======================>            64%]
[Progress:====================>         67%] [Cov:======================>            64%]
[Progress:====================>         68%] [Cov:======================>            64%]
[Progress:====================>         68%] [Cov:======================>            64%]
[Progress:====================>         68%] [Cov:======================>            64%]
[Progress:====================>         68%] [Cov:======================>            64%]
[Progress:====================>         68%] [Cov:===================>               55%]
[Progress:====================>         68%] [Cov:======================>            64%]
[Progress:====================>         68%] [Cov:=======================>           66%]
[Progress:====================>         68%] [Cov:=======================>           68%]
[Progress:====================>         68%] [Cov:========================>          71%]
[Progress:====================>         68%] [Cov:=========================>         74%]
[Progress:====================>         68%] [Cov:=========================>         74%]
[Progress:====================>         68%] [Cov:=========================>         74%]
[Progress:====================>         69%] [Cov:=========================>         74%]
[Progress:====================>         69%] [Cov:=========================>         74%]
[Progress:====================>         69%] [Cov:=========================>         74%]
[Progress:====================>         69%] [Cov:=========================>         74%]
[Progress:====================>         69%] [Cov:=========================>         74%]
[Progress:=====================>        70%] [Cov:=========================>         74%]
[Progress:=====================>        70%] [Cov:=========================>         74%]
[Progress:=====================>        70%] [Cov:=========================>         74%]
[Progress:=====================>        70%] [Cov:=========================>         74%]
[Progress:=====================>        70%] [Cov:=========================>         74%]
[Progress:=====================>        70%] [Cov:=========================>         74%]
[Progress:=====================>        70%] [Cov:=========================>         74%]
[Progress:=====================>        71%] [Cov:=========================>         74%]
[Progress:=====================>        71%] [Cov:=========================>         74%]
[Progress:=====================>        71%] [Cov:=========================>         74%]
[Progress:=====================>        71%] [Cov:=========================>         74%]
[Progress:=====================>        72%] [Cov:=========================>         74%]
[Progress:=====================>        72%] [Cov:=========================>         74%]
[Progress:=====================>        72%] [Cov:=========================>         74%]
[Progress:=====================>        72%] [Cov:=========================>         74%]
[Progress:=====================>        72%] [Cov:=========================>         74%]
[Progress:=====================>        72%] [Cov:=========================>         74%]
[Progress:=====================>        72%] [Cov:=========================>         74%]
[Progress:=====================>        73%] [Cov:=========================>         74%]
[Progress:=====================>        73%] [Cov:=========================>         74%]
[Progress:=====================>        73%] [Cov:=========================>         74%]
[Progress:=====================>        73%] [Cov:=========================>         74%]
[Progress:======================>       74%] [Cov:=========================>         74%]
[Progress:======================>       74%] [Cov:=========================>         74%]
[Progress:======================>       74%] [Cov:=========================>         74%]
[Progress:======================>       74%] [Cov:=========================>         74%]
[Progress:======================>       74%] [Cov:=========================>         74%]
[Progress:======================>       74%] [Cov:=========================>         74%]
[Progress:======================>       74%] [Cov:=========================>         74%]
[Progress:======================>       74%] [Cov:=========================>         74%]
[Progress:======================>       75%] [Cov:=========================>         74%]
[Progress:======================>       75%] [Cov:=========================>         74%]
[Progress:======================>       75%] [Cov:=========================>         74%]
[Progress:======================>       76%] [Cov:=========================>         74%]
[Progress:======================>       76%] [Cov:=========================>         74%]
[Progress:======================>       76%] [Cov:=========================>         74%]
[Progress:======================>       76%] [Cov:=========================>         74%]
[Progress:======================>       76%] [Cov:=========================>         74%]
[Progress:======================>       76%] [Cov:=========================>         74%]
[Progress:======================>       76%] [Cov:=========================>         74%]
[Progress:======================>       76%] [Cov:=========================>         74%]
[Progress:=======================>      77%] [Cov:=========================>         74%]
[Progress:=======================>      77%] [Cov:=========================>         74%]
[Progress:=======================>      77%] [Cov:=========================>         74%]
[Progress:=======================>      77%] [Cov:=========================>         74%]
[Progress:=======================>      78%] [Cov:=========================>         74%]
[Progress:=======================>      78%] [Cov:=========================>         74%]
[Progress:=======================>      78%] [Cov:=========================>         74%]
[Progress:=======================>      78%] [Cov:=========================>         74%]
[Progress:=======================>      78%] [Cov:=========================>         74%]
[Progress:=======================>      78%] [Cov:=========================>         74%]
[Progress:=======================>      78%] [Cov:=========================>         74%]
[Progress:=======================>      79%] [Cov:=========================>         74%]
[Progress:=======================>      79%] [Cov:=========================>         74%]
[Progress:=======================>      79%] [Cov:=========================>         74%]
[Progress:=======================>      79%] [Cov:=========================>         74%]
[Progress:=======================>      79%] [Cov:=========================>         74%]
[Progress:========================>     80%] [Cov:=========================>         74%]
[Progress:========================>     80%] [Cov:=========================>         74%]
[Progress:========================>     80%] [Cov:=========================>         74%]
[Progress:========================>     80%] [Cov:=========================>         74%]
[Progress:========================>     80%] [Cov:=========================>         74%]
[Progress:========================>     81%] [Cov:=========================>         74%]
[Progress:========================>     81%] [Cov:=========================>         74%]
[Progress:========================>     81%] [Cov:=========================>         74%]
[Progress:========================>     81%] [Cov:=========================>         74%]
[Progress:========================>     82%] [Cov:=========================>         74%]
[Progress:========================>     82%] [Cov:=========================>         74%]
[Progress:========================>     82%] [Cov:=========================>         74%]
[Progress:========================>     82%] [Cov:=========================>         74%]
[Progress:========================>     82%] [Cov:=========================>         74%]
[Progress:========================>     82%] [Cov:=========================>         74%]
[Progress:========================>     82%] [Cov:=========================>         74%]
[Progress:========================>     83%] [Cov:=========================>         74%]
[Progress:========================>     83%] [Cov:=========================>         74%]
[Progress:========================>     83%] [Cov:=========================>         74%]
[Progress:=========================>    84%] [Cov:=========================>         74%]
[Progress:=========================>    84%] [Cov:=========================>         74%]
[Progress:=========================>    84%] [Cov:=========================>         74%]
[Progress:=========================>    84%] [Cov:=========================>         74%]
[Progress:=========================>    84%] [Cov:=========================>         74%]
[Progress:=========================>    84%] [Cov:=========================>         74%]
[Progress:=========================>    84%] [Cov:=========================>         74%]
[Progress:=========================>    85%] [Cov:=========================>         74%]
[Progress:=========================>    85%] [Cov:=========================>         74%]
[Progress:=========================>    85%] [Cov:=========================>         74%]
[Progress:=========================>    85%] [Cov:=========================>         74%]
[Progress:=========================>    85%] [Cov:=========================>         74%]
[Progress:=========================>    86%] [Cov:=========================>         74%]
[Progress:=========================>    86%] [Cov:=========================>         74%]
[Progress:=========================>    86%] [Cov:=========================>         74%]
[Progress:=========================>    86%] [Cov:=========================>         74%]
[Progress:=========================>    86%] [Cov:=========================>         74%]
[Progress:=========================>    86%] [Cov:=========================>         74%]
[Progress:=========================>    86%] [Cov:=========================>         74%]
[Progress:==========================>   87%] [Cov:=========================>         74%]
[Progress:==========================>   87%] [Cov:=========================>         74%]
[Progress:==========================>   87%] [Cov:=========================>         74%]
[Progress:==========================>   88%] [Cov:=========================>         74%]
[Progress:==========================>   88%] [Cov:=========================>         74%]
[Progress:==========================>   88%] [Cov:=========================>         74%]
[Progress:==========================>   88%] [Cov:=========================>         74%]
[Progress:==========================>   88%] [Cov:=========================>         74%]
[Progress:==========================>   88%] [Cov:=========================>         74%]
[Progress:==========================>   88%] [Cov:=========================>         74%]
[Progress:==========================>   88%] [Cov:=========================>         74%]
[Progress:==========================>   89%] [Cov:=========================>         74%]
[Progress:==========================>   89%] [Cov:=========================>         74%]
[Progress:==========================>   89%] [Cov:=========================>         74%]
[Progress:==========================>   89%] [Cov:=========================>         74%]
[Progress:==========================>   89%] [Cov:=========================>         74%]
[Progress:===========================>  90%] [Cov:=========================>         74%]
[Progress:===========================>  90%] [Cov:=========================>         74%]
[Progress:===========================>  90%] [Cov:=========================>         74%]
[Progress:===========================>  90%] [Cov:=========================>         74%]
[Progress:===========================>  90%] [Cov:=========================>         74%]
[Progress:===========================>  90%] [Cov:=========================>         74%]
[Progress:===========================>  90%] [Cov:=========================>         74%]
[Progress:===========================>  91%] [Cov:=========================>         74%]
[Progress:===========================>  91%] [Cov:=========================>         74%]
[Progress:===========================>  91%] [Cov:=========================>         74%]
[Progress:===========================>  92%] [Cov:=========================>         74%]
[Progress:===========================>  92%] [Cov:=========================>         74%]
[Progress:===========================>  92%] [Cov:=========================>         74%]
[Progress:===========================>  92%] [Cov:=========================>         74%]
[Progress:===========================>  92%] [Cov:=========================>         74%]
[Progress:===========================>  92%] [Cov:=========================>         74%]
[Progress:===========================>  92%] [Cov:=========================>         74%]
[Progress:===========================>  93%] [Cov:=========================>         74%]
[Progress:===========================>  93%] [Cov:=========================>         74%]
[Progress:===========================>  93%] [Cov:=========================>         74%]
[Progress:===========================>  93%] [Cov:=========================>         74%]
[Progress:===========================>  93%] [Cov:=========================>         74%]
[Progress:============================> 94%] [Cov:=========================>         72%]
[Progress:============================> 94%] [Cov:=========================>         74%]
[Progress:============================> 94%] [Cov:=========================>         74%]
[Progress:============================> 94%] [Cov:=========================>         74%]
[Progress:============================> 94%] [Cov:=========================>         74%]
[Progress:============================> 94%] [Cov:=========================>         74%]
[Progress:============================> 94%] [Cov:=========================>         74%]
[Progress:============================> 95%] [Cov:=========================>         74%]
[Progress:============================> 95%] [Cov:=========================>         74%]
[Progress:============================> 95%] [Cov:=========================>         74%]
[Progress:============================> 95%] [Cov:=========================>         74%]
[Progress:============================> 95%] [Cov:=========================>         74%]
[Progress:============================> 96%] [Cov:=========================>         74%]
[Progress:============================> 96%] [Cov:=========================>         74%]
[Progress:============================> 96%] [Cov:=========================>         74%]
[Progress:============================> 96%] [Cov:=========================>         74%]
[Progress:============================> 96%] [Cov:=========================>         74%]
[Progress:============================> 96%] [Cov:=========================>         74%]
[Progress:============================> 96%] [Cov:=========================>         74%]
[Progress:============================> 96%] [Cov:=========================>         74%]
[Progress:============================> 96%] [Cov:=========================>         74%]
[Progress:=============================>97%] [Cov:=========================>         74%]
[Progress:=============================>97%] [Cov:=========================>         74%]
[Progress:=============================>97%] [Cov:=========================>         74%]
[Progress:=============================>97%] [Cov:=========================>         74%]
[Progress:=============================>98%] [Cov:=========================>         74%]
[Progress:=============================>98%] [Cov:=========================>         74%]
[Progress:=============================>98%] [Cov:=========================>         74%]
[Progress:=============================>98%] [Cov:=========================>         74%]
[Progress:=============================>98%] [Cov:=========================>         74%]
[Progress:=============================>98%] [Cov:=========================>         74%]
[Progress:=============================>98%] [Cov:=========================>         74%]
[Progress:=============================>98%] [Cov:=========================>         74%]
[Progress:=============================>98%] [Cov:=========================>         74%]
[Progress:=============================>98%] [Cov:=========================>         74%]
[Progress:=============================>99%] [Cov:=========================>         74%]
[Progress:=============================>99%] [Cov:=========================>         74%]
[Progress:=============================>99%] [Cov:=========================>         74%]
[Progress:==============================100%] [Cov:=========================>         74%]
[Progress:==============================100%] [Cov:=========================>         74%]
[Progress:==============================100%] [Cov:=========================>         74%]
[Progress:==============================100%] [Cov:=========================>         74%]
[Progress:==============================100%] [Cov:=========================>         74%]
[Progress:==============================100%] [Cov:=========================>         74%]
* Search finished after 151s and 278 generations, 97604 statements, best individual has fitness: 55.166666666666664
* Minimizing test suite
* Going to analyze the coverage criteria
* Coverage analysis for criterion LINE
* Coverage of criterion LINE: 59%
* Total number of goals: 27
* Number of covered goals: 16
* Coverage analysis for criterion BRANCH
* Coverage of criterion BRANCH: 63%
* Total number of goals: 19
* Number of covered goals: 12
* Coverage analysis for criterion EXCEPTION
* Coverage of criterion EXCEPTION: 33%
* Total number of goals: 3
* Number of covered goals: 1
* Coverage analysis for criterion WEAKMUTATION
* Coverage of criterion WEAKMUTATION: 85%
* Total number of goals: 162
* Number of covered goals: 138
* Coverage analysis for criterion OUTPUT
* Coverage of criterion OUTPUT: 33%
* Total number of goals: 3
* Number of covered goals: 1
* Coverage analysis for criterion METHOD
* Coverage of criterion METHOD: 100%
* Total number of goals: 2
* Number of covered goals: 2
* Coverage analysis for criterion METHODNOEXCEPTION
* Coverage of criterion METHODNOEXCEPTION: 100%
* Total number of goals: 2
* Number of covered goals: 2
* Coverage analysis for criterion CBRANCH
* Coverage of criterion CBRANCH: 63%
* Total number of goals: 19
* Number of covered goals: 12
* Generated 4 tests with total length 19
* Resulting test suite's coverage: 74% (average coverage for all fitness functions)
* Generating assertions
* Resulting test suite's mutation score: 22%
* Compiling and checking tests
* Writing tests to file
* Writing JUnit test case 'NumericEntityUnescaper_ESTest' to evosuite-tests
* Done!

* Computation finished

