CMD: /usr/lib/jvm/java-8-openjdk-amd64/bin/java -Dtools_jar_location=/usr/lib/jvm/java-8-openjdk-amd64/lib/tools.jar -jar /home/pizza/TestRound2/evosuite-1.2.0.jar -generateSuite -class org.apache.commons.compress.archivers.tar.TarArchiveInputStream -projectCP /home/pizza/TestRound2/Test/Compress-32b/target/classes:/home/pizza/defects4j/framework/projects/Compress/lib/org/tukaani/xz/1.5/xz-1.5.jar -base_dir /home/pizza/TestRound2/results/project-Compress/Compress-32/round03/evosuite-work -seed 11 -Dalgorithm=NSGAII -Dsearch_budget=60 -Dtest_format=JUNIT4 -Dassertions=true

* EvoSuite 1.2.0
* Going to generate test cases for class: org.apache.commons.compress.archivers.tar.TarArchiveInputStream
* Starting Client-0
* Connecting to master process on port 8224
* Analyzing classpath: 
  - /home/pizza/TestRound2/Test/Compress-32b/target/classes
  - /home/pizza/defects4j/framework/projects/Compress/lib/org/tukaani/xz/1.5/xz-1.5.jar
* Finished analyzing classpath
* Generating tests for class org.apache.commons.compress.archivers.tar.TarArchiveInputStream
* Test criteria:
  - Line Coverage
  - Branch Coverage
  - Exception
  - Mutation testing (weak)
  - Method-Output Coverage
  - Top-Level Method Coverage
  - No-Exception Top-Level Method Coverage
  - Context Branch Coverage
* Setting up search algorithm for whole suite generation
* Total number of test goals: 
  - Line 220
  - Branch 147
  - Exception 0
  - MutationFactory 606
  - Output 150
  - Method 26
  - MethodNoException 26

[Progress:>                             0%] [Cov:>                                  0%]  - CBranchFitnessFactory 147
* Using seed 11
* Starting evolution

[Progress:>                             0%] [Cov:>                                  0%][MASTER] 07:33:27.152 [logback-1] WARN  TestCluster - Failed to check cache for java.util.Enumeration<E> : Type points to itself

[Progress:>                             3%] [Cov:>                                  0%]
[Progress:>                             3%] [Cov:>                                  1%]
[Progress:>                             3%] [Cov:====>                              13%]
[Progress:>                             3%] [Cov:====>                              14%]
[Progress:>                             3%] [Cov:=====>                             15%]
[Progress:>                             3%] [Cov:=====>                             16%]
[Progress:>                             3%] [Cov:=====>                             17%]
[Progress:>                             3%] [Cov:======>                            19%]
[Progress:>                             3%] [Cov:=======>                           20%]
[Progress:=>                            5%] [Cov:>                                  0%]
[Progress:=>                            5%] [Cov:>                                  1%]
[Progress:=>                            5%] [Cov:>                                  2%]
[Progress:=>                            5%] [Cov:====>                              13%]
[Progress:=>                            5%] [Cov:====>                              14%]
[Progress:=>                            5%] [Cov:=====>                             16%]
[Progress:=>                            5%] [Cov:=====>                             17%]
[Progress:=>                            5%] [Cov:=======>                           20%]
[Progress:=>                            5%] [Cov:========>                          24%]
[Progress:=>                            5%] [Cov:=========>                         28%]
[Progress:=>                            5%] [Cov:==========>                        29%]
[Progress:===>                          13%] [Cov:>                                  1%]
[Progress:===>                          13%] [Cov:>                                  2%]
[Progress:===>                          13%] [Cov:====>                              14%]
[Progress:===>                          13%] [Cov:=====>                             15%]
[Progress:===>                          13%] [Cov:=====>                             17%]
[Progress:===>                          13%] [Cov:======>                            19%]
[Progress:===>                          13%] [Cov:=======>                           20%]
[Progress:====>                         15%] [Cov:>                                  1%]
[Progress:====>                         15%] [Cov:>                                  2%]
[Progress:====>                         15%] [Cov:====>                              14%]
[Progress:====>                         15%] [Cov:=====>                             17%]
[Progress:====>                         15%] [Cov:======>                            19%]
[Progress:====>                         15%] [Cov:========>                          23%]
[Progress:====>                         15%] [Cov:=========>                         28%]
[Progress:====>                         15%] [Cov:==========>                        29%]
[Progress:====>                         16%] [Cov:====>                              13%]
[Progress:====>                         16%] [Cov:====>                              14%]
[Progress:====>                         16%] [Cov:=====>                             15%]
[Progress:====>                         16%] [Cov:=====>                             16%]
[Progress:====>                         16%] [Cov:=====>                             17%]
[Progress:====>                         16%] [Cov:======>                            18%]
[Progress:====>                         16%] [Cov:======>                            19%]
[Progress:====>                         16%] [Cov:========>                          24%]
[Progress:====>                         16%] [Cov:==========>                        30%]
[Progress:====>                         16%] [Cov:==========>                        30%]
[Progress:====>                         16%] [Cov:==========>                        31%]
[Progress:====>                         16%] [Cov:===========>                       32%]
[Progress:=====>                        18%] [Cov:==========>                        29%]
[Progress:=====>                        18%] [Cov:==========>                        30%]
[Progress:=====>                        18%] [Cov:===========>                       32%]
[Progress:======>                       20%] [Cov:=========>                         26%]
[Progress:======>                       20%] [Cov:==========>                        30%]
[Progress:======>                       20%] [Cov:==========>                        31%]
[Progress:======>                       20%] [Cov:===========>                       32%]
[Progress:======>                       20%] [Cov:===========>                       32%]
[Progress:======>                       21%] [Cov:==========>                        29%]
[Progress:======>                       21%] [Cov:==========>                        30%]
[Progress:======>                       21%] [Cov:===========>                       32%]
[Progress:======>                       23%] [Cov:==========>                        30%]
[Progress:======>                       23%] [Cov:===========>                       32%]
[Progress:======>                       23%] [Cov:===========>                       32%]
[Progress:======>                       23%] [Cov:===========>                       33%]
[Progress:======>                       23%] [Cov:===========>                       34%]
[Progress:=======>                      25%] [Cov:==========>                        30%]
[Progress:=======>                      25%] [Cov:===========>                       32%]
[Progress:=======>                      25%] [Cov:===========>                       33%]
[Progress:=======>                      25%] [Cov:============>                      35%]
[Progress:=======>                      26%] [Cov:==========>                        30%]
[Progress:=======>                      26%] [Cov:===========>                       33%]
[Progress:=======>                      26%] [Cov:===========>                       34%]
[Progress:=======>                      26%] [Cov:===========>                       34%]
[Progress:========>                     28%] [Cov:==========>                        30%]
[Progress:========>                     28%] [Cov:===========>                       34%]
[Progress:==========>                   36%] [Cov:===========>                       32%]
[Progress:==========>                   36%] [Cov:===========>                       33%]
[Progress:==========>                   36%] [Cov:===========>                       34%]
[Progress:===========>                  38%] [Cov:==========>                        30%]
[Progress:===========>                  38%] [Cov:============>                      35%]
[Progress:===========>                  38%] [Cov:============>                      37%]
[Progress:===========>                  38%] [Cov:============>                      37%]
[Progress:============>                 40%] [Cov:===========>                       34%]
[Progress:============>                 40%] [Cov:============>                      35%]
[Progress:============>                 40%] [Cov:============>                      36%]
[Progress:============>                 40%] [Cov:============>                      37%]
[Progress:============>                 40%] [Cov:============>                      37%]
[Progress:============>                 41%] [Cov:===========>                       33%]
[Progress:============>                 41%] [Cov:===========>                       34%]
[Progress:============>                 41%] [Cov:============>                      36%]
[Progress:============>                 41%] [Cov:============>                      37%]
[Progress:============>                 41%] [Cov:=============>                     38%]
[Progress:===============>              50%] [Cov:===========>                       33%]
[Progress:===============>              50%] [Cov:===========>                       34%]
[Progress:===============>              50%] [Cov:============>                      35%]
[Progress:===============>              50%] [Cov:============>                      37%]
[Progress:===============>              50%] [Cov:=============>                     38%]
[Progress:===============>              51%] [Cov:===========>                       34%]
[Progress:===============>              51%] [Cov:============>                      35%]
[Progress:===============>              51%] [Cov:============>                      36%]
[Progress:===============>              51%] [Cov:============>                      37%]
[Progress:===============>              51%] [Cov:=============>                     38%]
[Progress:===============>              53%] [Cov:===========>                       34%]
[Progress:===============>              53%] [Cov:============>                      35%]
[Progress:===============>              53%] [Cov:=============>                     38%]
[Progress:===============>              53%] [Cov:=============>                     39%]
[Progress:===============>              53%] [Cov:=============>                     39%]
[Progress:================>             55%] [Cov:============>                      36%]
[Progress:================>             55%] [Cov:============>                      37%]
[Progress:================>             55%] [Cov:=============>                     38%]
[Progress:================>             55%] [Cov:=============>                     39%]
[Progress:================>             55%] [Cov:==============>                    40%]
[Progress:================>             55%] [Cov:==============>                    41%]
[Progress:================>             56%] [Cov:============>                      36%]
[Progress:================>             56%] [Cov:=============>                     39%]
[Progress:================>             56%] [Cov:==============>                    40%]
[Progress:================>             56%] [Cov:=============>                     39%]
[Progress:================>             56%] [Cov:==============>                    40%]
[Progress:================>             56%] [Cov:==============>                    41%]
[Progress:=================>            58%] [Cov:=============>                     38%]
[Progress:=================>            58%] [Cov:==============>                    40%]
[Progress:=================>            58%] [Cov:==============>                    41%]
[Progress:=================>            58%] [Cov:==============>                    41%]
[Progress:==================>           60%] [Cov:==============>                    40%]
[Progress:==================>           60%] [Cov:==============>                    42%]
[Progress:==================>           60%] [Cov:===============>                   43%]
[Progress:==================>           60%] [Cov:===============>                   44%]
[Progress:==================>           61%] [Cov:=============>                     38%]
[Progress:==================>           61%] [Cov:==============>                    40%]
[Progress:==================>           61%] [Cov:===============>                   44%]
[Progress:==================>           63%] [Cov:==============>                    41%]
[Progress:==================>           63%] [Cov:===============>                   44%]
[Progress:==================>           63%] [Cov:===============>                   45%]
[Progress:===================>          65%] [Cov:=============>                     39%]
[Progress:===================>          65%] [Cov:==============>                    40%]
[Progress:===================>          65%] [Cov:===============>                   44%]
[Progress:===================>          65%] [Cov:===============>                   45%]
[Progress:===================>          66%] [Cov:==============>                    40%]
[Progress:===================>          66%] [Cov:===============>                   44%]
[Progress:===================>          66%] [Cov:===============>                   45%]
[Progress:===================>          66%] [Cov:===============>                   44%]
[Progress:====================>         68%] [Cov:==============>                    41%]
[Progress:====================>         68%] [Cov:==============>                    42%]
[Progress:====================>         68%] [Cov:===============>                   44%]
[Progress:====================>         68%] [Cov:===============>                   45%]
[Progress:=====================>        70%] [Cov:===============>                   44%]
[Progress:=====================>        70%] [Cov:===============>                   44%]
[Progress:=====================>        70%] [Cov:===============>                   45%]
[Progress:=====================>        71%] [Cov:==============>                    40%]
[Progress:=====================>        71%] [Cov:===============>                   43%]
[Progress:=====================>        71%] [Cov:===============>                   44%]
[Progress:=====================>        71%] [Cov:===============>                   45%]
[Progress:=====================>        71%] [Cov:================>                  46%]
[Progress:=====================>        73%] [Cov:==============>                    42%]
[Progress:=====================>        73%] [Cov:================>                  46%]
[Progress:======================>       75%] [Cov:===============>                   45%]
[Progress:======================>       75%] [Cov:================>                  46%]
[Progress:======================>       75%] [Cov:================>                  46%]
[Progress:======================>       76%] [Cov:===============>                   44%]
[Progress:======================>       76%] [Cov:===============>                   45%]
[Progress:======================>       76%] [Cov:================>                  46%]
[Progress:=======================>      78%] [Cov:================>                  46%]
[Progress:=======================>      78%] [Cov:================>                  46%]
[Progress:========================>     80%] [Cov:===============>                   43%]
[Progress:========================>     80%] [Cov:===============>                   44%]
[Progress:========================>     80%] [Cov:===============>                   45%]
[Progress:========================>     80%] [Cov:================>                  46%]
[Progress:========================>     80%] [Cov:===============>                   45%]
[Progress:========================>     80%] [Cov:================>                  46%]
[Progress:========================>     80%] [Cov:================>                  47%]
[Progress:========================>     81%] [Cov:================>                  46%]
[Progress:========================>     81%] [Cov:================>                  47%]
[Progress:========================>     81%] [Cov:================>                  48%]
[Progress:========================>     83%] [Cov:===============>                   45%]
[Progress:========================>     83%] [Cov:================>                  46%]
[Progress:========================>     83%] [Cov:================>                  47%]
[Progress:========================>     83%] [Cov:================>                  48%]
[Progress:=========================>    85%] [Cov:===============>                   43%]
[Progress:=========================>    85%] [Cov:================>                  46%]
[Progress:=========================>    85%] [Cov:================>                  47%]
[Progress:=========================>    86%] [Cov:================>                  46%]
[Progress:=========================>    86%] [Cov:================>                  47%]
[Progress:=========================>    86%] [Cov:================>                  48%]
[Progress:==========================>   88%] [Cov:================>                  46%]
[Progress:==========================>   88%] [Cov:================>                  47%]
[Progress:==========================>   88%] [Cov:================>                  48%]
[Progress:===========================>  90%] [Cov:================>                  46%]
[Progress:===========================>  90%] [Cov:================>                  47%]
[Progress:===========================>  90%] [Cov:================>                  48%]
[Progress:===========================>  90%] [Cov:================>                  48%]
[Progress:===========================>  91%] [Cov:================>                  47%]
[Progress:===========================>  91%] [Cov:================>                  48%]
[Progress:===========================>  93%] [Cov:================>                  46%]
[Progress:===========================>  93%] [Cov:================>                  47%]
[Progress:===========================>  93%] [Cov:================>                  48%]
[Progress:===========================>  93%] [Cov:================>                  48%]
[Progress:============================> 95%] [Cov:================>                  48%]
[Progress:============================> 96%] [Cov:================>                  46%]
[Progress:============================> 96%] [Cov:================>                  47%]
[Progress:============================> 96%] [Cov:================>                  48%]
[Progress:============================> 96%] [Cov:================>                  48%]
[Progress:=============================>98%] [Cov:================>                  47%]
[Progress:=============================>98%] [Cov:================>                  48%]
[Progress:=============================>98%] [Cov:=================>                 49%]
[Progress:==============================100%] [Cov:================>                  46%]
[Progress:==============================100%] [Cov:================>                  47%]
[Progress:==============================100%] [Cov:================>                  48%]
[Progress:==============================100%] [Cov:================>                  48%]
[Progress:==============================100%] [Cov:================>                  46%]
[Progress:==============================100%] [Cov:================>                  47%]
[Progress:==============================100%] [Cov:================>                  48%]
[Progress:==============================100%] [Cov:=================>                 49%]
[Progress:==============================100%] [Cov:================>                  47%]
[Progress:==============================100%] [Cov:================>                  48%]
[Progress:==============================100%] [Cov:=================>                 49%]
[Progress:==============================100%] [Cov:================>                  46%]
[Progress:==============================100%] [Cov:================>                  47%]
[Progress:==============================100%] [Cov:================>                  48%]
[Progress:==============================100%] [Cov:=================>                 49%]
* Search finished after 64s and 27 generations, 14748 statements, best individual has fitness: 1070.3125988405257
* Minimizing test suite
* Going to analyze the coverage criteria
* Coverage analysis for criterion LINE
* Coverage of criterion LINE: 38%
* Total number of goals: 220
* Number of covered goals: 83
* Coverage analysis for criterion BRANCH
* Coverage of criterion BRANCH: 29%
* Total number of goals: 147
* Number of covered goals: 42
* Coverage analysis for criterion EXCEPTION
* Coverage of criterion EXCEPTION: 20%
* Total number of goals: 20
* Number of covered goals: 4
* Coverage analysis for criterion WEAKMUTATION
* Coverage of criterion WEAKMUTATION: 23%
* Total number of goals: 606
* Number of covered goals: 141
* Coverage analysis for criterion OUTPUT
* Coverage of criterion OUTPUT: 27%
* Total number of goals: 150
* Number of covered goals: 41
* Coverage analysis for criterion METHOD
* Coverage of criterion METHOD: 92%
* Total number of goals: 26
* Number of covered goals: 24
* Coverage analysis for criterion METHODNOEXCEPTION
* Coverage of criterion METHODNOEXCEPTION: 88%
* Total number of goals: 26
* Number of covered goals: 23
* Coverage analysis for criterion CBRANCH
* Coverage of criterion CBRANCH: 29%
* Total number of goals: 147
* Number of covered goals: 42
* Generated 29 tests with total length 113
* Resulting test suite's coverage: 50% (average coverage for all fitness functions)
* Generating assertions
* Resulting test suite's mutation score: 9%
* Compiling and checking tests
* Writing tests to file
* Writing JUnit test case 'TarArchiveInputStream_ESTest' to evosuite-tests
* Done!

* Computation finished

