CMD: /usr/lib/jvm/java-8-openjdk-amd64/bin/java -Dtools_jar_location=/usr/lib/jvm/java-8-openjdk-amd64/lib/tools.jar -jar /home/pizza/evosuite/evosuite-1.2.0.jar -generateSuite -class com.fasterxml.jackson.databind.type.MapType -projectCP /home/pizza/evosuite/Test/JacksonDatabind-38b/target/classes:/home/pizza/defects4j/framework/projects/JacksonDatabind/lib/com/fasterxml/jackson/core/jackson-annotations/2.7.0/jackson-annotations-2.7.0.jar:/home/pizza/defects4j/framework/projects/JacksonDatabind/lib/com/fasterxml/jackson/core/jackson-core/2.7.0/jackson-core-2.7.0.jar -base_dir /home/pizza/evosuite/results/project-JacksonDatabind/JacksonDatabind-38/round02/evosuite-work -seed 11 -Dalgorithm=NSGAII -Dsearch_budget=150 -Dtest_format=JUNIT4 -Dassertions=true

* EvoSuite 1.2.0
* Going to generate test cases for class: com.fasterxml.jackson.databind.type.MapType
* Starting Client-0
* Connecting to master process on port 8222
* Analyzing classpath: 
  - /home/pizza/evosuite/Test/JacksonDatabind-38b/target/classes
  - /home/pizza/defects4j/framework/projects/JacksonDatabind/lib/com/fasterxml/jackson/core/jackson-annotations/2.7.0/jackson-annotations-2.7.0.jar
  - /home/pizza/defects4j/framework/projects/JacksonDatabind/lib/com/fasterxml/jackson/core/jackson-core/2.7.0/jackson-core-2.7.0.jar
* Finished analyzing classpath
* Generating tests for class com.fasterxml.jackson.databind.type.MapType
* Test criteria:
  - Line Coverage
  - Branch Coverage
  - Exception
  - Mutation testing (weak)
  - Method-Output Coverage
  - Top-Level Method Coverage
  - No-Exception Top-Level Method Coverage
  - Context Branch Coverage
* Setting up search algorithm for whole suite generation
* Total number of test goals: 
  - Line 29
  - Branch 18
  - Exception 0
  - MutationFactory 114
  - Output 378
  - Method 15
  - MethodNoException 15
  - CBranchFitnessFactory 18

[Progress:>                             0%] [Cov:>                                  0%]* Using seed 11
* Starting evolution
[MASTER] 05:06:56.746 [logback-1] WARN  TestCluster - Failed to check cache for java.util.Map<K, V> : Type points to itself
[MASTER] 05:06:57.020 [logback-1] WARN  TestCluster - Failed to check cache for java.util.EnumSet<E> : Type points to itself

[Progress:>                             1%] [Cov:>                                  0%]
[Progress:>                             1%] [Cov:==>                                7%]
[Progress:>                             1%] [Cov:===>                               9%]
[Progress:>                             1%] [Cov:====>                              14%]
[Progress:>                             1%] [Cov:=====>                             17%]
[Progress:>                             1%] [Cov:=========>                         27%]
[Progress:>                             1%] [Cov:==========>                        29%]
[Progress:>                             1%] [Cov:============>                      37%]
[Progress:>                             1%] [Cov:==============>                    41%]
[Progress:>                             1%] [Cov:===============>                   44%]
[Progress:>                             1%] [Cov:================>                  47%]
[Progress:>                             1%] [Cov:==================>                52%]
[Progress:>                             1%] [Cov:==================>                54%]
[Progress:>                             1%] [Cov:====================>              59%]
[Progress:>                             1%] [Cov:=====================>             60%]
[Progress:>                             1%] [Cov:======================>            64%]
[Progress:>                             2%] [Cov:==>                                6%]
[Progress:>                             2%] [Cov:===>                               11%]
[Progress:>                             2%] [Cov:========>                          24%]
[Progress:>                             2%] [Cov:==========>                        31%]
[Progress:>                             2%] [Cov:===========>                       33%]
[Progress:>                             2%] [Cov:============>                      37%]
[Progress:>                             2%] [Cov:==============>                    41%]
[Progress:>                             2%] [Cov:===============>                   45%]
[Progress:>                             2%] [Cov:==================>                52%]
[Progress:>                             2%] [Cov:====================>              59%]
[Progress:>                             2%] [Cov:=======================>           66%]
[Progress:>                             2%] [Cov:========================>          70%]
[Progress:>                             2%] [Cov:========================>          71%]
[Progress:>                             3%] [Cov:>                                  2%]
[Progress:>                             3%] [Cov:=>                                 4%]
[Progress:>                             3%] [Cov:====>                              12%]
[Progress:>                             3%] [Cov:=====>                             17%]
[Progress:>                             3%] [Cov:======>                            18%]
[Progress:>                             3%] [Cov:======>                            19%]
[Progress:>                             3%] [Cov:=======>                           22%]
[Progress:>                             3%] [Cov:========>                          24%]
[Progress:>                             3%] [Cov:=========>                         26%]
[Progress:>                             3%] [Cov:=========>                         27%]
[Progress:>                             3%] [Cov:=============>                     38%]
[Progress:>                             3%] [Cov:==============>                    42%]
[Progress:>                             3%] [Cov:=================>                 50%]
[Progress:>                             3%] [Cov:===================>               57%]
[Progress:>                             3%] [Cov:======================>            63%]
[Progress:>                             3%] [Cov:========================>          69%]
[Progress:>                             3%] [Cov:=========================>         74%]
[Progress:>                             3%] [Cov:=========================>         74%]
[Progress:>                             3%] [Cov:==========================>        75%]
[Progress:>                             3%] [Cov:==========================>        76%]
[Progress:>                             3%] [Cov:==========================>        77%]
[Progress:>                             3%] [Cov:===========================>       78%]
[Progress:=>                            4%] [Cov:=====================>             60%]
[Progress:=>                            4%] [Cov:=====================>             61%]
[Progress:=>                            4%] [Cov:======================>            63%]
[Progress:=>                            4%] [Cov:======================>            64%]
[Progress:=>                            4%] [Cov:======================>            65%]
[Progress:=>                            4%] [Cov:=======================>           67%]
[Progress:=>                            4%] [Cov:========================>          70%][MASTER] 05:07:02.748 [logback-1] WARN  TestChromosome - Functional mock problem: org.evosuite.ga.ConstructionFailedException: Failed to add constructor for com.fasterxml.jackson.databind.type.SimpleType due to org.evosuite.ga.ConstructionFailedException: Failed to add constructor for com.fasterxml.jackson.databind.type.SimpleType due to org.evosuite.ga.ConstructionFailedException: Failed to add constructor for com.fasterxml.jackson.databind.type.SimpleType due to org.evosuite.ga.ConstructionFailedException: Max recursion depth reached

[Progress:=>                            4%] [Cov:=========================>         73%]
[Progress:=>                            4%] [Cov:==========================>        76%]
[Progress:=>                            4%] [Cov:==========================>        77%]
[Progress:=>                            4%] [Cov:===========================>       78%]
[Progress:=>                            4%] [Cov:============================>      81%]
[Progress:=>                            4%] [Cov:============================>      82%][MASTER] 05:07:03.698 [logback-1] WARN  TestChromosome - Functional mock problem: org.evosuite.ga.ConstructionFailedException: Failed to add constructor for com.fasterxml.jackson.databind.DeserializationConfig due to org.evosuite.ga.ConstructionFailedException: Failed to add constructor for com.fasterxml.jackson.databind.cfg.BaseSettings due to org.evosuite.ga.ConstructionFailedException: Invalid generic instance
[MASTER] 05:07:03.755 [logback-1] WARN  TestChromosome - Functional mock problem: org.evosuite.ga.ConstructionFailedException: Failed to add constructor for com.fasterxml.jackson.databind.type.SimpleType due to org.evosuite.ga.ConstructionFailedException: Failed to add constructor for com.fasterxml.jackson.databind.deser.CreatorProperty due to org.evosuite.ga.ConstructionFailedException: Failed to add constructor for com.fasterxml.jackson.databind.jsontype.impl.AsArrayTypeDeserializer due to org.evosuite.ga.ConstructionFailedException: Invalid generic instance

[Progress:=>                            4%] [Cov:============================>      82%][MASTER] 05:07:03.961 [logback-1] WARN  TestChromosome - Functional mock problem: org.evosuite.ga.ConstructionFailedException: Failed to add constructor for com.fasterxml.jackson.databind.type.MapType due to org.evosuite.ga.ConstructionFailedException: Max recursion depth reached
[MASTER] 05:07:04.095 [logback-1] WARN  TestChromosome - Functional mock problem: org.evosuite.ga.ConstructionFailedException: Invalid generic instance

[Progress:=>                            4%] [Cov:=============================>     83%]
[Progress:=>                            4%] [Cov:=============================>     84%]
[Progress:=>                            4%] [Cov:=============================>     85%]
[Progress:=>                            4%] [Cov:==============================>    86%]
[Progress:=>                            4%] [Cov:==============================>    86%]
[Progress:=>                            5%] [Cov:=========================>         72%]
[Progress:=>                            5%] [Cov:=========================>         74%]
[Progress:=>                            5%] [Cov:==========================>        76%]
[Progress:=>                            5%] [Cov:==========================>        77%]
[Progress:=>                            5%] [Cov:=============================>     83%]
[Progress:=>                            5%] [Cov:=============================>     85%]
[Progress:=>                            5%] [Cov:==============================>    86%]
[Progress:=>                            5%] [Cov:==============================>    86%]
[Progress:=>                            5%] [Cov:==============================>    87%]
[Progress:=>                            5%] [Cov:===============================>   89%]
[Progress:=>                            5%] [Cov:===============================>   91%]
[Progress:=>                            6%] [Cov:=========================>         72%]
[Progress:=>                            6%] [Cov:============================>      82%]
[Progress:=>                            6%] [Cov:=============================>     83%]
[Progress:=>                            6%] [Cov:=============================>     84%]
[Progress:=>                            6%] [Cov:==============================>    86%]
[Progress:=>                            6%] [Cov:===============================>   91%][MASTER] 05:07:06.020 [logback-1] WARN  TestChromosome - Functional mock problem: org.evosuite.ga.ConstructionFailedException: Failed to add constructor for com.fasterxml.jackson.databind.type.CollectionLikeType due to org.evosuite.ga.ConstructionFailedException: Failed to add constructor for com.fasterxml.jackson.databind.SerializationConfig due to org.evosuite.ga.ConstructionFailedException: Failed to add constructor for com.fasterxml.jackson.databind.cfg.BaseSettings due to org.evosuite.ga.ConstructionFailedException: Invalid generic instance

[Progress:=>                            6%] [Cov:===============================>   89%]
[Progress:=>                            6%] [Cov:===============================>   90%]
[Progress:=>                            6%] [Cov:===============================>   91%]
[Progress:=>                            6%] [Cov:===============================>   90%]
[Progress:=>                            6%] [Cov:===============================>   91%]
[Progress:==>                           7%] [Cov:==============================>    88%]
[Progress:==>                           7%] [Cov:===============================>   89%]
[Progress:==>                           7%] [Cov:===============================>   90%]
[Progress:==>                           7%] [Cov:===============================>   91%]
[Progress:==>                           7%] [Cov:================================>  92%]
[Progress:==>                           7%] [Cov:================================>  93%]
[Progress:==>                           7%] [Cov:===============================>   91%]
[Progress:==>                           7%] [Cov:================================>  92%]
[Progress:==>                           8%] [Cov:===============================>   91%]
[Progress:==>                           8%] [Cov:================================>  92%]
[Progress:==>                           8%] [Cov:================================>  92%]
[Progress:==>                           8%] [Cov:================================>  93%]
[Progress:==>                           8%] [Cov:================================>  92%]
[Progress:==>                           8%] [Cov:================================>  93%]
[Progress:==>                           8%] [Cov:================================>  94%]
[Progress:==>                           8%] [Cov:================================>  92%]
[Progress:==>                           8%] [Cov:================================>  93%]
[Progress:==>                           8%] [Cov:================================>  94%]
[Progress:==>                           9%] [Cov:===============================>   90%]
[Progress:==>                           9%] [Cov:===============================>   91%]
[Progress:==>                           9%] [Cov:================================>  92%]
[Progress:==>                           9%] [Cov:================================>  93%]
[Progress:==>                           9%] [Cov:================================>  94%]
[Progress:==>                           9%] [Cov:================================>  92%]
[Progress:==>                           9%] [Cov:================================>  94%]
[Progress:==>                           9%] [Cov:================================>  93%]
[Progress:==>                           9%] [Cov:================================>  94%]
[Progress:==>                           9%] [Cov:================================>  93%]
[Progress:==>                           9%] [Cov:================================>  94%]
[Progress:===>                          10%] [Cov:================================>  92%]
[Progress:===>                          10%] [Cov:================================>  94%]
[Progress:===>                          10%] [Cov:================================>  93%]
[Progress:===>                          10%] [Cov:================================>  94%][MASTER] 05:07:12.277 [logback-1] WARN  TestChromosome - Functional mock problem: org.evosuite.ga.ConstructionFailedException: Failed to add constructor for com.fasterxml.jackson.databind.type.ReferenceType due to org.evosuite.ga.ConstructionFailedException: Failed to add constructor for com.fasterxml.jackson.databind.type.SimpleType due to org.evosuite.ga.ConstructionFailedException: Invalid generic instance

[Progress:===>                          10%] [Cov:=================================> 95%]
[Progress:===>                          10%] [Cov:=================================> 95%]
[Progress:===>                          10%] [Cov:=================================> 95%][MASTER] 05:07:13.644 [logback-1] WARN  TestChromosome - Functional mock problem: org.evosuite.ga.ConstructionFailedException: Failed to add constructor for com.fasterxml.jackson.databind.SerializationConfig due to org.evosuite.ga.ConstructionFailedException: Failed to add constructor for com.fasterxml.jackson.databind.introspect.SimpleMixInResolver due to org.evosuite.ga.ConstructionFailedException: Failed to add constructor for com.fasterxml.jackson.databind.DeserializationConfig due to org.evosuite.ga.ConstructionFailedException: Max recursion depth reached

[Progress:===>                          11%] [Cov:================================>  94%]
[Progress:===>                          11%] [Cov:=================================> 95%]
[Progress:===>                          11%] [Cov:=================================> 95%]
[Progress:===>                          12%] [Cov:================================>  94%]
[Progress:===>                          12%] [Cov:=================================> 95%]
[Progress:===>                          12%] [Cov:=================================> 96%]
[Progress:===>                          12%] [Cov:=================================> 95%]
[Progress:===>                          12%] [Cov:=================================> 96%]
[Progress:===>                          12%] [Cov:=================================> 95%]
[Progress:===>                          12%] [Cov:=================================> 96%]
[Progress:===>                          12%] [Cov:================================>  94%]
[Progress:===>                          12%] [Cov:=================================> 95%]
[Progress:===>                          12%] [Cov:=================================> 96%]
[Progress:===>                          13%] [Cov:=================================> 96%]
[Progress:===>                          13%] [Cov:================================>  94%]
[Progress:===>                          13%] [Cov:=================================> 96%]
[Progress:===>                          13%] [Cov:================================>  94%]
[Progress:===>                          13%] [Cov:=================================> 96%]
[Progress:====>                         14%] [Cov:================================>  93%]
[Progress:====>                         14%] [Cov:=================================> 95%]
[Progress:====>                         14%] [Cov:=================================> 96%]
[Progress:====>                         14%] [Cov:================================>  94%]
[Progress:====>                         14%] [Cov:=================================> 96%]
[Progress:====>                         14%] [Cov:================================>  94%]
[Progress:====>                         14%] [Cov:=================================> 96%]
[Progress:====>                         14%] [Cov:================================>  94%]
[Progress:====>                         14%] [Cov:=================================> 96%]
[Progress:====>                         14%] [Cov:================================>  94%]
[Progress:====>                         14%] [Cov:=================================> 95%]
[Progress:====>                         14%] [Cov:=================================> 96%]
[Progress:====>                         15%] [Cov:=================================> 96%]
[Progress:====>                         15%] [Cov:=================================> 95%]
[Progress:====>                         15%] [Cov:=================================> 96%]
[Progress:====>                         16%] [Cov:=================================> 95%]
[Progress:====>                         16%] [Cov:=================================> 96%]
[Progress:====>                         16%] [Cov:=================================> 95%]
[Progress:====>                         16%] [Cov:=================================> 96%]
[Progress:====>                         16%] [Cov:=================================> 95%]
[Progress:====>                         16%] [Cov:=================================> 96%]
[Progress:=====>                        17%] [Cov:=================================> 95%]
[Progress:=====>                        17%] [Cov:=================================> 96%]
[Progress:=====>                        17%] [Cov:=================================> 95%]
[Progress:=====>                        17%] [Cov:=================================> 96%]
[Progress:=====>                        17%] [Cov:=================================> 95%]
[Progress:=====>                        17%] [Cov:=================================> 96%]
[Progress:=====>                        18%] [Cov:================================>  92%]
[Progress:=====>                        18%] [Cov:=================================> 96%]
[Progress:=====>                        18%] [Cov:=================================> 95%]
[Progress:=====>                        18%] [Cov:=================================> 96%]
[Progress:=====>                        19%] [Cov:=================================> 96%]
[Progress:=====>                        19%] [Cov:=================================> 96%]
[Progress:=====>                        19%] [Cov:=================================> 96%]
[Progress:======>                       20%] [Cov:=================================> 96%]
[Progress:======>                       20%] [Cov:=================================> 96%]
[Progress:======>                       20%] [Cov:=================================> 96%]
[Progress:======>                       21%] [Cov:================================>  94%]
[Progress:======>                       21%] [Cov:=================================> 96%]
[Progress:======>                       21%] [Cov:=================================> 96%]
[Progress:======>                       22%] [Cov:=================================> 96%]
[Progress:======>                       22%] [Cov:=================================> 96%]
[Progress:======>                       22%] [Cov:=================================> 96%]
[Progress:======>                       22%] [Cov:=================================> 97%]
[Progress:======>                       22%] [Cov:=================================> 97%]
[Progress:======>                       23%] [Cov:=================================> 95%]
[Progress:======>                       23%] [Cov:=================================> 96%]
[Progress:======>                       23%] [Cov:=================================> 97%]
[Progress:======>                       23%] [Cov:=================================> 97%]
[Progress:=======>                      24%] [Cov:=================================> 96%]
[Progress:=======>                      24%] [Cov:=================================> 97%]
[Progress:=======>                      24%] [Cov:=================================> 97%]
[Progress:=======>                      24%] [Cov:=================================> 97%]
[Progress:=======>                      25%] [Cov:=================================> 96%]
[Progress:=======>                      25%] [Cov:=================================> 97%]
[Progress:=======>                      25%] [Cov:=================================> 97%]
[Progress:=======>                      26%] [Cov:=================================> 97%]
[Progress:=======>                      26%] [Cov:=================================> 97%]
[Progress:=======>                      26%] [Cov:=================================> 97%]
[Progress:========>                     27%] [Cov:=================================> 97%][MASTER] 05:07:37.970 [logback-1] WARN  TestChromosome - Functional mock problem: org.evosuite.ga.ConstructionFailedException: Failed to add constructor for com.fasterxml.jackson.databind.ser.BeanSerializerBuilder due to org.evosuite.ga.ConstructionFailedException: Failed to add constructor for com.fasterxml.jackson.databind.DeserializationConfig due to org.evosuite.ga.ConstructionFailedException: Failed to add constructor for com.fasterxml.jackson.databind.cfg.BaseSettings due to org.evosuite.ga.ConstructionFailedException: Invalid generic instance

[Progress:========>                     27%] [Cov:=================================> 97%]
[Progress:========>                     28%] [Cov:=================================> 97%]
[Progress:========>                     28%] [Cov:=================================> 97%]
[Progress:========>                     28%] [Cov:=================================> 97%]
[Progress:========>                     28%] [Cov:=================================> 97%][MASTER] 05:07:40.568 [logback-1] WARN  TestChromosome - Functional mock problem: org.evosuite.ga.ConstructionFailedException: Failed to add constructor for com.fasterxml.jackson.databind.ser.BeanSerializerBuilder due to org.evosuite.ga.ConstructionFailedException: Failed to add constructor for com.fasterxml.jackson.databind.DeserializationConfig due to org.evosuite.ga.ConstructionFailedException: Failed to add constructor for com.fasterxml.jackson.databind.cfg.BaseSettings due to org.evosuite.ga.ConstructionFailedException: Max recursion depth reached

[Progress:========>                     29%] [Cov:=================================> 97%][MASTER] 05:07:40.970 [logback-1] WARN  TestChromosome - Functional mock problem: org.evosuite.ga.ConstructionFailedException: Failed to add constructor for com.fasterxml.jackson.databind.ser.BeanSerializerBuilder due to org.evosuite.ga.ConstructionFailedException: Failed to add constructor for com.fasterxml.jackson.databind.SerializationConfig due to org.evosuite.ga.ConstructionFailedException: Failed to add constructor for com.fasterxml.jackson.databind.cfg.BaseSettings due to org.evosuite.ga.ConstructionFailedException: Invalid generic instance

[Progress:========>                     29%] [Cov:=================================> 97%]
[Progress:=========>                    30%] [Cov:=================================> 97%]
[Progress:=========>                    30%] [Cov:=================================> 97%]
[Progress:=========>                    30%] [Cov:=================================> 97%]
[Progress:=========>                    31%] [Cov:=================================> 97%]
[Progress:=========>                    31%] [Cov:=================================> 97%]
[Progress:=========>                    32%] [Cov:=================================> 97%]
[Progress:=========>                    32%] [Cov:=================================> 97%]
[Progress:=========>                    33%] [Cov:=================================> 97%]
[Progress:=========>                    33%] [Cov:=================================> 97%]
[Progress:==========>                   34%] [Cov:=================================> 97%]
[Progress:==========>                   34%] [Cov:=================================> 97%]
[Progress:==========>                   34%] [Cov:=================================> 97%]
[Progress:==========>                   35%] [Cov:=================================> 97%]
[Progress:==========>                   35%] [Cov:=================================> 97%]
[Progress:==========>                   36%] [Cov:=================================> 97%]
[Progress:==========>                   36%] [Cov:=================================> 97%]
[Progress:==========>                   36%] [Cov:=================================> 97%]
[Progress:===========>                  37%] [Cov:=================================> 97%]
[Progress:===========>                  37%] [Cov:=================================> 97%]
[Progress:===========>                  38%] [Cov:=================================> 97%]
[Progress:===========>                  38%] [Cov:=================================> 97%]
[Progress:===========>                  39%] [Cov:=================================> 96%]
[Progress:===========>                  39%] [Cov:=================================> 97%]
[Progress:===========>                  39%] [Cov:=================================> 97%]
[Progress:============>                 40%] [Cov:=================================> 97%]
[Progress:============>                 40%] [Cov:=================================> 97%]
[Progress:============>                 40%] [Cov:=================================> 97%]
[Progress:============>                 41%] [Cov:=================================> 97%]
[Progress:============>                 41%] [Cov:=================================> 97%][MASTER] 05:07:59.642 [logback-1] WARN  TestChromosome - Functional mock problem: org.evosuite.ga.ConstructionFailedException: Failed to add constructor for com.fasterxml.jackson.databind.SerializationConfig due to org.evosuite.ga.ConstructionFailedException: Failed to add constructor for com.fasterxml.jackson.databind.cfg.BaseSettings due to org.evosuite.ga.ConstructionFailedException: Invalid generic instance

[Progress:============>                 42%] [Cov:=================================> 97%]
[Progress:============>                 42%] [Cov:=================================> 97%]
[Progress:============>                 42%] [Cov:=================================> 97%]
[Progress:============>                 43%] [Cov:=================================> 97%]
[Progress:============>                 43%] [Cov:=================================> 97%]
[Progress:=============>                44%] [Cov:=================================> 97%]
[Progress:=============>                44%] [Cov:=================================> 97%]
[Progress:=============>                44%] [Cov:=================================> 97%]
[Progress:=============>                44%] [Cov:=================================> 97%][MASTER] 05:08:04.552 [logback-1] WARN  TestChromosome - Functional mock problem: org.evosuite.ga.ConstructionFailedException: Failed to add constructor for com.fasterxml.jackson.databind.DeserializationConfig due to org.evosuite.ga.ConstructionFailedException: Failed to add constructor for com.fasterxml.jackson.databind.introspect.SimpleMixInResolver due to org.evosuite.ga.ConstructionFailedException: Failed to add constructor for com.fasterxml.jackson.databind.SerializationConfig due to org.evosuite.ga.ConstructionFailedException: Max recursion depth reached

[Progress:=============>                45%] [Cov:=================================> 97%]
[Progress:=============>                45%] [Cov:=================================> 97%]
[Progress:=============>                46%] [Cov:=================================> 97%]
[Progress:=============>                46%] [Cov:=================================> 97%][MASTER] 05:08:06.955 [logback-1] WARN  TestChromosome - Functional mock problem: org.evosuite.ga.ConstructionFailedException: Failed to add constructor for com.fasterxml.jackson.databind.ser.BeanSerializerBuilder due to org.evosuite.ga.ConstructionFailedException: Failed to add constructor for com.fasterxml.jackson.databind.SerializationConfig due to org.evosuite.ga.ConstructionFailedException: Failed to add constructor for com.fasterxml.jackson.databind.cfg.BaseSettings due to org.evosuite.ga.ConstructionFailedException: Max recursion depth reached

[Progress:=============>                46%] [Cov:=================================> 97%]
[Progress:==============>               47%] [Cov:=================================> 97%]
[Progress:==============>               47%] [Cov:=================================> 97%]
[Progress:==============>               48%] [Cov:=================================> 97%]
[Progress:==============>               48%] [Cov:=================================> 97%]
[Progress:==============>               48%] [Cov:=================================> 97%]
[Progress:==============>               49%] [Cov:=================================> 97%]
[Progress:===============>              50%] [Cov:=================================> 97%]
[Progress:===============>              50%] [Cov:=================================> 97%]
[Progress:===============>              50%] [Cov:=================================> 97%]
[Progress:===============>              51%] [Cov:=================================> 97%]
[Progress:===============>              51%] [Cov:=================================> 97%]
[Progress:===============>              52%] [Cov:=================================> 97%]
[Progress:===============>              52%] [Cov:=================================> 97%]
[Progress:===============>              52%] [Cov:=================================> 95%]
[Progress:===============>              52%] [Cov:=================================> 97%]
[Progress:===============>              53%] [Cov:=================================> 97%]
[Progress:================>             54%] [Cov:=================================> 97%]
[Progress:================>             54%] [Cov:=================================> 95%]
[Progress:================>             54%] [Cov:=================================> 97%]
[Progress:================>             54%] [Cov:=================================> 97%]
[Progress:================>             54%] [Cov:=================================> 97%]
[Progress:================>             55%] [Cov:=================================> 97%]
[Progress:================>             55%] [Cov:=================================> 97%]
[Progress:================>             56%] [Cov:=================================> 97%]
[Progress:================>             56%] [Cov:=================================> 97%]
[Progress:=================>            57%] [Cov:=================================> 97%]
[Progress:=================>            57%] [Cov:=================================> 97%]
[Progress:=================>            57%] [Cov:=================================> 97%]
[Progress:=================>            58%] [Cov:=================================> 97%]
[Progress:=================>            58%] [Cov:=================================> 97%]
[Progress:=================>            58%] [Cov:=================================> 97%]
[Progress:=================>            59%] [Cov:=================================> 97%]
[Progress:=================>            59%] [Cov:=================================> 97%]
[Progress:==================>           60%] [Cov:================================>  93%]
[Progress:==================>           60%] [Cov:=================================> 97%]
[Progress:==================>           60%] [Cov:=================================> 97%]
[Progress:==================>           60%] [Cov:=================================> 97%]
[Progress:==================>           61%] [Cov:=================================> 97%]
[Progress:==================>           61%] [Cov:=================================> 97%]
[Progress:==================>           62%] [Cov:=================================> 95%]
[Progress:==================>           62%] [Cov:=================================> 97%]
[Progress:==================>           62%] [Cov:=================================> 97%]
[Progress:==================>           62%] [Cov:=================================> 97%]
[Progress:==================>           63%] [Cov:=================================> 97%]
[Progress:==================>           63%] [Cov:=================================> 97%]
[Progress:==================>           63%] [Cov:=================================> 97%]
[Progress:===================>          64%] [Cov:=================================> 95%]
[Progress:===================>          64%] [Cov:=================================> 97%][MASTER] 05:08:32.777 [logback-1] WARN  TestChromosome - Functional mock problem: org.evosuite.ga.ConstructionFailedException: Failed to add constructor for com.fasterxml.jackson.databind.SerializationConfig due to org.evosuite.ga.ConstructionFailedException: Failed to add constructor for com.fasterxml.jackson.databind.cfg.BaseSettings due to org.evosuite.ga.ConstructionFailedException: Max recursion depth reached

[Progress:===================>          64%] [Cov:=================================> 97%]
[Progress:===================>          64%] [Cov:=================================> 97%]
[Progress:===================>          65%] [Cov:=================================> 97%]
[Progress:===================>          65%] [Cov:=================================> 97%]
[Progress:===================>          65%] [Cov:=================================> 97%]
[Progress:===================>          66%] [Cov:=================================> 97%]
[Progress:===================>          66%] [Cov:=================================> 97%]
[Progress:===================>          66%] [Cov:=================================> 97%]
[Progress:====================>         67%] [Cov:=================================> 97%]
[Progress:====================>         67%] [Cov:=================================> 97%]
[Progress:====================>         68%] [Cov:=================================> 97%]
[Progress:====================>         68%] [Cov:=================================> 97%]
[Progress:====================>         68%] [Cov:=================================> 97%]
[Progress:====================>         68%] [Cov:=================================> 97%][MASTER] 05:08:40.480 [logback-1] WARN  TestChromosome - Functional mock problem: org.evosuite.ga.ConstructionFailedException: Failed to add constructor for com.fasterxml.jackson.databind.ser.BeanSerializerBuilder due to org.evosuite.ga.ConstructionFailedException: Invalid generic instance

[Progress:====================>         69%] [Cov:=================================> 97%]
[Progress:====================>         69%] [Cov:================================>  94%]
[Progress:====================>         69%] [Cov:=================================> 97%]
[Progress:====================>         69%] [Cov:================================>  94%]
[Progress:=====================>        70%] [Cov:=================================> 97%]
[Progress:=====================>        70%] [Cov:================================>  94%]
[Progress:=====================>        70%] [Cov:=================================> 97%]
[Progress:=====================>        70%] [Cov:================================>  94%]
[Progress:=====================>        70%] [Cov:=================================> 97%]
[Progress:=====================>        71%] [Cov:=================================> 97%]
[Progress:=====================>        71%] [Cov:================================>  94%]
[Progress:=====================>        71%] [Cov:=================================> 97%]
[Progress:=====================>        71%] [Cov:================================>  94%]
[Progress:=====================>        71%] [Cov:=================================> 97%]
[Progress:=====================>        72%] [Cov:=================================> 97%]
[Progress:=====================>        72%] [Cov:================================>  94%]
[Progress:=====================>        72%] [Cov:=================================> 97%]
[Progress:=====================>        72%] [Cov:================================>  94%]
[Progress:=====================>        72%] [Cov:=================================> 97%]
[Progress:=====================>        73%] [Cov:=================================> 97%]
[Progress:=====================>        73%] [Cov:================================>  94%]
[Progress:=====================>        73%] [Cov:=================================> 97%][MASTER] 05:08:47.561 [logback-1] WARN  TestChromosome - Functional mock problem: org.evosuite.ga.ConstructionFailedException: Failed to add constructor for com.fasterxml.jackson.databind.ser.BeanSerializerBuilder due to org.evosuite.ga.ConstructionFailedException: Failed to add constructor for com.fasterxml.jackson.databind.DeserializationConfig due to org.evosuite.ga.ConstructionFailedException: Failed to add constructor for com.fasterxml.jackson.databind.introspect.SimpleMixInResolver due to org.evosuite.ga.ConstructionFailedException: Failed to add constructor for com.fasterxml.jackson.databind.SerializationConfig due to org.evosuite.ga.ConstructionFailedException: Max recursion depth reached

[Progress:======================>       74%] [Cov:=================================> 97%]
[Progress:======================>       74%] [Cov:=================================> 97%]
[Progress:======================>       74%] [Cov:=================================> 97%]
[Progress:======================>       74%] [Cov:=================================> 97%]
[Progress:======================>       75%] [Cov:=================================> 97%]
[Progress:======================>       75%] [Cov:=================================> 97%]
[Progress:======================>       76%] [Cov:=================================> 97%]
[Progress:======================>       76%] [Cov:=================================> 97%]
[Progress:======================>       76%] [Cov:=================================> 97%]
[Progress:=======================>      77%] [Cov:=================================> 97%]
[Progress:=======================>      77%] [Cov:=================================> 97%]
[Progress:=======================>      77%] [Cov:=================================> 97%]
[Progress:=======================>      78%] [Cov:=================================> 97%]
[Progress:=======================>      78%] [Cov:=================================> 97%]
[Progress:=======================>      78%] [Cov:=================================> 97%]
[Progress:=======================>      79%] [Cov:=================================> 97%]
[Progress:=======================>      79%] [Cov:=================================> 97%]
[Progress:========================>     80%] [Cov:=================================> 97%]
[Progress:========================>     80%] [Cov:=================================> 97%]
[Progress:========================>     80%] [Cov:=================================> 97%]
[Progress:========================>     81%] [Cov:=================================> 97%]
[Progress:========================>     81%] [Cov:=================================> 97%]
[Progress:========================>     81%] [Cov:=================================> 97%]
[Progress:========================>     82%] [Cov:================================>  93%]
[Progress:========================>     82%] [Cov:=================================> 97%]
[Progress:========================>     82%] [Cov:=================================> 97%]
[Progress:========================>     82%] [Cov:=================================> 97%]
[Progress:========================>     82%] [Cov:=================================> 97%]
[Progress:========================>     83%] [Cov:=================================> 97%]
[Progress:========================>     83%] [Cov:=================================> 97%]
[Progress:=========================>    84%] [Cov:=================================> 97%]
[Progress:=========================>    84%] [Cov:=================================> 97%][MASTER] 05:09:03.511 [logback-1] WARN  TestChromosome - Functional mock problem: org.evosuite.ga.ConstructionFailedException: Failed to add constructor for com.fasterxml.jackson.databind.DeserializationConfig due to org.evosuite.ga.ConstructionFailedException: Failed to add constructor for com.fasterxml.jackson.databind.cfg.BaseSettings due to org.evosuite.ga.ConstructionFailedException: Max recursion depth reached

[Progress:=========================>    84%] [Cov:=================================> 97%]
[Progress:=========================>    85%] [Cov:=================================> 97%]
[Progress:=========================>    85%] [Cov:=================================> 97%]
[Progress:=========================>    86%] [Cov:=================================> 97%]
[Progress:=========================>    86%] [Cov:=================================> 97%]
[Progress:=========================>    86%] [Cov:=================================> 97%]
[Progress:=========================>    86%] [Cov:=================================> 97%]
[Progress:==========================>   87%] [Cov:================================>  94%]
[Progress:==========================>   87%] [Cov:=================================> 97%]
[Progress:==========================>   87%] [Cov:=================================> 97%]
[Progress:==========================>   88%] [Cov:=================================> 97%]
[Progress:==========================>   88%] [Cov:=================================> 97%]
[Progress:==========================>   88%] [Cov:=================================> 97%]
[Progress:==========================>   89%] [Cov:=================================> 97%]
[Progress:==========================>   89%] [Cov:=================================> 97%]
[Progress:===========================>  90%] [Cov:=================================> 97%]
[Progress:===========================>  90%] [Cov:=================================> 97%]
[Progress:===========================>  90%] [Cov:=================================> 97%]
[Progress:===========================>  90%] [Cov:=================================> 97%]
[Progress:===========================>  91%] [Cov:=================================> 97%]
[Progress:===========================>  91%] [Cov:=================================> 97%]
[Progress:===========================>  91%] [Cov:=================================> 97%]
[Progress:===========================>  92%] [Cov:=================================> 97%]
[Progress:===========================>  92%] [Cov:=================================> 97%]
[Progress:===========================>  92%] [Cov:=================================> 97%]
[Progress:===========================>  93%] [Cov:=================================> 97%]
[Progress:===========================>  93%] [Cov:=================================> 97%]
[Progress:===========================>  93%] [Cov:=================================> 97%]
[Progress:============================> 94%] [Cov:=================================> 97%]
[Progress:============================> 94%] [Cov:=================================> 97%]
[Progress:============================> 94%] [Cov:=================================> 97%]
[Progress:============================> 95%] [Cov:=================================> 97%]
[Progress:============================> 95%] [Cov:=================================> 97%]
[Progress:============================> 95%] [Cov:=================================> 97%]
[Progress:============================> 96%] [Cov:=================================> 97%]
[Progress:============================> 96%] [Cov:=================================> 97%]
[Progress:============================> 96%] [Cov:=================================> 97%]
[Progress:============================> 96%] [Cov:=================================> 97%]
[Progress:=============================>97%] [Cov:================================>  93%]
[Progress:=============================>97%] [Cov:=================================> 97%]
[Progress:=============================>97%] [Cov:=================================> 97%]
[Progress:=============================>98%] [Cov:=================================> 97%]
[Progress:=============================>98%] [Cov:=================================> 97%]
[Progress:=============================>98%] [Cov:=================================> 97%]
[Progress:=============================>98%] [Cov:=================================> 97%]
[Progress:=============================>99%] [Cov:================================>  94%]
[Progress:=============================>99%] [Cov:=================================> 97%]
[Progress:=============================>99%] [Cov:=================================> 97%]
[Progress:==============================100%] [Cov:=================================> 97%]
[Progress:==============================100%] [Cov:=================================> 97%]
[Progress:==============================100%] [Cov:=================================> 97%]
* Search finished after 151s and 176 generations, 104781 statements, best individual has fitness: 80.0
* Minimizing test suite
* Going to analyze the coverage criteria
* Coverage analysis for criterion LINE
* Coverage of criterion LINE: 100%
* Total number of goals: 29
* Number of covered goals: 29
* Coverage analysis for criterion BRANCH
* Coverage of criterion BRANCH: 100%
* Total number of goals: 18
* Number of covered goals: 18
* Coverage analysis for criterion EXCEPTION
* Coverage of criterion EXCEPTION: 12%
* Total number of goals: 8
* Number of covered goals: 1
* Coverage analysis for criterion WEAKMUTATION
* Coverage of criterion WEAKMUTATION: 100%
* Total number of goals: 114
* Number of covered goals: 114
* Coverage analysis for criterion OUTPUT
* Coverage of criterion OUTPUT: 79%
* Total number of goals: 378
* Number of covered goals: 298
* Coverage analysis for criterion METHOD
* Coverage of criterion METHOD: 100%
* Total number of goals: 15
* Number of covered goals: 15
* Coverage analysis for criterion METHODNOEXCEPTION
* Coverage of criterion METHODNOEXCEPTION: 100%
* Total number of goals: 15
* Number of covered goals: 15
* Coverage analysis for criterion CBRANCH
* Coverage of criterion CBRANCH: 100%
* Total number of goals: 18
* Number of covered goals: 18
* Generated 58 tests with total length 368
* Resulting test suite's coverage: 98% (average coverage for all fitness functions)
* Generating assertions
* Resulting test suite's mutation score: 44%
* Compiling and checking tests
* Permissions denied during test execution: 
  - java.lang.RuntimePermission: 
         writeFileDescriptor: 1
* Writing tests to file
* Writing JUnit test case 'MapType_ESTest' to evosuite-tests
* Done!

* Computation finished

