CMD: /usr/lib/jvm/java-8-openjdk-amd64/bin/java -Dtools_jar_location=/usr/lib/jvm/java-8-openjdk-amd64/lib/tools.jar -jar /home/user/evosuite/evosuite-1.2.0.jar -generateSuite -class org.apache.commons.math3.optimization.direct.CMAESOptimizer -projectCP /home/user/evosuite/Test/Math-19b/target/classes -base_dir /home/user/evosuite/results/project-Math/Math-19/round02/evosuite-work -seed 11 -Dalgorithm=NSGAII -Dsearch_budget=150 -Dtest_format=JUNIT4 -Dassertions=true

* EvoSuite 1.2.0
* Going to generate test cases for class: org.apache.commons.math3.optimization.direct.CMAESOptimizer
* Starting Client-0
* Connecting to master process on port 8225
* Analyzing classpath: 
  - /home/user/evosuite/Test/Math-19b/target/classes
* Finished analyzing classpath
* Generating tests for class org.apache.commons.math3.optimization.direct.CMAESOptimizer
* Test criteria:
  - Line Coverage
  - Branch Coverage
  - Exception
  - Mutation testing (weak)
  - Method-Output Coverage
  - Top-Level Method Coverage
  - No-Exception Top-Level Method Coverage
  - Context Branch Coverage
* Setting up search algorithm for whole suite generation
* Total number of test goals: 
  - Line 498
  - Branch 286
  - Exception 0
  - MutationFactory 879
  - Output 26
  - Method 17
  - MethodNoException 17
  - CBranchFitnessFactory 286

[Progress:>                             0%] [Cov:>                                  0%]* Using seed 11
* Starting evolution

[Progress:>                             0%] [Cov:>                                  0%]
[Progress:>                             0%] [Cov:>                                  1%]
[Progress:>                             0%] [Cov:====>                              13%]
[Progress:>                             0%] [Cov:=====>                             16%]
[Progress:>                             0%] [Cov:=======>                           21%]
[Progress:>                             0%] [Cov:=========>                         27%]
[Progress:>                             1%] [Cov:====>                              12%]
[Progress:>                             1%] [Cov:====>                              13%]
[Progress:>                             1%] [Cov:=====>                             17%]
[Progress:>                             1%] [Cov:=======>                           20%]
[Progress:>                             1%] [Cov:=======>                           21%]
[Progress:>                             1%] [Cov:========>                          24%]
[Progress:>                             2%] [Cov:>                                  0%]
[Progress:>                             2%] [Cov:====>                              13%]
[Progress:>                             2%] [Cov:====>                              14%]
[Progress:>                             2%] [Cov:=====>                             16%]
[Progress:>                             2%] [Cov:=====>                             17%]
[Progress:>                             2%] [Cov:=======>                           20%]
[Progress:>                             2%] [Cov:========>                          24%]
[Progress:>                             2%] [Cov:========>                          25%]
[Progress:>                             2%] [Cov:=========>                         27%]
[Progress:>                             2%] [Cov:=========>                         28%]
[Progress:>                             3%] [Cov:>                                  0%]
[Progress:>                             3%] [Cov:>                                  1%]
[Progress:>                             3%] [Cov:====>                              13%]
[Progress:>                             3%] [Cov:=====>                             15%]
[Progress:>                             3%] [Cov:======>                            19%]
[Progress:>                             3%] [Cov:========>                          24%]
[Progress:>                             3%] [Cov:========>                          25%]
[Progress:>                             3%] [Cov:=========>                         28%]
[Progress:=>                            4%] [Cov:=====>                             16%]
[Progress:=>                            4%] [Cov:=======>                           22%]
[Progress:=>                            4%] [Cov:========>                          23%]
[Progress:=>                            4%] [Cov:========>                          24%]
[Progress:=>                            4%] [Cov:=========>                         27%]
[Progress:=>                            4%] [Cov:=========>                         28%]
[Progress:=>                            4%] [Cov:=========>                         28%]
[Progress:=>                            4%] [Cov:=========>                         28%]
[Progress:=>                            5%] [Cov:=========>                         26%]
[Progress:=>                            5%] [Cov:=========>                         27%]
[Progress:=>                            5%] [Cov:=========>                         28%]
[Progress:=>                            5%] [Cov:=========>                         28%]
[Progress:=>                            6%] [Cov:=========>                         28%]
[Progress:=>                            6%] [Cov:=========>                         28%]
[Progress:==>                           7%] [Cov:=========>                         27%]
[Progress:==>                           7%] [Cov:=========>                         28%]
[Progress:==>                           7%] [Cov:=========>                         28%]
[Progress:==>                           8%] [Cov:=========>                         28%]
[Progress:==>                           8%] [Cov:=========>                         28%]
[Progress:==>                           9%] [Cov:=========>                         28%]
[Progress:==>                           9%] [Cov:=========>                         27%]
[Progress:==>                           9%] [Cov:=========>                         28%]
[Progress:===>                          10%] [Cov:=========>                         28%]
[Progress:===>                          10%] [Cov:=========>                         28%]
[Progress:===>                          10%] [Cov:=========>                         28%]
[Progress:===>                          11%] [Cov:=========>                         28%]
[Progress:===>                          11%] [Cov:=========>                         28%]
[Progress:===>                          11%] [Cov:=========>                         28%]
[Progress:===>                          12%] [Cov:========>                          25%]
[Progress:===>                          12%] [Cov:=========>                         28%]
[Progress:===>                          12%] [Cov:=========>                         28%]
[Progress:===>                          12%] [Cov:=========>                         28%]
[Progress:===>                          13%] [Cov:=========>                         28%]
[Progress:===>                          13%] [Cov:=========>                         28%]
[Progress:====>                         14%] [Cov:=========>                         28%]
[Progress:====>                         14%] [Cov:=========>                         28%]
[Progress:====>                         14%] [Cov:=========>                         28%]
[Progress:====>                         15%] [Cov:=========>                         28%]
[Progress:====>                         15%] [Cov:=========>                         28%]
[Progress:====>                         16%] [Cov:=========>                         28%]
[Progress:====>                         16%] [Cov:=========>                         28%]
[Progress:====>                         16%] [Cov:=========>                         28%]
[Progress:=====>                        17%] [Cov:=========>                         28%]
[Progress:=====>                        17%] [Cov:=========>                         28%]
[Progress:=====>                        18%] [Cov:========>                          25%]
[Progress:=====>                        18%] [Cov:=========>                         28%]
[Progress:=====>                        18%] [Cov:=========>                         28%]
[Progress:=====>                        18%] [Cov:=========>                         28%]
[Progress:=====>                        18%] [Cov:=========>                         28%]
[Progress:=====>                        19%] [Cov:=========>                         28%]
[Progress:=====>                        19%] [Cov:=========>                         28%]
[Progress:======>                       20%] [Cov:=========>                         28%]
[Progress:======>                       20%] [Cov:=========>                         28%]
[Progress:======>                       20%] [Cov:=========>                         28%]
[Progress:======>                       20%] [Cov:===========>                       32%]
[Progress:======>                       20%] [Cov:===========>                       34%]
[Progress:======>                       20%] [Cov:==============>                    40%]
[Progress:======>                       20%] [Cov:==============>                    42%]
[Progress:======>                       21%] [Cov:=========>                         28%]
[Progress:======>                       21%] [Cov:==============>                    42%]
[Progress:======>                       22%] [Cov:=========>                         28%]
[Progress:======>                       22%] [Cov:==============>                    42%]
[Progress:======>                       22%] [Cov:==============>                    42%]
[Progress:======>                       23%] [Cov:=====>                             17%]
[Progress:======>                       23%] [Cov:=========>                         28%]
[Progress:======>                       23%] [Cov:==============>                    41%]
[Progress:======>                       23%] [Cov:==============>                    42%]
[Progress:=======>                      24%] [Cov:==============>                    41%]
[Progress:=======>                      24%] [Cov:==============>                    42%]
[Progress:=======>                      24%] [Cov:==============>                    41%]
[Progress:=======>                      24%] [Cov:==============>                    42%]
[Progress:=======>                      24%] [Cov:==============>                    41%]
[Progress:=======>                      24%] [Cov:==============>                    42%]
[Progress:=======>                      25%] [Cov:==============>                    41%]
[Progress:=======>                      25%] [Cov:==============>                    42%]
[Progress:=======>                      25%] [Cov:==============>                    41%]
[Progress:=======>                      25%] [Cov:==============>                    42%]
[Progress:=======>                      26%] [Cov:==============>                    42%]
[Progress:=======>                      26%] [Cov:==============>                    42%]
[Progress:=======>                      26%] [Cov:==============>                    42%]
[Progress:========>                     27%] [Cov:==============>                    42%]
[Progress:========>                     28%] [Cov:==============>                    42%]
[Progress:========>                     28%] [Cov:==============>                    42%]
[Progress:========>                     28%] [Cov:==============>                    42%]
[Progress:========>                     29%] [Cov:==============>                    42%]
[Progress:========>                     29%] [Cov:===============>                   43%]
[Progress:========>                     29%] [Cov:===============>                   43%]
[Progress:=========>                    30%] [Cov:===============>                   43%]
[Progress:=========>                    30%] [Cov:===============>                   43%]
[Progress:=========>                    31%] [Cov:==============>                    42%]
[Progress:=========>                    31%] [Cov:===============>                   43%]
[Progress:=========>                    31%] [Cov:===============>                   43%]
[Progress:=========>                    32%] [Cov:===============>                   43%]
[Progress:=========>                    32%] [Cov:===============>                   43%]
[Progress:=========>                    33%] [Cov:=============>                     39%]
[Progress:=========>                    33%] [Cov:===============>                   43%]
[Progress:==========>                   34%] [Cov:===============>                   43%]
[Progress:==========>                   34%] [Cov:===============>                   43%]
[Progress:==========>                   34%] [Cov:===============>                   43%]
[Progress:==========>                   35%] [Cov:===============>                   43%]
[Progress:==========>                   36%] [Cov:===============>                   43%]
[Progress:==========>                   36%] [Cov:===============>                   43%]
[Progress:===========>                  37%] [Cov:===============>                   43%]
[Progress:===========>                  37%] [Cov:===============>                   43%]
[Progress:===========>                  38%] [Cov:============>                      37%]
[Progress:===========>                  38%] [Cov:=============>                     39%]
[Progress:===========>                  38%] [Cov:==============>                    40%]
[Progress:===========>                  38%] [Cov:===============>                   43%]
[Progress:===========>                  38%] [Cov:===============>                   43%]
[Progress:===========>                  39%] [Cov:===============>                   43%]
[Progress:===========>                  39%] [Cov:===============>                   43%]
[Progress:===========>                  39%] [Cov:================>                  46%]
[Progress:===========>                  39%] [Cov:================>                  48%]
[Progress:===========>                  39%] [Cov:==================>                54%]
[Progress:===========>                  39%] [Cov:===================>               55%]
[Progress:============>                 40%] [Cov:===============>                   43%]
[Progress:============>                 40%] [Cov:===============>                   44%]
[Progress:============>                 40%] [Cov:===============>                   45%]
[Progress:============>                 40%] [Cov:===================>               55%]
[Progress:============>                 41%] [Cov:===============>                   43%]
[Progress:============>                 41%] [Cov:================>                  46%]
[Progress:============>                 41%] [Cov:==================>                52%]
[Progress:============>                 41%] [Cov:==================>                54%]
[Progress:============>                 41%] [Cov:===================>               55%]
[Progress:============>                 41%] [Cov:===================>               55%]
[Progress:============>                 42%] [Cov:===============>                   43%]
[Progress:============>                 42%] [Cov:================>                  46%]
[Progress:============>                 42%] [Cov:================>                  47%]
[Progress:============>                 42%] [Cov:==================>                53%]
[Progress:============>                 42%] [Cov:===================>               55%]
[Progress:============>                 42%] [Cov:===================>               55%]
[Progress:============>                 43%] [Cov:===============>                   43%]
[Progress:============>                 43%] [Cov:===============>                   45%]
[Progress:============>                 43%] [Cov:=================>                 51%]
[Progress:============>                 43%] [Cov:==================>                54%]
[Progress:============>                 43%] [Cov:===================>               55%]
[Progress:============>                 43%] [Cov:===================>               55%]
[Progress:=============>                44%] [Cov:===============>                   43%]
[Progress:=============>                44%] [Cov:===================>               55%]
[Progress:=============>                45%] [Cov:===================>               55%]
[Progress:=============>                45%] [Cov:===================>               55%]
[Progress:=============>                46%] [Cov:===================>               55%]
[Progress:=============>                46%] [Cov:===================>               55%]
[Progress:==============>               47%] [Cov:===================>               55%]
[Progress:==============>               48%] [Cov:===================>               55%]
[Progress:==============>               48%] [Cov:===================>               55%]
[Progress:==============>               49%] [Cov:===========>                       34%]
[Progress:==============>               49%] [Cov:=================>                 51%]
[Progress:==============>               49%] [Cov:===================>               55%]
[Progress:==============>               49%] [Cov:===================>               55%]
[Progress:===============>              50%] [Cov:===================>               55%]
[Progress:===============>              51%] [Cov:===================>               55%]
[Progress:===============>              51%] [Cov:===================>               55%]
[Progress:===============>              52%] [Cov:==================>                54%]
[Progress:===============>              52%] [Cov:===================>               55%]
[Progress:===============>              52%] [Cov:===================>               56%]
[Progress:===============>              53%] [Cov:===================>               55%]
[Progress:===============>              53%] [Cov:===================>               55%]
[Progress:================>             54%] [Cov:===================>               55%]
[Progress:================>             55%] [Cov:===================>               55%]
[Progress:================>             55%] [Cov:===================>               55%]
[Progress:================>             56%] [Cov:===================>               55%]
[Progress:=================>            57%] [Cov:===================>               55%]
[Progress:=================>            57%] [Cov:===================>               55%]
[Progress:=================>            58%] [Cov:===================>               55%]
[Progress:=================>            59%] [Cov:===================>               55%]
[Progress:=================>            59%] [Cov:===================>               56%]
[Progress:==================>           60%] [Cov:===================>               55%]
[Progress:==================>           60%] [Cov:===================>               56%]
[Progress:==================>           61%] [Cov:===================>               56%]
[Progress:==================>           62%] [Cov:===================>               55%]
[Progress:==================>           62%] [Cov:===================>               56%]
[Progress:==================>           62%] [Cov:===================>               56%]
[Progress:==================>           63%] [Cov:===================>               56%]
[Progress:===================>          64%] [Cov:===================>               55%]
[Progress:===================>          64%] [Cov:===================>               56%]
[Progress:===================>          64%] [Cov:===================>               56%]
[Progress:===================>          65%] [Cov:===================>               56%]
[Progress:===================>          66%] [Cov:==================>                54%]
[Progress:===================>          66%] [Cov:===================>               56%]
[Progress:===================>          66%] [Cov:===================>               56%]
[Progress:====================>         67%] [Cov:===================>               56%]
[Progress:====================>         68%] [Cov:===================>               56%]
[Progress:====================>         69%] [Cov:===================>               55%]
[Progress:====================>         69%] [Cov:===================>               56%]
[Progress:====================>         69%] [Cov:===================>               56%]
[Progress:=====================>        70%] [Cov:===================>               56%]
[Progress:=====================>        71%] [Cov:===================>               56%]
[Progress:=====================>        71%] [Cov:===================>               57%]
[Progress:=====================>        71%] [Cov:===================>               57%]
[Progress:=====================>        71%] [Cov:====================>              58%]
[Progress:=====================>        72%] [Cov:===================>               56%]
[Progress:=====================>        72%] [Cov:===================>               57%]
[Progress:=====================>        73%] [Cov:===================>               56%]
[Progress:=====================>        73%] [Cov:===================>               57%]
[Progress:======================>       74%] [Cov:==========>                        30%]
[Progress:======================>       74%] [Cov:=================>                 51%]
[Progress:======================>       74%] [Cov:==================>                53%]
[Progress:======================>       74%] [Cov:==================>                54%]
[Progress:======================>       74%] [Cov:===================>               56%]
[Progress:======================>       74%] [Cov:===================>               57%]
[Progress:======================>       74%] [Cov:====================>              58%]
[Progress:======================>       75%] [Cov:===================>               56%]
[Progress:======================>       75%] [Cov:===================>               57%]
[Progress:======================>       76%] [Cov:===================>               56%]
[Progress:======================>       76%] [Cov:===================>               57%]
[Progress:======================>       76%] [Cov:====================>              58%]
[Progress:======================>       76%] [Cov:====================>              58%]
[Progress:=======================>      77%] [Cov:===================>               57%]
[Progress:=======================>      77%] [Cov:====================>              58%]
[Progress:=======================>      78%] [Cov:==================>                53%]
[Progress:=======================>      78%] [Cov:====================>              58%]
[Progress:=======================>      78%] [Cov:====================>              58%]
[Progress:=======================>      79%] [Cov:============>                      35%]
[Progress:=======================>      79%] [Cov:===================>               57%]
[Progress:=======================>      79%] [Cov:====================>              58%]
[Progress:========================>     80%] [Cov:====================>              58%]
[Progress:========================>     80%] [Cov:====================>              58%]
[Progress:========================>     81%] [Cov:==================>                54%]
[Progress:========================>     81%] [Cov:====================>              58%]
[Progress:========================>     82%] [Cov:===================>               55%]
[Progress:========================>     82%] [Cov:====================>              58%]
[Progress:========================>     82%] [Cov:====================>              58%]
[Progress:========================>     83%] [Cov:============>                      35%]
[Progress:========================>     83%] [Cov:================>                  46%]
[Progress:========================>     83%] [Cov:==================>                54%]
[Progress:========================>     83%] [Cov:====================>              58%]
[Progress:=========================>    84%] [Cov:====================>              58%]
[Progress:=========================>    84%] [Cov:====================>              58%]
[Progress:=========================>    85%] [Cov:====================>              58%]
[Progress:=========================>    86%] [Cov:====================>              58%]
[Progress:=========================>    86%] [Cov:====================>              58%]
[Progress:==========================>   87%] [Cov:====================>              58%]
[Progress:==========================>   88%] [Cov:====================>              58%]
[Progress:==========================>   89%] [Cov:====================>              58%]
[Progress:==========================>   89%] [Cov:====================>              58%]
[Progress:===========================>  90%] [Cov:====================>              58%]
[Progress:===========================>  91%] [Cov:====================>              58%]
[Progress:===========================>  92%] [Cov:====================>              58%]
[Progress:===========================>  92%] [Cov:====================>              58%]
[Progress:===========================>  93%] [Cov:====================>              58%]
[Progress:============================> 94%] [Cov:====================>              58%]
[Progress:============================> 94%] [Cov:====================>              58%]
[Progress:============================> 95%] [Cov:====================>              58%]
[Progress:============================> 96%] [Cov:====================>              58%]
[Progress:============================> 96%] [Cov:====================>              58%]
[Progress:=============================>97%] [Cov:====================>              58%]
[Progress:=============================>98%] [Cov:====================>              58%]
[Progress:=============================>99%] [Cov:====================>              58%]
[Progress:=============================>99%] [Cov:====================>              58%]
[Progress:==============================100%] [Cov:====================>              58%]
[Progress:==============================100%] [Cov:====================>              58%]
[Progress:==============================100%] [Cov:====================>              58%]
* Search finished after 153s and 81 generations, 43194 statements, best individual has fitness: 1132.8267062808138
* Minimizing test suite
* Going to analyze the coverage criteria
* Coverage analysis for criterion LINE
* Coverage of criterion LINE: 69%
* Total number of goals: 498
* Number of covered goals: 344
* Coverage analysis for criterion BRANCH
* Coverage of criterion BRANCH: 54%
* Total number of goals: 286
* Number of covered goals: 155
* Coverage analysis for criterion EXCEPTION
* Coverage of criterion EXCEPTION: 100%
* Total number of goals: 1
* Number of covered goals: 1
* Coverage analysis for criterion WEAKMUTATION
* Coverage of criterion WEAKMUTATION: 74%
* Total number of goals: 879
* Number of covered goals: 649
* Coverage analysis for criterion OUTPUT
* Coverage of criterion OUTPUT: 31%
* Total number of goals: 26
* Number of covered goals: 8
* Coverage analysis for criterion METHOD
* Coverage of criterion METHOD: 59%
* Total number of goals: 17
* Number of covered goals: 10
* Coverage analysis for criterion METHODNOEXCEPTION
* Coverage of criterion METHODNOEXCEPTION: 53%
* Total number of goals: 17
* Number of covered goals: 9
* Coverage analysis for criterion CBRANCH
* Coverage of criterion CBRANCH: 50%
* Total number of goals: 286
* Number of covered goals: 142
* Generated 13 tests with total length 131
* Resulting test suite's coverage: 59% (average coverage for all fitness functions)
* Generating assertions
* Resulting test suite's mutation score: 0%
* Compiling and checking tests
[MASTER] 18:16:49.378 [logback-1] WARN  JUnitAnalyzer - Found unstable test named test0 -> class org.apache.commons.math3.exception.DimensionMismatchException: 6 != 1
[MASTER] 18:16:49.379 [logback-1] WARN  JUnitAnalyzer - Failing test:
 double[] doubleArray0 = new double[6];
CMAESOptimizer cMAESOptimizer0 = new CMAESOptimizer(1571, doubleArray0);
double[][] doubleArray1 = new double[6][5];
doubleArray1[0] = doubleArray0;
doubleArray1[1] = doubleArray0;
doubleArray1[2] = doubleArray0;
doubleArray1[3] = doubleArray0;
doubleArray1[4] = doubleArray0;
doubleArray1[5] = doubleArray0;
UnitSphereRandomVectorGenerator unitSphereRandomVectorGenerator0 = new UnitSphereRandomVectorGenerator(1, cMAESOptimizer0.DEFAULT_RANDOMGENERATOR);
MicrosphereInterpolatingFunction microsphereInterpolatingFunction0 = new MicrosphereInterpolatingFunction(doubleArray1, doubleArray0, (-337), 10, unitSphereRandomVectorGenerator0);
GoalType goalType0 = GoalType.MINIMIZE;
cMAESOptimizer0.optimize(1571, (MultivariateFunction) microsphereInterpolatingFunction0, goalType0, doubleArray0, doubleArray0, doubleArray0);

[MASTER] 18:16:51.829 [logback-1] WARN  JUnitAnalyzer - Found unstable test named test0 -> class org.apache.commons.math3.exception.MaxCountExceededException: illegal state: convergence failed
[MASTER] 18:16:51.830 [logback-1] WARN  JUnitAnalyzer - Failing test:
 CMAESOptimizer cMAESOptimizer0 = new CMAESOptimizer(7);
double[] doubleArray0 = new double[8];
double[][] doubleArray1 = new double[8][4];
doubleArray1[0] = doubleArray0;
doubleArray1[1] = doubleArray0;
doubleArray1[2] = doubleArray0;
doubleArray1[3] = doubleArray0;
doubleArray1[4] = doubleArray0;
doubleArray1[5] = doubleArray0;
doubleArray1[6] = doubleArray0;
doubleArray1[7] = doubleArray0;
UnitSphereRandomVectorGenerator unitSphereRandomVectorGenerator0 = new UnitSphereRandomVectorGenerator(0);
MicrosphereInterpolatingFunction microsphereInterpolatingFunction0 = new MicrosphereInterpolatingFunction(doubleArray1, doubleArray0, 0, 0, unitSphereRandomVectorGenerator0);
GoalType goalType0 = GoalType.MAXIMIZE;
cMAESOptimizer0.optimize(24, (MultivariateFunction) microsphereInterpolatingFunction0, goalType0, doubleArray0, doubleArray0, doubleArray0);

* Writing tests to file
* Writing JUnit test case 'CMAESOptimizer_ESTest' to evosuite-tests
* Done!

* Computation finished

