CMD: /usr/lib/jvm/java-8-openjdk-amd64/bin/java -Dtools_jar_location=/usr/lib/jvm/java-8-openjdk-amd64/lib/tools.jar -jar /home/pizza/evosuite/evosuite-1.2.0.jar -generateSuite -class org.apache.commons.jxpath.ri.compiler.CoreOperationRelationalExpression -projectCP /home/pizza/evosuite/Test/JxPath-10b/target/classes:/home/pizza/evosuite/Test/JxPath-10b/src/java:/home/pizza/evosuite/Test/JxPath-10b/target/lib/commons-beanutils-1.4.jar:/home/pizza/evosuite/Test/JxPath-10b/target/lib/commons-collections-2.0.jar:/home/pizza/evosuite/Test/JxPath-10b/target/lib/commons-logging-1.0.4.jar:/home/pizza/evosuite/Test/JxPath-10b/target/lib/jdom-1.0.jar:/home/pizza/evosuite/Test/JxPath-10b/target/lib/junit-3.8.1.jar:/home/pizza/evosuite/Test/JxPath-10b/target/lib/junit-3.8.jar:/home/pizza/evosuite/Test/JxPath-10b/target/lib/mockrunner-0.4.1.jar:/home/pizza/evosuite/Test/JxPath-10b/target/lib/servletapi-2.2.jar:/home/pizza/evosuite/Test/JxPath-10b/target/lib/xerces-2.4.0.jar:/home/pizza/evosuite/Test/JxPath-10b/target/lib/xml-apis-2.0.2.jar -base_dir /home/pizza/evosuite/results/project-JxPath/JxPath-10/round02/evosuite-work -seed 11 -Dalgorithm=NSGAII -Dsearch_budget=150 -Dtest_format=JUNIT4 -Dassertions=true

* EvoSuite 1.2.0
* Going to generate test cases for class: org.apache.commons.jxpath.ri.compiler.CoreOperationRelationalExpression
* Starting Client-0
* Connecting to master process on port 8222
* Analyzing classpath: 
  - /home/pizza/evosuite/Test/JxPath-10b/target/classes
  - /home/pizza/evosuite/Test/JxPath-10b/src/java
  - /home/pizza/evosuite/Test/JxPath-10b/target/lib/commons-beanutils-1.4.jar
  - /home/pizza/evosuite/Test/JxPath-10b/target/lib/commons-collections-2.0.jar
  - /home/pizza/evosuite/Test/JxPath-10b/target/lib/commons-logging-1.0.4.jar
  - /home/pizza/evosuite/Test/JxPath-10b/target/lib/jdom-1.0.jar
  - /home/pizza/evosuite/Test/JxPath-10b/target/lib/junit-3.8.1.jar
  - /home/pizza/evosuite/Test/JxPath-10b/target/lib/junit-3.8.jar
  - /home/pizza/evosuite/Test/JxPath-10b/target/lib/mockrunner-0.4.1.jar
  - /home/pizza/evosuite/Test/JxPath-10b/target/lib/servletapi-2.2.jar
  - /home/pizza/evosuite/Test/JxPath-10b/target/lib/xerces-2.4.0.jar
  - /home/pizza/evosuite/Test/JxPath-10b/target/lib/xml-apis-2.0.2.jar
* Finished analyzing classpath
* Generating tests for class org.apache.commons.jxpath.ri.compiler.CoreOperationRelationalExpression
* Test criteria:
  - Line Coverage
  - Branch Coverage
  - Exception
  - Mutation testing (weak)
  - Method-Output Coverage
  - Top-Level Method Coverage
  - No-Exception Top-Level Method Coverage
  - Context Branch Coverage
* Setting up search algorithm for whole suite generation
* Total number of test goals: 
  - Line 43
  - Branch 39
  - Exception 0
  - MutationFactory 72
  - Output 7
  - Method 3
  - MethodNoException 3
  - CBranchFitnessFactory 39

[Progress:>                             0%] [Cov:>                                  0%]* Using seed 11
* Starting evolution
[MASTER] 14:27:22.356 [logback-1] WARN  TestCluster - Failed to check cache for java.util.LinkedList<E> : Type points to itself

[Progress:>                             0%] [Cov:>                                  0%]
[Progress:>                             0%] [Cov:>                                  1%]
[Progress:>                             0%] [Cov:====>                              13%]
[Progress:>                             0%] [Cov:====>                              14%]
[Progress:>                             0%] [Cov:=====>                             15%]
[Progress:>                             0%] [Cov:======>                            19%]
[Progress:>                             0%] [Cov:=======>                           22%]
[Progress:>                             0%] [Cov:========>                          23%]
[Progress:>                             0%] [Cov:========>                          24%]
[Progress:>                             0%] [Cov:==========>                        31%]
[Progress:>                             0%] [Cov:===========>                       34%]
[Progress:>                             0%] [Cov:===============>                   45%]
[Progress:>                             0%] [Cov:==================>                52%]
[Progress:>                             0%] [Cov:===================>               56%]
[Progress:>                             1%] [Cov:>                                  0%]
[Progress:>                             1%] [Cov:>                                  1%]
[Progress:>                             1%] [Cov:====>                              14%]
[Progress:>                             1%] [Cov:=====>                             15%]
[Progress:>                             1%] [Cov:======>                            19%]
[Progress:>                             1%] [Cov:=======>                           22%]
[Progress:>                             1%] [Cov:========>                          23%]
[Progress:>                             1%] [Cov:========>                          25%]
[Progress:>                             1%] [Cov:===========>                       32%]
[Progress:>                             1%] [Cov:===========>                       33%]
[Progress:>                             1%] [Cov:===============>                   44%]
[Progress:>                             1%] [Cov:=================>                 51%]
[Progress:>                             1%] [Cov:==================>                53%]
[Progress:>                             1%] [Cov:===================>               56%]
[Progress:>                             1%] [Cov:===================>               56%]
[Progress:>                             1%] [Cov:===================>               56%]
[Progress:>                             2%] [Cov:=================>                 50%]
[Progress:>                             2%] [Cov:==================>                52%]
[Progress:>                             2%] [Cov:==================>                53%]
[Progress:>                             2%] [Cov:===================>               56%]
[Progress:>                             2%] [Cov:===================>               56%]
[Progress:>                             2%] [Cov:===================>               56%]
[Progress:>                             2%] [Cov:===================>               57%]
[Progress:>                             2%] [Cov:====================>              58%]
[Progress:>                             2%] [Cov:====================>              58%]
[Progress:>                             2%] [Cov:====================>              59%]
[Progress:>                             2%] [Cov:==================>                54%]
[Progress:>                             2%] [Cov:===================>               56%]
[Progress:>                             2%] [Cov:===================>               57%]
[Progress:>                             2%] [Cov:====================>              59%]
[Progress:>                             2%] [Cov:====================>              58%]
[Progress:>                             2%] [Cov:====================>              59%]
[Progress:>                             2%] [Cov:=====================>             61%]
[Progress:>                             3%] [Cov:===================>               57%]
[Progress:>                             3%] [Cov:====================>              58%]
[Progress:>                             3%] [Cov:====================>              59%]
[Progress:>                             3%] [Cov:=====================>             61%]
[Progress:>                             3%] [Cov:====================>              58%]
[Progress:>                             3%] [Cov:=====================>             60%]
[Progress:>                             3%] [Cov:=====================>             61%]
[Progress:>                             3%] [Cov:====================>              58%]
[Progress:>                             3%] [Cov:====================>              59%]
[Progress:>                             3%] [Cov:=====================>             61%]
[Progress:>                             3%] [Cov:====================>              58%]
[Progress:>                             3%] [Cov:====================>              59%]
[Progress:>                             3%] [Cov:=====================>             61%]
[Progress:>                             3%] [Cov:=====================>             62%]
[Progress:=>                            4%] [Cov:====================>              58%]
[Progress:=>                            4%] [Cov:=====================>             61%]
[Progress:=>                            4%] [Cov:=====================>             62%]
[Progress:=>                            4%] [Cov:=====================>             62%]
[Progress:=>                            4%] [Cov:=====================>             62%]
[Progress:=>                            4%] [Cov:=====================>             62%]
[Progress:=>                            4%] [Cov:=====================>             62%]
[Progress:=>                            4%] [Cov:=====================>             62%]
[Progress:=>                            4%] [Cov:=====================>             62%]
[Progress:=>                            4%] [Cov:=====================>             62%]
[Progress:=>                            5%] [Cov:=====================>             62%]
[Progress:=>                            5%] [Cov:=====================>             62%]
[Progress:=>                            5%] [Cov:=====================>             62%]
[Progress:=>                            5%] [Cov:=====================>             62%]
[Progress:=>                            6%] [Cov:=====================>             62%]
[Progress:=>                            6%] [Cov:=====================>             62%]
[Progress:=>                            6%] [Cov:=====================>             62%]
[Progress:=>                            6%] [Cov:=====================>             62%]
[Progress:=>                            6%] [Cov:=====================>             62%]
[Progress:==>                           7%] [Cov:=====================>             62%]
[Progress:==>                           7%] [Cov:=====================>             62%]
[Progress:==>                           7%] [Cov:=====================>             62%]
[Progress:==>                           7%] [Cov:=====================>             62%]
[Progress:==>                           7%] [Cov:=====================>             62%]
[Progress:==>                           7%] [Cov:=====================>             62%]
[Progress:==>                           8%] [Cov:=====================>             62%]
[Progress:===>                          10%] [Cov:=====================>             62%]
[Progress:===>                          10%] [Cov:=====================>             62%]
[Progress:===>                          10%] [Cov:=====================>             62%]
[Progress:===>                          10%] [Cov:=====================>             62%]
[Progress:===>                          10%] [Cov:=====================>             62%]
[Progress:===>                          10%] [Cov:=====================>             62%]
[Progress:===>                          12%] [Cov:=====================>             62%]
[Progress:===>                          12%] [Cov:=====================>             62%]
[Progress:===>                          13%] [Cov:=====================>             62%]
[Progress:===>                          13%] [Cov:=====================>             62%]
[Progress:===>                          13%] [Cov:=====================>             62%]
[Progress:===>                          13%] [Cov:=====================>             62%]
[Progress:====>                         14%] [Cov:=====================>             62%]
[Progress:====>                         16%] [Cov:=====================>             62%]
[Progress:====>                         16%] [Cov:=====================>             62%]
[Progress:====>                         16%] [Cov:=====================>             62%]
[Progress:====>                         16%] [Cov:=====================>             62%]
[Progress:====>                         16%] [Cov:=====================>             62%]
[Progress:====>                         16%] [Cov:=====================>             62%]
[Progress:====>                         16%] [Cov:=====================>             62%]
[Progress:====>                         16%] [Cov:=====================>             62%]
[Progress:====>                         16%] [Cov:=====================>             62%]
[Progress:====>                         16%] [Cov:=====================>             62%]
[Progress:====>                         16%] [Cov:=====================>             62%]
[Progress:=====>                        17%] [Cov:=====================>             62%]
[Progress:=====>                        17%] [Cov:=====================>             62%]
[Progress:=====>                        17%] [Cov:=====================>             62%]
[Progress:=====>                        17%] [Cov:=====================>             62%]
[Progress:=====>                        17%] [Cov:=====================>             62%]
[Progress:=====>                        17%] [Cov:=====================>             62%]
[Progress:=====>                        18%] [Cov:=====================>             62%]
[Progress:=====>                        18%] [Cov:=====================>             62%]
[Progress:=====>                        18%] [Cov:=====================>             62%]
[Progress:=====>                        18%] [Cov:=====================>             62%]
[Progress:=====>                        18%] [Cov:=====================>             62%]
[Progress:=====>                        18%] [Cov:=====================>             62%]
[Progress:=====>                        18%] [Cov:=====================>             62%]
[Progress:=====>                        18%] [Cov:=====================>             62%]
[Progress:======>                       20%] [Cov:=====================>             62%]
[Progress:======>                       20%] [Cov:=====================>             62%]
[Progress:======>                       20%] [Cov:=====================>             62%]
[Progress:======>                       20%] [Cov:======================>            63%]
[Progress:======>                       20%] [Cov:======================>            64%]
[Progress:======>                       20%] [Cov:======================>            65%]
[Progress:======>                       20%] [Cov:======================>            65%]
[Progress:======>                       21%] [Cov:=====================>             62%]
[Progress:======>                       21%] [Cov:======================>            65%]
[Progress:======>                       21%] [Cov:======================>            65%]
[Progress:======>                       21%] [Cov:======================>            65%]
[Progress:======>                       21%] [Cov:======================>            65%]
[Progress:======>                       21%] [Cov:======================>            65%][MASTER] 14:27:54.895 [logback-1] WARN  TestChromosome - Functional mock problem: org.evosuite.ga.ConstructionFailedException: Failed to add constructor for org.apache.commons.jxpath.ri.JXPathContextReferenceImpl due to org.evosuite.ga.ConstructionFailedException: Failed to add constructor for org.apache.commons.jxpath.ri.axes.InitialContext due to org.evosuite.ga.ConstructionFailedException: Failed to add constructor for org.apache.commons.jxpath.ri.axes.DescendantContext due to org.evosuite.ga.ConstructionFailedException: Failed to add constructor for org.apache.commons.jxpath.ri.axes.NodeSetContext due to org.evosuite.ga.ConstructionFailedException: Max recursion depth reached

[Progress:======>                       21%] [Cov:======================>            65%]
[Progress:======>                       21%] [Cov:======================>            65%]
[Progress:======>                       22%] [Cov:======================>            65%]
[Progress:=======>                      24%] [Cov:======================>            64%]
[Progress:=======>                      24%] [Cov:======================>            65%]
[Progress:=======>                      24%] [Cov:======================>            65%]
[Progress:=======>                      24%] [Cov:======================>            65%]
[Progress:=======>                      24%] [Cov:======================>            65%]
[Progress:=======>                      24%] [Cov:======================>            65%]
[Progress:=======>                      24%] [Cov:======================>            65%]
[Progress:=======>                      24%] [Cov:======================>            65%]
[Progress:=======>                      24%] [Cov:======================>            65%]
[Progress:=======>                      24%] [Cov:======================>            65%]
[Progress:=======>                      24%] [Cov:======================>            65%]
[Progress:========>                     27%] [Cov:===>                               11%]
[Progress:========>                     27%] [Cov:======================>            65%]
[Progress:========>                     27%] [Cov:======================>            65%]
[Progress:========>                     27%] [Cov:======================>            65%]
[Progress:========>                     27%] [Cov:======================>            65%][MASTER] 14:28:04.093 [logback-1] WARN  TestChromosome - Functional mock problem: org.evosuite.ga.ConstructionFailedException: Failed to add constructor for org.apache.commons.jxpath.ri.JXPathContextReferenceImpl due to org.evosuite.ga.ConstructionFailedException: Failed to add constructor for org.apache.commons.jxpath.ri.axes.InitialContext due to org.evosuite.ga.ConstructionFailedException: Failed to add constructor for org.apache.commons.jxpath.ri.axes.ParentContext due to org.evosuite.ga.ConstructionFailedException: Failed to add constructor for org.apache.commons.jxpath.ri.axes.UnionContext due to org.evosuite.ga.ConstructionFailedException: Max recursion depth reached

[Progress:========>                     27%] [Cov:======================>            65%]
[Progress:========>                     28%] [Cov:======================>            65%]
[Progress:========>                     28%] [Cov:======================>            65%]
[Progress:========>                     28%] [Cov:======================>            65%]
[Progress:========>                     28%] [Cov:======================>            65%]
[Progress:========>                     28%] [Cov:======================>            65%]
[Progress:========>                     28%] [Cov:======================>            65%]
[Progress:========>                     28%] [Cov:======================>            65%]
[Progress:========>                     28%] [Cov:======================>            65%]
[Progress:========>                     28%] [Cov:======================>            65%]
[Progress:========>                     28%] [Cov:======================>            65%]
[Progress:========>                     29%] [Cov:======================>            65%]
[Progress:========>                     29%] [Cov:======================>            65%]
[Progress:========>                     29%] [Cov:======================>            65%]
[Progress:========>                     29%] [Cov:======================>            65%]
[Progress:========>                     29%] [Cov:======================>            65%]
[Progress:========>                     29%] [Cov:======================>            65%]
[Progress:=========>                    30%] [Cov:======================>            65%]
[Progress:=========>                    30%] [Cov:======================>            65%]
[Progress:=========>                    30%] [Cov:======================>            65%]
[Progress:=========>                    30%] [Cov:======================>            65%]
[Progress:=========>                    30%] [Cov:======================>            65%]
[Progress:=========>                    30%] [Cov:======================>            65%]
[Progress:=========>                    30%] [Cov:======================>            65%]
[Progress:=========>                    30%] [Cov:======================>            65%]
[Progress:=========>                    30%] [Cov:======================>            65%]
[Progress:=========>                    30%] [Cov:======================>            65%]
[Progress:=========>                    30%] [Cov:======================>            65%]
[Progress:=========>                    31%] [Cov:======================>            65%]
[Progress:=========>                    31%] [Cov:======================>            65%]
[Progress:=========>                    31%] [Cov:======================>            65%]
[Progress:=========>                    31%] [Cov:======================>            65%]
[Progress:=========>                    31%] [Cov:======================>            65%]
[Progress:=========>                    32%] [Cov:======================>            65%]
[Progress:=========>                    32%] [Cov:======================>            65%]
[Progress:==========>                   34%] [Cov:======================>            65%]
[Progress:==========>                   34%] [Cov:=======================>           66%]
[Progress:==========>                   34%] [Cov:=======================>           66%]
[Progress:==========>                   36%] [Cov:======================>            65%]
[Progress:==========>                   36%] [Cov:=======================>           66%]
[Progress:==========>                   36%] [Cov:=======================>           66%]
[Progress:==========>                   36%] [Cov:=======================>           66%]
[Progress:==========>                   36%] [Cov:=======================>           66%]
[Progress:==========>                   36%] [Cov:=======================>           66%]
[Progress:==========>                   36%] [Cov:=======================>           66%]
[Progress:==========>                   36%] [Cov:=======================>           66%]
[Progress:==========>                   36%] [Cov:=======================>           66%]
[Progress:==========>                   36%] [Cov:=======================>           66%]
[Progress:===========>                  38%] [Cov:=======================>           66%]
[Progress:===========>                  39%] [Cov:=======================>           66%]
[Progress:===========>                  39%] [Cov:=======================>           66%]
[Progress:===========>                  39%] [Cov:=======================>           66%]
[Progress:===========>                  39%] [Cov:=======================>           66%]
[Progress:===========>                  39%] [Cov:=======================>           66%]
[Progress:===========>                  39%] [Cov:=======================>           66%]
[Progress:===========>                  39%] [Cov:=======================>           66%]
[Progress:============>                 40%] [Cov:=======================>           66%]
[Progress:============>                 40%] [Cov:=======================>           66%]
[Progress:============>                 40%] [Cov:=======================>           66%]
[Progress:============>                 40%] [Cov:=======================>           66%]
[Progress:============>                 40%] [Cov:=======================>           66%]
[Progress:============>                 40%] [Cov:=======================>           66%]
[Progress:============>                 40%] [Cov:=======================>           66%]
[Progress:============>                 40%] [Cov:=======================>           66%]
[Progress:============>                 40%] [Cov:=======================>           66%]
[Progress:============>                 40%] [Cov:=======================>           66%]
[Progress:============>                 40%] [Cov:=======================>           66%]
[Progress:============>                 40%] [Cov:=======================>           66%]
[Progress:============>                 40%] [Cov:=======================>           66%]
[Progress:============>                 41%] [Cov:======================>            65%]
[Progress:============>                 41%] [Cov:=======================>           66%]
[Progress:============>                 41%] [Cov:=======================>           66%]
[Progress:============>                 41%] [Cov:=======================>           66%]
[Progress:============>                 43%] [Cov:=======================>           66%]
[Progress:=============>                45%] [Cov:=======================>           66%]
[Progress:=============>                45%] [Cov:=======================>           66%]
[Progress:=============>                45%] [Cov:=======================>           66%]
[Progress:=============>                45%] [Cov:=======================>           66%]
[Progress:=============>                45%] [Cov:=======================>           66%]
[Progress:==============>               47%] [Cov:===================>               57%]
[Progress:==============>               47%] [Cov:=====================>             62%]
[Progress:==============>               47%] [Cov:=======================>           66%]
[Progress:==============>               47%] [Cov:=======================>           66%]
[Progress:==============>               48%] [Cov:======================>            65%]
[Progress:==============>               48%] [Cov:=======================>           66%]
[Progress:==============>               48%] [Cov:=======================>           66%]
[Progress:==============>               48%] [Cov:=======================>           66%]
[Progress:==============>               48%] [Cov:=======================>           66%]
[Progress:==============>               48%] [Cov:=======================>           66%]
[Progress:==============>               48%] [Cov:=======================>           66%]
[Progress:===============>              50%] [Cov:=======================>           66%]
[Progress:===============>              50%] [Cov:=======================>           66%]
[Progress:===============>              50%] [Cov:=======================>           66%]
[Progress:===============>              50%] [Cov:=======================>           66%]
[Progress:===============>              50%] [Cov:=======================>           66%]
[Progress:===============>              50%] [Cov:=======================>           66%]
[Progress:===============>              52%] [Cov:======================>            65%]
[Progress:===============>              52%] [Cov:=======================>           66%]
[Progress:===============>              52%] [Cov:=======================>           66%]
[Progress:===============>              52%] [Cov:=======================>           66%]
[Progress:===============>              52%] [Cov:=======================>           66%]
[Progress:===============>              53%] [Cov:=======================>           66%]
[Progress:===============>              53%] [Cov:=======================>           66%]
[Progress:================>             55%] [Cov:=======================>           66%]
[Progress:================>             55%] [Cov:=======================>           66%]
[Progress:================>             55%] [Cov:=======================>           66%]
[Progress:================>             55%] [Cov:=======================>           66%]
[Progress:================>             55%] [Cov:=======================>           66%]
[Progress:================>             55%] [Cov:=======================>           66%]
[Progress:================>             55%] [Cov:=======================>           66%]
[Progress:================>             55%] [Cov:=======================>           66%]
[Progress:================>             56%] [Cov:=======================>           66%]
[Progress:================>             56%] [Cov:=======================>           66%]
[Progress:=================>            58%] [Cov:=======================>           66%]
[Progress:=================>            58%] [Cov:=======================>           66%]
[Progress:=================>            58%] [Cov:=======================>           66%]
[Progress:=================>            58%] [Cov:=======================>           66%]
[Progress:=================>            58%] [Cov:=======================>           66%]
[Progress:=================>            58%] [Cov:=======================>           66%]
[Progress:==================>           60%] [Cov:======================>            65%]
[Progress:==================>           60%] [Cov:=======================>           66%]
[Progress:==================>           60%] [Cov:=======================>           66%]
[Progress:==================>           60%] [Cov:=======================>           66%]
[Progress:==================>           60%] [Cov:=======================>           66%]
[Progress:==================>           60%] [Cov:=======================>           66%]
[Progress:==================>           60%] [Cov:=======================>           66%]
[Progress:==================>           60%] [Cov:=======================>           66%]
[Progress:==================>           60%] [Cov:=======================>           66%]
[Progress:==================>           61%] [Cov:=======================>           66%]
[Progress:==================>           61%] [Cov:=======================>           66%]
[Progress:==================>           61%] [Cov:=======================>           66%]
[Progress:==================>           61%] [Cov:=======================>           66%]
[Progress:==================>           63%] [Cov:=======================>           66%]
[Progress:==================>           63%] [Cov:=======================>           66%]
[Progress:==================>           63%] [Cov:=======================>           66%]
[Progress:==================>           63%] [Cov:=======================>           66%]
[Progress:==================>           63%] [Cov:=======================>           66%]
[Progress:===================>          64%] [Cov:=======================>           66%]
[Progress:===================>          64%] [Cov:=======================>           66%]
[Progress:===================>          64%] [Cov:=======================>           66%]
[Progress:===================>          64%] [Cov:=======================>           66%]
[Progress:===================>          64%] [Cov:=======================>           66%]
[Progress:===================>          64%] [Cov:=======================>           66%]
[Progress:===================>          64%] [Cov:=======================>           66%]
[Progress:===================>          64%] [Cov:=======================>           66%]
[Progress:===================>          64%] [Cov:=======================>           66%]
[Progress:===================>          64%] [Cov:=======================>           66%]
[Progress:===================>          64%] [Cov:=======================>           66%]
[Progress:===================>          66%] [Cov:=======================>           66%]
[Progress:===================>          66%] [Cov:=======================>           66%]
[Progress:===================>          66%] [Cov:=======================>           66%]
[Progress:===================>          66%] [Cov:=======================>           66%]
[Progress:====================>         68%] [Cov:=======================>           66%]
[Progress:====================>         68%] [Cov:=======================>           66%]
[Progress:====================>         68%] [Cov:=======================>           66%]
[Progress:====================>         69%] [Cov:=======================>           66%]
[Progress:====================>         69%] [Cov:=======================>           66%]
[Progress:=====================>        71%] [Cov:=======================>           66%]
[Progress:=====================>        71%] [Cov:=======================>           66%]
[Progress:=====================>        71%] [Cov:=======================>           66%]
[Progress:=====================>        73%] [Cov:======================>            65%]
[Progress:=====================>        73%] [Cov:=======================>           66%]
[Progress:=====================>        73%] [Cov:=======================>           66%]
[Progress:=====================>        73%] [Cov:=======================>           66%]
[Progress:=====================>        73%] [Cov:=======================>           66%]
[Progress:=====================>        73%] [Cov:=======================>           66%]
[Progress:=====================>        73%] [Cov:=======================>           66%]
[Progress:======================>       74%] [Cov:=======================>           66%]
[Progress:======================>       74%] [Cov:=======================>           66%]
[Progress:======================>       74%] [Cov:=======================>           66%]
[Progress:======================>       74%] [Cov:=======================>           66%]
[Progress:======================>       74%] [Cov:=======================>           66%]
[Progress:======================>       76%] [Cov:=======================>           66%]
[Progress:======================>       76%] [Cov:=======================>           66%]
[Progress:======================>       76%] [Cov:=======================>           66%]
[Progress:======================>       76%] [Cov:=======================>           66%]
[Progress:======================>       76%] [Cov:=======================>           66%]
[Progress:=======================>      78%] [Cov:======================>            65%]
[Progress:=======================>      78%] [Cov:=======================>           66%]
[Progress:=======================>      78%] [Cov:=======================>           66%]
[Progress:========================>     80%] [Cov:=======================>           66%]
[Progress:========================>     82%] [Cov:=======================>           66%]
[Progress:========================>     82%] [Cov:=======================>           66%]
[Progress:========================>     82%] [Cov:=======================>           66%]
[Progress:========================>     82%] [Cov:=======================>           66%]
[Progress:========================>     82%] [Cov:=======================>           66%]
[Progress:========================>     83%] [Cov:=======================>           66%]
[Progress:========================>     83%] [Cov:=======================>           66%]
[Progress:========================>     83%] [Cov:=======================>           66%]
[Progress:========================>     83%] [Cov:=======================>           66%]
[Progress:========================>     83%] [Cov:=======================>           66%]
[Progress:========================>     83%] [Cov:=======================>           66%]
[Progress:========================>     83%] [Cov:=======================>           66%]
[Progress:========================>     83%] [Cov:=======================>           66%]
[Progress:=========================>    84%] [Cov:=======================>           66%]
[Progress:=========================>    86%] [Cov:=======================>           66%]
[Progress:=========================>    86%] [Cov:=======================>           66%]
[Progress:=========================>    86%] [Cov:=======================>           66%]
[Progress:=========================>    86%] [Cov:=======================>           66%]
[Progress:=========================>    86%] [Cov:=======================>           66%]
[Progress:=========================>    86%] [Cov:=======================>           66%]
[Progress:=========================>    86%] [Cov:=======================>           66%]
[Progress:=========================>    86%] [Cov:=======================>           66%]
[Progress:=========================>    86%] [Cov:=======================>           66%]
[Progress:=========================>    86%] [Cov:=======================>           66%]
[Progress:=========================>    86%] [Cov:=======================>           66%]
[Progress:=========================>    86%] [Cov:=======================>           66%]
[Progress:==========================>   87%] [Cov:=======================>           66%]
[Progress:==========================>   87%] [Cov:=======================>           66%]
[Progress:==========================>   87%] [Cov:=======================>           66%]
[Progress:==========================>   89%] [Cov:=======================>           66%]
[Progress:==========================>   89%] [Cov:=======================>           66%]
[Progress:==========================>   89%] [Cov:=======================>           66%]
[Progress:==========================>   89%] [Cov:=======================>           66%]
[Progress:===========================>  90%] [Cov:=======================>           66%]
[Progress:===========================>  90%] [Cov:=======================>           66%]
[Progress:===========================>  90%] [Cov:=======================>           66%]
[Progress:===========================>  90%] [Cov:=======================>           66%]
[Progress:===========================>  90%] [Cov:=======================>           66%]
[Progress:===========================>  90%] [Cov:=======================>           66%]
[Progress:===========================>  90%] [Cov:=======================>           66%]
[Progress:===========================>  90%] [Cov:=======================>           66%]
[Progress:===========================>  90%] [Cov:=======================>           66%]
[Progress:===========================>  92%] [Cov:=======================>           66%]
[Progress:===========================>  92%] [Cov:=======================>           66%]
[Progress:===========================>  93%] [Cov:=======================>           66%]
[Progress:============================> 95%] [Cov:=======================>           66%]
[Progress:============================> 95%] [Cov:=======================>           66%]
[Progress:============================> 95%] [Cov:=======================>           66%]
[Progress:============================> 95%] [Cov:=======================>           66%]
[Progress:============================> 95%] [Cov:=======================>           66%]
[Progress:============================> 95%] [Cov:=======================>           66%]
[Progress:============================> 96%] [Cov:=======================>           66%]
[Progress:============================> 96%] [Cov:=======================>           66%]
[Progress:============================> 96%] [Cov:=======================>           66%]
[Progress:============================> 96%] [Cov:=======================>           66%]
[Progress:============================> 96%] [Cov:=======================>           66%]
[Progress:============================> 96%] [Cov:=======================>           66%]
[Progress:=============================>98%] [Cov:=======================>           66%]
[Progress:=============================>98%] [Cov:=======================>           66%]
[Progress:=============================>98%] [Cov:=======================>           66%]
[Progress:=============================>98%] [Cov:=======================>           66%]
[Progress:=============================>98%] [Cov:=======================>           66%]
[Progress:=============================>98%] [Cov:=======================>           66%]
[Progress:=============================>98%] [Cov:=======================>           66%]
[Progress:=============================>98%] [Cov:=======================>           66%]
[Progress:=============================>99%] [Cov:=======================>           66%]
[Progress:=============================>99%] [Cov:=======================>           66%]
[Progress:=============================>99%] [Cov:=======================>           66%][MASTER] 14:29:51.601 [logback-1] WARN  TestChromosome - Functional mock problem: org.evosuite.ga.ConstructionFailedException: Failed to add constructor for org.apache.commons.jxpath.ri.JXPathContextReferenceImpl due to org.evosuite.ga.ConstructionFailedException: Failed to add constructor for org.apache.commons.jxpath.ri.axes.InitialContext due to org.evosuite.ga.ConstructionFailedException: Failed to add constructor for org.apache.commons.jxpath.ri.axes.AncestorContext due to org.evosuite.ga.ConstructionFailedException: Failed to add constructor for org.apache.commons.jxpath.ri.axes.ParentContext due to org.evosuite.ga.ConstructionFailedException: Max recursion depth reached

[Progress:=============================>99%] [Cov:=======================>           66%]
[Progress:=============================>99%] [Cov:=======================>           66%]
[Progress:=============================>99%] [Cov:=======================>           66%]
[Progress:==============================100%] [Cov:=======================>           66%]
[Progress:==============================100%] [Cov:=======================>           66%]
* Search finished after 153s and 279 generations, 145415 statements, best individual has fitness: 114.45238094707854
* Minimizing test suite
* Going to analyze the coverage criteria
* Coverage analysis for criterion LINE
* Coverage of criterion LINE: 53%
* Total number of goals: 43
* Number of covered goals: 23
* Coverage analysis for criterion BRANCH
* Coverage of criterion BRANCH: 51%
* Total number of goals: 39
* Number of covered goals: 20
* Coverage analysis for criterion EXCEPTION
* Coverage of criterion EXCEPTION: 0%
* Total number of goals: 6
* Number of covered goals: 0
* Coverage analysis for criterion WEAKMUTATION
* Coverage of criterion WEAKMUTATION: 64%
* Total number of goals: 72
* Number of covered goals: 46
* Coverage analysis for criterion OUTPUT
* Coverage of criterion OUTPUT: 29%
* Total number of goals: 7
* Number of covered goals: 2
* Coverage analysis for criterion METHOD
* Coverage of criterion METHOD: 100%
* Total number of goals: 3
* Number of covered goals: 3
* Coverage analysis for criterion METHODNOEXCEPTION
* Coverage of criterion METHODNOEXCEPTION: 100%
* Total number of goals: 3
* Number of covered goals: 3
* Coverage analysis for criterion CBRANCH
* Coverage of criterion CBRANCH: 46%
* Total number of goals: 39
* Number of covered goals: 18
* Generated 5 tests with total length 25
* Resulting test suite's coverage: 67% (average coverage for all fitness functions)
* Generating assertions
* Resulting test suite's mutation score: 42%
* Compiling and checking tests
* Writing tests to file
* Writing JUnit test case 'CoreOperationRelationalExpression_ESTest' to evosuite-tests
* Done!

* Computation finished

