CMD: /usr/lib/jvm/java-8-openjdk-amd64/bin/java -Dtools_jar_location=/usr/lib/jvm/java-8-openjdk-amd64/lib/tools.jar -jar /home/user/evosuite/evosuite-1.2.0.jar -generateSuite -class org.jsoup.parser.CharacterReader -projectCP /home/user/evosuite/Test/Jsoup-83b/target/classes -base_dir /home/user/evosuite/results/project-Jsoup/Jsoup-83/round02/evosuite-work -seed 11 -Dalgorithm=NSGAII -Dsearch_budget=150 -Dtest_format=JUNIT4 -Dassertions=true

* EvoSuite 1.2.0
* Going to generate test cases for class: org.jsoup.parser.CharacterReader
* Starting Client-0
* Connecting to master process on port 8224
* Analyzing classpath: 
  - /home/user/evosuite/Test/Jsoup-83b/target/classes
* Finished analyzing classpath
* Generating tests for class org.jsoup.parser.CharacterReader
* Test criteria:
  - Line Coverage
  - Branch Coverage
  - Exception
  - Mutation testing (weak)
  - Method-Output Coverage
  - Top-Level Method Coverage
  - No-Exception Top-Level Method Coverage
  - Context Branch Coverage
* Setting up search algorithm for whole suite generation
* Total number of test goals: 
  - Line 234
  - Branch 214
  - Exception 0
  - MutationFactory 731
  - Output 77
  - Method 37
  - MethodNoException 37
  - CBranchFitnessFactory 214

[Progress:>                             0%] [Cov:>                                  0%]* Using seed 11
* Starting evolution

[Progress:>                             0%] [Cov:>                                  0%]
[Progress:>                             0%] [Cov:=>                                 4%]
[Progress:>                             0%] [Cov:==>                                7%]
[Progress:>                             0%] [Cov:====>                              12%]
[Progress:>                             0%] [Cov:======>                            19%]
[Progress:>                             0%] [Cov:========>                          25%]
[Progress:>                             0%] [Cov:==========>                        31%]
[Progress:>                             0%] [Cov:============>                      35%]
[Progress:>                             0%] [Cov:===============>                   43%]
[Progress:>                             0%] [Cov:=================>                 51%]
[Progress:>                             0%] [Cov:==================>                54%]
[Progress:>                             1%] [Cov:==========>                        31%]
[Progress:>                             1%] [Cov:============>                      35%]
[Progress:>                             1%] [Cov:===============>                   44%]
[Progress:>                             1%] [Cov:==================>                52%]
[Progress:>                             1%] [Cov:===================>               55%]
[Progress:>                             1%] [Cov:====================>              59%]
[Progress:>                             2%] [Cov:====================>              59%]
[Progress:>                             2%] [Cov:====================>              59%]
[Progress:>                             3%] [Cov:==================>                54%]
[Progress:>                             3%] [Cov:===================>               55%]
[Progress:>                             3%] [Cov:===================>               57%]
[Progress:>                             3%] [Cov:====================>              58%]
[Progress:>                             3%] [Cov:====================>              59%]
[Progress:>                             3%] [Cov:=====================>             60%]
[Progress:>                             3%] [Cov:=====================>             62%]
[Progress:>                             3%] [Cov:======================>            63%]
[Progress:>                             3%] [Cov:======================>            63%]
[Progress:=>                            4%] [Cov:=================>                 50%]
[Progress:=>                            4%] [Cov:==================>                54%]
[Progress:=>                            4%] [Cov:===================>               55%]
[Progress:=>                            4%] [Cov:===================>               56%]
[Progress:=>                            4%] [Cov:===================>               57%]
[Progress:=>                            4%] [Cov:====================>              59%]
[Progress:=>                            4%] [Cov:=====================>             60%]
[Progress:=>                            4%] [Cov:=====================>             61%]
[Progress:=>                            4%] [Cov:======================>            63%]
[Progress:=>                            4%] [Cov:======================>            64%]
[Progress:=>                            4%] [Cov:======================>            65%]
[Progress:=>                            4%] [Cov:======================>            63%]
[Progress:=>                            4%] [Cov:======================>            65%]
[Progress:=>                            5%] [Cov:====================>              59%]
[Progress:=>                            5%] [Cov:======================>            63%]
[Progress:=>                            5%] [Cov:======================>            64%]
[Progress:=>                            5%] [Cov:======================>            65%]
[Progress:=>                            5%] [Cov:=======================>           66%]
[Progress:=>                            5%] [Cov:=======================>           67%]
[Progress:=>                            5%] [Cov:=======================>           67%]
[Progress:=>                            6%] [Cov:======================>            65%]
[Progress:=>                            6%] [Cov:=======================>           66%]
[Progress:=>                            6%] [Cov:========================>          69%]
[Progress:=>                            6%] [Cov:========================>          70%]
[Progress:=>                            6%] [Cov:========================>          71%]
[Progress:=>                            6%] [Cov:=========================>         72%]
[Progress:=>                            6%] [Cov:=========================>         73%]
[Progress:=>                            6%] [Cov:=========================>         73%]
[Progress:==>                           7%] [Cov:======================>            64%]
[Progress:==>                           7%] [Cov:=======================>           67%]
[Progress:==>                           7%] [Cov:=========================>         73%]
[Progress:==>                           8%] [Cov:======================>            63%]
[Progress:==>                           8%] [Cov:======================>            64%]
[Progress:==>                           8%] [Cov:======================>            65%]
[Progress:==>                           8%] [Cov:=========================>         73%]
[Progress:==>                           8%] [Cov:=========================>         74%]
[Progress:==>                           8%] [Cov:=========================>         74%]
[Progress:==>                           9%] [Cov:========================>          69%]
[Progress:==>                           9%] [Cov:========================>          70%]
[Progress:==>                           9%] [Cov:========================>          71%]
[Progress:==>                           9%] [Cov:=========================>         72%]
[Progress:==>                           9%] [Cov:=========================>         73%]
[Progress:==>                           9%] [Cov:=========================>         74%]
[Progress:===>                          10%] [Cov:========================>          69%]
[Progress:===>                          10%] [Cov:=========================>         73%]
[Progress:===>                          10%] [Cov:=========================>         74%]
[Progress:===>                          10%] [Cov:=========================>         73%]
[Progress:===>                          10%] [Cov:=========================>         74%]
[Progress:===>                          10%] [Cov:==========================>        75%]
[Progress:===>                          11%] [Cov:=========================>         73%]
[Progress:===>                          11%] [Cov:=========================>         74%]
[Progress:===>                          11%] [Cov:=========================>         73%]
[Progress:===>                          11%] [Cov:=========================>         74%]
[Progress:===>                          11%] [Cov:==========================>        75%]
[Progress:===>                          12%] [Cov:=========================>         73%]
[Progress:===>                          12%] [Cov:=========================>         74%]
[Progress:===>                          12%] [Cov:==========================>        75%]
[Progress:===>                          12%] [Cov:==========================>        76%]
[Progress:===>                          12%] [Cov:==========================>        76%]
[Progress:===>                          13%] [Cov:=========================>         73%]
[Progress:===>                          13%] [Cov:==========================>        75%]
[Progress:===>                          13%] [Cov:==========================>        76%]
[Progress:===>                          13%] [Cov:=========================>         74%]
[Progress:===>                          13%] [Cov:==========================>        75%]
[Progress:===>                          13%] [Cov:==========================>        76%]
[Progress:====>                         14%] [Cov:==========================>        76%]
[Progress:====>                         14%] [Cov:==========================>        76%]
[Progress:====>                         15%] [Cov:==========================>        75%]
[Progress:====>                         15%] [Cov:==========================>        76%]
[Progress:====>                         15%] [Cov:==========================>        77%]
[Progress:====>                         16%] [Cov:==========================>        76%]
[Progress:====>                         16%] [Cov:==========================>        77%]
[Progress:====>                         16%] [Cov:==========================>        76%]
[Progress:====>                         16%] [Cov:==========================>        77%]
[Progress:=====>                        17%] [Cov:==========================>        75%]
[Progress:=====>                        17%] [Cov:==========================>        76%]
[Progress:=====>                        17%] [Cov:==========================>        77%]
[Progress:=====>                        17%] [Cov:==========================>        77%]
[Progress:=====>                        18%] [Cov:==========================>        75%]
[Progress:=====>                        18%] [Cov:==========================>        76%]
[Progress:=====>                        18%] [Cov:==========================>        77%]
[Progress:=====>                        18%] [Cov:===========================>       79%]
[Progress:=====>                        18%] [Cov:===========================>       79%]
[Progress:=====>                        19%] [Cov:==========================>        75%]
[Progress:=====>                        19%] [Cov:==========================>        76%]
[Progress:=====>                        19%] [Cov:==========================>        77%]
[Progress:=====>                        19%] [Cov:===========================>       78%]
[Progress:=====>                        19%] [Cov:===========================>       79%]
[Progress:=====>                        19%] [Cov:============================>      80%]
[Progress:======>                       20%] [Cov:==========================>        76%]
[Progress:======>                       20%] [Cov:==========================>        77%]
[Progress:======>                       20%] [Cov:===========================>       78%]
[Progress:======>                       20%] [Cov:===========================>       79%]
[Progress:======>                       20%] [Cov:============================>      80%]
[Progress:======>                       21%] [Cov:==========================>        76%]
[Progress:======>                       21%] [Cov:===========================>       79%]
[Progress:======>                       21%] [Cov:============================>      80%]
[Progress:======>                       22%] [Cov:==========================>        77%]
[Progress:======>                       22%] [Cov:===========================>       78%]
[Progress:======>                       22%] [Cov:============================>      80%]
[Progress:======>                       22%] [Cov:============================>      80%]
[Progress:======>                       23%] [Cov:==========================>        77%]
[Progress:======>                       23%] [Cov:============================>      80%]
[Progress:=======>                      24%] [Cov:============================>      80%]
[Progress:=======>                      24%] [Cov:============================>      80%]
[Progress:=======>                      24%] [Cov:============================>      81%]
[Progress:=======>                      25%] [Cov:===========================>       79%]
[Progress:=======>                      25%] [Cov:============================>      80%]
[Progress:=======>                      25%] [Cov:============================>      81%]
[Progress:=======>                      25%] [Cov:============================>      81%]
[Progress:=======>                      25%] [Cov:============================>      82%]
[Progress:=======>                      26%] [Cov:===========================>       79%]
[Progress:=======>                      26%] [Cov:============================>      80%]
[Progress:=======>                      26%] [Cov:============================>      81%]
[Progress:=======>                      26%] [Cov:============================>      82%]
[Progress:=======>                      26%] [Cov:============================>      82%]
[Progress:========>                     27%] [Cov:===========================>       79%]
[Progress:========>                     27%] [Cov:============================>      81%]
[Progress:========>                     27%] [Cov:============================>      82%]
[Progress:========>                     28%] [Cov:============================>      80%]
[Progress:========>                     28%] [Cov:============================>      81%]
[Progress:========>                     28%] [Cov:=============================>     83%]
[Progress:========>                     28%] [Cov:=============================>     83%]
[Progress:========>                     29%] [Cov:=============================>     83%]
[Progress:=========>                    30%] [Cov:============================>      81%]
[Progress:=========>                    30%] [Cov:============================>      82%]
[Progress:=========>                    30%] [Cov:=============================>     83%]
[Progress:=========>                    31%] [Cov:============================>      80%]
[Progress:=========>                    31%] [Cov:============================>      82%]
[Progress:=========>                    31%] [Cov:=============================>     83%]
[Progress:=========>                    31%] [Cov:=============================>     84%]
[Progress:=========>                    32%] [Cov:=============================>     83%]
[Progress:=========>                    32%] [Cov:=============================>     84%]
[Progress:=========>                    33%] [Cov:============================>      82%]
[Progress:=========>                    33%] [Cov:=============================>     84%]
[Progress:==========>                   34%] [Cov:============================>      82%]
[Progress:==========>                   34%] [Cov:=============================>     84%]
[Progress:==========>                   34%] [Cov:=============================>     84%]
[Progress:==========>                   35%] [Cov:============================>      82%]
[Progress:==========>                   35%] [Cov:=============================>     83%]
[Progress:==========>                   35%] [Cov:=============================>     84%]
[Progress:==========>                   36%] [Cov:=============================>     84%]
[Progress:==========>                   36%] [Cov:=============================>     84%]
[Progress:==========>                   36%] [Cov:=============================>     85%]
[Progress:===========>                  37%] [Cov:=============================>     83%]
[Progress:===========>                  37%] [Cov:=============================>     84%]
[Progress:===========>                  37%] [Cov:=============================>     85%]
[Progress:===========>                  38%] [Cov:============================>      82%]
[Progress:===========>                  38%] [Cov:=============================>     85%]
[Progress:===========>                  38%] [Cov:=============================>     85%]
[Progress:===========>                  39%] [Cov:=============================>     84%]
[Progress:===========>                  39%] [Cov:=============================>     85%]
[Progress:============>                 40%] [Cov:=============================>     83%]
[Progress:============>                 40%] [Cov:=============================>     84%]
[Progress:============>                 40%] [Cov:=============================>     85%]
[Progress:============>                 40%] [Cov:=============================>     85%]
[Progress:============>                 41%] [Cov:=============================>     84%]
[Progress:============>                 41%] [Cov:=============================>     85%]
[Progress:============>                 42%] [Cov:=============================>     84%]
[Progress:============>                 42%] [Cov:=============================>     85%]
[Progress:============>                 42%] [Cov:=============================>     85%]
[Progress:============>                 42%] [Cov:==============================>    86%]
[Progress:============>                 43%] [Cov:=============================>     84%]
[Progress:============>                 43%] [Cov:=============================>     85%]
[Progress:============>                 43%] [Cov:=============================>     85%]
[Progress:=============>                44%] [Cov:=============================>     85%]
[Progress:=============>                44%] [Cov:==============================>    86%]
[Progress:=============>                45%] [Cov:=============================>     85%]
[Progress:=============>                45%] [Cov:==============================>    86%]
[Progress:=============>                46%] [Cov:=============================>     85%]
[Progress:=============>                46%] [Cov:==============================>    86%]
[Progress:=============>                46%] [Cov:==============================>    86%]
[Progress:==============>               47%] [Cov:=============================>     85%]
[Progress:==============>               47%] [Cov:==============================>    86%]
[Progress:==============>               48%] [Cov:=============================>     84%]
[Progress:==============>               48%] [Cov:==============================>    86%]
[Progress:==============>               48%] [Cov:==============================>    86%]
[Progress:==============>               48%] [Cov:==============================>    87%]
[Progress:==============>               49%] [Cov:==============================>    86%]
[Progress:===============>              50%] [Cov:=============================>     84%]
[Progress:===============>              50%] [Cov:=============================>     85%]
[Progress:===============>              50%] [Cov:==============================>    86%]
[Progress:===============>              50%] [Cov:==============================>    87%]
[Progress:===============>              50%] [Cov:==============================>    87%]
[Progress:===============>              51%] [Cov:==============================>    87%]
[Progress:===============>              51%] [Cov:==============================>    87%]
[Progress:===============>              52%] [Cov:==============================>    86%]
[Progress:===============>              52%] [Cov:==============================>    87%]
[Progress:===============>              53%] [Cov:==============================>    87%]
[Progress:===============>              53%] [Cov:==============================>    87%]
[Progress:================>             54%] [Cov:==============================>    87%]
[Progress:================>             54%] [Cov:==============================>    88%]
[Progress:================>             54%] [Cov:==============================>    87%]
[Progress:================>             55%] [Cov:==============================>    87%]
[Progress:================>             55%] [Cov:==============================>    88%]
[Progress:================>             56%] [Cov:==============================>    87%]
[Progress:================>             56%] [Cov:==============================>    87%]
[Progress:================>             56%] [Cov:==============================>    88%]
[Progress:=================>            57%] [Cov:==============================>    87%]
[Progress:=================>            57%] [Cov:==============================>    88%]
[Progress:=================>            58%] [Cov:==============================>    86%]
[Progress:=================>            58%] [Cov:==============================>    87%]
[Progress:=================>            58%] [Cov:==============================>    87%]
[Progress:=================>            58%] [Cov:==============================>    88%]
[Progress:=================>            59%] [Cov:==============================>    87%]
[Progress:=================>            59%] [Cov:==============================>    88%]
[Progress:=================>            59%] [Cov:==============================>    87%]
[Progress:==================>           60%] [Cov:==============================>    87%]
[Progress:==================>           60%] [Cov:==============================>    88%]
[Progress:==================>           61%] [Cov:==============================>    87%]
[Progress:==================>           61%] [Cov:==============================>    87%]
[Progress:==================>           61%] [Cov:==============================>    88%]
[Progress:==================>           62%] [Cov:==============================>    87%]
[Progress:==================>           62%] [Cov:==============================>    88%]
[Progress:==================>           62%] [Cov:==============================>    87%]
[Progress:==================>           63%] [Cov:==============================>    87%]
[Progress:===================>          64%] [Cov:=============================>     85%]
[Progress:===================>          64%] [Cov:==============================>    87%]
[Progress:===================>          64%] [Cov:==============================>    88%]
[Progress:===================>          64%] [Cov:==============================>    88%]
[Progress:===================>          65%] [Cov:==============================>    87%]
[Progress:===================>          65%] [Cov:==============================>    88%]
[Progress:===================>          66%] [Cov:==============================>    87%]
[Progress:===================>          66%] [Cov:==============================>    88%]
[Progress:===================>          66%] [Cov:===============================>   89%]
[Progress:===================>          66%] [Cov:==============================>    88%]
[Progress:====================>         67%] [Cov:==============================>    87%]
[Progress:====================>         67%] [Cov:==============================>    88%]
[Progress:====================>         68%] [Cov:==============================>    88%]
[Progress:====================>         68%] [Cov:==============================>    88%]
[Progress:====================>         69%] [Cov:==============================>    87%]
[Progress:====================>         69%] [Cov:==============================>    88%]
[Progress:=====================>        70%] [Cov:==============================>    87%]
[Progress:=====================>        70%] [Cov:==============================>    88%]
[Progress:=====================>        70%] [Cov:==============================>    87%]
[Progress:=====================>        70%] [Cov:==============================>    88%]
[Progress:=====================>        71%] [Cov:==============================>    87%]
[Progress:=====================>        71%] [Cov:==============================>    88%]
[Progress:=====================>        72%] [Cov:==============================>    87%]
[Progress:=====================>        72%] [Cov:==============================>    88%]
[Progress:=====================>        72%] [Cov:===============================>   89%]
[Progress:=====================>        72%] [Cov:==============================>    87%]
[Progress:=====================>        72%] [Cov:==============================>    88%]
[Progress:=====================>        72%] [Cov:===============================>   89%]
[Progress:=====================>        73%] [Cov:==============================>    87%]
[Progress:=====================>        73%] [Cov:==============================>    88%]
[Progress:======================>       74%] [Cov:==============================>    87%]
[Progress:======================>       74%] [Cov:==============================>    88%]
[Progress:======================>       74%] [Cov:===============================>   89%]
[Progress:======================>       74%] [Cov:==============================>    87%]
[Progress:======================>       74%] [Cov:==============================>    88%]
[Progress:======================>       75%] [Cov:==============================>    88%]
[Progress:======================>       76%] [Cov:==============================>    87%]
[Progress:======================>       76%] [Cov:==============================>    88%]
[Progress:======================>       76%] [Cov:==============================>    87%]
[Progress:======================>       76%] [Cov:==============================>    88%]
[Progress:=======================>      77%] [Cov:==============================>    87%]
[Progress:=======================>      77%] [Cov:==============================>    88%]
[Progress:=======================>      77%] [Cov:===============================>   89%]
[Progress:=======================>      78%] [Cov:==============================>    88%]
[Progress:=======================>      78%] [Cov:===============================>   89%]
[Progress:=======================>      79%] [Cov:==============================>    87%]
[Progress:=======================>      79%] [Cov:==============================>    88%]
[Progress:=======================>      79%] [Cov:===============================>   89%]
[Progress:========================>     80%] [Cov:==============================>    88%]
[Progress:========================>     80%] [Cov:===============================>   89%]
[Progress:========================>     81%] [Cov:==============================>    88%]
[Progress:========================>     81%] [Cov:===============================>   89%]
[Progress:========================>     82%] [Cov:==============================>    88%]
[Progress:========================>     82%] [Cov:===============================>   89%]
[Progress:========================>     82%] [Cov:===============================>   89%]
[Progress:========================>     83%] [Cov:==============================>    88%]
[Progress:========================>     83%] [Cov:===============================>   89%]
[Progress:=========================>    84%] [Cov:===============================>   89%]
[Progress:=========================>    84%] [Cov:===============================>   89%]
[Progress:=========================>    85%] [Cov:==============================>    88%]
[Progress:=========================>    85%] [Cov:===============================>   89%]
[Progress:=========================>    86%] [Cov:==============================>    87%]
[Progress:=========================>    86%] [Cov:==============================>    88%]
[Progress:=========================>    86%] [Cov:===============================>   89%]
[Progress:=========================>    86%] [Cov:===============================>   89%]
[Progress:=========================>    86%] [Cov:===============================>   90%]
[Progress:==========================>   87%] [Cov:==============================>    88%]
[Progress:==========================>   87%] [Cov:===============================>   89%]
[Progress:==========================>   88%] [Cov:===============================>   89%]
[Progress:==========================>   88%] [Cov:===============================>   90%]
[Progress:==========================>   89%] [Cov:==============================>    88%]
[Progress:==========================>   89%] [Cov:===============================>   89%]
[Progress:==========================>   89%] [Cov:===============================>   90%]
[Progress:===========================>  90%] [Cov:===============================>   89%]
[Progress:===========================>  90%] [Cov:===============================>   89%]
[Progress:===========================>  91%] [Cov:===============================>   89%]
[Progress:===========================>  92%] [Cov:===============================>   89%]
[Progress:===========================>  92%] [Cov:===============================>   89%]
[Progress:===========================>  93%] [Cov:===============================>   89%]
[Progress:============================> 94%] [Cov:===============================>   89%]
[Progress:============================> 94%] [Cov:===============================>   90%]
[Progress:============================> 94%] [Cov:===============================>   89%]
[Progress:============================> 95%] [Cov:===============================>   89%]
[Progress:============================> 96%] [Cov:===============================>   89%]
[Progress:============================> 96%] [Cov:===============================>   90%]
[Progress:============================> 96%] [Cov:===============================>   89%]
[Progress:=============================>97%] [Cov:===============================>   89%]
[Progress:=============================>97%] [Cov:===============================>   90%]
[Progress:=============================>98%] [Cov:===============================>   89%]
[Progress:=============================>98%] [Cov:===============================>   90%]
[Progress:=============================>99%] [Cov:===============================>   89%]
[Progress:=============================>99%] [Cov:===============================>   90%]
[Progress:=============================>99%] [Cov:===============================>   90%]
[Progress:==============================100%] [Cov:===============================>   89%]
[Progress:==============================100%] [Cov:===============================>   90%]
[Progress:==============================100%] [Cov:===============================>   89%]
[Progress:==============================100%] [Cov:===============================>   90%]
[Progress:==============================100%] [Cov:===============================>   90%]
* Search finished after 152s and 64 generations, 33707 statements, best individual has fitness: 215.87386588090473
* Minimizing test suite
* Going to analyze the coverage criteria
* Coverage analysis for criterion LINE
* Coverage of criterion LINE: 96%
* Total number of goals: 234
* Number of covered goals: 225
* Coverage analysis for criterion BRANCH
* Coverage of criterion BRANCH: 89%
* Total number of goals: 214
* Number of covered goals: 190
* Coverage analysis for criterion EXCEPTION
* Coverage of criterion EXCEPTION: 5%
* Total number of goals: 59
* Number of covered goals: 3
* Coverage analysis for criterion WEAKMUTATION
* Coverage of criterion WEAKMUTATION: 86%
* Total number of goals: 731
* Number of covered goals: 628
* Coverage analysis for criterion OUTPUT
* Coverage of criterion OUTPUT: 77%
* Total number of goals: 77
* Number of covered goals: 59
* Coverage analysis for criterion METHOD
* Coverage of criterion METHOD: 100%
* Total number of goals: 37
* Number of covered goals: 37
* Coverage analysis for criterion METHODNOEXCEPTION
* Coverage of criterion METHODNOEXCEPTION: 100%
* Total number of goals: 37
* Number of covered goals: 37
* Coverage analysis for criterion CBRANCH
* Coverage of criterion CBRANCH: 88%
* Total number of goals: 214
* Number of covered goals: 189
* Generated 81 tests with total length 257
* Resulting test suite's coverage: 90% (average coverage for all fitness functions)
* Generating assertions
* Resulting test suite's mutation score: 46%
* Compiling and checking tests
* Writing tests to file
* Writing JUnit test case 'CharacterReader_ESTest' to evosuite-tests
* Done!

* Computation finished

