CMD: /usr/lib/jvm/java-8-openjdk-amd64/bin/java -Dtools_jar_location=/usr/lib/jvm/java-8-openjdk-amd64/lib/tools.jar -jar /home/pizza/TestRound2/evosuite-1.2.0.jar -generateSuite -class org.apache.commons.math3.optim.nonlinear.scalar.gradient.NonLinearConjugateGradientOptimizer -projectCP /home/pizza/TestRound2/Test/Math-6b/target/classes -base_dir /home/pizza/TestRound2/results/project-Math/Math-6/round03/evosuite-work -seed 11 -Dalgorithm=NSGAII -Dsearch_budget=60 -Dtest_format=JUNIT4 -Dassertions=true

* EvoSuite 1.2.0
* Going to generate test cases for class: org.apache.commons.math3.optim.nonlinear.scalar.gradient.NonLinearConjugateGradientOptimizer
* Starting Client-0
* Connecting to master process on port 8222
* Analyzing classpath: 
  - /home/pizza/TestRound2/Test/Math-6b/target/classes
* Finished analyzing classpath
* Generating tests for class org.apache.commons.math3.optim.nonlinear.scalar.gradient.NonLinearConjugateGradientOptimizer
* Test criteria:
  - Line Coverage
  - Branch Coverage
  - Exception
  - Mutation testing (weak)
  - Method-Output Coverage
  - Top-Level Method Coverage
  - No-Exception Top-Level Method Coverage
  - Context Branch Coverage
* Setting up search algorithm for whole suite generation
* Total number of test goals: 
  - Line 102
  - Branch 57
  - Exception 0
  - MutationFactory 238
  - Output 4
  - Method 11
  - MethodNoException 11

[Progress:>                             0%] [Cov:>                                  0%]  - CBranchFitnessFactory 57
* Using seed 11
* Starting evolution

[Progress:>                             0%] [Cov:>                                  0%]
[Progress:>                             1%] [Cov:=>                                 3%]
[Progress:>                             1%] [Cov:==>                                6%]
[Progress:>                             1%] [Cov:======>                            19%]
[Progress:>                             1%] [Cov:=======>                           20%]
[Progress:>                             1%] [Cov:=========>                         27%]
[Progress:>                             1%] [Cov:===========>                       32%]
[Progress:>                             1%] [Cov:===========>                       34%]
[Progress:>                             3%] [Cov:>                                  2%]
[Progress:>                             3%] [Cov:=>                                 5%]
[Progress:>                             3%] [Cov:======>                            18%]
[Progress:>                             3%] [Cov:======>                            19%]
[Progress:>                             3%] [Cov:=========>                         27%]
[Progress:>                             3%] [Cov:===========>                       34%]
[Progress:>                             3%] [Cov:============>                      36%]
[Progress:>                             3%] [Cov:============>                      37%]
[Progress:=>                            5%] [Cov:>                                  1%]
[Progress:=>                            5%] [Cov:=>                                 3%]
[Progress:=>                            5%] [Cov:==>                                6%]
[Progress:=>                            5%] [Cov:=====>                             15%]
[Progress:=>                            5%] [Cov:======>                            19%]
[Progress:=>                            5%] [Cov:=======>                           20%]
[Progress:=>                            5%] [Cov:=========>                         28%]
[Progress:=>                            5%] [Cov:============>                      35%]
[Progress:=>                            5%] [Cov:============>                      37%]
[Progress:=>                            5%] [Cov:=============>                     39%]
[Progress:=>                            5%] [Cov:==============>                    40%]
[Progress:=>                            6%] [Cov:>                                  2%]
[Progress:=>                            6%] [Cov:==>                                6%]
[Progress:=>                            6%] [Cov:======>                            18%]
[Progress:=>                            6%] [Cov:======>                            19%]
[Progress:=>                            6%] [Cov:==========>                        29%]
[Progress:=>                            6%] [Cov:============>                      36%]
[Progress:=>                            6%] [Cov:=============>                     39%]
[Progress:=>                            6%] [Cov:==============>                    40%]
[Progress:==>                           8%] [Cov:==============>                    40%]
[Progress:==>                           8%] [Cov:==============>                    41%]
[Progress:==>                           8%] [Cov:==============>                    41%]
[Progress:==>                           8%] [Cov:==============>                    41%]
[Progress:===>                          10%] [Cov:============>                      37%]
[Progress:===>                          10%] [Cov:=============>                     38%]
[Progress:===>                          10%] [Cov:==============>                    40%]
[Progress:===>                          10%] [Cov:==============>                    41%]
[Progress:===>                          10%] [Cov:=============>                     38%]
[Progress:===>                          10%] [Cov:=============>                     39%]
[Progress:===>                          10%] [Cov:==============>                    40%]
[Progress:===>                          10%] [Cov:==============>                    41%]
[Progress:===>                          11%] [Cov:==============>                    40%]
[Progress:===>                          11%] [Cov:==============>                    41%]
[Progress:===>                          11%] [Cov:=============>                     38%]
[Progress:===>                          11%] [Cov:==============>                    41%]
[Progress:===>                          11%] [Cov:==============>                    42%]
[Progress:===>                          11%] [Cov:==============>                    42%]
[Progress:===>                          13%] [Cov:==============>                    41%]
[Progress:===>                          13%] [Cov:==============>                    42%]
[Progress:===>                          13%] [Cov:==============>                    42%]
[Progress:===>                          13%] [Cov:==============>                    42%]
[Progress:====>                         15%] [Cov:==============>                    41%]
[Progress:====>                         15%] [Cov:==============>                    42%]
[Progress:====>                         16%] [Cov:==============>                    41%]
[Progress:====>                         16%] [Cov:==============>                    42%]
[Progress:====>                         16%] [Cov:==============>                    42%]
[Progress:====>                         16%] [Cov:==============>                    42%]
[Progress:=====>                        18%] [Cov:==============>                    41%]
[Progress:=====>                        18%] [Cov:==============>                    42%]
[Progress:=====>                        18%] [Cov:==============>                    42%]
[Progress:=====>                        18%] [Cov:==============>                    42%]
[Progress:======>                       20%] [Cov:==============>                    42%]
[Progress:======>                       20%] [Cov:==============>                    42%]
[Progress:======>                       20%] [Cov:==============>                    42%]
[Progress:======>                       21%] [Cov:==============>                    42%]
[Progress:======>                       21%] [Cov:==============>                    42%]
[Progress:======>                       21%] [Cov:==============>                    42%]
[Progress:======>                       23%] [Cov:==============>                    42%]
[Progress:======>                       23%] [Cov:==============>                    42%]
[Progress:======>                       23%] [Cov:==============>                    42%]
[Progress:======>                       23%] [Cov:==============>                    42%]
[Progress:=======>                      25%] [Cov:==============>                    42%]
[Progress:=======>                      25%] [Cov:==============>                    42%]
[Progress:=======>                      25%] [Cov:==============>                    42%]
[Progress:=======>                      26%] [Cov:==============>                    42%]
[Progress:=======>                      26%] [Cov:==============>                    42%]
[Progress:=======>                      26%] [Cov:==============>                    42%]
[Progress:========>                     28%] [Cov:==============>                    42%]
[Progress:========>                     28%] [Cov:==============>                    42%]
[Progress:========>                     28%] [Cov:==============>                    42%]
[Progress:=========>                    30%] [Cov:==============>                    41%]
[Progress:=========>                    30%] [Cov:==============>                    42%]
[Progress:=========>                    30%] [Cov:==============>                    42%]
[Progress:=========>                    30%] [Cov:==============>                    42%]
[Progress:=========>                    31%] [Cov:==============>                    42%]
[Progress:=========>                    31%] [Cov:==============>                    42%]
[Progress:=========>                    31%] [Cov:==============>                    42%]
[Progress:=========>                    33%] [Cov:==============>                    42%]
[Progress:=========>                    33%] [Cov:==============>                    42%]
[Progress:=========>                    33%] [Cov:==============>                    42%]
[Progress:=========>                    33%] [Cov:==============>                    42%]
[Progress:==========>                   35%] [Cov:==============>                    42%]
[Progress:==========>                   35%] [Cov:==============>                    42%]
[Progress:==========>                   35%] [Cov:==============>                    42%]
[Progress:==========>                   36%] [Cov:==============>                    41%]
[Progress:==========>                   36%] [Cov:==============>                    42%]
[Progress:==========>                   36%] [Cov:==============>                    42%]
[Progress:==========>                   36%] [Cov:==============>                    42%]
[Progress:==========>                   36%] [Cov:==============>                    42%]
[Progress:===========>                  38%] [Cov:==============>                    42%]
[Progress:===========>                  38%] [Cov:==============>                    42%]
[Progress:===========>                  38%] [Cov:==============>                    42%]
[Progress:============>                 40%] [Cov:==============>                    42%]
[Progress:============>                 40%] [Cov:==============>                    42%]
[Progress:============>                 40%] [Cov:==============>                    42%]
[Progress:============>                 41%] [Cov:==============>                    42%]
[Progress:============>                 41%] [Cov:==============>                    42%]
[Progress:============>                 41%] [Cov:==============>                    42%]
[Progress:============>                 41%] [Cov:==============>                    42%]
[Progress:============>                 43%] [Cov:==============>                    42%]
[Progress:============>                 43%] [Cov:==============>                    42%]
[Progress:============>                 43%] [Cov:==============>                    42%]
[Progress:=============>                45%] [Cov:==============>                    41%]
[Progress:=============>                45%] [Cov:==============>                    42%]
[Progress:=============>                45%] [Cov:==============>                    42%]
[Progress:=============>                45%] [Cov:==============>                    42%]
[Progress:=============>                46%] [Cov:==============>                    41%]
[Progress:=============>                46%] [Cov:==============>                    42%]
[Progress:=============>                46%] [Cov:==============>                    42%]
[Progress:=============>                46%] [Cov:==============>                    42%]
[Progress:==============>               48%] [Cov:==============>                    42%]
[Progress:==============>               48%] [Cov:==============>                    42%]
[Progress:==============>               48%] [Cov:==============>                    42%]
[Progress:===============>              50%] [Cov:==============>                    42%]
[Progress:===============>              50%] [Cov:==============>                    42%]
[Progress:===============>              51%] [Cov:==============>                    42%]
[Progress:===============>              51%] [Cov:==============>                    42%]
[Progress:===============>              51%] [Cov:==============>                    42%]
[Progress:===============>              51%] [Cov:==============>                    42%]
[Progress:===============>              53%] [Cov:==============>                    42%]
[Progress:===============>              53%] [Cov:==============>                    42%]
[Progress:================>             55%] [Cov:==============>                    42%]
[Progress:================>             55%] [Cov:==============>                    42%]
[Progress:================>             55%] [Cov:==============>                    42%]
[Progress:================>             56%] [Cov:==============>                    40%]
[Progress:================>             56%] [Cov:==============>                    42%]
[Progress:================>             56%] [Cov:==============>                    42%]
[Progress:================>             56%] [Cov:==============>                    42%]
[Progress:=================>            58%] [Cov:==============>                    42%]
[Progress:=================>            58%] [Cov:==============>                    42%]
[Progress:==================>           60%] [Cov:==============>                    42%]
[Progress:==================>           60%] [Cov:==============>                    42%]
[Progress:==================>           60%] [Cov:==============>                    42%]
[Progress:==================>           61%] [Cov:==============>                    42%]
[Progress:==================>           61%] [Cov:==============>                    42%]
[Progress:==================>           61%] [Cov:==============>                    42%]
[Progress:==================>           63%] [Cov:==============>                    42%]
[Progress:==================>           63%] [Cov:==============>                    42%]
[Progress:==================>           63%] [Cov:==============>                    42%]
[Progress:===================>          65%] [Cov:==============>                    42%]
[Progress:===================>          65%] [Cov:==============>                    42%]
[Progress:===================>          65%] [Cov:==============>                    42%]
[Progress:===================>          66%] [Cov:==============>                    42%]
[Progress:===================>          66%] [Cov:==============>                    42%]
[Progress:===================>          66%] [Cov:==============>                    42%]
[Progress:====================>         68%] [Cov:==============>                    42%]
[Progress:====================>         68%] [Cov:==============>                    42%]
[Progress:====================>         68%] [Cov:==============>                    42%]
[Progress:=====================>        70%] [Cov:==============>                    42%]
[Progress:=====================>        70%] [Cov:==============>                    42%]
[Progress:=====================>        71%] [Cov:==============>                    42%]
[Progress:=====================>        71%] [Cov:==============>                    42%]
[Progress:=====================>        71%] [Cov:==============>                    42%]
[Progress:=====================>        73%] [Cov:==============>                    41%]
[Progress:=====================>        73%] [Cov:==============>                    42%]
[Progress:=====================>        73%] [Cov:==============>                    42%]
[Progress:=====================>        73%] [Cov:==============>                    42%]
[Progress:=====================>        73%] [Cov:==============>                    42%]
[Progress:======================>       75%] [Cov:==============>                    42%]
[Progress:======================>       75%] [Cov:==============>                    42%]
[Progress:======================>       75%] [Cov:==============>                    42%]
[Progress:======================>       76%] [Cov:==============>                    42%]
[Progress:======================>       76%] [Cov:==============>                    42%]
[Progress:=======================>      78%] [Cov:==============>                    42%]
[Progress:=======================>      78%] [Cov:==============>                    42%]
[Progress:=======================>      78%] [Cov:==============>                    42%]
[Progress:========================>     80%] [Cov:==============>                    42%]
[Progress:========================>     80%] [Cov:==============>                    42%]
[Progress:========================>     80%] [Cov:==============>                    42%]
[Progress:========================>     81%] [Cov:==============>                    42%]
[Progress:========================>     81%] [Cov:==============>                    42%]
[Progress:========================>     81%] [Cov:==============>                    42%]
[Progress:========================>     81%] [Cov:==============>                    42%]
[Progress:========================>     83%] [Cov:==============>                    42%]
[Progress:========================>     83%] [Cov:==============>                    42%]
[Progress:========================>     83%] [Cov:==============>                    42%]
[Progress:========================>     83%] [Cov:==============>                    42%]
[Progress:=========================>    85%] [Cov:==============>                    42%]
[Progress:=========================>    85%] [Cov:==============>                    42%]
[Progress:=========================>    85%] [Cov:==============>                    42%]
[Progress:=========================>    86%] [Cov:==============>                    41%]
[Progress:=========================>    86%] [Cov:==============>                    42%]
[Progress:=========================>    86%] [Cov:==============>                    42%]
[Progress:=========================>    86%] [Cov:==============>                    42%]
[Progress:==========================>   88%] [Cov:==============>                    42%]
[Progress:==========================>   88%] [Cov:==============>                    42%]
[Progress:==========================>   88%] [Cov:==============>                    42%]
[Progress:==========================>   88%] [Cov:==============>                    42%]
[Progress:===========================>  90%] [Cov:==============>                    42%]
[Progress:===========================>  90%] [Cov:==============>                    42%]
[Progress:===========================>  90%] [Cov:==============>                    42%]
[Progress:===========================>  91%] [Cov:==============>                    42%]
[Progress:===========================>  91%] [Cov:==============>                    42%]
[Progress:===========================>  91%] [Cov:==============>                    42%]
[Progress:===========================>  91%] [Cov:==============>                    42%]
[Progress:===========================>  93%] [Cov:==============>                    42%]
[Progress:===========================>  93%] [Cov:==============>                    42%]
[Progress:============================> 95%] [Cov:==============>                    42%]
[Progress:============================> 95%] [Cov:==============>                    42%]
[Progress:============================> 95%] [Cov:==============>                    42%]
[Progress:============================> 96%] [Cov:==============>                    41%]
[Progress:============================> 96%] [Cov:==============>                    42%]
[Progress:============================> 96%] [Cov:==============>                    42%]
[Progress:============================> 96%] [Cov:==============>                    42%]
[Progress:=============================>98%] [Cov:==============>                    42%]
[Progress:==============================100%] [Cov:==============>                    42%]
[Progress:==============================100%] [Cov:==============>                    42%]
[Progress:==============================100%] [Cov:==============>                    42%]
[Progress:==============================100%] [Cov:==============>                    41%]
* Search finished after 61s and 114 generations, 47197 statements, best individual has fitness: 430.9855072463768
* Minimizing test suite
* Going to analyze the coverage criteria
* Coverage analysis for criterion LINE
* Coverage of criterion LINE: 31%
* Total number of goals: 102
* Number of covered goals: 32
* Coverage analysis for criterion BRANCH
* Coverage of criterion BRANCH: 26%
* Total number of goals: 57
* Number of covered goals: 15
* Coverage analysis for criterion EXCEPTION
* Coverage of criterion EXCEPTION: 29%
* Total number of goals: 7
* Number of covered goals: 2
* Coverage analysis for criterion WEAKMUTATION
* Coverage of criterion WEAKMUTATION: 7%
* Total number of goals: 238
* Number of covered goals: 16
* Coverage analysis for criterion OUTPUT
* Coverage of criterion OUTPUT: 0%
* Total number of goals: 4
* Number of covered goals: 0
* Coverage analysis for criterion METHOD
* Coverage of criterion METHOD: 82%
* Total number of goals: 11
* Number of covered goals: 9
* Coverage analysis for criterion METHODNOEXCEPTION
* Coverage of criterion METHODNOEXCEPTION: 73%
* Total number of goals: 11
* Number of covered goals: 8
* Coverage analysis for criterion CBRANCH
* Coverage of criterion CBRANCH: 26%
* Total number of goals: 57
* Number of covered goals: 15
* Generated 8 tests with total length 48
* Resulting test suite's coverage: 42% (average coverage for all fitness functions)
* Generating assertions
* Resulting test suite's mutation score: 3%
* Compiling and checking tests
* Writing tests to file
* Writing JUnit test case 'NonLinearConjugateGradientOptimizer_ESTest' to evosuite-tests
* Done!

* Computation finished

