CMD: /usr/lib/jvm/java-8-openjdk-amd64/bin/java -Dtools_jar_location=/usr/lib/jvm/java-8-openjdk-amd64/lib/tools.jar -jar /home/pizza/evosuite/evosuite-1.2.0.jar -generateSuite -class com.google.javascript.rhino.jstype.FunctionType -projectCP /home/pizza/evosuite/Test/Closure-152b/build/classes:/home/pizza/evosuite/Test/Closure-152b/lib/ant_deploy.jar:/home/pizza/evosuite/Test/Closure-152b/lib/args4j_deploy.jar:/home/pizza/evosuite/Test/Closure-152b/lib/guava-r06.jar:/home/pizza/evosuite/Test/Closure-152b/lib/hamcrest-core-1.1.jar:/home/pizza/evosuite/Test/Closure-152b/lib/json.jar:/home/pizza/evosuite/Test/Closure-152b/lib/jsr305.jar:/home/pizza/evosuite/Test/Closure-152b/lib/junit.jar:/home/pizza/evosuite/Test/Closure-152b/lib/libtrunk_rhino_parser_jarjared.jar:/home/pizza/evosuite/Test/Closure-152b/lib/protobuf-java-2.3.0.jar -base_dir /home/pizza/evosuite/results/project-Closure/Closure-152/round02/evosuite-work -seed 11 -Dalgorithm=NSGAII -Dsearch_budget=150 -Dtest_format=JUNIT4 -Dassertions=true

* EvoSuite 1.2.0
* Going to generate test cases for class: com.google.javascript.rhino.jstype.FunctionType
* Starting Client-0
* Connecting to master process on port 8220
* Analyzing classpath: 
  - /home/pizza/evosuite/Test/Closure-152b/build/classes
  - /home/pizza/evosuite/Test/Closure-152b/lib/ant_deploy.jar
  - /home/pizza/evosuite/Test/Closure-152b/lib/args4j_deploy.jar
  - /home/pizza/evosuite/Test/Closure-152b/lib/guava-r06.jar
  - /home/pizza/evosuite/Test/Closure-152b/lib/hamcrest-core-1.1.jar
  - /home/pizza/evosuite/Test/Closure-152b/lib/json.jar
  - /home/pizza/evosuite/Test/Closure-152b/lib/jsr305.jar
  - /home/pizza/evosuite/Test/Closure-152b/lib/junit.jar
  - /home/pizza/evosuite/Test/Closure-152b/lib/libtrunk_rhino_parser_jarjared.jar
  - /home/pizza/evosuite/Test/Closure-152b/lib/protobuf-java-2.3.0.jar
* Finished analyzing classpath
* Generating tests for class com.google.javascript.rhino.jstype.FunctionType
* Test criteria:
  - Line Coverage
  - Branch Coverage
  - Exception
  - Mutation testing (weak)
  - Method-Output Coverage
  - Top-Level Method Coverage
  - No-Exception Top-Level Method Coverage
  - Context Branch Coverage
* Setting up search algorithm for whole suite generation
* Total number of test goals: 
  - Line 347
  - Branch 300
  - Exception 0
  - MutationFactory 526
  - Output 725
  - Method 48
  - MethodNoException 48
  - CBranchFitnessFactory 300

[Progress:>                             0%] [Cov:>                                  0%]* Using seed 11
* Starting evolution

[Progress:>                             0%] [Cov:>                                  0%]
[Progress:>                             0%] [Cov:>                                  2%]
[Progress:>                             0%] [Cov:=>                                 3%]
[Progress:>                             0%] [Cov:=>                                 4%]
[Progress:>                             0%] [Cov:=====>                             16%]
[Progress:>                             0%] [Cov:=====>                             17%]
[Progress:>                             1%] [Cov:=====>                             17%]
[Progress:>                             1%] [Cov:======>                            18%]
[Progress:>                             1%] [Cov:======>                            19%]
[Progress:>                             1%] [Cov:=======>                           20%]
[Progress:>                             1%] [Cov:=======>                           21%]
[Progress:>                             1%] [Cov:=======>                           22%]
[Progress:>                             1%] [Cov:========>                          23%]
[Progress:>                             2%] [Cov:=>                                 4%]
[Progress:>                             2%] [Cov:==>                                7%]
[Progress:>                             2%] [Cov:=====>                             15%]
[Progress:>                             2%] [Cov:======>                            19%]
[Progress:>                             2%] [Cov:========>                          23%]
[Progress:>                             2%] [Cov:========>                          24%]
[Progress:>                             2%] [Cov:=========>                         26%]
[Progress:>                             2%] [Cov:=========>                         27%]
[Progress:>                             2%] [Cov:==========>                        29%]
[Progress:>                             2%] [Cov:==========>                        30%]
[Progress:>                             2%] [Cov:===========>                       34%]
[Progress:>                             2%] [Cov:=============>                     39%]
[Progress:>                             2%] [Cov:==============>                    41%]
[Progress:>                             3%] [Cov:>                                  1%]
[Progress:>                             3%] [Cov:=>                                 3%]
[Progress:>                             3%] [Cov:=====>                             16%]
[Progress:>                             3%] [Cov:=====>                             17%]
[Progress:>                             3%] [Cov:======>                            18%]
[Progress:>                             3%] [Cov:======>                            19%]
[Progress:>                             3%] [Cov:=======>                           21%]
[Progress:>                             3%] [Cov:========>                          24%]
[Progress:>                             3%] [Cov:=========>                         26%]
[Progress:>                             3%] [Cov:=========>                         27%]
[Progress:>                             3%] [Cov:==========>                        31%]
[Progress:>                             3%] [Cov:============>                      35%]
[Progress:>                             3%] [Cov:============>                      37%]
[Progress:=>                            4%] [Cov:=====>                             17%]
[Progress:=>                            4%] [Cov:======>                            18%]
[Progress:=>                            4%] [Cov:======>                            19%]
[Progress:=>                            4%] [Cov:=======>                           20%]
[Progress:=>                            4%] [Cov:=======>                           22%]
[Progress:=>                            4%] [Cov:========>                          24%]
[Progress:=>                            4%] [Cov:========>                          25%]
[Progress:=>                            4%] [Cov:=========>                         26%]
[Progress:=>                            4%] [Cov:==============>                    41%]
[Progress:=>                            5%] [Cov:=========>                         28%]
[Progress:=>                            5%] [Cov:============>                      37%]
[Progress:=>                            5%] [Cov:==============>                    41%]
[Progress:=>                            6%] [Cov:=======>                           21%]
[Progress:=>                            6%] [Cov:=========>                         26%]
[Progress:=>                            6%] [Cov:==============>                    41%]
[Progress:=>                            6%] [Cov:==============>                    42%]
[Progress:==>                           7%] [Cov:=====>                             17%]
[Progress:==>                           7%] [Cov:==============>                    41%]
[Progress:==>                           7%] [Cov:=============>                     39%]
[Progress:==>                           7%] [Cov:==============>                    40%]
[Progress:==>                           7%] [Cov:==============>                    42%]
[Progress:==>                           7%] [Cov:===============>                   43%]
[Progress:==>                           8%] [Cov:=========>                         28%]
[Progress:==>                           8%] [Cov:==========>                        30%]
[Progress:==>                           8%] [Cov:==========>                        31%]
[Progress:==>                           8%] [Cov:=============>                     38%]
[Progress:==>                           8%] [Cov:=============>                     39%]
[Progress:==>                           8%] [Cov:==============>                    41%]
[Progress:==>                           8%] [Cov:==============>                    42%]
[Progress:==>                           8%] [Cov:===============>                   43%]
[Progress:==>                           9%] [Cov:=============>                     38%]
[Progress:==>                           9%] [Cov:==============>                    41%]
[Progress:==>                           9%] [Cov:==============>                    42%]
[Progress:==>                           9%] [Cov:===============>                   43%]
[Progress:==>                           9%] [Cov:===============>                   44%]
[Progress:==>                           9%] [Cov:===============>                   45%]
[Progress:==>                           9%] [Cov:================>                  46%]
[Progress:===>                          10%] [Cov:==============>                    40%]
[Progress:===>                          10%] [Cov:==============>                    41%]
[Progress:===>                          10%] [Cov:==============>                    42%]
[Progress:===>                          10%] [Cov:===============>                   43%]
[Progress:===>                          10%] [Cov:===============>                   44%]
[Progress:===>                          10%] [Cov:===============>                   45%]
[Progress:===>                          10%] [Cov:================>                  46%]
[Progress:===>                          11%] [Cov:=============>                     39%]
[Progress:===>                          11%] [Cov:==============>                    41%]
[Progress:===>                          11%] [Cov:===============>                   43%]
[Progress:===>                          11%] [Cov:===============>                   44%]
[Progress:===>                          11%] [Cov:================>                  46%]
[Progress:===>                          12%] [Cov:==============>                    42%]
[Progress:===>                          12%] [Cov:===============>                   45%]
[Progress:===>                          12%] [Cov:================>                  46%]
[Progress:===>                          12%] [Cov:================>                  46%]
[Progress:===>                          13%] [Cov:===============>                   43%]
[Progress:===>                          13%] [Cov:================>                  46%]
[Progress:====>                         14%] [Cov:===============>                   44%]
[Progress:====>                         14%] [Cov:===============>                   45%]
[Progress:====>                         14%] [Cov:================>                  46%]
[Progress:====>                         14%] [Cov:================>                  46%]
[Progress:====>                         14%] [Cov:================>                  47%]
[Progress:====>                         14%] [Cov:================>                  48%]
[Progress:====>                         15%] [Cov:==============>                    42%]
[Progress:====>                         15%] [Cov:===============>                   43%]
[Progress:====>                         15%] [Cov:===============>                   44%]
[Progress:====>                         15%] [Cov:===============>                   45%]
[Progress:====>                         15%] [Cov:================>                  46%]
[Progress:====>                         15%] [Cov:================>                  48%]
[Progress:====>                         15%] [Cov:=================>                 49%]
[Progress:====>                         16%] [Cov:==============>                    40%]
[Progress:====>                         16%] [Cov:===============>                   45%]
[Progress:====>                         16%] [Cov:================>                  46%]
[Progress:====>                         16%] [Cov:================>                  46%]
[Progress:====>                         16%] [Cov:================>                  48%]
[Progress:====>                         16%] [Cov:=================>                 49%]
[Progress:====>                         16%] [Cov:=================>                 50%]
[Progress:=====>                        17%] [Cov:===============>                   44%]
[Progress:=====>                        17%] [Cov:================>                  46%]
[Progress:=====>                        17%] [Cov:================>                  47%]
[Progress:=====>                        17%] [Cov:================>                  48%]
[Progress:=====>                        18%] [Cov:==============>                    42%]
[Progress:=====>                        18%] [Cov:===============>                   44%]
[Progress:=====>                        18%] [Cov:===============>                   45%]
[Progress:=====>                        18%] [Cov:================>                  46%]
[Progress:=====>                        18%] [Cov:================>                  47%]
[Progress:=====>                        18%] [Cov:================>                  48%]
[Progress:=====>                        18%] [Cov:=================>                 50%]
[Progress:=====>                        19%] [Cov:================>                  46%]
[Progress:=====>                        19%] [Cov:================>                  47%]
[Progress:=====>                        19%] [Cov:================>                  48%]
[Progress:=====>                        19%] [Cov:=================>                 49%]
[Progress:======>                       20%] [Cov:===============>                   45%]
[Progress:======>                       20%] [Cov:================>                  48%]
[Progress:======>                       20%] [Cov:=================>                 49%]
[Progress:======>                       20%] [Cov:=================>                 50%]
[Progress:======>                       20%] [Cov:=================>                 51%]
[Progress:======>                       20%] [Cov:=================>                 51%]
[Progress:======>                       21%] [Cov:================>                  46%]
[Progress:======>                       21%] [Cov:================>                  48%]
[Progress:======>                       21%] [Cov:=================>                 50%]
[Progress:======>                       21%] [Cov:=================>                 51%]
[Progress:======>                       22%] [Cov:===============>                   43%]
[Progress:======>                       22%] [Cov:=================>                 49%]
[Progress:======>                       22%] [Cov:=================>                 50%]
[Progress:======>                       22%] [Cov:=================>                 51%]
[Progress:======>                       22%] [Cov:=================>                 51%]
[Progress:======>                       23%] [Cov:=================>                 49%]
[Progress:======>                       23%] [Cov:=================>                 51%]
[Progress:======>                       23%] [Cov:==================>                52%]
[Progress:=======>                      24%] [Cov:================>                  48%]
[Progress:=======>                      24%] [Cov:=================>                 49%]
[Progress:=======>                      24%] [Cov:=================>                 50%]
[Progress:=======>                      24%] [Cov:=================>                 51%]
[Progress:=======>                      24%] [Cov:==================>                52%]
[Progress:=======>                      24%] [Cov:=================>                 51%]
[Progress:=======>                      24%] [Cov:==================>                52%]
[Progress:=======>                      25%] [Cov:=================>                 50%]
[Progress:=======>                      25%] [Cov:==================>                52%]
[Progress:=======>                      25%] [Cov:==================>                53%]
[Progress:=======>                      26%] [Cov:=================>                 50%]
[Progress:=======>                      26%] [Cov:=================>                 51%]
[Progress:=======>                      26%] [Cov:==================>                52%]
[Progress:========>                     27%] [Cov:=================>                 51%]
[Progress:========>                     27%] [Cov:==================>                52%]
[Progress:========>                     27%] [Cov:==================>                53%]
[Progress:========>                     27%] [Cov:==================>                54%]
[Progress:========>                     28%] [Cov:=================>                 51%]
[Progress:========>                     28%] [Cov:==================>                52%]
[Progress:========>                     28%] [Cov:==================>                53%]
[Progress:========>                     28%] [Cov:==================>                54%]
[Progress:========>                     29%] [Cov:==================>                52%]
[Progress:========>                     29%] [Cov:==================>                54%]
[Progress:=========>                    30%] [Cov:=================>                 50%]
[Progress:=========>                    30%] [Cov:==================>                52%]
[Progress:=========>                    30%] [Cov:==================>                53%]
[Progress:=========>                    30%] [Cov:==================>                54%]
[Progress:=========>                    30%] [Cov:===================>               55%]
[Progress:=========>                    31%] [Cov:=================>                 49%]
[Progress:=========>                    31%] [Cov:=================>                 51%]
[Progress:=========>                    31%] [Cov:==================>                52%]
[Progress:=========>                    31%] [Cov:==================>                53%]
[Progress:=========>                    31%] [Cov:==================>                54%]
[Progress:=========>                    31%] [Cov:===================>               55%]
[Progress:=========>                    32%] [Cov:==================>                54%]
[Progress:=========>                    32%] [Cov:===================>               55%]
[Progress:=========>                    32%] [Cov:===================>               56%]
[Progress:=========>                    33%] [Cov:=================>                 51%]
[Progress:=========>                    33%] [Cov:==================>                52%]
[Progress:=========>                    33%] [Cov:==================>                53%]
[Progress:=========>                    33%] [Cov:==================>                54%]
[Progress:=========>                    33%] [Cov:===================>               55%]
[Progress:==========>                   34%] [Cov:==================>                52%]
[Progress:==========>                   34%] [Cov:==================>                53%]
[Progress:==========>                   34%] [Cov:==================>                54%]
[Progress:==========>                   34%] [Cov:===================>               56%]
[Progress:==========>                   35%] [Cov:==================>                54%]
[Progress:==========>                   35%] [Cov:===================>               55%]
[Progress:==========>                   35%] [Cov:===================>               56%]
[Progress:==========>                   36%] [Cov:==================>                53%]
[Progress:==========>                   36%] [Cov:==================>                54%]
[Progress:==========>                   36%] [Cov:===================>               55%]
[Progress:==========>                   36%] [Cov:===================>               56%]
[Progress:===========>                  37%] [Cov:===================>               55%]
[Progress:===========>                  37%] [Cov:===================>               57%]
[Progress:===========>                  37%] [Cov:====================>              58%]
[Progress:===========>                  38%] [Cov:==================>                54%]
[Progress:===========>                  38%] [Cov:===================>               55%]
[Progress:===========>                  38%] [Cov:===================>               56%]
[Progress:===========>                  39%] [Cov:===================>               55%]
[Progress:===========>                  39%] [Cov:===================>               56%]
[Progress:===========>                  39%] [Cov:===================>               57%]
[Progress:===========>                  39%] [Cov:====================>              58%]
[Progress:============>                 40%] [Cov:==================>                53%]
[Progress:============>                 40%] [Cov:===================>               55%]
[Progress:============>                 40%] [Cov:===================>               56%]
[Progress:============>                 40%] [Cov:===================>               57%]
[Progress:============>                 40%] [Cov:====================>              58%]
[Progress:============>                 41%] [Cov:==================>                53%]
[Progress:============>                 41%] [Cov:===================>               55%]
[Progress:============>                 41%] [Cov:===================>               56%]
[Progress:============>                 41%] [Cov:===================>               57%]
[Progress:============>                 42%] [Cov:==================>                54%]
[Progress:============>                 42%] [Cov:===================>               56%]
[Progress:============>                 42%] [Cov:===================>               57%]
[Progress:============>                 42%] [Cov:====================>              58%]
[Progress:============>                 43%] [Cov:===================>               56%]
[Progress:=============>                44%] [Cov:===================>               55%]
[Progress:=============>                44%] [Cov:====================>              58%]
[Progress:=============>                44%] [Cov:====================>              58%]
[Progress:=============>                44%] [Cov:====================>              59%]
[Progress:=============>                45%] [Cov:===================>               57%]
[Progress:=============>                45%] [Cov:====================>              58%]
[Progress:=============>                46%] [Cov:===================>               55%]
[Progress:=============>                46%] [Cov:===================>               57%]
[Progress:=============>                46%] [Cov:====================>              58%]
[Progress:=============>                46%] [Cov:====================>              59%]
[Progress:==============>               47%] [Cov:====================>              58%]
[Progress:==============>               47%] [Cov:====================>              58%]
[Progress:==============>               48%] [Cov:===================>               56%]
[Progress:==============>               48%] [Cov:====================>              58%]
[Progress:==============>               48%] [Cov:====================>              59%]
[Progress:==============>               49%] [Cov:==================>                54%]
[Progress:==============>               49%] [Cov:====================>              58%]
[Progress:===============>              50%] [Cov:===================>               57%]
[Progress:===============>              50%] [Cov:====================>              58%]
[Progress:===============>              50%] [Cov:====================>              59%]
[Progress:===============>              51%] [Cov:==================>                54%]
[Progress:===============>              51%] [Cov:===================>               57%]
[Progress:===============>              51%] [Cov:====================>              58%]
[Progress:===============>              51%] [Cov:====================>              59%]
[Progress:===============>              51%] [Cov:=====================>             60%]
[Progress:===============>              52%] [Cov:===================>               57%]
[Progress:===============>              52%] [Cov:====================>              58%]
[Progress:===============>              52%] [Cov:====================>              59%]
[Progress:===============>              52%] [Cov:====================>              58%]
[Progress:===============>              53%] [Cov:===================>               57%]
[Progress:===============>              53%] [Cov:====================>              58%]
[Progress:===============>              53%] [Cov:====================>              59%]
[Progress:===============>              53%] [Cov:=====================>             60%]
[Progress:================>             54%] [Cov:===================>               57%]
[Progress:================>             54%] [Cov:====================>              58%]
[Progress:================>             54%] [Cov:====================>              59%]
[Progress:================>             54%] [Cov:=====================>             60%]
[Progress:================>             54%] [Cov:=====================>             61%]
[Progress:================>             55%] [Cov:====================>              59%]
[Progress:================>             55%] [Cov:=====================>             60%]
[Progress:================>             55%] [Cov:=====================>             61%]
[Progress:================>             56%] [Cov:===================>               56%]
[Progress:================>             56%] [Cov:===================>               57%]
[Progress:================>             56%] [Cov:=====================>             61%]
[Progress:=================>            57%] [Cov:=====================>             60%]
[Progress:=================>            57%] [Cov:=====================>             61%]
[Progress:=================>            58%] [Cov:====================>              59%]
[Progress:=================>            58%] [Cov:=====================>             60%]
[Progress:=================>            58%] [Cov:=====================>             61%]
[Progress:=================>            58%] [Cov:=====================>             62%]
[Progress:=================>            59%] [Cov:=====================>             60%]
[Progress:=================>            59%] [Cov:=====================>             61%]
[Progress:=================>            59%] [Cov:=====================>             62%]
[Progress:==================>           60%] [Cov:=====================>             60%]
[Progress:==================>           60%] [Cov:=====================>             61%]
[Progress:==================>           60%] [Cov:=====================>             62%]
[Progress:==================>           61%] [Cov:=====================>             60%]
[Progress:==================>           61%] [Cov:=====================>             61%]
[Progress:==================>           61%] [Cov:=====================>             62%]
[Progress:==================>           62%] [Cov:====================>              59%]
[Progress:==================>           62%] [Cov:=====================>             61%]
[Progress:==================>           62%] [Cov:=====================>             62%]
[Progress:==================>           63%] [Cov:=====================>             61%]
[Progress:==================>           63%] [Cov:=====================>             62%]
[Progress:===================>          64%] [Cov:====================>              59%]
[Progress:===================>          64%] [Cov:=====================>             60%]
[Progress:===================>          64%] [Cov:=====================>             61%]
[Progress:===================>          65%] [Cov:====================>              59%]
[Progress:===================>          65%] [Cov:=====================>             61%]
[Progress:===================>          65%] [Cov:=====================>             62%]
[Progress:===================>          65%] [Cov:=====================>             62%]
[Progress:===================>          66%] [Cov:=====================>             60%]
[Progress:===================>          66%] [Cov:=====================>             61%]
[Progress:===================>          66%] [Cov:=====================>             62%]
[Progress:===================>          66%] [Cov:======================>            63%]
[Progress:====================>         67%] [Cov:====================>              59%]
[Progress:====================>         67%] [Cov:=====================>             62%]
[Progress:====================>         67%] [Cov:======================>            63%]
[Progress:====================>         68%] [Cov:=====================>             61%]
[Progress:====================>         68%] [Cov:=====================>             62%]
[Progress:====================>         68%] [Cov:=====================>             61%]
[Progress:====================>         69%] [Cov:=====================>             61%]
[Progress:====================>         69%] [Cov:=====================>             62%]
[Progress:=====================>        70%] [Cov:=====================>             62%]
[Progress:=====================>        71%] [Cov:=====================>             62%]
[Progress:=====================>        72%] [Cov:====================>              59%]
[Progress:=====================>        72%] [Cov:=====================>             61%]
[Progress:=====================>        72%] [Cov:=====================>             62%]
[Progress:=====================>        72%] [Cov:======================>            63%]
[Progress:=====================>        72%] [Cov:=====================>             61%]
[Progress:=====================>        72%] [Cov:=====================>             62%]
[Progress:=====================>        73%] [Cov:=====================>             61%]
[Progress:=====================>        73%] [Cov:=====================>             62%]
[Progress:=====================>        73%] [Cov:======================>            63%]
[Progress:======================>       74%] [Cov:=====================>             62%]
[Progress:======================>       74%] [Cov:======================>            63%]
[Progress:======================>       75%] [Cov:=====================>             61%]
[Progress:======================>       75%] [Cov:=====================>             62%]
[Progress:======================>       75%] [Cov:======================>            63%]
[Progress:======================>       75%] [Cov:=====================>             62%]
[Progress:======================>       76%] [Cov:=====================>             61%]
[Progress:======================>       76%] [Cov:=====================>             62%]
[Progress:======================>       76%] [Cov:======================>            63%]
[Progress:=======================>      77%] [Cov:=====================>             61%]
[Progress:=======================>      77%] [Cov:=====================>             62%]
[Progress:=======================>      77%] [Cov:======================>            63%]
[Progress:=======================>      78%] [Cov:=====================>             62%]
[Progress:=======================>      78%] [Cov:======================>            63%]
[Progress:=======================>      78%] [Cov:=====================>             62%]
[Progress:=======================>      78%] [Cov:======================>            63%]
[Progress:=======================>      78%] [Cov:======================>            64%]
[Progress:=======================>      79%] [Cov:=====================>             60%]
[Progress:=======================>      79%] [Cov:======================>            63%]
[Progress:========================>     80%] [Cov:=====================>             61%]
[Progress:========================>     80%] [Cov:=====================>             62%]
[Progress:========================>     80%] [Cov:======================>            63%]
[Progress:========================>     81%] [Cov:=====================>             62%]
[Progress:========================>     81%] [Cov:======================>            63%]
[Progress:========================>     81%] [Cov:======================>            64%]
[Progress:========================>     82%] [Cov:=====================>             62%]
[Progress:========================>     82%] [Cov:======================>            63%]
[Progress:========================>     83%] [Cov:=====================>             62%]
[Progress:========================>     83%] [Cov:======================>            63%]
[Progress:=========================>    84%] [Cov:=====================>             62%]
[Progress:=========================>    84%] [Cov:======================>            63%]
[Progress:=========================>    85%] [Cov:=====================>             62%]
[Progress:=========================>    85%] [Cov:======================>            63%]
[Progress:=========================>    85%] [Cov:======================>            64%]
[Progress:=========================>    85%] [Cov:======================>            64%]
[Progress:=========================>    86%] [Cov:=====================>             61%]
[Progress:=========================>    86%] [Cov:======================>            63%]
[Progress:=========================>    86%] [Cov:======================>            64%]
[Progress:==========================>   87%] [Cov:=====================>             61%]
[Progress:==========================>   87%] [Cov:=====================>             62%]
[Progress:==========================>   87%] [Cov:======================>            63%]
[Progress:==========================>   88%] [Cov:======================>            63%]
[Progress:==========================>   88%] [Cov:======================>            64%]
[Progress:==========================>   89%] [Cov:=====================>             62%]
[Progress:==========================>   89%] [Cov:======================>            63%]
[Progress:==========================>   89%] [Cov:======================>            64%]
[Progress:===========================>  90%] [Cov:=====================>             62%]
[Progress:===========================>  90%] [Cov:======================>            63%]
[Progress:===========================>  90%] [Cov:======================>            64%]
[Progress:===========================>  91%] [Cov:======================>            63%]
[Progress:===========================>  91%] [Cov:======================>            64%]
[Progress:===========================>  92%] [Cov:=====================>             62%]
[Progress:===========================>  92%] [Cov:======================>            64%]
[Progress:===========================>  93%] [Cov:=====================>             60%]
[Progress:===========================>  93%] [Cov:======================>            63%]
[Progress:===========================>  93%] [Cov:======================>            63%]
[Progress:============================> 94%] [Cov:======================>            63%]
[Progress:============================> 94%] [Cov:======================>            64%]
[Progress:============================> 95%] [Cov:======================>            63%]
[Progress:============================> 95%] [Cov:======================>            64%]
[Progress:============================> 95%] [Cov:======================>            65%]
[Progress:============================> 96%] [Cov:======================>            63%]
[Progress:============================> 96%] [Cov:======================>            64%]
[Progress:============================> 96%] [Cov:======================>            65%]
[Progress:=============================>97%] [Cov:======================>            63%]
[Progress:=============================>97%] [Cov:======================>            65%]
[Progress:=============================>97%] [Cov:======================>            64%]
[Progress:=============================>98%] [Cov:======================>            63%]
[Progress:=============================>98%] [Cov:======================>            64%]
[Progress:=============================>99%] [Cov:=====================>             62%]
[Progress:=============================>99%] [Cov:======================>            63%]
[Progress:=============================>99%] [Cov:======================>            64%]
[Progress:==============================100%] [Cov:====================>              59%]
[Progress:==============================100%] [Cov:=====================>             61%]
[Progress:==============================100%] [Cov:======================>            64%]
[Progress:==============================100%] [Cov:======================>            64%]
[Progress:==============================100%] [Cov:======================>            65%]
[Progress:==============================100%] [Cov:======================>            64%]
* Search finished after 153s and 37 generations, 20221 statements, best individual has fitness: 1292.1572326845464
* Minimizing test suite
* Going to analyze the coverage criteria
* Coverage analysis for criterion LINE
* Coverage of criterion LINE: 70%
* Total number of goals: 347
* Number of covered goals: 243
* Coverage analysis for criterion BRANCH
* Coverage of criterion BRANCH: 56%
* Total number of goals: 300
* Number of covered goals: 168
* Coverage analysis for criterion EXCEPTION
* Coverage of criterion EXCEPTION: 18%
* Total number of goals: 22
* Number of covered goals: 4
* Coverage analysis for criterion WEAKMUTATION
* Coverage of criterion WEAKMUTATION: 63%
* Total number of goals: 526
* Number of covered goals: 331
* Coverage analysis for criterion OUTPUT
* Coverage of criterion OUTPUT: 38%
* Total number of goals: 725
* Number of covered goals: 273
* Coverage analysis for criterion METHOD
* Coverage of criterion METHOD: 90%
* Total number of goals: 48
* Number of covered goals: 43
* Coverage analysis for criterion METHODNOEXCEPTION
* Coverage of criterion METHODNOEXCEPTION: 88%
* Total number of goals: 48
* Number of covered goals: 42
* Coverage analysis for criterion CBRANCH
* Coverage of criterion CBRANCH: 50%
* Total number of goals: 300
* Number of covered goals: 150
* Generated 64 tests with total length 369
* Resulting test suite's coverage: 65% (average coverage for all fitness functions)
* Generating assertions
* Resulting test suite's mutation score: 32%
* Compiling and checking tests
[MASTER] 04:09:17.726 [logback-1] WARN  JUnitAnalyzer - Found unstable test named test0 -> class java.lang.AssertionError: null
[MASTER] 04:09:17.726 [logback-1] WARN  JUnitAnalyzer - Failing test:
 SimpleErrorReporter simpleErrorReporter0 = new SimpleErrorReporter();
JSTypeRegistry jSTypeRegistry0 = new JSTypeRegistry(simpleErrorReporter0);
Node node0 = Node.newNumber((-730.31));
UnresolvedTypeExpression unresolvedTypeExpression0 = new UnresolvedTypeExpression(jSTypeRegistry0, node0, ")nC3e\";aK\"O*DPM<1", true);
JSType[] jSTypeArray0 = new JSType[0];
FunctionType functionType0 = jSTypeRegistry0.createConstructorType((JSType) unresolvedTypeExpression0, true, jSTypeArray0);
functionType0.getLeastSupertype(functionType0);
assertTrue(functionType0.hasCachedValues());


[MASTER] 04:09:18.193 [logback-1] WARN  JUnitAnalyzer - Found unstable test named test0 -> class java.lang.AssertionError: null
[MASTER] 04:09:18.193 [logback-1] WARN  JUnitAnalyzer - Failing test:
 SimpleErrorReporter simpleErrorReporter0 = new SimpleErrorReporter();
JSTypeRegistry jSTypeRegistry0 = new JSTypeRegistry(simpleErrorReporter0);
Node node0 = Node.newNumber((-730.31));
UnresolvedTypeExpression unresolvedTypeExpression0 = new UnresolvedTypeExpression(jSTypeRegistry0, node0, ")nC3e\";aK\"O*DPM<1", true);
JSType[] jSTypeArray0 = new JSType[0];
FunctionType functionType0 = jSTypeRegistry0.createConstructorType((JSType) unresolvedTypeExpression0, true, jSTypeArray0);
FunctionType functionType1 = jSTypeRegistry0.createFunctionTypeWithVarArgs((JSType) functionType0, jSTypeArray0);
FunctionType functionType2 = jSTypeRegistry0.createFunctionTypeWithNewReturnType(functionType1, functionType1);
boolean boolean0 = functionType1.isEquivalentTo(functionType2);
assertTrue(functionType0.hasCachedValues());
assertFalse(boolean0);


[MASTER] 04:09:26.982 [logback-1] WARN  JUnitAnalyzer - Found unstable test named test0 -> class java.lang.AssertionError: null
[MASTER] 04:09:26.982 [logback-1] WARN  JUnitAnalyzer - Failing test:
 SimpleErrorReporter simpleErrorReporter0 = new SimpleErrorReporter();
JSTypeRegistry jSTypeRegistry0 = new JSTypeRegistry(simpleErrorReporter0, false);
NoObjectType noObjectType0 = new NoObjectType(jSTypeRegistry0);
FunctionType functionType0 = jSTypeRegistry0.createFunctionTypeWithNewThisType(noObjectType0, noObjectType0);
JSType.safeResolve(functionType0, simpleErrorReporter0, (StaticScope<JSType>) null);
JSType jSType0 = jSTypeRegistry0.createNamedType("Not declared as a constructor", "Not declared as a constructor", 0, 0);
noObjectType0.getLeastSupertype(jSType0);
assertTrue(noObjectType0.hasCachedValues());


[MASTER] 04:09:28.317 [logback-1] WARN  JUnitAnalyzer - Found unstable test named test0 -> class java.lang.AssertionError: null
[MASTER] 04:09:28.317 [logback-1] WARN  JUnitAnalyzer - Failing test:
 SimpleErrorReporter simpleErrorReporter0 = new SimpleErrorReporter();
JSTypeRegistry jSTypeRegistry0 = new JSTypeRegistry(simpleErrorReporter0, false);
NoObjectType noObjectType0 = new NoObjectType(jSTypeRegistry0);
FunctionType functionType0 = jSTypeRegistry0.createFunctionTypeWithNewThisType(noObjectType0, noObjectType0);
JSType.safeResolve(functionType0, simpleErrorReporter0, (StaticScope<JSType>) null);
functionType0.getTypeOfThis();
assertTrue(noObjectType0.hasCachedValues());


[MASTER] 04:09:29.641 [logback-1] WARN  JUnitAnalyzer - Found unstable test named test0 -> class org.junit.ComparisonFailure: expected:<function ({24[8}, function (this:me, {9}): me, {({247]},{11})}): function ...> but was:<function ({24[7}, function (this:me, {9}): me, {({246]},{11})}): function ...>
[MASTER] 04:09:29.642 [logback-1] WARN  JUnitAnalyzer - Failing test:
 SimpleErrorReporter simpleErrorReporter0 = new SimpleErrorReporter();
JSTypeRegistry jSTypeRegistry0 = new JSTypeRegistry(simpleErrorReporter0, false);
NoObjectType noObjectType0 = new NoObjectType(jSTypeRegistry0);
InstanceObjectType instanceObjectType0 = new InstanceObjectType(jSTypeRegistry0, noObjectType0, false);
ObjectType objectType0 = instanceObjectType0.getImplicitPrototype();
NoType noType0 = new NoType(jSTypeRegistry0);
JSType[] jSTypeArray0 = new JSType[3];
jSTypeArray0[0] = (JSType) objectType0;
jSTypeArray0[1] = (JSType) noType0;
jSTypeArray0[2] = (JSType) instanceObjectType0;
Node node0 = jSTypeRegistry0.createParametersWithVarArgs(jSTypeArray0);
FunctionType functionType0 = jSTypeRegistry0.createFunctionType((JSType) noType0, node0);
String string0 = functionType0.toDebugHashCodeString();
assertTrue(noType0.hasCachedValues());
assertEquals("function ({248}, function (this:me, {9}): me, {({247},{11})}): function (this:me, {9}): me", string0);


* Writing tests to file
* Writing JUnit test case 'FunctionType_ESTest' to evosuite-tests
* Done!

* Computation finished

