CMD: /usr/lib/jvm/java-8-openjdk-amd64/bin/java -Dtools_jar_location=/usr/lib/jvm/java-8-openjdk-amd64/lib/tools.jar -jar /home/pizza/TestRound2/evosuite-1.2.0.jar -generateSuite -class org.apache.commons.compress.archivers.tar.TarUtils -projectCP /home/pizza/TestRound2/Test/Compress-7b/target/classes -base_dir /home/pizza/TestRound2/results/project-Compress/Compress-7/round03/evosuite-work -seed 11 -Dalgorithm=NSGAII -Dsearch_budget=60 -Dtest_format=JUNIT4 -Dassertions=true

* EvoSuite 1.2.0
* Going to generate test cases for class: org.apache.commons.compress.archivers.tar.TarUtils
* Starting Client-0
* Connecting to master process on port 8220
* Analyzing classpath: 
  - /home/pizza/TestRound2/Test/Compress-7b/target/classes
* Finished analyzing classpath
* Generating tests for class org.apache.commons.compress.archivers.tar.TarUtils
* Test criteria:
  - Line Coverage
  - Branch Coverage
  - Exception
  - Mutation testing (weak)
  - Method-Output Coverage
  - Top-Level Method Coverage
  - No-Exception Top-Level Method Coverage
  - Context Branch Coverage
* Setting up search algorithm for whole suite generation
* Total number of test goals: 
  - Line 63
  - Branch 41
  - Exception 0
  - MutationFactory 656
  - Output 21
  - Method 8
  - MethodNoException 8
  - CBranchFitnessFactory 41

[Progress:>                             0%] [Cov:>                                  0%]* Using seed 11
* Starting evolution

[Progress:>                             0%] [Cov:>                                  0%]
[Progress:>                             0%] [Cov:>                                  1%]
[Progress:>                             0%] [Cov:==>                                6%]
[Progress:>                             0%] [Cov:===>                               11%]
[Progress:>                             0%] [Cov:=====>                             15%]
[Progress:>                             0%] [Cov:========>                          24%]
[Progress:>                             0%] [Cov:==========>                        31%]
[Progress:>                             0%] [Cov:===========>                       32%]
[Progress:>                             0%] [Cov:=============>                     39%]
[Progress:>                             0%] [Cov:==============>                    41%]
[Progress:>                             0%] [Cov:===============>                   43%]
[Progress:>                             0%] [Cov:===============>                   45%]
[Progress:>                             0%] [Cov:================>                  48%]
[Progress:>                             1%] [Cov:=>                                 5%]
[Progress:>                             1%] [Cov:==>                                6%]
[Progress:>                             1%] [Cov:===>                               10%]
[Progress:>                             1%] [Cov:===>                               11%]
[Progress:>                             1%] [Cov:========>                          23%]
[Progress:>                             1%] [Cov:=========>                         28%]
[Progress:>                             1%] [Cov:==========>                        29%]
[Progress:>                             1%] [Cov:==========>                        31%]
[Progress:>                             1%] [Cov:============>                      36%]
[Progress:>                             1%] [Cov:==============>                    40%]
[Progress:>                             1%] [Cov:===============>                   45%]
[Progress:>                             1%] [Cov:================>                  47%]
[Progress:>                             3%] [Cov:==>                                6%]
[Progress:>                             3%] [Cov:===>                               10%]
[Progress:>                             3%] [Cov:======>                            18%]
[Progress:>                             3%] [Cov:========>                          23%]
[Progress:>                             3%] [Cov:=========>                         27%]
[Progress:>                             3%] [Cov:==========>                        29%]
[Progress:>                             3%] [Cov:=============>                     38%]
[Progress:>                             3%] [Cov:===============>                   43%]
[Progress:>                             3%] [Cov:===============>                   45%]
[Progress:>                             3%] [Cov:=================>                 50%]
[Progress:>                             3%] [Cov:==================>                52%]
[Progress:>                             3%] [Cov:==============>                    40%]
[Progress:>                             3%] [Cov:================>                  48%]
[Progress:>                             3%] [Cov:=================>                 49%]
[Progress:>                             3%] [Cov:=================>                 50%]
[Progress:>                             3%] [Cov:=================>                 51%]
[Progress:>                             3%] [Cov:==================>                52%]
[Progress:>                             3%] [Cov:==================>                53%]
[Progress:>                             3%] [Cov:==================>                53%]
[Progress:=>                            5%] [Cov:==============>                    41%]
[Progress:=>                            5%] [Cov:===============>                   43%]
[Progress:=>                            5%] [Cov:===============>                   44%]
[Progress:=>                            5%] [Cov:================>                  47%]
[Progress:=>                            5%] [Cov:================>                  48%]
[Progress:=>                            5%] [Cov:==================>                52%]
[Progress:=>                            5%] [Cov:==================>                53%]
[Progress:=>                            5%] [Cov:==================>                53%]
[Progress:=>                            5%] [Cov:==================>                54%]
[Progress:=>                            6%] [Cov:==============>                    41%]
[Progress:=>                            6%] [Cov:=================>                 50%]
[Progress:=>                            6%] [Cov:==================>                53%]
[Progress:=>                            6%] [Cov:==================>                54%]
[Progress:=>                            6%] [Cov:===================>               55%]
[Progress:=>                            6%] [Cov:====================>              58%]
[Progress:=>                            6%] [Cov:====================>              59%]
[Progress:=>                            6%] [Cov:=====================>             61%]
[Progress:=>                            6%] [Cov:=====================>             61%]
[Progress:==>                           8%] [Cov:==================>                52%]
[Progress:==>                           8%] [Cov:==================>                53%]
[Progress:==>                           8%] [Cov:====================>              58%]
[Progress:==>                           8%] [Cov:=====================>             61%]
[Progress:==>                           8%] [Cov:=====================>             61%]
[Progress:==>                           8%] [Cov:=====================>             61%]
[Progress:===>                          10%] [Cov:===================>               57%]
[Progress:===>                          10%] [Cov:====================>              59%]
[Progress:===>                          10%] [Cov:=====================>             60%]
[Progress:===>                          10%] [Cov:=====================>             61%]
[Progress:===>                          10%] [Cov:=====================>             61%]
[Progress:===>                          11%] [Cov:===================>               56%]
[Progress:===>                          11%] [Cov:====================>              59%]
[Progress:===>                          11%] [Cov:=====================>             61%]
[Progress:===>                          11%] [Cov:=====================>             61%]
[Progress:===>                          11%] [Cov:=====================>             62%]
[Progress:===>                          11%] [Cov:=====================>             62%]
[Progress:===>                          13%] [Cov:=====================>             60%]
[Progress:===>                          13%] [Cov:=====================>             61%]
[Progress:===>                          13%] [Cov:=====================>             62%]
[Progress:===>                          13%] [Cov:======================>            64%]
[Progress:===>                          13%] [Cov:======================>            65%]
[Progress:===>                          13%] [Cov:======================>            65%]
[Progress:====>                         15%] [Cov:=====================>             61%]
[Progress:====>                         15%] [Cov:=====================>             62%]
[Progress:====>                         15%] [Cov:======================>            64%]
[Progress:====>                         15%] [Cov:======================>            65%]
[Progress:====>                         16%] [Cov:=====================>             61%]
[Progress:====>                         16%] [Cov:======================>            65%]
[Progress:====>                         16%] [Cov:======================>            65%]
[Progress:=====>                        18%] [Cov:=====================>             62%]
[Progress:=====>                        18%] [Cov:======================>            63%]
[Progress:=====>                        18%] [Cov:======================>            64%]
[Progress:=====>                        18%] [Cov:======================>            65%]
[Progress:=====>                        18%] [Cov:======================>            65%]
[Progress:=====>                        18%] [Cov:=======================>           66%]
[Progress:=====>                        18%] [Cov:=======================>           66%]
[Progress:======>                       20%] [Cov:======================>            63%]
[Progress:======>                       20%] [Cov:======================>            64%]
[Progress:======>                       20%] [Cov:======================>            65%]
[Progress:======>                       20%] [Cov:=======================>           66%]
[Progress:======>                       20%] [Cov:=======================>           66%]
[Progress:======>                       20%] [Cov:=======================>           67%]
[Progress:======>                       21%] [Cov:======================>            63%]
[Progress:======>                       21%] [Cov:======================>            64%]
[Progress:======>                       21%] [Cov:======================>            65%]
[Progress:======>                       21%] [Cov:=======================>           66%]
[Progress:======>                       21%] [Cov:=======================>           67%]
[Progress:======>                       21%] [Cov:=======================>           67%]
[Progress:======>                       21%] [Cov:=======================>           67%]
[Progress:======>                       23%] [Cov:======================>            65%]
[Progress:======>                       23%] [Cov:=======================>           66%]
[Progress:======>                       23%] [Cov:=======================>           67%]
[Progress:======>                       23%] [Cov:======================>            65%]
[Progress:======>                       23%] [Cov:=======================>           66%]
[Progress:======>                       23%] [Cov:=======================>           67%]
[Progress:======>                       23%] [Cov:=======================>           68%]
[Progress:=======>                      25%] [Cov:======================>            65%]
[Progress:=======>                      25%] [Cov:=======================>           66%]
[Progress:=======>                      25%] [Cov:=======================>           67%]
[Progress:=======>                      25%] [Cov:======================>            65%]
[Progress:=======>                      25%] [Cov:=======================>           66%]
[Progress:=======>                      25%] [Cov:=======================>           67%]
[Progress:=======>                      25%] [Cov:=======================>           68%]
[Progress:=======>                      25%] [Cov:======================>            64%]
[Progress:=======>                      25%] [Cov:=======================>           68%]
[Progress:=======>                      26%] [Cov:=======================>           67%]
[Progress:=======>                      26%] [Cov:=======================>           68%]
[Progress:=======>                      26%] [Cov:======================>            64%]
[Progress:=======>                      26%] [Cov:======================>            65%]
[Progress:=======>                      26%] [Cov:=======================>           66%]
[Progress:=======>                      26%] [Cov:=======================>           67%]
[Progress:=======>                      26%] [Cov:=======================>           68%]
[Progress:========>                     28%] [Cov:======================>            63%]
[Progress:========>                     28%] [Cov:======================>            64%]
[Progress:========>                     28%] [Cov:======================>            65%]
[Progress:========>                     28%] [Cov:=======================>           66%]
[Progress:========>                     28%] [Cov:=======================>           68%]
[Progress:========>                     28%] [Cov:======================>            64%]
[Progress:========>                     28%] [Cov:=======================>           68%]
[Progress:========>                     28%] [Cov:========================>          69%]
[Progress:========>                     28%] [Cov:========================>          70%]
[Progress:=========>                    30%] [Cov:=======================>           67%]
[Progress:=========>                    30%] [Cov:======================>            64%]
[Progress:=========>                    30%] [Cov:=======================>           67%]
[Progress:=========>                    30%] [Cov:=======================>           68%]
[Progress:=========>                    30%] [Cov:========================>          69%]
[Progress:=========>                    30%] [Cov:========================>          69%]
[Progress:=========>                    30%] [Cov:========================>          70%]
[Progress:=========>                    31%] [Cov:=======================>           68%]
[Progress:=========>                    31%] [Cov:========================>          69%]
[Progress:=========>                    31%] [Cov:========================>          70%]
[Progress:=========>                    31%] [Cov:=======================>           68%]
[Progress:=========>                    31%] [Cov:========================>          69%]
[Progress:=========>                    31%] [Cov:========================>          70%]
[Progress:=========>                    31%] [Cov:========================>          71%]
[Progress:=========>                    33%] [Cov:=======================>           66%]
[Progress:=========>                    33%] [Cov:========================>          69%]
[Progress:=========>                    33%] [Cov:========================>          70%]
[Progress:=========>                    33%] [Cov:========================>          71%]
[Progress:=========>                    33%] [Cov:=======================>           68%]
[Progress:=========>                    33%] [Cov:========================>          69%]
[Progress:=========>                    33%] [Cov:========================>          70%]
[Progress:=========>                    33%] [Cov:========================>          71%]
[Progress:=========>                    33%] [Cov:=========================>         73%]
[Progress:=========>                    33%] [Cov:========================>          69%]
[Progress:=========>                    33%] [Cov:========================>          70%]
[Progress:=========>                    33%] [Cov:=========================>         72%]
[Progress:=========>                    33%] [Cov:=========================>         73%]
[Progress:=========>                    33%] [Cov:=========================>         74%]
[Progress:==========>                   35%] [Cov:==================>                54%]
[Progress:==========>                   35%] [Cov:=======================>           67%]
[Progress:==========>                   35%] [Cov:========================>          69%]
[Progress:==========>                   35%] [Cov:========================>          70%]
[Progress:==========>                   35%] [Cov:========================>          71%]
[Progress:==========>                   35%] [Cov:=========================>         72%]
[Progress:==========>                   35%] [Cov:=========================>         74%]
[Progress:==========>                   36%] [Cov:========================>          69%]
[Progress:==========>                   36%] [Cov:========================>          70%]
[Progress:==========>                   36%] [Cov:========================>          71%]
[Progress:==========>                   36%] [Cov:=========================>         73%]
[Progress:==========>                   36%] [Cov:=========================>         74%]
[Progress:===========>                  38%] [Cov:=======================>           68%]
[Progress:===========>                  38%] [Cov:========================>          69%]
[Progress:===========>                  38%] [Cov:========================>          70%]
[Progress:===========>                  38%] [Cov:=========================>         74%]
[Progress:===========>                  38%] [Cov:=========================>         74%]
[Progress:============>                 40%] [Cov:========================>          71%]
[Progress:============>                 40%] [Cov:=========================>         72%]
[Progress:============>                 40%] [Cov:=========================>         73%]
[Progress:============>                 40%] [Cov:=========================>         74%]
[Progress:============>                 40%] [Cov:=========================>         74%]
[Progress:============>                 40%] [Cov:==========================>        75%]
[Progress:============>                 41%] [Cov:========================>          70%]
[Progress:============>                 41%] [Cov:========================>          71%]
[Progress:============>                 41%] [Cov:=========================>         74%]
[Progress:============>                 41%] [Cov:=========================>         74%]
[Progress:============>                 41%] [Cov:==========================>        75%]
[Progress:============>                 43%] [Cov:========================>          70%]
[Progress:============>                 43%] [Cov:=========================>         74%]
[Progress:============>                 43%] [Cov:=========================>         74%]
[Progress:=============>                45%] [Cov:=========================>         74%]
[Progress:=============>                45%] [Cov:=========================>         74%]
[Progress:=============>                45%] [Cov:==========================>        75%]
[Progress:=============>                45%] [Cov:==========================>        75%]
[Progress:=============>                46%] [Cov:=========================>         74%]
[Progress:=============>                46%] [Cov:==========================>        75%]
[Progress:=============>                46%] [Cov:==========================>        75%]
[Progress:==============>               48%] [Cov:=========================>         74%]
[Progress:==============>               48%] [Cov:==========================>        75%]
[Progress:==============>               48%] [Cov:==========================>        75%]
[Progress:===============>              50%] [Cov:=========================>         72%]
[Progress:===============>              50%] [Cov:=========================>         74%]
[Progress:===============>              50%] [Cov:==========================>        75%]
[Progress:===============>              50%] [Cov:==========================>        75%]
[Progress:===============>              51%] [Cov:=========================>         74%]
[Progress:===============>              51%] [Cov:==========================>        75%]
[Progress:===============>              51%] [Cov:==========================>        75%]
[Progress:===============>              53%] [Cov:==========================>        75%]
[Progress:===============>              53%] [Cov:==========================>        75%]
[Progress:================>             55%] [Cov:==========================>        75%]
[Progress:================>             55%] [Cov:==========================>        76%]
[Progress:================>             55%] [Cov:==========================>        75%]
[Progress:================>             56%] [Cov:=========================>         72%]
[Progress:================>             56%] [Cov:==========================>        75%]
[Progress:================>             56%] [Cov:==========================>        75%]
[Progress:=================>            58%] [Cov:==========================>        75%]
[Progress:=================>            58%] [Cov:==========================>        75%]
[Progress:=================>            58%] [Cov:==========================>        75%]
[Progress:==================>           60%] [Cov:==========================>        75%]
[Progress:==================>           60%] [Cov:==========================>        76%]
[Progress:==================>           60%] [Cov:==========================>        75%]
[Progress:==================>           61%] [Cov:==========================>        75%]
[Progress:==================>           61%] [Cov:==========================>        76%]
[Progress:==================>           61%] [Cov:==========================>        75%]
[Progress:==================>           61%] [Cov:==========================>        76%]
[Progress:==================>           63%] [Cov:=========================>         74%]
[Progress:==================>           63%] [Cov:==========================>        75%]
[Progress:==================>           63%] [Cov:==========================>        76%]
[Progress:==================>           63%] [Cov:==========================>        75%]
[Progress:===================>          65%] [Cov:=========================>         74%]
[Progress:===================>          65%] [Cov:==========================>        75%]
[Progress:===================>          65%] [Cov:==========================>        75%]
[Progress:===================>          65%] [Cov:==========================>        76%]
[Progress:===================>          66%] [Cov:=========================>         74%]
[Progress:===================>          66%] [Cov:==========================>        75%]
[Progress:===================>          66%] [Cov:==========================>        76%]
[Progress:===================>          66%] [Cov:==========================>        75%]
[Progress:===================>          66%] [Cov:==========================>        76%]
[Progress:====================>         68%] [Cov:==========================>        75%]
[Progress:====================>         68%] [Cov:==========================>        75%]
[Progress:====================>         68%] [Cov:==========================>        76%]
[Progress:=====================>        70%] [Cov:==========================>        75%]
[Progress:=====================>        70%] [Cov:==========================>        75%]
[Progress:=====================>        70%] [Cov:==========================>        76%]
[Progress:=====================>        70%] [Cov:==========================>        75%]
[Progress:=====================>        70%] [Cov:==========================>        76%]
[Progress:=====================>        71%] [Cov:==========================>        76%]
[Progress:=====================>        71%] [Cov:==========================>        75%]
[Progress:=====================>        71%] [Cov:==========================>        76%]
[Progress:=====================>        73%] [Cov:==========================>        75%]
[Progress:=====================>        73%] [Cov:==========================>        76%]
[Progress:=====================>        73%] [Cov:==========================>        75%]
[Progress:=====================>        73%] [Cov:==========================>        76%]
[Progress:======================>       75%] [Cov:=========================>         74%]
[Progress:======================>       75%] [Cov:==========================>        75%]
[Progress:======================>       75%] [Cov:==========================>        76%]
[Progress:======================>       75%] [Cov:==========================>        75%]
[Progress:======================>       75%] [Cov:==========================>        76%]
[Progress:======================>       76%] [Cov:======================>            63%]
[Progress:======================>       76%] [Cov:==========================>        75%]
[Progress:======================>       76%] [Cov:==========================>        76%]
[Progress:======================>       76%] [Cov:==========================>        76%]
[Progress:=======================>      78%] [Cov:==========================>        75%]
[Progress:=======================>      78%] [Cov:==========================>        76%]
[Progress:=======================>      78%] [Cov:==========================>        76%]
[Progress:=======================>      78%] [Cov:==========================>        77%]
[Progress:========================>     80%] [Cov:==========================>        75%]
[Progress:========================>     80%] [Cov:==========================>        76%]
[Progress:========================>     80%] [Cov:==========================>        77%]
[Progress:========================>     81%] [Cov:==========================>        76%]
[Progress:========================>     81%] [Cov:==========================>        77%]
[Progress:========================>     83%] [Cov:==========================>        76%]
[Progress:========================>     83%] [Cov:==========================>        77%]
[Progress:=========================>    85%] [Cov:==========================>        77%]
[Progress:=========================>    85%] [Cov:==========================>        77%]
[Progress:=========================>    86%] [Cov:==========================>        77%]
[Progress:=========================>    86%] [Cov:==========================>        77%]
[Progress:==========================>   88%] [Cov:==========================>        77%]
[Progress:==========================>   88%] [Cov:==========================>        77%]
[Progress:===========================>  90%] [Cov:==========================>        77%]
[Progress:===========================>  90%] [Cov:==========================>        77%]
[Progress:===========================>  90%] [Cov:===========================>       78%]
[Progress:===========================>  90%] [Cov:===========================>       79%]
[Progress:===========================>  91%] [Cov:==========================>        77%]
[Progress:===========================>  91%] [Cov:===========================>       79%]
[Progress:===========================>  93%] [Cov:==========================>        77%]
[Progress:===========================>  93%] [Cov:===========================>       79%]
[Progress:===========================>  93%] [Cov:===========================>       79%]
[Progress:============================> 95%] [Cov:==========================>        77%]
[Progress:============================> 95%] [Cov:===========================>       79%]
[Progress:============================> 95%] [Cov:===========================>       79%]
[Progress:============================> 96%] [Cov:==========================>        77%]
[Progress:============================> 96%] [Cov:===========================>       78%]
[Progress:============================> 96%] [Cov:===========================>       79%]
[Progress:============================> 96%] [Cov:===========================>       79%]
[Progress:=============================>98%] [Cov:==========================>        77%]
[Progress:=============================>98%] [Cov:===========================>       79%]
[Progress:=============================>98%] [Cov:============================>      80%]
[Progress:==============================100%] [Cov:============================>      80%]
[Progress:==============================100%] [Cov:============================>      80%]
[Progress:==============================100%] [Cov:===========================>       79%]
[Progress:==============================100%] [Cov:============================>      80%]
* Search finished after 61s and 74 generations, 28835 statements, best individual has fitness: 182.79521720756216
* Minimizing test suite
* Going to analyze the coverage criteria
* Coverage analysis for criterion LINE
* Coverage of criterion LINE: 78%
* Total number of goals: 63
* Number of covered goals: 49
* Coverage analysis for criterion BRANCH
* Coverage of criterion BRANCH: 83%
* Total number of goals: 41
* Number of covered goals: 34
* Coverage analysis for criterion EXCEPTION
* Coverage of criterion EXCEPTION: 43%
* Total number of goals: 23
* Number of covered goals: 10
* Coverage analysis for criterion WEAKMUTATION
* Coverage of criterion WEAKMUTATION: 68%
* Total number of goals: 656
* Number of covered goals: 448
* Coverage analysis for criterion OUTPUT
* Coverage of criterion OUTPUT: 38%
* Total number of goals: 21
* Number of covered goals: 8
* Coverage analysis for criterion METHOD
* Coverage of criterion METHOD: 100%
* Total number of goals: 8
* Number of covered goals: 8
* Coverage analysis for criterion METHODNOEXCEPTION
* Coverage of criterion METHODNOEXCEPTION: 62%
* Total number of goals: 8
* Number of covered goals: 5
* Coverage analysis for criterion CBRANCH
* Coverage of criterion CBRANCH: 80%
* Total number of goals: 41
* Number of covered goals: 33
* Generated 26 tests with total length 55
* Resulting test suite's coverage: 80% (average coverage for all fitness functions)
* Generating assertions
* Resulting test suite's mutation score: 33%
* Compiling and checking tests
* Writing tests to file
* Writing JUnit test case 'TarUtils_ESTest' to evosuite-tests
* Done!

* Computation finished

