CMD: /usr/lib/jvm/java-8-openjdk-amd64/bin/java -Dtools_jar_location=/usr/lib/jvm/java-8-openjdk-amd64/lib/tools.jar -jar /home/pizza/TestRound2/evosuite-1.2.0.jar -generateSuite -class org.jsoup.helper.DataUtil -projectCP /home/pizza/TestRound2/Test/Jsoup-81b/target/classes -base_dir /home/pizza/TestRound2/results/project-Jsoup/Jsoup-81/round03/evosuite-work -seed 11 -Dalgorithm=NSGAII -Dsearch_budget=60 -Dtest_format=JUNIT4 -Dassertions=true

* EvoSuite 1.2.0
* Going to generate test cases for class: org.jsoup.helper.DataUtil
* Starting Client-0
* Connecting to master process on port 8224
* Analyzing classpath: 
  - /home/pizza/TestRound2/Test/Jsoup-81b/target/classes
* Finished analyzing classpath
* Generating tests for class org.jsoup.helper.DataUtil
* Test criteria:
  - Line Coverage
  - Branch Coverage
  - Exception
  - Mutation testing (weak)
  - Method-Output Coverage
  - Top-Level Method Coverage
  - No-Exception Top-Level Method Coverage
  - Context Branch Coverage
* Setting up search algorithm for whole suite generation
* Total number of test goals: 
  - Line 113
  - Branch 102
  - Exception 0
  - MutationFactory 259
  - Output 154
  - Method 11
  - MethodNoException 11
  - CBranchFitnessFactory 102

[Progress:>                             0%] [Cov:>                                  0%]* Using seed 11
* Starting evolution

[Progress:>                             0%] [Cov:>                                  0%]
[Progress:=>                            5%] [Cov:>                                  2%]
[Progress:=>                            5%] [Cov:=>                                 4%]
[Progress:=>                            5%] [Cov:=====>                             17%]
[Progress:=>                            5%] [Cov:=======>                           20%]
[Progress:=>                            5%] [Cov:========>                          23%]
[Progress:=>                            5%] [Cov:========>                          24%]
[Progress:=>                            5%] [Cov:========>                          25%]
[Progress:=>                            5%] [Cov:=========>                         27%]
[Progress:=>                            5%] [Cov:=========>                         28%]
[Progress:=>                            5%] [Cov:==========>                        29%]
[Progress:=>                            5%] [Cov:============>                      35%]
[Progress:=>                            5%] [Cov:=============>                     39%]
[Progress:=>                            6%] [Cov:==>                                6%]
[Progress:=>                            6%] [Cov:===>                               10%]
[Progress:=>                            6%] [Cov:=======>                           22%]
[Progress:=>                            6%] [Cov:==========>                        29%]
[Progress:=>                            6%] [Cov:===========>                       34%]
[Progress:=>                            6%] [Cov:============>                      37%]
[Progress:==>                           8%] [Cov:=>                                 3%]
[Progress:==>                           8%] [Cov:=>                                 5%]
[Progress:==>                           8%] [Cov:=====>                             17%]
[Progress:==>                           8%] [Cov:=======>                           21%]
[Progress:==>                           8%] [Cov:========>                          23%]
[Progress:==>                           8%] [Cov:========>                          24%]
[Progress:==>                           8%] [Cov:=============>                     39%]
[Progress:==>                           8%] [Cov:=============>                     39%]
[Progress:==>                           8%] [Cov:==============>                    40%]
[Progress:==>                           8%] [Cov:==============>                    41%]
[Progress:==>                           8%] [Cov:==============>                    42%]
[Progress:===>                          10%] [Cov:==========>                        31%]
[Progress:===>                          10%] [Cov:=============>                     39%]
[Progress:===>                          10%] [Cov:==============>                    41%]
[Progress:===>                          10%] [Cov:==============>                    42%]
[Progress:===>                          10%] [Cov:===============>                   45%]
[Progress:=====>                        18%] [Cov:===========>                       32%]
[Progress:=====>                        18%] [Cov:=============>                     39%]
[Progress:=====>                        18%] [Cov:==============>                    40%]
[Progress:=====>                        18%] [Cov:==============>                    41%]
[Progress:=====>                        18%] [Cov:==============>                    42%]
[Progress:=====>                        18%] [Cov:===============>                   44%]
[Progress:=====>                        18%] [Cov:===============>                   45%]
[Progress:=====>                        18%] [Cov:================>                  46%]
[Progress:=====>                        18%] [Cov:================>                  46%]
[Progress:=====>                        18%] [Cov:================>                  47%]
[Progress:======>                       20%] [Cov:==============>                    40%]
[Progress:======>                       20%] [Cov:===============>                   45%]
[Progress:======>                       20%] [Cov:================>                  47%]
[Progress:======>                       20%] [Cov:================>                  48%]
[Progress:======>                       20%] [Cov:=================>                 49%]
[Progress:======>                       20%] [Cov:=================>                 51%]
[Progress:======>                       20%] [Cov:=================>                 51%]
[Progress:======>                       21%] [Cov:==============>                    42%]
[Progress:======>                       21%] [Cov:===============>                   43%]
[Progress:======>                       21%] [Cov:===============>                   44%]
[Progress:======>                       21%] [Cov:================>                  46%]
[Progress:======>                       21%] [Cov:================>                  47%]
[Progress:======>                       21%] [Cov:=================>                 51%]
[Progress:======>                       21%] [Cov:==================>                52%]
[Progress:======>                       21%] [Cov:==================>                52%]
[Progress:======>                       23%] [Cov:================>                  47%]
[Progress:======>                       23%] [Cov:================>                  48%]
[Progress:======>                       23%] [Cov:=================>                 49%]
[Progress:======>                       23%] [Cov:=================>                 51%]
[Progress:======>                       23%] [Cov:==================>                52%]
[Progress:======>                       23%] [Cov:==================>                52%]
[Progress:=======>                      25%] [Cov:==================>                52%]
[Progress:=========>                    33%] [Cov:=================>                 50%]
[Progress:=========>                    33%] [Cov:=================>                 51%]
[Progress:=========>                    33%] [Cov:==================>                52%]
[Progress:=========>                    33%] [Cov:==================>                52%]
[Progress:==========>                   35%] [Cov:================>                  46%]
[Progress:==========>                   35%] [Cov:=================>                 50%]
[Progress:==========>                   35%] [Cov:==================>                52%]
[Progress:==========>                   35%] [Cov:==================>                52%]
[Progress:==========>                   35%] [Cov:==================>                53%]
[Progress:==========>                   35%] [Cov:==================>                54%]
[Progress:==========>                   35%] [Cov:==================>                52%]
[Progress:==========>                   35%] [Cov:==================>                54%]
[Progress:==========>                   36%] [Cov:==================>                52%]
[Progress:=============>                45%] [Cov:=================>                 49%]
[Progress:=============>                45%] [Cov:=================>                 50%]
[Progress:=============>                45%] [Cov:==================>                52%]
[Progress:=============>                45%] [Cov:==================>                53%]
[Progress:=============>                45%] [Cov:==================>                54%]
[Progress:=============>                45%] [Cov:==================>                52%]
[Progress:=============>                45%] [Cov:==================>                53%]
[Progress:=============>                46%] [Cov:=================>                 49%]
[Progress:=============>                46%] [Cov:=================>                 51%]
[Progress:=============>                46%] [Cov:==================>                52%]
[Progress:=============>                46%] [Cov:==================>                53%]
[Progress:=============>                46%] [Cov:==================>                54%]
[Progress:=============>                46%] [Cov:==================>                52%]
[Progress:=============>                46%] [Cov:==================>                54%]
[Progress:==============>               48%] [Cov:==================>                52%]
[Progress:==============>               48%] [Cov:==================>                54%]
[Progress:==============>               48%] [Cov:===================>               55%]
[Progress:==============>               48%] [Cov:==================>                52%]
[Progress:==============>               48%] [Cov:==================>                53%]
[Progress:==============>               48%] [Cov:==================>                54%]
[Progress:==============>               48%] [Cov:===================>               55%]
[Progress:===============>              50%] [Cov:==================>                54%]
[Progress:===============>              50%] [Cov:===================>               55%]
[Progress:===============>              50%] [Cov:==================>                54%]
[Progress:===============>              50%] [Cov:===================>               55%]
[Progress:===============>              50%] [Cov:==================>                54%]
[Progress:===============>              51%] [Cov:==================>                52%]
[Progress:===============>              51%] [Cov:==================>                53%]
[Progress:===============>              51%] [Cov:===================>               55%]
[Progress:===============>              51%] [Cov:==================>                54%]
[Progress:===============>              51%] [Cov:===================>               55%]
[Progress:===============>              53%] [Cov:=================>                 51%]
[Progress:===============>              53%] [Cov:===================>               55%]
[Progress:===============>              53%] [Cov:===================>               56%]
[Progress:===============>              53%] [Cov:==================>                54%]
[Progress:===============>              53%] [Cov:===================>               55%]
[Progress:===============>              53%] [Cov:===================>               56%]
[Progress:===============>              53%] [Cov:==================>                53%]
[Progress:===============>              53%] [Cov:===================>               55%]
[Progress:===============>              53%] [Cov:===================>               56%]
[Progress:================>             55%] [Cov:===================>               55%]
[Progress:================>             55%] [Cov:===================>               56%]
[Progress:================>             55%] [Cov:==================>                54%]
[Progress:================>             55%] [Cov:===================>               55%]
[Progress:================>             55%] [Cov:===================>               56%]
[Progress:==================>           63%] [Cov:==================>                54%]
[Progress:==================>           63%] [Cov:===================>               55%]
[Progress:==================>           63%] [Cov:==================>                54%]
[Progress:==================>           63%] [Cov:===================>               55%]
[Progress:===================>          65%] [Cov:==================>                54%]
[Progress:===================>          65%] [Cov:===================>               56%]
[Progress:=====================>        73%] [Cov:==================>                54%]
[Progress:=====================>        73%] [Cov:===================>               55%]
[Progress:=====================>        73%] [Cov:===================>               56%]
[Progress:=====================>        73%] [Cov:===================>               56%]
[Progress:=====================>        73%] [Cov:===================>               57%]
[Progress:======================>       75%] [Cov:===================>               55%]
[Progress:======================>       75%] [Cov:===================>               56%]
[Progress:======================>       75%] [Cov:===================>               57%]
[Progress:======================>       75%] [Cov:===================>               55%]
[Progress:======================>       75%] [Cov:===================>               56%]
[Progress:======================>       75%] [Cov:===================>               57%]
[Progress:======================>       75%] [Cov:====================>              58%]
[Progress:========================>     83%] [Cov:===================>               55%]
[Progress:========================>     83%] [Cov:===================>               56%]
[Progress:========================>     83%] [Cov:===================>               57%]
[Progress:========================>     83%] [Cov:===================>               55%]
[Progress:========================>     83%] [Cov:===================>               56%]
[Progress:========================>     83%] [Cov:===================>               57%]
[Progress:=========================>    85%] [Cov:===================>               56%]
[Progress:=========================>    85%] [Cov:===================>               57%]
[Progress:=========================>    85%] [Cov:====================>              58%]
[Progress:=========================>    85%] [Cov:===================>               57%]
[Progress:=========================>    85%] [Cov:====================>              58%]
[Progress:=========================>    86%] [Cov:===================>               55%]
[Progress:=========================>    86%] [Cov:===================>               56%]
[Progress:=========================>    86%] [Cov:===================>               57%]
[Progress:=========================>    86%] [Cov:===================>               55%]
[Progress:=========================>    86%] [Cov:===================>               57%]
[Progress:=========================>    86%] [Cov:====================>              58%]
[Progress:==========================>   88%] [Cov:==================>                54%]
[Progress:==========================>   88%] [Cov:===================>               56%]
[Progress:==========================>   88%] [Cov:===================>               57%]
[Progress:==========================>   88%] [Cov:===================>               57%]
[Progress:==========================>   88%] [Cov:====================>              58%]
[Progress:==========================>   88%] [Cov:====================>              59%]
[Progress:===========================>  90%] [Cov:===================>               56%]
[Progress:===========================>  90%] [Cov:===================>               57%]
[Progress:===========================>  90%] [Cov:====================>              58%]
[Progress:===========================>  90%] [Cov:====================>              59%]
[Progress:===========================>  91%] [Cov:===================>               57%]
[Progress:===========================>  91%] [Cov:====================>              58%]
[Progress:===========================>  91%] [Cov:====================>              58%]
[Progress:===========================>  91%] [Cov:====================>              59%]
[Progress:===========================>  91%] [Cov:====================>              58%]
[Progress:===========================>  93%] [Cov:===================>               57%]
[Progress:===========================>  93%] [Cov:====================>              59%]
[Progress:===========================>  93%] [Cov:====================>              58%]
[Progress:===========================>  93%] [Cov:====================>              59%]
[Progress:============================> 95%] [Cov:===================>               57%]
[Progress:============================> 95%] [Cov:====================>              59%]
[Progress:============================> 95%] [Cov:====================>              59%]
[Progress:============================> 96%] [Cov:====================>              58%]
[Progress:============================> 96%] [Cov:====================>              59%]
[Progress:============================> 96%] [Cov:====================>              59%]
[Progress:=============================>98%] [Cov:====================>              59%]
[Progress:=============================>98%] [Cov:====================>              59%]
[Progress:=============================>98%] [Cov:=====================>             61%]
[Progress:==============================100%] [Cov:====================>              59%]
[Progress:==============================100%] [Cov:====================>              59%]
[Progress:==============================100%] [Cov:=====================>             60%]
[Progress:==============================100%] [Cov:=====================>             61%]
[Progress:==============================100%] [Cov:====================>              59%]
[Progress:==============================100%] [Cov:=====================>             60%]
[Progress:==============================100%] [Cov:=====================>             61%]
[Progress:==============================100%] [Cov:=====================>             60%]
* Search finished after 61s and 37 generations, 13435 statements, best individual has fitness: 466.7751461988304
* Minimizing test suite
* Going to analyze the coverage criteria
* Coverage analysis for criterion LINE
* Coverage of criterion LINE: 69%
* Total number of goals: 113
* Number of covered goals: 78
* Coverage analysis for criterion BRANCH
* Coverage of criterion BRANCH: 44%
* Total number of goals: 102
* Number of covered goals: 45
* Coverage analysis for criterion EXCEPTION
* Coverage of criterion EXCEPTION: 21%
* Total number of goals: 24
* Number of covered goals: 5
* Coverage analysis for criterion WEAKMUTATION
* Coverage of criterion WEAKMUTATION: 63%
* Total number of goals: 259
* Number of covered goals: 164
* Coverage analysis for criterion OUTPUT
* Coverage of criterion OUTPUT: 12%
* Total number of goals: 154
* Number of covered goals: 18
* Coverage analysis for criterion METHOD
* Coverage of criterion METHOD: 100%
* Total number of goals: 11
* Number of covered goals: 11
* Coverage analysis for criterion METHODNOEXCEPTION
* Coverage of criterion METHODNOEXCEPTION: 91%
* Total number of goals: 11
* Number of covered goals: 10
* Coverage analysis for criterion CBRANCH
* Coverage of criterion CBRANCH: 44%
* Total number of goals: 102
* Number of covered goals: 45
* Generated 18 tests with total length 40
* Resulting test suite's coverage: 61% (average coverage for all fitness functions)
* Generating assertions
* Resulting test suite's mutation score: 24%
* Compiling and checking tests
* Permissions denied during test execution: 
  - java.lang.RuntimePermission: 
         writeFileDescriptor: 1
* Writing tests to file
* Writing JUnit test case 'DataUtil_ESTest' to evosuite-tests
* Done!

* Computation finished

