CMD: /usr/lib/jvm/java-8-openjdk-amd64/bin/java -Dtools_jar_location=/usr/lib/jvm/java-8-openjdk-amd64/lib/tools.jar -jar /home/pizza/TestRound2/evosuite-1.2.0.jar -generateSuite -class org.apache.commons.math.optimization.linear.SimplexSolver -projectCP /home/pizza/TestRound2/Test/Math-82b/target/classes -base_dir /home/pizza/TestRound2/results/project-Math/Math-82/round03/evosuite-work -seed 11 -Dalgorithm=NSGAII -Dsearch_budget=60 -Dtest_format=JUNIT4 -Dassertions=true

* EvoSuite 1.2.0
* Going to generate test cases for class: org.apache.commons.math.optimization.linear.SimplexSolver
* Starting Client-0
* Connecting to master process on port 8220
* Analyzing classpath: 
  - /home/pizza/TestRound2/Test/Math-82b/target/classes
* Finished analyzing classpath
* Generating tests for class org.apache.commons.math.optimization.linear.SimplexSolver
* Test criteria:
  - Line Coverage
  - Branch Coverage
  - Exception
  - Mutation testing (weak)
  - Method-Output Coverage
  - Top-Level Method Coverage
  - No-Exception Top-Level Method Coverage
  - Context Branch Coverage
* Setting up search algorithm for whole suite generation
* Total number of test goals: 
  - Line 60
  - Branch 38
  - Exception 0
  - MutationFactory 212
  - Output 6
  - Method 6
  - MethodNoException 6
  - CBranchFitnessFactory 38

[Progress:>                             0%] [Cov:>                                  0%]* Using seed 11
* Starting evolution

[Progress:>                             1%] [Cov:>                                  0%]
[Progress:>                             1%] [Cov:>                                  1%]
[Progress:>                             1%] [Cov:>                                  2%]
[Progress:>                             1%] [Cov:====>                              14%]
[Progress:>                             1%] [Cov:=====>                             17%]
[Progress:>                             1%] [Cov:=======>                           21%]
[Progress:>                             1%] [Cov:========>                          24%]
[Progress:>                             1%] [Cov:========>                          25%]
[Progress:>                             1%] [Cov:=========>                         28%]
[Progress:>                             1%] [Cov:============>                      35%]
[Progress:>                             1%] [Cov:=============>                     39%]
[Progress:>                             1%] [Cov:==============>                    40%]
[Progress:>                             3%] [Cov:>                                  0%]
[Progress:>                             3%] [Cov:>                                  1%]
[Progress:>                             3%] [Cov:====>                              14%]
[Progress:>                             3%] [Cov:=====>                             17%]
[Progress:>                             3%] [Cov:=======>                           20%]
[Progress:>                             3%] [Cov:=======>                           21%]
[Progress:>                             3%] [Cov:=======>                           22%]
[Progress:>                             3%] [Cov:========>                          23%]
[Progress:>                             3%] [Cov:===========>                       33%]
[Progress:>                             3%] [Cov:=============>                     38%]
[Progress:>                             3%] [Cov:==============>                    41%]
[Progress:=>                            5%] [Cov:=>                                 3%]
[Progress:=>                            5%] [Cov:=>                                 5%]
[Progress:=>                            5%] [Cov:====>                              14%]
[Progress:=>                            5%] [Cov:=====>                             17%]
[Progress:=>                            5%] [Cov:======>                            18%]
[Progress:=>                            5%] [Cov:=======>                           20%]
[Progress:=>                            5%] [Cov:==========>                        29%]
[Progress:=>                            5%] [Cov:============>                      35%]
[Progress:=>                            5%] [Cov:============>                      36%]
[Progress:=>                            5%] [Cov:==============>                    40%]
[Progress:=>                            5%] [Cov:================>                  47%]
[Progress:=>                            5%] [Cov:=================>                 50%]
[Progress:=>                            5%] [Cov:=================>                 50%]
[Progress:=>                            5%] [Cov:=================>                 50%]
[Progress:=>                            6%] [Cov:=========>                         26%]
[Progress:=>                            6%] [Cov:==========>                        30%]
[Progress:=>                            6%] [Cov:===========>                       32%]
[Progress:=>                            6%] [Cov:===========>                       33%]
[Progress:=>                            6%] [Cov:============>                      35%]
[Progress:=>                            6%] [Cov:==============>                    40%]
[Progress:=>                            6%] [Cov:==============>                    42%]
[Progress:=>                            6%] [Cov:===============>                   44%]
[Progress:=>                            6%] [Cov:================>                  46%]
[Progress:=>                            6%] [Cov:================>                  48%]
[Progress:=>                            6%] [Cov:=================>                 50%]
[Progress:=>                            6%] [Cov:=================>                 50%]
[Progress:=>                            6%] [Cov:================>                  48%]
[Progress:=>                            6%] [Cov:=================>                 50%]
[Progress:=>                            6%] [Cov:=================>                 51%]
[Progress:=>                            6%] [Cov:==================>                52%]
[Progress:=>                            6%] [Cov:==================>                53%]
[Progress:==>                           8%] [Cov:================>                  48%]
[Progress:==>                           8%] [Cov:=================>                 50%]
[Progress:==>                           8%] [Cov:==================>                53%]
[Progress:==>                           8%] [Cov:=================>                 50%]
[Progress:==>                           8%] [Cov:=================>                 51%]
[Progress:==>                           8%] [Cov:==================>                53%]
[Progress:==>                           8%] [Cov:=================>                 50%]
[Progress:==>                           8%] [Cov:==================>                53%]
[Progress:===>                          10%] [Cov:=================>                 50%]
[Progress:===>                          10%] [Cov:=================>                 50%]
[Progress:===>                          10%] [Cov:==================>                53%]
[Progress:===>                          10%] [Cov:==================>                54%]
[Progress:===>                          10%] [Cov:==================>                52%]
[Progress:===>                          10%] [Cov:==================>                53%]
[Progress:===>                          10%] [Cov:==================>                54%]
[Progress:===>                          10%] [Cov:==================>                52%]
[Progress:===>                          10%] [Cov:==================>                54%]
[Progress:===>                          10%] [Cov:==================>                53%]
[Progress:===>                          10%] [Cov:==================>                54%]
[Progress:===>                          10%] [Cov:===================>               55%]
[Progress:===>                          11%] [Cov:==================>                52%]
[Progress:===>                          11%] [Cov:==================>                53%]
[Progress:===>                          11%] [Cov:==================>                54%]
[Progress:===>                          11%] [Cov:===================>               55%]
[Progress:===>                          11%] [Cov:===================>               55%]
[Progress:===>                          11%] [Cov:==================>                53%]
[Progress:===>                          11%] [Cov:===================>               55%]
[Progress:===>                          11%] [Cov:==================>                53%]
[Progress:===>                          11%] [Cov:===================>               55%]
[Progress:===>                          11%] [Cov:==================>                53%]
[Progress:===>                          11%] [Cov:===================>               55%]
[Progress:===>                          13%] [Cov:==================>                53%]
[Progress:===>                          13%] [Cov:==================>                54%]
[Progress:===>                          13%] [Cov:===================>               55%]
[Progress:===>                          13%] [Cov:==================>                53%]
[Progress:===>                          13%] [Cov:===================>               55%]
[Progress:===>                          13%] [Cov:==================>                53%]
[Progress:===>                          13%] [Cov:===================>               55%]
[Progress:===>                          13%] [Cov:==================>                53%]
[Progress:===>                          13%] [Cov:===================>               55%]
[Progress:====>                         15%] [Cov:==================>                52%]
[Progress:====>                         15%] [Cov:===================>               55%]
[Progress:====>                         15%] [Cov:==================>                53%]
[Progress:====>                         15%] [Cov:===================>               55%]
[Progress:====>                         15%] [Cov:===================>               55%]
[Progress:====>                         15%] [Cov:===================>               56%]
[Progress:====>                         15%] [Cov:===================>               57%]
[Progress:====>                         15%] [Cov:=====================>             60%]
[Progress:====>                         15%] [Cov:===================>               57%]
[Progress:====>                         16%] [Cov:===================>               55%]
[Progress:====>                         16%] [Cov:===================>               56%]
[Progress:====>                         16%] [Cov:====================>              58%]
[Progress:====>                         16%] [Cov:=====================>             61%]
[Progress:====>                         16%] [Cov:===================>               57%]
[Progress:====>                         16%] [Cov:=====================>             60%]
[Progress:====>                         16%] [Cov:===================>               57%]
[Progress:====>                         16%] [Cov:====================>              59%]
[Progress:====>                         16%] [Cov:=====================>             60%]
[Progress:====>                         16%] [Cov:====================>              59%]
[Progress:====>                         16%] [Cov:=====================>             60%]
[Progress:====>                         16%] [Cov:=====================>             61%]
[Progress:====>                         16%] [Cov:====================>              59%]
[Progress:====>                         16%] [Cov:=====================>             61%]
[Progress:=====>                        18%] [Cov:===================>               57%]
[Progress:=====>                        18%] [Cov:=====================>             61%]
[Progress:=====>                        18%] [Cov:=====================>             61%]
[Progress:=====>                        18%] [Cov:=====================>             61%]
[Progress:=====>                        18%] [Cov:=====================>             61%]
[Progress:======>                       20%] [Cov:==================>                53%]
[Progress:======>                       20%] [Cov:====================>              59%]
[Progress:======>                       20%] [Cov:=====================>             61%]
[Progress:======>                       20%] [Cov:====================>              59%]
[Progress:======>                       20%] [Cov:=====================>             61%]
[Progress:======>                       20%] [Cov:=====================>             62%]
[Progress:======>                       20%] [Cov:===================>               57%]
[Progress:======>                       20%] [Cov:====================>              59%]
[Progress:======>                       20%] [Cov:=====================>             60%]
[Progress:======>                       20%] [Cov:=====================>             61%]
[Progress:======>                       20%] [Cov:=====================>             62%]
[Progress:======>                       20%] [Cov:=====================>             62%]
[Progress:======>                       20%] [Cov:======================>            63%]
[Progress:======>                       20%] [Cov:=====================>             62%]
[Progress:======>                       20%] [Cov:======================>            63%]
[Progress:======>                       21%] [Cov:====================>              59%]
[Progress:======>                       21%] [Cov:=====================>             60%]
[Progress:======>                       21%] [Cov:=====================>             61%]
[Progress:======>                       21%] [Cov:=====================>             62%]
[Progress:======>                       21%] [Cov:=====================>             62%]
[Progress:======>                       21%] [Cov:=====================>             62%]
[Progress:======>                       21%] [Cov:======================>            63%][MASTER] 22:10:53.116 [logback-1] WARN  TestCluster - Failed to check cache for java.util.function.Function<T, R> : Type points to itself

[Progress:======>                       21%] [Cov:======================>            63%]
[Progress:======>                       23%] [Cov:===================>               56%]
[Progress:======>                       23%] [Cov:===================>               57%]
[Progress:======>                       23%] [Cov:=====================>             61%]
[Progress:======>                       23%] [Cov:=====================>             62%]
[Progress:======>                       23%] [Cov:======================>            63%]
[Progress:======>                       23%] [Cov:======================>            63%]
[Progress:======>                       23%] [Cov:======================>            63%]
[Progress:======>                       23%] [Cov:======================>            64%]
[Progress:======>                       23%] [Cov:=======================>           66%]
[Progress:======>                       23%] [Cov:=======================>           67%]
[Progress:======>                       23%] [Cov:=======================>           67%]
[Progress:=======>                      25%] [Cov:=====================>             62%]
[Progress:=======>                      25%] [Cov:======================>            63%]
[Progress:=======>                      25%] [Cov:======================>            64%]
[Progress:=======>                      25%] [Cov:=======================>           67%]
[Progress:=======>                      25%] [Cov:=======================>           67%]
[Progress:=======>                      25%] [Cov:=======================>           67%]
[Progress:=======>                      25%] [Cov:========================>          69%]
[Progress:=======>                      25%] [Cov:=======================>           67%]
[Progress:=======>                      26%] [Cov:=======================>           67%]
[Progress:=======>                      26%] [Cov:=======================>           67%]
[Progress:=======>                      26%] [Cov:=======================>           68%]
[Progress:=======>                      26%] [Cov:========================>          69%]
[Progress:=======>                      26%] [Cov:=======================>           67%]
[Progress:=======>                      26%] [Cov:========================>          69%]
[Progress:=======>                      26%] [Cov:========================>          70%]
[Progress:=======>                      26%] [Cov:========================>          71%]
[Progress:=======>                      26%] [Cov:=======================>           67%]
[Progress:========>                     28%] [Cov:=======================>           67%]
[Progress:========>                     28%] [Cov:=======================>           67%]
[Progress:========>                     28%] [Cov:========================>          69%]
[Progress:========>                     28%] [Cov:========================>          70%]
[Progress:========>                     28%] [Cov:========================>          71%]
[Progress:========>                     28%] [Cov:=======================>           67%]
[Progress:========>                     28%] [Cov:========================>          69%]
[Progress:========>                     28%] [Cov:========================>          70%]
[Progress:========>                     28%] [Cov:========================>          71%]
[Progress:========>                     28%] [Cov:=======================>           67%]
[Progress:========>                     28%] [Cov:========================>          69%]
[Progress:========>                     28%] [Cov:========================>          70%]
[Progress:========>                     28%] [Cov:========================>          71%]
[Progress:========>                     28%] [Cov:=======================>           67%]
[Progress:=========>                    30%] [Cov:=======================>           67%]
[Progress:=========>                    30%] [Cov:========================>          69%]
[Progress:=========>                    30%] [Cov:========================>          70%]
[Progress:=========>                    30%] [Cov:========================>          71%]
[Progress:=========>                    30%] [Cov:=======================>           67%]
[Progress:=========>                    30%] [Cov:=======================>           68%]
[Progress:=========>                    30%] [Cov:========================>          69%]
[Progress:=========>                    30%] [Cov:========================>          70%]
[Progress:=========>                    30%] [Cov:========================>          71%]
[Progress:=========>                    30%] [Cov:=======================>           67%]
[Progress:=========>                    30%] [Cov:========================>          69%]
[Progress:=========>                    30%] [Cov:========================>          70%]
[Progress:=========>                    30%] [Cov:========================>          71%]
[Progress:=========>                    30%] [Cov:=========================>         72%]
[Progress:=========>                    30%] [Cov:=========================>         72%]
[Progress:=========>                    31%] [Cov:=======================>           67%]
[Progress:=========>                    31%] [Cov:=========================>         72%]
[Progress:=========>                    31%] [Cov:=========================>         72%]
[Progress:=========>                    31%] [Cov:=========================>         72%]
[Progress:=========>                    31%] [Cov:=========================>         72%]
[Progress:=========>                    33%] [Cov:======================>            64%]
[Progress:=========>                    33%] [Cov:======================>            65%]
[Progress:=========>                    33%] [Cov:=========================>         72%]
[Progress:=========>                    33%] [Cov:=========================>         73%]
[Progress:=========>                    33%] [Cov:=========================>         73%]
[Progress:=========>                    33%] [Cov:=========================>         73%]
[Progress:=========>                    33%] [Cov:=========================>         73%]
[Progress:==========>                   35%] [Cov:=========================>         72%]
[Progress:==========>                   35%] [Cov:=========================>         73%]
[Progress:==========>                   35%] [Cov:=========================>         73%]
[Progress:==========>                   35%] [Cov:=========================>         73%]
[Progress:==========>                   35%] [Cov:=========================>         73%]
[Progress:==========>                   36%] [Cov:=========================>         73%]
[Progress:==========>                   36%] [Cov:=========================>         73%]
[Progress:==========>                   36%] [Cov:=========================>         73%]
[Progress:==========>                   36%] [Cov:=========================>         73%]
[Progress:===========>                  38%] [Cov:=========================>         73%]
[Progress:===========>                  38%] [Cov:=========================>         73%]
[Progress:===========>                  38%] [Cov:=========================>         73%]
[Progress:===========>                  38%] [Cov:=========================>         73%]
[Progress:============>                 40%] [Cov:=========================>         73%]
[Progress:============>                 40%] [Cov:=========================>         73%]
[Progress:============>                 40%] [Cov:=========================>         73%]
[Progress:============>                 40%] [Cov:=========================>         73%]
[Progress:============>                 41%] [Cov:=========================>         73%]
[Progress:============>                 41%] [Cov:=========================>         73%]
[Progress:============>                 41%] [Cov:=========================>         73%]
[Progress:============>                 41%] [Cov:=========================>         73%]
[Progress:============>                 43%] [Cov:=========================>         73%]
[Progress:============>                 43%] [Cov:=========================>         73%]
[Progress:============>                 43%] [Cov:=========================>         73%]
[Progress:============>                 43%] [Cov:=========================>         73%]
[Progress:=============>                45%] [Cov:=========================>         73%]
[Progress:=============>                45%] [Cov:=========================>         73%]
[Progress:=============>                45%] [Cov:=========================>         73%]
[Progress:=============>                45%] [Cov:=========================>         73%]
[Progress:=============>                46%] [Cov:=========================>         73%]
[Progress:=============>                46%] [Cov:=========================>         73%]
[Progress:=============>                46%] [Cov:=========================>         73%]
[Progress:=============>                46%] [Cov:=========================>         73%]
[Progress:==============>               48%] [Cov:=========================>         73%]
[Progress:==============>               48%] [Cov:=========================>         73%]
[Progress:==============>               48%] [Cov:=========================>         73%]
[Progress:==============>               48%] [Cov:=========================>         73%]
[Progress:==============>               48%] [Cov:=========================>         73%]
[Progress:===============>              50%] [Cov:=========================>         73%]
[Progress:===============>              50%] [Cov:=========================>         73%]
[Progress:===============>              50%] [Cov:=========================>         73%]
[Progress:===============>              50%] [Cov:=========================>         73%]
[Progress:===============>              51%] [Cov:=========================>         73%]
[Progress:===============>              51%] [Cov:=========================>         73%]
[Progress:===============>              51%] [Cov:=========================>         73%]
[Progress:===============>              51%] [Cov:=========================>         73%]
[Progress:===============>              53%] [Cov:=========================>         73%]
[Progress:===============>              53%] [Cov:=========================>         73%]
[Progress:===============>              53%] [Cov:=========================>         73%]
[Progress:===============>              53%] [Cov:=========================>         73%]
[Progress:================>             55%] [Cov:=========================>         73%]
[Progress:================>             55%] [Cov:=========================>         73%]
[Progress:================>             55%] [Cov:=========================>         73%]
[Progress:================>             55%] [Cov:=========================>         73%]
[Progress:================>             56%] [Cov:=========================>         73%]
[Progress:================>             56%] [Cov:=========================>         73%]
[Progress:================>             56%] [Cov:=========================>         73%]
[Progress:================>             56%] [Cov:=========================>         73%]
[Progress:=================>            58%] [Cov:=========================>         73%]
[Progress:=================>            58%] [Cov:=========================>         73%]
[Progress:=================>            58%] [Cov:=========================>         73%]
[Progress:=================>            58%] [Cov:=========================>         73%]
[Progress:=================>            58%] [Cov:=========================>         73%]
[Progress:==================>           60%] [Cov:========================>          71%]
[Progress:==================>           60%] [Cov:=========================>         73%]
[Progress:==================>           60%] [Cov:=========================>         73%]
[Progress:==================>           60%] [Cov:=========================>         74%]
[Progress:==================>           60%] [Cov:=========================>         74%]
[Progress:==================>           60%] [Cov:=========================>         74%]
[Progress:==================>           61%] [Cov:=========================>         73%]
[Progress:==================>           61%] [Cov:=========================>         74%]
[Progress:==================>           61%] [Cov:=========================>         74%]
[Progress:==================>           61%] [Cov:=========================>         74%]
[Progress:==================>           61%] [Cov:=========================>         74%]
[Progress:==================>           63%] [Cov:=========================>         73%]
[Progress:==================>           63%] [Cov:=========================>         74%]
[Progress:==================>           63%] [Cov:=========================>         74%]
[Progress:==================>           63%] [Cov:=========================>         74%]
[Progress:==================>           63%] [Cov:=========================>         74%]
[Progress:===================>          65%] [Cov:=========================>         73%]
[Progress:===================>          65%] [Cov:=========================>         74%]
[Progress:===================>          65%] [Cov:=========================>         74%]
[Progress:===================>          65%] [Cov:==========================>        75%]
[Progress:===================>          65%] [Cov:=========================>         74%]
[Progress:===================>          65%] [Cov:==========================>        75%]
[Progress:===================>          65%] [Cov:=========================>         74%]
[Progress:===================>          65%] [Cov:==========================>        75%]
[Progress:===================>          65%] [Cov:=========================>         74%]
[Progress:===================>          65%] [Cov:==========================>        75%]
[Progress:===================>          66%] [Cov:====================>              59%]
[Progress:===================>          66%] [Cov:========================>          71%]
[Progress:===================>          66%] [Cov:=========================>         74%]
[Progress:===================>          66%] [Cov:==========================>        75%]
[Progress:===================>          66%] [Cov:=========================>         74%]
[Progress:===================>          66%] [Cov:==========================>        75%]
[Progress:===================>          66%] [Cov:=========================>         74%]
[Progress:===================>          66%] [Cov:==========================>        75%]
[Progress:===================>          66%] [Cov:==========================>        77%]
[Progress:===================>          66%] [Cov:==========================>        77%]
[Progress:====================>         68%] [Cov:==========================>        75%]
[Progress:====================>         68%] [Cov:==========================>        77%]
[Progress:====================>         68%] [Cov:=========================>         74%]
[Progress:====================>         68%] [Cov:==========================>        75%]
[Progress:====================>         68%] [Cov:==========================>        76%]
[Progress:====================>         68%] [Cov:==========================>        77%]
[Progress:====================>         68%] [Cov:=========================>         74%]
[Progress:====================>         68%] [Cov:==========================>        75%]
[Progress:====================>         68%] [Cov:==========================>        77%]
[Progress:====================>         68%] [Cov:=========================>         74%]
[Progress:====================>         68%] [Cov:==========================>        77%]
[Progress:=====================>        70%] [Cov:==========================>        75%]
[Progress:=====================>        70%] [Cov:==========================>        77%]
[Progress:=====================>        70%] [Cov:=========================>         74%]
[Progress:=====================>        70%] [Cov:==========================>        75%]
[Progress:=====================>        70%] [Cov:==========================>        77%]
[Progress:=====================>        70%] [Cov:=========================>         74%]
[Progress:=====================>        70%] [Cov:==========================>        77%]
[Progress:=====================>        70%] [Cov:=========================>         74%]
[Progress:=====================>        70%] [Cov:==========================>        77%]
[Progress:=====================>        71%] [Cov:==========================>        77%]
[Progress:=====================>        71%] [Cov:=========================>         74%]
[Progress:=====================>        71%] [Cov:==========================>        77%]
[Progress:=====================>        71%] [Cov:=========================>         74%]
[Progress:=====================>        71%] [Cov:==========================>        76%]
[Progress:=====================>        71%] [Cov:==========================>        77%]
[Progress:=====================>        73%] [Cov:=========================>         74%]
[Progress:=====================>        73%] [Cov:==========================>        77%]
[Progress:=====================>        73%] [Cov:=========================>         74%]
[Progress:=====================>        73%] [Cov:==========================>        77%]
[Progress:=====================>        73%] [Cov:=========================>         74%]
[Progress:=====================>        73%] [Cov:==========================>        77%]
[Progress:======================>       75%] [Cov:==========================>        77%]
[Progress:======================>       75%] [Cov:=========================>         74%]
[Progress:======================>       75%] [Cov:==========================>        77%]
[Progress:======================>       75%] [Cov:=========================>         74%]
[Progress:======================>       75%] [Cov:==========================>        77%]
[Progress:======================>       75%] [Cov:=========================>         74%]
[Progress:======================>       75%] [Cov:==========================>        77%]
[Progress:======================>       76%] [Cov:==========================>        75%]
[Progress:======================>       76%] [Cov:==========================>        77%]
[Progress:======================>       76%] [Cov:=========================>         74%]
[Progress:======================>       76%] [Cov:==========================>        77%]
[Progress:======================>       76%] [Cov:=========================>         74%]
[Progress:======================>       76%] [Cov:==========================>        77%]
[Progress:======================>       76%] [Cov:=========================>         74%]
[Progress:======================>       76%] [Cov:==========================>        77%]
[Progress:=======================>      78%] [Cov:==========================>        77%]
[Progress:=======================>      78%] [Cov:=========================>         74%]
[Progress:=======================>      78%] [Cov:==========================>        77%]
[Progress:=======================>      78%] [Cov:=========================>         74%]
[Progress:=======================>      78%] [Cov:==========================>        77%]
[Progress:=======================>      78%] [Cov:=========================>         74%]
[Progress:=======================>      78%] [Cov:==========================>        77%]
[Progress:========================>     80%] [Cov:==========================>        77%]
[Progress:========================>     80%] [Cov:=========================>         74%]
[Progress:========================>     80%] [Cov:==========================>        77%]
[Progress:========================>     80%] [Cov:=========================>         74%]
[Progress:========================>     80%] [Cov:==========================>        77%]
[Progress:========================>     80%] [Cov:=========================>         74%]
[Progress:========================>     80%] [Cov:==========================>        77%][MASTER] 22:11:28.448 [logback-1] WARN  TestCluster - Failed to check cache for java.util.function.Predicate<T> : Type points to itself

[Progress:========================>     81%] [Cov:==========================>        77%]
[Progress:========================>     81%] [Cov:=========================>         74%]
[Progress:========================>     81%] [Cov:==========================>        77%]
[Progress:========================>     81%] [Cov:=========================>         74%]
[Progress:========================>     81%] [Cov:==========================>        77%]
[Progress:========================>     81%] [Cov:=========================>         74%]
[Progress:========================>     81%] [Cov:==========================>        77%]
[Progress:========================>     83%] [Cov:==========================>        77%]
[Progress:========================>     83%] [Cov:=========================>         74%]
[Progress:========================>     83%] [Cov:==========================>        76%]
[Progress:========================>     83%] [Cov:==========================>        77%]
[Progress:========================>     83%] [Cov:=========================>         74%]
[Progress:========================>     83%] [Cov:==========================>        77%]
[Progress:========================>     83%] [Cov:=========================>         74%]
[Progress:========================>     83%] [Cov:==========================>        77%]
[Progress:=========================>    85%] [Cov:==========================>        77%]
[Progress:=========================>    85%] [Cov:=========================>         74%]
[Progress:=========================>    85%] [Cov:==========================>        77%]
[Progress:=========================>    85%] [Cov:=========================>         74%]
[Progress:=========================>    85%] [Cov:==========================>        77%]
[Progress:=========================>    85%] [Cov:=========================>         74%]
[Progress:=========================>    85%] [Cov:==========================>        77%]
[Progress:=========================>    86%] [Cov:==========================>        77%]
[Progress:=========================>    86%] [Cov:=========================>         74%]
[Progress:=========================>    86%] [Cov:==========================>        77%]
[Progress:=========================>    86%] [Cov:=========================>         74%]
[Progress:=========================>    86%] [Cov:==========================>        77%]
[Progress:=========================>    86%] [Cov:=========================>         74%]
[Progress:=========================>    86%] [Cov:==========================>        77%]
[Progress:==========================>   88%] [Cov:==========================>        77%]
[Progress:==========================>   88%] [Cov:===========================>       78%]
[Progress:==========================>   88%] [Cov:============================>      80%]
[Progress:==========================>   88%] [Cov:============================>      81%]
[Progress:==========================>   88%] [Cov:============================>      81%]
[Progress:==========================>   88%] [Cov:==========================>        77%]
[Progress:==========================>   88%] [Cov:============================>      81%]
[Progress:==========================>   88%] [Cov:==========================>        77%]
[Progress:==========================>   88%] [Cov:===========================>       78%]
[Progress:===========================>  90%] [Cov:========================>          69%]
[Progress:===========================>  90%] [Cov:===========================>       78%]
[Progress:===========================>  90%] [Cov:============================>      80%]
[Progress:===========================>  90%] [Cov:============================>      81%]
[Progress:===========================>  90%] [Cov:==========================>        77%]
[Progress:===========================>  90%] [Cov:===========================>       78%]
[Progress:===========================>  90%] [Cov:============================>      80%]
[Progress:===========================>  90%] [Cov:============================>      81%]
[Progress:===========================>  90%] [Cov:==========================>        77%]
[Progress:===========================>  90%] [Cov:===========================>       79%]
[Progress:===========================>  90%] [Cov:============================>      80%]
[Progress:===========================>  90%] [Cov:============================>      81%]
[Progress:===========================>  90%] [Cov:==========================>        77%]
[Progress:===========================>  90%] [Cov:============================>      81%]
[Progress:===========================>  91%] [Cov:==========================>        77%]
[Progress:===========================>  91%] [Cov:===========================>       78%]
[Progress:===========================>  91%] [Cov:===========================>       79%]
[Progress:===========================>  91%] [Cov:============================>      81%]
[Progress:===========================>  91%] [Cov:==========================>        77%]
[Progress:===========================>  91%] [Cov:============================>      81%]
[Progress:===========================>  91%] [Cov:==========================>        77%]
[Progress:===========================>  91%] [Cov:============================>      81%]
[Progress:===========================>  91%] [Cov:==========================>        77%]
[Progress:===========================>  91%] [Cov:============================>      81%]
[Progress:===========================>  93%] [Cov:============================>      81%]
[Progress:===========================>  93%] [Cov:==========================>        77%]
[Progress:===========================>  93%] [Cov:============================>      81%]
[Progress:===========================>  93%] [Cov:==========================>        77%]
[Progress:===========================>  93%] [Cov:============================>      81%]
[Progress:===========================>  93%] [Cov:==========================>        77%]
[Progress:===========================>  93%] [Cov:===========================>       78%]
[Progress:===========================>  93%] [Cov:============================>      81%]
[Progress:============================> 95%] [Cov:========================>          71%]
[Progress:============================> 95%] [Cov:==========================>        77%]
[Progress:============================> 95%] [Cov:============================>      81%]
[Progress:============================> 95%] [Cov:==========================>        77%]
[Progress:============================> 95%] [Cov:============================>      81%]
[Progress:============================> 95%] [Cov:==========================>        77%]
[Progress:============================> 95%] [Cov:============================>      81%]
[Progress:============================> 96%] [Cov:==========================>        77%]
[Progress:============================> 96%] [Cov:===========================>       78%]
[Progress:============================> 96%] [Cov:============================>      81%]
[Progress:============================> 96%] [Cov:==========================>        77%]
[Progress:============================> 96%] [Cov:============================>      81%]
[Progress:============================> 96%] [Cov:==========================>        77%]
[Progress:============================> 96%] [Cov:============================>      81%]
[Progress:============================> 96%] [Cov:==========================>        77%]
[Progress:============================> 96%] [Cov:============================>      81%]
[Progress:=============================>98%] [Cov:=========================>         72%]
[Progress:=============================>98%] [Cov:==========================>        77%]
[Progress:=============================>98%] [Cov:============================>      81%]
[Progress:=============================>98%] [Cov:==========================>        77%]
[Progress:=============================>98%] [Cov:============================>      81%]
[Progress:=============================>98%] [Cov:==========================>        77%]
[Progress:=============================>98%] [Cov:============================>      81%]
[Progress:=============================>98%] [Cov:==========================>        77%]
[Progress:=============================>98%] [Cov:============================>      81%]
[Progress:==============================100%] [Cov:============================>      81%]
[Progress:==============================100%] [Cov:==========================>        77%]
[Progress:==============================100%] [Cov:============================>      81%]
[Progress:==============================100%] [Cov:==========================>        77%]
[Progress:==============================100%] [Cov:============================>      81%]
[Progress:==============================100%] [Cov:============================>      81%]
[Progress:==============================100%] [Cov:==========================>        77%]
* Search finished after 61s and 178 generations, 64260 statements, best individual has fitness: 115.75641025641026
* Minimizing test suite
* Going to analyze the coverage criteria
* Coverage analysis for criterion LINE
* Coverage of criterion LINE: 80%
* Total number of goals: 60
* Number of covered goals: 48
* Coverage analysis for criterion BRANCH
* Coverage of criterion BRANCH: 76%
* Total number of goals: 38
* Number of covered goals: 29
* Coverage analysis for criterion EXCEPTION
* Coverage of criterion EXCEPTION: 38%
* Total number of goals: 8
* Number of covered goals: 3
* Coverage analysis for criterion WEAKMUTATION
* Coverage of criterion WEAKMUTATION: 63%
* Total number of goals: 212
* Number of covered goals: 133
* Coverage analysis for criterion OUTPUT
* Coverage of criterion OUTPUT: 50%
* Total number of goals: 6
* Number of covered goals: 3
* Coverage analysis for criterion METHOD
* Coverage of criterion METHOD: 100%
* Total number of goals: 6
* Number of covered goals: 6
* Coverage analysis for criterion METHODNOEXCEPTION
* Coverage of criterion METHODNOEXCEPTION: 83%
* Total number of goals: 6
* Number of covered goals: 5
* Coverage analysis for criterion CBRANCH
* Coverage of criterion CBRANCH: 76%
* Total number of goals: 38
* Number of covered goals: 29
* Generated 11 tests with total length 90
* Resulting test suite's coverage: 78% (average coverage for all fitness functions)
* Generating assertions
* Resulting test suite's mutation score: 18%
* Compiling and checking tests
* Writing tests to file
* Writing JUnit test case 'SimplexSolver_ESTest' to evosuite-tests
* Done!

* Computation finished

