CMD: /usr/lib/jvm/java-8-openjdk-amd64/bin/java -Dtools_jar_location=/usr/lib/jvm/java-8-openjdk-amd64/lib/tools.jar -jar /home/pizza/TestRound2/evosuite-1.2.0.jar -generateSuite -class org.apache.commons.lang.time.DateUtils -projectCP /home/pizza/TestRound2/Test/Lang-53b/target/classes -base_dir /home/pizza/TestRound2/results/project-Lang/Lang-53/round03/evosuite-work -seed 11 -Dalgorithm=NSGAII -Dsearch_budget=60 -Dtest_format=JUNIT4 -Dassertions=true

* EvoSuite 1.2.0
* Going to generate test cases for class: org.apache.commons.lang.time.DateUtils
* Starting Client-0
* Connecting to master process on port 8220
* Analyzing classpath: 
  - /home/pizza/TestRound2/Test/Lang-53b/target/classes
* Finished analyzing classpath
* Generating tests for class org.apache.commons.lang.time.DateUtils
* Test criteria:
  - Line Coverage
  - Branch Coverage
  - Exception
  - Mutation testing (weak)
  - Method-Output Coverage
  - Top-Level Method Coverage
  - No-Exception Top-Level Method Coverage
  - Context Branch Coverage
* Setting up search algorithm for whole suite generation
* Total number of test goals: 
  - Line 215
  - Branch 206
  - Exception 0
  - MutationFactory 947
  - Output 62
  - Method 29
  - MethodNoException 29
  - CBranchFitnessFactory 206

[Progress:>                             0%] [Cov:>                                  0%]* Using seed 11
* Starting evolution

[Progress:>                             0%] [Cov:>                                  0%]
[Progress:>                             0%] [Cov:=>                                 5%]
[Progress:>                             0%] [Cov:===>                               10%]
[Progress:>                             0%] [Cov:=======>                           22%]
[Progress:>                             1%] [Cov:==========>                        29%]
[Progress:>                             1%] [Cov:==========>                        31%]
[Progress:>                             1%] [Cov:============>                      37%]
[Progress:>                             1%] [Cov:==============>                    41%]
[Progress:>                             1%] [Cov:==============>                    42%]
[Progress:>                             3%] [Cov:=>                                 4%]
[Progress:>                             3%] [Cov:===>                               10%]
[Progress:>                             3%] [Cov:=======>                           22%]
[Progress:>                             3%] [Cov:==========>                        29%]
[Progress:>                             3%] [Cov:==========>                        30%]
[Progress:>                             3%] [Cov:============>                      36%]
[Progress:>                             3%] [Cov:=============>                     39%]
[Progress:>                             3%] [Cov:==============>                    41%]
[Progress:>                             3%] [Cov:==============>                    42%]
[Progress:=>                            5%] [Cov:=>                                 4%]
[Progress:=>                            5%] [Cov:===>                               9%]
[Progress:=>                            5%] [Cov:=======>                           22%]
[Progress:=>                            5%] [Cov:=========>                         28%]
[Progress:=>                            5%] [Cov:===========>                       32%]
[Progress:=>                            5%] [Cov:===========>                       34%]
[Progress:=>                            5%] [Cov:============>                      35%]
[Progress:=>                            5%] [Cov:==============>                    40%]
[Progress:=>                            5%] [Cov:==============>                    41%]
[Progress:=>                            6%] [Cov:=>                                 3%]
[Progress:=>                            6%] [Cov:==>                                8%]
[Progress:=>                            6%] [Cov:=======>                           21%]
[Progress:=>                            6%] [Cov:=========>                         27%]
[Progress:=>                            6%] [Cov:==========>                        29%]
[Progress:=>                            6%] [Cov:===========>                       34%]
[Progress:=>                            6%] [Cov:============>                      37%]
[Progress:=>                            6%] [Cov:=============>                     38%]
[Progress:=>                            6%] [Cov:==============>                    41%]
[Progress:=>                            6%] [Cov:==============>                    42%]
[Progress:=>                            6%] [Cov:===============>                   43%]
[Progress:=>                            6%] [Cov:===============>                   44%]
[Progress:==>                           8%] [Cov:====>                              14%]
[Progress:==>                           8%] [Cov:==========>                        31%]
[Progress:==>                           8%] [Cov:==============>                    40%]
[Progress:==>                           8%] [Cov:==============>                    42%]
[Progress:==>                           8%] [Cov:===============>                   43%]
[Progress:==>                           8%] [Cov:===============>                   44%]
[Progress:==>                           8%] [Cov:===============>                   45%]
[Progress:==>                           8%] [Cov:================>                  46%]
[Progress:==>                           8%] [Cov:================>                  47%]
[Progress:==>                           8%] [Cov:==============>                    41%]
[Progress:==>                           8%] [Cov:==============>                    42%]
[Progress:==>                           8%] [Cov:===============>                   44%]
[Progress:==>                           8%] [Cov:===============>                   45%]
[Progress:===>                          10%] [Cov:==========>                        30%]
[Progress:===>                          10%] [Cov:===============>                   44%]
[Progress:===>                          10%] [Cov:================>                  48%]
[Progress:===>                          10%] [Cov:=================>                 50%]
[Progress:===>                          10%] [Cov:================>                  48%]
[Progress:===>                          11%] [Cov:==============>                    42%]
[Progress:===>                          11%] [Cov:===============>                   45%]
[Progress:===>                          11%] [Cov:================>                  48%]
[Progress:===>                          11%] [Cov:=================>                 49%]
[Progress:===>                          11%] [Cov:=================>                 50%]
[Progress:===>                          13%] [Cov:==============>                    42%]
[Progress:===>                          13%] [Cov:===============>                   44%]
[Progress:===>                          13%] [Cov:===============>                   45%]
[Progress:===>                          13%] [Cov:================>                  46%]
[Progress:===>                          13%] [Cov:================>                  47%]
[Progress:===>                          13%] [Cov:================>                  47%]
[Progress:===>                          13%] [Cov:================>                  48%]
[Progress:===>                          13%] [Cov:=================>                 49%]
[Progress:===>                          13%] [Cov:=================>                 50%]
[Progress:====>                         15%] [Cov:===============>                   44%]
[Progress:====>                         15%] [Cov:================>                  47%]
[Progress:====>                         15%] [Cov:================>                  48%]
[Progress:====>                         15%] [Cov:=================>                 49%]
[Progress:====>                         15%] [Cov:=================>                 50%]
[Progress:====>                         15%] [Cov:=================>                 51%]
[Progress:====>                         15%] [Cov:==================>                52%]
[Progress:====>                         16%] [Cov:================>                  47%]
[Progress:====>                         16%] [Cov:=================>                 49%]
[Progress:====>                         16%] [Cov:=================>                 50%]
[Progress:====>                         16%] [Cov:=================>                 51%]
[Progress:====>                         16%] [Cov:==================>                52%]
[Progress:====>                         16%] [Cov:==================>                53%]
[Progress:====>                         16%] [Cov:===================>               55%]
[Progress:====>                         16%] [Cov:==================>                52%]
[Progress:====>                         16%] [Cov:==================>                54%]
[Progress:=====>                        18%] [Cov:===============>                   45%]
[Progress:=====>                        18%] [Cov:=================>                 49%]
[Progress:=====>                        18%] [Cov:=================>                 50%]
[Progress:=====>                        18%] [Cov:==================>                52%]
[Progress:=====>                        18%] [Cov:==================>                53%]
[Progress:======>                       20%] [Cov:=================>                 50%]
[Progress:======>                       20%] [Cov:==================>                53%]
[Progress:======>                       20%] [Cov:=================>                 49%]
[Progress:======>                       20%] [Cov:=================>                 50%]
[Progress:======>                       20%] [Cov:=================>                 51%]
[Progress:======>                       20%] [Cov:==================>                52%]
[Progress:======>                       20%] [Cov:==================>                53%]
[Progress:======>                       20%] [Cov:==================>                54%]
[Progress:======>                       20%] [Cov:===================>               55%]
[Progress:======>                       20%] [Cov:===================>               56%]
[Progress:======>                       20%] [Cov:====================>              58%]
[Progress:======>                       21%] [Cov:================>                  47%]
[Progress:======>                       21%] [Cov:=================>                 49%]
[Progress:======>                       21%] [Cov:==================>                52%]
[Progress:======>                       21%] [Cov:==================>                53%]
[Progress:======>                       21%] [Cov:==================>                54%]
[Progress:======>                       21%] [Cov:====================>              58%]
[Progress:======>                       23%] [Cov:================>                  46%]
[Progress:======>                       23%] [Cov:==================>                54%]
[Progress:======>                       23%] [Cov:===================>               55%]
[Progress:======>                       23%] [Cov:===================>               57%]
[Progress:======>                       23%] [Cov:====================>              58%]
[Progress:======>                       23%] [Cov:====================>              58%]
[Progress:=======>                      25%] [Cov:=================>                 49%]
[Progress:=======>                      25%] [Cov:=================>                 51%]
[Progress:=======>                      25%] [Cov:==================>                52%]
[Progress:=======>                      25%] [Cov:==================>                54%]
[Progress:=======>                      25%] [Cov:===================>               55%]
[Progress:=======>                      25%] [Cov:===================>               56%]
[Progress:=======>                      25%] [Cov:===================>               57%]
[Progress:=======>                      25%] [Cov:====================>              58%]
[Progress:=======>                      26%] [Cov:==================>                54%]
[Progress:=======>                      26%] [Cov:===================>               55%]
[Progress:=======>                      26%] [Cov:===================>               56%]
[Progress:=======>                      26%] [Cov:===================>               57%]
[Progress:=======>                      26%] [Cov:====================>              58%]
[Progress:=======>                      26%] [Cov:====================>              59%]
[Progress:=======>                      26%] [Cov:=====================>             60%]
[Progress:=======>                      26%] [Cov:=====================>             60%]
[Progress:========>                     28%] [Cov:=================>                 51%]
[Progress:========>                     28%] [Cov:====================>              58%]
[Progress:========>                     28%] [Cov:====================>              59%]
[Progress:=========>                    30%] [Cov:====================>              58%]
[Progress:=========>                    30%] [Cov:=====================>             60%]
[Progress:=========>                    31%] [Cov:====================>              58%]
[Progress:=========>                    31%] [Cov:====================>              59%]
[Progress:=========>                    31%] [Cov:=====================>             60%]
[Progress:=========>                    31%] [Cov:=====================>             61%]
[Progress:=========>                    33%] [Cov:===================>               55%]
[Progress:=========>                    33%] [Cov:====================>              59%]
[Progress:=========>                    33%] [Cov:=====================>             61%]
[Progress:=========>                    33%] [Cov:=====================>             62%]
[Progress:==========>                   35%] [Cov:=================>                 50%]
[Progress:==========>                   35%] [Cov:=====================>             62%]
[Progress:==========>                   36%] [Cov:==================>                52%]
[Progress:==========>                   36%] [Cov:=====================>             60%]
[Progress:==========>                   36%] [Cov:=====================>             61%]
[Progress:==========>                   36%] [Cov:=====================>             62%]
[Progress:===========>                  38%] [Cov:=================>                 50%]
[Progress:===========>                  38%] [Cov:===================>               57%]
[Progress:===========>                  38%] [Cov:====================>              58%]
[Progress:===========>                  38%] [Cov:====================>              59%]
[Progress:===========>                  38%] [Cov:=====================>             61%]
[Progress:===========>                  38%] [Cov:=====================>             62%]
[Progress:===========>                  38%] [Cov:======================>            63%]
[Progress:============>                 40%] [Cov:=====================>             61%]
[Progress:============>                 40%] [Cov:======================>            63%]
[Progress:============>                 41%] [Cov:===================>               56%]
[Progress:============>                 41%] [Cov:====================>              59%]
[Progress:============>                 41%] [Cov:=====================>             60%]
[Progress:============>                 41%] [Cov:=====================>             62%]
[Progress:============>                 41%] [Cov:======================>            63%]
[Progress:============>                 43%] [Cov:====================>              58%]
[Progress:============>                 43%] [Cov:=====================>             62%]
[Progress:============>                 43%] [Cov:======================>            63%]
[Progress:=============>                45%] [Cov:=====================>             61%]
[Progress:=============>                45%] [Cov:=====================>             62%]
[Progress:=============>                45%] [Cov:======================>            63%]
[Progress:=============>                46%] [Cov:====================>              58%]
[Progress:=============>                46%] [Cov:=====================>             62%]
[Progress:=============>                46%] [Cov:======================>            63%]
[Progress:=============>                46%] [Cov:======================>            63%]
[Progress:=============>                46%] [Cov:======================>            64%]
[Progress:==============>               48%] [Cov:=====================>             62%]
[Progress:==============>               48%] [Cov:======================>            63%]
[Progress:===============>              50%] [Cov:======================>            63%]
[Progress:===============>              50%] [Cov:======================>            64%]
[Progress:===============>              51%] [Cov:====================>              58%]
[Progress:===============>              51%] [Cov:====================>              59%]
[Progress:===============>              51%] [Cov:=====================>             62%]
[Progress:===============>              51%] [Cov:======================>            63%]
[Progress:===============>              51%] [Cov:======================>            64%]
[Progress:===============>              51%] [Cov:======================>            64%]
[Progress:===============>              53%] [Cov:======================>            63%]
[Progress:===============>              53%] [Cov:======================>            64%]
[Progress:================>             55%] [Cov:======================>            63%]
[Progress:================>             55%] [Cov:======================>            64%]
[Progress:================>             55%] [Cov:======================>            63%]
[Progress:================>             55%] [Cov:======================>            64%]
[Progress:================>             55%] [Cov:======================>            65%]
[Progress:================>             56%] [Cov:=====================>             60%]
[Progress:================>             56%] [Cov:=====================>             62%]
[Progress:================>             56%] [Cov:======================>            63%]
[Progress:================>             56%] [Cov:======================>            64%]
[Progress:================>             56%] [Cov:======================>            65%]
[Progress:=================>            58%] [Cov:=====================>             62%]
[Progress:=================>            58%] [Cov:======================>            63%]
[Progress:=================>            58%] [Cov:======================>            64%]
[Progress:=================>            58%] [Cov:======================>            65%]
[Progress:==================>           60%] [Cov:======================>            64%]
[Progress:==================>           60%] [Cov:======================>            65%]
[Progress:==================>           61%] [Cov:======================>            64%]
[Progress:==================>           61%] [Cov:======================>            65%]
[Progress:==================>           63%] [Cov:======================>            63%]
[Progress:==================>           63%] [Cov:======================>            64%]
[Progress:==================>           63%] [Cov:======================>            65%]
[Progress:===================>          65%] [Cov:====================>              58%]
[Progress:===================>          65%] [Cov:=====================>             62%]
[Progress:===================>          65%] [Cov:======================>            64%]
[Progress:===================>          65%] [Cov:======================>            65%]
[Progress:===================>          66%] [Cov:======================>            63%]
[Progress:===================>          66%] [Cov:======================>            64%]
[Progress:===================>          66%] [Cov:======================>            65%]
[Progress:====================>         68%] [Cov:======================>            63%]
[Progress:====================>         68%] [Cov:======================>            65%]
[Progress:=====================>        70%] [Cov:=====================>             62%]
[Progress:=====================>        70%] [Cov:======================>            63%]
[Progress:=====================>        70%] [Cov:======================>            65%]
[Progress:=====================>        71%] [Cov:=====================>             60%]
[Progress:=====================>        71%] [Cov:======================>            63%]
[Progress:=====================>        71%] [Cov:======================>            65%]
[Progress:=====================>        71%] [Cov:======================>            65%]
[Progress:=====================>        73%] [Cov:======================>            63%]
[Progress:=====================>        73%] [Cov:======================>            64%]
[Progress:=====================>        73%] [Cov:======================>            65%]
[Progress:======================>       75%] [Cov:=====================>             60%]
[Progress:======================>       75%] [Cov:======================>            63%]
[Progress:======================>       75%] [Cov:======================>            65%]
[Progress:======================>       75%] [Cov:======================>            65%]
[Progress:======================>       76%] [Cov:======================>            64%]
[Progress:======================>       76%] [Cov:======================>            65%]
[Progress:=======================>      78%] [Cov:======================>            65%]
[Progress:========================>     80%] [Cov:======================>            63%]
[Progress:========================>     80%] [Cov:======================>            64%]
[Progress:========================>     80%] [Cov:======================>            65%]
[Progress:========================>     80%] [Cov:======================>            65%]
[Progress:========================>     81%] [Cov:======================>            65%]
[Progress:========================>     83%] [Cov:======================>            65%]
[Progress:========================>     83%] [Cov:=======================>           66%]
[Progress:========================>     83%] [Cov:======================>            65%]
[Progress:=========================>    85%] [Cov:======================>            65%]
[Progress:=========================>    85%] [Cov:=======================>           66%]
[Progress:=========================>    86%] [Cov:======================>            65%]
[Progress:=========================>    86%] [Cov:=======================>           66%]
[Progress:=========================>    86%] [Cov:=======================>           67%]
[Progress:=========================>    86%] [Cov:=======================>           66%]
[Progress:==========================>   88%] [Cov:======================>            65%]
[Progress:==========================>   88%] [Cov:=======================>           66%]
[Progress:==========================>   88%] [Cov:=======================>           67%]
[Progress:===========================>  90%] [Cov:======================>            65%]
[Progress:===========================>  90%] [Cov:=======================>           66%]
[Progress:===========================>  90%] [Cov:=======================>           67%]
[Progress:===========================>  91%] [Cov:======================>            65%]
[Progress:===========================>  91%] [Cov:=======================>           67%]
[Progress:===========================>  93%] [Cov:=======================>           66%]
[Progress:===========================>  93%] [Cov:=======================>           67%]
[Progress:============================> 95%] [Cov:======================>            65%]
[Progress:============================> 95%] [Cov:=======================>           66%]
[Progress:============================> 95%] [Cov:=======================>           67%]
[Progress:============================> 95%] [Cov:=======================>           67%]
[Progress:============================> 96%] [Cov:======================>            65%]
[Progress:============================> 96%] [Cov:=======================>           66%]
[Progress:=============================>98%] [Cov:=======================>           66%]
[Progress:=============================>98%] [Cov:=======================>           67%]
[Progress:==============================100%] [Cov:======================>            64%]
[Progress:==============================100%] [Cov:=======================>           66%]
[Progress:==============================100%] [Cov:=======================>           67%]
[Progress:==============================100%] [Cov:=======================>           67%]
[Progress:==============================100%] [Cov:=======================>           66%]
[Progress:==============================100%] [Cov:=======================>           67%]
[Progress:==============================100%] [Cov:=======================>           68%]
[Progress:==============================100%] [Cov:=======================>           66%]
[Progress:==============================100%] [Cov:=======================>           67%]
[Progress:==============================100%] [Cov:=======================>           67%]
* Search finished after 63s and 30 generations, 9537 statements, best individual has fitness: 590.5165285070489
* Minimizing test suite
* Going to analyze the coverage criteria
* Coverage analysis for criterion LINE
* Coverage of criterion LINE: 71%
* Total number of goals: 215
* Number of covered goals: 153
* Coverage analysis for criterion BRANCH
* Coverage of criterion BRANCH: 59%
* Total number of goals: 206
* Number of covered goals: 122
* Coverage analysis for criterion EXCEPTION
* Coverage of criterion EXCEPTION: 27%
* Total number of goals: 30
* Number of covered goals: 8
* Coverage analysis for criterion WEAKMUTATION
* Coverage of criterion WEAKMUTATION: 78%
* Total number of goals: 947
* Number of covered goals: 740
* Coverage analysis for criterion OUTPUT
* Coverage of criterion OUTPUT: 44%
* Total number of goals: 62
* Number of covered goals: 27
* Coverage analysis for criterion METHOD
* Coverage of criterion METHOD: 90%
* Total number of goals: 29
* Number of covered goals: 26
* Coverage analysis for criterion METHODNOEXCEPTION
* Coverage of criterion METHODNOEXCEPTION: 79%
* Total number of goals: 29
* Number of covered goals: 23
* Coverage analysis for criterion CBRANCH
* Coverage of criterion CBRANCH: 52%
* Total number of goals: 206
* Number of covered goals: 107
* Generated 34 tests with total length 79
* Resulting test suite's coverage: 68% (average coverage for all fitness functions)
* Generating assertions
* Resulting test suite's mutation score: 38%
* Compiling and checking tests
* Writing tests to file
* Writing JUnit test case 'DateUtils_ESTest' to evosuite-tests
* Done!

* Computation finished

