CMD: /usr/lib/jvm/java-8-openjdk-amd64/bin/java -Dtools_jar_location=/usr/lib/jvm/java-8-openjdk-amd64/lib/tools.jar -jar /home/pizza/evosuite/evosuite-1.2.0.jar -generateSuite -class com.google.javascript.jscomp.parsing.IRFactory -projectCP /home/pizza/evosuite/Test/Closure-42b/build/classes:/home/pizza/evosuite/Test/Closure-42b/lib/args4j.jar:/home/pizza/evosuite/Test/Closure-42b/lib/guava.jar:/home/pizza/evosuite/Test/Closure-42b/lib/json.jar:/home/pizza/evosuite/Test/Closure-42b/lib/jsr305.jar:/home/pizza/evosuite/Test/Closure-42b/lib/protobuf-java.jar:/home/pizza/evosuite/Test/Closure-42b/build/lib/rhino.jar:/home/pizza/evosuite/Test/Closure-42b/lib/ant.jar -base_dir /home/pizza/evosuite/results/project-Closure/Closure-42/round02/evosuite-work -seed 11 -Dalgorithm=NSGAII -Dsearch_budget=150 -Dtest_format=JUNIT4 -Dassertions=true

* EvoSuite 1.2.0
* Going to generate test cases for class: com.google.javascript.jscomp.parsing.IRFactory
* Starting Client-0
* Connecting to master process on port 8226
* Analyzing classpath: 
  - /home/pizza/evosuite/Test/Closure-42b/build/classes
  - /home/pizza/evosuite/Test/Closure-42b/lib/args4j.jar
  - /home/pizza/evosuite/Test/Closure-42b/lib/guava.jar
  - /home/pizza/evosuite/Test/Closure-42b/lib/json.jar
  - /home/pizza/evosuite/Test/Closure-42b/lib/jsr305.jar
  - /home/pizza/evosuite/Test/Closure-42b/lib/protobuf-java.jar
  - /home/pizza/evosuite/Test/Closure-42b/build/lib/rhino.jar
  - /home/pizza/evosuite/Test/Closure-42b/lib/ant.jar
* Finished analyzing classpath
* Generating tests for class com.google.javascript.jscomp.parsing.IRFactory
* Test criteria:
  - Line Coverage
  - Branch Coverage
  - Exception
  - Mutation testing (weak)
  - Method-Output Coverage
  - Top-Level Method Coverage
  - No-Exception Top-Level Method Coverage
  - Context Branch Coverage
* Setting up search algorithm for whole suite generation
* Total number of test goals: 
  - Line 592
  - Branch 563
  - Exception 0
  - MutationFactory 941
  - Output 165
  - Method 50
  - MethodNoException 50

[Progress:>                             0%] [Cov:>                                  0%]  - CBranchFitnessFactory 563
* Using seed 11
* Starting evolution

[Progress:>                             1%] [Cov:>                                  0%]
[Progress:>                             1%] [Cov:>                                  1%]
[Progress:>                             1%] [Cov:====>                              14%]
[Progress:>                             1%] [Cov:=====>                             15%]
[Progress:>                             2%] [Cov:====>                              12%]
[Progress:>                             2%] [Cov:====>                              14%]
[Progress:>                             2%] [Cov:=====>                             15%]
[Progress:>                             2%] [Cov:======>                            19%]
[Progress:>                             2%] [Cov:=======>                           20%]
[Progress:>                             3%] [Cov:====>                              14%]
[Progress:>                             3%] [Cov:=====>                             15%]
[Progress:>                             3%] [Cov:======>                            19%]
[Progress:>                             3%] [Cov:=======>                           20%][MASTER] 00:29:06.562 [logback-1] WARN  TestUsageChecker - class com.google.javascript.rhino.head.ContextFactory$1GlobalSetterImpl looks like an anonymous class, ignoring it (although reflection says false) GlobalSetterImpl

[Progress:=>                            4%] [Cov:>                                  1%]
[Progress:=>                            4%] [Cov:====>                              14%]
[Progress:=>                            4%] [Cov:=====>                             15%]
[Progress:=>                            4%] [Cov:======>                            19%]
[Progress:=>                            4%] [Cov:=======>                           20%]
[Progress:=>                            4%] [Cov:=====>                             15%]
[Progress:=>                            4%] [Cov:======>                            19%]
[Progress:=>                            4%] [Cov:=======>                           20%]
[Progress:=>                            4%] [Cov:=======>                           20%]
[Progress:=>                            5%] [Cov:=====>                             15%]
[Progress:=>                            5%] [Cov:=======>                           20%]
[Progress:=>                            5%] [Cov:=======>                           20%]
[Progress:=>                            6%] [Cov:=====>                             15%]
[Progress:=>                            6%] [Cov:=======>                           20%]
[Progress:=>                            6%] [Cov:=======>                           20%]
[Progress:==>                           7%] [Cov:=======>                           20%]
[Progress:==>                           7%] [Cov:=======>                           20%]
[Progress:==>                           8%] [Cov:=======>                           20%]
[Progress:==>                           8%] [Cov:=======>                           20%]
[Progress:==>                           8%] [Cov:=======>                           20%]
[Progress:==>                           9%] [Cov:=======>                           20%]
[Progress:===>                          10%] [Cov:=====>                             15%]
[Progress:===>                          10%] [Cov:=======>                           20%]
[Progress:===>                          10%] [Cov:=======>                           20%]
[Progress:===>                          10%] [Cov:=======>                           20%]
[Progress:===>                          11%] [Cov:=======>                           20%]
[Progress:===>                          12%] [Cov:=======>                           20%]
[Progress:===>                          12%] [Cov:=======>                           20%]
[Progress:===>                          13%] [Cov:=======>                           20%]
[Progress:===>                          13%] [Cov:=======>                           20%]
[Progress:====>                         14%] [Cov:=======>                           20%]
[Progress:====>                         14%] [Cov:=======>                           20%]
[Progress:====>                         15%] [Cov:=======>                           20%]
[Progress:====>                         15%] [Cov:=======>                           20%]
[Progress:====>                         16%] [Cov:=======>                           20%]
[Progress:====>                         16%] [Cov:=======>                           20%]
[Progress:=====>                        17%] [Cov:=======>                           20%]
[Progress:=====>                        18%] [Cov:=======>                           20%]
[Progress:=====>                        18%] [Cov:=======>                           20%]
[Progress:=====>                        19%] [Cov:=======>                           20%]
[Progress:=====>                        19%] [Cov:=======>                           20%]
[Progress:======>                       20%] [Cov:=======>                           20%]
[Progress:======>                       20%] [Cov:=======>                           20%]
[Progress:======>                       20%] [Cov:=======>                           20%]
[Progress:======>                       21%] [Cov:=======>                           20%]
[Progress:======>                       22%] [Cov:=======>                           20%]
[Progress:======>                       22%] [Cov:=======>                           20%]
[Progress:======>                       22%] [Cov:=======>                           20%]
[Progress:======>                       23%] [Cov:=======>                           20%]
[Progress:=======>                      24%] [Cov:=======>                           20%]
[Progress:=======>                      24%] [Cov:=======>                           20%]
[Progress:=======>                      24%] [Cov:=======>                           20%]
[Progress:=======>                      25%] [Cov:=======>                           20%]
[Progress:=======>                      26%] [Cov:=======>                           20%]
[Progress:=======>                      26%] [Cov:=======>                           20%]
[Progress:=======>                      26%] [Cov:=======>                           20%]
[Progress:========>                     27%] [Cov:=======>                           20%]
[Progress:========>                     28%] [Cov:=======>                           20%]
[Progress:========>                     28%] [Cov:=======>                           20%]
[Progress:========>                     28%] [Cov:=======>                           20%]
[Progress:========>                     29%] [Cov:=======>                           20%]
[Progress:=========>                    30%] [Cov:=======>                           20%]
[Progress:=========>                    30%] [Cov:=======>                           20%]
[Progress:=========>                    30%] [Cov:=======>                           20%]
[Progress:=========>                    31%] [Cov:=======>                           20%]
[Progress:=========>                    32%] [Cov:=======>                           20%]
[Progress:=========>                    32%] [Cov:=======>                           20%]
[Progress:=========>                    32%] [Cov:=======>                           20%]
[Progress:=========>                    33%] [Cov:=======>                           20%]
[Progress:==========>                   34%] [Cov:=======>                           20%]
[Progress:==========>                   34%] [Cov:=======>                           20%]
[Progress:==========>                   34%] [Cov:=======>                           20%]
[Progress:==========>                   35%] [Cov:=======>                           20%]
[Progress:==========>                   36%] [Cov:=======>                           20%]
[Progress:==========>                   36%] [Cov:=======>                           20%]
[Progress:==========>                   36%] [Cov:=======>                           20%]
[Progress:===========>                  37%] [Cov:=======>                           20%]
[Progress:===========>                  37%] [Cov:=======>                           20%]
[Progress:===========>                  38%] [Cov:=======>                           20%]
[Progress:===========>                  38%] [Cov:=======>                           20%]
[Progress:===========>                  39%] [Cov:=======>                           20%]
[Progress:============>                 40%] [Cov:=======>                           20%]
[Progress:============>                 40%] [Cov:=======>                           20%]
[Progress:============>                 41%] [Cov:=======>                           20%]
[Progress:============>                 41%] [Cov:=======>                           20%]
[Progress:============>                 42%] [Cov:=====>                             15%]
[Progress:============>                 42%] [Cov:=======>                           20%]
[Progress:============>                 42%] [Cov:=======>                           20%]
[Progress:============>                 42%] [Cov:=======>                           20%]
[Progress:============>                 43%] [Cov:=======>                           20%]
[Progress:=============>                44%] [Cov:=======>                           20%]
[Progress:=============>                44%] [Cov:=======>                           20%]
[Progress:=============>                45%] [Cov:=======>                           20%]
[Progress:=============>                45%] [Cov:=======>                           20%]
[Progress:=============>                46%] [Cov:=======>                           20%]
[Progress:=============>                46%] [Cov:=======>                           20%]
[Progress:==============>               47%] [Cov:=======>                           20%]
[Progress:==============>               47%] [Cov:=======>                           20%]
[Progress:==============>               48%] [Cov:=======>                           20%]
[Progress:==============>               48%] [Cov:=======>                           20%]
[Progress:==============>               49%] [Cov:=======>                           20%]
[Progress:==============>               49%] [Cov:=======>                           20%]
[Progress:===============>              50%] [Cov:=======>                           20%]
[Progress:===============>              50%] [Cov:=======>                           20%]
[Progress:===============>              51%] [Cov:=======>                           20%]
[Progress:===============>              51%] [Cov:=======>                           20%]
[Progress:===============>              52%] [Cov:=======>                           20%]
[Progress:===============>              52%] [Cov:=======>                           20%]
[Progress:===============>              53%] [Cov:=======>                           20%]
[Progress:===============>              53%] [Cov:=======>                           20%]
[Progress:================>             54%] [Cov:=======>                           20%]
[Progress:================>             54%] [Cov:=======>                           20%]
[Progress:================>             54%] [Cov:=======>                           20%]
[Progress:================>             55%] [Cov:=======>                           20%]
[Progress:================>             56%] [Cov:=======>                           20%]
[Progress:================>             56%] [Cov:=======>                           20%]
[Progress:================>             56%] [Cov:=======>                           20%]
[Progress:=================>            57%] [Cov:=======>                           20%]
[Progress:=================>            57%] [Cov:=======>                           20%]
[Progress:=================>            58%] [Cov:=======>                           20%]
[Progress:=================>            58%] [Cov:=======>                           20%]
[Progress:=================>            59%] [Cov:=======>                           20%]
[Progress:=================>            59%] [Cov:=======>                           20%]
[Progress:==================>           60%] [Cov:======>                            18%]
[Progress:==================>           60%] [Cov:=======>                           20%]
[Progress:==================>           60%] [Cov:=======>                           20%]
[Progress:==================>           60%] [Cov:=======>                           20%]
[Progress:==================>           61%] [Cov:=======>                           20%]
[Progress:==================>           62%] [Cov:=======>                           20%]
[Progress:==================>           62%] [Cov:=======>                           20%]
[Progress:==================>           62%] [Cov:=======>                           20%]
[Progress:==================>           62%] [Cov:=======>                           20%]
[Progress:==================>           63%] [Cov:=======>                           20%]
[Progress:===================>          64%] [Cov:=======>                           20%]
[Progress:===================>          64%] [Cov:=======>                           20%]
[Progress:===================>          65%] [Cov:=======>                           20%]
[Progress:===================>          65%] [Cov:=======>                           20%]
[Progress:===================>          66%] [Cov:=======>                           20%]
[Progress:===================>          66%] [Cov:=======>                           20%]
[Progress:====================>         67%] [Cov:=======>                           20%]
[Progress:====================>         68%] [Cov:=======>                           20%]
[Progress:====================>         68%] [Cov:=======>                           20%]
[Progress:====================>         68%] [Cov:=======>                           20%]
[Progress:====================>         69%] [Cov:=======>                           20%]
[Progress:=====================>        70%] [Cov:=======>                           20%]
[Progress:=====================>        70%] [Cov:=======>                           20%]
[Progress:=====================>        70%] [Cov:=======>                           20%]
[Progress:=====================>        71%] [Cov:=======>                           20%]
[Progress:=====================>        72%] [Cov:=======>                           20%]
[Progress:=====================>        72%] [Cov:=======>                           20%]
[Progress:=====================>        72%] [Cov:=======>                           20%]
[Progress:=====================>        73%] [Cov:=======>                           20%]
[Progress:=====================>        73%] [Cov:=======>                           20%]
[Progress:======================>       74%] [Cov:=======>                           20%]
[Progress:======================>       74%] [Cov:=======>                           20%]
[Progress:======================>       75%] [Cov:=======>                           20%]
[Progress:======================>       75%] [Cov:=======>                           20%]
[Progress:======================>       76%] [Cov:=======>                           20%][MASTER] 00:30:55.255 [logback-1] WARN  TestCluster - Failed to check cache for java.util.Comparator<T> : Type points to itself

[Progress:======================>       76%] [Cov:=======>                           20%]
[Progress:======================>       76%] [Cov:=======>                           20%]
[Progress:=======================>      77%] [Cov:=======>                           20%]
[Progress:=======================>      78%] [Cov:=======>                           20%]
[Progress:=======================>      78%] [Cov:=======>                           20%]
[Progress:=======================>      78%] [Cov:=======>                           20%]
[Progress:=======================>      79%] [Cov:=======>                           20%]
[Progress:=======================>      79%] [Cov:=======>                           20%]
[Progress:========================>     80%] [Cov:=======>                           20%]
[Progress:========================>     80%] [Cov:=======>                           20%]
[Progress:========================>     81%] [Cov:=======>                           20%]
[Progress:========================>     81%] [Cov:=======>                           20%]
[Progress:========================>     82%] [Cov:=======>                           20%]
[Progress:========================>     82%] [Cov:=======>                           20%]
[Progress:========================>     83%] [Cov:=======>                           20%]
[Progress:=========================>    84%] [Cov:=======>                           20%]
[Progress:=========================>    84%] [Cov:=======>                           20%]
[Progress:=========================>    84%] [Cov:=======>                           20%]
[Progress:=========================>    85%] [Cov:=======>                           20%]
[Progress:=========================>    85%] [Cov:=======>                           20%]
[Progress:=========================>    86%] [Cov:=======>                           20%]
[Progress:=========================>    86%] [Cov:=======>                           20%]
[Progress:==========================>   87%] [Cov:=======>                           20%]
[Progress:==========================>   87%] [Cov:=======>                           20%]
[Progress:==========================>   88%] [Cov:=======>                           20%]
[Progress:==========================>   88%] [Cov:=======>                           20%]
[Progress:==========================>   89%] [Cov:=======>                           20%]
[Progress:==========================>   89%] [Cov:=======>                           20%]
[Progress:===========================>  90%] [Cov:=======>                           20%]
[Progress:===========================>  90%] [Cov:=======>                           20%]
[Progress:===========================>  91%] [Cov:=======>                           20%]
[Progress:===========================>  92%] [Cov:=======>                           20%]
[Progress:===========================>  92%] [Cov:=======>                           20%]
[Progress:===========================>  92%] [Cov:=======>                           20%]
[Progress:===========================>  93%] [Cov:=======>                           20%]
[Progress:============================> 94%] [Cov:=======>                           20%]
[Progress:============================> 94%] [Cov:=======>                           20%]
[Progress:============================> 95%] [Cov:=======>                           20%]
[Progress:============================> 95%] [Cov:=======>                           20%]
[Progress:============================> 96%] [Cov:=======>                           20%]
[Progress:============================> 96%] [Cov:=======>                           20%]
[Progress:=============================>97%] [Cov:====>                              12%]
[Progress:=============================>97%] [Cov:=======>                           20%]
[Progress:=============================>97%] [Cov:=======>                           20%]
[Progress:=============================>98%] [Cov:=======>                           20%]
[Progress:=============================>98%] [Cov:=======>                           20%]
[Progress:=============================>99%] [Cov:=======>                           20%]
[Progress:==============================100%] [Cov:=======>                           20%]
[Progress:==============================100%] [Cov:=======>                           20%]
[Progress:==============================100%] [Cov:=======>                           20%]
* Search finished after 152s and 99 generations, 39714 statements, best individual has fitness: 3456.498095238095
* Minimizing test suite
* Going to analyze the coverage criteria
* Coverage analysis for criterion LINE
* Coverage of criterion LINE: 11%
* Total number of goals: 592
* Number of covered goals: 68
* Coverage analysis for criterion BRANCH
* Coverage of criterion BRANCH: 5%
* Total number of goals: 563
* Number of covered goals: 26
* Coverage analysis for criterion EXCEPTION
* Coverage of criterion EXCEPTION: 100%
* Total number of goals: 1
* Number of covered goals: 1
* Coverage analysis for criterion WEAKMUTATION
* Coverage of criterion WEAKMUTATION: 10%
* Total number of goals: 941
* Number of covered goals: 97
* Coverage analysis for criterion OUTPUT
* Coverage of criterion OUTPUT: 48%
* Total number of goals: 165
* Number of covered goals: 80
* Coverage analysis for criterion METHOD
* Coverage of criterion METHOD: 2%
* Total number of goals: 50
* Number of covered goals: 1
* Coverage analysis for criterion METHODNOEXCEPTION
* Coverage of criterion METHODNOEXCEPTION: 2%
* Total number of goals: 50
* Number of covered goals: 1
* Coverage analysis for criterion CBRANCH
* Coverage of criterion CBRANCH: 5%
* Total number of goals: 563
* Number of covered goals: 26
* Generated 4 tests with total length 27
* Resulting test suite's coverage: 21% (average coverage for all fitness functions)
* Generating assertions
* Resulting test suite's mutation score: 4%
* Compiling and checking tests
* Writing tests to file
* Writing JUnit test case 'IRFactory_ESTest' to evosuite-tests
* Done!

* Computation finished

