CMD: /usr/lib/jvm/java-8-openjdk-amd64/bin/java -Dtools_jar_location=/usr/lib/jvm/java-8-openjdk-amd64/lib/tools.jar -jar /home/pizza/TestRound2/evosuite-1.2.0.jar -generateSuite -class org.apache.commons.math.optimization.direct.BOBYQAOptimizer -projectCP /home/pizza/TestRound2/Test/Math-38b/target/classes -base_dir /home/pizza/TestRound2/results/project-Math/Math-38/round03/evosuite-work -seed 11 -Dalgorithm=NSGAII -Dsearch_budget=60 -Dtest_format=JUNIT4 -Dassertions=true

* EvoSuite 1.2.0
* Going to generate test cases for class: org.apache.commons.math.optimization.direct.BOBYQAOptimizer
* Starting Client-0
* Connecting to master process on port 8226
* Analyzing classpath: 
  - /home/pizza/TestRound2/Test/Math-38b/target/classes
* Finished analyzing classpath
* Generating tests for class org.apache.commons.math.optimization.direct.BOBYQAOptimizer
* Test criteria:
  - Line Coverage
  - Branch Coverage
  - Exception
  - Mutation testing (weak)
  - Method-Output Coverage
  - Top-Level Method Coverage
  - No-Exception Top-Level Method Coverage
  - Context Branch Coverage
* Setting up search algorithm for whole suite generation
* Total number of test goals: 
  - Line 1199
  - Branch 651
  - Exception 0
  - MutationFactory 658
  - Output 4
  - Method 3
  - MethodNoException 3
  - CBranchFitnessFactory 651

[Progress:>                             0%] [Cov:>                                  0%]* Using seed 11
* Starting evolution

[Progress:>                             0%] [Cov:>                                  0%]
[Progress:>                             1%] [Cov:>                                  0%]
[Progress:>                             1%] [Cov:====>                              12%]
[Progress:>                             1%] [Cov:=======>                           22%]
[Progress:>                             1%] [Cov:==========>                        29%]
[Progress:>                             3%] [Cov:===>                               11%]
[Progress:>                             3%] [Cov:====>                              12%]
[Progress:>                             3%] [Cov:========>                          23%]
[Progress:>                             3%] [Cov:==========>                        31%]
[Progress:=>                            5%] [Cov:>                                  0%]
[Progress:=>                            5%] [Cov:====>                              12%]
[Progress:=>                            5%] [Cov:=======>                           22%]
[Progress:=>                            5%] [Cov:==========>                        29%]
[Progress:=>                            5%] [Cov:==========>                        31%]
[Progress:=>                            6%] [Cov:>                                  0%]
[Progress:=>                            6%] [Cov:====>                              12%]
[Progress:=>                            6%] [Cov:=======>                           22%]
[Progress:=>                            6%] [Cov:==========>                        29%]
[Progress:=>                            6%] [Cov:==========>                        31%]
[Progress:==>                           8%] [Cov:==========>                        30%]
[Progress:==>                           8%] [Cov:==========>                        31%]
[Progress:==>                           8%] [Cov:==========>                        31%]
[Progress:===>                          10%] [Cov:==========>                        29%]
[Progress:===>                          10%] [Cov:==========>                        31%]
[Progress:===>                          11%] [Cov:==========>                        29%]
[Progress:===>                          11%] [Cov:==========>                        31%]
[Progress:===>                          11%] [Cov:==========>                        31%]
[Progress:===>                          13%] [Cov:==========>                        31%]
[Progress:===>                          13%] [Cov:=========>                         27%]
[Progress:===>                          13%] [Cov:==========>                        31%]
[Progress:====>                         15%] [Cov:=======>                           22%]
[Progress:====>                         15%] [Cov:==========>                        29%]
[Progress:====>                         15%] [Cov:==========>                        31%]
[Progress:====>                         16%] [Cov:==========>                        30%]
[Progress:====>                         16%] [Cov:==========>                        31%]
[Progress:====>                         16%] [Cov:=========>                         27%]
[Progress:====>                         16%] [Cov:==========>                        31%]
[Progress:=====>                        18%] [Cov:==========>                        31%]
[Progress:=====>                        18%] [Cov:==========>                        31%]
[Progress:======>                       20%] [Cov:==========>                        31%]
[Progress:======>                       20%] [Cov:==========>                        31%]
[Progress:======>                       21%] [Cov:==========>                        31%]
[Progress:======>                       23%] [Cov:==========>                        31%]
[Progress:======>                       23%] [Cov:==========>                        31%]
[Progress:=======>                      25%] [Cov:==========>                        31%]
[Progress:=======>                      26%] [Cov:==========>                        31%]
[Progress:=======>                      26%] [Cov:==========>                        31%]
[Progress:========>                     28%] [Cov:==========>                        31%]
[Progress:=========>                    30%] [Cov:==========>                        31%]
[Progress:=========>                    30%] [Cov:==========>                        31%]
[Progress:=========>                    31%] [Cov:==========>                        31%]
[Progress:=========>                    31%] [Cov:==========>                        31%]
[Progress:=========>                    33%] [Cov:==========>                        31%]
[Progress:==========>                   35%] [Cov:==========>                        31%]
[Progress:==========>                   35%] [Cov:==========>                        31%]
[Progress:==========>                   36%] [Cov:==========>                        31%]
[Progress:==========>                   36%] [Cov:==========>                        31%]
[Progress:===========>                  38%] [Cov:==========>                        31%]
[Progress:===========>                  38%] [Cov:==========>                        31%]
[Progress:============>                 40%] [Cov:==========>                        31%]
[Progress:============>                 40%] [Cov:==========>                        31%]
[Progress:============>                 41%] [Cov:==========>                        31%]
[Progress:============>                 41%] [Cov:==========>                        31%]
[Progress:============>                 43%] [Cov:==========>                        31%]
[Progress:============>                 43%] [Cov:==========>                        31%]
[Progress:=============>                45%] [Cov:==========>                        31%]
[Progress:=============>                46%] [Cov:==========>                        31%]
[Progress:=============>                46%] [Cov:==========>                        31%]
[Progress:==============>               48%] [Cov:==========>                        31%]
[Progress:==============>               48%] [Cov:==========>                        31%]
[Progress:===============>              50%] [Cov:==========>                        29%]
[Progress:===============>              50%] [Cov:==========>                        31%]
[Progress:===============>              50%] [Cov:==========>                        31%]
[Progress:===============>              51%] [Cov:==========>                        31%]
[Progress:===============>              53%] [Cov:==========>                        31%]
[Progress:===============>              53%] [Cov:==========>                        31%]
[Progress:================>             55%] [Cov:==========>                        31%]
[Progress:================>             55%] [Cov:==========>                        31%]
[Progress:================>             56%] [Cov:==========>                        31%]
[Progress:================>             56%] [Cov:==========>                        31%]
[Progress:=================>            58%] [Cov:==========>                        31%]
[Progress:==================>           60%] [Cov:==========>                        30%]
[Progress:==================>           60%] [Cov:==========>                        31%]
[Progress:==================>           60%] [Cov:==========>                        31%]
[Progress:==================>           61%] [Cov:==========>                        31%]
[Progress:==================>           61%] [Cov:==========>                        31%]
[Progress:==================>           63%] [Cov:==========>                        30%]
[Progress:==================>           63%] [Cov:==========>                        31%]
[Progress:==================>           63%] [Cov:==========>                        31%]
[Progress:===================>          65%] [Cov:==========>                        31%]
[Progress:===================>          66%] [Cov:==========>                        31%]
[Progress:===================>          66%] [Cov:==========>                        31%]
[Progress:====================>         68%] [Cov:==========>                        31%]
[Progress:=====================>        70%] [Cov:==========>                        31%]
[Progress:=====================>        70%] [Cov:==========>                        31%]
[Progress:=====================>        71%] [Cov:==========>                        31%]
[Progress:=====================>        71%] [Cov:==========>                        31%]
[Progress:=====================>        73%] [Cov:==========>                        31%]
[Progress:======================>       75%] [Cov:==========>                        31%]
[Progress:======================>       75%] [Cov:==========>                        31%]
[Progress:======================>       76%] [Cov:==========>                        31%]
[Progress:======================>       76%] [Cov:==========>                        31%]
[Progress:=======================>      78%] [Cov:==========>                        31%]
[Progress:========================>     80%] [Cov:==========>                        31%]
[Progress:========================>     80%] [Cov:==========>                        31%]
[Progress:========================>     81%] [Cov:==========>                        31%]
[Progress:========================>     83%] [Cov:==========>                        31%]
[Progress:========================>     83%] [Cov:==========>                        31%]
[Progress:=========================>    85%] [Cov:==========>                        31%]
[Progress:=========================>    85%] [Cov:==========>                        31%]
[Progress:=========================>    86%] [Cov:==========>                        31%]
[Progress:=========================>    86%] [Cov:==========>                        31%]
[Progress:==========================>   88%] [Cov:==========>                        31%]
[Progress:===========================>  90%] [Cov:==========>                        31%]
[Progress:===========================>  90%] [Cov:==========>                        31%]
[Progress:===========================>  91%] [Cov:==========>                        31%]
[Progress:===========================>  91%] [Cov:==========>                        31%]
[Progress:===========================>  93%] [Cov:==========>                        31%]
[Progress:============================> 95%] [Cov:==========>                        31%]
[Progress:============================> 95%] [Cov:==========>                        31%]
[Progress:============================> 96%] [Cov:==========>                        31%]
[Progress:=============================>98%] [Cov:==========>                        31%]
[Progress:=============================>98%] [Cov:==========>                        31%]
[Progress:==============================100%] [Cov:==========>                        31%]
[Progress:==============================100%] [Cov:==========>                        31%]
[Progress:==============================100%] [Cov:==========>                        31%]
[Progress:==============================100%] [Cov:==========>                        31%]
[Progress:==============================100%] [Cov:==========>                        31%]
* Search finished after 62s and 42 generations, 23042 statements, best individual has fitness: 4163.163659548855
* Minimizing test suite
* Going to analyze the coverage criteria
* Coverage analysis for criterion LINE
* Coverage of criterion LINE: 2%
* Total number of goals: 1199
* Number of covered goals: 21
* Coverage analysis for criterion BRANCH
* Coverage of criterion BRANCH: 1%
* Total number of goals: 651
* Number of covered goals: 6
* Coverage analysis for criterion EXCEPTION
* Coverage of criterion EXCEPTION: 100%
* Total number of goals: 1
* Number of covered goals: 1
* Coverage analysis for criterion WEAKMUTATION
* Coverage of criterion WEAKMUTATION: 11%
* Total number of goals: 658
* Number of covered goals: 72
* Coverage analysis for criterion OUTPUT
* Coverage of criterion OUTPUT: 0%
* Total number of goals: 4
* Number of covered goals: 0
* Coverage analysis for criterion METHOD
* Coverage of criterion METHOD: 100%
* Total number of goals: 3
* Number of covered goals: 3
* Coverage analysis for criterion METHODNOEXCEPTION
* Coverage of criterion METHODNOEXCEPTION: 67%
* Total number of goals: 3
* Number of covered goals: 2
* Coverage analysis for criterion CBRANCH
* Coverage of criterion CBRANCH: 1%
* Total number of goals: 651
* Number of covered goals: 6
* Generated 2 tests with total length 12
* Resulting test suite's coverage: 31% (average coverage for all fitness functions)
* Generating assertions
* Resulting test suite's mutation score: 0%
* Compiling and checking tests
* Writing tests to file
* Writing JUnit test case 'BOBYQAOptimizer_ESTest' to evosuite-tests
* Done!

* Computation finished

