CMD: /usr/lib/jvm/java-8-openjdk-amd64/bin/java -Dtools_jar_location=/usr/lib/jvm/java-8-openjdk-amd64/lib/tools.jar -jar /home/pizza/evosuite/evosuite-1.2.0.jar -generateSuite -class org.apache.commons.cli.OptionBuilder -projectCP /home/pizza/evosuite/Test/Cli-26b/target/classes -base_dir /home/pizza/evosuite/results/project-Cli/Cli-26/round02/evosuite-work -seed 11 -Dalgorithm=NSGAII -Dsearch_budget=150 -Dtest_format=JUNIT4 -Dassertions=true

* EvoSuite 1.2.0
* Going to generate test cases for class: org.apache.commons.cli.OptionBuilder
* Starting Client-0
* Connecting to master process on port 8226
* Analyzing classpath: 
  - /home/pizza/evosuite/Test/Cli-26b/target/classes
* Finished analyzing classpath
* Generating tests for class org.apache.commons.cli.OptionBuilder
* Test criteria:
  - Line Coverage
  - Branch Coverage
  - Exception
  - Mutation testing (weak)
  - Method-Output Coverage
  - Top-Level Method Coverage
  - No-Exception Top-Level Method Coverage
  - Context Branch Coverage
* Setting up search algorithm for whole suite generation
* Total number of test goals: 
  - Line 59
  - Branch 21
  - Exception 0
  - MutationFactory 52
  - Output 93
  - Method 18
  - MethodNoException 18
  - CBranchFitnessFactory 21

[Progress:>                             0%] [Cov:>                                  0%]* Using seed 11
* Starting evolution

[Progress:>                             0%] [Cov:>                                  0%]
[Progress:>                             0%] [Cov:===>                               11%]
[Progress:>                             0%] [Cov:========>                          23%]
[Progress:>                             0%] [Cov:============>                      36%]
[Progress:>                             0%] [Cov:==================>                53%]
[Progress:>                             0%] [Cov:===================>               57%]
[Progress:>                             0%] [Cov:=======================>           68%]
[Progress:>                             0%] [Cov:===========================>       78%]
[Progress:>                             0%] [Cov:==============================>    88%]
[Progress:>                             0%] [Cov:===============================>   89%]
[Progress:>                             1%] [Cov:===========================>       78%]
[Progress:>                             1%] [Cov:=============================>     84%]
[Progress:>                             1%] [Cov:==============================>    87%]
[Progress:>                             1%] [Cov:================================>  92%]
[Progress:>                             1%] [Cov:================================>  93%]
[Progress:>                             2%] [Cov:===>                               11%]
[Progress:>                             2%] [Cov:=======>                           21%]
[Progress:>                             2%] [Cov:========>                          23%]
[Progress:>                             2%] [Cov:===========>                       34%]
[Progress:>                             2%] [Cov:============>                      36%]
[Progress:>                             2%] [Cov:=================>                 49%]
[Progress:>                             2%] [Cov:==================>                53%]
[Progress:>                             2%] [Cov:====================>              58%]
[Progress:>                             2%] [Cov:=====================>             62%]
[Progress:>                             2%] [Cov:========================>          69%]
[Progress:>                             2%] [Cov:========================>          71%]
[Progress:>                             2%] [Cov:============================>      80%]
[Progress:>                             2%] [Cov:===============================>   90%]
[Progress:>                             2%] [Cov:================================>  93%]
[Progress:>                             2%] [Cov:================================>  93%]
[Progress:>                             2%] [Cov:================================>  94%]
[Progress:>                             2%] [Cov:================================>  92%]
[Progress:>                             2%] [Cov:================================>  93%]
[Progress:>                             2%] [Cov:================================>  94%]
[Progress:>                             2%] [Cov:================================>  93%]
[Progress:>                             2%] [Cov:================================>  94%]
[Progress:>                             2%] [Cov:=================================> 95%]
[Progress:>                             3%] [Cov:================================>  92%]
[Progress:>                             3%] [Cov:================================>  93%]
[Progress:>                             3%] [Cov:================================>  94%]
[Progress:>                             3%] [Cov:=================================> 95%]
[Progress:>                             3%] [Cov:=================================> 95%]
[Progress:=>                            4%] [Cov:================================>  94%]
[Progress:=>                            4%] [Cov:=================================> 95%]
[Progress:=>                            4%] [Cov:=================================> 95%]
[Progress:=>                            4%] [Cov:=================================> 95%]
[Progress:=>                            4%] [Cov:=================================> 96%]
[Progress:=>                            4%] [Cov:================================>  93%]
[Progress:=>                            4%] [Cov:=================================> 95%]
[Progress:=>                            4%] [Cov:=================================> 96%]
[Progress:=>                            5%] [Cov:=================================> 95%]
[Progress:=>                            5%] [Cov:================================>  93%]
[Progress:=>                            5%] [Cov:=================================> 95%]
[Progress:=>                            5%] [Cov:=================================> 96%]
[Progress:=>                            5%] [Cov:================================>  93%]
[Progress:=>                            5%] [Cov:=================================> 95%]
[Progress:=>                            5%] [Cov:=================================> 96%]
[Progress:=>                            5%] [Cov:================================>  93%]
[Progress:=>                            5%] [Cov:=================================> 96%]
[Progress:=>                            6%] [Cov:=================================> 95%]
[Progress:=>                            6%] [Cov:=================================> 96%]
[Progress:=>                            6%] [Cov:=================================> 96%]
[Progress:=>                            6%] [Cov:=================================> 96%]
[Progress:=>                            6%] [Cov:=================================> 96%]
[Progress:==>                           7%] [Cov:================================>  93%]
[Progress:==>                           7%] [Cov:=================================> 95%]
[Progress:==>                           7%] [Cov:=================================> 96%]
[Progress:==>                           7%] [Cov:=================================> 96%]
[Progress:==>                           7%] [Cov:=================================> 96%]
[Progress:==>                           7%] [Cov:=================================> 96%]
[Progress:==>                           8%] [Cov:=================================> 96%]
[Progress:==>                           8%] [Cov:=================================> 96%]
[Progress:==>                           8%] [Cov:=================================> 96%]
[Progress:==>                           8%] [Cov:=================================> 96%]
[Progress:==>                           8%] [Cov:=================================> 96%]
[Progress:==>                           8%] [Cov:=================================> 96%]
[Progress:==>                           9%] [Cov:=================================> 96%]
[Progress:==>                           9%] [Cov:=================================> 96%]
[Progress:==>                           9%] [Cov:=================================> 96%]
[Progress:===>                          10%] [Cov:=================================> 96%]
[Progress:===>                          10%] [Cov:=================================> 96%]
[Progress:===>                          10%] [Cov:=================================> 96%]
[Progress:===>                          10%] [Cov:=================================> 96%]
[Progress:===>                          10%] [Cov:=================================> 96%]
[Progress:===>                          11%] [Cov:=================================> 96%]
[Progress:===>                          11%] [Cov:=================================> 96%]
[Progress:===>                          11%] [Cov:=================================> 96%]
[Progress:===>                          12%] [Cov:================================>  94%]
[Progress:===>                          12%] [Cov:=================================> 95%]
[Progress:===>                          12%] [Cov:=================================> 96%]
[Progress:===>                          12%] [Cov:=================================> 96%]
[Progress:===>                          12%] [Cov:=================================> 96%]
[Progress:===>                          12%] [Cov:=================================> 96%]
[Progress:===>                          12%] [Cov:=================================> 96%]
[Progress:===>                          12%] [Cov:=================================> 96%]
[Progress:===>                          13%] [Cov:================================>  92%]
[Progress:===>                          13%] [Cov:=================================> 96%]
[Progress:===>                          13%] [Cov:=================================> 96%]
[Progress:===>                          13%] [Cov:=================================> 96%]
[Progress:====>                         14%] [Cov:=================================> 96%]
[Progress:====>                         14%] [Cov:=================================> 96%]
[Progress:====>                         14%] [Cov:=================================> 96%]
[Progress:====>                         14%] [Cov:=================================> 96%]
[Progress:====>                         14%] [Cov:=================================> 96%]
[Progress:====>                         14%] [Cov:=================================> 96%]
[Progress:====>                         15%] [Cov:=================================> 96%]
[Progress:====>                         15%] [Cov:=================================> 96%]
[Progress:====>                         15%] [Cov:=================================> 96%]
[Progress:====>                         16%] [Cov:=================================> 96%]
[Progress:====>                         16%] [Cov:=================================> 96%]
[Progress:====>                         16%] [Cov:=================================> 96%]
[Progress:====>                         16%] [Cov:=================================> 96%]
[Progress:====>                         16%] [Cov:=================================> 96%]
[Progress:====>                         16%] [Cov:=================================> 96%]
[Progress:=====>                        17%] [Cov:=================================> 96%]
[Progress:=====>                        17%] [Cov:=================================> 96%]
[Progress:=====>                        17%] [Cov:================================>  94%]
[Progress:=====>                        17%] [Cov:=================================> 96%]
[Progress:=====>                        18%] [Cov:=================================> 96%]
[Progress:=====>                        18%] [Cov:================================>  94%]
[Progress:=====>                        18%] [Cov:=================================> 96%]
[Progress:=====>                        18%] [Cov:================================>  94%]
[Progress:=====>                        18%] [Cov:=================================> 96%]
[Progress:=====>                        18%] [Cov:================================>  94%]
[Progress:=====>                        18%] [Cov:=================================> 96%]
[Progress:=====>                        18%] [Cov:================================>  94%]
[Progress:=====>                        18%] [Cov:=================================> 96%]
[Progress:=====>                        18%] [Cov:================================>  94%]
[Progress:=====>                        18%] [Cov:=================================> 96%]
[Progress:=====>                        18%] [Cov:================================>  94%]
[Progress:=====>                        18%] [Cov:=================================> 96%]
[Progress:=====>                        19%] [Cov:================================>  92%]
[Progress:=====>                        19%] [Cov:=================================> 96%]
[Progress:=====>                        19%] [Cov:================================>  94%]
[Progress:=====>                        19%] [Cov:=================================> 96%]
[Progress:=====>                        19%] [Cov:================================>  94%]
[Progress:=====>                        19%] [Cov:=================================> 96%]
[Progress:======>                       20%] [Cov:=================================> 96%]
[Progress:======>                       20%] [Cov:================================>  94%]
[Progress:======>                       20%] [Cov:=================================> 96%]
[Progress:======>                       20%] [Cov:================================>  94%]
[Progress:======>                       20%] [Cov:=================================> 96%]
[Progress:======>                       20%] [Cov:================================>  94%]
[Progress:======>                       20%] [Cov:=================================> 96%]
[Progress:======>                       20%] [Cov:================================>  94%]
[Progress:======>                       20%] [Cov:=================================> 96%]
[Progress:======>                       20%] [Cov:================================>  94%]
[Progress:======>                       20%] [Cov:=================================> 96%]
[Progress:======>                       21%] [Cov:=================================> 96%]
[Progress:======>                       21%] [Cov:================================>  94%]
[Progress:======>                       21%] [Cov:=================================> 96%]
[Progress:======>                       21%] [Cov:================================>  94%]
[Progress:======>                       21%] [Cov:=================================> 96%]
[Progress:======>                       22%] [Cov:=================================> 96%]
[Progress:======>                       22%] [Cov:================================>  94%]
[Progress:======>                       22%] [Cov:=================================> 96%]
[Progress:======>                       22%] [Cov:================================>  94%]
[Progress:======>                       22%] [Cov:=================================> 96%]
[Progress:======>                       22%] [Cov:================================>  94%]
[Progress:======>                       22%] [Cov:=================================> 96%]
[Progress:======>                       22%] [Cov:================================>  94%]
[Progress:======>                       22%] [Cov:=================================> 96%]
[Progress:======>                       22%] [Cov:================================>  94%]
[Progress:======>                       22%] [Cov:=================================> 96%]
[Progress:======>                       22%] [Cov:================================>  94%]
[Progress:======>                       22%] [Cov:=================================> 96%]
[Progress:======>                       23%] [Cov:=================================> 96%]
[Progress:======>                       23%] [Cov:================================>  94%]
[Progress:======>                       23%] [Cov:=================================> 96%]
[Progress:======>                       23%] [Cov:================================>  94%]
[Progress:======>                       23%] [Cov:=================================> 96%]
[Progress:=======>                      24%] [Cov:=================================> 96%]
[Progress:=======>                      24%] [Cov:================================>  94%]
[Progress:=======>                      24%] [Cov:=================================> 96%]
[Progress:=======>                      24%] [Cov:================================>  94%]
[Progress:=======>                      24%] [Cov:=================================> 96%]
[Progress:=======>                      24%] [Cov:================================>  94%]
[Progress:=======>                      24%] [Cov:=================================> 96%]
[Progress:=======>                      24%] [Cov:================================>  94%]
[Progress:=======>                      24%] [Cov:=================================> 96%]
[Progress:=======>                      25%] [Cov:=================================> 96%]
[Progress:=======>                      25%] [Cov:================================>  94%]
[Progress:=======>                      25%] [Cov:=================================> 96%]
[Progress:=======>                      25%] [Cov:================================>  94%]
[Progress:=======>                      25%] [Cov:=================================> 96%]
[Progress:=======>                      25%] [Cov:================================>  94%]
[Progress:=======>                      25%] [Cov:=================================> 96%]
[Progress:=======>                      26%] [Cov:=================================> 96%]
[Progress:=======>                      26%] [Cov:================================>  94%]
[Progress:=======>                      26%] [Cov:=================================> 96%]
[Progress:=======>                      26%] [Cov:================================>  94%]
[Progress:=======>                      26%] [Cov:=================================> 96%]
[Progress:=======>                      26%] [Cov:================================>  94%]
[Progress:=======>                      26%] [Cov:=================================> 96%]
[Progress:=======>                      26%] [Cov:================================>  94%]
[Progress:=======>                      26%] [Cov:=================================> 96%]
[Progress:=======>                      26%] [Cov:================================>  94%]
[Progress:=======>                      26%] [Cov:=================================> 96%]
[Progress:========>                     27%] [Cov:=================================> 96%]
[Progress:========>                     27%] [Cov:================================>  94%]
[Progress:========>                     27%] [Cov:=================================> 96%]
[Progress:========>                     27%] [Cov:================================>  94%]
[Progress:========>                     27%] [Cov:=================================> 96%]
[Progress:========>                     28%] [Cov:=================================> 96%]
[Progress:========>                     28%] [Cov:================================>  94%]
[Progress:========>                     28%] [Cov:=================================> 96%]
[Progress:========>                     28%] [Cov:================================>  94%]
[Progress:========>                     28%] [Cov:=================================> 95%]
[Progress:========>                     28%] [Cov:=================================> 96%]
[Progress:========>                     28%] [Cov:================================>  94%]
[Progress:========>                     28%] [Cov:=================================> 96%]
[Progress:========>                     28%] [Cov:================================>  94%]
[Progress:========>                     28%] [Cov:=================================> 96%]
[Progress:========>                     28%] [Cov:================================>  94%]
[Progress:========>                     28%] [Cov:=================================> 96%]
[Progress:========>                     29%] [Cov:=================================> 96%]
[Progress:========>                     29%] [Cov:================================>  94%]
[Progress:========>                     29%] [Cov:=================================> 96%]
[Progress:========>                     29%] [Cov:================================>  94%]
[Progress:========>                     29%] [Cov:=================================> 96%]
[Progress:========>                     29%] [Cov:================================>  94%]
[Progress:========>                     29%] [Cov:=================================> 96%]
[Progress:=========>                    30%] [Cov:=================================> 96%]
[Progress:=========>                    30%] [Cov:================================>  94%]
[Progress:=========>                    30%] [Cov:=================================> 96%]
[Progress:=========>                    30%] [Cov:================================>  94%]
[Progress:=========>                    30%] [Cov:=================================> 96%]
[Progress:=========>                    30%] [Cov:================================>  94%]
[Progress:=========>                    30%] [Cov:=================================> 96%]
[Progress:=========>                    30%] [Cov:================================>  94%]
[Progress:=========>                    30%] [Cov:=================================> 96%]
[Progress:=========>                    30%] [Cov:================================>  94%]
[Progress:=========>                    30%] [Cov:=================================> 96%]
[Progress:=========>                    31%] [Cov:=================================> 96%]
[Progress:=========>                    31%] [Cov:================================>  94%]
[Progress:=========>                    31%] [Cov:=================================> 96%]
[Progress:=========>                    31%] [Cov:================================>  94%]
[Progress:=========>                    31%] [Cov:=================================> 96%]
[Progress:=========>                    31%] [Cov:================================>  94%]
[Progress:=========>                    31%] [Cov:=================================> 96%]
[Progress:=========>                    32%] [Cov:=================================> 96%]
[Progress:=========>                    32%] [Cov:================================>  94%]
[Progress:=========>                    32%] [Cov:=================================> 96%]
[Progress:=========>                    32%] [Cov:================================>  94%]
[Progress:=========>                    32%] [Cov:=================================> 96%]
[Progress:=========>                    32%] [Cov:================================>  94%]
[Progress:=========>                    32%] [Cov:=================================> 95%]
[Progress:=========>                    32%] [Cov:=================================> 96%]
[Progress:=========>                    32%] [Cov:================================>  94%]
[Progress:=========>                    32%] [Cov:=================================> 96%]
[Progress:=========>                    32%] [Cov:================================>  94%]
[Progress:=========>                    32%] [Cov:=================================> 96%]
[Progress:=========>                    33%] [Cov:=================================> 96%]
[Progress:=========>                    33%] [Cov:================================>  94%]
[Progress:=========>                    33%] [Cov:=================================> 96%]
[Progress:=========>                    33%] [Cov:================================>  94%]
[Progress:=========>                    33%] [Cov:=================================> 96%]
[Progress:==========>                   34%] [Cov:===============================>   91%]
[Progress:==========>                   34%] [Cov:=================================> 96%]
[Progress:==========>                   34%] [Cov:================================>  94%]
[Progress:==========>                   34%] [Cov:=================================> 95%]
[Progress:==========>                   34%] [Cov:=================================> 96%]
[Progress:==========>                   34%] [Cov:================================>  94%]
[Progress:==========>                   34%] [Cov:=================================> 96%]
[Progress:==========>                   34%] [Cov:================================>  94%]
[Progress:==========>                   34%] [Cov:=================================> 96%]
[Progress:==========>                   34%] [Cov:================================>  94%]
[Progress:==========>                   34%] [Cov:=================================> 96%]
[Progress:==========>                   34%] [Cov:================================>  94%]
[Progress:==========>                   34%] [Cov:=================================> 96%]
[Progress:==========>                   35%] [Cov:=================================> 96%]
[Progress:==========>                   35%] [Cov:================================>  94%]
[Progress:==========>                   35%] [Cov:=================================> 96%]
[Progress:==========>                   35%] [Cov:================================>  94%]
[Progress:==========>                   35%] [Cov:=================================> 96%]
[Progress:==========>                   36%] [Cov:=================================> 96%]
[Progress:==========>                   36%] [Cov:================================>  94%]
[Progress:==========>                   36%] [Cov:=================================> 96%]
[Progress:==========>                   36%] [Cov:================================>  94%]
[Progress:==========>                   36%] [Cov:=================================> 96%]
[Progress:==========>                   36%] [Cov:================================>  93%]
[Progress:==========>                   36%] [Cov:=================================> 96%]
[Progress:===========>                  37%] [Cov:=================================> 96%]
[Progress:===========>                  37%] [Cov:================================>  93%]
[Progress:===========>                  37%] [Cov:=================================> 96%]
[Progress:===========>                  37%] [Cov:================================>  93%]
[Progress:===========>                  37%] [Cov:=================================> 96%]
[Progress:===========>                  37%] [Cov:================================>  93%]
[Progress:===========>                  37%] [Cov:=================================> 96%]
[Progress:===========>                  38%] [Cov:=================================> 96%]
[Progress:===========>                  38%] [Cov:================================>  93%]
[Progress:===========>                  38%] [Cov:=================================> 96%]
[Progress:===========>                  38%] [Cov:================================>  93%]
[Progress:===========>                  38%] [Cov:=================================> 96%]
[Progress:===========>                  38%] [Cov:================================>  93%]
[Progress:===========>                  38%] [Cov:=================================> 96%]
[Progress:===========>                  38%] [Cov:================================>  93%]
[Progress:===========>                  38%] [Cov:=================================> 96%]
[Progress:===========>                  38%] [Cov:================================>  93%]
[Progress:===========>                  38%] [Cov:=================================> 96%]
[Progress:===========>                  39%] [Cov:=================================> 96%]
[Progress:===========>                  39%] [Cov:================================>  93%]
[Progress:===========>                  39%] [Cov:=================================> 96%]
[Progress:===========>                  39%] [Cov:================================>  93%]
[Progress:===========>                  39%] [Cov:=================================> 96%]
[Progress:===========>                  39%] [Cov:================================>  93%]
[Progress:===========>                  39%] [Cov:=================================> 96%]
[Progress:============>                 40%] [Cov:=================================> 96%]
[Progress:============>                 40%] [Cov:================================>  93%]
[Progress:============>                 40%] [Cov:=================================> 96%]
[Progress:============>                 40%] [Cov:================================>  93%]
[Progress:============>                 40%] [Cov:=================================> 96%]
[Progress:============>                 40%] [Cov:================================>  93%]
[Progress:============>                 40%] [Cov:=================================> 96%]
[Progress:============>                 40%] [Cov:================================>  93%]
[Progress:============>                 40%] [Cov:=================================> 96%]
[Progress:============>                 40%] [Cov:================================>  93%]
[Progress:============>                 40%] [Cov:=================================> 96%]
[Progress:============>                 41%] [Cov:=================================> 96%]
[Progress:============>                 41%] [Cov:================================>  93%]
[Progress:============>                 41%] [Cov:=================================> 96%]
[Progress:============>                 41%] [Cov:================================>  93%]
[Progress:============>                 41%] [Cov:=================================> 96%]
[Progress:============>                 42%] [Cov:=================================> 96%]
[Progress:============>                 42%] [Cov:================================>  93%]
[Progress:============>                 42%] [Cov:=================================> 96%]
[Progress:============>                 42%] [Cov:================================>  93%]
[Progress:============>                 42%] [Cov:=================================> 96%]
[Progress:============>                 42%] [Cov:================================>  93%]
[Progress:============>                 42%] [Cov:=================================> 96%]
[Progress:============>                 42%] [Cov:================================>  93%]
[Progress:============>                 42%] [Cov:=================================> 96%]
[Progress:============>                 42%] [Cov:================================>  93%]
[Progress:============>                 42%] [Cov:=================================> 96%]
[Progress:============>                 42%] [Cov:================================>  93%]
[Progress:============>                 42%] [Cov:=================================> 96%]
[Progress:============>                 43%] [Cov:=================================> 96%]
[Progress:============>                 43%] [Cov:================================>  93%]
[Progress:============>                 43%] [Cov:=================================> 96%]
[Progress:============>                 43%] [Cov:================================>  93%]
[Progress:============>                 43%] [Cov:=================================> 96%]
[Progress:============>                 43%] [Cov:================================>  93%]
[Progress:=============>                44%] [Cov:=================================> 96%]
[Progress:=============>                44%] [Cov:================================>  93%]
[Progress:=============>                44%] [Cov:=================================> 96%]
[Progress:=============>                44%] [Cov:================================>  93%]
[Progress:=============>                44%] [Cov:=================================> 96%]
[Progress:=============>                44%] [Cov:================================>  93%]
[Progress:=============>                44%] [Cov:=================================> 96%]
[Progress:=============>                44%] [Cov:================================>  93%]
[Progress:=============>                44%] [Cov:=================================> 96%]
[Progress:=============>                44%] [Cov:================================>  93%]
[Progress:=============>                44%] [Cov:=================================> 96%]
[Progress:=============>                45%] [Cov:=================================> 96%]
[Progress:=============>                45%] [Cov:================================>  93%]
[Progress:=============>                45%] [Cov:=================================> 95%]
[Progress:=============>                45%] [Cov:=================================> 96%]
[Progress:=============>                45%] [Cov:================================>  93%]
[Progress:=============>                45%] [Cov:=================================> 96%]
[Progress:=============>                45%] [Cov:================================>  93%]
[Progress:=============>                45%] [Cov:=================================> 96%]
[Progress:=============>                46%] [Cov:=================================> 96%]
[Progress:=============>                46%] [Cov:================================>  93%]
[Progress:=============>                46%] [Cov:=================================> 96%]
[Progress:=============>                46%] [Cov:================================>  93%]
[Progress:=============>                46%] [Cov:=================================> 96%]
[Progress:=============>                46%] [Cov:================================>  93%]
[Progress:=============>                46%] [Cov:=================================> 96%]
[Progress:=============>                46%] [Cov:================================>  93%]
[Progress:=============>                46%] [Cov:=================================> 96%]
[Progress:=============>                46%] [Cov:================================>  93%]
[Progress:=============>                46%] [Cov:=================================> 96%]
[Progress:==============>               47%] [Cov:================================>  93%]
[Progress:==============>               47%] [Cov:=================================> 96%]
[Progress:==============>               47%] [Cov:================================>  93%]
[Progress:==============>               47%] [Cov:=================================> 96%]
[Progress:==============>               47%] [Cov:================================>  93%]
[Progress:==============>               47%] [Cov:=================================> 96%]
[Progress:==============>               47%] [Cov:================================>  93%]
[Progress:==============>               47%] [Cov:=================================> 96%]
[Progress:==============>               48%] [Cov:=================================> 96%]
[Progress:==============>               48%] [Cov:================================>  93%]
[Progress:==============>               48%] [Cov:=================================> 96%]
[Progress:==============>               48%] [Cov:================================>  93%]
[Progress:==============>               48%] [Cov:=================================> 95%]
[Progress:==============>               48%] [Cov:=================================> 96%]
[Progress:==============>               48%] [Cov:================================>  93%]
[Progress:==============>               48%] [Cov:=================================> 96%]
[Progress:==============>               48%] [Cov:================================>  93%]
[Progress:==============>               48%] [Cov:=================================> 96%]
[Progress:==============>               48%] [Cov:================================>  93%]
[Progress:==============>               48%] [Cov:=================================> 96%]
[Progress:==============>               49%] [Cov:=================================> 96%]
[Progress:==============>               49%] [Cov:================================>  93%]
[Progress:==============>               49%] [Cov:=================================> 96%]
[Progress:==============>               49%] [Cov:================================>  93%]
[Progress:==============>               49%] [Cov:=================================> 96%]
[Progress:==============>               49%] [Cov:================================>  93%]
[Progress:==============>               49%] [Cov:=================================> 96%]
[Progress:===============>              50%] [Cov:=================================> 96%]
[Progress:===============>              50%] [Cov:================================>  93%]
[Progress:===============>              50%] [Cov:=================================> 96%]
[Progress:===============>              50%] [Cov:================================>  93%]
[Progress:===============>              50%] [Cov:=================================> 95%]
[Progress:===============>              50%] [Cov:=================================> 96%]
[Progress:===============>              50%] [Cov:================================>  93%]
[Progress:===============>              50%] [Cov:=================================> 96%]
[Progress:===============>              50%] [Cov:================================>  93%]
[Progress:===============>              50%] [Cov:=================================> 96%]
[Progress:===============>              50%] [Cov:================================>  93%]
[Progress:===============>              50%] [Cov:=================================> 96%]
[Progress:===============>              51%] [Cov:=================================> 96%]
[Progress:===============>              51%] [Cov:================================>  93%]
[Progress:===============>              51%] [Cov:=================================> 96%]
[Progress:===============>              51%] [Cov:================================>  93%]
[Progress:===============>              51%] [Cov:=================================> 96%]
[Progress:===============>              51%] [Cov:================================>  93%]
[Progress:===============>              51%] [Cov:=================================> 96%]
[Progress:===============>              52%] [Cov:================================>  92%]
[Progress:===============>              52%] [Cov:=================================> 96%]
[Progress:===============>              52%] [Cov:================================>  93%]
[Progress:===============>              52%] [Cov:=================================> 96%]
[Progress:===============>              52%] [Cov:================================>  93%]
[Progress:===============>              52%] [Cov:=================================> 96%]
[Progress:===============>              52%] [Cov:================================>  93%]
[Progress:===============>              52%] [Cov:=================================> 96%]
[Progress:===============>              52%] [Cov:================================>  93%]
[Progress:===============>              52%] [Cov:=================================> 96%]
[Progress:===============>              52%] [Cov:================================>  93%]
[Progress:===============>              52%] [Cov:=================================> 96%]
[Progress:===============>              53%] [Cov:=================================> 96%]
[Progress:===============>              53%] [Cov:================================>  93%]
[Progress:===============>              53%] [Cov:=================================> 96%]
[Progress:===============>              53%] [Cov:================================>  93%]
[Progress:===============>              53%] [Cov:=================================> 96%]
[Progress:===============>              53%] [Cov:================================>  93%]
[Progress:===============>              53%] [Cov:=================================> 96%]
[Progress:================>             54%] [Cov:=================================> 96%]
[Progress:================>             54%] [Cov:================================>  93%]
[Progress:================>             54%] [Cov:=================================> 96%]
[Progress:================>             54%] [Cov:================================>  93%]
[Progress:================>             54%] [Cov:=================================> 96%]
[Progress:================>             54%] [Cov:================================>  93%]
[Progress:================>             54%] [Cov:=================================> 96%]
[Progress:================>             54%] [Cov:================================>  93%]
[Progress:================>             54%] [Cov:=================================> 96%]
[Progress:================>             54%] [Cov:================================>  93%]
[Progress:================>             54%] [Cov:=================================> 95%]
[Progress:================>             54%] [Cov:=================================> 96%]
[Progress:================>             54%] [Cov:================================>  94%]
[Progress:================>             54%] [Cov:=================================> 96%]
[Progress:================>             55%] [Cov:=================================> 96%]
[Progress:================>             55%] [Cov:================================>  94%]
[Progress:================>             55%] [Cov:=================================> 96%]
[Progress:================>             55%] [Cov:================================>  94%]
[Progress:================>             55%] [Cov:=================================> 96%]
[Progress:================>             56%] [Cov:=================================> 96%]
[Progress:================>             56%] [Cov:================================>  94%]
[Progress:================>             56%] [Cov:=================================> 96%]
[Progress:================>             56%] [Cov:================================>  94%]
[Progress:================>             56%] [Cov:=================================> 96%]
[Progress:================>             56%] [Cov:================================>  94%]
[Progress:================>             56%] [Cov:=================================> 96%]
[Progress:================>             56%] [Cov:================================>  94%]
[Progress:================>             56%] [Cov:=================================> 96%]
[Progress:================>             56%] [Cov:================================>  94%]
[Progress:================>             56%] [Cov:=================================> 96%]
[Progress:================>             56%] [Cov:================================>  94%]
[Progress:================>             56%] [Cov:=================================> 96%]
[Progress:=================>            57%] [Cov:============================>      82%]
[Progress:=================>            57%] [Cov:=================================> 96%]
[Progress:=================>            57%] [Cov:================================>  94%]
[Progress:=================>            57%] [Cov:=================================> 96%]
[Progress:=================>            57%] [Cov:================================>  94%]
[Progress:=================>            57%] [Cov:=================================> 95%]
[Progress:=================>            57%] [Cov:=================================> 96%]
[Progress:=================>            57%] [Cov:================================>  94%]
[Progress:=================>            57%] [Cov:=================================> 96%]
[Progress:=================>            58%] [Cov:=================================> 96%]
[Progress:=================>            58%] [Cov:================================>  94%]
[Progress:=================>            58%] [Cov:=================================> 96%]
[Progress:=================>            58%] [Cov:================================>  94%]
[Progress:=================>            58%] [Cov:=================================> 96%]
[Progress:=================>            58%] [Cov:================================>  94%]
[Progress:=================>            58%] [Cov:=================================> 96%]
[Progress:=================>            58%] [Cov:================================>  94%]
[Progress:=================>            58%] [Cov:=================================> 96%]
[Progress:=================>            58%] [Cov:================================>  94%]
[Progress:=================>            58%] [Cov:=================================> 96%]
[Progress:=================>            59%] [Cov:=================================> 96%]
[Progress:=================>            59%] [Cov:================================>  94%]
[Progress:=================>            59%] [Cov:=================================> 96%]
[Progress:=================>            59%] [Cov:================================>  94%]
[Progress:=================>            59%] [Cov:=================================> 96%]
[Progress:=================>            59%] [Cov:================================>  94%]
[Progress:=================>            59%] [Cov:=================================> 96%]
[Progress:=================>            59%] [Cov:================================>  94%]
[Progress:=================>            59%] [Cov:=================================> 96%]
[Progress:==================>           60%] [Cov:=================================> 96%]
[Progress:==================>           60%] [Cov:================================>  94%]
[Progress:==================>           60%] [Cov:=================================> 96%]
[Progress:==================>           60%] [Cov:================================>  94%]
[Progress:==================>           60%] [Cov:=================================> 96%]
[Progress:==================>           60%] [Cov:================================>  94%]
[Progress:==================>           60%] [Cov:=================================> 96%]
[Progress:==================>           60%] [Cov:================================>  94%]
[Progress:==================>           60%] [Cov:=================================> 96%]
[Progress:==================>           60%] [Cov:================================>  94%]
[Progress:==================>           60%] [Cov:=================================> 96%]
[Progress:==================>           61%] [Cov:=================================> 96%]
[Progress:==================>           61%] [Cov:================================>  94%]
[Progress:==================>           61%] [Cov:=================================> 95%]
[Progress:==================>           61%] [Cov:=================================> 96%]
[Progress:==================>           61%] [Cov:================================>  94%]
[Progress:==================>           61%] [Cov:=================================> 96%]
[Progress:==================>           61%] [Cov:================================>  94%]
[Progress:==================>           61%] [Cov:=================================> 96%]
[Progress:==================>           62%] [Cov:=================================> 96%]
[Progress:==================>           62%] [Cov:================================>  94%]
[Progress:==================>           62%] [Cov:=================================> 95%]
[Progress:==================>           62%] [Cov:=================================> 96%]
[Progress:==================>           62%] [Cov:================================>  94%]
[Progress:==================>           62%] [Cov:=================================> 96%]
[Progress:==================>           62%] [Cov:================================>  94%]
[Progress:==================>           62%] [Cov:=================================> 96%]
[Progress:==================>           62%] [Cov:================================>  94%]
[Progress:==================>           62%] [Cov:=================================> 96%]
[Progress:==================>           62%] [Cov:================================>  94%]
[Progress:==================>           62%] [Cov:=================================> 96%]
[Progress:==================>           62%] [Cov:================================>  94%]
[Progress:==================>           62%] [Cov:=================================> 96%]
[Progress:==================>           63%] [Cov:=================================> 96%]
[Progress:==================>           63%] [Cov:================================>  94%]
[Progress:==================>           63%] [Cov:=================================> 96%]
[Progress:==================>           63%] [Cov:================================>  94%]
[Progress:==================>           63%] [Cov:=================================> 95%]
[Progress:==================>           63%] [Cov:=================================> 96%]
[Progress:==================>           63%] [Cov:================================>  94%]
[Progress:==================>           63%] [Cov:=================================> 96%]
[Progress:===================>          64%] [Cov:=================================> 96%]
[Progress:===================>          64%] [Cov:================================>  94%]
[Progress:===================>          64%] [Cov:=================================> 96%]
[Progress:===================>          64%] [Cov:================================>  94%]
[Progress:===================>          64%] [Cov:=================================> 96%]
[Progress:===================>          64%] [Cov:================================>  94%]
[Progress:===================>          64%] [Cov:=================================> 96%]
[Progress:===================>          64%] [Cov:================================>  94%]
[Progress:===================>          64%] [Cov:=================================> 96%]
[Progress:===================>          64%] [Cov:================================>  94%]
[Progress:===================>          64%] [Cov:=================================> 96%]
[Progress:===================>          64%] [Cov:================================>  94%]
[Progress:===================>          64%] [Cov:=================================> 96%]
[Progress:===================>          65%] [Cov:===>                               11%]
[Progress:===================>          65%] [Cov:=================================> 96%]
[Progress:===================>          65%] [Cov:================================>  94%]
[Progress:===================>          65%] [Cov:=================================> 96%]
[Progress:===================>          65%] [Cov:================================>  94%]
[Progress:===================>          65%] [Cov:=================================> 96%]
[Progress:===================>          65%] [Cov:================================>  94%]
[Progress:===================>          65%] [Cov:=================================> 96%]
[Progress:===================>          66%] [Cov:=================================> 96%]
[Progress:===================>          66%] [Cov:================================>  94%]
[Progress:===================>          66%] [Cov:=================================> 96%]
[Progress:===================>          66%] [Cov:================================>  94%]
[Progress:===================>          66%] [Cov:=================================> 96%]
[Progress:===================>          66%] [Cov:================================>  94%]
[Progress:===================>          66%] [Cov:=================================> 96%]
[Progress:===================>          66%] [Cov:================================>  94%]
[Progress:===================>          66%] [Cov:=================================> 96%]
[Progress:===================>          66%] [Cov:================================>  94%]
[Progress:===================>          66%] [Cov:=================================> 96%]
[Progress:====================>         67%] [Cov:=================================> 96%]
[Progress:====================>         67%] [Cov:================================>  94%]
[Progress:====================>         67%] [Cov:=================================> 96%]
[Progress:====================>         67%] [Cov:================================>  94%]
[Progress:====================>         67%] [Cov:=================================> 96%]
[Progress:====================>         68%] [Cov:=================================> 96%]
[Progress:====================>         68%] [Cov:================================>  94%]
[Progress:====================>         68%] [Cov:=================================> 96%]
[Progress:====================>         68%] [Cov:================================>  94%]
[Progress:====================>         68%] [Cov:=================================> 96%]
[Progress:====================>         68%] [Cov:================================>  94%]
[Progress:====================>         68%] [Cov:=================================> 96%]
[Progress:====================>         68%] [Cov:================================>  94%]
[Progress:====================>         68%] [Cov:=================================> 96%]
[Progress:====================>         68%] [Cov:================================>  94%]
[Progress:====================>         68%] [Cov:=================================> 96%]
[Progress:====================>         68%] [Cov:================================>  94%]
[Progress:====================>         68%] [Cov:=================================> 95%]
[Progress:====================>         68%] [Cov:=================================> 96%]
[Progress:====================>         69%] [Cov:=================================> 96%]
[Progress:====================>         69%] [Cov:================================>  94%]
[Progress:====================>         69%] [Cov:=================================> 96%]
[Progress:====================>         69%] [Cov:================================>  94%]
[Progress:====================>         69%] [Cov:=================================> 96%]
[Progress:====================>         69%] [Cov:================================>  94%]
[Progress:====================>         69%] [Cov:=================================> 96%]
[Progress:=====================>        70%] [Cov:=================================> 96%]
[Progress:=====================>        70%] [Cov:================================>  94%]
[Progress:=====================>        70%] [Cov:=================================> 96%]
[Progress:=====================>        70%] [Cov:================================>  94%]
[Progress:=====================>        70%] [Cov:=================================> 96%]
[Progress:=====================>        70%] [Cov:================================>  94%]
[Progress:=====================>        70%] [Cov:=================================> 96%]
[Progress:=====================>        70%] [Cov:================================>  94%]
[Progress:=====================>        70%] [Cov:=================================> 96%]
[Progress:=====================>        70%] [Cov:================================>  94%]
[Progress:=====================>        70%] [Cov:=================================> 96%]
[Progress:=====================>        71%] [Cov:=================================> 96%]
[Progress:=====================>        71%] [Cov:================================>  94%]
[Progress:=====================>        71%] [Cov:=================================> 96%]
[Progress:=====================>        71%] [Cov:================================>  94%]
[Progress:=====================>        71%] [Cov:=================================> 96%]
[Progress:=====================>        71%] [Cov:================================>  94%]
[Progress:=====================>        71%] [Cov:=================================> 96%]
[Progress:=====================>        72%] [Cov:=================================> 96%]
[Progress:=====================>        72%] [Cov:================================>  94%]
[Progress:=====================>        72%] [Cov:=================================> 96%]
[Progress:=====================>        72%] [Cov:================================>  94%]
[Progress:=====================>        72%] [Cov:=================================> 95%]
[Progress:=====================>        72%] [Cov:=================================> 96%]
[Progress:=====================>        72%] [Cov:================================>  94%]
[Progress:=====================>        72%] [Cov:=================================> 96%]
[Progress:=====================>        72%] [Cov:================================>  94%]
[Progress:=====================>        72%] [Cov:=================================> 96%]
[Progress:=====================>        72%] [Cov:================================>  94%]
[Progress:=====================>        72%] [Cov:=================================> 96%]
[Progress:=====================>        72%] [Cov:================================>  94%]
[Progress:=====================>        72%] [Cov:=================================> 96%]
[Progress:=====================>        73%] [Cov:=================================> 96%]
[Progress:=====================>        73%] [Cov:================================>  94%]
[Progress:=====================>        73%] [Cov:=================================> 96%]
[Progress:=====================>        73%] [Cov:================================>  94%]
[Progress:=====================>        73%] [Cov:=================================> 96%]
[Progress:=====================>        73%] [Cov:================================>  94%]
[Progress:=====================>        73%] [Cov:=================================> 96%]
[Progress:======================>       74%] [Cov:=================================> 96%]
[Progress:======================>       74%] [Cov:================================>  94%]
[Progress:======================>       74%] [Cov:=================================> 96%]
[Progress:======================>       74%] [Cov:================================>  94%]
[Progress:======================>       74%] [Cov:=================================> 96%]
[Progress:======================>       74%] [Cov:================================>  94%]
[Progress:======================>       74%] [Cov:=================================> 96%]
[Progress:======================>       74%] [Cov:================================>  94%]
[Progress:======================>       74%] [Cov:=================================> 96%]
[Progress:======================>       74%] [Cov:================================>  94%]
[Progress:======================>       74%] [Cov:=================================> 95%]
[Progress:======================>       74%] [Cov:=================================> 96%]
[Progress:======================>       75%] [Cov:=================================> 96%]
[Progress:======================>       75%] [Cov:================================>  94%]
[Progress:======================>       75%] [Cov:=================================> 96%]
[Progress:======================>       75%] [Cov:================================>  94%]
[Progress:======================>       75%] [Cov:=================================> 96%]
[Progress:======================>       75%] [Cov:================================>  94%]
[Progress:======================>       75%] [Cov:=================================> 96%]
[Progress:======================>       76%] [Cov:=================================> 96%]
[Progress:======================>       76%] [Cov:================================>  94%]
[Progress:======================>       76%] [Cov:=================================> 96%]
[Progress:======================>       76%] [Cov:================================>  94%]
[Progress:======================>       76%] [Cov:=================================> 96%]
[Progress:======================>       76%] [Cov:================================>  94%]
[Progress:======================>       76%] [Cov:=================================> 96%]
[Progress:======================>       76%] [Cov:================================>  94%]
[Progress:======================>       76%] [Cov:=================================> 96%]
[Progress:======================>       76%] [Cov:================================>  94%]
[Progress:======================>       76%] [Cov:=================================> 95%]
[Progress:======================>       76%] [Cov:=================================> 96%]
[Progress:=======================>      77%] [Cov:=================================> 96%]
[Progress:=======================>      77%] [Cov:================================>  94%]
[Progress:=======================>      77%] [Cov:=================================> 96%]
[Progress:=======================>      77%] [Cov:================================>  94%]
[Progress:=======================>      77%] [Cov:=================================> 96%]
[Progress:=======================>      77%] [Cov:================================>  94%]
[Progress:=======================>      77%] [Cov:=================================> 96%]
[Progress:=======================>      78%] [Cov:=================================> 96%]
[Progress:=======================>      78%] [Cov:================================>  94%]
[Progress:=======================>      78%] [Cov:=================================> 96%]
[Progress:=======================>      78%] [Cov:================================>  94%]
[Progress:=======================>      78%] [Cov:=================================> 96%]
[Progress:=======================>      78%] [Cov:================================>  94%]
[Progress:=======================>      78%] [Cov:=================================> 96%]
[Progress:=======================>      78%] [Cov:================================>  94%]
[Progress:=======================>      78%] [Cov:=================================> 96%]
[Progress:=======================>      78%] [Cov:================================>  94%]
[Progress:=======================>      78%] [Cov:=================================> 96%]
[Progress:=======================>      79%] [Cov:=================================> 96%]
[Progress:=======================>      79%] [Cov:================================>  93%]
[Progress:=======================>      79%] [Cov:=================================> 96%]
[Progress:=======================>      79%] [Cov:================================>  93%]
[Progress:=======================>      79%] [Cov:=================================> 96%]
[Progress:========================>     80%] [Cov:=================================> 96%]
[Progress:========================>     80%] [Cov:================================>  93%]
[Progress:========================>     80%] [Cov:=================================> 96%]
[Progress:========================>     80%] [Cov:================================>  93%]
[Progress:========================>     80%] [Cov:=================================> 96%]
[Progress:========================>     80%] [Cov:================================>  93%]
[Progress:========================>     80%] [Cov:=================================> 96%]
[Progress:========================>     80%] [Cov:================================>  93%]
[Progress:========================>     80%] [Cov:=================================> 96%]
[Progress:========================>     80%] [Cov:================================>  93%]
[Progress:========================>     80%] [Cov:=================================> 96%]
[Progress:========================>     80%] [Cov:================================>  93%]
[Progress:========================>     80%] [Cov:=================================> 96%]
[Progress:========================>     81%] [Cov:=================================> 96%]
[Progress:========================>     81%] [Cov:================================>  93%]
[Progress:========================>     81%] [Cov:=================================> 96%]
[Progress:========================>     81%] [Cov:================================>  93%]
[Progress:========================>     81%] [Cov:=================================> 95%]
[Progress:========================>     81%] [Cov:=================================> 96%]
[Progress:========================>     81%] [Cov:================================>  93%]
[Progress:========================>     81%] [Cov:=================================> 96%]
[Progress:========================>     82%] [Cov:=================================> 96%]
[Progress:========================>     82%] [Cov:================================>  93%]
[Progress:========================>     82%] [Cov:=================================> 95%]
[Progress:========================>     82%] [Cov:=================================> 96%]
[Progress:========================>     82%] [Cov:================================>  93%]
[Progress:========================>     82%] [Cov:=================================> 96%]
[Progress:========================>     82%] [Cov:================================>  93%]
[Progress:========================>     82%] [Cov:=================================> 96%]
[Progress:========================>     82%] [Cov:================================>  93%]
[Progress:========================>     82%] [Cov:=================================> 96%]
[Progress:========================>     82%] [Cov:================================>  93%]
[Progress:========================>     82%] [Cov:=================================> 96%]
[Progress:========================>     82%] [Cov:================================>  93%]
[Progress:========================>     82%] [Cov:=================================> 96%]
[Progress:========================>     83%] [Cov:=================================> 96%]
[Progress:========================>     83%] [Cov:================================>  93%]
[Progress:========================>     83%] [Cov:=================================> 96%]
[Progress:========================>     83%] [Cov:================================>  93%]
[Progress:========================>     83%] [Cov:=================================> 96%]
[Progress:========================>     83%] [Cov:================================>  93%]
[Progress:========================>     83%] [Cov:=================================> 96%]
[Progress:=========================>    84%] [Cov:=================================> 96%]
[Progress:=========================>    84%] [Cov:================================>  93%]
[Progress:=========================>    84%] [Cov:=================================> 96%]
[Progress:=========================>    84%] [Cov:================================>  93%]
[Progress:=========================>    84%] [Cov:=================================> 95%]
[Progress:=========================>    84%] [Cov:=================================> 96%]
[Progress:=========================>    84%] [Cov:================================>  93%]
[Progress:=========================>    84%] [Cov:=================================> 96%]
[Progress:=========================>    84%] [Cov:================================>  93%]
[Progress:=========================>    84%] [Cov:=================================> 96%]
[Progress:=========================>    84%] [Cov:================================>  93%]
[Progress:=========================>    84%] [Cov:=================================> 96%]
[Progress:=========================>    85%] [Cov:=================================> 96%]
[Progress:=========================>    85%] [Cov:================================>  93%]
[Progress:=========================>    85%] [Cov:=================================> 96%]
[Progress:=========================>    85%] [Cov:================================>  93%]
[Progress:=========================>    85%] [Cov:=================================> 96%]
[Progress:=========================>    85%] [Cov:================================>  93%]
[Progress:=========================>    85%] [Cov:=================================> 96%]
[Progress:=========================>    86%] [Cov:=================================> 96%]
[Progress:=========================>    86%] [Cov:================================>  93%]
[Progress:=========================>    86%] [Cov:=================================> 96%]
[Progress:=========================>    86%] [Cov:================================>  93%]
[Progress:=========================>    86%] [Cov:=================================> 96%]
[Progress:=========================>    86%] [Cov:================================>  93%]
[Progress:=========================>    86%] [Cov:=================================> 96%]
[Progress:=========================>    86%] [Cov:================================>  93%]
[Progress:=========================>    86%] [Cov:=================================> 96%]
[Progress:=========================>    86%] [Cov:================================>  93%]
[Progress:=========================>    86%] [Cov:=================================> 96%]
[Progress:=========================>    86%] [Cov:================================>  93%]
[Progress:=========================>    86%] [Cov:=================================> 95%]
[Progress:=========================>    86%] [Cov:=================================> 96%]
[Progress:==========================>   87%] [Cov:=================================> 96%]
[Progress:==========================>   87%] [Cov:================================>  93%]
[Progress:==========================>   87%] [Cov:=================================> 96%]
[Progress:==========================>   87%] [Cov:================================>  93%]
[Progress:==========================>   87%] [Cov:=================================> 96%]
[Progress:==========================>   87%] [Cov:================================>  93%]
[Progress:==========================>   87%] [Cov:=================================> 96%]
[Progress:==========================>   88%] [Cov:=================================> 96%]
[Progress:==========================>   88%] [Cov:================================>  93%]
[Progress:==========================>   88%] [Cov:=================================> 96%]
[Progress:==========================>   88%] [Cov:================================>  93%]
[Progress:==========================>   88%] [Cov:=================================> 96%]
[Progress:==========================>   88%] [Cov:================================>  93%]
[Progress:==========================>   88%] [Cov:=================================> 96%]
[Progress:==========================>   88%] [Cov:================================>  93%]
[Progress:==========================>   88%] [Cov:=================================> 96%]
[Progress:==========================>   88%] [Cov:================================>  93%]
[Progress:==========================>   88%] [Cov:=================================> 96%]
[Progress:==========================>   89%] [Cov:=================================> 96%]
[Progress:==========================>   89%] [Cov:================================>  93%]
[Progress:==========================>   89%] [Cov:=================================> 96%]
[Progress:==========================>   89%] [Cov:================================>  93%]
[Progress:==========================>   89%] [Cov:=================================> 96%]
[Progress:==========================>   89%] [Cov:================================>  93%]
[Progress:==========================>   89%] [Cov:=================================> 96%]
[Progress:===========================>  90%] [Cov:=================================> 96%]
[Progress:===========================>  90%] [Cov:================================>  93%]
[Progress:===========================>  90%] [Cov:=================================> 96%]
[Progress:===========================>  90%] [Cov:================================>  93%]
[Progress:===========================>  90%] [Cov:=================================> 96%]
[Progress:===========================>  90%] [Cov:================================>  93%]
[Progress:===========================>  90%] [Cov:=================================> 96%]
[Progress:===========================>  90%] [Cov:================================>  93%]
[Progress:===========================>  90%] [Cov:=================================> 96%]
[Progress:===========================>  90%] [Cov:================================>  93%]
[Progress:===========================>  90%] [Cov:=================================> 96%]
[Progress:===========================>  91%] [Cov:=================================> 96%]
[Progress:===========================>  91%] [Cov:================================>  93%]
[Progress:===========================>  91%] [Cov:=================================> 96%]
[Progress:===========================>  91%] [Cov:================================>  93%]
[Progress:===========================>  91%] [Cov:=================================> 96%]
[Progress:===========================>  91%] [Cov:================================>  93%]
[Progress:===========================>  91%] [Cov:=================================> 96%]
[Progress:===========================>  92%] [Cov:=================================> 96%]
[Progress:===========================>  92%] [Cov:================================>  93%]
[Progress:===========================>  92%] [Cov:=================================> 96%]
[Progress:===========================>  92%] [Cov:================================>  93%]
[Progress:===========================>  92%] [Cov:=================================> 96%]
[Progress:===========================>  92%] [Cov:================================>  93%]
[Progress:===========================>  92%] [Cov:=================================> 96%]
[Progress:===========================>  92%] [Cov:================================>  93%]
[Progress:===========================>  92%] [Cov:=================================> 96%]
[Progress:===========================>  92%] [Cov:================================>  93%]
[Progress:===========================>  92%] [Cov:=================================> 96%]
[Progress:===========================>  92%] [Cov:================================>  93%]
[Progress:===========================>  92%] [Cov:=================================> 96%]
[Progress:===========================>  93%] [Cov:=================================> 96%]
[Progress:===========================>  93%] [Cov:================================>  93%]
[Progress:===========================>  93%] [Cov:=================================> 96%]
[Progress:===========================>  93%] [Cov:================================>  93%]
[Progress:===========================>  93%] [Cov:=================================> 96%]
[Progress:===========================>  93%] [Cov:================================>  93%]
[Progress:===========================>  93%] [Cov:=================================> 95%]
[Progress:===========================>  93%] [Cov:=================================> 96%]
[Progress:============================> 94%] [Cov:=================================> 95%]
[Progress:============================> 94%] [Cov:=================================> 96%]
[Progress:============================> 94%] [Cov:================================>  93%]
[Progress:============================> 94%] [Cov:=================================> 96%]
[Progress:============================> 94%] [Cov:================================>  93%]
[Progress:============================> 94%] [Cov:=================================> 96%]
[Progress:============================> 94%] [Cov:================================>  93%]
[Progress:============================> 94%] [Cov:=================================> 96%]
[Progress:============================> 94%] [Cov:================================>  93%]
[Progress:============================> 94%] [Cov:=================================> 96%]
[Progress:============================> 94%] [Cov:================================>  93%]
[Progress:============================> 94%] [Cov:=================================> 96%]
[Progress:============================> 94%] [Cov:================================>  93%]
[Progress:============================> 94%] [Cov:=================================> 96%]
[Progress:============================> 95%] [Cov:=================================> 96%]
[Progress:============================> 95%] [Cov:================================>  93%]
[Progress:============================> 95%] [Cov:=================================> 96%]
[Progress:============================> 95%] [Cov:================================>  93%]
[Progress:============================> 95%] [Cov:=================================> 96%]
[Progress:============================> 95%] [Cov:================================>  93%]
[Progress:============================> 95%] [Cov:=================================> 96%]
[Progress:============================> 96%] [Cov:=================================> 96%]
[Progress:============================> 96%] [Cov:================================>  93%]
[Progress:============================> 96%] [Cov:=================================> 96%]
[Progress:============================> 96%] [Cov:================================>  93%]
[Progress:============================> 96%] [Cov:=================================> 96%]
[Progress:============================> 96%] [Cov:================================>  93%]
[Progress:============================> 96%] [Cov:=================================> 96%]
[Progress:============================> 96%] [Cov:================================>  93%]
[Progress:============================> 96%] [Cov:=================================> 96%]
[Progress:============================> 96%] [Cov:================================>  93%]
[Progress:============================> 96%] [Cov:=================================> 96%]
[Progress:=============================>97%] [Cov:=================================> 96%]
[Progress:=============================>97%] [Cov:================================>  93%]
[Progress:=============================>97%] [Cov:=================================> 96%]
[Progress:=============================>97%] [Cov:================================>  93%]
[Progress:=============================>97%] [Cov:=================================> 96%]
[Progress:=============================>97%] [Cov:================================>  93%]
[Progress:=============================>97%] [Cov:=================================> 96%]
[Progress:=============================>98%] [Cov:=================================> 96%]
[Progress:=============================>98%] [Cov:================================>  93%]
[Progress:=============================>98%] [Cov:=================================> 96%]
[Progress:=============================>98%] [Cov:================================>  93%]
[Progress:=============================>98%] [Cov:=================================> 96%]
[Progress:=============================>98%] [Cov:================================>  93%]
[Progress:=============================>98%] [Cov:=================================> 96%]
[Progress:=============================>98%] [Cov:================================>  93%]
[Progress:=============================>98%] [Cov:=================================> 96%]
[Progress:=============================>98%] [Cov:================================>  93%]
[Progress:=============================>98%] [Cov:=================================> 96%]
[Progress:=============================>98%] [Cov:================================>  93%]
[Progress:=============================>98%] [Cov:=================================> 96%]
[Progress:=============================>99%] [Cov:=================================> 96%]
[Progress:=============================>99%] [Cov:================================>  93%]
[Progress:=============================>99%] [Cov:=================================> 96%]
[Progress:=============================>99%] [Cov:================================>  93%]
[Progress:=============================>99%] [Cov:=================================> 96%]
[Progress:==============================100%] [Cov:=================================> 96%]
[Progress:==============================100%] [Cov:================================>  93%]
[Progress:==============================100%] [Cov:=================================> 96%]
[Progress:==============================100%] [Cov:================================>  93%]
[Progress:==============================100%] [Cov:=================================> 96%]
[Progress:==============================100%] [Cov:================================>  93%]
[Progress:==============================100%] [Cov:=================================> 96%]
[Progress:==============================100%] [Cov:================================>  93%]
* Search finished after 151s and 385 generations, 187818 statements, best individual has fitness: 48.666666666666664
* Minimizing test suite
* Going to analyze the coverage criteria
* Coverage analysis for criterion LINE
* Coverage of criterion LINE: 97%
* Total number of goals: 59
* Number of covered goals: 57
* Coverage analysis for criterion BRANCH
* Coverage of criterion BRANCH: 100%
* Total number of goals: 21
* Number of covered goals: 21
* Coverage analysis for criterion EXCEPTION
* Coverage of criterion EXCEPTION: 33%
* Total number of goals: 3
* Number of covered goals: 1
* Coverage analysis for criterion WEAKMUTATION
* Coverage of criterion WEAKMUTATION: 100%
* Total number of goals: 52
* Number of covered goals: 52
* Coverage analysis for criterion OUTPUT
* Coverage of criterion OUTPUT: 61%
* Total number of goals: 93
* Number of covered goals: 57
* Coverage analysis for criterion METHOD
* Coverage of criterion METHOD: 100%
* Total number of goals: 18
* Number of covered goals: 18
* Coverage analysis for criterion METHODNOEXCEPTION
* Coverage of criterion METHODNOEXCEPTION: 100%
* Total number of goals: 18
* Number of covered goals: 18
* Coverage analysis for criterion CBRANCH
* Coverage of criterion CBRANCH: 100%
* Total number of goals: 21
* Number of covered goals: 21
* Generated 23 tests with total length 40
* Resulting test suite's coverage: 94% (average coverage for all fitness functions)
* Generating assertions
* Resulting test suite's mutation score: 35%
* Compiling and checking tests
* Writing tests to file
* Writing JUnit test case 'OptionBuilder_ESTest' to evosuite-tests
* Done!

* Computation finished

