CMD: /usr/lib/jvm/java-8-openjdk-amd64/bin/java -Dtools_jar_location=/usr/lib/jvm/java-8-openjdk-amd64/lib/tools.jar -jar /home/pizza/TestRound2/evosuite-1.2.0.jar -generateSuite -class com.google.javascript.jscomp.SourceFile -projectCP /home/pizza/TestRound2/Test/Closure-56b/build/classes:/home/pizza/TestRound2/Test/Closure-56b/lib/args4j.jar:/home/pizza/TestRound2/Test/Closure-56b/lib/guava.jar:/home/pizza/TestRound2/Test/Closure-56b/lib/json.jar:/home/pizza/TestRound2/Test/Closure-56b/lib/jsr305.jar:/home/pizza/TestRound2/Test/Closure-56b/lib/protobuf-java.jar:/home/pizza/TestRound2/Test/Closure-56b/build/lib/rhino.jar:/home/pizza/TestRound2/Test/Closure-56b/lib/ant.jar -base_dir /home/pizza/TestRound2/results/project-Closure/Closure-56/round03/evosuite-work -seed 11 -Dalgorithm=NSGAII -Dsearch_budget=60 -Dtest_format=JUNIT4 -Dassertions=true

* EvoSuite 1.2.0
* Going to generate test cases for class: com.google.javascript.jscomp.SourceFile
* Starting Client-0
* Connecting to master process on port 8226
* Analyzing classpath: 
  - /home/pizza/TestRound2/Test/Closure-56b/build/classes
  - /home/pizza/TestRound2/Test/Closure-56b/lib/args4j.jar
  - /home/pizza/TestRound2/Test/Closure-56b/lib/guava.jar
  - /home/pizza/TestRound2/Test/Closure-56b/lib/json.jar
  - /home/pizza/TestRound2/Test/Closure-56b/lib/jsr305.jar
  - /home/pizza/TestRound2/Test/Closure-56b/lib/protobuf-java.jar
  - /home/pizza/TestRound2/Test/Closure-56b/build/lib/rhino.jar
  - /home/pizza/TestRound2/Test/Closure-56b/lib/ant.jar
* Finished analyzing classpath
* Generating tests for class com.google.javascript.jscomp.SourceFile
* Test criteria:
  - Line Coverage
  - Branch Coverage
  - Exception
  - Mutation testing (weak)
  - Method-Output Coverage
  - Top-Level Method Coverage
  - No-Exception Top-Level Method Coverage
  - Context Branch Coverage
* Setting up search algorithm for whole suite generation
* Total number of test goals: 
  - Line 141
  - Branch 76
  - Exception 0
  - MutationFactory 385
  - Output 67
  - Method 38
  - MethodNoException 38
  - CBranchFitnessFactory 76

[Progress:>                             0%] [Cov:>                                  0%]* Using seed 11
* Starting evolution

[Progress:>                             0%] [Cov:>                                  0%]
[Progress:>                             3%] [Cov:=>                                 4%]
[Progress:>                             3%] [Cov:==>                                7%]
[Progress:>                             3%] [Cov:======>                            19%]
[Progress:>                             3%] [Cov:=======>                           20%]
[Progress:>                             3%] [Cov:=======>                           21%]
[Progress:>                             3%] [Cov:=======>                           22%]
[Progress:>                             3%] [Cov:========>                          23%]
[Progress:>                             3%] [Cov:========>                          25%]
[Progress:>                             3%] [Cov:=========>                         27%]
[Progress:>                             3%] [Cov:=========>                         28%]
[Progress:>                             3%] [Cov:==========>                        30%]
[Progress:>                             3%] [Cov:===========>                       32%]
[Progress:>                             3%] [Cov:=============>                     38%]
[Progress:>                             3%] [Cov:===============>                   43%]
[Progress:>                             3%] [Cov:===============>                   45%]
[Progress:=>                            5%] [Cov:=>                                 3%]
[Progress:=>                            5%] [Cov:=>                                 5%]
[Progress:=>                            5%] [Cov:======>                            18%]
[Progress:=>                            5%] [Cov:======>                            19%]
[Progress:=>                            5%] [Cov:=======>                           21%]
[Progress:=>                            5%] [Cov:========>                          23%]
[Progress:=>                            5%] [Cov:========>                          25%]
[Progress:=>                            5%] [Cov:=========>                         26%]
[Progress:=>                            5%] [Cov:=========>                         27%]
[Progress:=>                            5%] [Cov:==========>                        30%]
[Progress:=>                            5%] [Cov:===========>                       32%]
[Progress:=>                            5%] [Cov:=============>                     39%]
[Progress:=>                            5%] [Cov:===============>                   44%]
[Progress:=>                            5%] [Cov:================>                  47%]
[Progress:===>                          13%] [Cov:==>                                6%]
[Progress:===>                          13%] [Cov:===>                               10%]
[Progress:===>                          13%] [Cov:===>                               11%]
[Progress:===>                          13%] [Cov:=======>                           22%]
[Progress:===>                          13%] [Cov:========>                          23%]
[Progress:===>                          13%] [Cov:==========>                        29%]
[Progress:===>                          13%] [Cov:==========>                        30%]
[Progress:===>                          13%] [Cov:===========>                       32%]
[Progress:===>                          13%] [Cov:============>                      36%]
[Progress:===>                          13%] [Cov:==============>                    40%]
[Progress:===>                          13%] [Cov:==============>                    42%]
[Progress:====>                         15%] [Cov:======>                            19%]
[Progress:====>                         15%] [Cov:===========>                       32%]
[Progress:====>                         15%] [Cov:=============>                     39%]
[Progress:====>                         15%] [Cov:===============>                   44%]
[Progress:====>                         15%] [Cov:================>                  47%]
[Progress:====>                         15%] [Cov:================>                  47%]
[Progress:====>                         15%] [Cov:================>                  48%]
[Progress:====>                         15%] [Cov:================>                  48%]
[Progress:====>                         16%] [Cov:==========>                        30%]
[Progress:====>                         16%] [Cov:==========>                        31%]
[Progress:====>                         16%] [Cov:===========>                       32%]
[Progress:====>                         16%] [Cov:============>                      37%]
[Progress:====>                         16%] [Cov:===============>                   45%]
[Progress:====>                         16%] [Cov:================>                  46%]
[Progress:====>                         16%] [Cov:================>                  47%]
[Progress:====>                         16%] [Cov:================>                  48%]
[Progress:====>                         16%] [Cov:=================>                 49%]
[Progress:====>                         16%] [Cov:=================>                 50%]
[Progress:=====>                        18%] [Cov:==========>                        29%]
[Progress:=====>                        18%] [Cov:===============>                   44%]
[Progress:=====>                        18%] [Cov:=================>                 49%]
[Progress:=====>                        18%] [Cov:=================>                 51%]
[Progress:=====>                        18%] [Cov:==================>                52%]
[Progress:======>                       20%] [Cov:===========>                       34%]
[Progress:======>                       20%] [Cov:===============>                   45%]
[Progress:======>                       20%] [Cov:================>                  47%]
[Progress:======>                       20%] [Cov:================>                  48%]
[Progress:======>                       20%] [Cov:=================>                 50%]
[Progress:======>                       20%] [Cov:=================>                 51%]
[Progress:======>                       20%] [Cov:==================>                52%]
[Progress:======>                       20%] [Cov:==================>                52%]
[Progress:======>                       20%] [Cov:==================>                53%]
[Progress:======>                       20%] [Cov:==================>                54%]
[Progress:======>                       20%] [Cov:===================>               55%]
[Progress:======>                       21%] [Cov:============>                      35%]
[Progress:======>                       21%] [Cov:================>                  48%]
[Progress:======>                       21%] [Cov:===================>               55%]
[Progress:======>                       23%] [Cov:=================>                 49%]
[Progress:======>                       23%] [Cov:=================>                 50%]
[Progress:======>                       23%] [Cov:=================>                 51%]
[Progress:======>                       23%] [Cov:==================>                52%]
[Progress:======>                       23%] [Cov:==================>                54%]
[Progress:======>                       23%] [Cov:===================>               56%]
[Progress:======>                       23%] [Cov:===================>               56%]
[Progress:=======>                      25%] [Cov:===============>                   45%]
[Progress:=======>                      25%] [Cov:===================>               57%]
[Progress:=======>                      25%] [Cov:====================>              58%]
[Progress:=======>                      25%] [Cov:====================>              59%]
[Progress:=======>                      25%] [Cov:===================>               57%]
[Progress:=======>                      25%] [Cov:====================>              58%]
[Progress:=======>                      25%] [Cov:====================>              59%]
[Progress:=======>                      26%] [Cov:==================>                53%]
[Progress:=======>                      26%] [Cov:===================>               57%]
[Progress:=======>                      26%] [Cov:====================>              59%]
[Progress:=======>                      26%] [Cov:=====================>             60%]
[Progress:=======>                      26%] [Cov:=====================>             61%]
[Progress:=======>                      26%] [Cov:=====================>             61%]
[Progress:========>                     28%] [Cov:=====================>             61%]
[Progress:========>                     28%] [Cov:=====================>             62%]
[Progress:========>                     28%] [Cov:======================>            64%]
[Progress:========>                     28%] [Cov:======================>            65%]
[Progress:========>                     28%] [Cov:======================>            65%]
[Progress:=========>                    30%] [Cov:====================>              59%]
[Progress:=========>                    30%] [Cov:=====================>             60%]
[Progress:=========>                    30%] [Cov:=====================>             61%]
[Progress:=========>                    30%] [Cov:======================>            64%]
[Progress:=========>                    30%] [Cov:======================>            65%]
[Progress:=========>                    31%] [Cov:====================>              59%]
[Progress:=========>                    31%] [Cov:======================>            64%]
[Progress:=========>                    31%] [Cov:======================>            65%]
[Progress:=========>                    31%] [Cov:=======================>           66%]
[Progress:=========>                    31%] [Cov:=======================>           67%]
[Progress:=========>                    33%] [Cov:=====================>             62%]
[Progress:=========>                    33%] [Cov:======================>            63%]
[Progress:=========>                    33%] [Cov:=======================>           67%]
[Progress:==========>                   35%] [Cov:====================>              59%]
[Progress:==========>                   35%] [Cov:=====================>             62%]
[Progress:==========>                   35%] [Cov:======================>            63%]
[Progress:==========>                   35%] [Cov:======================>            65%]
[Progress:==========>                   35%] [Cov:=======================>           66%]
[Progress:==========>                   35%] [Cov:=======================>           67%]
[Progress:==========>                   35%] [Cov:=======================>           68%]
[Progress:==========>                   36%] [Cov:======================>            65%]
[Progress:==========>                   36%] [Cov:=======================>           67%]
[Progress:==========>                   36%] [Cov:=======================>           67%]
[Progress:==========>                   36%] [Cov:=======================>           68%]
[Progress:==========>                   36%] [Cov:========================>          69%]
[Progress:===========>                  38%] [Cov:======================>            65%]
[Progress:===========>                  38%] [Cov:=======================>           67%]
[Progress:===========>                  38%] [Cov:========================>          69%]
[Progress:===========>                  38%] [Cov:========================>          70%]
[Progress:============>                 40%] [Cov:=======================>           67%]
[Progress:============>                 40%] [Cov:=======================>           68%]
[Progress:============>                 40%] [Cov:========================>          69%]
[Progress:============>                 40%] [Cov:========================>          70%]
[Progress:============>                 41%] [Cov:=======================>           68%]
[Progress:============>                 41%] [Cov:========================>          69%]
[Progress:============>                 41%] [Cov:========================>          69%]
[Progress:============>                 41%] [Cov:========================>          70%]
[Progress:============>                 43%] [Cov:=======================>           67%]
[Progress:============>                 43%] [Cov:=======================>           68%]
[Progress:============>                 43%] [Cov:========================>          70%]
[Progress:============>                 43%] [Cov:========================>          71%]
[Progress:============>                 43%] [Cov:========================>          69%]
[Progress:============>                 43%] [Cov:========================>          70%]
[Progress:=============>                45%] [Cov:========================>          69%]
[Progress:=============>                45%] [Cov:========================>          70%]
[Progress:=============>                45%] [Cov:========================>          71%]
[Progress:=============>                46%] [Cov:========================>          69%]
[Progress:=============>                46%] [Cov:========================>          70%]
[Progress:=============>                46%] [Cov:========================>          70%]
[Progress:=============>                46%] [Cov:========================>          71%]
[Progress:=============>                46%] [Cov:=========================>         72%]
[Progress:==============>               48%] [Cov:========================>          69%]
[Progress:==============>               48%] [Cov:========================>          70%]
[Progress:==============>               48%] [Cov:========================>          71%]
[Progress:==============>               48%] [Cov:========================>          70%]
[Progress:==============>               48%] [Cov:========================>          71%]
[Progress:===============>              50%] [Cov:========================>          70%]
[Progress:===============>              50%] [Cov:========================>          71%]
[Progress:===============>              50%] [Cov:=========================>         72%]
[Progress:===============>              51%] [Cov:========================>          69%]
[Progress:===============>              51%] [Cov:========================>          70%]
[Progress:===============>              51%] [Cov:========================>          71%]
[Progress:===============>              51%] [Cov:=========================>         72%]
[Progress:===============>              51%] [Cov:========================>          71%]
[Progress:===============>              51%] [Cov:=========================>         72%]
[Progress:===============>              53%] [Cov:========================>          71%]
[Progress:===============>              53%] [Cov:=========================>         72%]
[Progress:===============>              53%] [Cov:=========================>         73%]
[Progress:===============>              53%] [Cov:=========================>         73%]
[Progress:================>             55%] [Cov:========================>          71%]
[Progress:================>             55%] [Cov:=========================>         72%]
[Progress:================>             55%] [Cov:=========================>         73%]
[Progress:================>             56%] [Cov:=========================>         72%]
[Progress:================>             56%] [Cov:=========================>         73%]
[Progress:=================>            58%] [Cov:========================>          71%]
[Progress:=================>            58%] [Cov:=========================>         72%]
[Progress:=================>            58%] [Cov:=========================>         73%]
[Progress:=================>            58%] [Cov:=========================>         74%]
[Progress:=================>            58%] [Cov:=========================>         74%]
[Progress:==================>           60%] [Cov:========================>          71%]
[Progress:==================>           60%] [Cov:=========================>         72%]
[Progress:==================>           60%] [Cov:=========================>         74%]
[Progress:==================>           61%] [Cov:========================>          71%]
[Progress:==================>           61%] [Cov:=========================>         73%]
[Progress:==================>           61%] [Cov:=========================>         74%]
[Progress:==================>           61%] [Cov:=========================>         72%]
[Progress:==================>           61%] [Cov:=========================>         73%]
[Progress:==================>           61%] [Cov:=========================>         74%]
[Progress:==================>           63%] [Cov:=========================>         72%]
[Progress:==================>           63%] [Cov:=========================>         73%]
[Progress:==================>           63%] [Cov:=========================>         74%]
[Progress:==================>           63%] [Cov:=========================>         74%]
[Progress:==================>           63%] [Cov:==========================>        75%]
[Progress:===================>          65%] [Cov:=========================>         73%]
[Progress:===================>          65%] [Cov:=========================>         74%]
[Progress:===================>          65%] [Cov:==========================>        75%]
[Progress:===================>          66%] [Cov:=========================>         72%]
[Progress:===================>          66%] [Cov:=========================>         73%]
[Progress:===================>          66%] [Cov:=========================>         74%]
[Progress:===================>          66%] [Cov:=========================>         74%]
[Progress:===================>          66%] [Cov:==========================>        75%]
[Progress:====================>         68%] [Cov:=========================>         74%]
[Progress:====================>         68%] [Cov:==========================>        75%]
[Progress:====================>         68%] [Cov:==========================>        76%]
[Progress:=====================>        70%] [Cov:========================>          71%]
[Progress:=====================>        70%] [Cov:=========================>         74%]
[Progress:=====================>        70%] [Cov:==========================>        75%]
[Progress:=====================>        70%] [Cov:==========================>        76%]
[Progress:=====================>        70%] [Cov:=========================>         74%]
[Progress:=====================>        70%] [Cov:==========================>        75%]
[Progress:=====================>        70%] [Cov:==========================>        76%]
[Progress:=====================>        71%] [Cov:=========================>         74%]
[Progress:=====================>        71%] [Cov:==========================>        75%]
[Progress:=====================>        71%] [Cov:==========================>        76%]
[Progress:=====================>        73%] [Cov:=========================>         74%]
[Progress:=====================>        73%] [Cov:=========================>         74%]
[Progress:=====================>        73%] [Cov:==========================>        75%]
[Progress:=====================>        73%] [Cov:==========================>        76%]
[Progress:======================>       75%] [Cov:=========================>         74%]
[Progress:======================>       75%] [Cov:==========================>        75%]
[Progress:======================>       75%] [Cov:==========================>        76%]
[Progress:======================>       75%] [Cov:==========================>        75%]
[Progress:======================>       75%] [Cov:==========================>        76%]
[Progress:======================>       76%] [Cov:=========================>         74%]
[Progress:======================>       76%] [Cov:==========================>        76%]
[Progress:=======================>      78%] [Cov:========================>          71%]
[Progress:=======================>      78%] [Cov:=========================>         73%]
[Progress:=======================>      78%] [Cov:=========================>         74%]
[Progress:=======================>      78%] [Cov:==========================>        75%]
[Progress:=======================>      78%] [Cov:==========================>        76%]
[Progress:=======================>      78%] [Cov:==========================>        75%]
[Progress:=======================>      78%] [Cov:==========================>        76%]
[Progress:========================>     80%] [Cov:=========================>         74%]
[Progress:========================>     80%] [Cov:==========================>        75%]
[Progress:========================>     80%] [Cov:==========================>        76%]
[Progress:========================>     80%] [Cov:==========================>        77%]
[Progress:========================>     81%] [Cov:==========================>        76%]
[Progress:========================>     81%] [Cov:==========================>        77%]
[Progress:========================>     81%] [Cov:=========================>         74%]
[Progress:========================>     81%] [Cov:==========================>        75%]
[Progress:========================>     81%] [Cov:==========================>        76%]
[Progress:========================>     83%] [Cov:==========================>        75%]
[Progress:========================>     83%] [Cov:==========================>        76%]
[Progress:========================>     83%] [Cov:==========================>        77%]
[Progress:========================>     83%] [Cov:=========================>         72%]
[Progress:========================>     83%] [Cov:==========================>        76%]
[Progress:========================>     83%] [Cov:==========================>        77%]
[Progress:=========================>    85%] [Cov:=========================>         72%]
[Progress:=========================>    85%] [Cov:=========================>         73%]
[Progress:=========================>    85%] [Cov:==========================>        76%]
[Progress:=========================>    85%] [Cov:==========================>        77%]
[Progress:=========================>    86%] [Cov:==========================>        76%]
[Progress:==========================>   88%] [Cov:==========================>        75%]
[Progress:==========================>   88%] [Cov:==========================>        77%]
[Progress:===========================>  90%] [Cov:=========================>         74%]
[Progress:===========================>  90%] [Cov:==========================>        75%]
[Progress:===========================>  90%] [Cov:==========================>        75%]
[Progress:===========================>  90%] [Cov:==========================>        76%]
[Progress:===========================>  90%] [Cov:==========================>        77%]
[Progress:===========================>  91%] [Cov:==========================>        75%]
[Progress:===========================>  91%] [Cov:==========================>        76%]
[Progress:===========================>  91%] [Cov:==========================>        77%]
[Progress:===========================>  93%] [Cov:==========================>        76%]
[Progress:===========================>  93%] [Cov:=========================>         74%]
[Progress:===========================>  93%] [Cov:==========================>        76%]
[Progress:===========================>  93%] [Cov:==========================>        77%]
[Progress:============================> 95%] [Cov:=========================>         74%]
[Progress:============================> 95%] [Cov:==========================>        76%]
[Progress:============================> 95%] [Cov:==========================>        77%]
[Progress:============================> 96%] [Cov:==========================>        76%]
[Progress:============================> 96%] [Cov:=========================>         74%]
[Progress:============================> 96%] [Cov:==========================>        75%]
[Progress:============================> 96%] [Cov:==========================>        76%]
[Progress:============================> 96%] [Cov:==========================>        77%]
[Progress:============================> 96%] [Cov:===========================>       78%]
[Progress:=============================>98%] [Cov:==========================>        75%]
[Progress:=============================>98%] [Cov:==========================>        76%]
[Progress:=============================>98%] [Cov:==========================>        77%]
[Progress:==============================100%] [Cov:=========================>         74%]
[Progress:==============================100%] [Cov:==========================>        75%]
[Progress:==============================100%] [Cov:==========================>        76%]
[Progress:==============================100%] [Cov:==========================>        77%]
[Progress:==============================100%] [Cov:=========================>         74%]
[Progress:==============================100%] [Cov:==========================>        76%]
[Progress:==============================100%] [Cov:==========================>        77%]
[Progress:==============================100%] [Cov:===========================>       78%]
[Progress:==============================100%] [Cov:==========================>        77%]
[Progress:==============================100%] [Cov:=========================>         74%]
* Search finished after 62s and 37 generations, 13677 statements, best individual has fitness: 229.08242021247207
* Minimizing test suite
* Going to analyze the coverage criteria
* Coverage analysis for criterion LINE
* Coverage of criterion LINE: 88%
* Total number of goals: 141
* Number of covered goals: 124
* Coverage analysis for criterion BRANCH
* Coverage of criterion BRANCH: 78%
* Total number of goals: 76
* Number of covered goals: 59
* Coverage analysis for criterion EXCEPTION
* Coverage of criterion EXCEPTION: 14%
* Total number of goals: 29
* Number of covered goals: 4
* Coverage analysis for criterion WEAKMUTATION
* Coverage of criterion WEAKMUTATION: 69%
* Total number of goals: 385
* Number of covered goals: 265
* Coverage analysis for criterion OUTPUT
* Coverage of criterion OUTPUT: 37%
* Total number of goals: 67
* Number of covered goals: 25
* Coverage analysis for criterion METHOD
* Coverage of criterion METHOD: 87%
* Total number of goals: 38
* Number of covered goals: 33
* Coverage analysis for criterion METHODNOEXCEPTION
* Coverage of criterion METHODNOEXCEPTION: 76%
* Total number of goals: 38
* Number of covered goals: 29
* Coverage analysis for criterion CBRANCH
* Coverage of criterion CBRANCH: 78%
* Total number of goals: 76
* Number of covered goals: 59
* Generated 36 tests with total length 94
* Resulting test suite's coverage: 74% (average coverage for all fitness functions)
* Generating assertions
* Resulting test suite's mutation score: 17%
* Compiling and checking tests
* Writing tests to file
* Writing JUnit test case 'SourceFile_ESTest' to evosuite-tests
* Done!

* Computation finished

