CMD: /usr/lib/jvm/java-8-openjdk-amd64/bin/java -Dtools_jar_location=/usr/lib/jvm/java-8-openjdk-amd64/lib/tools.jar -jar /home/pizza/evosuite/evosuite-1.2.0.jar -generateSuite -class org.mockito.internal.MockitoCore -projectCP /home/pizza/evosuite/Test/Mockito-16b/target/classes:/home/pizza/defects4j/framework/projects/Mockito/lib/asm-all-5.0.4.jar:/home/pizza/defects4j/framework/projects/Mockito/lib/assertj-core-2.1.0.jar:/home/pizza/defects4j/framework/projects/Mockito/lib/cglib-and-asm-1.0.jar:/home/pizza/defects4j/framework/projects/Mockito/lib/cobertura-2.0.3.jar:/home/pizza/defects4j/framework/projects/Mockito/lib/fest-assert-1.3.jar:/home/pizza/defects4j/framework/projects/Mockito/lib/fest-util-1.1.4.jar:/home/pizza/defects4j/framework/projects/Mockito/lib/hamcrest-all-1.3.jar:/home/pizza/defects4j/framework/projects/Mockito/lib/hamcrest-core-1.1.jar:/home/pizza/defects4j/framework/projects/Mockito/lib/objenesis-2.1.jar:/home/pizza/defects4j/framework/projects/Mockito/lib/objenesis-2.2.jar:/home/pizza/defects4j/framework/projects/Mockito/lib/powermock-reflect-1.2.5.jar -base_dir /home/pizza/evosuite/results/project-Mockito/Mockito-16/round02/evosuite-work -seed 11 -Dalgorithm=NSGAII -Dsearch_budget=150 -Dtest_format=JUNIT4 -Dassertions=true

* EvoSuite 1.2.0
* Going to generate test cases for class: org.mockito.internal.MockitoCore
* Starting Client-0
* Connecting to master process on port 8222
* Analyzing classpath: 
  - /home/pizza/evosuite/Test/Mockito-16b/target/classes
  - /home/pizza/defects4j/framework/projects/Mockito/lib/asm-all-5.0.4.jar
  - /home/pizza/defects4j/framework/projects/Mockito/lib/assertj-core-2.1.0.jar
  - /home/pizza/defects4j/framework/projects/Mockito/lib/cglib-and-asm-1.0.jar
  - /home/pizza/defects4j/framework/projects/Mockito/lib/cobertura-2.0.3.jar
  - /home/pizza/defects4j/framework/projects/Mockito/lib/fest-assert-1.3.jar
  - /home/pizza/defects4j/framework/projects/Mockito/lib/fest-util-1.1.4.jar
  - /home/pizza/defects4j/framework/projects/Mockito/lib/hamcrest-all-1.3.jar
  - /home/pizza/defects4j/framework/projects/Mockito/lib/hamcrest-core-1.1.jar
  - /home/pizza/defects4j/framework/projects/Mockito/lib/objenesis-2.1.jar
  - /home/pizza/defects4j/framework/projects/Mockito/lib/objenesis-2.2.jar
  - /home/pizza/defects4j/framework/projects/Mockito/lib/powermock-reflect-1.2.5.jar
* Finished analyzing classpath
* Generating tests for class org.mockito.internal.MockitoCore
* Test criteria:
  - Line Coverage
  - Branch Coverage
  - Exception
  - Mutation testing (weak)
  - Method-Output Coverage
  - Top-Level Method Coverage
  - No-Exception Top-Level Method Coverage
  - Context Branch Coverage
* Setting up search algorithm for whole suite generation
* Total number of test goals: 
  - Line 61
  - Branch 35
  - Exception 0
  - MutationFactory 31
  - Output 30
  - Method 14
  - MethodNoException 14
  - CBranchFitnessFactory 35

[Progress:>                             0%] [Cov:>                                  0%]* Using seed 11
* Starting evolution

[Progress:>                             0%] [Cov:>                                  0%]
[Progress:>                             1%] [Cov:=>                                 3%]
[Progress:>                             1%] [Cov:==>                                7%]
[Progress:>                             1%] [Cov:==>                                8%]
[Progress:>                             1%] [Cov:====>                              13%]
[Progress:>                             1%] [Cov:=======>                           20%]
[Progress:>                             1%] [Cov:=========>                         26%]
[Progress:>                             1%] [Cov:===========>                       33%]
[Progress:>                             1%] [Cov:==============>                    41%]
[Progress:>                             1%] [Cov:===============>                   44%]
[Progress:>                             1%] [Cov:================>                  46%]
[Progress:>                             2%] [Cov:=>                                 3%]
[Progress:>                             2%] [Cov:=>                                 5%]
[Progress:>                             2%] [Cov:======>                            18%]
[Progress:>                             2%] [Cov:========>                          23%]
[Progress:>                             2%] [Cov:========>                          25%]
[Progress:>                             2%] [Cov:=========>                         26%]
[Progress:>                             2%] [Cov:==========>                        29%]
[Progress:>                             2%] [Cov:===========>                       32%]
[Progress:>                             2%] [Cov:===========>                       33%]
[Progress:>                             2%] [Cov:============>                      35%]
[Progress:>                             2%] [Cov:=============>                     39%]
[Progress:>                             2%] [Cov:==============>                    40%]
[Progress:>                             2%] [Cov:==============>                    41%]
[Progress:>                             2%] [Cov:===============>                   43%]
[Progress:>                             2%] [Cov:===============>                   45%]
[Progress:>                             2%] [Cov:================>                  47%]
[Progress:>                             2%] [Cov:=================>                 49%]
[Progress:>                             2%] [Cov:=================>                 49%]
[Progress:>                             2%] [Cov:=================>                 49%]
[Progress:>                             2%] [Cov:=================>                 51%]
[Progress:>                             3%] [Cov:===============>                   43%]
[Progress:>                             3%] [Cov:===============>                   44%]
[Progress:>                             3%] [Cov:=================>                 49%]
[Progress:>                             3%] [Cov:=================>                 50%]
[Progress:>                             3%] [Cov:=================>                 51%]
[Progress:>                             3%] [Cov:==================>                52%]
[Progress:>                             3%] [Cov:==================>                53%]
[Progress:>                             3%] [Cov:==================>                53%]
[Progress:=>                            4%] [Cov:===============>                   43%]
[Progress:=>                            4%] [Cov:===============>                   44%]
[Progress:=>                            4%] [Cov:===============>                   45%]
[Progress:=>                            4%] [Cov:=================>                 50%]
[Progress:=>                            4%] [Cov:=================>                 51%]
[Progress:=>                            4%] [Cov:=================>                 51%]
[Progress:=>                            4%] [Cov:==================>                52%]
[Progress:=>                            4%] [Cov:=================>                 51%]
[Progress:=>                            4%] [Cov:==================>                52%]
[Progress:=>                            4%] [Cov:==================>                53%]
[Progress:=>                            4%] [Cov:==================>                52%]
[Progress:=>                            4%] [Cov:==================>                53%]
[Progress:=>                            4%] [Cov:==================>                52%]
[Progress:=>                            4%] [Cov:==================>                53%]
[Progress:=>                            4%] [Cov:==================>                53%]
[Progress:=>                            4%] [Cov:==================>                53%]
[Progress:=>                            4%] [Cov:==================>                54%]
[Progress:=>                            4%] [Cov:==================>                54%]
[Progress:=>                            5%] [Cov:=================>                 50%]
[Progress:=>                            5%] [Cov:=================>                 51%]
[Progress:=>                            5%] [Cov:==================>                52%]
[Progress:=>                            5%] [Cov:==================>                53%]
[Progress:=>                            5%] [Cov:==================>                54%]
[Progress:=>                            5%] [Cov:===================>               55%]
[Progress:=>                            5%] [Cov:==================>                54%]
[Progress:=>                            5%] [Cov:===================>               55%]
[Progress:=>                            5%] [Cov:==================>                54%]
[Progress:=>                            5%] [Cov:===================>               55%]
[Progress:=>                            5%] [Cov:===================>               56%]
[Progress:=>                            5%] [Cov:==================>                54%]
[Progress:=>                            5%] [Cov:===================>               55%]
[Progress:=>                            5%] [Cov:===================>               56%]
[Progress:=>                            5%] [Cov:===================>               57%]
[Progress:=>                            6%] [Cov:===================>               55%]
[Progress:=>                            6%] [Cov:===================>               56%]
[Progress:=>                            6%] [Cov:===================>               57%]
[Progress:=>                            6%] [Cov:===================>               57%]
[Progress:=>                            6%] [Cov:===================>               57%]
[Progress:=>                            6%] [Cov:===================>               57%]
[Progress:=>                            6%] [Cov:===================>               57%]
[Progress:=>                            6%] [Cov:===================>               57%]
[Progress:==>                           7%] [Cov:===================>               56%]
[Progress:==>                           7%] [Cov:===================>               57%]
[Progress:==>                           7%] [Cov:===================>               57%]
[Progress:==>                           7%] [Cov:===================>               57%]
[Progress:==>                           7%] [Cov:===================>               57%]
[Progress:==>                           7%] [Cov:===================>               57%]
[Progress:==>                           8%] [Cov:===================>               57%]
[Progress:==>                           8%] [Cov:====================>              58%]
[Progress:==>                           8%] [Cov:===================>               57%]
[Progress:==>                           8%] [Cov:====================>              58%]
[Progress:==>                           8%] [Cov:====================>              59%]
[Progress:==>                           8%] [Cov:===================>               57%]
[Progress:==>                           8%] [Cov:====================>              58%]
[Progress:==>                           8%] [Cov:===================>               57%]
[Progress:==>                           8%] [Cov:====================>              58%]
[Progress:==>                           8%] [Cov:===================>               57%]
[Progress:==>                           8%] [Cov:====================>              58%]
[Progress:==>                           8%] [Cov:====================>              59%]
[Progress:==>                           8%] [Cov:====================>              58%]
[Progress:==>                           8%] [Cov:====================>              59%]
[Progress:==>                           9%] [Cov:===================>               55%]
[Progress:==>                           9%] [Cov:===================>               57%]
[Progress:==>                           9%] [Cov:====================>              58%]
[Progress:==>                           9%] [Cov:====================>              59%]
[Progress:==>                           9%] [Cov:====================>              58%]
[Progress:==>                           9%] [Cov:====================>              59%]
[Progress:==>                           9%] [Cov:====================>              59%]
[Progress:==>                           9%] [Cov:====================>              59%]
[Progress:===>                          10%] [Cov:===================>               56%]
[Progress:===>                          10%] [Cov:====================>              59%]
[Progress:===>                          10%] [Cov:=====================>             60%]
[Progress:===>                          10%] [Cov:====================>              59%]
[Progress:===>                          10%] [Cov:====================>              59%]
[Progress:===>                          10%] [Cov:====================>              59%]
[Progress:===>                          10%] [Cov:=====================>             60%]
[Progress:===>                          10%] [Cov:====================>              59%]
[Progress:===>                          10%] [Cov:=====================>             60%]
[Progress:===>                          10%] [Cov:====================>              59%]
[Progress:===>                          10%] [Cov:=====================>             60%]
[Progress:===>                          10%] [Cov:=====================>             61%]
[Progress:===>                          11%] [Cov:===================>               56%]
[Progress:===>                          11%] [Cov:===================>               57%]
[Progress:===>                          11%] [Cov:====================>              59%]
[Progress:===>                          11%] [Cov:=====================>             60%]
[Progress:===>                          11%] [Cov:====================>              59%]
[Progress:===>                          11%] [Cov:=====================>             60%]
[Progress:===>                          11%] [Cov:====================>              59%]
[Progress:===>                          11%] [Cov:=====================>             61%]
[Progress:===>                          11%] [Cov:====================>              59%]
[Progress:===>                          11%] [Cov:=====================>             60%]
[Progress:===>                          11%] [Cov:=====================>             61%]
[Progress:===>                          12%] [Cov:===================>               57%]
[Progress:===>                          12%] [Cov:====================>              58%]
[Progress:===>                          12%] [Cov:=====================>             60%]
[Progress:===>                          12%] [Cov:=====================>             61%]
[Progress:===>                          12%] [Cov:====================>              59%]
[Progress:===>                          12%] [Cov:=====================>             60%]
[Progress:===>                          12%] [Cov:=====================>             61%]
[Progress:===>                          12%] [Cov:====================>              59%]
[Progress:===>                          12%] [Cov:=====================>             60%]
[Progress:===>                          12%] [Cov:=====================>             61%]
[Progress:===>                          12%] [Cov:====================>              59%]
[Progress:===>                          12%] [Cov:=====================>             61%]
[Progress:===>                          12%] [Cov:=====================>             61%]
[Progress:===>                          12%] [Cov:====================>              59%]
[Progress:===>                          12%] [Cov:=====================>             60%]
[Progress:===>                          12%] [Cov:=====================>             61%]
[Progress:===>                          12%] [Cov:=====================>             61%]
[Progress:===>                          13%] [Cov:====================>              58%]
[Progress:===>                          13%] [Cov:=====================>             61%]
[Progress:===>                          13%] [Cov:=====================>             61%]
[Progress:===>                          13%] [Cov:=====================>             61%]
[Progress:====>                         14%] [Cov:=====================>             61%]
[Progress:====>                         14%] [Cov:=====================>             61%]
[Progress:====>                         14%] [Cov:=====================>             61%]
[Progress:====>                         14%] [Cov:=====================>             61%]
[Progress:====>                         15%] [Cov:=====================>             61%]
[Progress:====>                         15%] [Cov:=====================>             61%]
[Progress:====>                         15%] [Cov:=====================>             61%]
[Progress:====>                         15%] [Cov:=====================>             61%]
[Progress:====>                         16%] [Cov:=====================>             61%]
[Progress:====>                         16%] [Cov:=====================>             61%]
[Progress:====>                         16%] [Cov:=====================>             61%]
[Progress:====>                         16%] [Cov:=====================>             61%]
[Progress:====>                         16%] [Cov:=====================>             62%]
[Progress:====>                         16%] [Cov:=====================>             61%]
[Progress:====>                         16%] [Cov:=====================>             62%]
[Progress:====>                         16%] [Cov:=====================>             60%]
[Progress:====>                         16%] [Cov:=====================>             61%]
[Progress:====>                         16%] [Cov:=====================>             62%]
[Progress:====>                         16%] [Cov:=====================>             60%]
[Progress:=====>                        17%] [Cov:=================>                 51%]
[Progress:=====>                        17%] [Cov:==================>                52%]
[Progress:=====>                        17%] [Cov:=====================>             60%]
[Progress:=====>                        17%] [Cov:=====================>             61%]
[Progress:=====>                        17%] [Cov:=====================>             60%]
[Progress:=====>                        17%] [Cov:=====================>             61%]
[Progress:=====>                        17%] [Cov:=====================>             60%]
[Progress:=====>                        17%] [Cov:=====================>             61%]
[Progress:=====>                        18%] [Cov:=====================>             61%]
[Progress:=====>                        18%] [Cov:=====================>             60%]
[Progress:=====>                        18%] [Cov:=====================>             61%]
[Progress:=====>                        18%] [Cov:=====================>             60%]
[Progress:=====>                        18%] [Cov:=====================>             61%]
[Progress:=====>                        18%] [Cov:=====================>             62%]
[Progress:=====>                        18%] [Cov:=====================>             60%]
[Progress:=====>                        18%] [Cov:=====================>             61%]
[Progress:=====>                        18%] [Cov:=====================>             62%]
[Progress:=====>                        18%] [Cov:=====================>             60%]
[Progress:=====>                        18%] [Cov:=====================>             61%]
[Progress:=====>                        19%] [Cov:====================>              59%]
[Progress:=====>                        19%] [Cov:=====================>             60%]
[Progress:=====>                        19%] [Cov:=====================>             61%]
[Progress:=====>                        19%] [Cov:=====================>             62%]
[Progress:=====>                        19%] [Cov:=====================>             60%]
[Progress:=====>                        19%] [Cov:=====================>             61%]
[Progress:=====>                        19%] [Cov:=====================>             62%]
[Progress:=====>                        19%] [Cov:=====================>             60%]
[Progress:=====>                        19%] [Cov:=====================>             61%]
[Progress:======>                       20%] [Cov:=====================>             60%]
[Progress:======>                       20%] [Cov:=====================>             61%]
[Progress:======>                       20%] [Cov:=====================>             60%]
[Progress:======>                       20%] [Cov:=====================>             61%]
[Progress:======>                       20%] [Cov:=====================>             60%]
[Progress:======>                       20%] [Cov:=====================>             61%]
[Progress:======>                       20%] [Cov:=====================>             61%]
[Progress:======>                       20%] [Cov:=====================>             61%]
[Progress:======>                       20%] [Cov:=====================>             60%]
[Progress:======>                       20%] [Cov:=====================>             61%]
[Progress:======>                       21%] [Cov:=====================>             61%]
[Progress:======>                       21%] [Cov:=====================>             60%]
[Progress:======>                       21%] [Cov:=====================>             61%]
[Progress:======>                       21%] [Cov:=====================>             60%]
[Progress:======>                       21%] [Cov:=====================>             61%]
[Progress:======>                       21%] [Cov:=====================>             62%]
[Progress:======>                       21%] [Cov:=====================>             60%]
[Progress:======>                       21%] [Cov:=====================>             62%]
[Progress:======>                       22%] [Cov:=====================>             60%]
[Progress:======>                       22%] [Cov:=====================>             61%]
[Progress:======>                       22%] [Cov:=====================>             62%]
[Progress:======>                       22%] [Cov:=====================>             60%]
[Progress:======>                       22%] [Cov:=====================>             61%]
[Progress:======>                       22%] [Cov:=====================>             62%]
[Progress:======>                       22%] [Cov:=====================>             60%]
[Progress:======>                       22%] [Cov:=====================>             61%]
[Progress:======>                       22%] [Cov:=====================>             62%]
[Progress:======>                       22%] [Cov:=====================>             60%]
[Progress:======>                       22%] [Cov:=====================>             62%]
[Progress:======>                       22%] [Cov:=====================>             60%]
[Progress:======>                       22%] [Cov:=====================>             62%]
[Progress:======>                       22%] [Cov:=====================>             60%]
[Progress:======>                       22%] [Cov:=====================>             62%]
[Progress:======>                       23%] [Cov:=====================>             62%]
[Progress:======>                       23%] [Cov:=====================>             60%]
[Progress:======>                       23%] [Cov:=====================>             61%]
[Progress:======>                       23%] [Cov:=====================>             62%]
[Progress:======>                       23%] [Cov:=====================>             60%]
[Progress:======>                       23%] [Cov:=====================>             62%]
[Progress:=======>                      24%] [Cov:=====================>             61%]
[Progress:=======>                      24%] [Cov:=====================>             62%]
[Progress:=======>                      24%] [Cov:=====================>             60%]
[Progress:=======>                      24%] [Cov:=====================>             62%]
[Progress:=======>                      24%] [Cov:=====================>             60%]
[Progress:=======>                      24%] [Cov:=====================>             62%]
[Progress:=======>                      24%] [Cov:=====================>             60%]
[Progress:=======>                      24%] [Cov:=====================>             62%]
[Progress:=======>                      24%] [Cov:=====================>             60%]
[Progress:=======>                      24%] [Cov:=====================>             62%]
[Progress:=======>                      24%] [Cov:=====================>             60%]
[Progress:=======>                      24%] [Cov:=====================>             62%]
[Progress:=======>                      25%] [Cov:=====================>             62%]
[Progress:=======>                      25%] [Cov:=====================>             60%]
[Progress:=======>                      25%] [Cov:=====================>             61%]
[Progress:=======>                      25%] [Cov:=====================>             62%]
[Progress:=======>                      25%] [Cov:=====================>             60%]
[Progress:=======>                      25%] [Cov:=====================>             62%]
[Progress:=======>                      25%] [Cov:======================>            63%]
[Progress:=======>                      26%] [Cov:=====================>             62%]
[Progress:=======>                      26%] [Cov:======================>            63%]
[Progress:=======>                      26%] [Cov:======================>            63%]
[Progress:=======>                      26%] [Cov:======================>            63%]
[Progress:=======>                      26%] [Cov:======================>            63%]
[Progress:=======>                      26%] [Cov:======================>            63%]
[Progress:=======>                      26%] [Cov:=====================>             60%]
[Progress:=======>                      26%] [Cov:======================>            63%]
[Progress:========>                     27%] [Cov:======================>            63%]
[Progress:========>                     27%] [Cov:=====================>             60%]
[Progress:========>                     27%] [Cov:======================>            63%]
[Progress:========>                     27%] [Cov:=====================>             60%]
[Progress:========>                     27%] [Cov:=====================>             61%]
[Progress:========>                     27%] [Cov:======================>            63%]
[Progress:========>                     28%] [Cov:======================>            63%]
[Progress:========>                     28%] [Cov:=====================>             60%]
[Progress:========>                     28%] [Cov:=====================>             61%]
[Progress:========>                     28%] [Cov:======================>            63%]
[Progress:========>                     28%] [Cov:======================>            63%]
[Progress:========>                     28%] [Cov:======================>            63%]
[Progress:========>                     28%] [Cov:======================>            63%]
[Progress:========>                     28%] [Cov:======================>            63%]
[Progress:========>                     29%] [Cov:====================>              59%]
[Progress:========>                     29%] [Cov:======================>            63%]
[Progress:========>                     29%] [Cov:======================>            63%]
[Progress:========>                     29%] [Cov:======================>            63%]
[Progress:========>                     29%] [Cov:======================>            63%]
[Progress:=========>                    30%] [Cov:======================>            63%]
[Progress:=========>                    30%] [Cov:======================>            63%]
[Progress:=========>                    30%] [Cov:======================>            63%]
[Progress:=========>                    30%] [Cov:======================>            63%]
[Progress:=========>                    30%] [Cov:======================>            63%]
[Progress:=========>                    31%] [Cov:======================>            63%]
[Progress:=========>                    31%] [Cov:======================>            63%]
[Progress:=========>                    31%] [Cov:======================>            63%]
[Progress:=========>                    31%] [Cov:======================>            63%]
[Progress:=========>                    32%] [Cov:======================>            63%]
[Progress:=========>                    32%] [Cov:======================>            63%]
[Progress:=========>                    32%] [Cov:======================>            63%]
[Progress:=========>                    32%] [Cov:======================>            63%]
[Progress:=========>                    32%] [Cov:======================>            63%]
[Progress:=========>                    33%] [Cov:======================>            63%]
[Progress:=========>                    33%] [Cov:======================>            63%]
[Progress:=========>                    33%] [Cov:======================>            63%]
[Progress:=========>                    33%] [Cov:======================>            63%]
[Progress:==========>                   34%] [Cov:=================>                 50%]
[Progress:==========>                   34%] [Cov:====================>              58%]
[Progress:==========>                   34%] [Cov:======================>            63%]
[Progress:==========>                   34%] [Cov:======================>            63%]
[Progress:==========>                   34%] [Cov:======================>            63%]
[Progress:==========>                   34%] [Cov:====================>              59%]
[Progress:==========>                   34%] [Cov:======================>            63%]
[Progress:==========>                   34%] [Cov:======================>            63%]
[Progress:==========>                   35%] [Cov:======================>            63%]
[Progress:==========>                   35%] [Cov:======================>            63%]
[Progress:==========>                   36%] [Cov:====================>              59%]
[Progress:==========>                   36%] [Cov:=====================>             62%]
[Progress:==========>                   36%] [Cov:======================>            63%]
[Progress:==========>                   36%] [Cov:======================>            63%]
[Progress:==========>                   36%] [Cov:======================>            63%]
[Progress:==========>                   36%] [Cov:======================>            63%]
[Progress:==========>                   36%] [Cov:======================>            63%]
[Progress:===========>                  37%] [Cov:======================>            63%]
[Progress:===========>                  37%] [Cov:======================>            63%]
[Progress:===========>                  37%] [Cov:======================>            63%]
[Progress:===========>                  38%] [Cov:======================>            63%]
[Progress:===========>                  38%] [Cov:======================>            63%]
[Progress:===========>                  38%] [Cov:======================>            63%]
[Progress:===========>                  38%] [Cov:======================>            63%]
[Progress:===========>                  38%] [Cov:======================>            63%]
[Progress:===========>                  39%] [Cov:======================>            63%]
[Progress:===========>                  39%] [Cov:======================>            63%]
[Progress:============>                 40%] [Cov:======================>            63%]
[Progress:============>                 40%] [Cov:======================>            63%]
[Progress:============>                 40%] [Cov:======================>            63%]
[Progress:============>                 40%] [Cov:======================>            64%]
[Progress:============>                 40%] [Cov:======================>            64%]
[Progress:============>                 40%] [Cov:======================>            64%]
[Progress:============>                 41%] [Cov:======================>            63%]
[Progress:============>                 41%] [Cov:======================>            64%]
[Progress:============>                 41%] [Cov:======================>            64%]
[Progress:============>                 41%] [Cov:======================>            64%]
[Progress:============>                 42%] [Cov:===>                               11%]
[Progress:============>                 42%] [Cov:======================>            63%]
[Progress:============>                 42%] [Cov:======================>            64%]
[Progress:============>                 42%] [Cov:======================>            64%]
[Progress:============>                 42%] [Cov:======================>            64%]
[Progress:============>                 42%] [Cov:======================>            64%]
[Progress:============>                 43%] [Cov:======================>            64%]
[Progress:============>                 43%] [Cov:======================>            64%]
[Progress:============>                 43%] [Cov:======================>            64%]
[Progress:=============>                44%] [Cov:======================>            64%]
[Progress:=============>                44%] [Cov:======================>            64%]
[Progress:=============>                44%] [Cov:======================>            64%]
[Progress:=============>                44%] [Cov:======================>            64%]
[Progress:=============>                44%] [Cov:======================>            64%]
[Progress:=============>                45%] [Cov:======================>            64%]
[Progress:=============>                45%] [Cov:======================>            64%]
[Progress:=============>                45%] [Cov:======================>            64%]
[Progress:=============>                46%] [Cov:======================>            64%]
[Progress:=============>                46%] [Cov:======================>            64%]
[Progress:=============>                46%] [Cov:======================>            64%]
[Progress:==============>               47%] [Cov:======================>            64%]
[Progress:==============>               47%] [Cov:======================>            64%]
[Progress:==============>               47%] [Cov:======================>            64%]
[Progress:==============>               48%] [Cov:======================>            64%]
[Progress:==============>               48%] [Cov:======================>            64%]
[Progress:==============>               48%] [Cov:======================>            64%]
[Progress:==============>               48%] [Cov:======================>            64%]
[Progress:==============>               49%] [Cov:======================>            64%]
[Progress:==============>               49%] [Cov:======================>            64%]
[Progress:==============>               49%] [Cov:======================>            64%]
[Progress:===============>              50%] [Cov:======================>            64%]
[Progress:===============>              50%] [Cov:======================>            64%]
[Progress:===============>              50%] [Cov:======================>            64%]
[Progress:===============>              50%] [Cov:======================>            64%]
[Progress:===============>              50%] [Cov:======================>            64%]
[Progress:===============>              51%] [Cov:======================>            64%]
[Progress:===============>              51%] [Cov:======================>            64%]
[Progress:===============>              51%] [Cov:======================>            64%]
[Progress:===============>              52%] [Cov:======================>            64%]
[Progress:===============>              52%] [Cov:======================>            64%]
[Progress:===============>              52%] [Cov:======================>            64%]
[Progress:===============>              52%] [Cov:======================>            64%]
[Progress:===============>              52%] [Cov:======================>            64%]
[Progress:===============>              53%] [Cov:======================>            64%]
[Progress:===============>              53%] [Cov:======================>            64%]
[Progress:===============>              53%] [Cov:======================>            64%]
[Progress:================>             54%] [Cov:=====================>             60%]
[Progress:================>             54%] [Cov:======================>            63%]
[Progress:================>             54%] [Cov:======================>            64%]
[Progress:================>             54%] [Cov:======================>            64%]
[Progress:================>             54%] [Cov:======================>            64%]
[Progress:================>             54%] [Cov:======================>            64%]
[Progress:================>             54%] [Cov:======================>            64%]
[Progress:================>             55%] [Cov:======================>            64%]
[Progress:================>             55%] [Cov:======================>            64%]
[Progress:================>             56%] [Cov:======================>            64%]
[Progress:================>             56%] [Cov:======================>            64%]
[Progress:================>             56%] [Cov:======================>            64%]
[Progress:================>             56%] [Cov:======================>            64%]
[Progress:================>             56%] [Cov:======================>            64%]
[Progress:=================>            57%] [Cov:======================>            64%]
[Progress:=================>            57%] [Cov:======================>            64%]
[Progress:=================>            57%] [Cov:======================>            64%]
[Progress:=================>            58%] [Cov:======================>            64%]
[Progress:=================>            58%] [Cov:======================>            64%]
[Progress:=================>            58%] [Cov:======================>            64%]
[Progress:=================>            58%] [Cov:======================>            64%]
[Progress:=================>            58%] [Cov:======================>            64%]
[Progress:=================>            59%] [Cov:=====================>             62%]
[Progress:=================>            59%] [Cov:======================>            64%]
[Progress:=================>            59%] [Cov:======================>            64%]
[Progress:=================>            59%] [Cov:======================>            64%]
[Progress:==================>           60%] [Cov:======================>            64%]
[Progress:==================>           60%] [Cov:======================>            64%]
[Progress:==================>           60%] [Cov:======================>            64%]
[Progress:==================>           60%] [Cov:======================>            64%]
[Progress:==================>           60%] [Cov:======================>            64%]
[Progress:==================>           60%] [Cov:======================>            64%]
[Progress:==================>           61%] [Cov:===================>               56%]
[Progress:==================>           61%] [Cov:======================>            64%]
[Progress:==================>           61%] [Cov:======================>            64%]
[Progress:==================>           61%] [Cov:======================>            64%]
[Progress:==================>           62%] [Cov:======================>            64%]
[Progress:==================>           62%] [Cov:======================>            64%]
[Progress:==================>           62%] [Cov:====================>              58%]
[Progress:==================>           62%] [Cov:======================>            64%]
[Progress:==================>           62%] [Cov:====================>              58%]
[Progress:==================>           62%] [Cov:======================>            64%]
[Progress:==================>           62%] [Cov:====================>              58%]
[Progress:==================>           62%] [Cov:======================>            64%]
[Progress:==================>           62%] [Cov:====================>              58%]
[Progress:==================>           62%] [Cov:======================>            64%]
[Progress:==================>           63%] [Cov:===================>               57%]
[Progress:==================>           63%] [Cov:======================>            64%]
[Progress:==================>           63%] [Cov:====================>              58%]
[Progress:==================>           63%] [Cov:======================>            64%]
[Progress:==================>           63%] [Cov:====================>              58%]
[Progress:==================>           63%] [Cov:======================>            64%]
[Progress:===================>          64%] [Cov:======================>            64%]
[Progress:===================>          64%] [Cov:====================>              58%]
[Progress:===================>          64%] [Cov:======================>            64%]
[Progress:===================>          64%] [Cov:====================>              58%]
[Progress:===================>          64%] [Cov:======================>            64%]
[Progress:===================>          64%] [Cov:====================>              58%]
[Progress:===================>          64%] [Cov:======================>            64%]
[Progress:===================>          64%] [Cov:====================>              58%]
[Progress:===================>          64%] [Cov:======================>            64%]
[Progress:===================>          64%] [Cov:====================>              58%]
[Progress:===================>          64%] [Cov:======================>            64%]
[Progress:===================>          65%] [Cov:======================>            64%]
[Progress:===================>          65%] [Cov:====================>              58%]
[Progress:===================>          65%] [Cov:======================>            64%]
[Progress:===================>          65%] [Cov:====================>              58%]
[Progress:===================>          65%] [Cov:======================>            64%]
[Progress:===================>          65%] [Cov:====================>              58%]
[Progress:===================>          65%] [Cov:======================>            64%]
[Progress:===================>          66%] [Cov:======================>            63%]
[Progress:===================>          66%] [Cov:======================>            64%]
[Progress:===================>          66%] [Cov:====================>              58%]
[Progress:===================>          66%] [Cov:======================>            64%]
[Progress:===================>          66%] [Cov:====================>              58%]
[Progress:===================>          66%] [Cov:======================>            64%]
[Progress:===================>          66%] [Cov:====================>              58%]
[Progress:===================>          66%] [Cov:======================>            64%]
[Progress:===================>          66%] [Cov:====================>              58%]
[Progress:===================>          66%] [Cov:=====================>             61%]
[Progress:===================>          66%] [Cov:======================>            64%]
[Progress:====================>         67%] [Cov:======================>            64%]
[Progress:====================>         67%] [Cov:====================>              58%]
[Progress:====================>         67%] [Cov:======================>            64%]
[Progress:====================>         67%] [Cov:====================>              58%]
[Progress:====================>         67%] [Cov:======================>            64%]
[Progress:====================>         68%] [Cov:======================>            64%]
[Progress:====================>         68%] [Cov:====================>              58%]
[Progress:====================>         68%] [Cov:======================>            64%]
[Progress:====================>         68%] [Cov:====================>              58%]
[Progress:====================>         68%] [Cov:======================>            64%]
[Progress:====================>         68%] [Cov:====================>              58%]
[Progress:====================>         68%] [Cov:======================>            64%]
[Progress:====================>         68%] [Cov:====================>              58%]
[Progress:====================>         68%] [Cov:======================>            64%]
[Progress:====================>         69%] [Cov:======================>            64%]
[Progress:====================>         69%] [Cov:====================>              58%]
[Progress:====================>         69%] [Cov:======================>            64%]
[Progress:====================>         69%] [Cov:====================>              58%]
[Progress:====================>         69%] [Cov:======================>            64%]
[Progress:====================>         69%] [Cov:====================>              58%]
[Progress:====================>         69%] [Cov:======================>            64%]
[Progress:=====================>        70%] [Cov:======================>            64%]
[Progress:=====================>        70%] [Cov:====================>              58%]
[Progress:=====================>        70%] [Cov:======================>            64%]
[Progress:=====================>        70%] [Cov:====================>              58%]
[Progress:=====================>        70%] [Cov:======================>            64%]
[Progress:=====================>        70%] [Cov:====================>              58%]
[Progress:=====================>        70%] [Cov:======================>            63%]
[Progress:=====================>        70%] [Cov:======================>            64%]
[Progress:=====================>        70%] [Cov:===================>               57%]
[Progress:=====================>        70%] [Cov:======================>            64%]
[Progress:=====================>        71%] [Cov:====================>              59%]
[Progress:=====================>        71%] [Cov:======================>            64%]
[Progress:=====================>        71%] [Cov:===================>               57%]
[Progress:=====================>        71%] [Cov:======================>            64%]
[Progress:=====================>        71%] [Cov:===================>               57%]
[Progress:=====================>        71%] [Cov:======================>            64%]
[Progress:=====================>        72%] [Cov:======================>            64%]
[Progress:=====================>        72%] [Cov:===================>               57%]
[Progress:=====================>        72%] [Cov:======================>            64%]
[Progress:=====================>        72%] [Cov:===================>               57%]
[Progress:=====================>        72%] [Cov:======================>            64%]
[Progress:=====================>        72%] [Cov:===================>               57%]
[Progress:=====================>        72%] [Cov:======================>            64%]
[Progress:=====================>        72%] [Cov:===================>               57%]
[Progress:=====================>        72%] [Cov:======================>            64%]
[Progress:=====================>        73%] [Cov:===================>               57%]
[Progress:=====================>        73%] [Cov:====================>              58%]
[Progress:=====================>        73%] [Cov:=====================>             60%]
[Progress:=====================>        73%] [Cov:======================>            64%]
[Progress:=====================>        73%] [Cov:===================>               57%]
[Progress:=====================>        73%] [Cov:======================>            64%]
[Progress:=====================>        73%] [Cov:===================>               57%]
[Progress:=====================>        73%] [Cov:======================>            64%]
[Progress:=====================>        73%] [Cov:===================>               57%]
[Progress:=====================>        73%] [Cov:======================>            64%]
[Progress:======================>       74%] [Cov:======================>            64%]
[Progress:======================>       74%] [Cov:===================>               57%]
[Progress:======================>       74%] [Cov:======================>            64%]
[Progress:======================>       74%] [Cov:===================>               57%]
[Progress:======================>       74%] [Cov:======================>            64%]
[Progress:======================>       74%] [Cov:===================>               57%]
[Progress:======================>       74%] [Cov:======================>            64%]
[Progress:======================>       74%] [Cov:===================>               57%]
[Progress:======================>       74%] [Cov:======================>            63%]
[Progress:======================>       74%] [Cov:======================>            64%]
[Progress:======================>       75%] [Cov:======================>            63%]
[Progress:======================>       75%] [Cov:======================>            64%]
[Progress:======================>       75%] [Cov:===================>               57%]
[Progress:======================>       75%] [Cov:======================>            64%]
[Progress:======================>       75%] [Cov:===================>               57%]
[Progress:======================>       75%] [Cov:======================>            64%]
[Progress:======================>       76%] [Cov:======================>            64%]
[Progress:======================>       76%] [Cov:===================>               57%]
[Progress:======================>       76%] [Cov:======================>            64%]
[Progress:======================>       76%] [Cov:===================>               57%]
[Progress:======================>       76%] [Cov:======================>            64%]
[Progress:======================>       76%] [Cov:===================>               57%]
[Progress:======================>       76%] [Cov:======================>            64%]
[Progress:======================>       76%] [Cov:===================>               57%]
[Progress:======================>       76%] [Cov:======================>            64%]
[Progress:=======================>      77%] [Cov:======================>            64%]
[Progress:=======================>      77%] [Cov:===================>               57%]
[Progress:=======================>      77%] [Cov:======================>            64%]
[Progress:=======================>      77%] [Cov:===================>               57%]
[Progress:=======================>      77%] [Cov:======================>            64%]
[Progress:=======================>      77%] [Cov:===================>               57%]
[Progress:=======================>      77%] [Cov:=====================>             62%]
[Progress:=======================>      78%] [Cov:======================>            64%]
[Progress:=======================>      78%] [Cov:===================>               57%]
[Progress:=======================>      78%] [Cov:======================>            64%]
[Progress:=======================>      78%] [Cov:===================>               57%]
[Progress:=======================>      78%] [Cov:====================>              58%]
[Progress:=======================>      78%] [Cov:======================>            63%]
[Progress:=======================>      78%] [Cov:======================>            64%]
[Progress:=======================>      78%] [Cov:===================>               57%]
[Progress:=======================>      78%] [Cov:======================>            64%]
[Progress:=======================>      78%] [Cov:===================>               57%]
[Progress:=======================>      78%] [Cov:======================>            63%]
[Progress:=======================>      78%] [Cov:======================>            64%]
[Progress:=======================>      79%] [Cov:======================>            64%]
[Progress:=======================>      79%] [Cov:===================>               57%]
[Progress:=======================>      79%] [Cov:======================>            64%]
[Progress:=======================>      79%] [Cov:===================>               57%]
[Progress:=======================>      79%] [Cov:======================>            64%]
[Progress:========================>     80%] [Cov:======================>            64%]
[Progress:========================>     80%] [Cov:===================>               57%]
[Progress:========================>     80%] [Cov:======================>            64%]
[Progress:========================>     80%] [Cov:===================>               57%]
[Progress:========================>     80%] [Cov:======================>            64%]
[Progress:========================>     80%] [Cov:===================>               57%]
[Progress:========================>     80%] [Cov:======================>            64%]
[Progress:========================>     80%] [Cov:===================>               57%]
[Progress:========================>     80%] [Cov:======================>            64%]
[Progress:========================>     81%] [Cov:======================>            64%]
[Progress:========================>     81%] [Cov:===================>               57%]
[Progress:========================>     81%] [Cov:======================>            64%]
[Progress:========================>     81%] [Cov:===================>               57%]
[Progress:========================>     81%] [Cov:====================>              58%]
[Progress:========================>     81%] [Cov:=====================>             62%]
[Progress:========================>     81%] [Cov:======================>            64%]
[Progress:========================>     81%] [Cov:===================>               57%]
[Progress:========================>     81%] [Cov:======================>            64%]
[Progress:========================>     82%] [Cov:===================>               57%]
[Progress:========================>     82%] [Cov:======================>            64%]
[Progress:========================>     82%] [Cov:===================>               57%]
[Progress:========================>     82%] [Cov:======================>            63%]
[Progress:========================>     82%] [Cov:======================>            64%]
[Progress:========================>     82%] [Cov:===================>               57%]
[Progress:========================>     82%] [Cov:======================>            64%]
[Progress:========================>     82%] [Cov:===================>               57%]
[Progress:========================>     82%] [Cov:======================>            63%]
[Progress:========================>     82%] [Cov:======================>            64%]
[Progress:========================>     82%] [Cov:===================>               57%]
[Progress:========================>     82%] [Cov:======================>            64%]
[Progress:========================>     83%] [Cov:======================>            64%]
[Progress:========================>     83%] [Cov:===================>               57%]
[Progress:========================>     83%] [Cov:======================>            64%]
[Progress:========================>     83%] [Cov:===================>               57%]
[Progress:========================>     83%] [Cov:======================>            64%]
[Progress:========================>     83%] [Cov:===================>               57%]
[Progress:========================>     83%] [Cov:======================>            64%]
[Progress:=========================>    84%] [Cov:======================>            64%]
[Progress:=========================>    84%] [Cov:===================>               57%]
[Progress:=========================>    84%] [Cov:======================>            63%]
[Progress:=========================>    84%] [Cov:======================>            64%]
[Progress:=========================>    84%] [Cov:===================>               57%]
[Progress:=========================>    84%] [Cov:======================>            64%]
[Progress:=========================>    84%] [Cov:===================>               57%]
[Progress:=========================>    84%] [Cov:======================>            64%]
[Progress:=========================>    84%] [Cov:===================>               57%]
[Progress:=========================>    84%] [Cov:======================>            64%]
[Progress:=========================>    85%] [Cov:======================>            64%]
[Progress:=========================>    85%] [Cov:===================>               57%]
[Progress:=========================>    85%] [Cov:======================>            64%]
[Progress:=========================>    85%] [Cov:===================>               57%]
[Progress:=========================>    85%] [Cov:======================>            64%]
[Progress:=========================>    86%] [Cov:======================>            63%]
[Progress:=========================>    86%] [Cov:======================>            64%]
[Progress:=========================>    86%] [Cov:===================>               57%]
[Progress:=========================>    86%] [Cov:=====================>             62%]
[Progress:=========================>    86%] [Cov:======================>            64%]
[Progress:=========================>    86%] [Cov:===================>               57%]
[Progress:=========================>    86%] [Cov:======================>            64%]
[Progress:=========================>    86%] [Cov:===================>               57%]
[Progress:=========================>    86%] [Cov:======================>            64%]
[Progress:=========================>    86%] [Cov:===================>               57%]
[Progress:=========================>    86%] [Cov:======================>            64%]
[Progress:==========================>   87%] [Cov:======================>            64%]
[Progress:==========================>   87%] [Cov:===================>               57%]
[Progress:==========================>   87%] [Cov:======================>            64%]
[Progress:==========================>   87%] [Cov:===================>               57%]
[Progress:==========================>   87%] [Cov:======================>            64%]
[Progress:==========================>   88%] [Cov:======================>            64%]
[Progress:==========================>   88%] [Cov:===================>               57%]
[Progress:==========================>   88%] [Cov:======================>            64%]
[Progress:==========================>   88%] [Cov:===================>               57%]
[Progress:==========================>   88%] [Cov:======================>            63%]
[Progress:==========================>   88%] [Cov:======================>            64%]
[Progress:==========================>   88%] [Cov:===================>               57%]
[Progress:==========================>   88%] [Cov:======================>            64%]
[Progress:==========================>   88%] [Cov:===================>               57%]
[Progress:==========================>   88%] [Cov:======================>            64%]
[Progress:==========================>   88%] [Cov:===================>               57%]
[Progress:==========================>   88%] [Cov:======================>            63%]
[Progress:==========================>   88%] [Cov:======================>            64%]
[Progress:==========================>   89%] [Cov:======================>            64%]
[Progress:==========================>   89%] [Cov:===================>               57%]
[Progress:==========================>   89%] [Cov:======================>            63%]
[Progress:==========================>   89%] [Cov:======================>            64%]
[Progress:==========================>   89%] [Cov:===================>               57%]
[Progress:==========================>   89%] [Cov:======================>            64%]
[Progress:==========================>   89%] [Cov:===================>               57%]
[Progress:==========================>   89%] [Cov:======================>            63%]
[Progress:==========================>   89%] [Cov:======================>            64%]
[Progress:===========================>  90%] [Cov:======================>            64%]
[Progress:===========================>  90%] [Cov:===================>               57%]
[Progress:===========================>  90%] [Cov:======================>            64%]
[Progress:===========================>  90%] [Cov:===================>               57%]
[Progress:===========================>  90%] [Cov:======================>            64%]
[Progress:===========================>  90%] [Cov:===================>               57%]
[Progress:===========================>  90%] [Cov:======================>            64%]
[Progress:===========================>  90%] [Cov:===================>               57%]
[Progress:===========================>  90%] [Cov:======================>            63%]
[Progress:===========================>  90%] [Cov:======================>            64%]
[Progress:===========================>  90%] [Cov:===================>               57%]
[Progress:===========================>  90%] [Cov:======================>            64%]
[Progress:===========================>  91%] [Cov:======================>            64%]
[Progress:===========================>  91%] [Cov:===================>               57%]
[Progress:===========================>  91%] [Cov:======================>            64%]
[Progress:===========================>  91%] [Cov:===================>               57%]
[Progress:===========================>  91%] [Cov:======================>            64%]
[Progress:===========================>  92%] [Cov:======================>            64%]
[Progress:===========================>  92%] [Cov:===================>               57%]
[Progress:===========================>  92%] [Cov:======================>            64%]
[Progress:===========================>  92%] [Cov:===================>               57%]
[Progress:===========================>  92%] [Cov:======================>            64%]
[Progress:===========================>  92%] [Cov:===================>               57%]
[Progress:===========================>  92%] [Cov:======================>            64%]
[Progress:===========================>  92%] [Cov:===================>               57%]
[Progress:===========================>  92%] [Cov:======================>            64%]
[Progress:===========================>  92%] [Cov:===================>               57%]
[Progress:===========================>  92%] [Cov:======================>            64%]
[Progress:===========================>  92%] [Cov:===================>               57%]
[Progress:===========================>  92%] [Cov:======================>            63%]
[Progress:===========================>  92%] [Cov:======================>            64%]
[Progress:===========================>  93%] [Cov:======================>            64%]
[Progress:===========================>  93%] [Cov:===================>               57%]
[Progress:===========================>  93%] [Cov:======================>            64%]
[Progress:===========================>  93%] [Cov:===================>               57%]
[Progress:===========================>  93%] [Cov:======================>            64%]
[Progress:============================> 94%] [Cov:======================>            64%]
[Progress:============================> 94%] [Cov:===================>               57%]
[Progress:============================> 94%] [Cov:======================>            64%]
[Progress:============================> 94%] [Cov:===================>               57%]
[Progress:============================> 94%] [Cov:======================>            64%]
[Progress:============================> 94%] [Cov:===================>               57%]
[Progress:============================> 94%] [Cov:======================>            64%]
[Progress:============================> 94%] [Cov:===================>               57%]
[Progress:============================> 94%] [Cov:======================>            64%]
[Progress:============================> 94%] [Cov:===================>               57%]
[Progress:============================> 94%] [Cov:======================>            64%]
[Progress:============================> 94%] [Cov:===================>               57%]
[Progress:============================> 94%] [Cov:======================>            64%]
[Progress:============================> 95%] [Cov:======================>            64%]
[Progress:============================> 95%] [Cov:===================>               57%]
[Progress:============================> 95%] [Cov:======================>            64%]
[Progress:============================> 95%] [Cov:===================>               57%]
[Progress:============================> 95%] [Cov:======================>            64%]
[Progress:============================> 96%] [Cov:======================>            64%]
[Progress:============================> 96%] [Cov:===================>               57%]
[Progress:============================> 96%] [Cov:======================>            64%]
[Progress:============================> 96%] [Cov:===================>               57%]
[Progress:============================> 96%] [Cov:======================>            64%]
[Progress:============================> 96%] [Cov:===================>               57%]
[Progress:============================> 96%] [Cov:======================>            64%]
[Progress:============================> 96%] [Cov:===================>               57%]
[Progress:============================> 96%] [Cov:======================>            64%]
[Progress:============================> 96%] [Cov:===================>               57%]
[Progress:============================> 96%] [Cov:======================>            64%]
[Progress:=============================>97%] [Cov:======================>            64%]
[Progress:=============================>97%] [Cov:===================>               57%]
[Progress:=============================>97%] [Cov:=====================>             62%]
[Progress:=============================>97%] [Cov:======================>            64%]
[Progress:=============================>97%] [Cov:====================>              58%]
[Progress:=============================>97%] [Cov:======================>            64%]
[Progress:=============================>98%] [Cov:======================>            63%]
[Progress:=============================>98%] [Cov:======================>            64%]
[Progress:=============================>98%] [Cov:====================>              58%]
[Progress:=============================>98%] [Cov:======================>            64%]
[Progress:=============================>98%] [Cov:====================>              58%]
[Progress:=============================>98%] [Cov:======================>            64%]
[Progress:=============================>98%] [Cov:====================>              58%]
[Progress:=============================>98%] [Cov:======================>            64%]
[Progress:=============================>98%] [Cov:====================>              58%]
[Progress:=============================>98%] [Cov:======================>            64%]
[Progress:=============================>98%] [Cov:====================>              58%]
[Progress:=============================>98%] [Cov:======================>            64%]
[Progress:=============================>99%] [Cov:======================>            64%]
[Progress:=============================>99%] [Cov:====================>              58%]
[Progress:=============================>99%] [Cov:======================>            64%]
[Progress:=============================>99%] [Cov:====================>              58%]
[Progress:=============================>99%] [Cov:======================>            64%]
[Progress:=============================>99%] [Cov:====================>              58%]
[Progress:=============================>99%] [Cov:======================>            64%]
[Progress:==============================100%] [Cov:======================>            64%]
[Progress:==============================100%] [Cov:====================>              58%]
[Progress:==============================100%] [Cov:======================>            64%]
[Progress:==============================100%] [Cov:====================>              58%]
[Progress:==============================100%] [Cov:======================>            64%]
[Progress:==============================100%] [Cov:====================>              58%]
* Search finished after 151s and 335 generations, 56192 statements, best individual has fitness: 104.69940476190476
* Minimizing test suite
* Going to analyze the coverage criteria
* Coverage analysis for criterion LINE
* Coverage of criterion LINE: 80%
* Total number of goals: 61
* Number of covered goals: 49
* Coverage analysis for criterion BRANCH
* Coverage of criterion BRANCH: 71%
* Total number of goals: 35
* Number of covered goals: 25
* Coverage analysis for criterion EXCEPTION
* Coverage of criterion EXCEPTION: 55%
* Total number of goals: 22
* Number of covered goals: 12
* Coverage analysis for criterion WEAKMUTATION
* Coverage of criterion WEAKMUTATION: 55%
* Total number of goals: 31
* Number of covered goals: 17
* Coverage analysis for criterion OUTPUT
* Coverage of criterion OUTPUT: 3%
* Total number of goals: 30
* Number of covered goals: 1
* Coverage analysis for criterion METHOD
* Coverage of criterion METHOD: 100%
* Total number of goals: 14
* Number of covered goals: 14
* Coverage analysis for criterion METHODNOEXCEPTION
* Coverage of criterion METHODNOEXCEPTION: 29%
* Total number of goals: 14
* Number of covered goals: 4
* Coverage analysis for criterion CBRANCH
* Coverage of criterion CBRANCH: 71%
* Total number of goals: 35
* Number of covered goals: 25
* Generated 16 tests with total length 52
* Resulting test suite's coverage: 58% (average coverage for all fitness functions)
* Generating assertions
* Resulting test suite's mutation score: 0%
* Compiling and checking tests
[MASTER] 20:17:51.555 [logback-1] WARN  ClassResetter - java.lang.reflect.InvocationTargetException, caused by: org.evosuite.runtime.mock.java.lang.MockThrowable: java.lang.reflect.InvocationTargetException-->null
org.mockito.cglib.core.AbstractClassGenerator.create(AbstractClassGenerator.java:238)
<evosuite>.<evosuite>(<evosuite>)
<evosuite>.<evosuite>(<evosuite>)

[MASTER] 20:17:52.552 [logback-1] WARN  JUnitAnalyzer - Found unstable test named test13 -> class java.lang.IncompatibleClassChangeError: Expected non-static field org.mockito.cglib.proxy.Enhancer.serialVersionUID
[MASTER] 20:17:52.552 [logback-1] WARN  JUnitAnalyzer - Failing test:
 MockitoCore mockitoCore0 = new MockitoCore();
Class<Object> class0 = Object.class;
MockSettingsImpl mockSettingsImpl0 = new MockSettingsImpl();
mockitoCore0.mock(class0, (MockSettings) mockSettingsImpl0, false);

* Writing tests to file
* Writing JUnit test case 'MockitoCore_ESTest' to evosuite-tests
* Done!

* Computation finished

