CMD: /usr/lib/jvm/java-8-openjdk-amd64/bin/java -Dtools_jar_location=/usr/lib/jvm/java-8-openjdk-amd64/lib/tools.jar -jar /home/pizza/evosuite/evosuite-1.2.0.jar -generateSuite -class org.apache.commons.lang3.time.FastDatePrinter -projectCP /home/pizza/evosuite/Test/Lang-8b/target/classes -base_dir /home/pizza/evosuite/results/project-Lang/Lang-8/round02/evosuite-work -seed 11 -Dalgorithm=NSGAII -Dsearch_budget=150 -Dtest_format=JUNIT4 -Dassertions=true

* EvoSuite 1.2.0
* Going to generate test cases for class: org.apache.commons.lang3.time.FastDatePrinter
* Starting Client-0
* Connecting to master process on port 8225
* Analyzing classpath: 
  - /home/pizza/evosuite/Test/Lang-8b/target/classes
* Finished analyzing classpath
* Generating tests for class org.apache.commons.lang3.time.FastDatePrinter
* Test criteria:
  - Line Coverage
  - Branch Coverage
  - Exception
  - Mutation testing (weak)
  - Method-Output Coverage
  - Top-Level Method Coverage
  - No-Exception Top-Level Method Coverage
  - Context Branch Coverage
* Setting up search algorithm for whole suite generation
* Total number of test goals: 
  - Line 331
  - Branch 354
  - Exception 0
  - MutationFactory 779
  - Output 57
  - Method 53
  - MethodNoException 53
  - CBranchFitnessFactory 354

[Progress:>                             0%] [Cov:>                                  0%]* Using seed 11
* Starting evolution

[Progress:>                             0%] [Cov:>                                  0%]
[Progress:>                             1%] [Cov:>                                  2%]
[Progress:>                             1%] [Cov:==>                                6%]
[Progress:>                             1%] [Cov:======>                            18%]
[Progress:>                             1%] [Cov:=======>                           20%]
[Progress:>                             1%] [Cov:=======>                           21%]
[Progress:>                             1%] [Cov:=======>                           22%]
[Progress:>                             1%] [Cov:========>                          24%]
[Progress:>                             2%] [Cov:>                                  2%]
[Progress:>                             2%] [Cov:=>                                 5%]
[Progress:>                             2%] [Cov:==>                                6%]
[Progress:>                             2%] [Cov:======>                            18%]
[Progress:>                             2%] [Cov:======>                            19%]
[Progress:>                             2%] [Cov:=======>                           20%]
[Progress:>                             2%] [Cov:=======>                           22%]
[Progress:>                             2%] [Cov:========>                          23%]
[Progress:>                             2%] [Cov:========>                          24%]
[Progress:>                             2%] [Cov:=========>                         27%]
[Progress:>                             3%] [Cov:>                                  2%]
[Progress:>                             3%] [Cov:=>                                 5%]
[Progress:>                             3%] [Cov:====>                              12%]
[Progress:>                             3%] [Cov:======>                            18%]
[Progress:>                             3%] [Cov:======>                            19%]
[Progress:>                             3%] [Cov:=======>                           20%]
[Progress:>                             3%] [Cov:=======>                           22%]
[Progress:>                             3%] [Cov:========>                          23%]
[Progress:>                             3%] [Cov:========>                          24%]
[Progress:>                             3%] [Cov:========>                          25%]
[Progress:>                             3%] [Cov:=========>                         26%]
[Progress:>                             3%] [Cov:==========>                        30%]
[Progress:=>                            4%] [Cov:>                                  2%]
[Progress:=>                            4%] [Cov:=>                                 3%]
[Progress:=>                            4%] [Cov:==>                                6%]
[Progress:=>                            4%] [Cov:==>                                7%]
[Progress:=>                            4%] [Cov:======>                            18%]
[Progress:=>                            4%] [Cov:======>                            19%]
[Progress:=>                            4%] [Cov:=======>                           21%]
[Progress:=>                            4%] [Cov:=======>                           22%]
[Progress:=>                            4%] [Cov:========>                          23%]
[Progress:=>                            4%] [Cov:========>                          24%]
[Progress:=>                            4%] [Cov:========>                          25%]
[Progress:=>                            4%] [Cov:=========>                         27%]
[Progress:=>                            4%] [Cov:=========>                         27%]
[Progress:=>                            4%] [Cov:=========>                         28%]
[Progress:=>                            4%] [Cov:==========>                        29%]
[Progress:=>                            4%] [Cov:==========>                        30%]
[Progress:=>                            4%] [Cov:==========>                        31%]
[Progress:=>                            5%] [Cov:=======>                           21%]
[Progress:=>                            5%] [Cov:========>                          24%]
[Progress:=>                            5%] [Cov:=========>                         27%]
[Progress:=>                            5%] [Cov:=========>                         28%]
[Progress:=>                            5%] [Cov:=========>                         27%]
[Progress:=>                            5%] [Cov:=========>                         28%]
[Progress:=>                            5%] [Cov:==========>                        30%]
[Progress:=>                            5%] [Cov:==========>                        31%]
[Progress:=>                            6%] [Cov:=========>                         26%]
[Progress:=>                            6%] [Cov:=========>                         27%]
[Progress:=>                            6%] [Cov:==========>                        30%]
[Progress:=>                            6%] [Cov:==========>                        31%]
[Progress:=>                            6%] [Cov:=========>                         27%]
[Progress:=>                            6%] [Cov:==========>                        29%]
[Progress:=>                            6%] [Cov:==========>                        30%]
[Progress:=>                            6%] [Cov:==========>                        31%]
[Progress:=>                            6%] [Cov:===========>                       33%]
[Progress:==>                           7%] [Cov:========>                          24%]
[Progress:==>                           7%] [Cov:=========>                         28%]
[Progress:==>                           7%] [Cov:==========>                        30%]
[Progress:==>                           7%] [Cov:==========>                        31%]
[Progress:==>                           7%] [Cov:==========>                        29%]
[Progress:==>                           7%] [Cov:===========>                       32%]
[Progress:==>                           7%] [Cov:===========>                       33%]
[Progress:==>                           7%] [Cov:===========>                       34%]
[Progress:==>                           8%] [Cov:=========>                         27%]
[Progress:==>                           8%] [Cov:==========>                        29%]
[Progress:==>                           8%] [Cov:==========>                        30%]
[Progress:==>                           8%] [Cov:===========>                       33%]
[Progress:==>                           8%] [Cov:==========>                        30%]
[Progress:==>                           8%] [Cov:==========>                        31%]
[Progress:==>                           8%] [Cov:===========>                       32%]
[Progress:==>                           8%] [Cov:===========>                       33%]
[Progress:==>                           8%] [Cov:===========>                       34%]
[Progress:==>                           9%] [Cov:==========>                        31%]
[Progress:==>                           9%] [Cov:===========>                       33%]
[Progress:==>                           9%] [Cov:===========>                       34%]
[Progress:===>                          10%] [Cov:=========>                         28%]
[Progress:===>                          10%] [Cov:==========>                        30%]
[Progress:===>                          10%] [Cov:===========>                       33%]
[Progress:===>                          10%] [Cov:===========>                       32%]
[Progress:===>                          10%] [Cov:===========>                       33%]
[Progress:===>                          10%] [Cov:===========>                       34%]
[Progress:===>                          10%] [Cov:===========>                       34%]
[Progress:===>                          10%] [Cov:============>                      35%]
[Progress:===>                          11%] [Cov:==========>                        30%]
[Progress:===>                          11%] [Cov:===========>                       32%]
[Progress:===>                          11%] [Cov:===========>                       34%]
[Progress:===>                          11%] [Cov:============>                      35%]
[Progress:===>                          11%] [Cov:===========>                       34%]
[Progress:===>                          12%] [Cov:===========>                       33%]
[Progress:===>                          12%] [Cov:============>                      35%]
[Progress:===>                          12%] [Cov:============>                      36%]
[Progress:===>                          12%] [Cov:============>                      37%]
[Progress:===>                          12%] [Cov:============>                      37%]
[Progress:===>                          13%] [Cov:==========>                        30%]
[Progress:===>                          13%] [Cov:===========>                       32%]
[Progress:===>                          13%] [Cov:===========>                       33%]
[Progress:===>                          13%] [Cov:============>                      35%]
[Progress:===>                          13%] [Cov:============>                      37%]
[Progress:====>                         14%] [Cov:==========>                        31%]
[Progress:====>                         14%] [Cov:============>                      35%]
[Progress:====>                         14%] [Cov:============>                      36%]
[Progress:====>                         14%] [Cov:============>                      37%]
[Progress:====>                         14%] [Cov:============>                      37%]
[Progress:====>                         15%] [Cov:===========>                       33%]
[Progress:====>                         15%] [Cov:============>                      36%]
[Progress:====>                         15%] [Cov:============>                      37%]
[Progress:====>                         16%] [Cov:============>                      35%]
[Progress:====>                         16%] [Cov:============>                      37%]
[Progress:====>                         16%] [Cov:=============>                     38%]
[Progress:====>                         16%] [Cov:============>                      37%]
[Progress:====>                         16%] [Cov:============>                      37%]
[Progress:=====>                        17%] [Cov:============>                      37%]
[Progress:=====>                        17%] [Cov:=============>                     38%]
[Progress:=====>                        18%] [Cov:=============>                     38%]
[Progress:=====>                        18%] [Cov:=============>                     38%]
[Progress:=====>                        18%] [Cov:=============>                     38%]
[Progress:=====>                        19%] [Cov:============>                      37%]
[Progress:=====>                        19%] [Cov:=============>                     38%]
[Progress:=====>                        19%] [Cov:=============>                     39%]
[Progress:======>                       20%] [Cov:============>                      37%]
[Progress:======>                       20%] [Cov:=============>                     38%]
[Progress:======>                       20%] [Cov:=============>                     39%]
[Progress:======>                       20%] [Cov:=============>                     39%]
[Progress:======>                       20%] [Cov:==============>                    40%]
[Progress:======>                       21%] [Cov:============>                      37%]
[Progress:======>                       21%] [Cov:=============>                     38%]
[Progress:======>                       21%] [Cov:=============>                     39%]
[Progress:======>                       21%] [Cov:=============>                     39%]
[Progress:======>                       22%] [Cov:============>                      35%]
[Progress:======>                       22%] [Cov:=============>                     39%]
[Progress:======>                       22%] [Cov:==============>                    40%]
[Progress:======>                       22%] [Cov:=============>                     39%]
[Progress:======>                       22%] [Cov:==============>                    40%]
[Progress:======>                       22%] [Cov:==============>                    41%]
[Progress:======>                       23%] [Cov:=============>                     39%]
[Progress:======>                       23%] [Cov:==============>                    40%]
[Progress:=======>                      24%] [Cov:=============>                     38%]
[Progress:=======>                      24%] [Cov:=============>                     39%]
[Progress:=======>                      24%] [Cov:==============>                    40%]
[Progress:=======>                      24%] [Cov:==============>                    41%]
[Progress:=======>                      24%] [Cov:==============>                    40%]
[Progress:=======>                      25%] [Cov:=============>                     38%]
[Progress:=======>                      25%] [Cov:=============>                     39%]
[Progress:=======>                      25%] [Cov:==============>                    40%]
[Progress:=======>                      25%] [Cov:==============>                    41%]
[Progress:=======>                      26%] [Cov:=============>                     39%]
[Progress:=======>                      26%] [Cov:==============>                    40%]
[Progress:=======>                      26%] [Cov:==============>                    41%]
[Progress:=======>                      26%] [Cov:==============>                    42%]
[Progress:=======>                      26%] [Cov:==============>                    40%]
[Progress:=======>                      26%] [Cov:==============>                    41%]
[Progress:=======>                      26%] [Cov:==============>                    42%]
[Progress:========>                     27%] [Cov:=============>                     39%]
[Progress:========>                     27%] [Cov:==============>                    40%]
[Progress:========>                     27%] [Cov:==============>                    41%]
[Progress:========>                     27%] [Cov:==============>                    42%]
[Progress:========>                     27%] [Cov:=============>                     39%]
[Progress:========>                     27%] [Cov:==============>                    40%]
[Progress:========>                     27%] [Cov:==============>                    41%]
[Progress:========>                     28%] [Cov:==============>                    41%]
[Progress:========>                     28%] [Cov:==============>                    42%]
[Progress:========>                     28%] [Cov:==============>                    42%]
[Progress:========>                     29%] [Cov:==============>                    40%]
[Progress:========>                     29%] [Cov:==============>                    41%]
[Progress:========>                     29%] [Cov:==============>                    42%]
[Progress:=========>                    30%] [Cov:==============>                    40%]
[Progress:=========>                    30%] [Cov:==============>                    41%]
[Progress:=========>                    30%] [Cov:==============>                    42%]
[Progress:=========>                    30%] [Cov:==============>                    42%]
[Progress:=========>                    31%] [Cov:=============>                     38%]
[Progress:=========>                    31%] [Cov:==============>                    40%]
[Progress:=========>                    31%] [Cov:==============>                    41%]
[Progress:=========>                    31%] [Cov:==============>                    42%]
[Progress:=========>                    32%] [Cov:==============>                    42%]
[Progress:=========>                    32%] [Cov:==============>                    42%]
[Progress:=========>                    33%] [Cov:=============>                     38%]
[Progress:=========>                    33%] [Cov:==============>                    42%]
[Progress:=========>                    33%] [Cov:===============>                   43%]
[Progress:=========>                    33%] [Cov:==============>                    42%]
[Progress:==========>                   34%] [Cov:==============>                    42%]
[Progress:==========>                   34%] [Cov:===============>                   43%]
[Progress:==========>                   34%] [Cov:==============>                    42%]
[Progress:==========>                   34%] [Cov:===============>                   43%]
[Progress:==========>                   35%] [Cov:==============>                    41%]
[Progress:==========>                   35%] [Cov:==============>                    42%]
[Progress:==========>                   35%] [Cov:===============>                   43%]
[Progress:==========>                   36%] [Cov:==============>                    42%]
[Progress:==========>                   36%] [Cov:===============>                   43%]
[Progress:==========>                   36%] [Cov:==============>                    42%]
[Progress:==========>                   36%] [Cov:===============>                   43%]
[Progress:===========>                  37%] [Cov:==============>                    41%]
[Progress:===========>                  37%] [Cov:==============>                    42%]
[Progress:===========>                  37%] [Cov:===============>                   43%]
[Progress:===========>                  38%] [Cov:==============>                    42%]
[Progress:===========>                  38%] [Cov:===============>                   43%]
[Progress:===========>                  38%] [Cov:===============>                   43%]
[Progress:===========>                  38%] [Cov:===============>                   44%]
[Progress:===========>                  39%] [Cov:==============>                    41%]
[Progress:===========>                  39%] [Cov:==============>                    42%]
[Progress:===========>                  39%] [Cov:===============>                   43%]
[Progress:===========>                  39%] [Cov:===============>                   44%]
[Progress:============>                 40%] [Cov:==============>                    42%]
[Progress:============>                 40%] [Cov:===============>                   43%]
[Progress:============>                 40%] [Cov:===============>                   43%]
[Progress:============>                 40%] [Cov:===============>                   44%]
[Progress:============>                 40%] [Cov:===============>                   45%]
[Progress:============>                 41%] [Cov:===============>                   43%]
[Progress:============>                 41%] [Cov:===============>                   44%]
[Progress:============>                 42%] [Cov:===============>                   43%]
[Progress:============>                 42%] [Cov:===============>                   45%]
[Progress:============>                 43%] [Cov:==============>                    41%]
[Progress:============>                 43%] [Cov:===============>                   43%]
[Progress:============>                 43%] [Cov:===============>                   43%]
[Progress:============>                 43%] [Cov:===============>                   45%]
[Progress:=============>                44%] [Cov:===============>                   43%]
[Progress:=============>                44%] [Cov:===============>                   44%]
[Progress:=============>                44%] [Cov:===============>                   45%]
[Progress:=============>                45%] [Cov:==============>                    42%]
[Progress:=============>                45%] [Cov:===============>                   44%]
[Progress:=============>                45%] [Cov:===============>                   43%]
[Progress:=============>                45%] [Cov:===============>                   44%]
[Progress:=============>                45%] [Cov:===============>                   45%]
[Progress:=============>                46%] [Cov:===============>                   43%]
[Progress:=============>                46%] [Cov:===============>                   44%]
[Progress:=============>                46%] [Cov:===============>                   45%]
[Progress:==============>               47%] [Cov:===============>                   44%]
[Progress:==============>               47%] [Cov:===============>                   45%]
[Progress:==============>               47%] [Cov:===============>                   43%]
[Progress:==============>               47%] [Cov:===============>                   44%]
[Progress:==============>               47%] [Cov:===============>                   45%]
[Progress:==============>               48%] [Cov:===============>                   44%]
[Progress:==============>               48%] [Cov:===============>                   45%]
[Progress:==============>               48%] [Cov:================>                  46%]
[Progress:==============>               49%] [Cov:===============>                   43%]
[Progress:==============>               49%] [Cov:===============>                   45%]
[Progress:==============>               49%] [Cov:================>                  46%]
[Progress:===============>              50%] [Cov:===============>                   43%]
[Progress:===============>              50%] [Cov:===============>                   44%]
[Progress:===============>              50%] [Cov:===============>                   45%]
[Progress:===============>              50%] [Cov:================>                  46%]
[Progress:===============>              51%] [Cov:===============>                   45%]
[Progress:===============>              51%] [Cov:===============>                   44%]
[Progress:===============>              51%] [Cov:===============>                   45%]
[Progress:===============>              51%] [Cov:================>                  46%]
[Progress:===============>              52%] [Cov:===============>                   44%]
[Progress:===============>              52%] [Cov:===============>                   45%]
[Progress:===============>              52%] [Cov:================>                  46%]
[Progress:===============>              52%] [Cov:===============>                   44%]
[Progress:===============>              53%] [Cov:================>                  46%]
[Progress:================>             54%] [Cov:===============>                   43%]
[Progress:================>             54%] [Cov:================>                  46%]
[Progress:================>             55%] [Cov:===============>                   44%]
[Progress:================>             55%] [Cov:===============>                   45%]
[Progress:================>             55%] [Cov:===============>                   44%]
[Progress:================>             55%] [Cov:===============>                   45%]
[Progress:================>             55%] [Cov:================>                  46%]
[Progress:================>             56%] [Cov:===============>                   43%]
[Progress:================>             56%] [Cov:===============>                   44%]
[Progress:================>             56%] [Cov:===============>                   45%]
[Progress:================>             56%] [Cov:================>                  46%]
[Progress:=================>            57%] [Cov:===============>                   43%]
[Progress:=================>            57%] [Cov:===============>                   44%]
[Progress:=================>            57%] [Cov:================>                  46%]
[Progress:=================>            57%] [Cov:================>                  46%]
[Progress:=================>            58%] [Cov:================>                  46%]
[Progress:=================>            58%] [Cov:================>                  47%]
[Progress:=================>            59%] [Cov:================>                  46%]
[Progress:=================>            59%] [Cov:================>                  47%]
[Progress:==================>           60%] [Cov:================>                  46%]
[Progress:==================>           60%] [Cov:================>                  47%]
[Progress:==================>           61%] [Cov:===============>                   44%]
[Progress:==================>           61%] [Cov:===============>                   45%]
[Progress:==================>           61%] [Cov:================>                  46%]
[Progress:==================>           62%] [Cov:================>                  46%]
[Progress:==================>           62%] [Cov:================>                  47%]
[Progress:==================>           63%] [Cov:================>                  47%]
[Progress:===================>          64%] [Cov:===============>                   44%]
[Progress:===================>          64%] [Cov:================>                  47%]
[Progress:===================>          64%] [Cov:================>                  48%]
[Progress:===================>          64%] [Cov:================>                  47%]
[Progress:===================>          64%] [Cov:================>                  48%]
[Progress:===================>          65%] [Cov:===============>                   45%]
[Progress:===================>          65%] [Cov:================>                  47%]
[Progress:===================>          66%] [Cov:===============>                   44%]
[Progress:===================>          66%] [Cov:================>                  47%]
[Progress:===================>          66%] [Cov:================>                  47%]
[Progress:====================>         67%] [Cov:================>                  46%]
[Progress:====================>         67%] [Cov:================>                  47%]
[Progress:====================>         68%] [Cov:===============>                   44%]
[Progress:====================>         68%] [Cov:===============>                   45%]
[Progress:====================>         68%] [Cov:================>                  46%]
[Progress:====================>         68%] [Cov:================>                  47%]
[Progress:====================>         68%] [Cov:================>                  48%]
[Progress:====================>         68%] [Cov:================>                  47%]
[Progress:====================>         69%] [Cov:================>                  46%]
[Progress:====================>         69%] [Cov:================>                  47%]
[Progress:====================>         69%] [Cov:================>                  48%]
[Progress:=====================>        70%] [Cov:===============>                   44%]
[Progress:=====================>        70%] [Cov:================>                  47%]
[Progress:=====================>        70%] [Cov:================>                  48%]
[Progress:=====================>        71%] [Cov:================>                  48%]
[Progress:=====================>        71%] [Cov:================>                  46%]
[Progress:=====================>        71%] [Cov:================>                  47%]
[Progress:=====================>        71%] [Cov:================>                  48%]
[Progress:=====================>        72%] [Cov:================>                  47%]
[Progress:=====================>        72%] [Cov:================>                  48%]
[Progress:=====================>        73%] [Cov:================>                  47%]
[Progress:=====================>        73%] [Cov:================>                  48%]
[Progress:=====================>        73%] [Cov:================>                  46%]
[Progress:=====================>        73%] [Cov:================>                  47%]
[Progress:======================>       74%] [Cov:================>                  48%]
[Progress:======================>       75%] [Cov:================>                  47%]
[Progress:======================>       75%] [Cov:================>                  48%]
[Progress:======================>       76%] [Cov:================>                  47%]
[Progress:======================>       76%] [Cov:================>                  48%]
[Progress:======================>       76%] [Cov:================>                  46%]
[Progress:======================>       76%] [Cov:================>                  48%]
[Progress:======================>       76%] [Cov:=================>                 49%]
[Progress:=======================>      77%] [Cov:================>                  47%]
[Progress:=======================>      77%] [Cov:================>                  48%]
[Progress:=======================>      78%] [Cov:================>                  46%]
[Progress:=======================>      78%] [Cov:================>                  48%]
[Progress:=======================>      78%] [Cov:=================>                 49%]
[Progress:=======================>      78%] [Cov:=================>                 49%]
[Progress:=======================>      79%] [Cov:================>                  46%]
[Progress:=======================>      79%] [Cov:================>                  48%]
[Progress:========================>     80%] [Cov:================>                  47%]
[Progress:========================>     80%] [Cov:================>                  48%]
[Progress:========================>     80%] [Cov:=================>                 49%]
[Progress:========================>     80%] [Cov:================>                  46%]
[Progress:========================>     80%] [Cov:=================>                 49%]
[Progress:========================>     81%] [Cov:================>                  48%]
[Progress:========================>     81%] [Cov:=================>                 49%]
[Progress:========================>     81%] [Cov:=================>                 50%]
[Progress:========================>     82%] [Cov:================>                  47%]
[Progress:========================>     82%] [Cov:================>                  48%]
[Progress:========================>     82%] [Cov:=================>                 50%]
[Progress:========================>     82%] [Cov:================>                  48%]
[Progress:========================>     83%] [Cov:================>                  48%]
[Progress:========================>     83%] [Cov:=================>                 50%]
[Progress:========================>     83%] [Cov:=================>                 51%]
[Progress:=========================>    84%] [Cov:================>                  48%]
[Progress:=========================>    84%] [Cov:=================>                 49%]
[Progress:=========================>    85%] [Cov:=================>                 49%]
[Progress:=========================>    85%] [Cov:=================>                 50%]
[Progress:=========================>    85%] [Cov:================>                  48%]
[Progress:=========================>    86%] [Cov:================>                  48%]
[Progress:=========================>    86%] [Cov:=================>                 49%]
[Progress:=========================>    86%] [Cov:=================>                 50%]
[Progress:=========================>    86%] [Cov:=================>                 51%]
[Progress:==========================>   87%] [Cov:================>                  47%]
[Progress:==========================>   87%] [Cov:=================>                 49%]
[Progress:==========================>   87%] [Cov:=================>                 50%]
[Progress:==========================>   88%] [Cov:================>                  48%]
[Progress:==========================>   88%] [Cov:=================>                 49%]
[Progress:==========================>   88%] [Cov:=================>                 50%]
[Progress:==========================>   88%] [Cov:=================>                 50%]
[Progress:==========================>   88%] [Cov:=================>                 51%]
[Progress:==========================>   89%] [Cov:=================>                 49%]
[Progress:==========================>   89%] [Cov:=================>                 50%]
[Progress:===========================>  90%] [Cov:===============>                   44%]
[Progress:===========================>  90%] [Cov:=================>                 49%]
[Progress:===========================>  90%] [Cov:=================>                 50%]
[Progress:===========================>  90%] [Cov:=================>                 51%]
[Progress:===========================>  90%] [Cov:=================>                 50%]
[Progress:===========================>  91%] [Cov:================>                  47%]
[Progress:===========================>  91%] [Cov:================>                  48%]
[Progress:===========================>  91%] [Cov:=================>                 50%]
[Progress:===========================>  91%] [Cov:=================>                 51%]
[Progress:===========================>  92%] [Cov:=================>                 49%]
[Progress:===========================>  92%] [Cov:=================>                 51%]
[Progress:===========================>  93%] [Cov:===============>                   43%]
[Progress:===========================>  93%] [Cov:================>                  46%]
[Progress:===========================>  93%] [Cov:=================>                 50%]
[Progress:===========================>  93%] [Cov:=================>                 50%]
[Progress:============================> 94%] [Cov:=================>                 49%]
[Progress:============================> 94%] [Cov:=================>                 51%]
[Progress:============================> 95%] [Cov:=================>                 49%]
[Progress:============================> 95%] [Cov:=================>                 50%]
[Progress:============================> 95%] [Cov:=================>                 51%]
[Progress:============================> 96%] [Cov:=================>                 50%]
[Progress:============================> 96%] [Cov:=================>                 51%]
[Progress:============================> 96%] [Cov:=================>                 51%]
[Progress:=============================>97%] [Cov:================>                  48%]
[Progress:=============================>97%] [Cov:=================>                 50%]
[Progress:=============================>97%] [Cov:=================>                 51%]
[Progress:=============================>98%] [Cov:================>                  48%]
[Progress:=============================>98%] [Cov:=================>                 50%]
[Progress:=============================>98%] [Cov:=================>                 51%]
[Progress:=============================>98%] [Cov:=================>                 51%]
[Progress:=============================>99%] [Cov:=================>                 50%]
[Progress:=============================>99%] [Cov:=================>                 51%]
[Progress:==============================100%] [Cov:=================>                 50%]
[Progress:==============================100%] [Cov:=================>                 51%]
[Progress:==============================100%] [Cov:==================>                52%]
[Progress:==============================100%] [Cov:=================>                 50%]
[Progress:==============================100%] [Cov:=================>                 51%]
[Progress:==============================100%] [Cov:==================>                52%]
[Progress:==============================100%] [Cov:=================>                 50%]
[Progress:==============================100%] [Cov:=================>                 51%]
[Progress:==============================100%] [Cov:=================>                 51%]
* Search finished after 154s and 59 generations, 17738 statements, best individual has fitness: 1322.5194102489263
* Minimizing test suite
* Going to analyze the coverage criteria
* Coverage analysis for criterion LINE
* Coverage of criterion LINE: 60%
* Total number of goals: 331
* Number of covered goals: 198
* Coverage analysis for criterion BRANCH
* Coverage of criterion BRANCH: 56%
* Total number of goals: 354
* Number of covered goals: 198
* Coverage analysis for criterion EXCEPTION
* Coverage of criterion EXCEPTION: 25%
* Total number of goals: 16
* Number of covered goals: 4
* Coverage analysis for criterion WEAKMUTATION
* Coverage of criterion WEAKMUTATION: 44%
* Total number of goals: 779
* Number of covered goals: 346
* Coverage analysis for criterion OUTPUT
* Coverage of criterion OUTPUT: 37%
* Total number of goals: 57
* Number of covered goals: 21
* Coverage analysis for criterion METHOD
* Coverage of criterion METHOD: 32%
* Total number of goals: 53
* Number of covered goals: 17
* Coverage analysis for criterion METHODNOEXCEPTION
* Coverage of criterion METHODNOEXCEPTION: 30%
* Total number of goals: 53
* Number of covered goals: 16
* Coverage analysis for criterion CBRANCH
* Coverage of criterion CBRANCH: 56%
* Total number of goals: 354
* Number of covered goals: 198
* Generated 29 tests with total length 136
* Resulting test suite's coverage: 52% (average coverage for all fitness functions)
* Generating assertions
[MASTER] 18:00:18.246 [logback-1] WARN  SimpleMutationAssertionGenerator - Assertion minimization is taking too long (0.7366166666666667% of time used, but only 5/29 tests minimized), falling back to using all assertions
* Resulting test suite's mutation score: 15%
* Compiling and checking tests
* Writing tests to file
* Writing JUnit test case 'FastDatePrinter_ESTest' to evosuite-tests
* Done!

* Computation finished

