CMD: /usr/lib/jvm/java-8-openjdk-amd64/bin/java -Dtools_jar_location=/usr/lib/jvm/java-8-openjdk-amd64/lib/tools.jar -jar /home/pizza/evosuite/evosuite-1.2.0.jar -generateSuite -class com.fasterxml.jackson.databind.deser.impl.ObjectIdValueProperty -projectCP /home/pizza/evosuite/Test/JacksonDatabind-111b/target/classes:/home/pizza/defects4j/framework/projects/JacksonDatabind/lib/com/fasterxml/jackson/core/jackson-annotations/2.9.0/jackson-annotations-2.9.0.jar:/home/pizza/defects4j/framework/projects/JacksonDatabind/lib/com/fasterxml/jackson/core/jackson-core/2.9.9/jackson-core-2.9.9.jar -base_dir /home/pizza/evosuite/results/project-JacksonDatabind/JacksonDatabind-111/round02/evosuite-work -seed 11 -Dalgorithm=NSGAII -Dsearch_budget=150 -Dtest_format=JUNIT4 -Dassertions=true

* EvoSuite 1.2.0
* Going to generate test cases for class: com.fasterxml.jackson.databind.deser.impl.ObjectIdValueProperty
* Starting Client-0
* Connecting to master process on port 8222
* Analyzing classpath: 
  - /home/pizza/evosuite/Test/JacksonDatabind-111b/target/classes
  - /home/pizza/defects4j/framework/projects/JacksonDatabind/lib/com/fasterxml/jackson/core/jackson-annotations/2.9.0/jackson-annotations-2.9.0.jar
  - /home/pizza/defects4j/framework/projects/JacksonDatabind/lib/com/fasterxml/jackson/core/jackson-core/2.9.9/jackson-core-2.9.9.jar
* Finished analyzing classpath
* Generating tests for class com.fasterxml.jackson.databind.deser.impl.ObjectIdValueProperty
* Test criteria:
  - Line Coverage
  - Branch Coverage
  - Exception
  - Mutation testing (weak)
  - Method-Output Coverage
  - Top-Level Method Coverage
  - No-Exception Top-Level Method Coverage
  - Context Branch Coverage
* Setting up search algorithm for whole suite generation
* Total number of test goals: 
  - Line 34
  - Branch 17
  - Exception 0
  - MutationFactory 17
  - Output 56
  - Method 12
  - MethodNoException 12
  - CBranchFitnessFactory 17

[Progress:>                             0%] [Cov:>                                  0%]* Using seed 11
* Starting evolution
[MASTER] 07:17:21.254 [logback-1] WARN  TestCluster - Failed to check cache for java.util.HashMap<K, V> : Type points to itself
[MASTER] 07:17:21.435 [logback-1] WARN  TestCluster - Failed to check cache for java.util.LinkedList<E> : Type points to itself
[MASTER] 07:17:22.478 [logback-1] WARN  TestCluster - Failed to check cache for java.util.List<E> : Type points to itself

[Progress:>                             1%] [Cov:>                                  0%]
[Progress:>                             2%] [Cov:>                                  0%]
[Progress:>                             2%] [Cov:>                                  1%][MASTER] 07:17:24.692 [logback-1] WARN  TestCluster - Failed to check cache for com.fasterxml.jackson.databind.JsonDeserializer<T> : Type points to itself

[Progress:>                             2%] [Cov:>                                  2%]
[Progress:>                             2%] [Cov:====>                              13%]
[Progress:>                             2%] [Cov:====>                              14%]
[Progress:>                             2%] [Cov:=====>                             15%]
[Progress:>                             2%] [Cov:=====>                             17%][MASTER] 07:17:25.373 [logback-1] WARN  TestCluster - Failed to check cache for com.fasterxml.jackson.annotation.ObjectIdGenerator<T> : Type points to itself

[Progress:>                             2%] [Cov:======>                            19%]
[Progress:>                             2%] [Cov:=======>                           21%]
[Progress:>                             2%] [Cov:=======>                           22%][MASTER] 07:17:25.754 [logback-1] WARN  TestCluster - Failed to check cache for java.util.Enumeration<E> : Type points to itself

[Progress:>                             2%] [Cov:========>                          25%]
[Progress:>                             3%] [Cov:====>                              13%]
[Progress:>                             3%] [Cov:==========>                        29%]
[Progress:>                             3%] [Cov:==========>                        31%]
[Progress:>                             3%] [Cov:===========>                       33%]
[Progress:>                             3%] [Cov:===========>                       33%][MASTER] 07:17:26.742 [logback-1] WARN  TestChromosome - Functional mock problem: org.evosuite.ga.ConstructionFailedException: Invalid generic instance
[MASTER] 07:17:26.745 [logback-1] WARN  TestChromosome - Functional mock problem: org.evosuite.ga.ConstructionFailedException: Failed to add constructor for com.fasterxml.jackson.databind.DeserializationConfig due to org.evosuite.ga.ConstructionFailedException: Failed to add constructor for com.fasterxml.jackson.databind.cfg.BaseSettings due to org.evosuite.ga.ConstructionFailedException: Invalid generic instance
[MASTER] 07:17:26.845 [logback-1] WARN  TestChromosome - Functional mock problem: org.evosuite.ga.ConstructionFailedException: Failed to add constructor for com.fasterxml.jackson.databind.DeserializationConfig due to org.evosuite.ga.ConstructionFailedException: Failed to add constructor for com.fasterxml.jackson.databind.cfg.BaseSettings due to org.evosuite.ga.ConstructionFailedException: Max recursion depth reached

[Progress:=>                            4%] [Cov:=======>                           20%]
[Progress:=>                            4%] [Cov:=======>                           21%]
[Progress:=>                            4%] [Cov:=======>                           22%]
[Progress:=>                            4%] [Cov:===========>                       33%][MASTER] 07:17:27.169 [logback-1] WARN  TestChromosome - Functional mock problem: org.evosuite.ga.ConstructionFailedException: Failed to add constructor for com.fasterxml.jackson.databind.ser.BeanSerializerBuilder due to org.evosuite.ga.ConstructionFailedException: Failed to add constructor for com.fasterxml.jackson.databind.SerializationConfig due to org.evosuite.ga.ConstructionFailedException: Failed to add constructor for com.fasterxml.jackson.databind.cfg.BaseSettings due to org.evosuite.ga.ConstructionFailedException: Invalid generic instance

[Progress:=>                            4%] [Cov:===========>                       33%][MASTER] 07:17:27.376 [logback-1] WARN  TestChromosome - Functional mock problem: org.evosuite.ga.ConstructionFailedException: Failed to add constructor for com.fasterxml.jackson.databind.SerializationConfig due to org.evosuite.ga.ConstructionFailedException: Failed to add constructor for com.fasterxml.jackson.databind.cfg.BaseSettings due to org.evosuite.ga.ConstructionFailedException: Max recursion depth reached
[MASTER] 07:17:27.379 [logback-1] WARN  TestChromosome - Functional mock problem: org.evosuite.ga.ConstructionFailedException: Failed to add constructor for com.fasterxml.jackson.databind.ser.BeanSerializerBuilder due to org.evosuite.ga.ConstructionFailedException: Failed to add constructor for com.fasterxml.jackson.databind.DeserializationConfig due to org.evosuite.ga.ConstructionFailedException: Failed to add constructor for com.fasterxml.jackson.databind.cfg.BaseSettings due to org.evosuite.ga.ConstructionFailedException: Invalid generic instance

[Progress:=>                            4%] [Cov:============>                      35%]
[Progress:=>                            4%] [Cov:============>                      36%]
[Progress:=>                            4%] [Cov:===========>                       33%][MASTER] 07:17:27.720 [logback-1] WARN  TestChromosome - Functional mock problem: org.evosuite.ga.ConstructionFailedException: Failed to add constructor for com.fasterxml.jackson.databind.ser.BeanSerializerBuilder due to org.evosuite.ga.ConstructionFailedException: Failed to add constructor for com.fasterxml.jackson.databind.SerializationConfig due to org.evosuite.ga.ConstructionFailedException: Failed to add constructor for com.fasterxml.jackson.databind.cfg.BaseSettings due to org.evosuite.ga.ConstructionFailedException: Max recursion depth reached

[Progress:=>                            4%] [Cov:============>                      35%]
[Progress:=>                            4%] [Cov:============>                      36%]
[Progress:=>                            4%] [Cov:============>                      37%]
[Progress:=>                            4%] [Cov:===========>                       33%]
[Progress:=>                            4%] [Cov:============>                      36%][MASTER] 07:17:28.033 [logback-1] WARN  TestChromosome - Functional mock problem: org.evosuite.ga.ConstructionFailedException: Failed to add constructor for com.fasterxml.jackson.databind.ser.BeanSerializerBuilder due to org.evosuite.ga.ConstructionFailedException: Failed to add constructor for com.fasterxml.jackson.databind.DeserializationConfig due to org.evosuite.ga.ConstructionFailedException: Failed to add constructor for com.fasterxml.jackson.databind.cfg.BaseSettings due to org.evosuite.ga.ConstructionFailedException: Max recursion depth reached
[MASTER] 07:17:28.148 [logback-1] WARN  TestChromosome - Functional mock problem: org.evosuite.ga.ConstructionFailedException: Failed to add constructor for com.fasterxml.jackson.databind.ser.BeanSerializerBuilder due to org.evosuite.ga.ConstructionFailedException: Max recursion depth reached

[Progress:=>                            4%] [Cov:===========>                       33%]
[Progress:=>                            4%] [Cov:============>                      36%]
[Progress:=>                            4%] [Cov:============>                      37%][MASTER] 07:17:28.382 [logback-1] WARN  TestChromosome - Functional mock problem: org.evosuite.ga.ConstructionFailedException: Have no generator for class com.fasterxml.jackson.databind.introspect.BasicClassIntrospector canUseFunctionalMocks=false, canBeMocked: true

[Progress:=>                            4%] [Cov:============>                      37%]
[Progress:=>                            4%] [Cov:=============>                     38%]
[Progress:=>                            4%] [Cov:=============>                     39%]
[Progress:=>                            4%] [Cov:=============>                     39%]
[Progress:=>                            5%] [Cov:============>                      36%]
[Progress:=>                            5%] [Cov:============>                      37%]
[Progress:=>                            5%] [Cov:=============>                     39%]
[Progress:=>                            5%] [Cov:==============>                    40%]
[Progress:=>                            5%] [Cov:==============>                    41%]
[Progress:=>                            5%] [Cov:==============>                    41%][MASTER] 07:17:29.549 [logback-1] WARN  TestChromosome - Functional mock problem: org.evosuite.ga.ConstructionFailedException: Failed to add constructor for com.fasterxml.jackson.databind.ser.BeanSerializerBuilder due to org.evosuite.ga.ConstructionFailedException: Invalid generic instance
[MASTER] 07:17:29.580 [logback-1] WARN  TestChromosome - Functional mock problem: org.evosuite.ga.ConstructionFailedException: Failed to add constructor for com.fasterxml.jackson.databind.DeserializationConfig due to org.evosuite.ga.ConstructionFailedException: Failed to add constructor for com.fasterxml.jackson.databind.introspect.SimpleMixInResolver due to org.evosuite.ga.ConstructionFailedException: Failed to add constructor for com.fasterxml.jackson.databind.SerializationConfig due to org.evosuite.ga.ConstructionFailedException: Max recursion depth reached

[Progress:=>                            5%] [Cov:===============>                   43%]
[Progress:=>                            5%] [Cov:===============>                   44%][MASTER] 07:17:29.753 [logback-1] WARN  TestChromosome - Functional mock problem: org.evosuite.ga.ConstructionFailedException: Failed to add constructor for com.fasterxml.jackson.databind.ser.BeanSerializerBuilder due to org.evosuite.ga.ConstructionFailedException: Failed to add constructor for com.fasterxml.jackson.databind.DeserializationConfig due to org.evosuite.ga.ConstructionFailedException: Failed to add constructor for com.fasterxml.jackson.databind.introspect.SimpleMixInResolver due to org.evosuite.ga.ConstructionFailedException: Failed to add constructor for com.fasterxml.jackson.databind.SerializationConfig due to org.evosuite.ga.ConstructionFailedException: Max recursion depth reached

[Progress:=>                            5%] [Cov:===============>                   44%][MASTER] 07:17:29.873 [logback-1] WARN  TestChromosome - Functional mock problem: org.evosuite.ga.ConstructionFailedException: Failed to add constructor for com.fasterxml.jackson.databind.ser.BeanSerializerBuilder due to org.evosuite.ga.ConstructionFailedException: Have no generator for class com.fasterxml.jackson.databind.introspect.BasicClassIntrospector canUseFunctionalMocks=false, canBeMocked: true
[MASTER] 07:17:29.960 [logback-1] WARN  TestChromosome - Functional mock problem: org.evosuite.ga.ConstructionFailedException: Max recursion depth reached

[Progress:=>                            6%] [Cov:=============>                     39%]
[Progress:=>                            6%] [Cov:===============>                   44%][MASTER] 07:17:30.021 [logback-1] WARN  TestCluster - Failed to check cache for java.util.ArrayList<E> : Type points to itself
[MASTER] 07:17:30.093 [logback-1] WARN  TestChromosome - Functional mock problem: org.evosuite.ga.ConstructionFailedException: Have no generator for class com.fasterxml.jackson.databind.deser.DefaultDeserializationContext$Impl canUseFunctionalMocks=false, canBeMocked: true

[Progress:=>                            6%] [Cov:===============>                   44%][MASTER] 07:17:30.208 [logback-1] WARN  TestChromosome - Functional mock problem: org.evosuite.ga.ConstructionFailedException: Failed to add constructor for com.fasterxml.jackson.databind.deser.impl.ObjectIdValueProperty due to org.evosuite.ga.ConstructionFailedException: Failed to add constructor for com.fasterxml.jackson.databind.deser.impl.ObjectIdValueProperty due to org.evosuite.ga.ConstructionFailedException: Failed to add constructor for com.fasterxml.jackson.databind.deser.BeanDeserializer due to org.evosuite.ga.ConstructionFailedException: Max recursion depth reached

[Progress:=>                            6%] [Cov:===============>                   45%]
[Progress:=>                            6%] [Cov:================>                  46%]
[Progress:=>                            6%] [Cov:================>                  47%]
[Progress:=>                            6%] [Cov:================>                  47%]
[Progress:=>                            6%] [Cov:================>                  47%]
[Progress:=>                            6%] [Cov:================>                  47%]
[Progress:=>                            6%] [Cov:================>                  48%]
[Progress:=>                            6%] [Cov:=================>                 49%]
[Progress:=>                            6%] [Cov:=================>                 51%]
[Progress:=>                            6%] [Cov:==================>                52%][MASTER] 07:17:31.080 [logback-1] WARN  TestChromosome - Functional mock problem: org.evosuite.ga.ConstructionFailedException: Failed to add constructor for com.fasterxml.jackson.databind.SerializationConfig due to org.evosuite.ga.ConstructionFailedException: Failed to add constructor for com.fasterxml.jackson.databind.cfg.BaseSettings due to org.evosuite.ga.ConstructionFailedException: Invalid generic instance

[Progress:=>                            6%] [Cov:==================>                53%]
[Progress:=>                            6%] [Cov:==================>                53%]
[Progress:=>                            6%] [Cov:==================>                54%]
[Progress:=>                            6%] [Cov:=================>                 51%]
[Progress:=>                            6%] [Cov:==================>                53%]
[Progress:=>                            6%] [Cov:==================>                54%]
[Progress:=>                            6%] [Cov:===================>               55%]
[Progress:=>                            6%] [Cov:=================>                 51%]
[Progress:=>                            6%] [Cov:==================>                53%][MASTER] 07:17:31.873 [logback-1] WARN  TestChromosome - Functional mock problem: org.evosuite.ga.ConstructionFailedException: Failed to add constructor for com.fasterxml.jackson.databind.SerializationConfig due to org.evosuite.ga.ConstructionFailedException: Max recursion depth reached

[Progress:=>                            6%] [Cov:==================>                54%]
[Progress:=>                            6%] [Cov:===================>               55%]
[Progress:==>                           7%] [Cov:================>                  47%]
[Progress:==>                           7%] [Cov:=================>                 51%]
[Progress:==>                           7%] [Cov:==================>                52%]
[Progress:==>                           7%] [Cov:==================>                53%]
[Progress:==>                           7%] [Cov:==================>                54%]
[Progress:==>                           7%] [Cov:===================>               56%]
[Progress:==>                           7%] [Cov:=================>                 51%]
[Progress:==>                           7%] [Cov:===================>               55%]
[Progress:==>                           7%] [Cov:===================>               56%]
[Progress:==>                           7%] [Cov:=================>                 51%]
[Progress:==>                           7%] [Cov:==================>                53%]
[Progress:==>                           7%] [Cov:==================>                54%]
[Progress:==>                           7%] [Cov:===================>               55%]
[Progress:==>                           7%] [Cov:===================>               56%]
[Progress:==>                           7%] [Cov:=================>                 51%]
[Progress:==>                           7%] [Cov:===================>               55%]
[Progress:==>                           7%] [Cov:===================>               56%]
[Progress:==>                           7%] [Cov:=================>                 51%]
[Progress:==>                           7%] [Cov:===================>               55%]
[Progress:==>                           7%] [Cov:===================>               56%]
[Progress:==>                           8%] [Cov:=================>                 51%]
[Progress:==>                           8%] [Cov:==================>                53%]
[Progress:==>                           8%] [Cov:===================>               55%]
[Progress:==>                           8%] [Cov:===================>               56%]
[Progress:==>                           8%] [Cov:=================>                 51%]
[Progress:==>                           8%] [Cov:==================>                54%]
[Progress:==>                           8%] [Cov:===================>               56%]
[Progress:==>                           8%] [Cov:===================>               57%]
[Progress:==>                           8%] [Cov:====================>              58%]
[Progress:==>                           8%] [Cov:====================>              59%]
[Progress:==>                           8%] [Cov:=====================>             60%]
[Progress:==>                           8%] [Cov:=====================>             61%]
[Progress:==>                           8%] [Cov:=====================>             60%]
[Progress:==>                           8%] [Cov:=====================>             60%]
[Progress:==>                           8%] [Cov:=====================>             61%]
[Progress:==>                           8%] [Cov:=====================>             60%]
[Progress:==>                           8%] [Cov:=====================>             61%]
[Progress:==>                           8%] [Cov:=====================>             62%]
[Progress:==>                           8%] [Cov:======================>            63%][MASTER] 07:17:34.191 [logback-1] WARN  TestCluster - Failed to check cache for java.util.TreeSet<E> : Type points to itself

[Progress:==>                           8%] [Cov:======================>            63%]
[Progress:==>                           8%] [Cov:======================>            63%]
[Progress:==>                           8%] [Cov:======================>            64%]
[Progress:==>                           8%] [Cov:======================>            65%]
[Progress:==>                           8%] [Cov:======================>            63%]
[Progress:==>                           8%] [Cov:======================>            65%]
[Progress:==>                           9%] [Cov:======================>            64%]
[Progress:==>                           9%] [Cov:======================>            65%]
[Progress:==>                           9%] [Cov:======================>            63%]
[Progress:==>                           9%] [Cov:======================>            65%]
[Progress:==>                           9%] [Cov:======================>            63%]
[Progress:==>                           9%] [Cov:======================>            65%]
[Progress:==>                           9%] [Cov:=======================>           66%]
[Progress:==>                           9%] [Cov:=======================>           67%]
[Progress:==>                           9%] [Cov:=======================>           68%]
[Progress:==>                           9%] [Cov:=======================>           68%]
[Progress:==>                           9%] [Cov:=======================>           68%]
[Progress:==>                           9%] [Cov:=======================>           68%]
[Progress:===>                          10%] [Cov:=======================>           67%]
[Progress:===>                          10%] [Cov:=======================>           68%]
[Progress:===>                          10%] [Cov:=======================>           68%]
[Progress:===>                          10%] [Cov:========================>          69%]
[Progress:===>                          10%] [Cov:========================>          69%]
[Progress:===>                          10%] [Cov:=======================>           68%]
[Progress:===>                          10%] [Cov:========================>          69%]
[Progress:===>                          10%] [Cov:=======================>           68%]
[Progress:===>                          10%] [Cov:========================>          69%]
[Progress:===>                          10%] [Cov:=======================>           68%]
[Progress:===>                          10%] [Cov:========================>          69%]
[Progress:===>                          10%] [Cov:=======================>           68%]
[Progress:===>                          10%] [Cov:========================>          69%]
[Progress:===>                          10%] [Cov:========================>          69%]
[Progress:===>                          10%] [Cov:========================>          69%]
[Progress:===>                          11%] [Cov:========================>          69%]
[Progress:===>                          11%] [Cov:========================>          69%]
[Progress:===>                          11%] [Cov:========================>          69%]
[Progress:===>                          11%] [Cov:========================>          69%]
[Progress:===>                          12%] [Cov:========================>          69%]
[Progress:===>                          12%] [Cov:========================>          69%]
[Progress:===>                          12%] [Cov:========================>          69%]
[Progress:===>                          12%] [Cov:========================>          69%]
[Progress:===>                          12%] [Cov:========================>          69%]
[Progress:===>                          12%] [Cov:========================>          69%]
[Progress:===>                          12%] [Cov:========================>          69%]
[Progress:===>                          12%] [Cov:========================>          69%]
[Progress:===>                          13%] [Cov:========================>          69%]
[Progress:===>                          13%] [Cov:========================>          69%]
[Progress:===>                          13%] [Cov:========================>          69%]
[Progress:===>                          13%] [Cov:========================>          69%]
[Progress:===>                          13%] [Cov:========================>          69%]
[Progress:====>                         14%] [Cov:========================>          69%]
[Progress:====>                         14%] [Cov:========================>          69%]
[Progress:====>                         14%] [Cov:========================>          69%]
[Progress:====>                         14%] [Cov:========================>          69%]
[Progress:====>                         14%] [Cov:========================>          69%]
[Progress:====>                         14%] [Cov:========================>          69%]
[Progress:====>                         14%] [Cov:========================>          69%]
[Progress:====>                         14%] [Cov:========================>          69%]
[Progress:====>                         14%] [Cov:========================>          69%]
[Progress:====>                         15%] [Cov:========================>          69%]
[Progress:====>                         15%] [Cov:========================>          69%]
[Progress:====>                         15%] [Cov:========================>          69%]
[Progress:====>                         15%] [Cov:========================>          69%]
[Progress:====>                         15%] [Cov:========================>          69%]
[Progress:====>                         16%] [Cov:========================>          69%]
[Progress:====>                         16%] [Cov:========================>          69%]
[Progress:====>                         16%] [Cov:========================>          69%]
[Progress:====>                         16%] [Cov:========================>          70%]
[Progress:====>                         16%] [Cov:========================>          71%]
[Progress:====>                         16%] [Cov:=========================>         72%]
[Progress:====>                         16%] [Cov:=========================>         73%]
[Progress:====>                         16%] [Cov:=========================>         73%]
[Progress:====>                         16%] [Cov:=========================>         73%]
[Progress:====>                         16%] [Cov:=========================>         73%]
[Progress:====>                         16%] [Cov:=========================>         73%]
[Progress:====>                         16%] [Cov:=========================>         72%]
[Progress:====>                         16%] [Cov:=========================>         73%]
[Progress:====>                         16%] [Cov:=========================>         73%]
[Progress:=====>                        17%] [Cov:=========================>         73%]
[Progress:=====>                        17%] [Cov:=========================>         73%]
[Progress:=====>                        17%] [Cov:=========================>         73%]
[Progress:=====>                        17%] [Cov:=========================>         73%]
[Progress:=====>                        18%] [Cov:=========================>         73%]
[Progress:=====>                        18%] [Cov:=========================>         73%]
[Progress:=====>                        18%] [Cov:=========================>         73%]
[Progress:=====>                        18%] [Cov:=========================>         73%]
[Progress:=====>                        18%] [Cov:=========================>         73%]
[Progress:=====>                        18%] [Cov:=========================>         73%]
[Progress:=====>                        18%] [Cov:=========================>         73%]
[Progress:=====>                        19%] [Cov:=========================>         73%]
[Progress:=====>                        19%] [Cov:=========================>         73%]
[Progress:=====>                        19%] [Cov:=========================>         73%]
[Progress:=====>                        19%] [Cov:=========================>         73%]
[Progress:======>                       20%] [Cov:========================>          69%]
[Progress:======>                       20%] [Cov:=========================>         73%]
[Progress:======>                       20%] [Cov:=========================>         73%]
[Progress:======>                       20%] [Cov:=========================>         73%]
[Progress:======>                       20%] [Cov:=========================>         73%]
[Progress:======>                       20%] [Cov:=========================>         73%]
[Progress:======>                       20%] [Cov:=========================>         73%]
[Progress:======>                       20%] [Cov:=========================>         73%]
[Progress:======>                       21%] [Cov:=========================>         73%]
[Progress:======>                       21%] [Cov:=========================>         73%]
[Progress:======>                       21%] [Cov:=========================>         73%]
[Progress:======>                       21%] [Cov:=========================>         73%]
[Progress:======>                       22%] [Cov:=========================>         73%]
[Progress:======>                       22%] [Cov:=========================>         73%]
[Progress:======>                       22%] [Cov:=========================>         73%]
[Progress:======>                       22%] [Cov:=========================>         73%]
[Progress:======>                       22%] [Cov:=========================>         73%]
[Progress:======>                       22%] [Cov:=========================>         73%]
[Progress:======>                       22%] [Cov:=========================>         73%]
[Progress:======>                       23%] [Cov:=========================>         73%]
[Progress:======>                       23%] [Cov:=========================>         73%]
[Progress:======>                       23%] [Cov:=========================>         73%]
[Progress:======>                       23%] [Cov:=========================>         73%]
[Progress:=======>                      24%] [Cov:=========================>         73%]
[Progress:=======>                      24%] [Cov:=========================>         73%]
[Progress:=======>                      24%] [Cov:=========================>         73%]
[Progress:=======>                      24%] [Cov:=========================>         73%][MASTER] 07:17:57.927 [logback-1] WARN  TestCluster - Failed to check cache for com.fasterxml.jackson.databind.JsonSerializer<T> : Type points to itself

[Progress:=======>                      24%] [Cov:=========================>         73%]
[Progress:=======>                      24%] [Cov:=========================>         73%]
[Progress:=======>                      24%] [Cov:=========================>         73%]
[Progress:=======>                      24%] [Cov:=========================>         73%]
[Progress:=======>                      25%] [Cov:=========================>         73%]
[Progress:=======>                      25%] [Cov:=========================>         73%]
[Progress:=======>                      25%] [Cov:=========================>         73%]
[Progress:=======>                      25%] [Cov:=========================>         73%]
[Progress:=======>                      25%] [Cov:=========================>         73%]
[Progress:=======>                      26%] [Cov:=========================>         73%]
[Progress:=======>                      26%] [Cov:=========================>         73%]
[Progress:=======>                      26%] [Cov:=========================>         73%]
[Progress:=======>                      26%] [Cov:=========================>         73%]
[Progress:=======>                      26%] [Cov:=========================>         72%]
[Progress:=======>                      26%] [Cov:=========================>         73%]
[Progress:=======>                      26%] [Cov:=========================>         72%]
[Progress:=======>                      26%] [Cov:=========================>         73%]
[Progress:=======>                      26%] [Cov:=========================>         72%]
[Progress:=======>                      26%] [Cov:=========================>         73%]
[Progress:========>                     27%] [Cov:=========================>         73%]
[Progress:========>                     27%] [Cov:=========================>         72%]
[Progress:========>                     27%] [Cov:=========================>         73%]
[Progress:========>                     27%] [Cov:=========================>         72%]
[Progress:========>                     27%] [Cov:=========================>         73%]
[Progress:========>                     27%] [Cov:=========================>         73%]
[Progress:========>                     27%] [Cov:=========================>         73%]
[Progress:========>                     28%] [Cov:=========================>         73%]
[Progress:========>                     28%] [Cov:=========================>         73%]
[Progress:========>                     28%] [Cov:=========================>         73%]
[Progress:========>                     28%] [Cov:=========================>         73%]
[Progress:========>                     28%] [Cov:=========================>         73%]
[Progress:========>                     28%] [Cov:=========================>         72%]
[Progress:========>                     28%] [Cov:=========================>         73%]
[Progress:========>                     28%] [Cov:=========================>         72%]
[Progress:========>                     28%] [Cov:=========================>         73%]
[Progress:========>                     28%] [Cov:=========================>         72%]
[Progress:========>                     28%] [Cov:=========================>         73%]
[Progress:========>                     29%] [Cov:=========================>         73%]
[Progress:========>                     29%] [Cov:=========================>         72%]
[Progress:========>                     29%] [Cov:=========================>         73%]
[Progress:========>                     29%] [Cov:=========================>         72%]
[Progress:========>                     29%] [Cov:=========================>         73%]
[Progress:========>                     29%] [Cov:=========================>         72%]
[Progress:========>                     29%] [Cov:=========================>         73%]
[Progress:========>                     29%] [Cov:=========================>         72%]
[Progress:========>                     29%] [Cov:=========================>         73%]
[Progress:=========>                    30%] [Cov:===>                               11%]
[Progress:=========>                    30%] [Cov:=========================>         73%]
[Progress:=========>                    30%] [Cov:=========================>         72%]
[Progress:=========>                    30%] [Cov:=========================>         73%]
[Progress:=========>                    30%] [Cov:=========================>         72%]
[Progress:=========>                    30%] [Cov:=========================>         73%]
[Progress:=========>                    30%] [Cov:=========================>         72%]
[Progress:=========>                    30%] [Cov:=========================>         73%][MASTER] 07:18:06.966 [logback-1] WARN  TestCluster - Failed to check cache for java.util.LinkedHashSet<E> : Type points to itself

[Progress:=========>                    30%] [Cov:=========================>         72%]
[Progress:=========>                    30%] [Cov:=========================>         73%]
[Progress:=========>                    30%] [Cov:=========================>         72%]
[Progress:=========>                    30%] [Cov:=========================>         73%]
[Progress:=========>                    30%] [Cov:=========================>         72%]
[Progress:=========>                    30%] [Cov:=========================>         73%]
[Progress:=========>                    31%] [Cov:=========================>         73%]
[Progress:=========>                    31%] [Cov:=========================>         72%]
[Progress:=========>                    31%] [Cov:=========================>         73%]
[Progress:=========>                    31%] [Cov:=========================>         72%]
[Progress:=========>                    31%] [Cov:=========================>         73%]
[Progress:=========>                    31%] [Cov:=========================>         72%]
[Progress:=========>                    31%] [Cov:=========================>         73%]
[Progress:=========>                    31%] [Cov:=========================>         74%]
[Progress:=========>                    31%] [Cov:=========================>         74%]
[Progress:=========>                    32%] [Cov:=========================>         72%]
[Progress:=========>                    32%] [Cov:=========================>         73%]
[Progress:=========>                    32%] [Cov:=========================>         74%]
[Progress:=========>                    32%] [Cov:=========================>         74%][MASTER] 07:18:09.149 [logback-1] WARN  TestCluster - Failed to check cache for java.util.Collection<E> : Type points to itself

[Progress:=========>                    32%] [Cov:=========================>         74%]
[Progress:=========>                    32%] [Cov:=========================>         74%]
[Progress:=========>                    32%] [Cov:=========================>         74%]
[Progress:=========>                    32%] [Cov:=========================>         74%]
[Progress:=========>                    32%] [Cov:=========================>         74%]
[Progress:=========>                    33%] [Cov:=========================>         74%]
[Progress:=========>                    33%] [Cov:=========================>         72%]
[Progress:=========>                    33%] [Cov:=========================>         74%]
[Progress:=========>                    33%] [Cov:=========================>         74%]
[Progress:=========>                    33%] [Cov:=========================>         74%]
[Progress:==========>                   34%] [Cov:=========================>         74%]
[Progress:==========>                   34%] [Cov:=========================>         74%]
[Progress:==========>                   34%] [Cov:=========================>         74%]
[Progress:==========>                   34%] [Cov:=========================>         72%]
[Progress:==========>                   34%] [Cov:=========================>         74%]
[Progress:==========>                   34%] [Cov:=========================>         72%]
[Progress:==========>                   34%] [Cov:=========================>         74%]
[Progress:==========>                   34%] [Cov:=========================>         74%]
[Progress:==========>                   34%] [Cov:=========================>         74%]
[Progress:==========>                   35%] [Cov:=========================>         74%]
[Progress:==========>                   35%] [Cov:=========================>         74%]
[Progress:==========>                   35%] [Cov:=========================>         74%]
[Progress:==========>                   35%] [Cov:=========================>         74%]
[Progress:==========>                   36%] [Cov:=========================>         74%]
[Progress:==========>                   36%] [Cov:=========================>         74%]
[Progress:==========>                   36%] [Cov:=========================>         74%]
[Progress:==========>                   36%] [Cov:=========================>         74%]
[Progress:==========>                   36%] [Cov:=========================>         74%]
[Progress:==========>                   36%] [Cov:=========================>         72%]
[Progress:==========>                   36%] [Cov:=========================>         74%]
[Progress:===========>                  37%] [Cov:=========================>         72%]
[Progress:===========>                  37%] [Cov:=========================>         74%]
[Progress:===========>                  37%] [Cov:=========================>         72%]
[Progress:===========>                  37%] [Cov:=========================>         74%]
[Progress:===========>                  37%] [Cov:=========================>         72%]
[Progress:===========>                  37%] [Cov:=========================>         74%]
[Progress:===========>                  37%] [Cov:=========================>         72%]
[Progress:===========>                  37%] [Cov:=========================>         74%][MASTER] 07:18:17.863 [logback-1] WARN  TestCluster - Failed to check cache for java.util.Comparator<T> : Type points to itself

[Progress:===========>                  38%] [Cov:=========================>         74%]
[Progress:===========>                  38%] [Cov:=========================>         72%]
[Progress:===========>                  38%] [Cov:=========================>         74%]
[Progress:===========>                  38%] [Cov:=========================>         72%]
[Progress:===========>                  38%] [Cov:=========================>         74%]
[Progress:===========>                  38%] [Cov:=========================>         72%]
[Progress:===========>                  38%] [Cov:=========================>         74%]
[Progress:===========>                  38%] [Cov:=========================>         72%]
[Progress:===========>                  38%] [Cov:=========================>         74%]
[Progress:===========>                  38%] [Cov:=========================>         72%]
[Progress:===========>                  38%] [Cov:=========================>         74%]
[Progress:===========>                  38%] [Cov:=========================>         74%]
[Progress:===========>                  39%] [Cov:=========================>         74%]
[Progress:===========>                  39%] [Cov:=========================>         74%]
[Progress:===========>                  39%] [Cov:=========================>         74%]
[Progress:===========>                  39%] [Cov:=========================>         74%]
[Progress:============>                 40%] [Cov:=========================>         74%]
[Progress:============>                 40%] [Cov:=========================>         74%]
[Progress:============>                 40%] [Cov:=========================>         74%]
[Progress:============>                 40%] [Cov:=========================>         74%]
[Progress:============>                 40%] [Cov:=========================>         74%]
[Progress:============>                 40%] [Cov:=========================>         74%]
[Progress:============>                 40%] [Cov:=========================>         74%]
[Progress:============>                 41%] [Cov:=========================>         74%]
[Progress:============>                 41%] [Cov:=========================>         74%]
[Progress:============>                 41%] [Cov:=========================>         72%]
[Progress:============>                 41%] [Cov:=========================>         74%]
[Progress:============>                 41%] [Cov:=========================>         72%]
[Progress:============>                 41%] [Cov:=========================>         74%]
[Progress:============>                 42%] [Cov:=========================>         74%]
[Progress:============>                 42%] [Cov:=========================>         72%]
[Progress:============>                 42%] [Cov:=========================>         74%]
[Progress:============>                 42%] [Cov:=========================>         72%]
[Progress:============>                 42%] [Cov:=========================>         74%]
[Progress:============>                 42%] [Cov:=========================>         74%]
[Progress:============>                 42%] [Cov:=========================>         74%]
[Progress:============>                 42%] [Cov:=========================>         74%]
[Progress:============>                 42%] [Cov:=========================>         74%]
[Progress:============>                 43%] [Cov:=========================>         74%]
[Progress:============>                 43%] [Cov:=========================>         74%]
[Progress:============>                 43%] [Cov:==========================>        75%]
[Progress:============>                 43%] [Cov:==========================>        75%]
[Progress:============>                 43%] [Cov:==========================>        75%]
[Progress:=============>                44%] [Cov:=========================>         74%]
[Progress:=============>                44%] [Cov:==========================>        75%]
[Progress:=============>                44%] [Cov:==========================>        75%]
[Progress:=============>                44%] [Cov:==========================>        75%]
[Progress:=============>                44%] [Cov:=========================>         72%]
[Progress:=============>                44%] [Cov:==========================>        75%]
[Progress:=============>                44%] [Cov:=========================>         72%]
[Progress:=============>                44%] [Cov:==========================>        75%]
[Progress:=============>                45%] [Cov:==========================>        75%]
[Progress:=============>                45%] [Cov:=========================>         72%]
[Progress:=============>                45%] [Cov:==========================>        75%]
[Progress:=============>                45%] [Cov:=========================>         72%]
[Progress:=============>                45%] [Cov:==========================>        75%]
[Progress:=============>                45%] [Cov:=========================>         72%]
[Progress:=============>                45%] [Cov:==========================>        75%]
[Progress:=============>                46%] [Cov:==========================>        75%]
[Progress:=============>                46%] [Cov:=========================>         72%]
[Progress:=============>                46%] [Cov:==========================>        75%]
[Progress:=============>                46%] [Cov:=========================>         72%]
[Progress:=============>                46%] [Cov:==========================>        75%]
[Progress:=============>                46%] [Cov:=========================>         72%]
[Progress:=============>                46%] [Cov:==========================>        75%]
[Progress:=============>                46%] [Cov:=========================>         72%]
[Progress:=============>                46%] [Cov:==========================>        75%]
[Progress:==============>               47%] [Cov:==========================>        75%]
[Progress:==============>               47%] [Cov:=========================>         72%]
[Progress:==============>               47%] [Cov:==========================>        75%]
[Progress:==============>               47%] [Cov:=========================>         72%]
[Progress:==============>               47%] [Cov:==========================>        75%]
[Progress:==============>               47%] [Cov:=========================>         72%]
[Progress:==============>               47%] [Cov:==========================>        75%]
[Progress:==============>               48%] [Cov:==========================>        75%]
[Progress:==============>               48%] [Cov:=========================>         72%]
[Progress:==============>               48%] [Cov:==========================>        75%]
[Progress:==============>               48%] [Cov:=========================>         72%]
[Progress:==============>               48%] [Cov:==========================>        75%]
[Progress:==============>               48%] [Cov:=========================>         72%]
[Progress:==============>               48%] [Cov:==========================>        75%]
[Progress:==============>               48%] [Cov:=========================>         72%]
[Progress:==============>               48%] [Cov:==========================>        75%][MASTER] 07:18:34.722 [logback-1] WARN  TestChromosome - Functional mock problem: org.evosuite.ga.ConstructionFailedException: Failed to add constructor for com.fasterxml.jackson.databind.ser.BeanSerializerBuilder due to org.evosuite.ga.ConstructionFailedException: Failed to add constructor for com.fasterxml.jackson.databind.type.ResolvedRecursiveType due to org.evosuite.ga.ConstructionFailedException: Max recursion depth reached

[Progress:==============>               49%] [Cov:==========================>        75%]
[Progress:==============>               49%] [Cov:=========================>         72%]
[Progress:==============>               49%] [Cov:==========================>        75%][MASTER] 07:18:35.092 [logback-1] WARN  TestCluster - Failed to check cache for java.util.Vector<E> : Type points to itself

[Progress:==============>               49%] [Cov:=========================>         72%]
[Progress:==============>               49%] [Cov:==========================>        75%]
[Progress:==============>               49%] [Cov:=========================>         72%]
[Progress:==============>               49%] [Cov:==========================>        75%]
[Progress:===============>              50%] [Cov:==========================>        75%]
[Progress:===============>              50%] [Cov:=========================>         72%]
[Progress:===============>              50%] [Cov:==========================>        75%]
[Progress:===============>              50%] [Cov:=========================>         72%]
[Progress:===============>              50%] [Cov:==========================>        75%]
[Progress:===============>              50%] [Cov:=========================>         72%]
[Progress:===============>              50%] [Cov:==========================>        75%]
[Progress:===============>              50%] [Cov:=========================>         72%]
[Progress:===============>              50%] [Cov:==========================>        75%]
[Progress:===============>              51%] [Cov:==========================>        75%]
[Progress:===============>              51%] [Cov:=========================>         72%]
[Progress:===============>              51%] [Cov:==========================>        75%][MASTER] 07:18:38.674 [logback-1] WARN  TestCluster - Failed to check cache for java.util.ArrayDeque<E> : Type points to itself

[Progress:===============>              51%] [Cov:=========================>         72%]
[Progress:===============>              51%] [Cov:==========================>        75%]
[Progress:===============>              52%] [Cov:==========================>        75%]
[Progress:===============>              52%] [Cov:=========================>         72%]
[Progress:===============>              52%] [Cov:==========================>        75%]
[Progress:===============>              52%] [Cov:=========================>         72%]
[Progress:===============>              52%] [Cov:==========================>        75%]
[Progress:===============>              52%] [Cov:=========================>         72%]
[Progress:===============>              52%] [Cov:==========================>        75%]
[Progress:===============>              52%] [Cov:=========================>         72%]
[Progress:===============>              52%] [Cov:==========================>        75%]
[Progress:===============>              53%] [Cov:=========================>         73%]
[Progress:===============>              53%] [Cov:=========================>         74%]
[Progress:===============>              53%] [Cov:==========================>        75%]
[Progress:===============>              53%] [Cov:=========================>         72%]
[Progress:===============>              53%] [Cov:==========================>        75%]
[Progress:===============>              53%] [Cov:=========================>         72%]
[Progress:===============>              53%] [Cov:==========================>        75%]
[Progress:===============>              53%] [Cov:=========================>         72%]
[Progress:===============>              53%] [Cov:==========================>        75%]
[Progress:================>             54%] [Cov:==========================>        75%]
[Progress:================>             54%] [Cov:=========================>         72%]
[Progress:================>             54%] [Cov:==========================>        75%]
[Progress:================>             54%] [Cov:=========================>         72%]
[Progress:================>             54%] [Cov:==========================>        75%]
[Progress:================>             54%] [Cov:=========================>         72%]
[Progress:================>             54%] [Cov:==========================>        75%]
[Progress:================>             54%] [Cov:=========================>         72%]
[Progress:================>             54%] [Cov:==========================>        75%]
[Progress:================>             55%] [Cov:==========================>        75%]
[Progress:================>             55%] [Cov:=========================>         72%]
[Progress:================>             55%] [Cov:==========================>        75%]
[Progress:================>             55%] [Cov:=========================>         72%]
[Progress:================>             55%] [Cov:==========================>        75%]
[Progress:================>             55%] [Cov:=========================>         72%]
[Progress:================>             55%] [Cov:==========================>        75%]
[Progress:================>             56%] [Cov:==========================>        75%]
[Progress:================>             56%] [Cov:=========================>         72%]
[Progress:================>             56%] [Cov:=========================>         74%]
[Progress:================>             56%] [Cov:==========================>        75%]
[Progress:================>             56%] [Cov:=========================>         72%]
[Progress:================>             56%] [Cov:==========================>        75%]
[Progress:================>             56%] [Cov:=========================>         72%]
[Progress:================>             56%] [Cov:==========================>        75%]
[Progress:================>             56%] [Cov:=========================>         72%]
[Progress:================>             56%] [Cov:==========================>        75%]
[Progress:=================>            57%] [Cov:========================>          69%]
[Progress:=================>            57%] [Cov:=========================>         74%]
[Progress:=================>            57%] [Cov:==========================>        75%]
[Progress:=================>            57%] [Cov:=========================>         72%]
[Progress:=================>            57%] [Cov:==========================>        75%]
[Progress:=================>            57%] [Cov:=========================>         72%]
[Progress:=================>            57%] [Cov:==========================>        75%]
[Progress:=================>            57%] [Cov:=========================>         72%]
[Progress:=================>            57%] [Cov:==========================>        75%]
[Progress:=================>            58%] [Cov:==========================>        75%]
[Progress:=================>            58%] [Cov:=========================>         72%]
[Progress:=================>            58%] [Cov:==========================>        75%]
[Progress:=================>            58%] [Cov:=========================>         72%]
[Progress:=================>            58%] [Cov:=========================>         74%]
[Progress:=================>            58%] [Cov:==========================>        75%]
[Progress:=================>            58%] [Cov:=========================>         72%]
[Progress:=================>            58%] [Cov:==========================>        75%]
[Progress:=================>            58%] [Cov:=========================>         72%]
[Progress:=================>            58%] [Cov:==========================>        75%]
[Progress:=================>            59%] [Cov:==========================>        75%]
[Progress:=================>            59%] [Cov:=========================>         72%]
[Progress:=================>            59%] [Cov:==========================>        75%]
[Progress:=================>            59%] [Cov:=========================>         72%]
[Progress:=================>            59%] [Cov:==========================>        75%]
[Progress:==================>           60%] [Cov:==========================>        75%]
[Progress:==================>           60%] [Cov:=========================>         72%]
[Progress:==================>           60%] [Cov:==========================>        75%]
[Progress:==================>           60%] [Cov:=========================>         72%]
[Progress:==================>           60%] [Cov:==========================>        75%]
[Progress:==================>           60%] [Cov:=========================>         72%]
[Progress:==================>           60%] [Cov:==========================>        75%]
[Progress:==================>           60%] [Cov:=========================>         72%]
[Progress:==================>           60%] [Cov:==========================>        75%]
[Progress:==================>           60%] [Cov:=========================>         72%]
[Progress:==================>           60%] [Cov:==========================>        75%]
[Progress:==================>           61%] [Cov:==========================>        75%]
[Progress:==================>           61%] [Cov:=========================>         72%]
[Progress:==================>           61%] [Cov:==========================>        75%]
[Progress:==================>           61%] [Cov:=========================>         72%]
[Progress:==================>           61%] [Cov:==========================>        75%]
[Progress:==================>           62%] [Cov:========================>          69%]
[Progress:==================>           62%] [Cov:==========================>        75%]
[Progress:==================>           62%] [Cov:=========================>         72%]
[Progress:==================>           62%] [Cov:==========================>        75%]
[Progress:==================>           62%] [Cov:=========================>         72%]
[Progress:==================>           62%] [Cov:==========================>        75%]
[Progress:==================>           62%] [Cov:=========================>         72%]
[Progress:==================>           62%] [Cov:==========================>        75%]
[Progress:==================>           62%] [Cov:=========================>         72%]
[Progress:==================>           62%] [Cov:==========================>        75%]
[Progress:==================>           62%] [Cov:=========================>         72%]
[Progress:==================>           62%] [Cov:==========================>        75%]
[Progress:==================>           63%] [Cov:==========================>        75%]
[Progress:==================>           63%] [Cov:=========================>         72%]
[Progress:==================>           63%] [Cov:==========================>        75%]
[Progress:==================>           63%] [Cov:=========================>         72%]
[Progress:==================>           63%] [Cov:==========================>        75%]
[Progress:===================>          64%] [Cov:==========================>        75%]
[Progress:===================>          64%] [Cov:=========================>         72%]
[Progress:===================>          64%] [Cov:==========================>        75%]
[Progress:===================>          64%] [Cov:=========================>         72%]
[Progress:===================>          64%] [Cov:==========================>        75%]
[Progress:===================>          64%] [Cov:=========================>         72%]
[Progress:===================>          64%] [Cov:==========================>        75%]
[Progress:===================>          64%] [Cov:=========================>         72%]
[Progress:===================>          64%] [Cov:==========================>        75%]
[Progress:===================>          64%] [Cov:=========================>         72%]
[Progress:===================>          64%] [Cov:==========================>        75%]
[Progress:===================>          65%] [Cov:==========================>        75%]
[Progress:===================>          65%] [Cov:=========================>         72%]
[Progress:===================>          65%] [Cov:==========================>        75%]
[Progress:===================>          65%] [Cov:=========================>         72%]
[Progress:===================>          65%] [Cov:==========================>        75%]
[Progress:===================>          66%] [Cov:=========================>         72%]
[Progress:===================>          66%] [Cov:==========================>        75%]
[Progress:===================>          66%] [Cov:=========================>         72%]
[Progress:===================>          66%] [Cov:==========================>        75%]
[Progress:===================>          66%] [Cov:=========================>         72%]
[Progress:===================>          66%] [Cov:==========================>        75%]
[Progress:===================>          66%] [Cov:=========================>         72%]
[Progress:===================>          66%] [Cov:==========================>        75%]
[Progress:===================>          66%] [Cov:=========================>         72%]
[Progress:===================>          66%] [Cov:==========================>        75%]
[Progress:===================>          66%] [Cov:=========================>         72%]
[Progress:====================>         67%] [Cov:==========================>        75%]
[Progress:====================>         67%] [Cov:=========================>         72%]
[Progress:====================>         67%] [Cov:==========================>        75%]
[Progress:====================>         67%] [Cov:=========================>         72%]
[Progress:====================>         67%] [Cov:==========================>        75%]
[Progress:====================>         68%] [Cov:==========================>        75%]
[Progress:====================>         68%] [Cov:=========================>         72%]
[Progress:====================>         68%] [Cov:==========================>        75%]
[Progress:====================>         68%] [Cov:=========================>         72%]
[Progress:====================>         68%] [Cov:==========================>        75%]
[Progress:====================>         68%] [Cov:=========================>         72%]
[Progress:====================>         68%] [Cov:==========================>        75%]
[Progress:====================>         68%] [Cov:=========================>         72%]
[Progress:====================>         68%] [Cov:==========================>        75%]
[Progress:====================>         68%] [Cov:=========================>         72%]
[Progress:====================>         68%] [Cov:==========================>        75%]
[Progress:====================>         69%] [Cov:==========================>        75%]
[Progress:====================>         69%] [Cov:=========================>         72%]
[Progress:====================>         69%] [Cov:==========================>        75%]
[Progress:====================>         69%] [Cov:=========================>         72%]
[Progress:====================>         69%] [Cov:==========================>        75%]
[Progress:=====================>        70%] [Cov:==========================>        75%]
[Progress:=====================>        70%] [Cov:=========================>         72%]
[Progress:=====================>        70%] [Cov:==========================>        75%]
[Progress:=====================>        70%] [Cov:=========================>         72%]
[Progress:=====================>        70%] [Cov:==========================>        75%]
[Progress:=====================>        70%] [Cov:=========================>         72%]
[Progress:=====================>        70%] [Cov:==========================>        75%]
[Progress:=====================>        70%] [Cov:=========================>         72%]
[Progress:=====================>        70%] [Cov:==========================>        75%]
[Progress:=====================>        70%] [Cov:=========================>         72%]
[Progress:=====================>        70%] [Cov:=========================>         74%]
[Progress:=====================>        70%] [Cov:==========================>        75%]
[Progress:=====================>        71%] [Cov:==========================>        75%]
[Progress:=====================>        71%] [Cov:==========================>        77%]
[Progress:=====================>        71%] [Cov:==========================>        77%]
[Progress:=====================>        71%] [Cov:==========================>        77%]
[Progress:=====================>        72%] [Cov:==========================>        75%]
[Progress:=====================>        72%] [Cov:==========================>        76%]
[Progress:=====================>        72%] [Cov:==========================>        77%]
[Progress:=====================>        72%] [Cov:==========================>        77%]
[Progress:=====================>        72%] [Cov:==========================>        77%]
[Progress:=====================>        72%] [Cov:==========================>        77%]
[Progress:=====================>        72%] [Cov:==========================>        77%]
[Progress:=====================>        73%] [Cov:=======================>           67%]
[Progress:=====================>        73%] [Cov:==========================>        77%]
[Progress:=====================>        73%] [Cov:==========================>        77%]
[Progress:======================>       74%] [Cov:==========================>        76%]
[Progress:======================>       74%] [Cov:==========================>        77%]
[Progress:======================>       74%] [Cov:==========================>        77%]
[Progress:======================>       74%] [Cov:==========================>        77%]
[Progress:======================>       75%] [Cov:==========================>        77%]
[Progress:======================>       75%] [Cov:==========================>        77%]
[Progress:======================>       76%] [Cov:==========================>        77%]
[Progress:======================>       76%] [Cov:==========================>        77%]
[Progress:======================>       76%] [Cov:==========================>        75%]
[Progress:======================>       76%] [Cov:==========================>        76%]
[Progress:======================>       76%] [Cov:==========================>        77%]
[Progress:=======================>      77%] [Cov:==========================>        77%]
[Progress:=======================>      77%] [Cov:=========================>         74%]
[Progress:=======================>      77%] [Cov:==========================>        77%]
[Progress:=======================>      78%] [Cov:==========================>        77%]
[Progress:=======================>      78%] [Cov:=========================>         74%]
[Progress:=======================>      78%] [Cov:==========================>        77%]
[Progress:=======================>      78%] [Cov:=========================>         74%]
[Progress:=======================>      78%] [Cov:==========================>        76%]
[Progress:=======================>      78%] [Cov:==========================>        77%]
[Progress:=======================>      78%] [Cov:=========================>         74%]
[Progress:=======================>      78%] [Cov:==========================>        77%]
[Progress:=======================>      79%] [Cov:==========================>        77%]
[Progress:=======================>      79%] [Cov:=========================>         74%]
[Progress:=======================>      79%] [Cov:==========================>        77%]
[Progress:========================>     80%] [Cov:==========================>        77%]
[Progress:========================>     80%] [Cov:=========================>         74%]
[Progress:========================>     80%] [Cov:==========================>        76%]
[Progress:========================>     80%] [Cov:==========================>        77%]
[Progress:========================>     80%] [Cov:=========================>         74%]
[Progress:========================>     80%] [Cov:==========================>        76%]
[Progress:========================>     80%] [Cov:==========================>        77%][MASTER] 07:19:22.358 [logback-1] WARN  TestChromosome - Functional mock problem: org.evosuite.ga.ConstructionFailedException: Failed to add constructor for com.fasterxml.jackson.core.util.JsonParserDelegate due to org.evosuite.ga.ConstructionFailedException: Failed to add constructor for com.fasterxml.jackson.core.filter.FilteringParserDelegate due to org.evosuite.ga.ConstructionFailedException: Max recursion depth reached

[Progress:========================>     80%] [Cov:==========================>        75%]
[Progress:========================>     80%] [Cov:==========================>        77%]
[Progress:========================>     81%] [Cov:==========================>        77%]
[Progress:========================>     81%] [Cov:==========================>        75%]
[Progress:========================>     81%] [Cov:==========================>        77%]
[Progress:========================>     82%] [Cov:==========================>        77%]
[Progress:========================>     82%] [Cov:==========================>        75%]
[Progress:========================>     82%] [Cov:==========================>        77%]
[Progress:========================>     82%] [Cov:==========================>        75%]
[Progress:========================>     82%] [Cov:==========================>        76%]
[Progress:========================>     82%] [Cov:==========================>        77%]
[Progress:========================>     83%] [Cov:==========================>        77%]
[Progress:========================>     83%] [Cov:==========================>        75%]
[Progress:========================>     83%] [Cov:==========================>        76%]
[Progress:========================>     83%] [Cov:==========================>        77%]
[Progress:=========================>    84%] [Cov:==========================>        76%]
[Progress:=========================>    84%] [Cov:==========================>        77%]
[Progress:=========================>    84%] [Cov:==========================>        75%]
[Progress:=========================>    84%] [Cov:==========================>        77%]
[Progress:=========================>    84%] [Cov:==========================>        75%]
[Progress:=========================>    84%] [Cov:==========================>        77%]
[Progress:=========================>    85%] [Cov:==========================>        77%]
[Progress:=========================>    85%] [Cov:==========================>        75%]
[Progress:=========================>    85%] [Cov:==========================>        76%]
[Progress:=========================>    85%] [Cov:==========================>        77%]
[Progress:=========================>    85%] [Cov:==========================>        75%]
[Progress:=========================>    85%] [Cov:==========================>        77%]
[Progress:=========================>    86%] [Cov:=========================>         73%]
[Progress:=========================>    86%] [Cov:==========================>        77%]
[Progress:=========================>    86%] [Cov:==========================>        75%]
[Progress:=========================>    86%] [Cov:==========================>        77%]
[Progress:=========================>    86%] [Cov:==========================>        75%]
[Progress:=========================>    86%] [Cov:==========================>        77%]
[Progress:==========================>   87%] [Cov:==========================>        77%]
[Progress:==========================>   87%] [Cov:==========================>        75%]
[Progress:==========================>   87%] [Cov:==========================>        77%]
[Progress:==========================>   88%] [Cov:==========================>        77%]
[Progress:==========================>   88%] [Cov:==========================>        75%]
[Progress:==========================>   88%] [Cov:==========================>        77%]
[Progress:==========================>   88%] [Cov:==========================>        75%]
[Progress:==========================>   88%] [Cov:==========================>        77%]
[Progress:==========================>   89%] [Cov:==========================>        77%]
[Progress:==========================>   89%] [Cov:==========================>        75%]
[Progress:==========================>   89%] [Cov:==========================>        77%]
[Progress:===========================>  90%] [Cov:==========================>        77%]
[Progress:===========================>  90%] [Cov:==========================>        75%]
[Progress:===========================>  90%] [Cov:==========================>        77%]
[Progress:===========================>  90%] [Cov:==========================>        75%]
[Progress:===========================>  90%] [Cov:==========================>        77%]
[Progress:===========================>  91%] [Cov:==========================>        77%]
[Progress:===========================>  91%] [Cov:==========================>        75%]
[Progress:===========================>  91%] [Cov:==========================>        77%]
[Progress:===========================>  92%] [Cov:==========================>        77%]
[Progress:===========================>  92%] [Cov:==========================>        75%]
[Progress:===========================>  92%] [Cov:==========================>        77%]
[Progress:===========================>  92%] [Cov:==========================>        75%]
[Progress:===========================>  92%] [Cov:==========================>        77%][MASTER] 07:19:40.037 [logback-1] WARN  TestChromosome - Functional mock problem: org.evosuite.ga.ConstructionFailedException: Failed to add constructor for com.fasterxml.jackson.databind.introspect.POJOPropertyBuilder due to org.evosuite.ga.ConstructionFailedException: Invalid generic instance

[Progress:===========================>  92%] [Cov:==========================>        75%]
[Progress:===========================>  92%] [Cov:==========================>        77%]
[Progress:===========================>  93%] [Cov:==========================>        76%]
[Progress:===========================>  93%] [Cov:==========================>        77%]
[Progress:===========================>  93%] [Cov:==========================>        75%]
[Progress:===========================>  93%] [Cov:==========================>        76%]
[Progress:===========================>  93%] [Cov:==========================>        77%]
[Progress:============================> 94%] [Cov:==========================>        77%]
[Progress:============================> 94%] [Cov:==========================>        75%]
[Progress:============================> 94%] [Cov:==========================>        77%]
[Progress:============================> 94%] [Cov:==========================>        75%]
[Progress:============================> 94%] [Cov:==========================>        76%]
[Progress:============================> 94%] [Cov:==========================>        77%]
[Progress:============================> 95%] [Cov:==========================>        77%]
[Progress:============================> 95%] [Cov:==========================>        75%]
[Progress:============================> 95%] [Cov:==========================>        77%]
[Progress:============================> 96%] [Cov:========================>          71%]
[Progress:============================> 96%] [Cov:==========================>        76%]
[Progress:============================> 96%] [Cov:==========================>        77%]
[Progress:============================> 96%] [Cov:==========================>        75%]
[Progress:============================> 96%] [Cov:==========================>        76%]
[Progress:============================> 96%] [Cov:==========================>        77%][MASTER] 07:19:45.423 [logback-1] WARN  TestChromosome - Functional mock problem: org.evosuite.ga.ConstructionFailedException: Failed to add constructor for com.fasterxml.jackson.databind.ser.BeanPropertyWriter due to org.evosuite.ga.ConstructionFailedException: Failed to add constructor for com.fasterxml.jackson.databind.introspect.POJOPropertyBuilder due to org.evosuite.ga.ConstructionFailedException: Invalid generic instance

[Progress:============================> 96%] [Cov:=========================>         74%]
[Progress:============================> 96%] [Cov:==========================>        76%]
[Progress:============================> 96%] [Cov:==========================>        77%]
[Progress:=============================>97%] [Cov:==========================>        77%]
[Progress:=============================>97%] [Cov:=========================>         74%]
[Progress:=============================>97%] [Cov:==========================>        77%]
[Progress:=============================>98%] [Cov:==========================>        77%]
[Progress:=============================>98%] [Cov:=========================>         74%]
[Progress:=============================>98%] [Cov:==========================>        77%]
[Progress:=============================>98%] [Cov:=========================>         74%]
[Progress:=============================>98%] [Cov:==========================>        77%]
[Progress:=============================>99%] [Cov:==========================>        77%]
[Progress:=============================>99%] [Cov:=========================>         74%]
[Progress:=============================>99%] [Cov:==========================>        77%]
[Progress:==============================100%] [Cov:==========================>        77%]
[Progress:==============================100%] [Cov:=========================>         74%]
[Progress:==============================100%] [Cov:==========================>        77%]
[Progress:==============================100%] [Cov:=========================>         74%]
* Search finished after 152s and 350 generations, 141049 statements, best individual has fitness: 52.888888888888886
* Minimizing test suite
* Going to analyze the coverage criteria
* Coverage analysis for criterion LINE
* Coverage of criterion LINE: 76%
* Total number of goals: 34
* Number of covered goals: 26
* Coverage analysis for criterion BRANCH
* Coverage of criterion BRANCH: 76%
* Total number of goals: 17
* Number of covered goals: 13
* Coverage analysis for criterion EXCEPTION
* Coverage of criterion EXCEPTION: 56%
* Total number of goals: 9
* Number of covered goals: 5
* Coverage analysis for criterion WEAKMUTATION
* Coverage of criterion WEAKMUTATION: 53%
* Total number of goals: 17
* Number of covered goals: 9
* Coverage analysis for criterion OUTPUT
* Coverage of criterion OUTPUT: 55%
* Total number of goals: 56
* Number of covered goals: 31
* Coverage analysis for criterion METHOD
* Coverage of criterion METHOD: 100%
* Total number of goals: 12
* Number of covered goals: 12
* Coverage analysis for criterion METHODNOEXCEPTION
* Coverage of criterion METHODNOEXCEPTION: 67%
* Total number of goals: 12
* Number of covered goals: 8
* Coverage analysis for criterion CBRANCH
* Coverage of criterion CBRANCH: 76%
* Total number of goals: 17
* Number of covered goals: 13
* Generated 15 tests with total length 134
* Resulting test suite's coverage: 74% (average coverage for all fitness functions)
* Generating assertions
* Resulting test suite's mutation score: 6%
* Compiling and checking tests
* Writing tests to file
* Writing JUnit test case 'ObjectIdValueProperty_ESTest' to evosuite-tests
* Done!

* Computation finished

