CMD: /usr/lib/jvm/java-8-openjdk-amd64/bin/java -Dtools_jar_location=/usr/lib/jvm/java-8-openjdk-amd64/lib/tools.jar -jar /home/pizza/evosuite/evosuite-1.2.0.jar -generateSuite -class org.apache.commons.codec.language.DoubleMetaphone -projectCP /home/pizza/evosuite/Test/Codec-3b/target/classes -base_dir /home/pizza/evosuite/results/project-Codec/Codec-3/round02/evosuite-work -seed 11 -Dalgorithm=NSGAII -Dsearch_budget=150 -Dtest_format=JUNIT4 -Dassertions=true

* EvoSuite 1.2.0
* Going to generate test cases for class: org.apache.commons.codec.language.DoubleMetaphone
* Starting Client-0
* Connecting to master process on port 8222
* Analyzing classpath: 
  - /home/pizza/evosuite/Test/Codec-3b/target/classes
* Finished analyzing classpath
* Generating tests for class org.apache.commons.codec.language.DoubleMetaphone
* Test criteria:
  - Line Coverage
  - Branch Coverage
  - Exception
  - Mutation testing (weak)
  - Method-Output Coverage
  - Top-Level Method Coverage
  - No-Exception Top-Level Method Coverage
  - Context Branch Coverage
* Setting up search algorithm for whole suite generation
* Total number of test goals: 
  - Line 449
  - Branch 504
  - Exception 0
  - MutationFactory 714
  - Output 23
  - Method 23
  - MethodNoException 23
  - CBranchFitnessFactory 504

[Progress:>                             0%] [Cov:>                                  0%]* Using seed 11
* Starting evolution

[Progress:>                             0%] [Cov:>                                  0%]
[Progress:>                             0%] [Cov:=>                                 3%]
[Progress:>                             0%] [Cov:==>                                6%]
[Progress:>                             0%] [Cov:======>                            19%]
[Progress:>                             0%] [Cov:=======>                           21%]
[Progress:>                             0%] [Cov:=======>                           22%]
[Progress:>                             0%] [Cov:==========>                        29%]
[Progress:>                             0%] [Cov:============>                      35%]
[Progress:>                             0%] [Cov:============>                      37%]
[Progress:>                             0%] [Cov:=============>                     38%]
[Progress:>                             1%] [Cov:=========>                         27%]
[Progress:>                             1%] [Cov:==========>                        31%]
[Progress:>                             1%] [Cov:==============>                    40%]
[Progress:>                             1%] [Cov:=================>                 49%]
[Progress:>                             1%] [Cov:=================>                 51%]
[Progress:>                             1%] [Cov:==================>                52%]
[Progress:>                             1%] [Cov:===================>               55%]
[Progress:>                             2%] [Cov:=========>                         27%]
[Progress:>                             2%] [Cov:==========>                        30%]
[Progress:>                             2%] [Cov:==========>                        31%]
[Progress:>                             2%] [Cov:============>                      37%]
[Progress:>                             2%] [Cov:==============>                    40%]
[Progress:>                             2%] [Cov:===============>                   44%]
[Progress:>                             2%] [Cov:=================>                 49%]
[Progress:>                             2%] [Cov:=================>                 51%]
[Progress:>                             2%] [Cov:==================>                53%]
[Progress:>                             2%] [Cov:===================>               56%]
[Progress:>                             2%] [Cov:====================>              59%]
[Progress:>                             3%] [Cov:==>                                6%]
[Progress:>                             3%] [Cov:===>                               10%]
[Progress:>                             3%] [Cov:===>                               11%]
[Progress:>                             3%] [Cov:========>                          23%]
[Progress:>                             3%] [Cov:=========>                         28%]
[Progress:>                             3%] [Cov:==========>                        29%]
[Progress:>                             3%] [Cov:===========>                       32%]
[Progress:>                             3%] [Cov:===========>                       33%]
[Progress:>                             3%] [Cov:=============>                     39%]
[Progress:>                             3%] [Cov:==============>                    41%]
[Progress:>                             3%] [Cov:===============>                   44%]
[Progress:>                             3%] [Cov:================>                  47%]
[Progress:>                             3%] [Cov:=================>                 49%]
[Progress:>                             3%] [Cov:=================>                 51%]
[Progress:=>                            4%] [Cov:==>                                6%]
[Progress:=>                            4%] [Cov:===>                               11%]
[Progress:=>                            4%] [Cov:========>                          23%]
[Progress:=>                            4%] [Cov:==========>                        29%]
[Progress:=>                            4%] [Cov:===========>                       32%]
[Progress:=>                            4%] [Cov:=============>                     38%]
[Progress:=>                            4%] [Cov:===============>                   43%]
[Progress:=>                            4%] [Cov:===============>                   45%]
[Progress:=>                            4%] [Cov:=================>                 51%]
[Progress:=>                            4%] [Cov:==================>                53%]
[Progress:=>                            4%] [Cov:==================>                54%]
[Progress:=>                            4%] [Cov:==================>                52%]
[Progress:=>                            4%] [Cov:==================>                53%]
[Progress:=>                            4%] [Cov:==================>                54%]
[Progress:=>                            4%] [Cov:===================>               55%]
[Progress:=>                            5%] [Cov:===============>                   43%]
[Progress:=>                            5%] [Cov:=================>                 50%]
[Progress:=>                            5%] [Cov:==================>                53%]
[Progress:=>                            5%] [Cov:==================>                54%]
[Progress:=>                            5%] [Cov:===================>               56%]
[Progress:=>                            6%] [Cov:=============>                     39%]
[Progress:=>                            6%] [Cov:==============>                    41%]
[Progress:=>                            6%] [Cov:==============>                    42%]
[Progress:=>                            6%] [Cov:================>                  48%]
[Progress:=>                            6%] [Cov:=================>                 49%]
[Progress:=>                            6%] [Cov:==================>                54%]
[Progress:=>                            6%] [Cov:===================>               55%]
[Progress:=>                            6%] [Cov:==================>                52%]
[Progress:=>                            6%] [Cov:===================>               56%]
[Progress:=>                            6%] [Cov:====================>              58%]
[Progress:==>                           7%] [Cov:==================>                53%]
[Progress:==>                           7%] [Cov:===================>               55%]
[Progress:==>                           7%] [Cov:===================>               57%]
[Progress:==>                           7%] [Cov:====================>              59%]
[Progress:==>                           7%] [Cov:=====================>             61%]
[Progress:==>                           8%] [Cov:===================>               56%]
[Progress:==>                           8%] [Cov:===================>               57%]
[Progress:==>                           8%] [Cov:====================>              58%]
[Progress:==>                           8%] [Cov:=====================>             61%]
[Progress:==>                           9%] [Cov:===================>               56%]
[Progress:==>                           9%] [Cov:====================>              58%]
[Progress:==>                           9%] [Cov:====================>              59%]
[Progress:==>                           9%] [Cov:=====================>             60%]
[Progress:==>                           9%] [Cov:=====================>             61%]
[Progress:===>                          10%] [Cov:====================>              59%]
[Progress:===>                          10%] [Cov:=====================>             61%]
[Progress:===>                          10%] [Cov:=====================>             61%]
[Progress:===>                          11%] [Cov:====================>              58%]
[Progress:===>                          11%] [Cov:====================>              59%]
[Progress:===>                          11%] [Cov:=====================>             60%]
[Progress:===>                          11%] [Cov:=====================>             61%]
[Progress:===>                          12%] [Cov:====================>              59%]
[Progress:===>                          12%] [Cov:=====================>             61%]
[Progress:===>                          12%] [Cov:=====================>             62%]
[Progress:===>                          12%] [Cov:=====================>             61%]
[Progress:===>                          13%] [Cov:=====================>             61%]
[Progress:===>                          13%] [Cov:======================>            64%]
[Progress:===>                          13%] [Cov:=======================>           66%]
[Progress:====>                         14%] [Cov:=====================>             61%]
[Progress:====>                         14%] [Cov:=====================>             62%]
[Progress:====>                         14%] [Cov:=====================>             61%]
[Progress:====>                         15%] [Cov:=====================>             62%]
[Progress:====>                         15%] [Cov:======================>            63%]
[Progress:====>                         15%] [Cov:======================>            65%]
[Progress:====>                         16%] [Cov:==================>                52%]
[Progress:====>                         16%] [Cov:=====================>             60%]
[Progress:====>                         16%] [Cov:=====================>             62%]
[Progress:====>                         16%] [Cov:======================>            63%]
[Progress:====>                         16%] [Cov:======================>            64%]
[Progress:=====>                        17%] [Cov:=====================>             60%]
[Progress:=====>                        17%] [Cov:=====================>             62%]
[Progress:=====>                        17%] [Cov:======================>            63%]
[Progress:=====>                        17%] [Cov:======================>            63%]
[Progress:=====>                        18%] [Cov:=====================>             60%]
[Progress:=====>                        18%] [Cov:=====================>             62%]
[Progress:=====>                        18%] [Cov:======================>            63%]
[Progress:=====>                        18%] [Cov:======================>            64%]
[Progress:=====>                        18%] [Cov:=======================>           66%]
[Progress:=====>                        19%] [Cov:=====================>             61%]
[Progress:=====>                        19%] [Cov:======================>            63%]
[Progress:=====>                        19%] [Cov:======================>            64%]
[Progress:=====>                        19%] [Cov:=======================>           66%]
[Progress:======>                       20%] [Cov:====================>              59%]
[Progress:======>                       20%] [Cov:=====================>             60%]
[Progress:======>                       20%] [Cov:=====================>             61%]
[Progress:======>                       20%] [Cov:======================>            63%]
[Progress:======>                       20%] [Cov:======================>            65%]
[Progress:======>                       20%] [Cov:=======================>           66%]
[Progress:======>                       20%] [Cov:======================>            63%]
[Progress:======>                       20%] [Cov:======================>            64%]
[Progress:======>                       20%] [Cov:======================>            65%]
[Progress:======>                       20%] [Cov:=======================>           66%]
[Progress:======>                       21%] [Cov:=====================>             60%]
[Progress:======>                       21%] [Cov:=====================>             61%]
[Progress:======>                       21%] [Cov:=====================>             62%]
[Progress:======>                       21%] [Cov:======================>            63%]
[Progress:======>                       21%] [Cov:======================>            64%]
[Progress:======>                       21%] [Cov:======================>            65%]
[Progress:======>                       22%] [Cov:=====================>             62%]
[Progress:======>                       22%] [Cov:======================>            65%]
[Progress:======>                       22%] [Cov:=====================>             62%]
[Progress:======>                       22%] [Cov:======================>            63%]
[Progress:======>                       22%] [Cov:======================>            64%]
[Progress:======>                       22%] [Cov:=======================>           66%]
[Progress:======>                       23%] [Cov:=====================>             62%]
[Progress:======>                       23%] [Cov:======================>            63%]
[Progress:======>                       23%] [Cov:======================>            64%]
[Progress:======>                       23%] [Cov:======================>            65%]
[Progress:=======>                      24%] [Cov:======================>            63%]
[Progress:=======>                      24%] [Cov:======================>            64%]
[Progress:=======>                      24%] [Cov:======================>            65%]
[Progress:=======>                      25%] [Cov:======================>            63%]
[Progress:=======>                      25%] [Cov:======================>            64%]
[Progress:=======>                      25%] [Cov:=======================>           66%]
[Progress:=======>                      25%] [Cov:======================>            63%]
[Progress:=======>                      25%] [Cov:======================>            65%]
[Progress:=======>                      26%] [Cov:======================>            63%]
[Progress:=======>                      26%] [Cov:======================>            65%]
[Progress:=======>                      26%] [Cov:=======================>           66%]
[Progress:========>                     27%] [Cov:=======================>           66%]
[Progress:========>                     27%] [Cov:=======================>           67%]
[Progress:========>                     28%] [Cov:======================>            63%]
[Progress:========>                     28%] [Cov:=======================>           67%]
[Progress:========>                     29%] [Cov:======================>            64%]
[Progress:========>                     29%] [Cov:======================>            65%]
[Progress:========>                     29%] [Cov:======================>            63%]
[Progress:========>                     29%] [Cov:======================>            65%]
[Progress:========>                     29%] [Cov:=======================>           66%]
[Progress:=========>                    30%] [Cov:======================>            63%]
[Progress:=========>                    30%] [Cov:=======================>           66%]
[Progress:=========>                    31%] [Cov:======================>            65%]
[Progress:=========>                    32%] [Cov:======================>            63%]
[Progress:=========>                    32%] [Cov:======================>            64%]
[Progress:=========>                    32%] [Cov:=======================>           66%]
[Progress:=========>                    33%] [Cov:======================>            65%]
[Progress:=========>                    33%] [Cov:=======================>           66%]
[Progress:=========>                    33%] [Cov:======================>            63%]
[Progress:==========>                   34%] [Cov:======================>            63%]
[Progress:==========>                   34%] [Cov:=======================>           66%]
[Progress:==========>                   34%] [Cov:=======================>           67%]
[Progress:==========>                   34%] [Cov:=======================>           68%]
[Progress:==========>                   35%] [Cov:======================>            63%]
[Progress:==========>                   35%] [Cov:======================>            65%]
[Progress:==========>                   35%] [Cov:=======================>           66%]
[Progress:==========>                   36%] [Cov:======================>            65%]
[Progress:==========>                   36%] [Cov:=======================>           66%]
[Progress:==========>                   36%] [Cov:=======================>           67%]
[Progress:==========>                   36%] [Cov:=======================>           68%]
[Progress:===========>                  37%] [Cov:======================>            64%]
[Progress:===========>                  37%] [Cov:=======================>           66%]
[Progress:===========>                  38%] [Cov:======================>            64%]
[Progress:===========>                  38%] [Cov:======================>            65%]
[Progress:===========>                  38%] [Cov:=======================>           66%]
[Progress:===========>                  38%] [Cov:=======================>           68%]
[Progress:===========>                  39%] [Cov:======================>            65%]
[Progress:===========>                  39%] [Cov:=======================>           66%]
[Progress:============>                 40%] [Cov:======================>            65%]
[Progress:============>                 40%] [Cov:=======================>           66%]
[Progress:============>                 40%] [Cov:=======================>           67%]
[Progress:============>                 40%] [Cov:=======================>           68%]
[Progress:============>                 41%] [Cov:======================>            65%]
[Progress:============>                 41%] [Cov:=======================>           66%]
[Progress:============>                 41%] [Cov:=======================>           67%]
[Progress:============>                 41%] [Cov:=======================>           68%]
[Progress:============>                 42%] [Cov:======================>            63%]
[Progress:============>                 42%] [Cov:=======================>           66%]
[Progress:============>                 42%] [Cov:=====================>             62%]
[Progress:============>                 42%] [Cov:======================>            64%]
[Progress:============>                 42%] [Cov:=======================>           66%]
[Progress:============>                 42%] [Cov:=======================>           68%]
[Progress:============>                 42%] [Cov:========================>          69%]
[Progress:============>                 43%] [Cov:======================>            65%]
[Progress:============>                 43%] [Cov:=======================>           68%]
[Progress:=============>                44%] [Cov:======================>            65%]
[Progress:=============>                44%] [Cov:=======================>           66%]
[Progress:=============>                45%] [Cov:======================>            65%]
[Progress:=============>                45%] [Cov:=======================>           66%]
[Progress:=============>                45%] [Cov:=======================>           67%]
[Progress:=============>                45%] [Cov:=======================>           68%]
[Progress:=============>                46%] [Cov:=======================>           68%]
[Progress:=============>                46%] [Cov:========================>          69%]
[Progress:=============>                46%] [Cov:=====================>             62%]
[Progress:=============>                46%] [Cov:======================>            64%]
[Progress:=============>                46%] [Cov:=======================>           66%]
[Progress:==============>               47%] [Cov:=====================>             60%]
[Progress:==============>               47%] [Cov:======================>            64%]
[Progress:==============>               47%] [Cov:=======================>           66%]
[Progress:==============>               47%] [Cov:=======================>           67%]
[Progress:==============>               47%] [Cov:=======================>           68%]
[Progress:==============>               48%] [Cov:======================>            64%]
[Progress:==============>               48%] [Cov:=======================>           68%]
[Progress:==============>               48%] [Cov:========================>          70%]
[Progress:==============>               49%] [Cov:=====================>             62%]
[Progress:==============>               49%] [Cov:=======================>           67%]
[Progress:==============>               49%] [Cov:=======================>           68%]
[Progress:==============>               49%] [Cov:========================>          69%]
[Progress:==============>               49%] [Cov:========================>          70%]
[Progress:===============>              50%] [Cov:=====================>             62%]
[Progress:===============>              50%] [Cov:=======================>           66%]
[Progress:===============>              50%] [Cov:=======================>           68%]
[Progress:===============>              50%] [Cov:======================>            64%]
[Progress:===============>              50%] [Cov:=======================>           68%]
[Progress:===============>              51%] [Cov:=======================>           66%]
[Progress:===============>              51%] [Cov:=======================>           68%]
[Progress:===============>              52%] [Cov:======================>            65%]
[Progress:===============>              52%] [Cov:=======================>           66%]
[Progress:===============>              52%] [Cov:=======================>           68%]
[Progress:===============>              52%] [Cov:========================>          70%]
[Progress:===============>              53%] [Cov:=======================>           68%]
[Progress:===============>              53%] [Cov:========================>          69%]
[Progress:================>             54%] [Cov:=======================>           68%]
[Progress:================>             54%] [Cov:========================>          69%]
[Progress:================>             54%] [Cov:======================>            64%]
[Progress:================>             54%] [Cov:=======================>           66%]
[Progress:================>             54%] [Cov:=======================>           68%]
[Progress:================>             54%] [Cov:========================>          70%]
[Progress:================>             55%] [Cov:======================>            64%]
[Progress:================>             55%] [Cov:=======================>           68%]
[Progress:================>             56%] [Cov:=======================>           68%]
[Progress:=================>            57%] [Cov:======================>            64%]
[Progress:=================>            57%] [Cov:=======================>           67%]
[Progress:=================>            57%] [Cov:=======================>           68%]
[Progress:=================>            58%] [Cov:=====================>             60%]
[Progress:=================>            58%] [Cov:=======================>           67%]
[Progress:=================>            58%] [Cov:========================>          69%]
[Progress:=================>            58%] [Cov:========================>          70%]
[Progress:=================>            58%] [Cov:=======================>           66%]
[Progress:=================>            58%] [Cov:=======================>           68%]
[Progress:=================>            59%] [Cov:=======================>           66%]
[Progress:=================>            59%] [Cov:=======================>           67%]
[Progress:=================>            59%] [Cov:=======================>           68%]
[Progress:==================>           60%] [Cov:=======================>           66%]
[Progress:==================>           60%] [Cov:=======================>           68%]
[Progress:==================>           60%] [Cov:========================>          70%]
[Progress:==================>           61%] [Cov:=======================>           66%]
[Progress:==================>           61%] [Cov:=======================>           67%]
[Progress:==================>           61%] [Cov:=======================>           68%]
[Progress:==================>           61%] [Cov:========================>          69%]
[Progress:==================>           62%] [Cov:========================>          69%]
[Progress:==================>           62%] [Cov:========================>          70%]
[Progress:==================>           63%] [Cov:=======================>           68%]
[Progress:==================>           63%] [Cov:=======================>           68%]
[Progress:===================>          64%] [Cov:=======================>           66%]
[Progress:===================>          64%] [Cov:=======================>           67%]
[Progress:===================>          64%] [Cov:=======================>           68%]
[Progress:===================>          64%] [Cov:========================>          69%]
[Progress:===================>          64%] [Cov:========================>          70%]
[Progress:===================>          65%] [Cov:=======================>           67%]
[Progress:===================>          65%] [Cov:========================>          69%]
[Progress:===================>          66%] [Cov:=======================>           67%]
[Progress:===================>          66%] [Cov:=======================>           68%]
[Progress:===================>          66%] [Cov:========================>          70%]
[Progress:====================>         67%] [Cov:=======================>           68%]
[Progress:====================>         67%] [Cov:========================>          69%]
[Progress:====================>         68%] [Cov:=======================>           66%]
[Progress:====================>         68%] [Cov:=======================>           68%]
[Progress:====================>         68%] [Cov:========================>          69%]
[Progress:====================>         68%] [Cov:========================>          70%]
[Progress:====================>         69%] [Cov:========================>          69%]
[Progress:====================>         69%] [Cov:========================>          70%]
[Progress:=====================>        70%] [Cov:=======================>           68%]
[Progress:=====================>        70%] [Cov:========================>          69%]
[Progress:=====================>        70%] [Cov:========================>          70%]
[Progress:=====================>        71%] [Cov:========================>          70%]
[Progress:=====================>        72%] [Cov:=======================>           66%]
[Progress:=====================>        72%] [Cov:=======================>           68%]
[Progress:=====================>        72%] [Cov:========================>          70%]
[Progress:=====================>        72%] [Cov:========================>          71%]
[Progress:=====================>        73%] [Cov:========================>          70%]
[Progress:======================>       74%] [Cov:========================>          69%]
[Progress:======================>       74%] [Cov:========================>          70%]
[Progress:======================>       74%] [Cov:========================>          70%]
[Progress:======================>       74%] [Cov:========================>          71%]
[Progress:======================>       75%] [Cov:=======================>           68%]
[Progress:======================>       75%] [Cov:========================>          69%]
[Progress:======================>       75%] [Cov:========================>          70%]
[Progress:======================>       76%] [Cov:=======================>           68%]
[Progress:======================>       76%] [Cov:========================>          69%]
[Progress:======================>       76%] [Cov:========================>          70%]
[Progress:======================>       76%] [Cov:========================>          71%]
[Progress:=======================>      77%] [Cov:========================>          69%]
[Progress:=======================>      77%] [Cov:========================>          70%]
[Progress:=======================>      77%] [Cov:========================>          71%]
[Progress:=======================>      78%] [Cov:========================>          69%]
[Progress:=======================>      78%] [Cov:========================>          70%]
[Progress:=======================>      78%] [Cov:========================>          71%]
[Progress:=======================>      78%] [Cov:========================>          71%]
[Progress:=======================>      79%] [Cov:=======================>           68%]
[Progress:=======================>      79%] [Cov:========================>          69%]
[Progress:=======================>      79%] [Cov:========================>          70%]
[Progress:========================>     80%] [Cov:========================>          69%]
[Progress:========================>     80%] [Cov:========================>          70%]
[Progress:========================>     80%] [Cov:========================>          71%]
[Progress:========================>     81%] [Cov:========================>          70%]
[Progress:========================>     81%] [Cov:========================>          71%]
[Progress:========================>     82%] [Cov:========================>          70%]
[Progress:========================>     82%] [Cov:========================>          71%]
[Progress:========================>     83%] [Cov:========================>          70%]
[Progress:=========================>    84%] [Cov:========================>          70%]
[Progress:=========================>    84%] [Cov:========================>          71%]
[Progress:=========================>    84%] [Cov:========================>          69%]
[Progress:=========================>    84%] [Cov:========================>          71%]
[Progress:=========================>    85%] [Cov:========================>          69%]
[Progress:=========================>    85%] [Cov:========================>          70%]
[Progress:=========================>    85%] [Cov:========================>          71%]
[Progress:=========================>    86%] [Cov:========================>          70%]
[Progress:=========================>    86%] [Cov:========================>          71%]
[Progress:==========================>   87%] [Cov:========================>          70%]
[Progress:==========================>   88%] [Cov:========================>          70%]
[Progress:==========================>   88%] [Cov:========================>          71%]
[Progress:==========================>   88%] [Cov:========================>          69%]
[Progress:==========================>   88%] [Cov:========================>          71%]
[Progress:==========================>   88%] [Cov:=========================>         72%]
[Progress:==========================>   89%] [Cov:========================>          69%]
[Progress:==========================>   89%] [Cov:========================>          70%]
[Progress:==========================>   89%] [Cov:========================>          71%]
[Progress:===========================>  90%] [Cov:========================>          70%]
[Progress:===========================>  90%] [Cov:========================>          71%]
[Progress:===========================>  91%] [Cov:========================>          69%]
[Progress:===========================>  91%] [Cov:========================>          70%]
[Progress:===========================>  91%] [Cov:========================>          71%]
[Progress:===========================>  92%] [Cov:========================>          70%]
[Progress:===========================>  92%] [Cov:========================>          71%]
[Progress:===========================>  92%] [Cov:=========================>         72%]
[Progress:===========================>  92%] [Cov:========================>          69%]
[Progress:===========================>  92%] [Cov:========================>          71%]
[Progress:===========================>  92%] [Cov:=========================>         72%]
[Progress:===========================>  93%] [Cov:=======================>           68%]
[Progress:===========================>  93%] [Cov:========================>          70%]
[Progress:===========================>  93%] [Cov:========================>          71%]
[Progress:============================> 94%] [Cov:========================>          71%]
[Progress:============================> 94%] [Cov:=========================>         72%]
[Progress:============================> 95%] [Cov:========================>          69%]
[Progress:============================> 95%] [Cov:========================>          70%]
[Progress:============================> 95%] [Cov:========================>          71%]
[Progress:============================> 96%] [Cov:========================>          71%]
[Progress:============================> 96%] [Cov:========================>          69%]
[Progress:============================> 96%] [Cov:========================>          70%]
[Progress:============================> 96%] [Cov:========================>          71%]
[Progress:============================> 96%] [Cov:=========================>         72%]
[Progress:=============================>97%] [Cov:========================>          71%]
[Progress:=============================>98%] [Cov:=====================>             62%]
[Progress:=============================>98%] [Cov:========================>          71%]
[Progress:=============================>98%] [Cov:=========================>         72%]
[Progress:=============================>99%] [Cov:=======================>           68%]
[Progress:=============================>99%] [Cov:========================>          71%]
[Progress:==============================100%] [Cov:========================>          71%]
[Progress:==============================100%] [Cov:=========================>         72%]
[Progress:==============================100%] [Cov:========================>          71%]
[Progress:==============================100%] [Cov:=========================>         72%]
[Progress:==============================100%] [Cov:========================>          71%]
[Progress:==============================100%] [Cov:========================>          69%]
[Progress:==============================100%] [Cov:========================>          71%]
[Progress:==============================100%] [Cov:=========================>         72%]
[Progress:==============================100%] [Cov:=========================>         73%]
[Progress:==============================100%] [Cov:=========================>         72%]
[Progress:==============================100%] [Cov:=========================>         73%]
[Progress:==============================100%] [Cov:========================>          70%]
[Progress:==============================100%] [Cov:========================>          71%]
[Progress:==============================100%] [Cov:=========================>         72%]
[Progress:==============================100%] [Cov:=========================>         73%]
[Progress:==============================100%] [Cov:========================>          71%]
* Search finished after 158s and 28 generations, 14789 statements, best individual has fitness: 2220.2946571027824
* Minimizing test suite
* Going to analyze the coverage criteria
* Coverage analysis for criterion LINE
* Coverage of criterion LINE: 65%
* Total number of goals: 449
* Number of covered goals: 292
* Coverage analysis for criterion BRANCH
* Coverage of criterion BRANCH: 56%
* Total number of goals: 504
* Number of covered goals: 282
* Coverage analysis for criterion EXCEPTION
* Coverage of criterion EXCEPTION: 33%
* Total number of goals: 12
* Number of covered goals: 4
* Coverage analysis for criterion WEAKMUTATION
* Coverage of criterion WEAKMUTATION: 57%
* Total number of goals: 714
* Number of covered goals: 404
* Coverage analysis for criterion OUTPUT
* Coverage of criterion OUTPUT: 78%
* Total number of goals: 23
* Number of covered goals: 18
* Coverage analysis for criterion METHOD
* Coverage of criterion METHOD: 96%
* Total number of goals: 23
* Number of covered goals: 22
* Coverage analysis for criterion METHODNOEXCEPTION
* Coverage of criterion METHODNOEXCEPTION: 91%
* Total number of goals: 23
* Number of covered goals: 21
* Coverage analysis for criterion CBRANCH
* Coverage of criterion CBRANCH: 54%
* Total number of goals: 504
* Number of covered goals: 273
* Generated 45 tests with total length 116
* Resulting test suite's coverage: 72% (average coverage for all fitness functions)
* Generating assertions
* Resulting test suite's mutation score: 11%
* Compiling and checking tests
* Writing tests to file
* Writing JUnit test case 'DoubleMetaphone_ESTest' to evosuite-tests
* Done!

* Computation finished

