CMD: /usr/lib/jvm/java-8-openjdk-amd64/bin/java -Dtools_jar_location=/usr/lib/jvm/java-8-openjdk-amd64/lib/tools.jar -jar /home/pizza/TestRound2/evosuite-1.2.0.jar -generateSuite -class com.google.javascript.rhino.jstype.JSType -projectCP /home/pizza/TestRound2/Test/Closure-167b/build/classes:/home/pizza/TestRound2/Test/Closure-167b/lib/args4j.jar:/home/pizza/TestRound2/Test/Closure-167b/lib/guava.jar:/home/pizza/TestRound2/Test/Closure-167b/lib/json.jar:/home/pizza/TestRound2/Test/Closure-167b/lib/jsr305.jar:/home/pizza/TestRound2/Test/Closure-167b/lib/protobuf-java.jar:/home/pizza/TestRound2/Test/Closure-167b/build/lib/rhino.jar:/home/pizza/TestRound2/Test/Closure-167b/lib/ant.jar -base_dir /home/pizza/TestRound2/results/project-Closure/Closure-167/round03/evosuite-work -seed 11 -Dalgorithm=NSGAII -Dsearch_budget=60 -Dtest_format=JUNIT4 -Dassertions=true

* EvoSuite 1.2.0
* Going to generate test cases for class: com.google.javascript.rhino.jstype.JSType
* Starting Client-0
* Connecting to master process on port 8220
* Analyzing classpath: 
  - /home/pizza/TestRound2/Test/Closure-167b/build/classes
  - /home/pizza/TestRound2/Test/Closure-167b/lib/args4j.jar
  - /home/pizza/TestRound2/Test/Closure-167b/lib/guava.jar
  - /home/pizza/TestRound2/Test/Closure-167b/lib/json.jar
  - /home/pizza/TestRound2/Test/Closure-167b/lib/jsr305.jar
  - /home/pizza/TestRound2/Test/Closure-167b/lib/protobuf-java.jar
  - /home/pizza/TestRound2/Test/Closure-167b/build/lib/rhino.jar
  - /home/pizza/TestRound2/Test/Closure-167b/lib/ant.jar
* Finished analyzing classpath
* Generating tests for class com.google.javascript.rhino.jstype.JSType
* Test criteria:
  - Line Coverage
  - Branch Coverage
  - Exception
  - Mutation testing (weak)
  - Method-Output Coverage
  - Top-Level Method Coverage
  - No-Exception Top-Level Method Coverage
  - Context Branch Coverage
* Setting up search algorithm for whole suite generation
* Total number of test goals: 
  - Line 271
  - Branch 292
  - Exception 0
  - MutationFactory 390
  - Output 1600
  - Method 105
  - MethodNoException 105
  - CBranchFitnessFactory 292

[Progress:>                             0%] [Cov:>                                  0%]* Using seed 11
* Starting evolution

[Progress:>                             3%] [Cov:>                                  0%]
[Progress:=>                            5%] [Cov:>                                  1%]
[Progress:=>                            5%] [Cov:=>                                 3%]
[Progress:=>                            5%] [Cov:=====>                             15%]
[Progress:=>                            5%] [Cov:=====>                             16%]
[Progress:=>                            5%] [Cov:=====>                             17%]
[Progress:=>                            6%] [Cov:=====>                             17%]
[Progress:=>                            6%] [Cov:======>                            18%]
[Progress:=>                            6%] [Cov:=======>                           20%]
[Progress:=>                            6%] [Cov:=======>                           21%]
[Progress:=>                            6%] [Cov:=======>                           22%]
[Progress:==>                           8%] [Cov:>                                  1%]
[Progress:==>                           8%] [Cov:==>                                6%]
[Progress:==>                           8%] [Cov:======>                            19%]
[Progress:==>                           8%] [Cov:========>                          23%]
[Progress:==>                           8%] [Cov:========>                          24%]
[Progress:==>                           8%] [Cov:========>                          25%]
[Progress:===>                          10%] [Cov:>                                  1%]
[Progress:===>                          10%] [Cov:=>                                 3%]
[Progress:===>                          10%] [Cov:=====>                             15%]
[Progress:===>                          10%] [Cov:=====>                             16%]
[Progress:===>                          10%] [Cov:=====>                             17%]
[Progress:===>                          10%] [Cov:======>                            18%]
[Progress:===>                          10%] [Cov:=======>                           20%]
[Progress:===>                          11%] [Cov:>                                  1%]
[Progress:===>                          11%] [Cov:=>                                 3%]
[Progress:===>                          11%] [Cov:=====>                             15%]
[Progress:===>                          11%] [Cov:=====>                             16%]
[Progress:===>                          11%] [Cov:=====>                             17%]
[Progress:===>                          11%] [Cov:======>                            18%]
[Progress:===>                          13%] [Cov:>                                  2%]
[Progress:===>                          13%] [Cov:=>                                 4%]
[Progress:===>                          13%] [Cov:=====>                             17%]
[Progress:===>                          13%] [Cov:======>                            19%]
[Progress:===>                          13%] [Cov:=======>                           20%]
[Progress:===>                          13%] [Cov:=======>                           21%]
[Progress:====>                         15%] [Cov:>                                  2%]
[Progress:====>                         15%] [Cov:=>                                 3%]
[Progress:====>                         15%] [Cov:=>                                 4%]
[Progress:====>                         15%] [Cov:=====>                             16%]
[Progress:====>                         15%] [Cov:=====>                             17%]
[Progress:====>                         15%] [Cov:======>                            19%]
[Progress:====>                         15%] [Cov:=======>                           20%]
[Progress:====>                         15%] [Cov:========>                          25%]
[Progress:====>                         16%] [Cov:======>                            18%]
[Progress:====>                         16%] [Cov:=======>                           20%]
[Progress:====>                         16%] [Cov:=======>                           21%]
[Progress:====>                         16%] [Cov:========>                          24%]
[Progress:====>                         16%] [Cov:========>                          25%]
[Progress:=====>                        18%] [Cov:=======>                           22%]
[Progress:=====>                        18%] [Cov:========>                          25%]
[Progress:=====>                        18%] [Cov:=========>                         26%]
[Progress:======>                       20%] [Cov:======>                            19%]
[Progress:======>                       20%] [Cov:=======>                           20%]
[Progress:======>                       20%] [Cov:========>                          25%]
[Progress:======>                       21%] [Cov:=======>                           20%]
[Progress:======>                       21%] [Cov:=======>                           21%]
[Progress:======>                       21%] [Cov:=======>                           22%]
[Progress:======>                       21%] [Cov:========>                          25%]
[Progress:======>                       23%] [Cov:=========>                         26%]
[Progress:=======>                      25%] [Cov:=======>                           20%]
[Progress:=======>                      25%] [Cov:========>                          25%]
[Progress:=======>                      25%] [Cov:=========>                         27%]
[Progress:=======>                      25%] [Cov:=========>                         28%]
[Progress:=======>                      25%] [Cov:==========>                        29%]
[Progress:=======>                      25%] [Cov:==========>                        30%]
[Progress:=======>                      26%] [Cov:=======>                           21%]
[Progress:=======>                      26%] [Cov:=======>                           22%]
[Progress:=======>                      26%] [Cov:=========>                         26%]
[Progress:=======>                      26%] [Cov:=========>                         28%]
[Progress:=======>                      26%] [Cov:==========>                        29%]
[Progress:========>                     28%] [Cov:======>                            19%]
[Progress:========>                     28%] [Cov:========>                          25%]
[Progress:========>                     28%] [Cov:=========>                         26%]
[Progress:========>                     28%] [Cov:=========>                         27%]
[Progress:========>                     28%] [Cov:=========>                         28%]
[Progress:========>                     28%] [Cov:==========>                        30%]
[Progress:=========>                    30%] [Cov:=========>                         26%]
[Progress:=========>                    30%] [Cov:==========>                        29%]
[Progress:=========>                    30%] [Cov:==========>                        30%]
[Progress:=========>                    31%] [Cov:=======>                           22%]
[Progress:=========>                    31%] [Cov:=========>                         26%]
[Progress:=========>                    31%] [Cov:==========>                        30%]
[Progress:=========>                    33%] [Cov:=======>                           21%]
[Progress:=========>                    33%] [Cov:=========>                         26%]
[Progress:=========>                    33%] [Cov:==========>                        29%]
[Progress:==========>                   35%] [Cov:=======>                           21%]
[Progress:==========>                   35%] [Cov:==========>                        29%]
[Progress:==========>                   35%] [Cov:==========>                        30%]
[Progress:==========>                   35%] [Cov:==========>                        30%]
[Progress:==========>                   35%] [Cov:==========>                        31%][MASTER] 11:15:03.638 [logback-1] WARN  TestChromosome - Functional mock problem: org.evosuite.ga.ConstructionFailedException: Have no generator for class com.google.javascript.rhino.jstype.RecordTypeBuilder$RecordProperty canUseFunctionalMocks=true, canBeMocked: false

[Progress:==========>                   35%] [Cov:===========>                       32%]
[Progress:==========>                   36%] [Cov:=========>                         27%]
[Progress:==========>                   36%] [Cov:==========>                        30%]
[Progress:==========>                   36%] [Cov:==========>                        31%]
[Progress:==========>                   36%] [Cov:===========>                       32%]
[Progress:===========>                  38%] [Cov:========>                          24%]
[Progress:===========>                  38%] [Cov:========>                          25%]
[Progress:===========>                  38%] [Cov:=========>                         26%]
[Progress:===========>                  38%] [Cov:=========>                         27%]
[Progress:===========>                  38%] [Cov:==========>                        30%]
[Progress:============>                 40%] [Cov:=========>                         26%]
[Progress:============>                 40%] [Cov:==========>                        29%]
[Progress:============>                 40%] [Cov:===========>                       32%]
[Progress:============>                 41%] [Cov:========>                          24%]
[Progress:============>                 41%] [Cov:=========>                         26%]
[Progress:============>                 41%] [Cov:=========>                         28%]
[Progress:============>                 41%] [Cov:==========>                        30%]
[Progress:============>                 41%] [Cov:==========>                        31%]
[Progress:============>                 41%] [Cov:===========>                       32%]
[Progress:============>                 43%] [Cov:==========>                        30%]
[Progress:============>                 43%] [Cov:==========>                        31%]
[Progress:============>                 43%] [Cov:===========>                       32%]
[Progress:=============>                45%] [Cov:==========>                        29%]
[Progress:=============>                45%] [Cov:===========>                       32%]
[Progress:=============>                45%] [Cov:===========>                       32%]
[Progress:=============>                45%] [Cov:===========>                       33%]
[Progress:=============>                45%] [Cov:===========>                       34%]
[Progress:=============>                46%] [Cov:===========>                       32%]
[Progress:==============>               48%] [Cov:==========>                        29%]
[Progress:==============>               48%] [Cov:===========>                       32%]
[Progress:===============>              50%] [Cov:========>                          24%]
[Progress:===============>              50%] [Cov:=========>                         27%]
[Progress:===============>              50%] [Cov:===========>                       32%]
[Progress:===============>              50%] [Cov:===========>                       34%]
[Progress:===============>              51%] [Cov:===========>                       33%]
[Progress:===============>              53%] [Cov:===========>                       32%]
[Progress:================>             55%] [Cov:=========>                         28%]
[Progress:================>             55%] [Cov:==========>                        30%]
[Progress:================>             55%] [Cov:==========>                        31%]
[Progress:================>             55%] [Cov:===========>                       32%]
[Progress:================>             55%] [Cov:===========>                       34%]
[Progress:================>             56%] [Cov:==========>                        31%]
[Progress:================>             56%] [Cov:===========>                       32%]
[Progress:================>             56%] [Cov:===========>                       33%]
[Progress:================>             56%] [Cov:===========>                       34%]
[Progress:=================>            58%] [Cov:===========>                       32%]
[Progress:=================>            58%] [Cov:===========>                       34%]
[Progress:==================>           60%] [Cov:========>                          25%]
[Progress:==================>           60%] [Cov:=========>                         28%]
[Progress:==================>           60%] [Cov:===========>                       32%]
[Progress:==================>           60%] [Cov:===========>                       33%]
[Progress:==================>           60%] [Cov:===========>                       34%]
[Progress:==================>           60%] [Cov:============>                      35%]
[Progress:==================>           60%] [Cov:============>                      35%]
[Progress:==================>           61%] [Cov:===========>                       32%]
[Progress:==================>           61%] [Cov:===========>                       34%]
[Progress:==================>           63%] [Cov:===========>                       32%]
[Progress:==================>           63%] [Cov:===========>                       33%]
[Progress:==================>           63%] [Cov:============>                      35%]
[Progress:===================>          65%] [Cov:==========>                        29%]
[Progress:===================>          65%] [Cov:==========>                        31%]
[Progress:===================>          65%] [Cov:===========>                       34%]
[Progress:===================>          65%] [Cov:============>                      35%]
[Progress:===================>          65%] [Cov:============>                      35%]
[Progress:===================>          66%] [Cov:===========>                       34%]
[Progress:====================>         68%] [Cov:===========>                       32%]
[Progress:====================>         68%] [Cov:===========>                       34%]
[Progress:====================>         68%] [Cov:============>                      35%]
[Progress:=====================>        70%] [Cov:===========>                       32%]
[Progress:=====================>        70%] [Cov:===========>                       33%]
[Progress:=====================>        70%] [Cov:===========>                       34%]
[Progress:=====================>        70%] [Cov:============>                      35%]
[Progress:=====================>        70%] [Cov:============>                      35%]
[Progress:=====================>        71%] [Cov:==========>                        30%]
[Progress:=====================>        71%] [Cov:===========>                       34%]
[Progress:=====================>        71%] [Cov:============>                      35%]
[Progress:=====================>        73%] [Cov:===========>                       33%]
[Progress:=====================>        73%] [Cov:===========>                       34%]
[Progress:=====================>        73%] [Cov:============>                      35%]
[Progress:======================>       75%] [Cov:=========>                         28%]
[Progress:======================>       75%] [Cov:===========>                       33%]
[Progress:======================>       75%] [Cov:===========>                       34%]
[Progress:======================>       75%] [Cov:============>                      35%]
[Progress:======================>       76%] [Cov:============>                      35%]
[Progress:=======================>      78%] [Cov:===========>                       34%]
[Progress:=======================>      78%] [Cov:============>                      35%]
[Progress:========================>     80%] [Cov:===========>                       34%]
[Progress:========================>     80%] [Cov:============>                      35%]
[Progress:========================>     81%] [Cov:===========>                       34%]
[Progress:========================>     81%] [Cov:============>                      35%]
[Progress:========================>     81%] [Cov:============>                      36%]
[Progress:========================>     81%] [Cov:============>                      36%]
[Progress:========================>     83%] [Cov:============>                      36%]
[Progress:=========================>    85%] [Cov:============>                      35%]
[Progress:=========================>    86%] [Cov:===========>                       33%]
[Progress:=========================>    86%] [Cov:===========>                       34%]
[Progress:=========================>    86%] [Cov:============>                      35%]
[Progress:=========================>    86%] [Cov:============>                      36%]
[Progress:==========================>   88%] [Cov:============>                      35%]
[Progress:==========================>   88%] [Cov:============>                      36%]
[Progress:==========================>   88%] [Cov:============>                      36%]
[Progress:===========================>  90%] [Cov:============>                      35%]
[Progress:===========================>  90%] [Cov:============>                      36%]
[Progress:===========================>  91%] [Cov:============>                      35%]
[Progress:===========================>  91%] [Cov:============>                      36%]
[Progress:===========================>  93%] [Cov:============>                      36%]
[Progress:===========================>  93%] [Cov:============>                      37%]
[Progress:============================> 95%] [Cov:============>                      35%]
[Progress:============================> 95%] [Cov:============>                      36%]
[Progress:============================> 95%] [Cov:============>                      37%]
[Progress:============================> 96%] [Cov:============>                      35%]
[Progress:============================> 96%] [Cov:============>                      37%]
[Progress:=============================>98%] [Cov:============>                      37%]
[Progress:==============================100%] [Cov:============>                      35%]
[Progress:==============================100%] [Cov:============>                      36%]
[Progress:==============================100%] [Cov:============>                      37%]
[Progress:==============================100%] [Cov:============>                      37%]
[Progress:==============================100%] [Cov:===========>                       34%]
[Progress:==============================100%] [Cov:============>                      36%]
[Progress:==============================100%] [Cov:============>                      37%]
[Progress:==============================100%] [Cov:============>                      36%]
[Progress:==============================100%] [Cov:============>                      37%]
[Progress:==============================100%] [Cov:=============>                     38%]
[Progress:==============================100%] [Cov:==========>                        30%]
[Progress:==============================100%] [Cov:===========>                       34%]
[Progress:==============================100%] [Cov:============>                      35%]
[Progress:==============================100%] [Cov:============>                      36%]
[Progress:==============================100%] [Cov:============>                      36%]
[Progress:==============================100%] [Cov:============>                      37%]
[Progress:==============================100%] [Cov:=============>                     38%]
[Progress:==============================100%] [Cov:=============>                     38%]
* Search finished after 65s and 18 generations, 10668 statements, best individual has fitness: 2658.992957746479
* Minimizing test suite
* Going to analyze the coverage criteria
* Coverage analysis for criterion LINE
* Coverage of criterion LINE: 48%
* Total number of goals: 271
* Number of covered goals: 130
* Coverage analysis for criterion BRANCH
* Coverage of criterion BRANCH: 41%
* Total number of goals: 292
* Number of covered goals: 119
* Coverage analysis for criterion EXCEPTION
* Coverage of criterion EXCEPTION: 10%
* Total number of goals: 10
* Number of covered goals: 1
* Coverage analysis for criterion WEAKMUTATION
* Coverage of criterion WEAKMUTATION: 50%
* Total number of goals: 390
* Number of covered goals: 195
* Coverage analysis for criterion OUTPUT
* Coverage of criterion OUTPUT: 10%
* Total number of goals: 1600
* Number of covered goals: 161
* Coverage analysis for criterion METHOD
* Coverage of criterion METHOD: 19%
* Total number of goals: 105
* Number of covered goals: 20
* Coverage analysis for criterion METHODNOEXCEPTION
* Coverage of criterion METHODNOEXCEPTION: 18%
* Total number of goals: 105
* Number of covered goals: 19
* Coverage analysis for criterion CBRANCH
* Coverage of criterion CBRANCH: 29%
* Total number of goals: 292
* Number of covered goals: 85
* Generated 22 tests with total length 114
* Resulting test suite's coverage: 38% (average coverage for all fitness functions)
* Generating assertions
* Resulting test suite's mutation score: 28%
* Compiling and checking tests
* Writing tests to file
* Writing JUnit test case 'JSType_ESTest' to evosuite-tests
* Done!

* Computation finished

