CMD: /usr/lib/jvm/java-8-openjdk-amd64/bin/java -Dtools_jar_location=/usr/lib/jvm/java-8-openjdk-amd64/lib/tools.jar -jar /home/pizza/TestRound2/evosuite-1.2.0.jar -generateSuite -class com.google.javascript.jscomp.FunctionRewriter -projectCP /home/pizza/TestRound2/Test/Closure-55b/build/classes:/home/pizza/TestRound2/Test/Closure-55b/lib/args4j.jar:/home/pizza/TestRound2/Test/Closure-55b/lib/guava.jar:/home/pizza/TestRound2/Test/Closure-55b/lib/json.jar:/home/pizza/TestRound2/Test/Closure-55b/lib/jsr305.jar:/home/pizza/TestRound2/Test/Closure-55b/lib/protobuf-java.jar:/home/pizza/TestRound2/Test/Closure-55b/build/lib/rhino.jar:/home/pizza/TestRound2/Test/Closure-55b/lib/ant.jar -base_dir /home/pizza/TestRound2/results/project-Closure/Closure-55/round03/evosuite-work -seed 11 -Dalgorithm=NSGAII -Dsearch_budget=60 -Dtest_format=JUNIT4 -Dassertions=true

* EvoSuite 1.2.0
* Going to generate test cases for class: com.google.javascript.jscomp.FunctionRewriter
* Starting Client-0
* Connecting to master process on port 8224
* Analyzing classpath: 
  - /home/pizza/TestRound2/Test/Closure-55b/build/classes
  - /home/pizza/TestRound2/Test/Closure-55b/lib/args4j.jar
  - /home/pizza/TestRound2/Test/Closure-55b/lib/guava.jar
  - /home/pizza/TestRound2/Test/Closure-55b/lib/json.jar
  - /home/pizza/TestRound2/Test/Closure-55b/lib/jsr305.jar
  - /home/pizza/TestRound2/Test/Closure-55b/lib/protobuf-java.jar
  - /home/pizza/TestRound2/Test/Closure-55b/build/lib/rhino.jar
  - /home/pizza/TestRound2/Test/Closure-55b/lib/ant.jar
* Finished analyzing classpath
* Generating tests for class com.google.javascript.jscomp.FunctionRewriter
* Test criteria:
  - Line Coverage
  - Branch Coverage
  - Exception
  - Mutation testing (weak)
  - Method-Output Coverage
  - Top-Level Method Coverage
  - No-Exception Top-Level Method Coverage
  - Context Branch Coverage
* Setting up search algorithm for whole suite generation
* Total number of test goals: 
  - Line 155
  - Branch 94
  - Exception 0
  - MutationFactory 276
  - Output 50
  - Method 19
  - MethodNoException 19
  - CBranchFitnessFactory 94
* Using seed 11
* Starting evolution

[Progress:>                             0%] [Cov:>                                  0%]
[Progress:===>                          10%] [Cov:>                                  0%]
[Progress:===>                          11%] [Cov:>                                  0%]
[Progress:===>                          11%] [Cov:====>                              12%]
[Progress:===>                          13%] [Cov:=>                                 3%]
[Progress:===>                          13%] [Cov:=>                                 5%]
[Progress:===>                          13%] [Cov:======>                            18%]
[Progress:===>                          13%] [Cov:======>                            19%]
[Progress:===>                          13%] [Cov:=======>                           21%]
[Progress:===>                          13%] [Cov:=======>                           22%]
[Progress:====>                         15%] [Cov:>                                  0%]
[Progress:====>                         15%] [Cov:=>                                 5%]
[Progress:====>                         15%] [Cov:======>                            18%]
[Progress:====>                         15%] [Cov:======>                            19%]
[Progress:====>                         15%] [Cov:=======>                           21%]
[Progress:====>                         15%] [Cov:=======>                           22%]
[Progress:====>                         16%] [Cov:>                                  0%]
[Progress:====>                         16%] [Cov:====>                              12%]
[Progress:====>                         16%] [Cov:======>                            18%]
[Progress:=====>                        18%] [Cov:====>                              12%]
[Progress:=====>                        18%] [Cov:======>                            18%]
[Progress:=====>                        18%] [Cov:======>                            19%]
[Progress:=====>                        18%] [Cov:=======>                           21%]
[Progress:=====>                        18%] [Cov:=======>                           22%]
[Progress:======>                       20%] [Cov:>                                  1%]
[Progress:======>                       20%] [Cov:====>                              14%]
[Progress:======>                       20%] [Cov:=====>                             15%]
[Progress:======>                       21%] [Cov:=>                                 5%]
[Progress:======>                       21%] [Cov:======>                            18%]
[Progress:======>                       21%] [Cov:======>                            19%]
[Progress:======>                       21%] [Cov:=======>                           21%]
[Progress:======>                       21%] [Cov:=======>                           22%]
[Progress:======>                       21%] [Cov:=======>                           22%]
[Progress:======>                       23%] [Cov:====>                              13%]
[Progress:======>                       23%] [Cov:=======>                           22%]
[Progress:======>                       23%] [Cov:========>                          23%]
[Progress:======>                       23%] [Cov:========>                          23%]
[Progress:=======>                      25%] [Cov:=====>                             15%]
[Progress:=======>                      25%] [Cov:========>                          23%]
[Progress:=======>                      25%] [Cov:========>                          23%]
[Progress:=======>                      25%] [Cov:========>                          23%]
[Progress:=======>                      26%] [Cov:========>                          23%]
[Progress:=======>                      26%] [Cov:========>                          23%]
[Progress:========>                     28%] [Cov:========>                          23%]
[Progress:========>                     28%] [Cov:========>                          23%]
[Progress:========>                     28%] [Cov:========>                          23%]
[Progress:=========>                    30%] [Cov:========>                          23%]
[Progress:=========>                    30%] [Cov:========>                          23%]
[Progress:=========>                    30%] [Cov:========>                          23%]
[Progress:=========>                    31%] [Cov:========>                          23%]
[Progress:=========>                    31%] [Cov:========>                          23%]
[Progress:=========>                    31%] [Cov:========>                          23%]
[Progress:=========>                    33%] [Cov:========>                          23%]
[Progress:=========>                    33%] [Cov:========>                          23%]
[Progress:=========>                    33%] [Cov:========>                          23%]
[Progress:==========>                   35%] [Cov:========>                          23%]
[Progress:==========>                   35%] [Cov:========>                          23%]
[Progress:==========>                   35%] [Cov:========>                          23%]
[Progress:==========>                   36%] [Cov:========>                          23%]
[Progress:==========>                   36%] [Cov:========>                          23%]
[Progress:==========>                   36%] [Cov:========>                          23%]
[Progress:==========>                   36%] [Cov:========>                          23%]
[Progress:===========>                  38%] [Cov:========>                          23%]
[Progress:===========>                  38%] [Cov:========>                          23%]
[Progress:===========>                  38%] [Cov:========>                          23%]
[Progress:============>                 40%] [Cov:========>                          23%]
[Progress:============>                 40%] [Cov:========>                          23%]
[Progress:============>                 40%] [Cov:========>                          23%]
[Progress:============>                 41%] [Cov:========>                          23%]
[Progress:============>                 41%] [Cov:========>                          23%]
[Progress:============>                 41%] [Cov:========>                          23%]
[Progress:============>                 41%] [Cov:========>                          23%]
[Progress:============>                 41%] [Cov:========>                          23%]
[Progress:============>                 43%] [Cov:========>                          23%]
[Progress:============>                 43%] [Cov:========>                          23%]
[Progress:============>                 43%] [Cov:========>                          23%]
[Progress:=============>                45%] [Cov:========>                          23%]
[Progress:=============>                45%] [Cov:========>                          23%]
[Progress:=============>                45%] [Cov:========>                          23%]
[Progress:=============>                45%] [Cov:========>                          24%]
[Progress:=============>                45%] [Cov:========>                          24%]
[Progress:=============>                45%] [Cov:========>                          24%]
[Progress:=============>                46%] [Cov:========>                          23%]
[Progress:=============>                46%] [Cov:========>                          24%]
[Progress:=============>                46%] [Cov:========>                          24%]
[Progress:=============>                46%] [Cov:========>                          24%]
[Progress:=============>                46%] [Cov:========>                          24%]
[Progress:==============>               48%] [Cov:========>                          24%]
[Progress:==============>               48%] [Cov:========>                          24%]
[Progress:==============>               48%] [Cov:========>                          24%]
[Progress:==============>               48%] [Cov:========>                          24%]
[Progress:===============>              50%] [Cov:========>                          24%]
[Progress:===============>              50%] [Cov:========>                          24%]
[Progress:===============>              50%] [Cov:========>                          24%]
[Progress:===============>              51%] [Cov:========>                          23%]
[Progress:===============>              51%] [Cov:========>                          24%]
[Progress:===============>              51%] [Cov:========>                          24%]
[Progress:===============>              51%] [Cov:========>                          24%]
[Progress:===============>              51%] [Cov:========>                          24%]
[Progress:===============>              53%] [Cov:========>                          24%]
[Progress:===============>              53%] [Cov:========>                          24%]
[Progress:===============>              53%] [Cov:========>                          24%]
[Progress:================>             55%] [Cov:========>                          24%]
[Progress:================>             55%] [Cov:========>                          24%]
[Progress:================>             55%] [Cov:========>                          24%]
[Progress:================>             56%] [Cov:========>                          24%]
[Progress:================>             56%] [Cov:========>                          24%]
[Progress:================>             56%] [Cov:========>                          24%]
[Progress:=================>            58%] [Cov:========>                          24%]
[Progress:=================>            58%] [Cov:========>                          24%][MASTER] 10:10:40.645 [logback-1] WARN  TestCluster - Failed to check cache for java.util.Enumeration<E> : Type points to itself

[Progress:=================>            58%] [Cov:========>                          24%]
[Progress:==================>           60%] [Cov:========>                          23%]
[Progress:==================>           60%] [Cov:========>                          24%]
[Progress:==================>           60%] [Cov:========>                          24%]
[Progress:==================>           61%] [Cov:========>                          24%]
[Progress:==================>           61%] [Cov:========>                          24%]
[Progress:==================>           61%] [Cov:========>                          24%]
[Progress:==================>           61%] [Cov:========>                          24%]
[Progress:==================>           63%] [Cov:=======>                           22%]
[Progress:==================>           63%] [Cov:========>                          24%]
[Progress:==================>           63%] [Cov:========>                          24%]
[Progress:==================>           63%] [Cov:========>                          24%]
[Progress:===================>          65%] [Cov:========>                          24%]
[Progress:===================>          65%] [Cov:========>                          24%]
[Progress:=====================>        73%] [Cov:========>                          23%]
[Progress:=====================>        73%] [Cov:========>                          24%]
[Progress:=====================>        73%] [Cov:========>                          24%]
[Progress:=====================>        73%] [Cov:========>                          24%]
[Progress:======================>       75%] [Cov:========>                          24%]
[Progress:======================>       75%] [Cov:========>                          24%]
[Progress:======================>       75%] [Cov:========>                          24%]
[Progress:======================>       76%] [Cov:========>                          24%]
[Progress:======================>       76%] [Cov:========>                          24%]
[Progress:======================>       76%] [Cov:========>                          24%]
[Progress:=======================>      78%] [Cov:========>                          23%]
[Progress:=======================>      78%] [Cov:========>                          24%]
[Progress:=======================>      78%] [Cov:========>                          24%]
[Progress:=======================>      78%] [Cov:========>                          24%]
[Progress:=======================>      78%] [Cov:========>                          24%]
[Progress:========================>     80%] [Cov:========>                          24%]
[Progress:========================>     80%] [Cov:========>                          24%]
[Progress:========================>     80%] [Cov:========>                          24%]
[Progress:========================>     81%] [Cov:========>                          24%]
[Progress:========================>     81%] [Cov:========>                          23%]
[Progress:========================>     81%] [Cov:========>                          24%]
[Progress:========================>     81%] [Cov:========>                          23%]
[Progress:========================>     81%] [Cov:========>                          24%]
[Progress:========================>     81%] [Cov:========>                          23%]
[Progress:========================>     81%] [Cov:========>                          24%]
[Progress:========================>     81%] [Cov:========>                          23%]
[Progress:========================>     81%] [Cov:========>                          24%]
[Progress:========================>     83%] [Cov:========>                          23%]
[Progress:========================>     83%] [Cov:========>                          24%]
[Progress:========================>     83%] [Cov:========>                          23%]
[Progress:========================>     83%] [Cov:========>                          24%]
[Progress:========================>     83%] [Cov:========>                          23%]
[Progress:========================>     83%] [Cov:========>                          24%]
[Progress:========================>     83%] [Cov:========>                          23%]
[Progress:========================>     83%] [Cov:========>                          24%]
[Progress:=========================>    85%] [Cov:========>                          23%]
[Progress:=========================>    85%] [Cov:========>                          24%]
[Progress:=========================>    85%] [Cov:========>                          23%]
[Progress:=========================>    85%] [Cov:========>                          24%]
[Progress:=========================>    85%] [Cov:========>                          23%]
[Progress:=========================>    85%] [Cov:========>                          24%]
[Progress:=========================>    86%] [Cov:========>                          24%]
[Progress:=========================>    86%] [Cov:========>                          23%]
[Progress:=========================>    86%] [Cov:========>                          24%]
[Progress:=========================>    86%] [Cov:========>                          23%]
[Progress:=========================>    86%] [Cov:========>                          24%]
[Progress:=========================>    86%] [Cov:========>                          23%]
[Progress:=========================>    86%] [Cov:========>                          24%]
[Progress:=========================>    86%] [Cov:========>                          23%]
[Progress:=========================>    86%] [Cov:========>                          24%]
[Progress:==========================>   88%] [Cov:========>                          24%]
[Progress:==========================>   88%] [Cov:========>                          23%]
[Progress:==========================>   88%] [Cov:========>                          24%]
[Progress:==========================>   88%] [Cov:========>                          23%]
[Progress:==========================>   88%] [Cov:========>                          24%]
[Progress:==========================>   88%] [Cov:========>                          23%]
[Progress:==========================>   88%] [Cov:========>                          24%]
[Progress:===========================>  90%] [Cov:========>                          24%]
[Progress:===========================>  90%] [Cov:========>                          23%]
[Progress:===========================>  90%] [Cov:========>                          24%]
[Progress:============================> 96%] [Cov:========>                          24%]
[Progress:=============================>98%] [Cov:========>                          23%]
[Progress:=============================>98%] [Cov:========>                          24%]
[Progress:==============================100%] [Cov:========>                          23%]
[Progress:==============================100%] [Cov:========>                          24%]
[Progress:==============================100%] [Cov:========>                          23%]
[Progress:==============================100%] [Cov:========>                          24%]
[Progress:==============================100%] [Cov:========>                          24%]
[Progress:==============================100%] [Cov:========>                          23%]
* Search finished after 62s and 89 generations, 20845 statements, best individual has fitness: 712.9913043445665
* Minimizing test suite
* Going to analyze the coverage criteria
* Coverage analysis for criterion LINE
* Coverage of criterion LINE: 26%
* Total number of goals: 155
* Number of covered goals: 41
* Coverage analysis for criterion BRANCH
* Coverage of criterion BRANCH: 19%
* Total number of goals: 94
* Number of covered goals: 18
* Coverage analysis for criterion EXCEPTION
* Coverage of criterion EXCEPTION: 33%
* Total number of goals: 3
* Number of covered goals: 1
* Coverage analysis for criterion WEAKMUTATION
* Coverage of criterion WEAKMUTATION: 5%
* Total number of goals: 276
* Number of covered goals: 15
* Coverage analysis for criterion OUTPUT
* Coverage of criterion OUTPUT: 0%
* Total number of goals: 50
* Number of covered goals: 0
* Coverage analysis for criterion METHOD
* Coverage of criterion METHOD: 16%
* Total number of goals: 19
* Number of covered goals: 3
* Coverage analysis for criterion METHODNOEXCEPTION
* Coverage of criterion METHODNOEXCEPTION: 11%
* Total number of goals: 19
* Number of covered goals: 2
* Coverage analysis for criterion CBRANCH
* Coverage of criterion CBRANCH: 19%
* Total number of goals: 94
* Number of covered goals: 18
* Generated 2 tests with total length 7
* Resulting test suite's coverage: 24% (average coverage for all fitness functions)
* Generating assertions
* Resulting test suite's mutation score: 3%
* Compiling and checking tests
* Permissions denied during test execution: 
  - java.lang.RuntimePermission: 
         writeFileDescriptor: 1
* Writing tests to file
* Writing JUnit test case 'FunctionRewriter_ESTest' to evosuite-tests
* Done!

* Computation finished

