CMD: /usr/lib/jvm/java-8-openjdk-amd64/bin/java -Dtools_jar_location=/usr/lib/jvm/java-8-openjdk-amd64/lib/tools.jar -jar /home/pizza/evosuite/evosuite-1.2.0.jar -generateSuite -class org.joda.time.tz.ZoneInfoCompiler -projectCP /home/pizza/evosuite/Test/Time-11b/target/classes:/home/pizza/defects4j/framework/projects/Time/lib/org/joda/joda-convert/1.2/joda-convert-1.2.jar -base_dir /home/pizza/evosuite/results/project-Time/Time-11/round02/evosuite-work -seed 11 -Dalgorithm=NSGAII -Dsearch_budget=150 -Dtest_format=JUNIT4 -Dassertions=true

* EvoSuite 1.2.0
* Going to generate test cases for class: org.joda.time.tz.ZoneInfoCompiler
* Starting Client-0
* Connecting to master process on port 8222
* Analyzing classpath: 
  - /home/pizza/evosuite/Test/Time-11b/target/classes
  - /home/pizza/defects4j/framework/projects/Time/lib/org/joda/joda-convert/1.2/joda-convert-1.2.jar
* Finished analyzing classpath
* Generating tests for class org.joda.time.tz.ZoneInfoCompiler
* Test criteria:
  - Line Coverage
  - Branch Coverage
  - Exception
  - Mutation testing (weak)
  - Method-Output Coverage
  - Top-Level Method Coverage
  - No-Exception Top-Level Method Coverage
  - Context Branch Coverage
* Setting up search algorithm for whole suite generation
* Total number of test goals: 
  - Line 390
  - Branch 230
  - Exception 0
  - MutationFactory 808
  - Output 32
  - Method 25
  - MethodNoException 25
  - CBranchFitnessFactory 230

[Progress:>                             0%] [Cov:>                                  0%]* Using seed 11
* Starting evolution
[MASTER] 15:21:53.763 [logback-1] WARN  TestCluster - Failed to check cache for java.util.AbstractMap<K, V>.SimpleImmutableEntry<K, V> : Type points to itself

[Progress:>                             0%] [Cov:>                                  0%]
[Progress:>                             3%] [Cov:>                                  0%]
[Progress:>                             3%] [Cov:>                                  1%]
[Progress:>                             3%] [Cov:====>                              13%]
[Progress:>                             3%] [Cov:====>                              14%]
[Progress:>                             3%] [Cov:=====>                             16%]
[Progress:>                             3%] [Cov:=====>                             17%]
[Progress:>                             3%] [Cov:======>                            19%]
[Progress:>                             3%] [Cov:========>                          24%]
[Progress:>                             3%] [Cov:=========>                         28%]
[Progress:=>                            6%] [Cov:>                                  1%]
[Progress:==>                           7%] [Cov:>                                  1%]
[Progress:==>                           7%] [Cov:>                                  2%]
[Progress:==>                           7%] [Cov:====>                              14%]
[Progress:==>                           7%] [Cov:=====>                             15%]
[Progress:==>                           7%] [Cov:======>                            19%]
[Progress:==>                           7%] [Cov:=======>                           21%]
[Progress:==>                           7%] [Cov:========>                          24%]
[Progress:==>                           7%] [Cov:=========>                         28%]
[Progress:==>                           7%] [Cov:===========>                       32%]
[Progress:==>                           7%] [Cov:===========>                       33%]
[Progress:==>                           8%] [Cov:>                                  0%]
[Progress:==>                           8%] [Cov:>                                  2%]
[Progress:==>                           8%] [Cov:=>                                 3%]
[Progress:==>                           8%] [Cov:====>                              13%]
[Progress:==>                           8%] [Cov:=====>                             16%]
[Progress:==>                           8%] [Cov:=====>                             17%]
[Progress:==>                           8%] [Cov:=======>                           20%]
[Progress:==>                           8%] [Cov:=======>                           21%]
[Progress:==>                           8%] [Cov:=======>                           22%]
[Progress:==>                           8%] [Cov:========>                          23%]
[Progress:==>                           8%] [Cov:========>                          25%]
[Progress:==>                           8%] [Cov:==========>                        29%]
[Progress:==>                           8%] [Cov:==========>                        30%]
[Progress:===>                          11%] [Cov:>                                  0%]
[Progress:===>                          11%] [Cov:>                                  1%]
[Progress:===>                          11%] [Cov:====>                              13%]
[Progress:===>                          11%] [Cov:=====>                             15%]
[Progress:===>                          11%] [Cov:=====>                             16%]
[Progress:===>                          11%] [Cov:=====>                             17%]
[Progress:===>                          11%] [Cov:======>                            18%]
[Progress:===>                          11%] [Cov:=======>                           20%]
[Progress:===>                          11%] [Cov:=======>                           22%]
[Progress:===>                          11%] [Cov:========>                          24%]
[Progress:===>                          11%] [Cov:=========>                         28%]
[Progress:===>                          12%] [Cov:========>                          24%]
[Progress:===>                          12%] [Cov:========>                          25%]
[Progress:===>                          12%] [Cov:=========>                         26%]
[Progress:===>                          12%] [Cov:==========>                        30%]
[Progress:===>                          12%] [Cov:===========>                       33%]
[Progress:===>                          12%] [Cov:=========>                         27%]
[Progress:===>                          12%] [Cov:=========>                         28%]
[Progress:===>                          12%] [Cov:===========>                       32%]
[Progress:===>                          12%] [Cov:===========>                       33%]
[Progress:===>                          12%] [Cov:===========>                       34%]
[Progress:===>                          12%] [Cov:===========>                       33%]
[Progress:===>                          12%] [Cov:===========>                       34%]
[Progress:===>                          12%] [Cov:============>                      35%]
[Progress:===>                          13%] [Cov:========>                          24%]
[Progress:===>                          13%] [Cov:==========>                        31%]
[Progress:===>                          13%] [Cov:===========>                       32%]
[Progress:===>                          13%] [Cov:===========>                       34%]
[Progress:===>                          13%] [Cov:============>                      35%]
[Progress:===>                          13%] [Cov:============>                      35%]
[Progress:====>                         16%] [Cov:=========>                         28%]
[Progress:====>                         16%] [Cov:===========>                       33%]
[Progress:====>                         16%] [Cov:===========>                       34%]
[Progress:====>                         16%] [Cov:============>                      35%]
[Progress:=====>                        17%] [Cov:=========>                         27%]
[Progress:=====>                        17%] [Cov:============>                      35%]
[Progress:=====>                        17%] [Cov:============>                      35%]
[Progress:=====>                        17%] [Cov:============>                      36%]
[Progress:=====>                        18%] [Cov:===========>                       34%]
[Progress:=====>                        18%] [Cov:============>                      35%]
[Progress:=====>                        18%] [Cov:============>                      36%]
[Progress:=====>                        18%] [Cov:============>                      35%]
[Progress:=====>                        18%] [Cov:============>                      36%]
[Progress:=====>                        18%] [Cov:============>                      35%]
[Progress:=====>                        18%] [Cov:============>                      36%]
[Progress:=====>                        18%] [Cov:============>                      37%]
[Progress:=====>                        19%] [Cov:===========>                       34%]
[Progress:=====>                        19%] [Cov:============>                      36%]
[Progress:=====>                        19%] [Cov:============>                      37%]
[Progress:=====>                        19%] [Cov:============>                      37%]
[Progress:======>                       20%] [Cov:===========>                       34%]
[Progress:======>                       20%] [Cov:============>                      35%]
[Progress:======>                       20%] [Cov:============>                      37%]
[Progress:======>                       20%] [Cov:=============>                     38%]
[Progress:======>                       20%] [Cov:============>                      37%]
[Progress:======>                       20%] [Cov:=============>                     38%]
[Progress:======>                       20%] [Cov:============>                      37%]
[Progress:======>                       20%] [Cov:=============>                     38%]
[Progress:======>                       21%] [Cov:============>                      36%]
[Progress:======>                       21%] [Cov:============>                      37%]
[Progress:======>                       21%] [Cov:=============>                     38%]
[Progress:======>                       21%] [Cov:=============>                     38%]
[Progress:======>                       22%] [Cov:============>                      36%]
[Progress:======>                       22%] [Cov:============>                      37%]
[Progress:======>                       22%] [Cov:=============>                     38%]
[Progress:======>                       22%] [Cov:============>                      36%]
[Progress:======>                       22%] [Cov:=============>                     38%]
[Progress:======>                       22%] [Cov:=============>                     39%]
[Progress:======>                       22%] [Cov:=============>                     38%]
[Progress:======>                       22%] [Cov:=============>                     39%]
[Progress:======>                       23%] [Cov:============>                      37%]
[Progress:======>                       23%] [Cov:=============>                     38%]
[Progress:======>                       23%] [Cov:=============>                     39%]
[Progress:======>                       23%] [Cov:=============>                     39%]
[Progress:======>                       23%] [Cov:==============>                    40%]
[Progress:======>                       23%] [Cov:=============>                     39%]
[Progress:=======>                      24%] [Cov:=============>                     39%]
[Progress:=======>                      24%] [Cov:==============>                    40%]
[Progress:=======>                      24%] [Cov:=============>                     38%]
[Progress:=======>                      24%] [Cov:=============>                     39%]
[Progress:=======>                      24%] [Cov:==============>                    40%]
[Progress:=======>                      24%] [Cov:==============>                    41%]
[Progress:=======>                      24%] [Cov:=============>                     39%]
[Progress:=======>                      25%] [Cov:==========>                        31%]
[Progress:=======>                      25%] [Cov:=============>                     39%]
[Progress:=======>                      25%] [Cov:==============>                    40%]
[Progress:=======>                      25%] [Cov:==============>                    41%]
[Progress:=======>                      25%] [Cov:==============>                    42%]
[Progress:=======>                      25%] [Cov:===============>                   43%]
[Progress:=======>                      25%] [Cov:===============>                   43%]
[Progress:=======>                      26%] [Cov:=============>                     39%]
[Progress:=======>                      26%] [Cov:==============>                    40%]
[Progress:=======>                      26%] [Cov:==============>                    41%]
[Progress:=======>                      26%] [Cov:==============>                    42%]
[Progress:=======>                      26%] [Cov:===============>                   43%]
[Progress:=======>                      26%] [Cov:===============>                   43%]
[Progress:========>                     27%] [Cov:===========>                       33%]
[Progress:========>                     27%] [Cov:==============>                    40%]
[Progress:========>                     27%] [Cov:==============>                    41%]
[Progress:========>                     27%] [Cov:==============>                    42%]
[Progress:========>                     27%] [Cov:===============>                   43%]
[Progress:========>                     27%] [Cov:===============>                   43%]
[Progress:========>                     28%] [Cov:=============>                     39%]
[Progress:========>                     28%] [Cov:===============>                   43%]
[Progress:========>                     28%] [Cov:===============>                   43%]
[Progress:========>                     29%] [Cov:==============>                    41%]
[Progress:========>                     29%] [Cov:===============>                   43%]
[Progress:========>                     29%] [Cov:===============>                   43%]
[Progress:========>                     29%] [Cov:===============>                   44%]
[Progress:=========>                    30%] [Cov:==============>                    42%]
[Progress:=========>                    30%] [Cov:===============>                   43%]
[Progress:=========>                    30%] [Cov:===============>                   43%]
[Progress:=========>                    30%] [Cov:===============>                   44%]
[Progress:=========>                    30%] [Cov:===============>                   43%]
[Progress:=========>                    30%] [Cov:===============>                   44%]
[Progress:=========>                    31%] [Cov:===============>                   43%]
[Progress:=========>                    31%] [Cov:===============>                   44%]
[Progress:=========>                    31%] [Cov:===============>                   43%]
[Progress:=========>                    31%] [Cov:===============>                   44%]
[Progress:=========>                    32%] [Cov:==============>                    42%]
[Progress:=========>                    32%] [Cov:===============>                   43%]
[Progress:=========>                    32%] [Cov:===============>                   44%]
[Progress:=========>                    32%] [Cov:===============>                   43%]
[Progress:=========>                    32%] [Cov:===============>                   44%]
[Progress:=========>                    32%] [Cov:===============>                   44%]
[Progress:=========>                    33%] [Cov:===============>                   44%]
[Progress:==========>                   34%] [Cov:===============>                   43%]
[Progress:==========>                   34%] [Cov:===============>                   44%]
[Progress:==========>                   34%] [Cov:===============>                   44%]
[Progress:==========>                   34%] [Cov:===============>                   44%]
[Progress:==========>                   35%] [Cov:==============>                    42%]
[Progress:==========>                   35%] [Cov:===============>                   43%]
[Progress:==========>                   35%] [Cov:===============>                   44%]
[Progress:==========>                   35%] [Cov:===============>                   45%]
[Progress:==========>                   35%] [Cov:================>                  46%]
[Progress:==========>                   35%] [Cov:================>                  47%]
[Progress:==========>                   35%] [Cov:================>                  47%]
[Progress:==========>                   36%] [Cov:===============>                   44%]
[Progress:==========>                   36%] [Cov:===============>                   45%]
[Progress:==========>                   36%] [Cov:================>                  47%]
[Progress:==========>                   36%] [Cov:================>                  47%]
[Progress:===========>                  37%] [Cov:===============>                   45%]
[Progress:===========>                  37%] [Cov:================>                  46%]
[Progress:===========>                  37%] [Cov:================>                  47%]
[Progress:============>                 40%] [Cov:===============>                   45%]
[Progress:============>                 40%] [Cov:================>                  46%]
[Progress:============>                 40%] [Cov:================>                  47%]
[Progress:============>                 41%] [Cov:===============>                   45%]
[Progress:============>                 41%] [Cov:================>                  47%]
[Progress:============>                 42%] [Cov:===============>                   44%]
[Progress:============>                 42%] [Cov:===============>                   45%]
[Progress:============>                 42%] [Cov:================>                  46%]
[Progress:============>                 42%] [Cov:================>                  47%]
[Progress:============>                 42%] [Cov:================>                  47%]
[Progress:============>                 42%] [Cov:================>                  47%]
[Progress:============>                 43%] [Cov:================>                  47%]
[Progress:=============>                44%] [Cov:===============>                   45%]
[Progress:=============>                44%] [Cov:================>                  46%]
[Progress:=============>                44%] [Cov:================>                  47%]
[Progress:=============>                44%] [Cov:================>                  47%]
[Progress:=============>                45%] [Cov:================>                  47%]
[Progress:=============>                45%] [Cov:================>                  47%]
[Progress:=============>                46%] [Cov:===============>                   45%]
[Progress:=============>                46%] [Cov:================>                  47%]
[Progress:=============>                46%] [Cov:================>                  47%]
[Progress:==============>               47%] [Cov:================>                  46%]
[Progress:==============>               47%] [Cov:================>                  47%]
[Progress:==============>               48%] [Cov:================>                  47%]
[Progress:==============>               48%] [Cov:================>                  47%]
[Progress:==============>               48%] [Cov:================>                  47%]
[Progress:==============>               49%] [Cov:===============>                   45%]
[Progress:==============>               49%] [Cov:================>                  47%]
[Progress:===============>              50%] [Cov:===============>                   45%]
[Progress:===============>              50%] [Cov:================>                  46%]
[Progress:===============>              50%] [Cov:================>                  47%]
[Progress:===============>              50%] [Cov:================>                  47%]
[Progress:===============>              51%] [Cov:================>                  47%]
[Progress:===============>              51%] [Cov:================>                  47%]
[Progress:===============>              52%] [Cov:================>                  46%]
[Progress:===============>              52%] [Cov:================>                  47%]
[Progress:===============>              52%] [Cov:================>                  46%]
[Progress:===============>              52%] [Cov:================>                  47%]
[Progress:===============>              53%] [Cov:================>                  47%]
[Progress:===============>              53%] [Cov:================>                  46%]
[Progress:===============>              53%] [Cov:================>                  47%]
[Progress:================>             54%] [Cov:================>                  47%]
[Progress:================>             54%] [Cov:================>                  47%]
[Progress:================>             55%] [Cov:================>                  46%]
[Progress:================>             55%] [Cov:================>                  47%]
[Progress:================>             55%] [Cov:================>                  47%]
[Progress:================>             56%] [Cov:================>                  47%]
[Progress:================>             56%] [Cov:================>                  46%]
[Progress:================>             56%] [Cov:================>                  47%]
[Progress:=================>            57%] [Cov:================>                  46%]
[Progress:=================>            57%] [Cov:================>                  47%]
[Progress:=================>            58%] [Cov:===============>                   45%]
[Progress:=================>            58%] [Cov:================>                  46%]
[Progress:=================>            58%] [Cov:================>                  47%]
[Progress:=================>            58%] [Cov:================>                  46%]
[Progress:=================>            58%] [Cov:================>                  47%]
[Progress:=================>            58%] [Cov:================>                  46%]
[Progress:=================>            58%] [Cov:================>                  47%]
[Progress:=================>            59%] [Cov:================>                  46%]
[Progress:=================>            59%] [Cov:================>                  47%]
[Progress:==================>           60%] [Cov:===============>                   45%]
[Progress:==================>           60%] [Cov:================>                  47%]
[Progress:==================>           60%] [Cov:================>                  46%]
[Progress:==================>           60%] [Cov:================>                  47%]
[Progress:==================>           61%] [Cov:================>                  47%]
[Progress:==================>           61%] [Cov:================>                  46%]
[Progress:==================>           61%] [Cov:================>                  47%]
[Progress:==================>           62%] [Cov:================>                  47%]
[Progress:==================>           62%] [Cov:================>                  46%]
[Progress:==================>           62%] [Cov:================>                  47%]
[Progress:==================>           63%] [Cov:================>                  47%]
[Progress:==================>           63%] [Cov:================>                  46%]
[Progress:==================>           63%] [Cov:================>                  47%]
[Progress:===================>          64%] [Cov:================>                  47%]
[Progress:===================>          64%] [Cov:================>                  46%]
[Progress:===================>          64%] [Cov:================>                  47%]
[Progress:===================>          65%] [Cov:================>                  46%]
[Progress:===================>          66%] [Cov:================>                  47%]
[Progress:===================>          66%] [Cov:================>                  46%]
[Progress:===================>          66%] [Cov:================>                  47%]
[Progress:====================>         67%] [Cov:================>                  46%]
[Progress:====================>         67%] [Cov:================>                  47%]
[Progress:====================>         67%] [Cov:===============>                   45%]
[Progress:====================>         67%] [Cov:================>                  47%]
[Progress:====================>         68%] [Cov:================>                  47%]
[Progress:====================>         68%] [Cov:===============>                   45%]
[Progress:====================>         68%] [Cov:================>                  46%]
[Progress:====================>         68%] [Cov:================>                  47%]
[Progress:====================>         69%] [Cov:===============>                   45%]
[Progress:====================>         69%] [Cov:================>                  47%]
[Progress:====================>         69%] [Cov:===============>                   45%]
[Progress:====================>         69%] [Cov:================>                  47%]
[Progress:=====================>        70%] [Cov:================>                  47%]
[Progress:=====================>        70%] [Cov:================>                  48%]
[Progress:=====================>        70%] [Cov:================>                  48%]
[Progress:=====================>        71%] [Cov:===============>                   45%]
[Progress:=====================>        71%] [Cov:================>                  46%]
[Progress:=====================>        71%] [Cov:================>                  48%]
[Progress:=====================>        72%] [Cov:================>                  47%]
[Progress:=====================>        72%] [Cov:================>                  46%]
[Progress:=====================>        72%] [Cov:================>                  47%]
[Progress:=====================>        72%] [Cov:================>                  48%]
[Progress:=====================>        73%] [Cov:===============>                   45%]
[Progress:=====================>        73%] [Cov:================>                  46%]
[Progress:=====================>        73%] [Cov:================>                  46%]
[Progress:=====================>        73%] [Cov:================>                  48%]
[Progress:======================>       74%] [Cov:================>                  46%]
[Progress:======================>       74%] [Cov:================>                  47%]
[Progress:======================>       74%] [Cov:================>                  48%]
[Progress:======================>       74%] [Cov:================>                  46%]
[Progress:======================>       74%] [Cov:================>                  48%]
[Progress:======================>       75%] [Cov:================>                  47%]
[Progress:======================>       75%] [Cov:================>                  48%]
[Progress:======================>       75%] [Cov:=================>                 49%]
[Progress:======================>       76%] [Cov:================>                  48%]
[Progress:======================>       76%] [Cov:================>                  47%]
[Progress:======================>       76%] [Cov:================>                  48%]
[Progress:======================>       76%] [Cov:=================>                 49%]
[Progress:=======================>      77%] [Cov:================>                  46%]
[Progress:=======================>      77%] [Cov:=================>                 49%]
[Progress:=======================>      77%] [Cov:================>                  47%]
[Progress:=======================>      77%] [Cov:================>                  48%]
[Progress:=======================>      77%] [Cov:=================>                 49%]
[Progress:=======================>      78%] [Cov:================>                  46%]
[Progress:=======================>      78%] [Cov:================>                  48%]
[Progress:=======================>      78%] [Cov:=================>                 49%]
[Progress:=======================>      78%] [Cov:=================>                 50%]
[Progress:=======================>      78%] [Cov:=================>                 50%]
[Progress:=======================>      79%] [Cov:================>                  46%]
[Progress:=======================>      79%] [Cov:================>                  47%]
[Progress:=======================>      79%] [Cov:================>                  48%]
[Progress:=======================>      79%] [Cov:=================>                 49%]
[Progress:=======================>      79%] [Cov:=================>                 50%]
[Progress:========================>     80%] [Cov:================>                  47%]
[Progress:========================>     80%] [Cov:=================>                 50%]
[Progress:========================>     80%] [Cov:=================>                 50%]
[Progress:========================>     81%] [Cov:================>                  46%]
[Progress:========================>     81%] [Cov:================>                  47%]
[Progress:========================>     81%] [Cov:================>                  48%]
[Progress:========================>     81%] [Cov:=================>                 49%]
[Progress:========================>     82%] [Cov:================>                  47%]
[Progress:========================>     82%] [Cov:================>                  48%]
[Progress:========================>     82%] [Cov:=================>                 49%]
[Progress:========================>     82%] [Cov:=================>                 50%]
[Progress:========================>     82%] [Cov:=================>                 50%]
[Progress:========================>     83%] [Cov:================>                  47%]
[Progress:========================>     83%] [Cov:=================>                 50%]
[Progress:=========================>    86%] [Cov:=================>                 49%]
[Progress:=========================>    86%] [Cov:=================>                 50%]
[Progress:==========================>   87%] [Cov:===============>                   44%]
[Progress:==========================>   87%] [Cov:================>                  47%]
[Progress:==========================>   87%] [Cov:================>                  48%]
[Progress:==========================>   87%] [Cov:=================>                 50%]
[Progress:==========================>   88%] [Cov:================>                  48%]
[Progress:==========================>   88%] [Cov:=================>                 50%]
[Progress:==========================>   89%] [Cov:================>                  48%]
[Progress:==========================>   89%] [Cov:=================>                 50%]
[Progress:==========================>   89%] [Cov:=================>                 50%]
[Progress:===========================>  90%] [Cov:=================>                 50%]
[Progress:===========================>  90%] [Cov:=================>                 50%]
[Progress:===========================>  91%] [Cov:=================>                 50%]
[Progress:===========================>  91%] [Cov:=================>                 50%]
[Progress:===========================>  92%] [Cov:=================>                 50%]
[Progress:===========================>  92%] [Cov:=================>                 50%]
[Progress:===========================>  93%] [Cov:=================>                 50%]
[Progress:============================> 94%] [Cov:================>                  48%]
[Progress:============================> 94%] [Cov:=================>                 50%]
[Progress:============================> 94%] [Cov:=================>                 50%]
[Progress:============================> 95%] [Cov:=================>                 49%]
[Progress:============================> 95%] [Cov:=================>                 50%]
[Progress:============================> 96%] [Cov:=================>                 49%]
[Progress:============================> 96%] [Cov:=================>                 50%]
[Progress:============================> 96%] [Cov:=================>                 50%]
[Progress:=============================>97%] [Cov:================>                  48%]
[Progress:=============================>97%] [Cov:=================>                 50%]
[Progress:=============================>98%] [Cov:================>                  48%]
[Progress:=============================>98%] [Cov:=================>                 49%]
[Progress:=============================>98%] [Cov:=================>                 50%]
[Progress:=============================>98%] [Cov:=================>                 50%]
[Progress:=============================>99%] [Cov:=================>                 50%]
[Progress:==============================100%] [Cov:=================>                 49%]
[Progress:==============================100%] [Cov:=================>                 50%]
[Progress:==============================100%] [Cov:=================>                 50%]
[Progress:==============================100%] [Cov:=================>                 50%]
[Progress:==============================100%] [Cov:=================>                 50%]
* Search finished after 152s and 83 generations, 25225 statements, best individual has fitness: 1118.3976213225064
* Minimizing test suite
* Going to analyze the coverage criteria
* Coverage analysis for criterion LINE
* Coverage of criterion LINE: 47%
* Total number of goals: 390
* Number of covered goals: 183
* Coverage analysis for criterion BRANCH
* Coverage of criterion BRANCH: 42%
* Total number of goals: 230
* Number of covered goals: 96
* Coverage analysis for criterion EXCEPTION
* Coverage of criterion EXCEPTION: 55%
* Total number of goals: 20
* Number of covered goals: 11
* Coverage analysis for criterion WEAKMUTATION
* Coverage of criterion WEAKMUTATION: 41%
* Total number of goals: 808
* Number of covered goals: 329
* Coverage analysis for criterion OUTPUT
* Coverage of criterion OUTPUT: 25%
* Total number of goals: 32
* Number of covered goals: 8
* Coverage analysis for criterion METHOD
* Coverage of criterion METHOD: 80%
* Total number of goals: 25
* Number of covered goals: 20
* Coverage analysis for criterion METHODNOEXCEPTION
* Coverage of criterion METHODNOEXCEPTION: 64%
* Total number of goals: 25
* Number of covered goals: 16
* Coverage analysis for criterion CBRANCH
* Coverage of criterion CBRANCH: 41%
* Total number of goals: 230
* Number of covered goals: 95
* Generated 30 tests with total length 76
* Resulting test suite's coverage: 51% (average coverage for all fitness functions)
* Generating assertions
* Resulting test suite's mutation score: 12%
* Compiling and checking tests
[MASTER] 15:24:42.186 [logback-1] WARN  JUnitAnalyzer - Found unstable test named test26 -> class java.lang.NullPointerException: null
[MASTER] 15:24:42.186 [logback-1] WARN  JUnitAnalyzer - Failing test:
 ZoneInfoCompiler.verbose();

* Permissions denied during test execution: 
  - java.lang.RuntimePermission: 
         writeFileDescriptor: 2
* Writing tests to file
* Writing JUnit test case 'ZoneInfoCompiler_ESTest' to evosuite-tests
* Done!

* Computation finished

