CMD: /usr/lib/jvm/java-8-openjdk-amd64/bin/java -Dtools_jar_location=/usr/lib/jvm/java-8-openjdk-amd64/lib/tools.jar -jar /home/pizza/evosuite/evosuite-1.2.0.jar -generateSuite -class org.joda.time.Partial -projectCP /home/pizza/evosuite/Test/Time-4b/target/classes:/home/pizza/defects4j/framework/projects/Time/lib/org/joda/joda-convert/1.2/joda-convert-1.2.jar -base_dir /home/pizza/evosuite/results/project-Time/Time-4/round02/evosuite-work -seed 11 -Dalgorithm=NSGAII -Dsearch_budget=150 -Dtest_format=JUNIT4 -Dassertions=true

* EvoSuite 1.2.0
* Going to generate test cases for class: org.joda.time.Partial
* Starting Client-0
* Connecting to master process on port 8226
* Analyzing classpath: 
  - /home/pizza/evosuite/Test/Time-4b/target/classes
  - /home/pizza/defects4j/framework/projects/Time/lib/org/joda/joda-convert/1.2/joda-convert-1.2.jar
* Finished analyzing classpath
* Generating tests for class org.joda.time.Partial
* Test criteria:
  - Line Coverage
  - Branch Coverage
  - Exception
  - Mutation testing (weak)
  - Method-Output Coverage
  - Top-Level Method Coverage
  - No-Exception Top-Level Method Coverage
  - Context Branch Coverage
* Setting up search algorithm for whole suite generation
* Total number of test goals: 
  - Line 253
  - Branch 134
  - Exception 0
  - MutationFactory 465
  - Output 84
  - Method 45
  - MethodNoException 45
  - CBranchFitnessFactory 134

[Progress:>                             0%] [Cov:>                                  0%]* Using seed 11
* Starting evolution

[Progress:>                             0%] [Cov:>                                  0%]
[Progress:>                             0%] [Cov:>                                  1%]
[Progress:>                             0%] [Cov:=>                                 3%]
[Progress:>                             0%] [Cov:=>                                 5%]
[Progress:>                             0%] [Cov:====>                              14%]
[Progress:>                             0%] [Cov:=====>                             17%]
[Progress:>                             0%] [Cov:======>                            19%]
[Progress:>                             0%] [Cov:=======>                           22%]
[Progress:>                             0%] [Cov:========>                          24%]
[Progress:>                             0%] [Cov:========>                          25%]
[Progress:>                             1%] [Cov:>                                  1%]
[Progress:>                             1%] [Cov:=>                                 3%]
[Progress:>                             1%] [Cov:=>                                 5%]
[Progress:>                             1%] [Cov:====>                              14%]
[Progress:>                             1%] [Cov:======>                            18%]
[Progress:>                             1%] [Cov:=======>                           21%]
[Progress:>                             1%] [Cov:========>                          23%]
[Progress:>                             1%] [Cov:========>                          24%]
[Progress:>                             1%] [Cov:========>                          25%]
[Progress:>                             1%] [Cov:=========>                         26%]
[Progress:>                             1%] [Cov:=========>                         27%]
[Progress:>                             2%] [Cov:>                                  2%]
[Progress:>                             2%] [Cov:=>                                 4%]
[Progress:>                             2%] [Cov:=====>                             17%]
[Progress:>                             2%] [Cov:======>                            19%]
[Progress:>                             2%] [Cov:=======>                           22%]
[Progress:>                             2%] [Cov:========>                          25%]
[Progress:>                             2%] [Cov:=========>                         26%]
[Progress:>                             2%] [Cov:=========>                         27%]
[Progress:>                             2%] [Cov:=======>                           20%]
[Progress:>                             2%] [Cov:=======>                           22%]
[Progress:>                             2%] [Cov:========>                          23%]
[Progress:>                             2%] [Cov:========>                          25%]
[Progress:>                             2%] [Cov:=========>                         26%]
[Progress:>                             3%] [Cov:========>                          25%]
[Progress:>                             3%] [Cov:=========>                         26%]
[Progress:>                             3%] [Cov:=========>                         27%]
[Progress:>                             3%] [Cov:=======>                           22%]
[Progress:>                             3%] [Cov:========>                          25%]
[Progress:>                             3%] [Cov:=========>                         26%]
[Progress:>                             3%] [Cov:=========>                         27%]
[Progress:>                             3%] [Cov:=========>                         28%]
[Progress:>                             3%] [Cov:==========>                        30%]
[Progress:>                             3%] [Cov:==========>                        31%]
[Progress:=>                            4%] [Cov:======>                            19%]
[Progress:=>                            4%] [Cov:========>                          25%]
[Progress:=>                            4%] [Cov:=========>                         26%]
[Progress:=>                            4%] [Cov:=========>                         27%]
[Progress:=>                            4%] [Cov:=========>                         28%]
[Progress:=>                            4%] [Cov:=========>                         28%]
[Progress:=>                            4%] [Cov:==========>                        31%]
[Progress:=>                            4%] [Cov:===========>                       32%]
[Progress:=>                            4%] [Cov:=========>                         28%]
[Progress:=>                            4%] [Cov:==========>                        31%]
[Progress:=>                            4%] [Cov:===========>                       32%]
[Progress:=>                            5%] [Cov:=========>                         27%]
[Progress:=>                            5%] [Cov:==========>                        29%]
[Progress:=>                            5%] [Cov:==========>                        30%]
[Progress:=>                            5%] [Cov:==========>                        31%]
[Progress:=>                            5%] [Cov:===========>                       32%]
[Progress:=>                            5%] [Cov:===========>                       33%]
[Progress:=>                            5%] [Cov:==========>                        30%]
[Progress:=>                            5%] [Cov:==========>                        31%]
[Progress:=>                            5%] [Cov:===========>                       32%]
[Progress:=>                            5%] [Cov:===========>                       33%]
[Progress:=>                            5%] [Cov:===========>                       34%]
[Progress:=>                            5%] [Cov:============>                      35%]
[Progress:=>                            6%] [Cov:=========>                         28%]
[Progress:=>                            6%] [Cov:==========>                        31%]
[Progress:=>                            6%] [Cov:===========>                       32%]
[Progress:=>                            6%] [Cov:===========>                       33%]
[Progress:=>                            6%] [Cov:==========>                        30%]
[Progress:=>                            6%] [Cov:===========>                       32%]
[Progress:=>                            6%] [Cov:============>                      35%]
[Progress:=>                            6%] [Cov:============>                      36%]
[Progress:=>                            6%] [Cov:===========>                       32%]
[Progress:=>                            6%] [Cov:============>                      35%]
[Progress:=>                            6%] [Cov:============>                      36%]
[Progress:=>                            6%] [Cov:============>                      37%]
[Progress:=>                            6%] [Cov:============>                      35%]
[Progress:=>                            6%] [Cov:============>                      36%]
[Progress:==>                           7%] [Cov:============>                      35%]
[Progress:==>                           7%] [Cov:============>                      37%]
[Progress:==>                           7%] [Cov:=============>                     38%]
[Progress:==>                           7%] [Cov:============>                      35%]
[Progress:==>                           7%] [Cov:============>                      36%]
[Progress:==>                           7%] [Cov:============>                      37%]
[Progress:==>                           7%] [Cov:=============>                     38%]
[Progress:==>                           8%] [Cov:============>                      35%]
[Progress:==>                           8%] [Cov:============>                      36%]
[Progress:==>                           8%] [Cov:=============>                     38%]
[Progress:==>                           8%] [Cov:=============>                     39%]
[Progress:==>                           8%] [Cov:==============>                    40%]
[Progress:==>                           8%] [Cov:==============>                    40%]
[Progress:==>                           8%] [Cov:==============>                    41%]
[Progress:==>                           9%] [Cov:=============>                     38%]
[Progress:==>                           9%] [Cov:=============>                     39%]
[Progress:==>                           9%] [Cov:==============>                    41%]
[Progress:===>                          10%] [Cov:==============>                    40%]
[Progress:===>                          10%] [Cov:==============>                    41%]
[Progress:===>                          10%] [Cov:==============>                    42%]
[Progress:===>                          10%] [Cov:===============>                   43%]
[Progress:===>                          10%] [Cov:==============>                    41%]
[Progress:===>                          10%] [Cov:==============>                    42%]
[Progress:===>                          11%] [Cov:==============>                    42%]
[Progress:===>                          11%] [Cov:===============>                   43%]
[Progress:===>                          11%] [Cov:===============>                   44%]
[Progress:===>                          11%] [Cov:===============>                   43%]
[Progress:===>                          12%] [Cov:==============>                    41%]
[Progress:===>                          12%] [Cov:==============>                    42%]
[Progress:===>                          12%] [Cov:===============>                   43%]
[Progress:===>                          12%] [Cov:===============>                   43%]
[Progress:===>                          12%] [Cov:===============>                   44%]
[Progress:===>                          13%] [Cov:==============>                    42%]
[Progress:===>                          13%] [Cov:===============>                   43%]
[Progress:===>                          13%] [Cov:===============>                   44%]
[Progress:===>                          13%] [Cov:===============>                   45%]
[Progress:====>                         14%] [Cov:==============>                    41%]
[Progress:====>                         14%] [Cov:===============>                   45%]
[Progress:====>                         14%] [Cov:================>                  46%]
[Progress:====>                         14%] [Cov:================>                  47%]
[Progress:====>                         14%] [Cov:================>                  47%]
[Progress:====>                         14%] [Cov:================>                  48%]
[Progress:====>                         15%] [Cov:==============>                    40%]
[Progress:====>                         15%] [Cov:==============>                    42%]
[Progress:====>                         15%] [Cov:===============>                   43%]
[Progress:====>                         15%] [Cov:===============>                   45%]
[Progress:====>                         15%] [Cov:================>                  47%]
[Progress:====>                         15%] [Cov:================>                  47%]
[Progress:====>                         15%] [Cov:================>                  48%]
[Progress:====>                         15%] [Cov:=================>                 49%]
[Progress:====>                         16%] [Cov:==============>                    42%]
[Progress:====>                         16%] [Cov:===============>                   43%]
[Progress:====>                         16%] [Cov:===============>                   44%]
[Progress:====>                         16%] [Cov:===============>                   45%]
[Progress:====>                         16%] [Cov:================>                  47%]
[Progress:====>                         16%] [Cov:================>                  48%]
[Progress:====>                         16%] [Cov:=================>                 49%]
[Progress:====>                         16%] [Cov:================>                  47%]
[Progress:====>                         16%] [Cov:================>                  48%]
[Progress:====>                         16%] [Cov:=================>                 49%]
[Progress:====>                         16%] [Cov:=================>                 49%]
[Progress:=====>                        17%] [Cov:================>                  47%]
[Progress:=====>                        17%] [Cov:================>                  48%]
[Progress:=====>                        17%] [Cov:=================>                 49%]
[Progress:=====>                        17%] [Cov:=================>                 49%]
[Progress:=====>                        18%] [Cov:===============>                   45%]
[Progress:=====>                        18%] [Cov:================>                  47%]
[Progress:=====>                        18%] [Cov:=================>                 49%]
[Progress:=====>                        18%] [Cov:=================>                 49%]
[Progress:=====>                        18%] [Cov:=================>                 51%]
[Progress:=====>                        18%] [Cov:==================>                52%]
[Progress:=====>                        19%] [Cov:================>                  48%]
[Progress:=====>                        19%] [Cov:=================>                 49%]
[Progress:=====>                        19%] [Cov:=================>                 49%]
[Progress:=====>                        19%] [Cov:==================>                52%]
[Progress:======>                       20%] [Cov:================>                  48%]
[Progress:======>                       20%] [Cov:=================>                 49%]
[Progress:======>                       20%] [Cov:=================>                 50%]
[Progress:======>                       20%] [Cov:================>                  48%]
[Progress:======>                       20%] [Cov:=================>                 49%]
[Progress:======>                       20%] [Cov:=================>                 50%]
[Progress:======>                       20%] [Cov:=================>                 51%]
[Progress:======>                       20%] [Cov:==================>                52%]
[Progress:======>                       20%] [Cov:=================>                 50%]
[Progress:======>                       20%] [Cov:=================>                 51%]
[Progress:======>                       20%] [Cov:==================>                52%]
[Progress:======>                       21%] [Cov:=================>                 49%]
[Progress:======>                       21%] [Cov:==================>                52%]
[Progress:======>                       22%] [Cov:=================>                 49%]
[Progress:======>                       22%] [Cov:==================>                52%]
[Progress:======>                       22%] [Cov:==================>                52%]
[Progress:======>                       23%] [Cov:=================>                 51%]
[Progress:======>                       23%] [Cov:==================>                52%]
[Progress:======>                       23%] [Cov:==================>                53%]
[Progress:======>                       23%] [Cov:==================>                54%]
[Progress:======>                       23%] [Cov:==================>                53%]
[Progress:=======>                      24%] [Cov:=================>                 50%]
[Progress:=======>                      24%] [Cov:==================>                52%]
[Progress:=======>                      24%] [Cov:==================>                53%]
[Progress:=======>                      24%] [Cov:==================>                53%]
[Progress:=======>                      25%] [Cov:=================>                 50%]
[Progress:=======>                      25%] [Cov:=================>                 51%]
[Progress:=======>                      25%] [Cov:==================>                52%]
[Progress:=======>                      25%] [Cov:==================>                53%]
[Progress:=======>                      25%] [Cov:==================>                54%]
[Progress:=======>                      25%] [Cov:==================>                53%]
[Progress:=======>                      26%] [Cov:==================>                54%]
[Progress:=======>                      26%] [Cov:==================>                53%]
[Progress:=======>                      26%] [Cov:==================>                54%]
[Progress:=======>                      26%] [Cov:===================>               55%]
[Progress:=======>                      26%] [Cov:===================>               56%]
[Progress:========>                     27%] [Cov:==================>                54%]
[Progress:========>                     27%] [Cov:===================>               55%]
[Progress:========>                     27%] [Cov:==================>                54%]
[Progress:========>                     28%] [Cov:==================>                53%]
[Progress:========>                     28%] [Cov:==================>                54%]
[Progress:========>                     28%] [Cov:===================>               55%]
[Progress:========>                     28%] [Cov:===================>               56%]
[Progress:========>                     28%] [Cov:==================>                54%]
[Progress:========>                     29%] [Cov:==================>                54%]
[Progress:========>                     29%] [Cov:===================>               56%]
[Progress:=========>                    30%] [Cov:=================>                 51%]
[Progress:=========>                    30%] [Cov:==================>                52%]
[Progress:=========>                    30%] [Cov:==================>                53%]
[Progress:=========>                    30%] [Cov:==================>                54%]
[Progress:=========>                    30%] [Cov:===================>               55%]
[Progress:=========>                    30%] [Cov:===================>               56%]
[Progress:=========>                    30%] [Cov:===================>               56%]
[Progress:=========>                    30%] [Cov:===================>               56%]
[Progress:=========>                    31%] [Cov:==================>                53%]
[Progress:=========>                    31%] [Cov:===================>               55%]
[Progress:=========>                    31%] [Cov:===================>               56%]
[Progress:=========>                    31%] [Cov:===================>               57%]
[Progress:=========>                    31%] [Cov:====================>              58%]
[Progress:=========>                    32%] [Cov:===================>               55%]
[Progress:=========>                    32%] [Cov:===================>               56%]
[Progress:=========>                    32%] [Cov:===================>               57%]
[Progress:=========>                    32%] [Cov:====================>              58%]
[Progress:=========>                    32%] [Cov:====================>              58%]
[Progress:=========>                    33%] [Cov:==================>                54%]
[Progress:=========>                    33%] [Cov:===================>               55%]
[Progress:=========>                    33%] [Cov:===================>               56%]
[Progress:=========>                    33%] [Cov:===================>               57%]
[Progress:==========>                   34%] [Cov:===================>               55%]
[Progress:==========>                   34%] [Cov:===================>               56%]
[Progress:==========>                   34%] [Cov:===================>               57%]
[Progress:==========>                   34%] [Cov:====================>              58%]
[Progress:==========>                   34%] [Cov:====================>              59%]
[Progress:==========>                   35%] [Cov:====================>              58%]
[Progress:==========>                   35%] [Cov:====================>              59%]
[Progress:==========>                   35%] [Cov:=====================>             60%]
[Progress:==========>                   36%] [Cov:====================>              58%]
[Progress:==========>                   36%] [Cov:====================>              59%]
[Progress:==========>                   36%] [Cov:=====================>             60%]
[Progress:==========>                   36%] [Cov:=====================>             60%]
[Progress:===========>                  37%] [Cov:====================>              58%]
[Progress:===========>                  37%] [Cov:====================>              59%]
[Progress:===========>                  37%] [Cov:=====================>             60%]
[Progress:===========>                  37%] [Cov:====================>              59%]
[Progress:===========>                  37%] [Cov:=====================>             60%]
[Progress:===========>                  38%] [Cov:=====================>             60%]
[Progress:===========>                  38%] [Cov:====================>              59%]
[Progress:===========>                  38%] [Cov:=====================>             60%]
[Progress:===========>                  39%] [Cov:====================>              59%]
[Progress:===========>                  39%] [Cov:=====================>             60%]
[Progress:===========>                  39%] [Cov:=====================>             61%]
[Progress:============>                 40%] [Cov:===================>               56%]
[Progress:============>                 40%] [Cov:=====================>             60%]
[Progress:============>                 40%] [Cov:=====================>             61%]
[Progress:============>                 41%] [Cov:====================>              58%]
[Progress:============>                 41%] [Cov:====================>              59%]
[Progress:============>                 41%] [Cov:=====================>             60%]
[Progress:============>                 41%] [Cov:=====================>             61%]
[Progress:============>                 42%] [Cov:====================>              59%]
[Progress:============>                 42%] [Cov:=====================>             60%]
[Progress:============>                 42%] [Cov:=====================>             61%]
[Progress:============>                 42%] [Cov:=====================>             61%]
[Progress:============>                 43%] [Cov:====================>              59%]
[Progress:============>                 43%] [Cov:=====================>             61%]
[Progress:============>                 43%] [Cov:=====================>             62%]
[Progress:============>                 43%] [Cov:=====================>             60%]
[Progress:============>                 43%] [Cov:=====================>             61%]
[Progress:============>                 43%] [Cov:=====================>             62%]
[Progress:=============>                44%] [Cov:===================>               56%]
[Progress:=============>                44%] [Cov:=====================>             62%]
[Progress:=============>                44%] [Cov:=====================>             60%]
[Progress:=============>                44%] [Cov:=====================>             62%]
[Progress:=============>                45%] [Cov:====================>              58%]
[Progress:=============>                45%] [Cov:=====================>             60%]
[Progress:=============>                45%] [Cov:=====================>             61%]
[Progress:=============>                45%] [Cov:=====================>             62%]
[Progress:=============>                46%] [Cov:=====================>             62%]
[Progress:=============>                46%] [Cov:=====================>             61%]
[Progress:=============>                46%] [Cov:=====================>             62%]
[Progress:==============>               47%] [Cov:=====================>             62%]
[Progress:==============>               47%] [Cov:=====================>             61%]
[Progress:==============>               47%] [Cov:=====================>             62%]
[Progress:==============>               48%] [Cov:=====================>             61%]
[Progress:==============>               48%] [Cov:=====================>             62%]
[Progress:==============>               48%] [Cov:======================>            63%]
[Progress:==============>               48%] [Cov:======================>            64%]
[Progress:==============>               48%] [Cov:======================>            64%]
[Progress:==============>               49%] [Cov:=====================>             62%]
[Progress:==============>               49%] [Cov:======================>            63%]
[Progress:==============>               49%] [Cov:======================>            64%]
[Progress:==============>               49%] [Cov:======================>            65%]
[Progress:===============>              50%] [Cov:=====================>             62%]
[Progress:===============>              50%] [Cov:======================>            63%]
[Progress:===============>              50%] [Cov:======================>            64%]
[Progress:===============>              50%] [Cov:======================>            63%]
[Progress:===============>              50%] [Cov:======================>            64%]
[Progress:===============>              50%] [Cov:======================>            65%]
[Progress:===============>              50%] [Cov:======================>            63%]
[Progress:===============>              50%] [Cov:======================>            64%]
[Progress:===============>              51%] [Cov:======================>            63%]
[Progress:===============>              51%] [Cov:======================>            65%]
[Progress:===============>              52%] [Cov:======================>            64%]
[Progress:===============>              52%] [Cov:======================>            65%]
[Progress:===============>              53%] [Cov:=====================>             62%]
[Progress:===============>              53%] [Cov:======================>            63%]
[Progress:===============>              53%] [Cov:======================>            64%]
[Progress:===============>              53%] [Cov:======================>            65%]
[Progress:================>             54%] [Cov:=====================>             62%]
[Progress:================>             54%] [Cov:======================>            65%]
[Progress:================>             54%] [Cov:======================>            65%]
[Progress:================>             55%] [Cov:======================>            64%]
[Progress:================>             55%] [Cov:======================>            65%]
[Progress:================>             55%] [Cov:======================>            64%]
[Progress:================>             55%] [Cov:======================>            65%]
[Progress:================>             56%] [Cov:======================>            64%]
[Progress:================>             56%] [Cov:======================>            65%]
[Progress:=================>            57%] [Cov:======================>            65%]
[Progress:=================>            57%] [Cov:======================>            64%]
[Progress:=================>            57%] [Cov:======================>            65%]
[Progress:=================>            58%] [Cov:======================>            64%]
[Progress:=================>            58%] [Cov:======================>            65%]
[Progress:=================>            58%] [Cov:=======================>           66%]
[Progress:=================>            59%] [Cov:======================>            65%]
[Progress:=================>            59%] [Cov:=======================>           66%]
[Progress:==================>           60%] [Cov:======================>            65%]
[Progress:==================>           60%] [Cov:=======================>           66%]
[Progress:==================>           61%] [Cov:======================>            64%]
[Progress:==================>           61%] [Cov:=======================>           66%]
[Progress:==================>           61%] [Cov:======================>            65%]
[Progress:==================>           61%] [Cov:=======================>           66%]
[Progress:==================>           62%] [Cov:=====================>             61%]
[Progress:==================>           62%] [Cov:======================>            65%]
[Progress:==================>           62%] [Cov:=======================>           66%]
[Progress:==================>           63%] [Cov:======================>            64%]
[Progress:==================>           63%] [Cov:======================>            65%]
[Progress:==================>           63%] [Cov:======================>            65%]
[Progress:==================>           63%] [Cov:=======================>           66%]
[Progress:===================>          64%] [Cov:======================>            65%]
[Progress:===================>          64%] [Cov:=======================>           66%]
[Progress:===================>          65%] [Cov:=======================>           66%]
[Progress:===================>          65%] [Cov:=======================>           66%]
[Progress:===================>          66%] [Cov:=======================>           66%]
[Progress:====================>         67%] [Cov:=======================>           66%]
[Progress:====================>         67%] [Cov:=======================>           66%]
[Progress:====================>         67%] [Cov:=======================>           67%]
[Progress:====================>         68%] [Cov:======================>            65%]
[Progress:====================>         68%] [Cov:=======================>           66%]
[Progress:====================>         68%] [Cov:=======================>           67%]
[Progress:====================>         69%] [Cov:=======================>           66%]
[Progress:====================>         69%] [Cov:=======================>           66%]
[Progress:====================>         69%] [Cov:=======================>           67%]
[Progress:=====================>        70%] [Cov:======================>            63%]
[Progress:=====================>        70%] [Cov:=======================>           66%]
[Progress:=====================>        70%] [Cov:=======================>           67%]
[Progress:=====================>        71%] [Cov:=======================>           66%]
[Progress:=====================>        71%] [Cov:=======================>           67%]
[Progress:=====================>        71%] [Cov:=======================>           68%]
[Progress:=====================>        72%] [Cov:======================>            65%]
[Progress:=====================>        72%] [Cov:=======================>           66%]
[Progress:=====================>        72%] [Cov:=======================>           68%]
[Progress:=====================>        73%] [Cov:=======================>           67%]
[Progress:=====================>        73%] [Cov:=======================>           68%]
[Progress:======================>       74%] [Cov:=======================>           67%]
[Progress:======================>       74%] [Cov:=======================>           67%]
[Progress:======================>       75%] [Cov:======================>            65%]
[Progress:======================>       75%] [Cov:=======================>           66%]
[Progress:======================>       75%] [Cov:=======================>           67%]
[Progress:======================>       76%] [Cov:=======================>           66%]
[Progress:======================>       76%] [Cov:=======================>           67%]
[Progress:======================>       76%] [Cov:=======================>           67%]
[Progress:======================>       76%] [Cov:=======================>           68%]
[Progress:=======================>      77%] [Cov:=======================>           66%]
[Progress:=======================>      77%] [Cov:=======================>           67%]
[Progress:=======================>      78%] [Cov:=======================>           67%]
[Progress:=======================>      78%] [Cov:=======================>           67%]
[Progress:=======================>      78%] [Cov:=======================>           68%]
[Progress:=======================>      79%] [Cov:=======================>           66%]
[Progress:=======================>      79%] [Cov:=======================>           67%]
[Progress:========================>     80%] [Cov:=======================>           67%]
[Progress:========================>     80%] [Cov:=======================>           68%]
[Progress:========================>     80%] [Cov:=======================>           67%]
[Progress:========================>     80%] [Cov:=======================>           68%]
[Progress:========================>     81%] [Cov:=======================>           66%]
[Progress:========================>     81%] [Cov:=======================>           67%]
[Progress:========================>     81%] [Cov:=======================>           68%]
[Progress:========================>     82%] [Cov:=======================>           66%]
[Progress:========================>     82%] [Cov:=======================>           67%]
[Progress:========================>     82%] [Cov:=======================>           68%]
[Progress:========================>     82%] [Cov:=======================>           68%]
[Progress:========================>     82%] [Cov:========================>          69%]
[Progress:========================>     83%] [Cov:=======================>           66%]
[Progress:========================>     83%] [Cov:=======================>           67%]
[Progress:========================>     83%] [Cov:=======================>           68%]
[Progress:=========================>    84%] [Cov:=======================>           66%]
[Progress:=========================>    84%] [Cov:=======================>           67%]
[Progress:=========================>    84%] [Cov:=======================>           68%]
[Progress:=========================>    84%] [Cov:=======================>           68%]
[Progress:=========================>    85%] [Cov:======================>            64%]
[Progress:=========================>    85%] [Cov:=======================>           68%]
[Progress:=========================>    85%] [Cov:========================>          69%]
[Progress:=========================>    86%] [Cov:=======================>           68%]
[Progress:==========================>   87%] [Cov:=======================>           67%]
[Progress:==========================>   87%] [Cov:========================>          69%]
[Progress:==========================>   88%] [Cov:======================>            64%]
[Progress:==========================>   88%] [Cov:=======================>           68%]
[Progress:==========================>   88%] [Cov:========================>          69%]
[Progress:==========================>   89%] [Cov:=======================>           68%]
[Progress:==========================>   89%] [Cov:========================>          69%]
[Progress:===========================>  90%] [Cov:=======================>           67%]
[Progress:===========================>  90%] [Cov:=======================>           68%]
[Progress:===========================>  90%] [Cov:========================>          69%]
[Progress:===========================>  91%] [Cov:=======================>           67%]
[Progress:===========================>  91%] [Cov:========================>          69%]
[Progress:===========================>  91%] [Cov:========================>          69%]
[Progress:===========================>  92%] [Cov:========================>          69%]
[Progress:===========================>  93%] [Cov:=======================>           66%]
[Progress:===========================>  93%] [Cov:=======================>           68%]
[Progress:===========================>  93%] [Cov:========================>          69%]
[Progress:============================> 94%] [Cov:=======================>           68%]
[Progress:============================> 94%] [Cov:========================>          69%]
[Progress:============================> 95%] [Cov:=======================>           68%]
[Progress:============================> 95%] [Cov:========================>          69%]
[Progress:============================> 96%] [Cov:=======================>           68%]
[Progress:============================> 96%] [Cov:========================>          69%]
[Progress:============================> 96%] [Cov:========================>          69%]
[Progress:============================> 96%] [Cov:========================>          70%]
[Progress:=============================>97%] [Cov:========================>          69%]
[Progress:=============================>98%] [Cov:=======================>           68%]
[Progress:=============================>98%] [Cov:========================>          69%]
[Progress:=============================>98%] [Cov:========================>          69%]
[Progress:=============================>99%] [Cov:========================>          69%]
[Progress:==============================100%] [Cov:========================>          69%]
[Progress:==============================100%] [Cov:========================>          69%]
[Progress:==============================100%] [Cov:========================>          70%]
[Progress:==============================100%] [Cov:========================>          69%]
[Progress:==============================100%] [Cov:========================>          69%]
[Progress:==============================100%] [Cov:========================>          70%]
[Progress:==============================100%] [Cov:========================>          69%]
* Search finished after 154s and 81 generations, 38148 statements, best individual has fitness: 363.8114813250255
* Minimizing test suite
* Going to analyze the coverage criteria
* Coverage analysis for criterion LINE
* Coverage of criterion LINE: 83%
* Total number of goals: 253
* Number of covered goals: 211
* Coverage analysis for criterion BRANCH
* Coverage of criterion BRANCH: 72%
* Total number of goals: 134
* Number of covered goals: 97
* Coverage analysis for criterion EXCEPTION
* Coverage of criterion EXCEPTION: 26%
* Total number of goals: 34
* Number of covered goals: 9
* Coverage analysis for criterion WEAKMUTATION
* Coverage of criterion WEAKMUTATION: 77%
* Total number of goals: 465
* Number of covered goals: 357
* Coverage analysis for criterion OUTPUT
* Coverage of criterion OUTPUT: 38%
* Total number of goals: 84
* Number of covered goals: 32
* Coverage analysis for criterion METHOD
* Coverage of criterion METHOD: 84%
* Total number of goals: 45
* Number of covered goals: 38
* Coverage analysis for criterion METHODNOEXCEPTION
* Coverage of criterion METHODNOEXCEPTION: 69%
* Total number of goals: 45
* Number of covered goals: 31
* Coverage analysis for criterion CBRANCH
* Coverage of criterion CBRANCH: 72%
* Total number of goals: 134
* Number of covered goals: 96
* Generated 51 tests with total length 225
* Resulting test suite's coverage: 70% (average coverage for all fitness functions)
* Generating assertions
* Resulting test suite's mutation score: 55%
* Compiling and checking tests
* Writing tests to file
* Writing JUnit test case 'Partial_ESTest' to evosuite-tests
* Done!

* Computation finished

