CMD: /usr/lib/jvm/java-8-openjdk-amd64/bin/java -Dtools_jar_location=/usr/lib/jvm/java-8-openjdk-amd64/lib/tools.jar -jar /home/pizza/TestRound2/evosuite-1.2.0.jar -generateSuite -class org.jsoup.parser.CharacterReader -projectCP /home/pizza/TestRound2/Test/Jsoup-91b/target/classes -base_dir /home/pizza/TestRound2/results/project-Jsoup/Jsoup-91/round03/evosuite-work -seed 11 -Dalgorithm=NSGAII -Dsearch_budget=60 -Dtest_format=JUNIT4 -Dassertions=true

* EvoSuite 1.2.0
* Going to generate test cases for class: org.jsoup.parser.CharacterReader
* Starting Client-0
* Connecting to master process on port 8220
* Analyzing classpath: 
  - /home/pizza/TestRound2/Test/Jsoup-91b/target/classes
* Finished analyzing classpath
* Generating tests for class org.jsoup.parser.CharacterReader
* Test criteria:
  - Line Coverage
  - Branch Coverage
  - Exception
  - Mutation testing (weak)
  - Method-Output Coverage
  - Top-Level Method Coverage
  - No-Exception Top-Level Method Coverage
  - Context Branch Coverage
* Setting up search algorithm for whole suite generation
* Total number of test goals: 
  - Line 246
  - Branch 222
  - Exception 0
  - MutationFactory 649
  - Output 77
  - Method 37
  - MethodNoException 37
  - CBranchFitnessFactory 222

[Progress:>                             0%] [Cov:>                                  0%]* Using seed 11
* Starting evolution

[Progress:>                             0%] [Cov:>                                  0%]
[Progress:>                             0%] [Cov:=>                                 4%]
[Progress:>                             0%] [Cov:==>                                7%]
[Progress:>                             0%] [Cov:===>                               9%]
[Progress:>                             0%] [Cov:======>                            19%]
[Progress:>                             0%] [Cov:=======>                           22%]
[Progress:>                             0%] [Cov:=========>                         26%]
[Progress:>                             0%] [Cov:==========>                        29%]
[Progress:>                             0%] [Cov:============>                      36%]
[Progress:>                             0%] [Cov:===============>                   43%]
[Progress:>                             1%] [Cov:===============>                   45%]
[Progress:>                             3%] [Cov:========>                          23%]
[Progress:>                             3%] [Cov:========>                          25%]
[Progress:>                             3%] [Cov:==========>                        31%]
[Progress:>                             3%] [Cov:============>                      37%]
[Progress:>                             3%] [Cov:=============>                     38%]
[Progress:>                             3%] [Cov:=============>                     39%]
[Progress:>                             3%] [Cov:================>                  47%]
[Progress:>                             3%] [Cov:================>                  48%]
[Progress:>                             3%] [Cov:=================>                 50%]
[Progress:=>                            5%] [Cov:=======>                           20%]
[Progress:=>                            5%] [Cov:=======>                           22%]
[Progress:=>                            5%] [Cov:========>                          23%]
[Progress:=>                            5%] [Cov:========>                          24%]
[Progress:=>                            5%] [Cov:========>                          25%]
[Progress:=>                            5%] [Cov:=========>                         28%]
[Progress:=>                            5%] [Cov:==========>                        30%]
[Progress:=>                            5%] [Cov:==========>                        31%]
[Progress:=>                            5%] [Cov:============>                      35%]
[Progress:=>                            5%] [Cov:============>                      36%]
[Progress:=>                            5%] [Cov:==============>                    42%]
[Progress:=>                            5%] [Cov:===============>                   44%]
[Progress:=>                            5%] [Cov:===============>                   45%]
[Progress:=>                            5%] [Cov:================>                  46%]
[Progress:=>                            5%] [Cov:================>                  48%]
[Progress:=>                            5%] [Cov:=================>                 50%]
[Progress:=>                            5%] [Cov:=================>                 50%]
[Progress:=>                            6%] [Cov:==============>                    40%]
[Progress:=>                            6%] [Cov:===============>                   43%]
[Progress:=>                            6%] [Cov:===============>                   44%]
[Progress:=>                            6%] [Cov:===============>                   45%]
[Progress:=>                            6%] [Cov:================>                  46%]
[Progress:=>                            6%] [Cov:================>                  47%]
[Progress:=>                            6%] [Cov:================>                  48%]
[Progress:=>                            6%] [Cov:=================>                 49%]
[Progress:=>                            6%] [Cov:=================>                 50%]
[Progress:==>                           8%] [Cov:===============>                   43%]
[Progress:==>                           8%] [Cov:===============>                   45%]
[Progress:==>                           8%] [Cov:================>                  47%]
[Progress:==>                           8%] [Cov:=================>                 49%]
[Progress:==>                           8%] [Cov:=================>                 50%]
[Progress:==>                           8%] [Cov:=================>                 51%]
[Progress:==>                           8%] [Cov:=================>                 51%]
[Progress:==>                           8%] [Cov:==================>                52%]
[Progress:==>                           8%] [Cov:==================>                53%]
[Progress:==>                           8%] [Cov:==================>                54%]
[Progress:==>                           8%] [Cov:===================>               56%]
[Progress:==>                           8%] [Cov:===================>               57%]
[Progress:==>                           8%] [Cov:====================>              58%]
[Progress:==>                           8%] [Cov:====================>              59%]
[Progress:===>                          10%] [Cov:===============>                   45%]
[Progress:===>                          10%] [Cov:================>                  47%]
[Progress:===>                          10%] [Cov:=================>                 49%]
[Progress:===>                          10%] [Cov:=================>                 51%]
[Progress:===>                          10%] [Cov:==================>                54%]
[Progress:===>                          10%] [Cov:===================>               57%]
[Progress:===>                          10%] [Cov:====================>              59%]
[Progress:===>                          10%] [Cov:====================>              58%]
[Progress:===>                          10%] [Cov:====================>              59%]
[Progress:===>                          11%] [Cov:=================>                 50%]
[Progress:===>                          11%] [Cov:=================>                 51%]
[Progress:===>                          11%] [Cov:==================>                53%]
[Progress:===>                          11%] [Cov:==================>                54%]
[Progress:===>                          11%] [Cov:===================>               55%]
[Progress:===>                          11%] [Cov:===================>               57%]
[Progress:===>                          11%] [Cov:====================>              58%]
[Progress:===>                          11%] [Cov:====================>              59%]
[Progress:===>                          11%] [Cov:====================>              58%]
[Progress:===>                          11%] [Cov:====================>              59%]
[Progress:===>                          11%] [Cov:=====================>             60%]
[Progress:===>                          11%] [Cov:=====================>             61%]
[Progress:===>                          11%] [Cov:======================>            63%]
[Progress:===>                          13%] [Cov:==================>                54%]
[Progress:===>                          13%] [Cov:===================>               55%]
[Progress:===>                          13%] [Cov:===================>               56%]
[Progress:===>                          13%] [Cov:====================>              58%]
[Progress:===>                          13%] [Cov:====================>              59%]
[Progress:===>                          13%] [Cov:=====================>             61%]
[Progress:===>                          13%] [Cov:======================>            63%]
[Progress:===>                          13%] [Cov:======================>            63%]
[Progress:====>                         15%] [Cov:==================>                52%]
[Progress:====>                         15%] [Cov:====================>              58%]
[Progress:====>                         15%] [Cov:====================>              59%]
[Progress:====>                         15%] [Cov:=====================>             60%]
[Progress:====>                         15%] [Cov:=====================>             61%]
[Progress:====>                         15%] [Cov:=====================>             62%]
[Progress:====>                         15%] [Cov:======================>            63%]
[Progress:====>                         16%] [Cov:==================>                52%]
[Progress:====>                         16%] [Cov:===================>               57%]
[Progress:====>                         16%] [Cov:====================>              58%]
[Progress:====>                         16%] [Cov:====================>              59%]
[Progress:====>                         16%] [Cov:=====================>             62%]
[Progress:====>                         16%] [Cov:======================>            63%]
[Progress:====>                         16%] [Cov:======================>            63%]
[Progress:=====>                        18%] [Cov:======================>            63%]
[Progress:======>                       20%] [Cov:=====================>             60%]
[Progress:======>                       20%] [Cov:======================>            63%]
[Progress:======>                       20%] [Cov:======================>            64%]
[Progress:======>                       20%] [Cov:======================>            65%]
[Progress:======>                       20%] [Cov:=======================>           66%]
[Progress:======>                       21%] [Cov:=====================>             61%]
[Progress:======>                       21%] [Cov:======================>            63%]
[Progress:======>                       21%] [Cov:=======================>           66%]
[Progress:======>                       23%] [Cov:======================>            63%]
[Progress:======>                       23%] [Cov:======================>            64%]
[Progress:======>                       23%] [Cov:======================>            65%]
[Progress:======>                       23%] [Cov:=======================>           66%]
[Progress:======>                       23%] [Cov:=======================>           67%]
[Progress:=======>                      25%] [Cov:=====================>             61%]
[Progress:=======>                      25%] [Cov:======================>            63%]
[Progress:=======>                      25%] [Cov:======================>            65%]
[Progress:=======>                      25%] [Cov:=======================>           66%]
[Progress:=======>                      25%] [Cov:=======================>           67%]
[Progress:=======>                      25%] [Cov:=======================>           66%]
[Progress:=======>                      25%] [Cov:=======================>           67%]
[Progress:=======>                      25%] [Cov:=======================>           68%]
[Progress:=======>                      25%] [Cov:========================>          69%]
[Progress:=======>                      25%] [Cov:========================>          70%]
[Progress:=======>                      25%] [Cov:========================>          71%]
[Progress:=======>                      26%] [Cov:======================>            63%]
[Progress:=======>                      26%] [Cov:======================>            64%]
[Progress:=======>                      26%] [Cov:======================>            65%]
[Progress:=======>                      26%] [Cov:=======================>           66%]
[Progress:========>                     28%] [Cov:======================>            64%]
[Progress:========>                     28%] [Cov:======================>            65%]
[Progress:========>                     28%] [Cov:========================>          71%]
[Progress:========>                     28%] [Cov:=========================>         72%]
[Progress:=========>                    30%] [Cov:====================>              59%]
[Progress:=========>                    30%] [Cov:=======================>           67%]
[Progress:=========>                    30%] [Cov:========================>          71%]
[Progress:=========>                    30%] [Cov:========================>          71%]
[Progress:=========>                    31%] [Cov:=======================>           68%]
[Progress:=========>                    31%] [Cov:========================>          69%]
[Progress:=========>                    31%] [Cov:========================>          70%]
[Progress:=========>                    31%] [Cov:========================>          71%]
[Progress:=========>                    31%] [Cov:=========================>         72%]
[Progress:=========>                    33%] [Cov:======================>            64%]
[Progress:=========>                    33%] [Cov:======================>            65%]
[Progress:=========>                    33%] [Cov:=======================>           66%]
[Progress:=========>                    33%] [Cov:=======================>           67%]
[Progress:=========>                    33%] [Cov:========================>          70%]
[Progress:=========>                    33%] [Cov:========================>          71%]
[Progress:=========>                    33%] [Cov:========================>          71%]
[Progress:==========>                   35%] [Cov:=======================>           66%]
[Progress:==========>                   35%] [Cov:========================>          71%]
[Progress:==========>                   35%] [Cov:=========================>         72%]
[Progress:==========>                   36%] [Cov:=======================>           68%]
[Progress:==========>                   36%] [Cov:========================>          71%]
[Progress:==========>                   36%] [Cov:========================>          71%]
[Progress:==========>                   36%] [Cov:=========================>         72%]
[Progress:==========>                   36%] [Cov:=========================>         73%]
[Progress:===========>                  38%] [Cov:=======================>           68%]
[Progress:===========>                  38%] [Cov:========================>          69%]
[Progress:===========>                  38%] [Cov:========================>          70%]
[Progress:===========>                  38%] [Cov:========================>          71%]
[Progress:===========>                  38%] [Cov:=========================>         72%]
[Progress:===========>                  38%] [Cov:=========================>         73%]
[Progress:============>                 40%] [Cov:========================>          70%]
[Progress:============>                 40%] [Cov:========================>          71%]
[Progress:============>                 40%] [Cov:=========================>         73%]
[Progress:============>                 41%] [Cov:======================>            65%]
[Progress:============>                 41%] [Cov:=======================>           68%]
[Progress:============>                 41%] [Cov:========================>          71%]
[Progress:============>                 41%] [Cov:=========================>         72%]
[Progress:============>                 41%] [Cov:=========================>         74%]
[Progress:============>                 41%] [Cov:==========================>        75%]
[Progress:============>                 43%] [Cov:======================>            65%]
[Progress:============>                 43%] [Cov:==========================>        75%]
[Progress:=============>                45%] [Cov:========================>          71%]
[Progress:=============>                45%] [Cov:=========================>         72%]
[Progress:=============>                45%] [Cov:=========================>         73%]
[Progress:=============>                45%] [Cov:=========================>         74%]
[Progress:=============>                45%] [Cov:==========================>        75%]
[Progress:=============>                46%] [Cov:=========================>         73%]
[Progress:=============>                46%] [Cov:=========================>         74%]
[Progress:=============>                46%] [Cov:==========================>        75%]
[Progress:==============>               48%] [Cov:========================>          71%]
[Progress:==============>               48%] [Cov:=========================>         72%]
[Progress:==============>               48%] [Cov:=========================>         73%]
[Progress:==============>               48%] [Cov:=========================>         74%]
[Progress:==============>               48%] [Cov:==========================>        75%]
[Progress:===============>              50%] [Cov:==========================>        75%]
[Progress:===============>              50%] [Cov:==========================>        76%]
[Progress:===============>              51%] [Cov:==========================>        75%]
[Progress:===============>              51%] [Cov:==========================>        75%]
[Progress:===============>              51%] [Cov:==========================>        76%]
[Progress:===============>              53%] [Cov:=========================>         73%]
[Progress:===============>              53%] [Cov:==========================>        75%]
[Progress:================>             55%] [Cov:========================>          71%]
[Progress:================>             55%] [Cov:=========================>         72%]
[Progress:================>             55%] [Cov:=========================>         73%]
[Progress:================>             55%] [Cov:=========================>         74%]
[Progress:================>             55%] [Cov:==========================>        75%]
[Progress:================>             55%] [Cov:==========================>        76%]
[Progress:================>             55%] [Cov:==========================>        75%]
[Progress:================>             56%] [Cov:=========================>         73%]
[Progress:================>             56%] [Cov:==========================>        75%]
[Progress:=================>            58%] [Cov:=========================>         73%]
[Progress:=================>            58%] [Cov:=========================>         74%]
[Progress:=================>            58%] [Cov:==========================>        75%]
[Progress:==================>           60%] [Cov:=========================>         74%]
[Progress:==================>           60%] [Cov:==========================>        75%]
[Progress:==================>           60%] [Cov:==========================>        75%]
[Progress:==================>           60%] [Cov:==========================>        76%]
[Progress:==================>           60%] [Cov:==========================>        77%]
[Progress:==================>           61%] [Cov:==========================>        76%]
[Progress:==================>           61%] [Cov:==========================>        77%]
[Progress:==================>           61%] [Cov:===========================>       78%]
[Progress:==================>           63%] [Cov:=========================>         73%]
[Progress:==================>           63%] [Cov:==========================>        75%]
[Progress:==================>           63%] [Cov:==========================>        76%]
[Progress:==================>           63%] [Cov:===========================>       78%]
[Progress:===================>          65%] [Cov:==========================>        75%]
[Progress:===================>          65%] [Cov:==========================>        76%]
[Progress:===================>          65%] [Cov:==========================>        77%]
[Progress:===================>          65%] [Cov:===========================>       78%]
[Progress:===================>          66%] [Cov:==========================>        76%]
[Progress:===================>          66%] [Cov:==========================>        77%]
[Progress:===================>          66%] [Cov:===========================>       78%]
[Progress:====================>         68%] [Cov:==========================>        75%]
[Progress:====================>         68%] [Cov:===========================>       78%]
[Progress:=====================>        70%] [Cov:===========================>       78%]
[Progress:=====================>        71%] [Cov:==========================>        75%]
[Progress:=====================>        71%] [Cov:==========================>        76%]
[Progress:=====================>        71%] [Cov:==========================>        77%]
[Progress:=====================>        71%] [Cov:===========================>       78%]
[Progress:=====================>        71%] [Cov:===========================>       79%]
[Progress:=====================>        71%] [Cov:==========================>        77%]
[Progress:=====================>        73%] [Cov:==========================>        76%]
[Progress:=====================>        73%] [Cov:==========================>        77%]
[Progress:=====================>        73%] [Cov:===========================>       78%]
[Progress:=====================>        73%] [Cov:===========================>       79%]
[Progress:======================>       75%] [Cov:==========================>        76%]
[Progress:======================>       75%] [Cov:==========================>        77%]
[Progress:======================>       75%] [Cov:===========================>       78%]
[Progress:======================>       75%] [Cov:===========================>       79%]
[Progress:======================>       76%] [Cov:==========================>        75%]
[Progress:======================>       76%] [Cov:==========================>        76%]
[Progress:======================>       76%] [Cov:==========================>        77%]
[Progress:======================>       76%] [Cov:===========================>       79%]
[Progress:======================>       76%] [Cov:============================>      80%]
[Progress:=======================>      78%] [Cov:==========================>        76%]
[Progress:=======================>      78%] [Cov:==========================>        77%]
[Progress:=======================>      78%] [Cov:===========================>       78%]
[Progress:========================>     80%] [Cov:==========================>        75%]
[Progress:========================>     80%] [Cov:==========================>        77%]
[Progress:========================>     80%] [Cov:===========================>       78%]
[Progress:========================>     80%] [Cov:===========================>       79%]
[Progress:========================>     80%] [Cov:============================>      80%]
[Progress:========================>     81%] [Cov:==========================>        77%]
[Progress:========================>     81%] [Cov:===========================>       78%]
[Progress:========================>     81%] [Cov:===========================>       79%]
[Progress:========================>     83%] [Cov:==========================>        75%]
[Progress:========================>     83%] [Cov:==========================>        76%]
[Progress:========================>     83%] [Cov:===========================>       78%]
[Progress:========================>     83%] [Cov:===========================>       79%]
[Progress:=========================>    85%] [Cov:=========================>         73%]
[Progress:=========================>    85%] [Cov:==========================>        77%]
[Progress:=========================>    85%] [Cov:===========================>       78%]
[Progress:=========================>    85%] [Cov:===========================>       79%]
[Progress:=========================>    85%] [Cov:============================>      80%]
[Progress:=========================>    85%] [Cov:============================>      80%]
[Progress:=========================>    86%] [Cov:==========================>        77%]
[Progress:=========================>    86%] [Cov:===========================>       78%]
[Progress:=========================>    86%] [Cov:===========================>       79%]
[Progress:=========================>    86%] [Cov:============================>      80%]
[Progress:==========================>   88%] [Cov:===========================>       78%]
[Progress:==========================>   88%] [Cov:===========================>       79%]
[Progress:==========================>   88%] [Cov:============================>      80%]
[Progress:===========================>  90%] [Cov:==========================>        76%]
[Progress:===========================>  90%] [Cov:===========================>       79%]
[Progress:===========================>  90%] [Cov:============================>      80%]
[Progress:===========================>  91%] [Cov:===========================>       78%]
[Progress:===========================>  91%] [Cov:===========================>       79%]
[Progress:===========================>  93%] [Cov:============================>      80%]
[Progress:===========================>  93%] [Cov:===========================>       79%]
[Progress:============================> 95%] [Cov:===========================>       79%]
[Progress:============================> 95%] [Cov:============================>      80%]
[Progress:============================> 96%] [Cov:==========================>        76%]
[Progress:============================> 96%] [Cov:===========================>       79%]
[Progress:============================> 96%] [Cov:============================>      80%]
[Progress:=============================>98%] [Cov:===========================>       79%]
[Progress:=============================>98%] [Cov:===========================>       79%]
[Progress:=============================>98%] [Cov:============================>      80%]
[Progress:=============================>98%] [Cov:============================>      81%]
[Progress:==============================100%] [Cov:==========================>        77%]
[Progress:==============================100%] [Cov:===========================>       79%]
[Progress:==============================100%] [Cov:============================>      80%]
[Progress:==============================100%] [Cov:============================>      80%]
[Progress:==============================100%] [Cov:===========================>       78%]
[Progress:==============================100%] [Cov:===========================>       79%]
[Progress:==============================100%] [Cov:============================>      81%]
* Search finished after 62s and 30 generations, 15813 statements, best individual has fitness: 505.76590450460367
* Minimizing test suite
* Going to analyze the coverage criteria
* Coverage analysis for criterion LINE
* Coverage of criterion LINE: 88%
* Total number of goals: 246
* Number of covered goals: 217
* Coverage analysis for criterion BRANCH
* Coverage of criterion BRANCH: 77%
* Total number of goals: 222
* Number of covered goals: 172
* Coverage analysis for criterion EXCEPTION
* Coverage of criterion EXCEPTION: 15%
* Total number of goals: 26
* Number of covered goals: 4
* Coverage analysis for criterion WEAKMUTATION
* Coverage of criterion WEAKMUTATION: 78%
* Total number of goals: 649
* Number of covered goals: 507
* Coverage analysis for criterion OUTPUT
* Coverage of criterion OUTPUT: 62%
* Total number of goals: 77
* Number of covered goals: 48
* Coverage analysis for criterion METHOD
* Coverage of criterion METHOD: 100%
* Total number of goals: 37
* Number of covered goals: 37
* Coverage analysis for criterion METHODNOEXCEPTION
* Coverage of criterion METHODNOEXCEPTION: 97%
* Total number of goals: 37
* Number of covered goals: 36
* Coverage analysis for criterion CBRANCH
* Coverage of criterion CBRANCH: 77%
* Total number of goals: 222
* Number of covered goals: 171
* Generated 63 tests with total length 179
* Resulting test suite's coverage: 81% (average coverage for all fitness functions)
* Generating assertions
* Resulting test suite's mutation score: 36%
* Compiling and checking tests
* Writing tests to file
* Writing JUnit test case 'CharacterReader_ESTest' to evosuite-tests
* Done!

* Computation finished

