CMD: /usr/lib/jvm/java-8-openjdk-amd64/bin/java -Dtools_jar_location=/usr/lib/jvm/java-8-openjdk-amd64/lib/tools.jar -jar /home/pizza/evosuite/evosuite-1.2.0.jar -generateSuite -class com.fasterxml.jackson.databind.deser.impl.BeanPropertyMap -projectCP /home/pizza/evosuite/Test/JacksonDatabind-70b/target/classes:/home/pizza/defects4j/framework/projects/JacksonDatabind/lib/com/fasterxml/jackson/core/jackson-annotations/2.8.0/jackson-annotations-2.8.0.jar:/home/pizza/defects4j/framework/projects/JacksonDatabind/lib/com/fasterxml/jackson/core/jackson-core/2.8.5/jackson-core-2.8.5.jar -base_dir /home/pizza/evosuite/results/project-JacksonDatabind/JacksonDatabind-70/round02/evosuite-work -seed 11 -Dalgorithm=NSGAII -Dsearch_budget=150 -Dtest_format=JUNIT4 -Dassertions=true

* EvoSuite 1.2.0
* Going to generate test cases for class: com.fasterxml.jackson.databind.deser.impl.BeanPropertyMap
* Starting Client-0
* Connecting to master process on port 8220
* Analyzing classpath: 
  - /home/pizza/evosuite/Test/JacksonDatabind-70b/target/classes
  - /home/pizza/defects4j/framework/projects/JacksonDatabind/lib/com/fasterxml/jackson/core/jackson-annotations/2.8.0/jackson-annotations-2.8.0.jar
  - /home/pizza/defects4j/framework/projects/JacksonDatabind/lib/com/fasterxml/jackson/core/jackson-core/2.8.5/jackson-core-2.8.5.jar
* Finished analyzing classpath
* Generating tests for class com.fasterxml.jackson.databind.deser.impl.BeanPropertyMap
* Test criteria:
  - Line Coverage
  - Branch Coverage
  - Exception
  - Mutation testing (weak)
  - Method-Output Coverage
  - Top-Level Method Coverage
  - No-Exception Top-Level Method Coverage
  - Context Branch Coverage
* Setting up search algorithm for whole suite generation
* Total number of test goals: 
  - Line 226
  - Branch 149
  - Exception 0
  - MutationFactory 939
  - Output 91
  - Method 21
  - MethodNoException 21
  - CBranchFitnessFactory 149

[Progress:>                             0%] [Cov:>                                  0%]* Using seed 11
* Starting evolution
[MASTER] 05:10:14.797 [logback-1] WARN  TestCluster - Failed to check cache for java.util.Map<K, V> : Type points to itself
[MASTER] 05:10:14.855 [logback-1] WARN  TestCluster - Failed to check cache for java.util.ArrayDeque<E> : Type points to itself

[Progress:>                             2%] [Cov:>                                  0%]
[Progress:>                             2%] [Cov:=>                                 3%]
[Progress:>                             2%] [Cov:=>                                 4%]
[Progress:>                             2%] [Cov:=>                                 5%]
[Progress:>                             2%] [Cov:==>                                7%]
[Progress:>                             2%] [Cov:=====>                             17%]
[Progress:>                             2%] [Cov:======>                            19%]
[Progress:>                             2%] [Cov:=======>                           22%]
[Progress:>                             2%] [Cov:========>                          23%]
[Progress:>                             2%] [Cov:=========>                         27%]
[Progress:>                             2%] [Cov:===========>                       32%]
[Progress:>                             2%] [Cov:=============>                     39%]
[Progress:>                             2%] [Cov:==============>                    41%][MASTER] 05:10:18.333 [logback-1] WARN  TestCluster - Failed to check cache for java.util.Comparator<T> : Type points to itself

[Progress:>                             3%] [Cov:=>                                 3%]
[Progress:>                             3%] [Cov:=>                                 5%]
[Progress:>                             3%] [Cov:==>                                6%]
[Progress:>                             3%] [Cov:======>                            18%]
[Progress:>                             3%] [Cov:=======>                           20%]
[Progress:>                             3%] [Cov:=======>                           21%]
[Progress:>                             3%] [Cov:=======>                           22%]
[Progress:>                             3%] [Cov:=========>                         27%]
[Progress:>                             3%] [Cov:==========>                        29%]
[Progress:>                             3%] [Cov:===========>                       32%]
[Progress:>                             3%] [Cov:============>                      35%]
[Progress:>                             3%] [Cov:============>                      36%]
[Progress:>                             3%] [Cov:=============>                     38%]
[Progress:>                             3%] [Cov:=============>                     39%]
[Progress:=>                            4%] [Cov:=======>                           21%]
[Progress:=>                            4%] [Cov:=======>                           22%]
[Progress:=>                            4%] [Cov:=========>                         28%]
[Progress:=>                            4%] [Cov:===========>                       33%]
[Progress:=>                            4%] [Cov:===========>                       34%]
[Progress:=>                            4%] [Cov:============>                      37%]
[Progress:=>                            4%] [Cov:=============>                     39%]
[Progress:=>                            4%] [Cov:==============>                    41%]
[Progress:=>                            4%] [Cov:===============>                   43%][MASTER] 05:10:20.467 [logback-1] WARN  TestCluster - Failed to check cache for com.fasterxml.jackson.annotation.ObjectIdGenerator<T> : Type points to itself
[MASTER] 05:10:20.627 [logback-1] WARN  TestCluster - Failed to check cache for com.fasterxml.jackson.databind.JsonDeserializer<T> : Type points to itself

[Progress:=>                            4%] [Cov:===============>                   43%]
[Progress:=>                            5%] [Cov:===========>                       34%]
[Progress:=>                            5%] [Cov:============>                      36%]
[Progress:=>                            5%] [Cov:=============>                     39%]
[Progress:=>                            5%] [Cov:==============>                    40%]
[Progress:=>                            5%] [Cov:==============>                    41%]
[Progress:=>                            5%] [Cov:==============>                    42%]
[Progress:=>                            5%] [Cov:===============>                   43%]
[Progress:=>                            6%] [Cov:============>                      37%]
[Progress:=>                            6%] [Cov:=============>                     38%]
[Progress:=>                            6%] [Cov:==============>                    40%]
[Progress:=>                            6%] [Cov:==============>                    42%]
[Progress:=>                            6%] [Cov:===============>                   43%]
[Progress:=>                            6%] [Cov:===============>                   43%][MASTER] 05:10:23.477 [logback-1] WARN  TestCluster - Failed to check cache for java.util.Enumeration<E> : Type points to itself

[Progress:=>                            6%] [Cov:===============>                   44%]
[Progress:==>                           7%] [Cov:===========>                       34%]
[Progress:==>                           7%] [Cov:============>                      37%]
[Progress:==>                           7%] [Cov:==============>                    42%]
[Progress:==>                           7%] [Cov:===============>                   43%]
[Progress:==>                           7%] [Cov:===============>                   44%]
[Progress:==>                           8%] [Cov:==============>                    40%]
[Progress:==>                           8%] [Cov:==============>                    42%]
[Progress:==>                           8%] [Cov:===============>                   43%]
[Progress:==>                           8%] [Cov:===============>                   44%]
[Progress:==>                           8%] [Cov:===============>                   44%][MASTER] 05:10:26.531 [logback-1] WARN  TestChromosome - Functional mock problem: org.evosuite.ga.ConstructionFailedException: Invalid generic instance

[Progress:==>                           8%] [Cov:===============>                   45%]
[Progress:==>                           9%] [Cov:==============>                    40%]
[Progress:==>                           9%] [Cov:==============>                    41%]
[Progress:==>                           9%] [Cov:==============>                    42%]
[Progress:==>                           9%] [Cov:===============>                   44%]
[Progress:==>                           9%] [Cov:===============>                   44%]
[Progress:===>                          10%] [Cov:===============>                   43%]
[Progress:===>                          10%] [Cov:===============>                   44%]
[Progress:===>                          10%] [Cov:===============>                   45%]
[Progress:===>                          11%] [Cov:===============>                   44%]
[Progress:===>                          11%] [Cov:===============>                   44%]
[Progress:===>                          11%] [Cov:===============>                   45%]
[Progress:===>                          12%] [Cov:===============>                   43%]
[Progress:===>                          12%] [Cov:===============>                   44%]
[Progress:===>                          12%] [Cov:===============>                   45%]
[Progress:===>                          12%] [Cov:================>                  46%]
[Progress:===>                          12%] [Cov:================>                  46%]
[Progress:===>                          13%] [Cov:===============>                   45%]
[Progress:===>                          13%] [Cov:================>                  46%]
[Progress:====>                         14%] [Cov:==============>                    42%]
[Progress:====>                         14%] [Cov:===============>                   43%]
[Progress:====>                         14%] [Cov:===============>                   44%]
[Progress:====>                         14%] [Cov:===============>                   45%]
[Progress:====>                         14%] [Cov:================>                  46%]
[Progress:====>                         14%] [Cov:================>                  46%]
[Progress:====>                         15%] [Cov:===============>                   43%]
[Progress:====>                         15%] [Cov:===============>                   44%]
[Progress:====>                         15%] [Cov:===============>                   45%]
[Progress:====>                         15%] [Cov:================>                  46%]
[Progress:====>                         15%] [Cov:================>                  46%]
[Progress:====>                         15%] [Cov:================>                  47%]
[Progress:====>                         16%] [Cov:===============>                   44%]
[Progress:====>                         16%] [Cov:===============>                   45%]
[Progress:====>                         16%] [Cov:================>                  46%]
[Progress:====>                         16%] [Cov:================>                  46%]
[Progress:====>                         16%] [Cov:================>                  47%]
[Progress:=====>                        17%] [Cov:================>                  47%]
[Progress:=====>                        18%] [Cov:================>                  47%]
[Progress:=====>                        18%] [Cov:================>                  47%]
[Progress:=====>                        18%] [Cov:================>                  48%]
[Progress:=====>                        19%] [Cov:================>                  47%]
[Progress:=====>                        19%] [Cov:================>                  48%]
[Progress:=====>                        19%] [Cov:================>                  48%]
[Progress:======>                       20%] [Cov:===============>                   44%]
[Progress:======>                       20%] [Cov:================>                  46%]
[Progress:======>                       20%] [Cov:================>                  47%]
[Progress:======>                       20%] [Cov:================>                  48%]
[Progress:======>                       20%] [Cov:================>                  48%]
[Progress:======>                       21%] [Cov:================>                  47%]
[Progress:======>                       21%] [Cov:================>                  48%]
[Progress:======>                       22%] [Cov:================>                  47%]
[Progress:======>                       22%] [Cov:================>                  48%]
[Progress:======>                       22%] [Cov:================>                  48%]
[Progress:======>                       23%] [Cov:================>                  48%]
[Progress:======>                       23%] [Cov:================>                  48%]
[Progress:=======>                      24%] [Cov:================>                  48%]
[Progress:=======>                      24%] [Cov:=================>                 49%]
[Progress:=======>                      24%] [Cov:================>                  48%]
[Progress:=======>                      24%] [Cov:=================>                 49%]
[Progress:=======>                      25%] [Cov:================>                  48%]
[Progress:=======>                      25%] [Cov:=================>                 49%]
[Progress:=======>                      26%] [Cov:================>                  47%]
[Progress:=======>                      26%] [Cov:================>                  48%]
[Progress:=======>                      26%] [Cov:=================>                 49%]
[Progress:=======>                      26%] [Cov:=================>                 49%]
[Progress:=======>                      26%] [Cov:=================>                 50%]
[Progress:========>                     27%] [Cov:================>                  47%]
[Progress:========>                     27%] [Cov:================>                  48%]
[Progress:========>                     27%] [Cov:=================>                 49%]
[Progress:========>                     27%] [Cov:=================>                 50%]
[Progress:========>                     28%] [Cov:================>                  48%]
[Progress:========>                     28%] [Cov:=================>                 49%]
[Progress:========>                     28%] [Cov:=================>                 50%]
[Progress:========>                     28%] [Cov:=================>                 50%]
[Progress:========>                     29%] [Cov:=================>                 49%]
[Progress:========>                     29%] [Cov:=================>                 50%][MASTER] 05:10:58.383 [logback-1] WARN  TestCluster - Failed to check cache for java.util.function.Function<T, R> : Type points to itself

[Progress:=========>                    30%] [Cov:================>                  48%]
[Progress:=========>                    30%] [Cov:=================>                 49%]
[Progress:=========>                    30%] [Cov:=================>                 50%]
[Progress:=========>                    30%] [Cov:=================>                 49%]
[Progress:=========>                    30%] [Cov:=================>                 50%]
[Progress:=========>                    31%] [Cov:=================>                 50%]
[Progress:=========>                    31%] [Cov:=================>                 49%]
[Progress:=========>                    31%] [Cov:=================>                 50%]
[Progress:=========>                    32%] [Cov:================>                  48%]
[Progress:=========>                    32%] [Cov:=================>                 50%]
[Progress:=========>                    32%] [Cov:=================>                 49%]
[Progress:=========>                    32%] [Cov:=================>                 50%]
[Progress:=========>                    33%] [Cov:=================>                 50%]
[Progress:==========>                   34%] [Cov:=================>                 49%]
[Progress:==========>                   34%] [Cov:=================>                 50%]
[Progress:==========>                   34%] [Cov:=================>                 49%]
[Progress:==========>                   34%] [Cov:=================>                 50%]
[Progress:==========>                   35%] [Cov:=================>                 49%]
[Progress:==========>                   35%] [Cov:=================>                 50%]
[Progress:==========>                   35%] [Cov:=================>                 49%]
[Progress:==========>                   36%] [Cov:=================>                 50%]
[Progress:===========>                  37%] [Cov:=================>                 49%]
[Progress:===========>                  37%] [Cov:=================>                 50%]
[Progress:===========>                  37%] [Cov:=================>                 51%]
[Progress:===========>                  37%] [Cov:=================>                 50%]
[Progress:===========>                  37%] [Cov:=================>                 51%]
[Progress:===========>                  38%] [Cov:=================>                 50%]
[Progress:===========>                  38%] [Cov:=================>                 51%]
[Progress:===========>                  39%] [Cov:=================>                 50%]
[Progress:===========>                  39%] [Cov:=================>                 51%]
[Progress:============>                 40%] [Cov:=================>                 49%]
[Progress:============>                 40%] [Cov:=================>                 50%]
[Progress:============>                 40%] [Cov:=================>                 51%]
[Progress:============>                 40%] [Cov:=================>                 50%]
[Progress:============>                 40%] [Cov:=================>                 51%]
[Progress:============>                 41%] [Cov:=================>                 49%]
[Progress:============>                 41%] [Cov:=================>                 50%]
[Progress:============>                 42%] [Cov:=================>                 50%]
[Progress:============>                 42%] [Cov:=================>                 49%]
[Progress:============>                 42%] [Cov:=================>                 50%]
[Progress:============>                 42%] [Cov:=================>                 51%]
[Progress:============>                 43%] [Cov:=================>                 50%]
[Progress:=============>                44%] [Cov:=================>                 49%]
[Progress:=============>                44%] [Cov:=================>                 50%]
[Progress:=============>                44%] [Cov:=================>                 51%]
[Progress:=============>                45%] [Cov:=================>                 50%]
[Progress:=============>                45%] [Cov:=================>                 51%]
[Progress:=============>                46%] [Cov:=================>                 49%]
[Progress:=============>                46%] [Cov:=================>                 50%]
[Progress:=============>                46%] [Cov:=================>                 51%]
[Progress:=============>                46%] [Cov:=================>                 51%]
[Progress:==============>               47%] [Cov:=================>                 50%]
[Progress:==============>               47%] [Cov:=================>                 51%]
[Progress:==============>               48%] [Cov:=================>                 50%]
[Progress:==============>               48%] [Cov:=================>                 51%]
[Progress:==============>               48%] [Cov:=================>                 51%]
[Progress:==============>               49%] [Cov:=================>                 50%]
[Progress:==============>               49%] [Cov:=================>                 51%]
[Progress:===============>              50%] [Cov:================>                  46%]
[Progress:===============>              50%] [Cov:=================>                 50%]
[Progress:===============>              50%] [Cov:=================>                 51%]
[Progress:===============>              51%] [Cov:=================>                 51%]
[Progress:===============>              51%] [Cov:=================>                 51%]
[Progress:===============>              52%] [Cov:=================>                 51%]
[Progress:===============>              53%] [Cov:================>                  48%]
[Progress:===============>              53%] [Cov:=================>                 50%]
[Progress:===============>              53%] [Cov:=================>                 51%]
[Progress:===============>              53%] [Cov:=================>                 51%]
[Progress:================>             54%] [Cov:=================>                 51%]
[Progress:================>             54%] [Cov:=================>                 50%]
[Progress:================>             54%] [Cov:=================>                 51%]
[Progress:================>             55%] [Cov:=================>                 51%]
[Progress:================>             56%] [Cov:=================>                 51%]
[Progress:================>             56%] [Cov:=================>                 50%]
[Progress:================>             56%] [Cov:=================>                 51%]
[Progress:=================>            57%] [Cov:=================>                 51%]
[Progress:=================>            58%] [Cov:=================>                 51%]
[Progress:=================>            58%] [Cov:=================>                 50%]
[Progress:=================>            58%] [Cov:=================>                 51%]
[Progress:=================>            59%] [Cov:=================>                 51%]
[Progress:==================>           60%] [Cov:=================>                 51%]
[Progress:==================>           60%] [Cov:=================>                 50%]
[Progress:==================>           60%] [Cov:=================>                 51%]
[Progress:==================>           61%] [Cov:=================>                 51%]
[Progress:==================>           62%] [Cov:================>                  47%]
[Progress:==================>           62%] [Cov:=================>                 51%]
[Progress:==================>           62%] [Cov:=================>                 50%]
[Progress:==================>           62%] [Cov:=================>                 51%]
[Progress:==================>           63%] [Cov:=================>                 51%]
[Progress:===================>          64%] [Cov:=================>                 51%]
[Progress:===================>          64%] [Cov:=================>                 50%]
[Progress:===================>          64%] [Cov:=================>                 51%]
[Progress:===================>          65%] [Cov:=================>                 51%]
[Progress:===================>          66%] [Cov:=================>                 51%]
[Progress:===================>          66%] [Cov:=================>                 50%]
[Progress:===================>          66%] [Cov:=================>                 51%]
[Progress:====================>         67%] [Cov:=================>                 51%]
[Progress:====================>         68%] [Cov:=================>                 51%]
[Progress:====================>         68%] [Cov:=================>                 50%]
[Progress:====================>         68%] [Cov:=================>                 51%]
[Progress:====================>         69%] [Cov:=================>                 51%]
[Progress:=====================>        70%] [Cov:=================>                 51%]
[Progress:=====================>        70%] [Cov:=================>                 50%]
[Progress:=====================>        70%] [Cov:=================>                 51%]
[Progress:=====================>        71%] [Cov:=================>                 50%]
[Progress:=====================>        71%] [Cov:=================>                 51%]
[Progress:=====================>        72%] [Cov:=================>                 51%]
[Progress:=====================>        73%] [Cov:=================>                 51%]
[Progress:=====================>        73%] [Cov:=================>                 50%]
[Progress:=====================>        73%] [Cov:=================>                 51%]
[Progress:======================>       74%] [Cov:=================>                 51%]
[Progress:======================>       75%] [Cov:=================>                 51%]
[Progress:======================>       76%] [Cov:=================>                 50%]
[Progress:======================>       76%] [Cov:=================>                 51%]
[Progress:======================>       76%] [Cov:=================>                 51%]
[Progress:=======================>      77%] [Cov:=================>                 51%]
[Progress:=======================>      78%] [Cov:=================>                 51%]
[Progress:=======================>      78%] [Cov:=================>                 51%]
[Progress:=======================>      79%] [Cov:=================>                 51%]
[Progress:=======================>      79%] [Cov:=================>                 51%]
[Progress:========================>     80%] [Cov:=================>                 51%]
[Progress:========================>     81%] [Cov:=================>                 50%]
[Progress:========================>     81%] [Cov:=================>                 51%]
[Progress:========================>     82%] [Cov:=================>                 50%]
[Progress:========================>     82%] [Cov:=================>                 51%]
[Progress:========================>     82%] [Cov:=================>                 51%]
[Progress:========================>     83%] [Cov:=================>                 50%]
[Progress:========================>     83%] [Cov:=================>                 51%]
[Progress:=========================>    84%] [Cov:=================>                 51%]
[Progress:=========================>    84%] [Cov:=================>                 51%]
[Progress:=========================>    85%] [Cov:=================>                 51%]
[Progress:=========================>    86%] [Cov:=================>                 51%]
[Progress:=========================>    86%] [Cov:=================>                 51%]
[Progress:==========================>   87%] [Cov:=================>                 51%]
[Progress:==========================>   88%] [Cov:=================>                 51%]
[Progress:==========================>   88%] [Cov:=================>                 51%]
[Progress:==========================>   89%] [Cov:=================>                 51%]
[Progress:===========================>  90%] [Cov:=================>                 50%]
[Progress:===========================>  90%] [Cov:=================>                 51%]
[Progress:===========================>  91%] [Cov:=================>                 51%]
[Progress:===========================>  91%] [Cov:=================>                 51%]
[Progress:===========================>  92%] [Cov:=================>                 51%]
[Progress:===========================>  92%] [Cov:==================>                52%]
[Progress:===========================>  92%] [Cov:==================>                53%]
[Progress:===========================>  93%] [Cov:=================>                 51%]
[Progress:===========================>  93%] [Cov:==================>                53%]
[Progress:============================> 94%] [Cov:=================>                 51%]
[Progress:============================> 94%] [Cov:==================>                52%]
[Progress:============================> 94%] [Cov:==================>                53%]
[Progress:============================> 95%] [Cov:=================>                 51%]
[Progress:============================> 95%] [Cov:==================>                52%]
[Progress:============================> 95%] [Cov:==================>                53%]
[Progress:============================> 96%] [Cov:==================>                53%]
[Progress:============================> 96%] [Cov:==================>                53%]
[Progress:=============================>97%] [Cov:=================>                 51%]
[Progress:=============================>97%] [Cov:==================>                53%]
[Progress:=============================>98%] [Cov:=================>                 51%]
[Progress:=============================>98%] [Cov:==================>                52%]
[Progress:=============================>98%] [Cov:==================>                53%]
[Progress:=============================>98%] [Cov:==================>                53%]
[Progress:=============================>99%] [Cov:==================>                52%]
[Progress:=============================>99%] [Cov:==================>                53%]
[Progress:==============================100%] [Cov:==================>                52%]
[Progress:==============================100%] [Cov:==================>                53%]
[Progress:==============================100%] [Cov:==================>                53%]
[Progress:==============================100%] [Cov:=================>                 51%]
[Progress:==============================100%] [Cov:==================>                52%]
[Progress:==============================100%] [Cov:==================>                53%]
[Progress:==============================100%] [Cov:==================>                53%]
[Progress:==============================100%] [Cov:==================>                53%]
* Search finished after 154s and 57 generations, 24599 statements, best individual has fitness: 1187.8583333305394
* Minimizing test suite
* Going to analyze the coverage criteria
* Coverage analysis for criterion LINE
* Coverage of criterion LINE: 47%
* Total number of goals: 226
* Number of covered goals: 107
* Coverage analysis for criterion BRANCH
* Coverage of criterion BRANCH: 39%
* Total number of goals: 149
* Number of covered goals: 58
* Coverage analysis for criterion EXCEPTION
* Coverage of criterion EXCEPTION: 37%
* Total number of goals: 19
* Number of covered goals: 7
* Coverage analysis for criterion WEAKMUTATION
* Coverage of criterion WEAKMUTATION: 25%
* Total number of goals: 939
* Number of covered goals: 239
* Coverage analysis for criterion OUTPUT
* Coverage of criterion OUTPUT: 26%
* Total number of goals: 91
* Number of covered goals: 24
* Coverage analysis for criterion METHOD
* Coverage of criterion METHOD: 100%
* Total number of goals: 21
* Number of covered goals: 21
* Coverage analysis for criterion METHODNOEXCEPTION
* Coverage of criterion METHODNOEXCEPTION: 76%
* Total number of goals: 21
* Number of covered goals: 16
* Coverage analysis for criterion CBRANCH
* Coverage of criterion CBRANCH: 38%
* Total number of goals: 149
* Number of covered goals: 57
* Generated 29 tests with total length 148
* Resulting test suite's coverage: 53% (average coverage for all fitness functions)
* Generating assertions
* Resulting test suite's mutation score: 12%
* Compiling and checking tests
* Writing tests to file
* Writing JUnit test case 'BeanPropertyMap_ESTest' to evosuite-tests
* Done!

* Computation finished

