CMD: /usr/lib/jvm/java-8-openjdk-amd64/bin/java -Dtools_jar_location=/usr/lib/jvm/java-8-openjdk-amd64/lib/tools.jar -jar /home/pizza/evosuite/evosuite-1.2.0.jar -generateSuite -class org.apache.commons.lang3.time.FastDateParser -projectCP /home/pizza/evosuite/Test/Lang-9b/target/classes -base_dir /home/pizza/evosuite/results/project-Lang/Lang-9/round02/evosuite-work -seed 11 -Dalgorithm=NSGAII -Dsearch_budget=150 -Dtest_format=JUNIT4 -Dassertions=true

* EvoSuite 1.2.0
* Going to generate test cases for class: org.apache.commons.lang3.time.FastDateParser
* Starting Client-0
* Connecting to master process on port 8225
* Analyzing classpath: 
  - /home/pizza/evosuite/Test/Lang-9b/target/classes
* Finished analyzing classpath
* Generating tests for class org.apache.commons.lang3.time.FastDateParser
* Test criteria:
  - Line Coverage
  - Branch Coverage
  - Exception
  - Mutation testing (weak)
  - Method-Output Coverage
  - Top-Level Method Coverage
  - No-Exception Top-Level Method Coverage
  - Context Branch Coverage
* Setting up search algorithm for whole suite generation
* Total number of test goals: 
  - Line 244
  - Branch 351
  - Exception 0
  - MutationFactory 528
  - Output 39
  - Method 28
  - MethodNoException 28
  - CBranchFitnessFactory 351

[Progress:>                             0%] [Cov:>                                  0%]* Using seed 11
* Starting evolution
[MASTER] 18:01:47.917 [logback-1] WARN  TestCluster - Failed to check cache for java.util.AbstractMap<K, V>.SimpleImmutableEntry<K, V> : Type points to itself
[MASTER] 18:01:48.348 [logback-1] WARN  TestCluster - Failed to check cache for java.util.List<E> : Type points to itself

[Progress:>                             0%] [Cov:>                                  0%]
[Progress:>                             0%] [Cov:>                                  1%]
[Progress:>                             0%] [Cov:=>                                 5%]
[Progress:>                             0%] [Cov:====>                              13%]
[Progress:>                             0%] [Cov:=====>                             17%]
[Progress:>                             0%] [Cov:======>                            19%]
[Progress:>                             0%] [Cov:=======>                           20%]
[Progress:>                             0%] [Cov:=======>                           22%]
[Progress:>                             0%] [Cov:========>                          24%]
[Progress:>                             0%] [Cov:========>                          25%]
[Progress:>                             0%] [Cov:==========>                        29%]
[Progress:>                             1%] [Cov:=>                                 4%]
[Progress:>                             1%] [Cov:===>                               10%]
[Progress:>                             1%] [Cov:=======>                           22%]
[Progress:>                             1%] [Cov:=========>                         27%]
[Progress:>                             1%] [Cov:==========>                        29%]
[Progress:>                             1%] [Cov:===========>                       33%]
[Progress:>                             2%] [Cov:=>                                 5%]
[Progress:>                             2%] [Cov:===>                               11%]
[Progress:>                             2%] [Cov:========>                          24%]
[Progress:>                             2%] [Cov:==========>                        29%]
[Progress:>                             2%] [Cov:==========>                        31%]
[Progress:>                             2%] [Cov:============>                      36%]
[Progress:>                             2%] [Cov:============>                      36%]
[Progress:>                             3%] [Cov:===========>                       34%]
[Progress:>                             3%] [Cov:============>                      35%]
[Progress:>                             3%] [Cov:============>                      36%]
[Progress:>                             3%] [Cov:============>                      37%]
[Progress:>                             3%] [Cov:=============>                     38%]
[Progress:>                             3%] [Cov:==============>                    40%]
[Progress:>                             3%] [Cov:============>                      36%]
[Progress:=>                            4%] [Cov:===========>                       34%]
[Progress:=>                            4%] [Cov:============>                      36%]
[Progress:=>                            4%] [Cov:=============>                     38%]
[Progress:=>                            4%] [Cov:==============>                    40%]
[Progress:=>                            4%] [Cov:==============>                    41%]
[Progress:=>                            4%] [Cov:==============>                    42%]
[Progress:=>                            4%] [Cov:==============>                    42%]
[Progress:=>                            4%] [Cov:===============>                   43%]
[Progress:=>                            4%] [Cov:===============>                   45%]
[Progress:=>                            4%] [Cov:================>                  46%]
[Progress:=>                            4%] [Cov:=============>                     39%]
[Progress:=>                            4%] [Cov:===============>                   43%]
[Progress:=>                            4%] [Cov:===============>                   44%]
[Progress:=>                            4%] [Cov:===============>                   45%]
[Progress:=>                            5%] [Cov:============>                      37%]
[Progress:=>                            5%] [Cov:==============>                    42%]
[Progress:=>                            5%] [Cov:===============>                   43%]
[Progress:=>                            5%] [Cov:===============>                   44%]
[Progress:=>                            5%] [Cov:===============>                   45%]
[Progress:=>                            5%] [Cov:=============>                     39%]
[Progress:=>                            6%] [Cov:==============>                    40%]
[Progress:=>                            6%] [Cov:==============>                    41%]
[Progress:=>                            6%] [Cov:==============>                    42%]
[Progress:=>                            6%] [Cov:===============>                   45%]
[Progress:=>                            6%] [Cov:================>                  46%]
[Progress:=>                            6%] [Cov:=============>                     39%]
[Progress:=>                            6%] [Cov:==============>                    42%]
[Progress:=>                            6%] [Cov:===============>                   43%]
[Progress:=>                            6%] [Cov:===============>                   44%]
[Progress:=>                            6%] [Cov:===============>                   45%]
[Progress:=>                            6%] [Cov:================>                  46%]
[Progress:=>                            6%] [Cov:================>                  47%]
[Progress:=>                            6%] [Cov:================>                  48%]
[Progress:==>                           7%] [Cov:=============>                     38%]
[Progress:==>                           7%] [Cov:===============>                   45%]
[Progress:==>                           7%] [Cov:================>                  46%]
[Progress:==>                           7%] [Cov:================>                  48%]
[Progress:==>                           8%] [Cov:==============>                    42%]
[Progress:==>                           8%] [Cov:===============>                   44%]
[Progress:==>                           8%] [Cov:================>                  46%]
[Progress:==>                           8%] [Cov:================>                  47%]
[Progress:==>                           8%] [Cov:================>                  48%]
[Progress:==>                           8%] [Cov:=================>                 49%]
[Progress:==>                           8%] [Cov:=================>                 50%]
[Progress:==>                           8%] [Cov:=================>                 49%]
[Progress:==>                           8%] [Cov:=================>                 50%]
[Progress:==>                           8%] [Cov:=================>                 51%]
[Progress:==>                           8%] [Cov:==================>                52%]
[Progress:==>                           9%] [Cov:==============>                    42%]
[Progress:==>                           9%] [Cov:===============>                   45%]
[Progress:==>                           9%] [Cov:================>                  48%]
[Progress:==>                           9%] [Cov:=================>                 49%]
[Progress:==>                           9%] [Cov:=================>                 49%]
[Progress:===>                          10%] [Cov:================>                  48%]
[Progress:===>                          10%] [Cov:=================>                 49%]
[Progress:===>                          10%] [Cov:=================>                 50%]
[Progress:===>                          10%] [Cov:=================>                 51%]
[Progress:===>                          10%] [Cov:==================>                52%]
[Progress:===>                          10%] [Cov:==================>                52%]
[Progress:===>                          10%] [Cov:==================>                53%]
[Progress:===>                          11%] [Cov:===============>                   45%]
[Progress:===>                          11%] [Cov:================>                  47%]
[Progress:===>                          11%] [Cov:================>                  48%]
[Progress:===>                          11%] [Cov:=================>                 49%]
[Progress:===>                          11%] [Cov:=================>                 50%]
[Progress:===>                          11%] [Cov:==================>                53%]
[Progress:===>                          12%] [Cov:=================>                 49%]
[Progress:===>                          12%] [Cov:==================>                52%]
[Progress:===>                          12%] [Cov:==================>                53%]
[Progress:===>                          12%] [Cov:==================>                54%]
[Progress:===>                          12%] [Cov:===================>               55%]
[Progress:===>                          12%] [Cov:===================>               55%]
[Progress:===>                          13%] [Cov:================>                  48%]
[Progress:===>                          13%] [Cov:==================>                52%]
[Progress:===>                          13%] [Cov:==================>                53%]
[Progress:====>                         14%] [Cov:================>                  48%]
[Progress:====>                         14%] [Cov:=================>                 49%]
[Progress:====>                         14%] [Cov:==================>                52%]
[Progress:====>                         14%] [Cov:===================>               55%]
[Progress:====>                         14%] [Cov:===================>               56%]
[Progress:====>                         15%] [Cov:=================>                 49%]
[Progress:====>                         15%] [Cov:==================>                52%]
[Progress:====>                         15%] [Cov:==================>                53%]
[Progress:====>                         15%] [Cov:==================>                54%]
[Progress:====>                         15%] [Cov:===================>               55%]
[Progress:====>                         16%] [Cov:===============>                   45%]
[Progress:====>                         16%] [Cov:=================>                 49%]
[Progress:====>                         16%] [Cov:=================>                 50%]
[Progress:====>                         16%] [Cov:===================>               55%]
[Progress:====>                         16%] [Cov:===================>               55%]
[Progress:=====>                        17%] [Cov:=================>                 51%]
[Progress:=====>                        17%] [Cov:==================>                52%]
[Progress:=====>                        17%] [Cov:===================>               55%]
[Progress:=====>                        18%] [Cov:===================>               55%]
[Progress:=====>                        18%] [Cov:===================>               56%]
[Progress:=====>                        18%] [Cov:==================>                54%]
[Progress:=====>                        18%] [Cov:===================>               55%]
[Progress:=====>                        18%] [Cov:===================>               56%]
[Progress:=====>                        19%] [Cov:===================>               55%]
[Progress:=====>                        19%] [Cov:===================>               56%]
[Progress:======>                       20%] [Cov:==================>                54%]
[Progress:======>                       20%] [Cov:===================>               55%]
[Progress:======>                       20%] [Cov:==================>                54%]
[Progress:======>                       20%] [Cov:===================>               55%]
[Progress:======>                       20%] [Cov:===================>               56%]
[Progress:======>                       21%] [Cov:===================>               55%]
[Progress:======>                       21%] [Cov:===================>               56%]
[Progress:======>                       22%] [Cov:===================>               55%]
[Progress:======>                       22%] [Cov:===================>               56%]
[Progress:======>                       22%] [Cov:===================>               57%]
[Progress:======>                       22%] [Cov:===================>               55%]
[Progress:======>                       22%] [Cov:===================>               57%]
[Progress:======>                       23%] [Cov:===================>               55%]
[Progress:======>                       23%] [Cov:===================>               56%]
[Progress:======>                       23%] [Cov:===================>               57%]
[Progress:=======>                      24%] [Cov:===================>               56%]
[Progress:=======>                      24%] [Cov:===================>               55%]
[Progress:=======>                      24%] [Cov:===================>               56%]
[Progress:=======>                      24%] [Cov:===================>               57%]
[Progress:=======>                      24%] [Cov:====================>              58%]
[Progress:=======>                      25%] [Cov:==================>                54%]
[Progress:=======>                      25%] [Cov:===================>               56%]
[Progress:=======>                      25%] [Cov:===================>               57%]
[Progress:=======>                      25%] [Cov:===================>               55%]
[Progress:=======>                      25%] [Cov:===================>               56%]
[Progress:=======>                      26%] [Cov:===================>               55%]
[Progress:=======>                      26%] [Cov:===================>               56%]
[Progress:=======>                      26%] [Cov:===================>               57%]
[Progress:=======>                      26%] [Cov:====================>              58%]
[Progress:=======>                      26%] [Cov:====================>              59%]
[Progress:=======>                      26%] [Cov:=====================>             60%]
[Progress:========>                     27%] [Cov:==================>                54%]
[Progress:========>                     27%] [Cov:====================>              59%]
[Progress:========>                     27%] [Cov:====================>              58%]
[Progress:========>                     27%] [Cov:====================>              59%][MASTER] 18:02:30.619 [logback-1] WARN  TestCluster - Failed to check cache for java.time.temporal.TemporalQuery<R> : Type points to itself

[Progress:========>                     28%] [Cov:===================>               55%]
[Progress:========>                     28%] [Cov:===================>               57%]
[Progress:========>                     28%] [Cov:====================>              58%]
[Progress:========>                     28%] [Cov:=====================>             60%]
[Progress:========>                     29%] [Cov:====================>              59%]
[Progress:========>                     29%] [Cov:===================>               55%]
[Progress:========>                     29%] [Cov:===================>               57%]
[Progress:=========>                    30%] [Cov:===================>               57%]
[Progress:=========>                    30%] [Cov:=====================>             60%]
[Progress:=========>                    31%] [Cov:===================>               57%]
[Progress:=========>                    31%] [Cov:====================>              59%]
[Progress:=========>                    31%] [Cov:===================>               55%]
[Progress:=========>                    31%] [Cov:=====================>             60%]
[Progress:=========>                    32%] [Cov:====================>              59%]
[Progress:=========>                    32%] [Cov:=====================>             60%]
[Progress:=========>                    33%] [Cov:===================>               56%]
[Progress:=========>                    33%] [Cov:====================>              58%]
[Progress:=========>                    33%] [Cov:====================>              59%]
[Progress:=========>                    33%] [Cov:=====================>             60%]
[Progress:=========>                    33%] [Cov:===================>               55%]
[Progress:=========>                    33%] [Cov:===================>               56%]
[Progress:=========>                    33%] [Cov:====================>              59%]
[Progress:=========>                    33%] [Cov:=====================>             60%]
[Progress:==========>                   34%] [Cov:====================>              59%]
[Progress:==========>                   34%] [Cov:=====================>             60%]
[Progress:==========>                   35%] [Cov:====================>              59%]
[Progress:==========>                   35%] [Cov:====================>              59%]
[Progress:==========>                   36%] [Cov:====================>              58%]
[Progress:==========>                   36%] [Cov:====================>              59%]
[Progress:==========>                   36%] [Cov:=====================>             60%]
[Progress:===========>                  37%] [Cov:=====================>             60%]
[Progress:===========>                  37%] [Cov:====================>              59%]
[Progress:===========>                  37%] [Cov:=====================>             60%]
[Progress:===========>                  38%] [Cov:=====================>             60%]
[Progress:===========>                  39%] [Cov:====================>              58%]
[Progress:===========>                  39%] [Cov:=====================>             60%]
[Progress:===========>                  39%] [Cov:====================>              59%]
[Progress:===========>                  39%] [Cov:=====================>             60%]
[Progress:============>                 40%] [Cov:====================>              59%]
[Progress:============>                 40%] [Cov:=====================>             60%]
[Progress:============>                 41%] [Cov:====================>              59%]
[Progress:============>                 41%] [Cov:=====================>             60%]
[Progress:============>                 41%] [Cov:====================>              59%]
[Progress:============>                 41%] [Cov:=====================>             60%]
[Progress:============>                 42%] [Cov:=====================>             60%]
[Progress:============>                 42%] [Cov:=====================>             60%]
[Progress:============>                 43%] [Cov:====================>              59%]
[Progress:============>                 43%] [Cov:=====================>             60%]
[Progress:=============>                44%] [Cov:=====================>             60%]
[Progress:=============>                44%] [Cov:=====================>             61%]
[Progress:=============>                44%] [Cov:=====================>             60%]
[Progress:=============>                45%] [Cov:====================>              59%]
[Progress:=============>                45%] [Cov:=====================>             60%]
[Progress:=============>                45%] [Cov:=====================>             61%]
[Progress:=============>                46%] [Cov:====================>              59%]
[Progress:=============>                46%] [Cov:=====================>             60%]
[Progress:=============>                46%] [Cov:=====================>             61%]
[Progress:=============>                46%] [Cov:=====================>             60%]
[Progress:=============>                46%] [Cov:=====================>             61%]
[Progress:==============>               47%] [Cov:====================>              58%]
[Progress:==============>               47%] [Cov:====================>              59%]
[Progress:==============>               47%] [Cov:=====================>             60%]
[Progress:==============>               47%] [Cov:=====================>             61%]
[Progress:==============>               48%] [Cov:====================>              59%]
[Progress:==============>               48%] [Cov:=====================>             60%]
[Progress:==============>               48%] [Cov:=====================>             61%]
[Progress:==============>               48%] [Cov:=====================>             60%]
[Progress:==============>               48%] [Cov:=====================>             61%]
[Progress:==============>               49%] [Cov:=====================>             60%]
[Progress:==============>               49%] [Cov:=====================>             61%]
[Progress:===============>              50%] [Cov:===================>               56%]
[Progress:===============>              50%] [Cov:=====================>             60%]
[Progress:===============>              50%] [Cov:=====================>             61%]
[Progress:===============>              50%] [Cov:=====================>             60%]
[Progress:===============>              51%] [Cov:====================>              58%]
[Progress:===============>              51%] [Cov:====================>              59%]
[Progress:===============>              51%] [Cov:=====================>             60%]
[Progress:===============>              51%] [Cov:=====================>             61%]
[Progress:===============>              51%] [Cov:=====================>             62%]
[Progress:===============>              52%] [Cov:=====================>             60%]
[Progress:===============>              52%] [Cov:=====================>             61%]
[Progress:===============>              53%] [Cov:=====================>             60%]
[Progress:===============>              53%] [Cov:=====================>             61%]
[Progress:===============>              53%] [Cov:=====================>             62%]
[Progress:================>             54%] [Cov:=====================>             60%]
[Progress:================>             54%] [Cov:=====================>             61%]
[Progress:================>             54%] [Cov:=====================>             62%]
[Progress:================>             55%] [Cov:=====================>             60%]
[Progress:================>             55%] [Cov:=====================>             61%]
[Progress:================>             55%] [Cov:=====================>             62%]
[Progress:================>             56%] [Cov:=====================>             62%]
[Progress:=================>            57%] [Cov:====================>              58%]
[Progress:=================>            57%] [Cov:=====================>             61%]
[Progress:=================>            57%] [Cov:=====================>             61%]
[Progress:=================>            57%] [Cov:=====================>             62%]
[Progress:=================>            58%] [Cov:=====================>             60%]
[Progress:=================>            58%] [Cov:=====================>             62%]
[Progress:=================>            59%] [Cov:=====================>             61%]
[Progress:=================>            59%] [Cov:=====================>             62%]
[Progress:=================>            59%] [Cov:=====================>             61%]
[Progress:=================>            59%] [Cov:=====================>             62%]
[Progress:==================>           60%] [Cov:=====================>             61%]
[Progress:==================>           60%] [Cov:=====================>             62%]
[Progress:==================>           61%] [Cov:=====================>             60%]
[Progress:==================>           61%] [Cov:=====================>             61%]
[Progress:==================>           61%] [Cov:=====================>             62%]
[Progress:==================>           61%] [Cov:=====================>             61%]
[Progress:==================>           61%] [Cov:=====================>             62%]
[Progress:==================>           62%] [Cov:====================>              59%]
[Progress:==================>           62%] [Cov:=====================>             60%]
[Progress:==================>           62%] [Cov:=====================>             62%]
[Progress:==================>           63%] [Cov:====================>              59%]
[Progress:==================>           63%] [Cov:=====================>             61%]
[Progress:==================>           63%] [Cov:=====================>             62%]
[Progress:==================>           63%] [Cov:=====================>             61%]
[Progress:==================>           63%] [Cov:=====================>             62%]
[Progress:===================>          64%] [Cov:=====================>             61%]
[Progress:===================>          64%] [Cov:=====================>             62%]
[Progress:===================>          65%] [Cov:=====================>             61%]
[Progress:===================>          65%] [Cov:=====================>             62%]
[Progress:===================>          66%] [Cov:====================>              59%]
[Progress:===================>          66%] [Cov:=====================>             61%]
[Progress:===================>          66%] [Cov:=====================>             62%]
[Progress:===================>          66%] [Cov:=====================>             61%]
[Progress:===================>          66%] [Cov:=====================>             62%]
[Progress:====================>         67%] [Cov:====================>              59%]
[Progress:====================>         67%] [Cov:=====================>             61%]
[Progress:====================>         68%] [Cov:====================>              59%]
[Progress:====================>         68%] [Cov:=====================>             61%]
[Progress:====================>         68%] [Cov:=====================>             62%]
[Progress:====================>         68%] [Cov:=====================>             61%]
[Progress:====================>         69%] [Cov:====================>              58%]
[Progress:====================>         69%] [Cov:=====================>             61%]
[Progress:=====================>        70%] [Cov:=====================>             61%]
[Progress:=====================>        70%] [Cov:=====================>             62%]
[Progress:=====================>        71%] [Cov:=====================>             61%]
[Progress:=====================>        72%] [Cov:=====================>             61%]
[Progress:=====================>        72%] [Cov:====================>              58%]
[Progress:=====================>        72%] [Cov:=====================>             61%]
[Progress:=====================>        73%] [Cov:=====================>             61%]
[Progress:======================>       74%] [Cov:=====================>             61%]
[Progress:======================>       74%] [Cov:=====================>             62%]
[Progress:======================>       74%] [Cov:====================>              58%]
[Progress:======================>       74%] [Cov:=====================>             61%]
[Progress:======================>       75%] [Cov:=====================>             61%]
[Progress:======================>       76%] [Cov:=====================>             61%]
[Progress:======================>       76%] [Cov:====================>              58%]
[Progress:======================>       76%] [Cov:=====================>             62%]
[Progress:=======================>      77%] [Cov:====================>              58%]
[Progress:=======================>      77%] [Cov:=====================>             61%]
[Progress:=======================>      78%] [Cov:=====================>             61%]
[Progress:=======================>      78%] [Cov:=====================>             62%]
[Progress:=======================>      78%] [Cov:====================>              58%]
[Progress:=======================>      78%] [Cov:=====================>             61%]
[Progress:=======================>      78%] [Cov:=====================>             62%]
[Progress:=======================>      79%] [Cov:====================>              58%]
[Progress:=======================>      79%] [Cov:====================>              59%]
[Progress:=======================>      79%] [Cov:=====================>             60%]
[Progress:=======================>      79%] [Cov:=====================>             61%]
[Progress:========================>     80%] [Cov:=====================>             61%]
[Progress:========================>     80%] [Cov:=====================>             62%]
[Progress:========================>     81%] [Cov:=====================>             61%]
[Progress:========================>     81%] [Cov:=====================>             62%]
[Progress:========================>     82%] [Cov:=====================>             61%]
[Progress:========================>     82%] [Cov:=====================>             62%]
[Progress:========================>     82%] [Cov:=====================>             62%]
[Progress:========================>     83%] [Cov:=====================>             61%]
[Progress:========================>     83%] [Cov:=====================>             62%]
[Progress:=========================>    84%] [Cov:=====================>             61%]
[Progress:=========================>    84%] [Cov:=====================>             62%]
[Progress:=========================>    84%] [Cov:=====================>             62%]
[Progress:=========================>    85%] [Cov:====================>              58%]
[Progress:=========================>    85%] [Cov:=====================>             60%]
[Progress:=========================>    85%] [Cov:=====================>             61%]
[Progress:=========================>    85%] [Cov:=====================>             62%]
[Progress:=========================>    86%] [Cov:====================>              58%]
[Progress:=========================>    86%] [Cov:====================>              59%]
[Progress:=========================>    86%] [Cov:=====================>             60%]
[Progress:=========================>    86%] [Cov:=====================>             61%]
[Progress:=========================>    86%] [Cov:=====================>             62%]
[Progress:=========================>    86%] [Cov:=====================>             62%]
[Progress:==========================>   87%] [Cov:====================>              58%]
[Progress:==========================>   87%] [Cov:=====================>             62%]
[Progress:==========================>   88%] [Cov:=====================>             62%]
[Progress:==========================>   89%] [Cov:====================>              59%]
[Progress:==========================>   89%] [Cov:=====================>             60%]
[Progress:==========================>   89%] [Cov:=====================>             61%]
[Progress:==========================>   89%] [Cov:=====================>             62%]
[Progress:==========================>   89%] [Cov:======================>            63%]
[Progress:===========================>  90%] [Cov:=====================>             62%]
[Progress:===========================>  90%] [Cov:======================>            63%]
[Progress:===========================>  91%] [Cov:=====================>             60%]
[Progress:===========================>  91%] [Cov:=====================>             61%]
[Progress:===========================>  91%] [Cov:=====================>             62%]
[Progress:===========================>  92%] [Cov:=====================>             62%]
[Progress:===========================>  92%] [Cov:=====================>             62%]
[Progress:===========================>  93%] [Cov:=====================>             61%]
[Progress:===========================>  93%] [Cov:=====================>             62%]
[Progress:============================> 94%] [Cov:=====================>             61%]
[Progress:============================> 94%] [Cov:=====================>             62%]
[Progress:============================> 94%] [Cov:======================>            63%]
[Progress:============================> 94%] [Cov:=====================>             62%]
[Progress:============================> 95%] [Cov:=====================>             62%]
[Progress:============================> 96%] [Cov:=====================>             62%]
[Progress:============================> 96%] [Cov:======================>            63%]
[Progress:=============================>97%] [Cov:=====================>             61%]
[Progress:=============================>97%] [Cov:=====================>             62%]
[Progress:=============================>97%] [Cov:=====================>             62%]
[Progress:=============================>98%] [Cov:=====================>             62%]
[Progress:=============================>98%] [Cov:======================>            63%]
[Progress:=============================>99%] [Cov:=====================>             61%]
[Progress:=============================>99%] [Cov:=====================>             62%]
[Progress:==============================100%] [Cov:=====================>             61%]
[Progress:==============================100%] [Cov:=====================>             62%]
[Progress:==============================100%] [Cov:=====================>             62%]
* Search finished after 151s and 55 generations, 16382 statements, best individual has fitness: 630.6959325417778
* Minimizing test suite
* Going to analyze the coverage criteria
* Coverage analysis for criterion LINE
* Coverage of criterion LINE: 67%
* Total number of goals: 244
* Number of covered goals: 164
* Coverage analysis for criterion BRANCH
* Coverage of criterion BRANCH: 63%
* Total number of goals: 351
* Number of covered goals: 222
* Coverage analysis for criterion EXCEPTION
* Coverage of criterion EXCEPTION: 45%
* Total number of goals: 11
* Number of covered goals: 5
* Coverage analysis for criterion WEAKMUTATION
* Coverage of criterion WEAKMUTATION: 61%
* Total number of goals: 528
* Number of covered goals: 320
* Coverage analysis for criterion OUTPUT
* Coverage of criterion OUTPUT: 38%
* Total number of goals: 39
* Number of covered goals: 15
* Coverage analysis for criterion METHOD
* Coverage of criterion METHOD: 54%
* Total number of goals: 28
* Number of covered goals: 15
* Coverage analysis for criterion METHODNOEXCEPTION
* Coverage of criterion METHODNOEXCEPTION: 46%
* Total number of goals: 28
* Number of covered goals: 13
* Coverage analysis for criterion CBRANCH
* Coverage of criterion CBRANCH: 62%
* Total number of goals: 351
* Number of covered goals: 218
* Generated 25 tests with total length 102
* Resulting test suite's coverage: 63% (average coverage for all fitness functions)
* Generating assertions
* Resulting test suite's mutation score: 39%
* Compiling and checking tests
* Writing tests to file
* Writing JUnit test case 'FastDateParser_ESTest' to evosuite-tests
* Done!

* Computation finished

