CMD: /usr/lib/jvm/java-8-openjdk-amd64/bin/java -Dtools_jar_location=/usr/lib/jvm/java-8-openjdk-amd64/lib/tools.jar -jar /home/user/evosuite/evosuite-1.2.0.jar -generateSuite -class com.fasterxml.jackson.core.json.UTF8JsonGenerator -projectCP /home/user/evosuite/Test/JacksonCore-17b/target/classes -base_dir /home/user/evosuite/results/project-JacksonCore/JacksonCore-17/round02/evosuite-work -seed 11 -Dalgorithm=NSGAII -Dsearch_budget=150 -Dtest_format=JUNIT4 -Dassertions=true

* EvoSuite 1.2.0
* Going to generate test cases for class: com.fasterxml.jackson.core.json.UTF8JsonGenerator
* Starting Client-0
* Connecting to master process on port 8220
* Analyzing classpath: 
  - /home/user/evosuite/Test/JacksonCore-17b/target/classes
* Finished analyzing classpath
* Generating tests for class com.fasterxml.jackson.core.json.UTF8JsonGenerator
* Test criteria:
  - Line Coverage
  - Branch Coverage
  - Exception
  - Mutation testing (weak)
  - Method-Output Coverage
  - Top-Level Method Coverage
  - No-Exception Top-Level Method Coverage
  - Context Branch Coverage
* Setting up search algorithm for whole suite generation
* Total number of test goals: 
  - Line 987
  - Branch 539
  - Exception 0
  - MutationFactory 716
  - Output 14
  - Method 45
  - MethodNoException 45
  - CBranchFitnessFactory 539
* Using seed 11
* Starting evolution

[Progress:>                             0%] [Cov:>                                  0%]
[Progress:>                             0%] [Cov:>                                  0%]
[Progress:>                             0%] [Cov:====>                              12%]
[Progress:>                             1%] [Cov:>                                  0%]
[Progress:>                             2%] [Cov:>                                  0%]
[Progress:>                             2%] [Cov:====>                              12%]
[Progress:>                             2%] [Cov:====>                              13%]
[Progress:>                             2%] [Cov:====>                              14%]
[Progress:>                             2%] [Cov:=====>                             15%]
[Progress:>                             2%] [Cov:=====>                             16%]
[Progress:>                             3%] [Cov:>                                  0%]
[Progress:>                             3%] [Cov:====>                              13%]
[Progress:>                             3%] [Cov:====>                              14%]
[Progress:>                             3%] [Cov:=====>                             15%]
[Progress:>                             3%] [Cov:=====>                             17%]
[Progress:=>                            4%] [Cov:>                                  1%]
[Progress:=>                            4%] [Cov:>                                  2%]
[Progress:=>                            4%] [Cov:====>                              12%]
[Progress:=>                            4%] [Cov:====>                              14%]
[Progress:=>                            4%] [Cov:=====>                             16%]
[Progress:=>                            4%] [Cov:=====>                             17%]
[Progress:=>                            4%] [Cov:======>                            18%]
[Progress:=>                            4%] [Cov:=======>                           20%]
[Progress:=>                            5%] [Cov:>                                  0%]
[Progress:=>                            5%] [Cov:====>                              12%]
[Progress:=>                            5%] [Cov:=======>                           20%]
[Progress:=>                            6%] [Cov:=======>                           20%]
[Progress:=>                            6%] [Cov:=======>                           21%]
[Progress:=>                            6%] [Cov:=======>                           20%]
[Progress:==>                           7%] [Cov:====>                              13%]
[Progress:==>                           7%] [Cov:======>                            18%]
[Progress:==>                           7%] [Cov:=======>                           20%]
[Progress:==>                           7%] [Cov:=======>                           21%]
[Progress:==>                           8%] [Cov:=====>                             15%]
[Progress:==>                           8%] [Cov:=====>                             16%]
[Progress:==>                           8%] [Cov:=====>                             17%]
[Progress:==>                           8%] [Cov:=======>                           20%]
[Progress:==>                           8%] [Cov:=======>                           20%]
[Progress:==>                           8%] [Cov:=======>                           21%]
[Progress:==>                           9%] [Cov:====>                              13%]
[Progress:==>                           9%] [Cov:=====>                             15%]
[Progress:==>                           9%] [Cov:======>                            18%]
[Progress:==>                           9%] [Cov:======>                            19%]
[Progress:==>                           9%] [Cov:=======>                           20%]
[Progress:==>                           9%] [Cov:=======>                           21%]
[Progress:==>                           9%] [Cov:=======>                           21%]
[Progress:===>                          10%] [Cov:=====>                             17%]
[Progress:===>                          10%] [Cov:======>                            18%]
[Progress:===>                          10%] [Cov:======>                            19%]
[Progress:===>                          10%] [Cov:=======>                           20%]
[Progress:===>                          10%] [Cov:=======>                           21%]
[Progress:===>                          10%] [Cov:=======>                           22%]
[Progress:===>                          11%] [Cov:======>                            18%]
[Progress:===>                          11%] [Cov:=======>                           20%]
[Progress:===>                          11%] [Cov:=======>                           21%]
[Progress:===>                          11%] [Cov:=======>                           22%]
[Progress:===>                          11%] [Cov:========>                          23%]
[Progress:===>                          11%] [Cov:========>                          23%]
[Progress:===>                          12%] [Cov:=======>                           20%]
[Progress:===>                          12%] [Cov:=======>                           21%]
[Progress:===>                          12%] [Cov:=======>                           22%]
[Progress:===>                          12%] [Cov:========>                          23%]
[Progress:===>                          13%] [Cov:=======>                           21%]
[Progress:===>                          13%] [Cov:========>                          23%]
[Progress:====>                         14%] [Cov:=======>                           21%]
[Progress:====>                         14%] [Cov:=======>                           22%]
[Progress:====>                         14%] [Cov:========>                          23%]
[Progress:====>                         14%] [Cov:========>                          23%]
[Progress:====>                         15%] [Cov:=======>                           21%]
[Progress:====>                         15%] [Cov:========>                          23%]
[Progress:====>                         15%] [Cov:========>                          24%]
[Progress:====>                         16%] [Cov:=======>                           22%]
[Progress:====>                         16%] [Cov:========>                          23%]
[Progress:====>                         16%] [Cov:========>                          24%]
[Progress:=====>                        17%] [Cov:=======>                           21%]
[Progress:=====>                        17%] [Cov:=======>                           22%]
[Progress:=====>                        17%] [Cov:========>                          23%]
[Progress:=====>                        17%] [Cov:========>                          24%]
[Progress:=====>                        18%] [Cov:=======>                           21%]
[Progress:=====>                        18%] [Cov:========>                          23%]
[Progress:=====>                        18%] [Cov:========>                          24%]
[Progress:=====>                        18%] [Cov:========>                          24%]
[Progress:=====>                        19%] [Cov:========>                          23%]
[Progress:=====>                        19%] [Cov:========>                          24%]
[Progress:======>                       20%] [Cov:========>                          23%]
[Progress:======>                       20%] [Cov:========>                          24%]
[Progress:======>                       20%] [Cov:========>                          25%]
[Progress:======>                       20%] [Cov:========>                          25%]
[Progress:======>                       21%] [Cov:========>                          23%]
[Progress:======>                       21%] [Cov:========>                          24%]
[Progress:======>                       21%] [Cov:========>                          25%]
[Progress:======>                       22%] [Cov:========>                          23%]
[Progress:======>                       22%] [Cov:========>                          24%]
[Progress:======>                       22%] [Cov:========>                          25%]
[Progress:======>                       22%] [Cov:========>                          25%]
[Progress:======>                       22%] [Cov:=========>                         26%]
[Progress:======>                       23%] [Cov:=======>                           20%]
[Progress:======>                       23%] [Cov:=======>                           21%]
[Progress:======>                       23%] [Cov:========>                          25%]
[Progress:=======>                      24%] [Cov:========>                          25%]
[Progress:=======>                      24%] [Cov:=========>                         26%]
[Progress:=======>                      25%] [Cov:========>                          24%]
[Progress:=======>                      25%] [Cov:========>                          25%]
[Progress:=======>                      25%] [Cov:=========>                         26%]
[Progress:=======>                      26%] [Cov:========>                          24%]
[Progress:=======>                      26%] [Cov:========>                          25%]
[Progress:=======>                      26%] [Cov:=========>                         26%]
[Progress:========>                     27%] [Cov:========>                          25%]
[Progress:========>                     27%] [Cov:=========>                         26%]
[Progress:========>                     28%] [Cov:========>                          25%]
[Progress:========>                     28%] [Cov:=========>                         26%]
[Progress:========>                     28%] [Cov:=========>                         26%]
[Progress:========>                     29%] [Cov:=========>                         26%]
[Progress:=========>                    30%] [Cov:========>                          25%]
[Progress:=========>                    30%] [Cov:=========>                         26%]
[Progress:=========>                    31%] [Cov:=========>                         26%]
[Progress:=========>                    31%] [Cov:=========>                         26%]
[Progress:=========>                    32%] [Cov:=========>                         26%]
[Progress:=========>                    33%] [Cov:=========>                         26%]
[Progress:=========>                    33%] [Cov:=========>                         27%]
[Progress:==========>                   34%] [Cov:=========>                         26%]
[Progress:==========>                   34%] [Cov:=========>                         27%]
[Progress:==========>                   35%] [Cov:=========>                         26%]
[Progress:==========>                   35%] [Cov:=========>                         27%]
[Progress:==========>                   36%] [Cov:========>                          25%]
[Progress:==========>                   36%] [Cov:=========>                         26%]
[Progress:==========>                   36%] [Cov:=========>                         27%]
[Progress:===========>                  37%] [Cov:=========>                         26%]
[Progress:===========>                  37%] [Cov:=========>                         26%]
[Progress:===========>                  38%] [Cov:=========>                         26%]
[Progress:===========>                  38%] [Cov:=========>                         27%]
[Progress:===========>                  39%] [Cov:=========>                         26%]
[Progress:===========>                  39%] [Cov:=========>                         27%]
[Progress:===========>                  39%] [Cov:=========>                         28%]
[Progress:============>                 40%] [Cov:========>                          25%]
[Progress:============>                 40%] [Cov:=========>                         26%]
[Progress:============>                 40%] [Cov:=========>                         27%]
[Progress:============>                 40%] [Cov:=========>                         27%]
[Progress:============>                 40%] [Cov:=========>                         28%]
[Progress:============>                 41%] [Cov:=========>                         26%]
[Progress:============>                 41%] [Cov:=========>                         27%]
[Progress:============>                 42%] [Cov:=========>                         26%]
[Progress:============>                 42%] [Cov:=========>                         27%]
[Progress:============>                 42%] [Cov:=========>                         28%]
[Progress:============>                 42%] [Cov:=========>                         28%]
[Progress:============>                 43%] [Cov:=========>                         27%]
[Progress:============>                 43%] [Cov:=========>                         28%]
[Progress:=============>                44%] [Cov:=========>                         26%]
[Progress:=============>                44%] [Cov:=========>                         27%]
[Progress:=============>                44%] [Cov:=========>                         28%]
[Progress:=============>                44%] [Cov:==========>                        29%]
[Progress:=============>                44%] [Cov:==========>                        29%]
[Progress:=============>                45%] [Cov:=========>                         28%]
[Progress:=============>                46%] [Cov:========>                          25%]
[Progress:=============>                46%] [Cov:=========>                         27%]
[Progress:=============>                46%] [Cov:=========>                         28%]
[Progress:=============>                46%] [Cov:=========>                         28%]
[Progress:=============>                46%] [Cov:==========>                        29%]
[Progress:==============>               47%] [Cov:=========>                         27%]
[Progress:==============>               47%] [Cov:=========>                         28%]
[Progress:==============>               47%] [Cov:==========>                        29%]
[Progress:==============>               48%] [Cov:=========>                         27%]
[Progress:==============>               48%] [Cov:=========>                         28%]
[Progress:==============>               48%] [Cov:==========>                        29%]
[Progress:==============>               48%] [Cov:==========>                        29%]
[Progress:==============>               49%] [Cov:=========>                         28%]
[Progress:==============>               49%] [Cov:==========>                        29%]
[Progress:===============>              50%] [Cov:=========>                         27%]
[Progress:===============>              50%] [Cov:=========>                         28%]
[Progress:===============>              50%] [Cov:==========>                        29%]
[Progress:===============>              51%] [Cov:=========>                         28%]
[Progress:===============>              51%] [Cov:==========>                        29%]
[Progress:===============>              52%] [Cov:=========>                         28%]
[Progress:===============>              52%] [Cov:==========>                        29%]
[Progress:===============>              52%] [Cov:==========>                        29%]
[Progress:===============>              52%] [Cov:==========>                        30%]
[Progress:===============>              52%] [Cov:==========>                        31%]
[Progress:===============>              53%] [Cov:==========>                        29%]
[Progress:================>             54%] [Cov:==========>                        29%]
[Progress:================>             54%] [Cov:==========>                        30%]
[Progress:================>             54%] [Cov:==========>                        31%]
[Progress:================>             55%] [Cov:=========>                         27%]
[Progress:================>             55%] [Cov:==========>                        29%]
[Progress:================>             55%] [Cov:==========>                        31%]
[Progress:================>             56%] [Cov:==========>                        29%]
[Progress:================>             56%] [Cov:==========>                        30%]
[Progress:================>             56%] [Cov:==========>                        31%]
[Progress:=================>            57%] [Cov:==========>                        29%]
[Progress:=================>            57%] [Cov:==========>                        30%]
[Progress:=================>            57%] [Cov:==========>                        31%]
[Progress:=================>            58%] [Cov:==========>                        29%]
[Progress:=================>            58%] [Cov:==========>                        31%]
[Progress:=================>            58%] [Cov:===========>                       32%]
[Progress:=================>            59%] [Cov:==========>                        29%]
[Progress:=================>            59%] [Cov:==========>                        31%]
[Progress:==================>           60%] [Cov:==========>                        30%]
[Progress:==================>           60%] [Cov:==========>                        31%]
[Progress:==================>           60%] [Cov:==========>                        31%]
[Progress:==================>           60%] [Cov:===========>                       32%]
[Progress:==================>           61%] [Cov:==========>                        30%]
[Progress:==================>           61%] [Cov:==========>                        31%]
[Progress:==================>           61%] [Cov:===========>                       32%]
[Progress:==================>           62%] [Cov:==========>                        29%]
[Progress:==================>           62%] [Cov:==========>                        31%]
[Progress:==================>           62%] [Cov:===========>                       32%]
[Progress:==================>           63%] [Cov:==========>                        31%]
[Progress:==================>           63%] [Cov:==========>                        31%]
[Progress:==================>           63%] [Cov:===========>                       32%]
[Progress:===================>          64%] [Cov:==========>                        31%]
[Progress:===================>          64%] [Cov:===========>                       32%]
[Progress:===================>          65%] [Cov:==========>                        31%]
[Progress:===================>          65%] [Cov:===========>                       32%]
[Progress:===================>          66%] [Cov:==========>                        30%]
[Progress:===================>          66%] [Cov:===========>                       32%]
[Progress:===================>          66%] [Cov:===========>                       32%]
[Progress:====================>         67%] [Cov:==========>                        31%]
[Progress:====================>         67%] [Cov:===========>                       32%]
[Progress:====================>         68%] [Cov:==========>                        31%]
[Progress:====================>         68%] [Cov:===========>                       32%]
[Progress:====================>         69%] [Cov:==========>                        31%]
[Progress:====================>         69%] [Cov:===========>                       32%]
[Progress:=====================>        70%] [Cov:==========>                        31%]
[Progress:=====================>        70%] [Cov:===========>                       32%]
[Progress:=====================>        70%] [Cov:===========>                       32%]
[Progress:=====================>        71%] [Cov:==========>                        31%]
[Progress:=====================>        71%] [Cov:===========>                       32%]
[Progress:=====================>        72%] [Cov:===========>                       32%]
[Progress:=====================>        72%] [Cov:===========>                       32%]
[Progress:=====================>        73%] [Cov:===========>                       32%]
[Progress:======================>       74%] [Cov:===========>                       32%]
[Progress:======================>       74%] [Cov:===========>                       33%]
[Progress:======================>       75%] [Cov:===========>                       32%]
[Progress:======================>       75%] [Cov:===========>                       33%]
[Progress:======================>       75%] [Cov:===========>                       33%]
[Progress:======================>       76%] [Cov:==========>                        30%]
[Progress:======================>       76%] [Cov:===========>                       32%]
[Progress:======================>       76%] [Cov:===========>                       33%]
[Progress:=======================>      77%] [Cov:===========>                       32%]
[Progress:=======================>      77%] [Cov:===========>                       33%]
[Progress:=======================>      78%] [Cov:==========>                        31%]
[Progress:=======================>      78%] [Cov:===========>                       33%]
[Progress:=======================>      79%] [Cov:===========>                       32%]
[Progress:=======================>      79%] [Cov:===========>                       33%]
[Progress:========================>     80%] [Cov:===========>                       32%]
[Progress:========================>     80%] [Cov:===========>                       33%]
[Progress:========================>     81%] [Cov:==========>                        30%]
[Progress:========================>     81%] [Cov:==========>                        31%]
[Progress:========================>     81%] [Cov:===========>                       32%]
[Progress:========================>     81%] [Cov:===========>                       33%]
[Progress:========================>     82%] [Cov:==========>                        31%]
[Progress:========================>     82%] [Cov:===========>                       32%]
[Progress:========================>     82%] [Cov:===========>                       33%]
[Progress:========================>     83%] [Cov:===========>                       33%]
[Progress:========================>     83%] [Cov:===========>                       33%]
[Progress:=========================>    84%] [Cov:===========>                       32%]
[Progress:=========================>    84%] [Cov:===========>                       33%]
[Progress:=========================>    85%] [Cov:===========>                       33%]
[Progress:=========================>    85%] [Cov:===========>                       34%]
[Progress:=========================>    86%] [Cov:===========>                       33%]
[Progress:=========================>    86%] [Cov:===========>                       34%]
[Progress:==========================>   87%] [Cov:===========>                       32%]
[Progress:==========================>   87%] [Cov:===========>                       33%]
[Progress:==========================>   87%] [Cov:===========>                       33%]
[Progress:==========================>   88%] [Cov:===========>                       33%]
[Progress:==========================>   88%] [Cov:===========>                       34%]
[Progress:==========================>   89%] [Cov:===========>                       33%]
[Progress:==========================>   89%] [Cov:===========>                       34%]
[Progress:===========================>  90%] [Cov:==========>                        30%]
[Progress:===========================>  90%] [Cov:===========>                       33%]
[Progress:===========================>  90%] [Cov:===========>                       34%]
[Progress:===========================>  90%] [Cov:===========>                       33%]
[Progress:===========================>  91%] [Cov:===========>                       33%]
[Progress:===========================>  91%] [Cov:===========>                       34%]
[Progress:===========================>  92%] [Cov:===========>                       33%]
[Progress:===========================>  92%] [Cov:===========>                       34%]
[Progress:===========================>  92%] [Cov:============>                      35%]
[Progress:===========================>  93%] [Cov:===========>                       33%]
[Progress:===========================>  93%] [Cov:===========>                       34%]
[Progress:============================> 94%] [Cov:===========>                       33%]
[Progress:============================> 94%] [Cov:===========>                       34%]
[Progress:============================> 94%] [Cov:============>                      35%]
[Progress:============================> 94%] [Cov:============>                      35%]
[Progress:============================> 95%] [Cov:===========>                       34%]
[Progress:============================> 96%] [Cov:===========>                       33%]
[Progress:============================> 96%] [Cov:===========>                       34%]
[Progress:=============================>97%] [Cov:===========>                       33%]
[Progress:=============================>97%] [Cov:===========>                       34%]
[Progress:=============================>97%] [Cov:============>                      35%]
[Progress:=============================>98%] [Cov:===========>                       33%]
[Progress:=============================>98%] [Cov:===========>                       34%]
[Progress:=============================>98%] [Cov:============>                      35%]
[Progress:=============================>98%] [Cov:============>                      35%]
[Progress:=============================>99%] [Cov:===========>                       34%]
[Progress:=============================>99%] [Cov:============>                      35%]
[Progress:==============================100%] [Cov:===========>                       34%]
[Progress:==============================100%] [Cov:============>                      35%]
[Progress:==============================100%] [Cov:===========>                       34%]
[Progress:==============================100%] [Cov:============>                      35%]
[Progress:==============================100%] [Cov:===========>                       33%]
[Progress:==============================100%] [Cov:============>                      35%]
[Progress:==============================100%] [Cov:============>                      35%]
* Search finished after 154s and 39 generations, 22170 statements, best individual has fitness: 10155.932072202166
* Minimizing test suite
* Going to analyze the coverage criteria
* Coverage analysis for criterion LINE
* Coverage of criterion LINE: 34%
* Total number of goals: 987
* Number of covered goals: 334
* Coverage analysis for criterion BRANCH
* Coverage of criterion BRANCH: 27%
* Total number of goals: 539
* Number of covered goals: 143
* Coverage analysis for criterion EXCEPTION
* Coverage of criterion EXCEPTION: 14%
* Total number of goals: 43
* Number of covered goals: 6
* Coverage analysis for criterion WEAKMUTATION
* Coverage of criterion WEAKMUTATION: 17%
* Total number of goals: 716
* Number of covered goals: 124
* Coverage analysis for criterion OUTPUT
* Coverage of criterion OUTPUT: 7%
* Total number of goals: 14
* Number of covered goals: 1
* Coverage analysis for criterion METHOD
* Coverage of criterion METHOD: 58%
* Total number of goals: 45
* Number of covered goals: 26
* Coverage analysis for criterion METHODNOEXCEPTION
* Coverage of criterion METHODNOEXCEPTION: 47%
* Total number of goals: 45
* Number of covered goals: 21
* Coverage analysis for criterion CBRANCH
* Coverage of criterion CBRANCH: 25%
* Total number of goals: 539
* Number of covered goals: 135
* Generated 31 tests with total length 195
* Resulting test suite's coverage: 36% (average coverage for all fitness functions)
* Generating assertions
* Resulting test suite's mutation score: 5%
* Compiling and checking tests
* Writing tests to file
* Writing JUnit test case 'UTF8JsonGenerator_ESTest' to evosuite-tests
* Done!

* Computation finished

