CMD: /usr/lib/jvm/java-8-openjdk-amd64/bin/java -Dtools_jar_location=/usr/lib/jvm/java-8-openjdk-amd64/lib/tools.jar -jar /home/pizza/evosuite/evosuite-1.2.0.jar -generateSuite -class com.google.javascript.jscomp.TypeCheck -projectCP /home/pizza/evosuite/Test/Closure-125b/build/classes:/home/pizza/evosuite/Test/Closure-125b/lib/args4j.jar:/home/pizza/evosuite/Test/Closure-125b/lib/guava.jar:/home/pizza/evosuite/Test/Closure-125b/lib/json.jar:/home/pizza/evosuite/Test/Closure-125b/lib/jsr305.jar:/home/pizza/evosuite/Test/Closure-125b/lib/protobuf-java.jar:/home/pizza/evosuite/Test/Closure-125b/build/lib/rhino.jar:/home/pizza/evosuite/Test/Closure-125b/lib/ant.jar -base_dir /home/pizza/evosuite/results/project-Closure/Closure-125/round02/evosuite-work -seed 11 -Dalgorithm=NSGAII -Dsearch_budget=150 -Dtest_format=JUNIT4 -Dassertions=true

* EvoSuite 1.2.0
* Going to generate test cases for class: com.google.javascript.jscomp.TypeCheck
* Starting Client-0
* Connecting to master process on port 8224
* Analyzing classpath: 
  - /home/pizza/evosuite/Test/Closure-125b/build/classes
  - /home/pizza/evosuite/Test/Closure-125b/lib/args4j.jar
  - /home/pizza/evosuite/Test/Closure-125b/lib/guava.jar
  - /home/pizza/evosuite/Test/Closure-125b/lib/json.jar
  - /home/pizza/evosuite/Test/Closure-125b/lib/jsr305.jar
  - /home/pizza/evosuite/Test/Closure-125b/lib/protobuf-java.jar
  - /home/pizza/evosuite/Test/Closure-125b/build/lib/rhino.jar
  - /home/pizza/evosuite/Test/Closure-125b/lib/ant.jar
* Finished analyzing classpath
* Generating tests for class com.google.javascript.jscomp.TypeCheck
* Test criteria:
  - Line Coverage
  - Branch Coverage
  - Exception
  - Mutation testing (weak)
  - Method-Output Coverage
  - Top-Level Method Coverage
  - No-Exception Top-Level Method Coverage
  - Context Branch Coverage
* Setting up search algorithm for whole suite generation
* Total number of test goals: 
  - Line 824
  - Branch 1104
  - Exception 0
  - MutationFactory 633
  - Output 17
  - Method 11
  - MethodNoException 11

[Progress:>                             0%] [Cov:>                                  0%]  - CBranchFitnessFactory 1104
* Using seed 11
* Starting evolution

[Progress:>                             3%] [Cov:>                                  0%]
[Progress:=>                            4%] [Cov:>                                  0%]
[Progress:=>                            4%] [Cov:====>                              12%]
[Progress:=>                            4%] [Cov:====>                              13%]
[Progress:=>                            5%] [Cov:>                                  0%]
[Progress:=>                            5%] [Cov:====>                              12%]
[Progress:=>                            5%] [Cov:====>                              13%]
[Progress:=>                            6%] [Cov:>                                  0%]
[Progress:=>                            6%] [Cov:====>                              12%]
[Progress:=>                            6%] [Cov:====>                              13%]
[Progress:=>                            6%] [Cov:====>                              13%]
[Progress:=>                            6%] [Cov:====>                              14%]
[Progress:==>                           7%] [Cov:===>                               11%]
[Progress:==>                           7%] [Cov:====>                              13%]
[Progress:==>                           7%] [Cov:====>                              14%]
[Progress:==>                           8%] [Cov:====>                              13%]
[Progress:==>                           8%] [Cov:====>                              14%]
[Progress:==>                           8%] [Cov:====>                              14%]
[Progress:==>                           8%] [Cov:====>                              14%]
[Progress:==>                           8%] [Cov:====>                              14%]
[Progress:==>                           9%] [Cov:====>                              14%]
[Progress:==>                           9%] [Cov:====>                              14%]
[Progress:===>                          10%] [Cov:====>                              14%]
[Progress:===>                          10%] [Cov:====>                              14%]
[Progress:===>                          10%] [Cov:====>                              14%]
[Progress:===>                          11%] [Cov:====>                              14%]
[Progress:===>                          11%] [Cov:====>                              14%]
[Progress:===>                          12%] [Cov:====>                              14%]
[Progress:===>                          12%] [Cov:====>                              14%]
[Progress:====>                         16%] [Cov:====>                              14%]
[Progress:====>                         16%] [Cov:====>                              14%]
[Progress:=====>                        17%] [Cov:====>                              14%]
[Progress:=====>                        17%] [Cov:====>                              14%]
[Progress:=====>                        18%] [Cov:====>                              14%]
[Progress:=====>                        18%] [Cov:====>                              14%]
[Progress:=====>                        18%] [Cov:====>                              14%]
[Progress:=====>                        19%] [Cov:====>                              14%]
[Progress:=====>                        19%] [Cov:====>                              14%]
[Progress:======>                       20%] [Cov:====>                              14%]
[Progress:======>                       20%] [Cov:====>                              14%]
[Progress:======>                       20%] [Cov:====>                              14%]
[Progress:======>                       20%] [Cov:====>                              14%]
[Progress:======>                       21%] [Cov:====>                              14%]
[Progress:=======>                      24%] [Cov:====>                              14%]
[Progress:=======>                      24%] [Cov:====>                              14%]
[Progress:=======>                      25%] [Cov:====>                              14%]
[Progress:=======>                      25%] [Cov:====>                              14%]
[Progress:=======>                      26%] [Cov:====>                              14%]
[Progress:=======>                      26%] [Cov:====>                              14%]
[Progress:=======>                      26%] [Cov:====>                              14%]
[Progress:=======>                      26%] [Cov:====>                              14%]
[Progress:========>                     27%] [Cov:====>                              14%]
[Progress:========>                     28%] [Cov:====>                              14%]
[Progress:========>                     28%] [Cov:====>                              14%]
[Progress:========>                     28%] [Cov:====>                              14%]
[Progress:========>                     28%] [Cov:====>                              14%]
[Progress:========>                     29%] [Cov:====>                              14%]
[Progress:========>                     29%] [Cov:====>                              14%]
[Progress:=========>                    32%] [Cov:====>                              14%]
[Progress:=========>                    33%] [Cov:====>                              14%]
[Progress:=========>                    33%] [Cov:====>                              14%]
[Progress:==========>                   34%] [Cov:====>                              14%]
[Progress:==========>                   34%] [Cov:====>                              14%]
[Progress:==========>                   34%] [Cov:====>                              14%]
[Progress:==========>                   34%] [Cov:====>                              14%]
[Progress:===========>                  38%] [Cov:====>                              14%]
[Progress:===========>                  38%] [Cov:=====>                             15%]
[Progress:===========>                  38%] [Cov:=====>                             15%]
[Progress:===========>                  38%] [Cov:=====>                             15%]
[Progress:===========>                  39%] [Cov:====>                              14%]
[Progress:===========>                  39%] [Cov:=====>                             15%]
[Progress:===========>                  39%] [Cov:=====>                             15%]
[Progress:============>                 40%] [Cov:====>                              14%]
[Progress:============>                 40%] [Cov:=====>                             15%]
[Progress:============>                 40%] [Cov:=====>                             15%]
[Progress:============>                 40%] [Cov:====>                              14%]
[Progress:============>                 40%] [Cov:=====>                             15%]
[Progress:============>                 40%] [Cov:=====>                             15%]
[Progress:============>                 41%] [Cov:====>                              14%]
[Progress:============>                 41%] [Cov:=====>                             15%]
[Progress:============>                 41%] [Cov:=====>                             15%]
[Progress:============>                 42%] [Cov:=====>                             15%]
[Progress:============>                 42%] [Cov:=====>                             15%]
[Progress:============>                 42%] [Cov:=====>                             16%]
[Progress:============>                 42%] [Cov:=====>                             17%]
[Progress:============>                 42%] [Cov:======>                            18%]
[Progress:============>                 42%] [Cov:======>                            18%]
[Progress:============>                 43%] [Cov:=====>                             15%]
[Progress:============>                 43%] [Cov:======>                            18%]
[Progress:=============>                44%] [Cov:=====>                             15%]
[Progress:=============>                44%] [Cov:======>                            18%]
[Progress:=============>                44%] [Cov:=====>                             17%]
[Progress:=============>                44%] [Cov:======>                            18%]
[Progress:=============>                45%] [Cov:=====>                             15%]
[Progress:=============>                45%] [Cov:======>                            18%]
[Progress:=============>                46%] [Cov:======>                            18%]
[Progress:=============>                46%] [Cov:=====>                             17%]
[Progress:=============>                46%] [Cov:======>                            18%]
[Progress:=============>                46%] [Cov:======>                            19%]
[Progress:=============>                46%] [Cov:=====>                             17%]
[Progress:=============>                46%] [Cov:======>                            18%]
[Progress:=============>                46%] [Cov:======>                            19%]
[Progress:==============>               47%] [Cov:======>                            18%]
[Progress:==============>               47%] [Cov:=====>                             17%]
[Progress:==============>               47%] [Cov:======>                            18%]
[Progress:==============>               47%] [Cov:======>                            19%]
[Progress:==============>               48%] [Cov:======>                            18%]
[Progress:==============>               48%] [Cov:======>                            19%]
[Progress:==============>               48%] [Cov:=====>                             17%]
[Progress:==============>               48%] [Cov:======>                            18%]
[Progress:==============>               48%] [Cov:======>                            19%]
[Progress:==============>               48%] [Cov:=====>                             17%]
[Progress:==============>               48%] [Cov:======>                            18%]
[Progress:==============>               48%] [Cov:======>                            19%]
[Progress:==============>               49%] [Cov:=====>                             17%]
[Progress:==============>               49%] [Cov:=====>                             17%]
[Progress:==============>               49%] [Cov:======>                            19%]
[Progress:==============>               49%] [Cov:=====>                             17%]
[Progress:==============>               49%] [Cov:======>                            19%]
[Progress:===============>              50%] [Cov:=====>                             17%]
[Progress:===============>              50%] [Cov:=====>                             17%]
[Progress:===============>              50%] [Cov:======>                            18%]
[Progress:===============>              50%] [Cov:======>                            19%]
[Progress:===============>              50%] [Cov:=======>                           20%]
[Progress:===============>              50%] [Cov:=======>                           20%]
[Progress:===============>              51%] [Cov:=====>                             17%]
[Progress:===============>              51%] [Cov:=======>                           20%]
[Progress:===============>              51%] [Cov:=======>                           20%]
[Progress:===============>              52%] [Cov:=====>                             17%]
[Progress:===============>              52%] [Cov:======>                            18%]
[Progress:===============>              52%] [Cov:======>                            19%]
[Progress:===============>              52%] [Cov:=======>                           20%]
[Progress:===============>              52%] [Cov:=======>                           20%]
[Progress:===============>              52%] [Cov:=======>                           20%]
[Progress:===============>              52%] [Cov:=======>                           20%]
[Progress:===============>              53%] [Cov:=====>                             17%]
[Progress:===============>              53%] [Cov:=======>                           20%]
[Progress:===============>              53%] [Cov:=======>                           20%]
[Progress:================>             54%] [Cov:=======>                           20%]
[Progress:================>             54%] [Cov:=======>                           20%]
[Progress:================>             54%] [Cov:=======>                           20%]
[Progress:================>             54%] [Cov:=======>                           20%]
[Progress:================>             55%] [Cov:=======>                           20%]
[Progress:================>             55%] [Cov:=======>                           20%]
[Progress:================>             56%] [Cov:=======>                           20%]
[Progress:================>             56%] [Cov:=======>                           20%]
[Progress:================>             56%] [Cov:=======>                           20%]
[Progress:=================>            57%] [Cov:=======>                           20%]
[Progress:=================>            57%] [Cov:=======>                           21%]
[Progress:=================>            57%] [Cov:=======>                           21%]
[Progress:=================>            58%] [Cov:=======>                           20%]
[Progress:=================>            58%] [Cov:=======>                           21%]
[Progress:=================>            58%] [Cov:=======>                           21%]
[Progress:=================>            58%] [Cov:=======>                           21%]
[Progress:=================>            59%] [Cov:=======>                           20%]
[Progress:=================>            59%] [Cov:=======>                           21%]
[Progress:=================>            59%] [Cov:=======>                           21%]
[Progress:==================>           60%] [Cov:======>                            19%]
[Progress:==================>           60%] [Cov:=======>                           20%]
[Progress:==================>           60%] [Cov:=======>                           21%]
[Progress:==================>           60%] [Cov:=======>                           21%]
[Progress:==================>           60%] [Cov:=======>                           22%]
[Progress:==================>           60%] [Cov:=======>                           21%]
[Progress:==================>           61%] [Cov:=======>                           21%]
[Progress:==================>           61%] [Cov:=======>                           22%]
[Progress:==================>           61%] [Cov:=======>                           22%]
[Progress:==================>           62%] [Cov:=======>                           20%]
[Progress:==================>           62%] [Cov:=======>                           21%]
[Progress:==================>           62%] [Cov:=======>                           22%]
[Progress:==================>           62%] [Cov:========>                          23%]
[Progress:==================>           62%] [Cov:========>                          24%]
[Progress:==================>           62%] [Cov:========>                          24%]
[Progress:==================>           63%] [Cov:======>                            18%]
[Progress:==================>           63%] [Cov:=======>                           21%]
[Progress:==================>           63%] [Cov:========>                          24%]
[Progress:===================>          64%] [Cov:=======>                           22%]
[Progress:===================>          64%] [Cov:========>                          24%]
[Progress:===================>          64%] [Cov:========>                          24%]
[Progress:===================>          65%] [Cov:========>                          24%]
[Progress:===================>          65%] [Cov:========>                          24%]
[Progress:===================>          66%] [Cov:========>                          24%]
[Progress:===================>          66%] [Cov:=======>                           22%]
[Progress:===================>          66%] [Cov:========>                          24%]
[Progress:====================>         67%] [Cov:========>                          24%]
[Progress:====================>         68%] [Cov:========>                          24%]
[Progress:====================>         68%] [Cov:=======>                           22%]
[Progress:====================>         68%] [Cov:========>                          24%]
[Progress:====================>         68%] [Cov:=======>                           22%]
[Progress:====================>         68%] [Cov:========>                          24%]
[Progress:====================>         69%] [Cov:========>                          24%]
[Progress:=====================>        70%] [Cov:========>                          24%]
[Progress:=====================>        70%] [Cov:========>                          25%]
[Progress:=====================>        70%] [Cov:=========>                         26%]
[Progress:=====================>        70%] [Cov:=========>                         26%]
[Progress:=====================>        70%] [Cov:=========>                         27%]
[Progress:=====================>        71%] [Cov:========>                          24%]
[Progress:=====================>        71%] [Cov:=========>                         26%]
[Progress:=====================>        71%] [Cov:=========>                         27%]
[Progress:=====================>        72%] [Cov:========>                          24%]
[Progress:=====================>        72%] [Cov:========>                          25%]
[Progress:=====================>        72%] [Cov:=========>                         27%]
[Progress:=====================>        72%] [Cov:=========>                         27%]
[Progress:=====================>        73%] [Cov:========>                          24%]
[Progress:=====================>        73%] [Cov:=========>                         27%]
[Progress:=====================>        73%] [Cov:=========>                         27%]
[Progress:======================>       74%] [Cov:=========>                         27%]
[Progress:======================>       74%] [Cov:=========>                         28%]
[Progress:======================>       74%] [Cov:=========>                         28%]
[Progress:======================>       75%] [Cov:========>                          24%]
[Progress:======================>       75%] [Cov:=========>                         27%]
[Progress:======================>       75%] [Cov:=========>                         28%]
[Progress:======================>       76%] [Cov:=========>                         28%]
[Progress:======================>       76%] [Cov:==========>                        29%]
[Progress:======================>       76%] [Cov:==========>                        29%]
[Progress:=======================>      77%] [Cov:=========>                         28%]
[Progress:=======================>      78%] [Cov:========>                          24%]
[Progress:=======================>      78%] [Cov:=========>                         27%]
[Progress:=======================>      78%] [Cov:=========>                         28%]
[Progress:=======================>      78%] [Cov:==========>                        29%]
[Progress:=======================>      78%] [Cov:==========>                        29%]
[Progress:=======================>      79%] [Cov:=========>                         28%]
[Progress:========================>     80%] [Cov:=========>                         27%]
[Progress:========================>     80%] [Cov:=========>                         28%]
[Progress:========================>     80%] [Cov:==========>                        29%]
[Progress:========================>     80%] [Cov:=========>                         28%]
[Progress:========================>     80%] [Cov:==========>                        29%]
[Progress:========================>     81%] [Cov:=========>                         28%]
[Progress:========================>     82%] [Cov:=========>                         28%]
[Progress:========================>     82%] [Cov:==========>                        29%]
[Progress:========================>     82%] [Cov:==========>                        29%]
[Progress:========================>     83%] [Cov:=========>                         28%]
[Progress:========================>     83%] [Cov:==========>                        29%]
[Progress:=========================>    84%] [Cov:=========>                         28%]
[Progress:=========================>    84%] [Cov:==========>                        29%]
[Progress:=========================>    84%] [Cov:==========>                        30%]
[Progress:=========================>    84%] [Cov:===========>                       32%]
[Progress:=========================>    84%] [Cov:===========>                       33%]
[Progress:=========================>    84%] [Cov:===========>                       34%]
[Progress:=========================>    84%] [Cov:===========>                       34%]
[Progress:=========================>    85%] [Cov:===========>                       34%]
[Progress:=========================>    86%] [Cov:=========>                         28%]
[Progress:=========================>    86%] [Cov:==========>                        29%]
[Progress:=========================>    86%] [Cov:===========>                       34%]
[Progress:=========================>    86%] [Cov:===========>                       34%]
[Progress:=========================>    86%] [Cov:============>                      35%]
[Progress:==========================>   87%] [Cov:=========>                         28%]
[Progress:==========================>   87%] [Cov:==========>                        29%]
[Progress:==========================>   87%] [Cov:===========>                       34%]
[Progress:==========================>   87%] [Cov:============>                      35%]
[Progress:==========================>   88%] [Cov:==========>                        29%]
[Progress:==========================>   88%] [Cov:===========>                       33%]
[Progress:==========================>   88%] [Cov:===========>                       34%]
[Progress:==========================>   88%] [Cov:============>                      35%]
[Progress:==========================>   88%] [Cov:============>                      35%]
[Progress:==========================>   89%] [Cov:===========>                       34%]
[Progress:==========================>   89%] [Cov:============>                      35%]
[Progress:===========================>  90%] [Cov:============>                      35%]
[Progress:===========================>  90%] [Cov:============>                      35%]
[Progress:===========================>  91%] [Cov:============>                      35%]
[Progress:===========================>  92%] [Cov:==========>                        30%]
[Progress:===========================>  92%] [Cov:===========>                       34%]
[Progress:===========================>  92%] [Cov:============>                      35%]
[Progress:===========================>  92%] [Cov:============>                      35%]
[Progress:===========================>  92%] [Cov:============>                      36%]
[Progress:===========================>  92%] [Cov:============>                      37%]
[Progress:===========================>  93%] [Cov:============>                      35%]
[Progress:============================> 94%] [Cov:============>                      35%]
[Progress:============================> 94%] [Cov:============>                      35%]
[Progress:============================> 95%] [Cov:===========>                       34%]
[Progress:============================> 95%] [Cov:============>                      35%]
[Progress:============================> 95%] [Cov:============>                      37%]
[Progress:============================> 95%] [Cov:============>                      35%]
[Progress:============================> 96%] [Cov:===========>                       34%]
[Progress:============================> 96%] [Cov:============>                      35%]
[Progress:============================> 96%] [Cov:============>                      37%]
[Progress:=============================>97%] [Cov:===========>                       34%]
[Progress:=============================>97%] [Cov:============>                      37%]
[Progress:=============================>98%] [Cov:===========>                       34%]
[Progress:=============================>98%] [Cov:============>                      35%]
[Progress:=============================>98%] [Cov:============>                      37%]
[Progress:=============================>98%] [Cov:=============>                     38%]
[Progress:=============================>98%] [Cov:=============>                     38%]
[Progress:=============================>99%] [Cov:============>                      35%]
[Progress:=============================>99%] [Cov:============>                      37%]
[Progress:=============================>99%] [Cov:=============>                     38%]
[Progress:==============================100%] [Cov:============>                      37%]
[Progress:==============================100%] [Cov:=============>                     38%]
[Progress:==============================100%] [Cov:============>                      35%]
[Progress:==============================100%] [Cov:============>                      37%]
[Progress:==============================100%] [Cov:=============>                     38%]
[Progress:==============================100%] [Cov:============>                      35%]
[Progress:==============================100%] [Cov:=============>                     38%]
* Search finished after 153s and 97 generations, 24504 statements, best individual has fitness: 5806.681755508201
* Minimizing test suite
* Going to analyze the coverage criteria
* Coverage analysis for criterion LINE
* Coverage of criterion LINE: 11%
* Total number of goals: 824
* Number of covered goals: 91
* Coverage analysis for criterion BRANCH
* Coverage of criterion BRANCH: 17%
* Total number of goals: 1104
* Number of covered goals: 193
* Coverage analysis for criterion EXCEPTION
* Coverage of criterion EXCEPTION: 38%
* Total number of goals: 13
* Number of covered goals: 5
* Coverage analysis for criterion WEAKMUTATION
* Coverage of criterion WEAKMUTATION: 16%
* Total number of goals: 633
* Number of covered goals: 103
* Coverage analysis for criterion OUTPUT
* Coverage of criterion OUTPUT: 35%
* Total number of goals: 17
* Number of covered goals: 6
* Coverage analysis for criterion METHOD
* Coverage of criterion METHOD: 82%
* Total number of goals: 11
* Number of covered goals: 9
* Coverage analysis for criterion METHODNOEXCEPTION
* Coverage of criterion METHODNOEXCEPTION: 64%
* Total number of goals: 11
* Number of covered goals: 7
* Coverage analysis for criterion CBRANCH
* Coverage of criterion CBRANCH: 17%
* Total number of goals: 1104
* Number of covered goals: 185
* Generated 10 tests with total length 111
* Resulting test suite's coverage: 38% (average coverage for all fitness functions)
* Generating assertions
* Resulting test suite's mutation score: 2%
* Compiling and checking tests
* Permissions denied during test execution: 
  - java.lang.RuntimePermission: 
         writeFileDescriptor: 2
* Writing tests to file
* Writing JUnit test case 'TypeCheck_ESTest' to evosuite-tests
* Done!

* Computation finished

