CMD: /usr/lib/jvm/java-8-openjdk-amd64/bin/java -Dtools_jar_location=/usr/lib/jvm/java-8-openjdk-amd64/lib/tools.jar -jar /home/pizza/evosuite/evosuite-1.2.0.jar -generateSuite -class com.google.javascript.jscomp.PeepholeSubstituteAlternateSyntax -projectCP /home/pizza/evosuite/Test/Closure-20b/build/classes:/home/pizza/evosuite/Test/Closure-20b/lib/args4j.jar:/home/pizza/evosuite/Test/Closure-20b/lib/guava.jar:/home/pizza/evosuite/Test/Closure-20b/lib/json.jar:/home/pizza/evosuite/Test/Closure-20b/lib/jsr305.jar:/home/pizza/evosuite/Test/Closure-20b/lib/protobuf-java.jar:/home/pizza/evosuite/Test/Closure-20b/build/lib/rhino.jar:/home/pizza/evosuite/Test/Closure-20b/lib/ant.jar -base_dir /home/pizza/evosuite/results/project-Closure/Closure-20/round02/evosuite-work -seed 11 -Dalgorithm=NSGAII -Dsearch_budget=150 -Dtest_format=JUNIT4 -Dassertions=true

* EvoSuite 1.2.0
* Going to generate test cases for class: com.google.javascript.jscomp.PeepholeSubstituteAlternateSyntax
* Starting Client-0
* Connecting to master process on port 8222
* Analyzing classpath: 
  - /home/pizza/evosuite/Test/Closure-20b/build/classes
  - /home/pizza/evosuite/Test/Closure-20b/lib/args4j.jar
  - /home/pizza/evosuite/Test/Closure-20b/lib/guava.jar
  - /home/pizza/evosuite/Test/Closure-20b/lib/json.jar
  - /home/pizza/evosuite/Test/Closure-20b/lib/jsr305.jar
  - /home/pizza/evosuite/Test/Closure-20b/lib/protobuf-java.jar
  - /home/pizza/evosuite/Test/Closure-20b/build/lib/rhino.jar
  - /home/pizza/evosuite/Test/Closure-20b/lib/ant.jar
* Finished analyzing classpath
* Generating tests for class com.google.javascript.jscomp.PeepholeSubstituteAlternateSyntax
* Test criteria:
  - Line Coverage
  - Branch Coverage
  - Exception
  - Mutation testing (weak)
  - Method-Output Coverage
  - Top-Level Method Coverage
  - No-Exception Top-Level Method Coverage
  - Context Branch Coverage
* Setting up search algorithm for whole suite generation
* Total number of test goals: 
  - Line 740
  - Branch 611
  - Exception 0
  - MutationFactory 599
  - Output 416
  - Method 8
  - MethodNoException 8
  - CBranchFitnessFactory 611

[Progress:>                             0%] [Cov:>                                  0%]* Using seed 11
* Starting evolution

[Progress:>                             1%] [Cov:>                                  0%]
[Progress:>                             2%] [Cov:>                                  0%]
[Progress:>                             2%] [Cov:====>                              12%]
[Progress:>                             2%] [Cov:======>                            18%]
[Progress:>                             2%] [Cov:========>                          24%]
[Progress:>                             3%] [Cov:====>                              12%]
[Progress:>                             3%] [Cov:====>                              14%]
[Progress:>                             3%] [Cov:=======>                           21%]
[Progress:>                             3%] [Cov:=========>                         26%]
[Progress:=>                            4%] [Cov:====>                              12%]
[Progress:=>                            4%] [Cov:=====>                             16%]
[Progress:=>                            4%] [Cov:======>                            19%]
[Progress:=>                            4%] [Cov:=======>                           20%]
[Progress:=>                            4%] [Cov:=======>                           22%]
[Progress:=>                            4%] [Cov:==========>                        30%]
[Progress:=>                            4%] [Cov:==========>                        31%][MASTER] 02:17:52.597 [logback-1] WARN  TestCluster - Failed to check cache for java.util.Enumeration<E> : Type points to itself

[Progress:=>                            4%] [Cov:==========>                        31%]
[Progress:=>                            4%] [Cov:===========>                       32%]
[Progress:=>                            5%] [Cov:========>                          23%]
[Progress:=>                            5%] [Cov:========>                          24%]
[Progress:=>                            5%] [Cov:==========>                        31%]
[Progress:=>                            5%] [Cov:=========>                         28%]
[Progress:=>                            5%] [Cov:==========>                        29%]
[Progress:=>                            5%] [Cov:==========>                        30%]
[Progress:=>                            6%] [Cov:=========>                         28%]
[Progress:=>                            6%] [Cov:==========>                        31%]
[Progress:=>                            6%] [Cov:=========>                         28%]
[Progress:=>                            6%] [Cov:==========>                        30%]
[Progress:=>                            6%] [Cov:==========>                        31%]
[Progress:=>                            6%] [Cov:===========>                       32%]
[Progress:==>                           7%] [Cov:=========>                         28%]
[Progress:==>                           7%] [Cov:==========>                        30%]
[Progress:==>                           7%] [Cov:=========>                         28%]
[Progress:==>                           7%] [Cov:==========>                        29%]
[Progress:==>                           7%] [Cov:==========>                        30%]
[Progress:==>                           7%] [Cov:==========>                        31%]
[Progress:==>                           7%] [Cov:===========>                       33%]
[Progress:==>                           8%] [Cov:==========>                        30%]
[Progress:==>                           8%] [Cov:==========>                        31%]
[Progress:==>                           8%] [Cov:===========>                       33%]
[Progress:==>                           8%] [Cov:==========>                        31%]
[Progress:==>                           8%] [Cov:===========>                       33%]
[Progress:==>                           9%] [Cov:========>                          24%]
[Progress:==>                           9%] [Cov:=========>                         26%]
[Progress:==>                           9%] [Cov:=========>                         28%]
[Progress:==>                           9%] [Cov:==========>                        29%]
[Progress:==>                           9%] [Cov:==========>                        31%]
[Progress:==>                           9%] [Cov:===========>                       33%]
[Progress:==>                           9%] [Cov:===========>                       34%]
[Progress:==>                           9%] [Cov:==========>                        31%]
[Progress:==>                           9%] [Cov:===========>                       34%]
[Progress:===>                          10%] [Cov:==========>                        31%]
[Progress:===>                          10%] [Cov:===========>                       32%]
[Progress:===>                          10%] [Cov:===========>                       33%]
[Progress:===>                          10%] [Cov:===========>                       34%]
[Progress:===>                          10%] [Cov:===========>                       32%]
[Progress:===>                          10%] [Cov:===========>                       33%]
[Progress:===>                          10%] [Cov:===========>                       34%]
[Progress:===>                          10%] [Cov:============>                      35%]
[Progress:===>                          11%] [Cov:==========>                        31%]
[Progress:===>                          11%] [Cov:===========>                       33%]
[Progress:===>                          11%] [Cov:===========>                       34%]
[Progress:===>                          11%] [Cov:============>                      35%]
[Progress:===>                          12%] [Cov:==========>                        30%]
[Progress:===>                          12%] [Cov:===========>                       32%]
[Progress:===>                          12%] [Cov:===========>                       33%]
[Progress:===>                          12%] [Cov:============>                      35%]
[Progress:===>                          12%] [Cov:===========>                       34%]
[Progress:===>                          12%] [Cov:============>                      35%]
[Progress:===>                          12%] [Cov:===========>                       34%]
[Progress:===>                          12%] [Cov:============>                      35%]
[Progress:===>                          13%] [Cov:===========>                       33%]
[Progress:===>                          13%] [Cov:===========>                       34%]
[Progress:===>                          13%] [Cov:===========>                       32%]
[Progress:===>                          13%] [Cov:===========>                       33%]
[Progress:===>                          13%] [Cov:============>                      35%]
[Progress:====>                         14%] [Cov:===========>                       34%]
[Progress:====>                         14%] [Cov:============>                      35%]
[Progress:====>                         14%] [Cov:===========>                       32%]
[Progress:====>                         14%] [Cov:============>                      35%]
[Progress:====>                         14%] [Cov:============>                      36%]
[Progress:====>                         14%] [Cov:===========>                       32%]
[Progress:====>                         14%] [Cov:============>                      35%]
[Progress:====>                         14%] [Cov:============>                      36%]
[Progress:====>                         15%] [Cov:============>                      35%]
[Progress:====>                         15%] [Cov:===========>                       32%]
[Progress:====>                         15%] [Cov:===========>                       34%]
[Progress:====>                         15%] [Cov:============>                      35%]
[Progress:====>                         15%] [Cov:============>                      36%][MASTER] 02:18:08.998 [logback-1] WARN  TestCluster - Failed to check cache for com.google.common.base.Supplier<T> : Type points to itself

[Progress:====>                         16%] [Cov:===========>                       32%]
[Progress:====>                         16%] [Cov:===========>                       34%]
[Progress:====>                         16%] [Cov:============>                      35%]
[Progress:====>                         16%] [Cov:===========>                       32%]
[Progress:====>                         16%] [Cov:===========>                       34%]
[Progress:====>                         16%] [Cov:============>                      36%]
[Progress:====>                         16%] [Cov:===========>                       32%]
[Progress:====>                         16%] [Cov:===========>                       34%]
[Progress:====>                         16%] [Cov:============>                      35%]
[Progress:====>                         16%] [Cov:============>                      36%]
[Progress:=====>                        17%] [Cov:===========>                       32%]
[Progress:=====>                        17%] [Cov:============>                      35%]
[Progress:=====>                        17%] [Cov:============>                      36%]
[Progress:=====>                        17%] [Cov:============>                      37%]
[Progress:=====>                        17%] [Cov:===========>                       34%]
[Progress:=====>                        17%] [Cov:============>                      35%]
[Progress:=====>                        18%] [Cov:===========>                       34%]
[Progress:=====>                        18%] [Cov:============>                      35%]
[Progress:=====>                        18%] [Cov:============>                      36%]
[Progress:=====>                        18%] [Cov:============>                      37%]
[Progress:=====>                        18%] [Cov:===========>                       34%]
[Progress:=====>                        18%] [Cov:============>                      35%]
[Progress:=====>                        18%] [Cov:============>                      36%]
[Progress:=====>                        18%] [Cov:============>                      37%]
[Progress:=====>                        18%] [Cov:===========>                       34%]
[Progress:=====>                        18%] [Cov:============>                      36%]
[Progress:=====>                        19%] [Cov:===========>                       34%]
[Progress:=====>                        19%] [Cov:============>                      35%]
[Progress:=====>                        19%] [Cov:============>                      36%]
[Progress:=====>                        19%] [Cov:============>                      37%]
[Progress:=====>                        19%] [Cov:===========>                       34%]
[Progress:======>                       20%] [Cov:==========>                        31%]
[Progress:======>                       20%] [Cov:===========>                       33%]
[Progress:======>                       20%] [Cov:===========>                       34%]
[Progress:======>                       20%] [Cov:============>                      35%]
[Progress:======>                       20%] [Cov:============>                      37%]
[Progress:======>                       20%] [Cov:============>                      35%]
[Progress:======>                       20%] [Cov:============>                      37%]
[Progress:======>                       21%] [Cov:===========>                       32%]
[Progress:======>                       21%] [Cov:===========>                       34%]
[Progress:======>                       21%] [Cov:============>                      35%]
[Progress:======>                       21%] [Cov:============>                      37%]
[Progress:======>                       21%] [Cov:============>                      35%]
[Progress:======>                       21%] [Cov:============>                      37%]
[Progress:======>                       22%] [Cov:===========>                       34%]
[Progress:======>                       22%] [Cov:============>                      35%]
[Progress:======>                       22%] [Cov:============>                      37%]
[Progress:======>                       22%] [Cov:============>                      35%]
[Progress:======>                       22%] [Cov:============>                      37%]
[Progress:======>                       23%] [Cov:===========>                       34%]
[Progress:======>                       23%] [Cov:============>                      35%]
[Progress:======>                       23%] [Cov:============>                      35%]
[Progress:======>                       23%] [Cov:============>                      36%]
[Progress:=======>                      24%] [Cov:============>                      35%]
[Progress:=======>                      24%] [Cov:============>                      37%]
[Progress:=======>                      24%] [Cov:===========>                       34%]
[Progress:=======>                      24%] [Cov:============>                      35%]
[Progress:=======>                      24%] [Cov:============>                      37%]
[Progress:=======>                      24%] [Cov:===========>                       34%]
[Progress:=======>                      24%] [Cov:============>                      37%]
[Progress:=======>                      25%] [Cov:============>                      35%]
[Progress:=======>                      25%] [Cov:============>                      37%]
[Progress:=======>                      26%] [Cov:============>                      35%]
[Progress:=======>                      26%] [Cov:============>                      37%]
[Progress:=======>                      26%] [Cov:===========>                       34%]
[Progress:=======>                      26%] [Cov:============>                      35%]
[Progress:=======>                      26%] [Cov:============>                      36%]
[Progress:=======>                      26%] [Cov:============>                      37%]
[Progress:=======>                      26%] [Cov:===========>                       34%]
[Progress:=======>                      26%] [Cov:============>                      35%]
[Progress:=======>                      26%] [Cov:============>                      36%]
[Progress:=======>                      26%] [Cov:============>                      37%]
[Progress:========>                     27%] [Cov:============>                      37%]
[Progress:========>                     27%] [Cov:=============>                     39%]
[Progress:========>                     27%] [Cov:============>                      37%]
[Progress:========>                     27%] [Cov:=============>                     39%]
[Progress:========>                     28%] [Cov:============>                      35%]
[Progress:========>                     28%] [Cov:============>                      36%]
[Progress:========>                     28%] [Cov:============>                      37%]
[Progress:========>                     28%] [Cov:=============>                     39%]
[Progress:========>                     28%] [Cov:============>                      37%]
[Progress:========>                     28%] [Cov:=============>                     39%]
[Progress:========>                     29%] [Cov:============>                      35%]
[Progress:========>                     29%] [Cov:============>                      37%]
[Progress:========>                     29%] [Cov:===========>                       33%]
[Progress:========>                     29%] [Cov:============>                      37%]
[Progress:========>                     29%] [Cov:=============>                     39%]
[Progress:=========>                    30%] [Cov:=============>                     39%]
[Progress:=========>                    30%] [Cov:==========>                        31%]
[Progress:=========>                    30%] [Cov:=============>                     39%]
[Progress:=========>                    31%] [Cov:============>                      36%]
[Progress:=========>                    31%] [Cov:============>                      37%]
[Progress:=========>                    31%] [Cov:============>                      36%]
[Progress:=========>                    31%] [Cov:============>                      37%]
[Progress:=========>                    31%] [Cov:=============>                     39%]
[Progress:=========>                    32%] [Cov:============>                      37%]
[Progress:=========>                    32%] [Cov:=============>                     39%]
[Progress:=========>                    32%] [Cov:============>                      36%]
[Progress:=========>                    32%] [Cov:============>                      37%]
[Progress:=========>                    32%] [Cov:=============>                     39%]
[Progress:=========>                    32%] [Cov:============>                      37%]
[Progress:=========>                    32%] [Cov:=============>                     39%]
[Progress:=========>                    33%] [Cov:=============>                     39%]
[Progress:=========>                    33%] [Cov:============>                      37%]
[Progress:==========>                   34%] [Cov:============>                      37%]
[Progress:==========>                   34%] [Cov:=============>                     39%]
[Progress:==========>                   34%] [Cov:============>                      37%]
[Progress:==========>                   34%] [Cov:=============>                     39%]
[Progress:==========>                   35%] [Cov:============>                      37%]
[Progress:==========>                   35%] [Cov:=============>                     39%]
[Progress:==========>                   35%] [Cov:============>                      37%]
[Progress:==========>                   35%] [Cov:=============>                     38%]
[Progress:==========>                   35%] [Cov:=============>                     39%]
[Progress:==========>                   36%] [Cov:============>                      37%]
[Progress:==========>                   36%] [Cov:=============>                     39%]
[Progress:==========>                   36%] [Cov:============>                      37%]
[Progress:==========>                   36%] [Cov:=============>                     38%]
[Progress:==========>                   36%] [Cov:=============>                     39%]
[Progress:===========>                  37%] [Cov:============>                      37%]
[Progress:===========>                  37%] [Cov:============>                      37%]
[Progress:===========>                  37%] [Cov:=============>                     39%]
[Progress:===========>                  38%] [Cov:============>                      37%]
[Progress:===========>                  38%] [Cov:=============>                     38%]
[Progress:===========>                  38%] [Cov:=============>                     39%]
[Progress:===========>                  38%] [Cov:=============>                     39%]
[Progress:===========>                  39%] [Cov:=============>                     39%]
[Progress:===========>                  39%] [Cov:============>                      37%]
[Progress:===========>                  39%] [Cov:=============>                     39%]
[Progress:============>                 40%] [Cov:=============>                     39%]
[Progress:============>                 40%] [Cov:============>                      37%]
[Progress:============>                 40%] [Cov:=============>                     38%]
[Progress:============>                 40%] [Cov:=============>                     39%]
[Progress:============>                 41%] [Cov:============>                      36%]
[Progress:============>                 41%] [Cov:============>                      37%]
[Progress:============>                 41%] [Cov:=============>                     39%]
[Progress:============>                 42%] [Cov:=============>                     38%]
[Progress:============>                 42%] [Cov:=============>                     39%]
[Progress:============>                 43%] [Cov:======>                            19%]
[Progress:============>                 43%] [Cov:============>                      35%]
[Progress:============>                 43%] [Cov:=============>                     39%]
[Progress:============>                 43%] [Cov:=============>                     39%]
[Progress:=============>                44%] [Cov:=============>                     38%]
[Progress:=============>                44%] [Cov:=============>                     39%]
[Progress:=============>                44%] [Cov:=============>                     39%]
[Progress:=============>                45%] [Cov:============>                      36%]
[Progress:=============>                45%] [Cov:=============>                     38%]
[Progress:=============>                45%] [Cov:=============>                     39%]
[Progress:=============>                46%] [Cov:============>                      37%]
[Progress:=============>                46%] [Cov:=============>                     39%]
[Progress:=============>                46%] [Cov:=============>                     39%]
[Progress:==============>               47%] [Cov:=============>                     38%]
[Progress:==============>               47%] [Cov:=============>                     39%]
[Progress:==============>               47%] [Cov:=============>                     39%]
[Progress:==============>               48%] [Cov:============>                      37%]
[Progress:==============>               48%] [Cov:=============>                     39%]
[Progress:==============>               48%] [Cov:=============>                     39%]
[Progress:==============>               49%] [Cov:=============>                     39%]
[Progress:===============>              50%] [Cov:=============>                     38%]
[Progress:===============>              50%] [Cov:=============>                     39%]
[Progress:===============>              50%] [Cov:=============>                     39%]
[Progress:===============>              51%] [Cov:=============>                     39%]
[Progress:===============>              51%] [Cov:=============>                     39%]
[Progress:===============>              52%] [Cov:=============>                     39%]
[Progress:===============>              52%] [Cov:==============>                    40%]
[Progress:===============>              52%] [Cov:=============>                     39%]
[Progress:===============>              53%] [Cov:=============>                     39%]
[Progress:===============>              53%] [Cov:==============>                    40%]
[Progress:================>             54%] [Cov:=============>                     39%]
[Progress:================>             54%] [Cov:=============>                     39%]
[Progress:================>             54%] [Cov:==============>                    40%]
[Progress:================>             55%] [Cov:=============>                     39%]
[Progress:================>             55%] [Cov:=============>                     39%]
[Progress:================>             55%] [Cov:==============>                    40%]
[Progress:================>             56%] [Cov:=============>                     38%]
[Progress:================>             56%] [Cov:=============>                     39%]
[Progress:================>             56%] [Cov:==============>                    40%]
[Progress:================>             56%] [Cov:=============>                     39%]
[Progress:================>             56%] [Cov:==============>                    40%]
[Progress:=================>            57%] [Cov:=============>                     38%]
[Progress:=================>            57%] [Cov:==============>                    40%]
[Progress:=================>            57%] [Cov:=============>                     39%]
[Progress:=================>            58%] [Cov:=============>                     39%]
[Progress:=================>            58%] [Cov:=============>                     39%]
[Progress:=================>            59%] [Cov:=============>                     39%]
[Progress:=================>            59%] [Cov:==============>                    40%]
[Progress:=================>            59%] [Cov:=============>                     39%]
[Progress:==================>           60%] [Cov:=============>                     39%]
[Progress:==================>           60%] [Cov:==============>                    40%]
[Progress:==================>           60%] [Cov:=============>                     39%]
[Progress:==================>           61%] [Cov:=============>                     39%]
[Progress:==================>           61%] [Cov:==============>                    40%]
[Progress:==================>           62%] [Cov:=============>                     39%]
[Progress:==================>           62%] [Cov:==============>                    40%]
[Progress:==================>           62%] [Cov:=============>                     39%]
[Progress:==================>           62%] [Cov:==============>                    40%]
[Progress:==================>           63%] [Cov:==============>                    40%]
[Progress:==================>           63%] [Cov:=============>                     39%]
[Progress:==================>           63%] [Cov:==============>                    40%]
[Progress:===================>          64%] [Cov:=============>                     39%]
[Progress:===================>          64%] [Cov:==============>                    40%]
[Progress:===================>          64%] [Cov:=============>                     39%]
[Progress:===================>          64%] [Cov:==============>                    40%]
[Progress:===================>          65%] [Cov:=============>                     39%]
[Progress:===================>          65%] [Cov:==============>                    40%]
[Progress:===================>          66%] [Cov:=============>                     39%]
[Progress:===================>          66%] [Cov:==============>                    40%]
[Progress:===================>          66%] [Cov:=============>                     39%]
[Progress:===================>          66%] [Cov:==============>                    40%]
[Progress:====================>         67%] [Cov:==============>                    40%]
[Progress:====================>         67%] [Cov:=============>                     39%]
[Progress:====================>         67%] [Cov:==============>                    40%]
[Progress:====================>         68%] [Cov:=============>                     38%]
[Progress:====================>         68%] [Cov:==============>                    40%]
[Progress:====================>         68%] [Cov:==============>                    40%]
[Progress:====================>         69%] [Cov:==============>                    40%]
[Progress:====================>         69%] [Cov:==============>                    40%]
[Progress:=====================>        70%] [Cov:==============>                    40%]
[Progress:=====================>        70%] [Cov:==============>                    40%]
[Progress:=====================>        71%] [Cov:==============>                    40%]
[Progress:=====================>        72%] [Cov:=============>                     39%]
[Progress:=====================>        72%] [Cov:==============>                    40%]
[Progress:=====================>        72%] [Cov:==============>                    40%]
[Progress:=====================>        72%] [Cov:==============>                    40%]
[Progress:=====================>        73%] [Cov:==============>                    40%]
[Progress:======================>       74%] [Cov:=============>                     38%]
[Progress:======================>       74%] [Cov:=============>                     39%]
[Progress:======================>       74%] [Cov:==============>                    40%]
[Progress:======================>       74%] [Cov:==============>                    40%]
[Progress:======================>       75%] [Cov:==============>                    40%]
[Progress:======================>       75%] [Cov:==============>                    40%]
[Progress:======================>       76%] [Cov:==============>                    40%]
[Progress:======================>       76%] [Cov:==============>                    40%]
[Progress:=======================>      77%] [Cov:==============>                    40%]
[Progress:=======================>      78%] [Cov:=============>                     39%]
[Progress:=======================>      78%] [Cov:==============>                    40%]
[Progress:=======================>      78%] [Cov:==============>                    40%]
[Progress:=======================>      79%] [Cov:=============>                     39%]
[Progress:=======================>      79%] [Cov:==============>                    40%]
[Progress:========================>     80%] [Cov:==============>                    40%]
[Progress:========================>     80%] [Cov:==============>                    40%]
[Progress:========================>     81%] [Cov:==============>                    40%]
[Progress:========================>     82%] [Cov:==============>                    40%]
[Progress:========================>     82%] [Cov:==============>                    40%]
[Progress:========================>     83%] [Cov:=============>                     39%]
[Progress:========================>     83%] [Cov:==============>                    40%]
[Progress:========================>     83%] [Cov:==============>                    40%]
[Progress:=========================>    84%] [Cov:==============>                    40%]
[Progress:=========================>    85%] [Cov:============>                      37%]
[Progress:=========================>    85%] [Cov:==============>                    40%]
[Progress:=========================>    85%] [Cov:==============>                    40%]
[Progress:=========================>    86%] [Cov:============>                      37%]
[Progress:=========================>    86%] [Cov:==============>                    40%]
[Progress:=========================>    86%] [Cov:==============>                    40%]
[Progress:==========================>   87%] [Cov:==============>                    40%]
[Progress:==========================>   88%] [Cov:==============>                    40%]
[Progress:==========================>   88%] [Cov:==============>                    40%]
[Progress:==========================>   89%] [Cov:==============>                    40%]
[Progress:===========================>  90%] [Cov:==============>                    40%]
[Progress:===========================>  90%] [Cov:==============>                    40%]
[Progress:===========================>  91%] [Cov:==============>                    40%]
[Progress:===========================>  92%] [Cov:==============>                    40%]
[Progress:===========================>  92%] [Cov:==============>                    40%]
[Progress:===========================>  93%] [Cov:==============>                    40%]
[Progress:============================> 94%] [Cov:==============>                    40%]
[Progress:============================> 94%] [Cov:==============>                    40%]
[Progress:============================> 95%] [Cov:==============>                    40%]
[Progress:============================> 96%] [Cov:==============>                    40%]
[Progress:============================> 96%] [Cov:==============>                    40%]
[Progress:=============================>97%] [Cov:==============>                    40%]
[Progress:=============================>97%] [Cov:==============>                    40%]
[Progress:=============================>98%] [Cov:============>                      37%]
[Progress:=============================>98%] [Cov:=============>                     39%]
[Progress:=============================>98%] [Cov:==============>                    40%]
[Progress:=============================>99%] [Cov:==============>                    40%]
[Progress:=============================>99%] [Cov:==============>                    40%]
[Progress:==============================100%] [Cov:==============>                    40%]
[Progress:==============================100%] [Cov:==============>                    40%]
* Search finished after 152s and 87 generations, 24526 statements, best individual has fitness: 4496.021692904046
* Minimizing test suite
* Going to analyze the coverage criteria
* Coverage analysis for criterion LINE
* Coverage of criterion LINE: 5%
* Total number of goals: 740
* Number of covered goals: 39
* Coverage analysis for criterion BRANCH
* Coverage of criterion BRANCH: 8%
* Total number of goals: 611
* Number of covered goals: 48
* Coverage analysis for criterion EXCEPTION
* Coverage of criterion EXCEPTION: 70%
* Total number of goals: 10
* Number of covered goals: 7
* Coverage analysis for criterion WEAKMUTATION
* Coverage of criterion WEAKMUTATION: 13%
* Total number of goals: 599
* Number of covered goals: 76
* Coverage analysis for criterion OUTPUT
* Coverage of criterion OUTPUT: 37%
* Total number of goals: 416
* Number of covered goals: 155
* Coverage analysis for criterion METHOD
* Coverage of criterion METHOD: 100%
* Total number of goals: 8
* Number of covered goals: 8
* Coverage analysis for criterion METHODNOEXCEPTION
* Coverage of criterion METHODNOEXCEPTION: 88%
* Total number of goals: 8
* Number of covered goals: 7
* Coverage analysis for criterion CBRANCH
* Coverage of criterion CBRANCH: 8%
* Total number of goals: 611
* Number of covered goals: 48
* Generated 24 tests with total length 86
* Resulting test suite's coverage: 41% (average coverage for all fitness functions)
* Generating assertions
* Resulting test suite's mutation score: 3%
* Compiling and checking tests
* Permissions denied during test execution: 
  - java.lang.RuntimePermission: 
         writeFileDescriptor: 1
* Writing tests to file
* Writing JUnit test case 'PeepholeSubstituteAlternateSyntax_ESTest' to evosuite-tests
* Done!

* Computation finished

