CMD: /usr/lib/jvm/java-8-openjdk-amd64/bin/java -Dtools_jar_location=/usr/lib/jvm/java-8-openjdk-amd64/lib/tools.jar -jar /home/pizza/evosuite/evosuite-1.2.0.jar -generateSuite -class com.fasterxml.jackson.databind.ObjectMapper -projectCP /home/pizza/evosuite/Test/JacksonDatabind-30b/target/classes:/home/pizza/defects4j/framework/projects/JacksonDatabind/lib/com/fasterxml/jackson/core/jackson-annotations/2.6.0/jackson-annotations-2.6.0.jar:/home/pizza/defects4j/framework/projects/JacksonDatabind/lib/com/fasterxml/jackson/core/jackson-core/2.6.2/jackson-core-2.6.2.jar -base_dir /home/pizza/evosuite/results/project-JacksonDatabind/JacksonDatabind-30/round02/evosuite-work -seed 11 -Dalgorithm=NSGAII -Dsearch_budget=150 -Dtest_format=JUNIT4 -Dassertions=true

* EvoSuite 1.2.0
* Going to generate test cases for class: com.fasterxml.jackson.databind.ObjectMapper
* Starting Client-0
* Connecting to master process on port 8224
* Analyzing classpath: 
  - /home/pizza/evosuite/Test/JacksonDatabind-30b/target/classes
  - /home/pizza/defects4j/framework/projects/JacksonDatabind/lib/com/fasterxml/jackson/core/jackson-annotations/2.6.0/jackson-annotations-2.6.0.jar
  - /home/pizza/defects4j/framework/projects/JacksonDatabind/lib/com/fasterxml/jackson/core/jackson-core/2.6.2/jackson-core-2.6.2.jar
* Finished analyzing classpath
* Generating tests for class com.fasterxml.jackson.databind.ObjectMapper
* Test criteria:
  - Line Coverage
  - Branch Coverage
  - Exception
  - Mutation testing (weak)
  - Method-Output Coverage
  - Top-Level Method Coverage
  - No-Exception Top-Level Method Coverage
  - Context Branch Coverage
* Setting up search algorithm for whole suite generation
* Total number of test goals: 
  - Line 668
  - Branch 399
  - Exception 0
  - MutationFactory 351
  - Output 711
  - Method 207
  - MethodNoException 207
  - CBranchFitnessFactory 399

[Progress:>                             0%] [Cov:>                                  0%]* Using seed 11
* Starting evolution
[MASTER] 07:17:11.871 [logback-1] WARN  TestCluster - Failed to check cache for java.util.Stack<E> : Type points to itself
[MASTER] 07:17:12.423 [logback-1] WARN  TestCluster - Failed to check cache for java.util.HashMap<K, V> : Type points to itself
[MASTER] 07:17:12.825 [logback-1] WARN  TestCluster - Failed to check cache for java.util.Map<K, V>.Entry<K, V> : Type points to itself

[Progress:>                             1%] [Cov:>                                  0%]
[Progress:>                             2%] [Cov:>                                  1%]
[Progress:>                             2%] [Cov:>                                  2%]
[Progress:>                             2%] [Cov:====>                              14%]
[Progress:>                             2%] [Cov:=====>                             15%]
[Progress:>                             2%] [Cov:=====>                             16%]
[Progress:>                             2%] [Cov:=====>                             17%]
[Progress:>                             2%] [Cov:======>                            18%]
[Progress:>                             2%] [Cov:======>                            19%][MASTER] 07:17:16.570 [logback-1] WARN  TestCluster - Failed to check cache for com.fasterxml.jackson.databind.JsonDeserializer<T> : Type points to itself

[Progress:>                             3%] [Cov:>                                  1%]
[Progress:>                             3%] [Cov:====>                              14%]
[Progress:>                             3%] [Cov:=====>                             15%]
[Progress:>                             3%] [Cov:=====>                             16%]
[Progress:>                             3%] [Cov:=====>                             17%]
[Progress:=>                            4%] [Cov:>                                  1%]
[Progress:=>                            4%] [Cov:>                                  2%]
[Progress:=>                            4%] [Cov:====>                              13%]
[Progress:=>                            4%] [Cov:=====>                             15%]
[Progress:=>                            4%] [Cov:=====>                             16%]
[Progress:=>                            4%] [Cov:=====>                             17%]
[Progress:=>                            4%] [Cov:======>                            18%]
[Progress:=>                            4%] [Cov:======>                            19%]
[Progress:==>                           7%] [Cov:>                                  0%]
[Progress:==>                           7%] [Cov:>                                  2%]
[Progress:==>                           7%] [Cov:=====>                             15%]
[Progress:==>                           7%] [Cov:=====>                             16%]
[Progress:==>                           7%] [Cov:=====>                             17%]
[Progress:==>                           7%] [Cov:======>                            18%][MASTER] 07:17:23.454 [logback-1] WARN  TestCluster - Failed to check cache for com.fasterxml.jackson.annotation.ObjectIdGenerator<T> : Type points to itself

[Progress:==>                           8%] [Cov:>                                  1%]
[Progress:==>                           8%] [Cov:>                                  2%]
[Progress:==>                           8%] [Cov:=====>                             15%]
[Progress:==>                           8%] [Cov:=====>                             16%]
[Progress:==>                           8%] [Cov:=====>                             17%]
[Progress:==>                           8%] [Cov:======>                            18%]
[Progress:==>                           8%] [Cov:======>                            19%][MASTER] 07:17:23.782 [logback-1] WARN  TestCluster - Failed to check cache for java.util.Comparator<T> : Type points to itself
[MASTER] 07:17:23.826 [logback-1] WARN  TestCluster - Failed to check cache for com.fasterxml.jackson.databind.JsonSerializer<T> : Type points to itself

[Progress:==>                           8%] [Cov:=======>                           20%][MASTER] 07:17:24.576 [logback-1] WARN  TestCluster - Failed to check cache for java.util.Enumeration<E> : Type points to itself

[Progress:==>                           8%] [Cov:=======>                           20%]
[Progress:==>                           9%] [Cov:======>                            19%][MASTER] 07:17:25.675 [logback-1] WARN  TestChromosome - Functional mock problem: org.evosuite.ga.ConstructionFailedException: Failed to add constructor for com.fasterxml.jackson.core.json.WriterBasedJsonGenerator due to org.evosuite.ga.ConstructionFailedException: Failed to add constructor for com.fasterxml.jackson.core.io.IOContext due to org.evosuite.ga.ConstructionFailedException: Max recursion depth reached

[Progress:===>                          10%] [Cov:======>                            18%]
[Progress:===>                          13%] [Cov:======>                            18%]
[Progress:===>                          13%] [Cov:======>                            19%]
[Progress:===>                          13%] [Cov:=======>                           20%]
[Progress:===>                          13%] [Cov:=======>                           21%]
[Progress:====>                         14%] [Cov:======>                            19%]
[Progress:====>                         14%] [Cov:=======>                           21%]
[Progress:=====>                        18%] [Cov:======>                            18%]
[Progress:=====>                        18%] [Cov:=======>                           20%]
[Progress:=====>                        18%] [Cov:=======>                           21%][MASTER] 07:17:39.521 [logback-1] WARN  TestChromosome - Functional mock problem: org.evosuite.ga.ConstructionFailedException: Have no generator for java.lang.reflect.Constructor<org.evosuite.runtime.mock.java.io.MockFileReader> canUseFunctionalMocks=false, canBeMocked: false
[MASTER] 07:17:40.070 [logback-1] WARN  TestChromosome - Functional mock problem: org.evosuite.ga.ConstructionFailedException: Failed to add constructor for com.fasterxml.jackson.databind.ObjectReader due to org.evosuite.ga.ConstructionFailedException: Failed to add constructor for com.fasterxml.jackson.databind.ObjectReader due to org.evosuite.ga.ConstructionFailedException: Failed to add constructor for com.fasterxml.jackson.databind.ObjectReader due to org.evosuite.ga.ConstructionFailedException: Failed to add constructor for com.fasterxml.jackson.databind.DeserializationConfig due to org.evosuite.ga.ConstructionFailedException: Max recursion depth reached

[Progress:=====>                        19%] [Cov:======>                            18%]
[Progress:=====>                        19%] [Cov:======>                            19%]
[Progress:=====>                        19%] [Cov:=======>                           21%]
[Progress:======>                       20%] [Cov:======>                            18%]
[Progress:======>                       20%] [Cov:=======>                           20%]
[Progress:======>                       20%] [Cov:=======>                           21%]
[Progress:======>                       23%] [Cov:======>                            18%]
[Progress:======>                       23%] [Cov:======>                            19%]
[Progress:======>                       23%] [Cov:=======>                           21%]
[Progress:=======>                      24%] [Cov:=======>                           20%]
[Progress:=======>                      24%] [Cov:=======>                           21%]
[Progress:=======>                      24%] [Cov:=======>                           21%]
[Progress:=======>                      24%] [Cov:=======>                           22%]
[Progress:=======>                      25%] [Cov:======>                            19%]
[Progress:=======>                      25%] [Cov:=======>                           21%]
[Progress:=======>                      25%] [Cov:=======>                           22%]
[Progress:=======>                      25%] [Cov:========>                          23%]
[Progress:========>                     28%] [Cov:======>                            18%]
[Progress:========>                     29%] [Cov:=====>                             17%]
[Progress:========>                     29%] [Cov:======>                            18%]
[Progress:========>                     29%] [Cov:=======>                           21%]
[Progress:========>                     29%] [Cov:=======>                           22%]
[Progress:=========>                    32%] [Cov:=======>                           21%]
[Progress:=========>                    32%] [Cov:=======>                           22%]
[Progress:=========>                    32%] [Cov:========>                          23%]
[Progress:=========>                    32%] [Cov:=======>                           22%]
[Progress:=========>                    33%] [Cov:=======>                           21%]
[Progress:==========>                   36%] [Cov:=======>                           21%]
[Progress:==========>                   36%] [Cov:=======>                           22%]
[Progress:==========>                   36%] [Cov:========>                          23%]
[Progress:===========>                  37%] [Cov:=======>                           21%]
[Progress:===========>                  37%] [Cov:=======>                           22%]
[Progress:===========>                  37%] [Cov:========>                          23%]
[Progress:===========>                  38%] [Cov:======>                            19%]
[Progress:===========>                  38%] [Cov:=======>                           20%]
[Progress:===========>                  38%] [Cov:=======>                           21%]
[Progress:===========>                  38%] [Cov:=======>                           22%]
[Progress:===========>                  38%] [Cov:=======>                           22%]
[Progress:===========>                  38%] [Cov:========>                          23%]
[Progress:============>                 41%] [Cov:========>                          23%]
[Progress:============>                 42%] [Cov:=======>                           22%]
[Progress:============>                 42%] [Cov:========>                          23%][MASTER] 07:18:14.854 [logback-1] WARN  TestChromosome - Functional mock problem: org.evosuite.ga.ConstructionFailedException: Max recursion depth reached
[MASTER] 07:18:16.350 [logback-1] WARN  TestChromosome - Functional mock problem: org.evosuite.ga.ConstructionFailedException: Failed to add constructor for com.fasterxml.jackson.databind.DeserializationConfig due to org.evosuite.ga.ConstructionFailedException: Failed to add constructor for com.fasterxml.jackson.databind.DeserializationConfig due to org.evosuite.ga.ConstructionFailedException: Failed to add constructor for com.fasterxml.jackson.databind.DeserializationConfig due to org.evosuite.ga.ConstructionFailedException: Max recursion depth reached

[Progress:============>                 43%] [Cov:=======>                           21%]
[Progress:============>                 43%] [Cov:=======>                           22%]
[Progress:=============>                46%] [Cov:=======>                           22%]
[Progress:=============>                46%] [Cov:=======>                           22%]
[Progress:==============>               47%] [Cov:======>                            19%]
[Progress:==============>               47%] [Cov:=======>                           21%]
[Progress:==============>               47%] [Cov:=======>                           22%]
[Progress:==============>               47%] [Cov:========>                          23%]
[Progress:===============>              50%] [Cov:=======>                           20%]
[Progress:===============>              50%] [Cov:=======>                           21%]
[Progress:===============>              50%] [Cov:=======>                           22%]
[Progress:===============>              50%] [Cov:========>                          23%]
[Progress:===============>              51%] [Cov:=======>                           21%]
[Progress:===============>              51%] [Cov:=======>                           22%]
[Progress:===============>              51%] [Cov:========>                          23%]
[Progress:===============>              52%] [Cov:=======>                           22%]
[Progress:===============>              52%] [Cov:========>                          23%]
[Progress:===============>              52%] [Cov:=======>                           22%]
[Progress:===============>              52%] [Cov:========>                          23%]
[Progress:===============>              53%] [Cov:=======>                           22%]
[Progress:===============>              53%] [Cov:========>                          24%]
[Progress:================>             54%] [Cov:========>                          23%]
[Progress:================>             54%] [Cov:========>                          24%]
[Progress:================>             55%] [Cov:=======>                           20%]
[Progress:================>             55%] [Cov:=======>                           22%]
[Progress:================>             55%] [Cov:========>                          23%]
[Progress:================>             55%] [Cov:========>                          24%]
[Progress:================>             56%] [Cov:=======>                           22%]
[Progress:================>             56%] [Cov:========>                          24%]
[Progress:================>             56%] [Cov:========>                          24%]
[Progress:================>             56%] [Cov:========>                          25%]
[Progress:=================>            57%] [Cov:=======>                           22%]
[Progress:=================>            57%] [Cov:========>                          24%]
[Progress:=================>            58%] [Cov:=======>                           22%]
[Progress:=================>            58%] [Cov:========>                          24%]
[Progress:==================>           61%] [Cov:========>                          23%]
[Progress:==================>           61%] [Cov:========>                          24%]
[Progress:==================>           61%] [Cov:========>                          25%]
[Progress:==================>           62%] [Cov:========>                          25%]
[Progress:==================>           62%] [Cov:========>                          25%][MASTER] 07:18:45.540 [logback-1] WARN  TestChromosome - Functional mock problem: org.evosuite.ga.ConstructionFailedException: No generators of type java.lang.Class<com.fasterxml.jackson.databind.node.IntNode>

[Progress:==================>           63%] [Cov:========>                          24%]
[Progress:==================>           63%] [Cov:========>                          25%]
[Progress:===================>          64%] [Cov:========>                          23%]
[Progress:===================>          64%] [Cov:========>                          24%]
[Progress:===================>          64%] [Cov:========>                          25%]
[Progress:===================>          64%] [Cov:=========>                         26%]
[Progress:===================>          64%] [Cov:=========>                         26%]
[Progress:===================>          65%] [Cov:========>                          24%]
[Progress:===================>          65%] [Cov:========>                          25%]
[Progress:===================>          66%] [Cov:========>                          25%]
[Progress:===================>          66%] [Cov:=========>                         26%]
[Progress:===================>          66%] [Cov:=========>                         27%]
[Progress:===================>          66%] [Cov:=========>                         27%]
[Progress:====================>         67%] [Cov:========>                          24%]
[Progress:====================>         67%] [Cov:========>                          25%]
[Progress:====================>         67%] [Cov:=========>                         26%]
[Progress:====================>         68%] [Cov:========>                          25%]
[Progress:====================>         68%] [Cov:=========>                         26%][MASTER] 07:18:54.713 [logback-1] WARN  TestChromosome - Functional mock problem: org.evosuite.ga.ConstructionFailedException: Failed to add constructor for com.fasterxml.jackson.annotation.ObjectIdGenerator$IdKey due to org.evosuite.ga.ConstructionFailedException: Have no generator for java.lang.reflect.Constructor<org.evosuite.runtime.mock.java.io.MockFileReader> canUseFunctionalMocks=false, canBeMocked: false

[Progress:====================>         69%] [Cov:=======>                           22%]
[Progress:====================>         69%] [Cov:========>                          24%]
[Progress:====================>         69%] [Cov:========>                          25%]
[Progress:====================>         69%] [Cov:=========>                         26%]
[Progress:====================>         69%] [Cov:=========>                         27%][MASTER] 07:18:56.324 [logback-1] WARN  TestChromosome - Functional mock problem: org.evosuite.ga.ConstructionFailedException: No generators of type java.lang.Class<java.io.FilterInputStream>

[Progress:=====================>        70%] [Cov:=========>                         26%][MASTER] 07:18:56.903 [logback-1] WARN  TestChromosome - Functional mock problem: org.evosuite.ga.ConstructionFailedException: Failed to add constructor for com.fasterxml.jackson.databind.deser.BeanDeserializer due to org.evosuite.ga.ConstructionFailedException: Failed to add constructor for com.fasterxml.jackson.databind.deser.BuilderBasedDeserializer due to org.evosuite.ga.ConstructionFailedException: Failed to add constructor for com.fasterxml.jackson.databind.deser.BuilderBasedDeserializer due to org.evosuite.ga.ConstructionFailedException: Failed to add constructor for com.fasterxml.jackson.databind.deser.BeanDeserializerBuilder due to org.evosuite.ga.ConstructionFailedException: Invalid generic instance

[Progress:=====================>        71%] [Cov:========>                          25%]
[Progress:=====================>        71%] [Cov:=========>                         26%]
[Progress:=====================>        71%] [Cov:=========>                         27%][MASTER] 07:18:59.231 [logback-1] WARN  TestChromosome - Functional mock problem: org.evosuite.ga.ConstructionFailedException: Failed to add constructor for com.fasterxml.jackson.databind.SerializationConfig due to org.evosuite.ga.ConstructionFailedException: Failed to add constructor for com.fasterxml.jackson.databind.SerializationConfig due to org.evosuite.ga.ConstructionFailedException: Failed to add constructor for com.fasterxml.jackson.databind.SerializationConfig due to org.evosuite.ga.ConstructionFailedException: Max recursion depth reached

[Progress:=====================>        72%] [Cov:========>                          23%]
[Progress:=====================>        72%] [Cov:========>                          25%]
[Progress:=====================>        72%] [Cov:=========>                         26%]
[Progress:=====================>        72%] [Cov:=========>                         26%]
[Progress:=====================>        72%] [Cov:=========>                         27%]
[Progress:=====================>        73%] [Cov:========>                          25%]
[Progress:=====================>        73%] [Cov:=========>                         27%]
[Progress:======================>       74%] [Cov:========>                          25%]
[Progress:======================>       74%] [Cov:=========>                         26%]
[Progress:======================>       74%] [Cov:=========>                         27%]
[Progress:======================>       74%] [Cov:=========>                         26%]
[Progress:======================>       74%] [Cov:=========>                         27%]
[Progress:======================>       75%] [Cov:=========>                         27%]
[Progress:======================>       76%] [Cov:=========>                         26%]
[Progress:======================>       76%] [Cov:=========>                         27%]
[Progress:=======================>      77%] [Cov:========>                          25%]
[Progress:=======================>      77%] [Cov:=========>                         26%]
[Progress:=======================>      77%] [Cov:=========>                         27%]
[Progress:=======================>      77%] [Cov:========>                          25%]
[Progress:=======================>      77%] [Cov:=========>                         27%]
[Progress:=======================>      78%] [Cov:========>                          25%]
[Progress:=======================>      78%] [Cov:=========>                         27%]
[Progress:=======================>      78%] [Cov:=========>                         28%]
[Progress:=======================>      79%] [Cov:=========>                         28%]
[Progress:========================>     80%] [Cov:========>                          25%]
[Progress:========================>     80%] [Cov:=========>                         26%]
[Progress:========================>     80%] [Cov:=========>                         27%]
[Progress:========================>     80%] [Cov:=========>                         28%]
[Progress:========================>     80%] [Cov:=========>                         27%]
[Progress:========================>     81%] [Cov:=========>                         27%]
[Progress:========================>     81%] [Cov:=========>                         28%]
[Progress:========================>     81%] [Cov:==========>                        29%]
[Progress:========================>     82%] [Cov:=========>                         26%]
[Progress:========================>     82%] [Cov:=========>                         27%]
[Progress:========================>     82%] [Cov:=========>                         28%]
[Progress:========================>     83%] [Cov:========>                          25%]
[Progress:========================>     83%] [Cov:=========>                         27%]
[Progress:========================>     83%] [Cov:=========>                         28%]
[Progress:=========================>    84%] [Cov:=========>                         26%]
[Progress:=========================>    84%] [Cov:=========>                         27%]
[Progress:=========================>    84%] [Cov:=========>                         28%]
[Progress:=========================>    84%] [Cov:==========>                        29%]
[Progress:=========================>    85%] [Cov:=========>                         27%]
[Progress:=========================>    85%] [Cov:=========>                         28%]
[Progress:=========================>    86%] [Cov:========>                          25%]
[Progress:=========================>    86%] [Cov:=========>                         28%]
[Progress:=========================>    86%] [Cov:==========>                        29%]
[Progress:=========================>    86%] [Cov:==========>                        30%]
[Progress:==========================>   87%] [Cov:=========>                         27%]
[Progress:==========================>   87%] [Cov:=========>                         28%]
[Progress:==========================>   87%] [Cov:==========>                        29%]
[Progress:==========================>   87%] [Cov:==========>                        30%]
[Progress:==========================>   88%] [Cov:=========>                         26%]
[Progress:==========================>   88%] [Cov:=========>                         27%]
[Progress:==========================>   88%] [Cov:=========>                         28%]
[Progress:==========================>   88%] [Cov:==========>                        29%]
[Progress:==========================>   88%] [Cov:==========>                        30%]
[Progress:==========================>   88%] [Cov:=========>                         27%]
[Progress:==========================>   88%] [Cov:==========>                        30%]
[Progress:==========================>   89%] [Cov:=========>                         28%]
[Progress:==========================>   89%] [Cov:==========>                        29%]
[Progress:===========================>  90%] [Cov:=========>                         27%]
[Progress:===========================>  90%] [Cov:=========>                         28%]
[Progress:===========================>  90%] [Cov:==========>                        29%]
[Progress:===========================>  90%] [Cov:==========>                        30%]
[Progress:===========================>  91%] [Cov:=========>                         26%]
[Progress:===========================>  91%] [Cov:==========>                        29%]
[Progress:===========================>  91%] [Cov:=========>                         27%]
[Progress:===========================>  91%] [Cov:==========>                        30%]
[Progress:===========================>  92%] [Cov:==========>                        30%]
[Progress:===========================>  93%] [Cov:=========>                         26%]
[Progress:===========================>  93%] [Cov:=========>                         28%]
[Progress:===========================>  93%] [Cov:==========>                        29%]
[Progress:============================> 94%] [Cov:=========>                         28%]
[Progress:============================> 94%] [Cov:==========>                        29%]
[Progress:============================> 94%] [Cov:==========>                        29%]
[Progress:============================> 94%] [Cov:==========>                        30%]
[Progress:============================> 95%] [Cov:==========>                        29%]
[Progress:============================> 95%] [Cov:==========>                        30%]
[Progress:============================> 95%] [Cov:==========>                        31%]
[Progress:============================> 96%] [Cov:==========>                        30%]
[Progress:============================> 96%] [Cov:==========>                        31%]
[Progress:=============================>97%] [Cov:=========>                         28%]
[Progress:=============================>97%] [Cov:==========>                        29%]
[Progress:=============================>97%] [Cov:==========>                        30%]
[Progress:=============================>97%] [Cov:==========>                        31%]
[Progress:=============================>98%] [Cov:==========>                        30%]
[Progress:=============================>98%] [Cov:==========>                        31%]
[Progress:=============================>99%] [Cov:=========>                         28%]
[Progress:=============================>99%] [Cov:==========>                        30%]
[Progress:==============================100%] [Cov:==========>                        30%]
[Progress:==============================100%] [Cov:==========>                        31%]
[Progress:==============================100%] [Cov:==========>                        31%]
* Search finished after 151s and 25 generations, 13288 statements, best individual has fitness: 2594.497807017544
* Minimizing test suite
* Going to analyze the coverage criteria
* Coverage analysis for criterion LINE
* Coverage of criterion LINE: 32%
* Total number of goals: 668
* Number of covered goals: 213
* Coverage analysis for criterion BRANCH
* Coverage of criterion BRANCH: 27%
* Total number of goals: 399
* Number of covered goals: 108
* Coverage analysis for criterion EXCEPTION
* Coverage of criterion EXCEPTION: 4%
* Total number of goals: 67
* Number of covered goals: 3
* Coverage analysis for criterion WEAKMUTATION
* Coverage of criterion WEAKMUTATION: 33%
* Total number of goals: 351
* Number of covered goals: 115
* Coverage analysis for criterion OUTPUT
* Coverage of criterion OUTPUT: 7%
* Total number of goals: 711
* Number of covered goals: 48
* Coverage analysis for criterion METHOD
* Coverage of criterion METHOD: 20%
* Total number of goals: 207
* Number of covered goals: 41
* Coverage analysis for criterion METHODNOEXCEPTION
* Coverage of criterion METHODNOEXCEPTION: 18%
* Total number of goals: 207
* Number of covered goals: 38
* Coverage analysis for criterion CBRANCH
* Coverage of criterion CBRANCH: 24%
* Total number of goals: 399
* Number of covered goals: 94
* Generated 38 tests with total length 145
* Resulting test suite's coverage: 31% (average coverage for all fitness functions)
* Generating assertions
* Resulting test suite's mutation score: 10%
* Compiling and checking tests
* Writing tests to file
* Writing JUnit test case 'ObjectMapper_ESTest' to evosuite-tests
* Done!

* Computation finished

