CMD: /usr/lib/jvm/java-8-openjdk-amd64/bin/java -Dtools_jar_location=/usr/lib/jvm/java-8-openjdk-amd64/lib/tools.jar -jar /home/user/evosuite/evosuite-1.2.0.jar -generateSuite -class org.apache.commons.math3.distribution.FDistribution -projectCP /home/user/evosuite/Test/Math-22b/target/classes -base_dir /home/user/evosuite/results/project-Math/Math-22/round02/evosuite-work -seed 11 -Dalgorithm=NSGAII -Dsearch_budget=150 -Dtest_format=JUNIT4 -Dassertions=true

* EvoSuite 1.2.0
* Going to generate test cases for class: org.apache.commons.math3.distribution.FDistribution
* Starting Client-0
* Connecting to master process on port 8224
* Analyzing classpath: 
  - /home/user/evosuite/Test/Math-22b/target/classes
* Finished analyzing classpath
* Generating tests for class org.apache.commons.math3.distribution.FDistribution
* Test criteria:
  - Line Coverage
  - Branch Coverage
  - Exception
  - Mutation testing (weak)
  - Method-Output Coverage
  - Top-Level Method Coverage
  - No-Exception Top-Level Method Coverage
  - Context Branch Coverage
* Setting up search algorithm for whole suite generation
* Total number of test goals: 
  - Line 53
  - Branch 23
  - Exception 0
  - MutationFactory 531
  - Output 36
  - Method 16
  - MethodNoException 16
  - CBranchFitnessFactory 23

[Progress:>                             0%] [Cov:>                                  0%]* Using seed 11
* Starting evolution

[Progress:>                             0%] [Cov:>                                  0%]
[Progress:>                             0%] [Cov:==>                                8%]
[Progress:>                             0%] [Cov:======>                            18%]
[Progress:>                             0%] [Cov:==========>                        30%]
[Progress:>                             0%] [Cov:==========>                        31%]
[Progress:>                             0%] [Cov:==============>                    41%]
[Progress:>                             0%] [Cov:==============>                    42%]
[Progress:>                             0%] [Cov:===============>                   44%]
[Progress:>                             0%] [Cov:===============>                   45%]
[Progress:>                             0%] [Cov:=================>                 49%]
[Progress:>                             0%] [Cov:=================>                 51%]
[Progress:>                             0%] [Cov:==================>                54%]
[Progress:>                             0%] [Cov:===================>               55%]
[Progress:>                             0%] [Cov:=====================>             61%]
[Progress:>                             0%] [Cov:=======================>           67%]
[Progress:>                             0%] [Cov:========================>          70%]
[Progress:>                             0%] [Cov:========================>          71%]
[Progress:>                             0%] [Cov:==========================>        77%]
[Progress:>                             1%] [Cov:====>                              12%]
[Progress:>                             1%] [Cov:========>                          24%]
[Progress:>                             1%] [Cov:============>                      36%]
[Progress:>                             1%] [Cov:==================>                53%]
[Progress:>                             1%] [Cov:===================>               55%]
[Progress:>                             1%] [Cov:======================>            63%]
[Progress:>                             1%] [Cov:========================>          71%]
[Progress:>                             1%] [Cov:===========================>       78%]
[Progress:>                             1%] [Cov:===========================>       78%]
[Progress:>                             1%] [Cov:===========================>       78%]
[Progress:>                             2%] [Cov:======================>            64%]
[Progress:>                             2%] [Cov:======================>            65%]
[Progress:>                             2%] [Cov:=======================>           66%]
[Progress:>                             2%] [Cov:========================>          71%]
[Progress:>                             2%] [Cov:===========================>       78%]
[Progress:>                             2%] [Cov:===========================>       78%]
[Progress:>                             2%] [Cov:============================>      80%]
[Progress:>                             2%] [Cov:============================>      81%]
[Progress:>                             2%] [Cov:=============================>     83%]
[Progress:>                             2%] [Cov:=============================>     85%]
[Progress:>                             2%] [Cov:=============================>     85%]
[Progress:>                             2%] [Cov:==============================>    87%]
[Progress:>                             2%] [Cov:=============================>     85%]
[Progress:>                             3%] [Cov:============================>      80%]
[Progress:>                             3%] [Cov:=============================>     83%]
[Progress:>                             3%] [Cov:==============================>    87%]
[Progress:>                             3%] [Cov:=============================>     85%]
[Progress:>                             3%] [Cov:==============================>    86%]
[Progress:>                             3%] [Cov:==============================>    87%]
[Progress:>                             3%] [Cov:==============================>    88%]
[Progress:=>                            4%] [Cov:===============>                   44%]
[Progress:=>                            4%] [Cov:=============================>     85%]
[Progress:=>                            4%] [Cov:==============================>    86%]
[Progress:=>                            4%] [Cov:==============================>    88%]
[Progress:=>                            4%] [Cov:==============================>    87%]
[Progress:=>                            4%] [Cov:==============================>    88%]
[Progress:=>                            4%] [Cov:===============================>   89%]
[Progress:=>                            4%] [Cov:===============================>   90%]
[Progress:=>                            4%] [Cov:==============================>    87%]
[Progress:=>                            4%] [Cov:==============================>    88%]
[Progress:=>                            4%] [Cov:===============================>   89%]
[Progress:=>                            4%] [Cov:===============================>   90%]
[Progress:=>                            4%] [Cov:==============================>    87%]
[Progress:=>                            4%] [Cov:===============================>   89%]
[Progress:=>                            5%] [Cov:==============================>    88%]
[Progress:=>                            5%] [Cov:===============================>   89%]
[Progress:=>                            5%] [Cov:===============================>   90%]
[Progress:=>                            5%] [Cov:==============================>    87%]
[Progress:=>                            5%] [Cov:===============================>   89%]
[Progress:=>                            5%] [Cov:===============================>   90%]
[Progress:=>                            6%] [Cov:===============================>   89%]
[Progress:=>                            6%] [Cov:===============================>   90%]
[Progress:=>                            6%] [Cov:==============================>    87%]
[Progress:=>                            6%] [Cov:==============================>    88%]
[Progress:=>                            6%] [Cov:===============================>   89%]
[Progress:=>                            6%] [Cov:===============================>   90%]
[Progress:=>                            6%] [Cov:==============================>    87%]
[Progress:=>                            6%] [Cov:===============================>   89%]
[Progress:=>                            6%] [Cov:===============================>   90%]
[Progress:==>                           7%] [Cov:==============================>    88%]
[Progress:==>                           7%] [Cov:===============================>   89%]
[Progress:==>                           7%] [Cov:===============================>   90%]
[Progress:==>                           7%] [Cov:===============================>   91%]
[Progress:==>                           7%] [Cov:==============================>    87%]
[Progress:==>                           7%] [Cov:==============================>    88%]
[Progress:==>                           7%] [Cov:===============================>   89%]
[Progress:==>                           7%] [Cov:===============================>   90%]
[Progress:==>                           7%] [Cov:===============================>   91%]
[Progress:==>                           7%] [Cov:==============================>    86%]
[Progress:==>                           7%] [Cov:===============================>   89%]
[Progress:==>                           7%] [Cov:===============================>   90%]
[Progress:==>                           7%] [Cov:===============================>   91%]
[Progress:==>                           8%] [Cov:==============================>    88%]
[Progress:==>                           8%] [Cov:===============================>   90%]
[Progress:==>                           8%] [Cov:===============================>   91%]
[Progress:==>                           8%] [Cov:==============================>    87%]
[Progress:==>                           8%] [Cov:===============================>   89%]
[Progress:==>                           8%] [Cov:===============================>   90%]
[Progress:==>                           8%] [Cov:===============================>   91%]
[Progress:==>                           9%] [Cov:===============================>   89%]
[Progress:==>                           9%] [Cov:===============================>   90%]
[Progress:==>                           9%] [Cov:===============================>   91%]
[Progress:==>                           9%] [Cov:==============================>    87%]
[Progress:==>                           9%] [Cov:===============================>   91%]
[Progress:===>                          10%] [Cov:===============================>   91%]
[Progress:===>                          10%] [Cov:===============================>   91%]
[Progress:===>                          10%] [Cov:================================>  93%]
[Progress:===>                          10%] [Cov:================================>  93%]
[Progress:===>                          11%] [Cov:===============================>   91%]
[Progress:===>                          11%] [Cov:================================>  93%]
[Progress:===>                          11%] [Cov:================================>  93%]
[Progress:===>                          12%] [Cov:===============================>   91%]
[Progress:===>                          12%] [Cov:================================>  92%]
[Progress:===>                          12%] [Cov:================================>  93%]
[Progress:===>                          12%] [Cov:================================>  93%]
[Progress:===>                          12%] [Cov:================================>  93%]
[Progress:===>                          12%] [Cov:================================>  93%]
[Progress:===>                          13%] [Cov:================================>  93%]
[Progress:===>                          13%] [Cov:================================>  93%]
[Progress:====>                         14%] [Cov:================================>  93%]
[Progress:====>                         14%] [Cov:================================>  93%]
[Progress:====>                         14%] [Cov:================================>  93%]
[Progress:====>                         14%] [Cov:===============================>   91%]
[Progress:====>                         14%] [Cov:================================>  92%]
[Progress:====>                         14%] [Cov:================================>  93%]
[Progress:====>                         15%] [Cov:================================>  93%]
[Progress:====>                         15%] [Cov:===============================>   91%]
[Progress:====>                         15%] [Cov:================================>  93%]
[Progress:====>                         15%] [Cov:===============================>   91%]
[Progress:====>                         15%] [Cov:================================>  93%]
[Progress:====>                         16%] [Cov:================================>  93%]
[Progress:====>                         16%] [Cov:===============================>   91%]
[Progress:====>                         16%] [Cov:================================>  93%]
[Progress:====>                         16%] [Cov:===============================>   91%]
[Progress:====>                         16%] [Cov:================================>  93%]
[Progress:=====>                        17%] [Cov:=============================>     84%]
[Progress:=====>                        17%] [Cov:================================>  92%]
[Progress:=====>                        17%] [Cov:================================>  93%]
[Progress:=====>                        17%] [Cov:===============================>   91%]
[Progress:=====>                        17%] [Cov:================================>  93%]
[Progress:=====>                        17%] [Cov:===============================>   91%]
[Progress:=====>                        17%] [Cov:================================>  93%]
[Progress:=====>                        18%] [Cov:====>                              14%]
[Progress:=====>                        18%] [Cov:================================>  93%]
[Progress:=====>                        18%] [Cov:===============================>   91%]
[Progress:=====>                        18%] [Cov:================================>  93%]
[Progress:=====>                        18%] [Cov:================================>  94%]
[Progress:=====>                        18%] [Cov:================================>  94%]
[Progress:=====>                        19%] [Cov:================================>  93%]
[Progress:=====>                        19%] [Cov:================================>  94%]
[Progress:======>                       20%] [Cov:================================>  92%]
[Progress:======>                       20%] [Cov:================================>  93%]
[Progress:======>                       20%] [Cov:================================>  94%]
[Progress:======>                       20%] [Cov:================================>  94%]
[Progress:======>                       20%] [Cov:================================>  94%]
[Progress:======>                       21%] [Cov:================================>  93%]
[Progress:======>                       21%] [Cov:================================>  94%]
[Progress:======>                       21%] [Cov:================================>  94%]
[Progress:======>                       22%] [Cov:================================>  94%]
[Progress:======>                       22%] [Cov:================================>  94%]
[Progress:======>                       22%] [Cov:================================>  94%]
[Progress:======>                       22%] [Cov:================================>  94%]
[Progress:======>                       23%] [Cov:================================>  94%]
[Progress:======>                       23%] [Cov:================================>  94%]
[Progress:=======>                      24%] [Cov:================================>  94%]
[Progress:=======>                      24%] [Cov:================================>  94%]
[Progress:=======>                      24%] [Cov:================================>  94%]
[Progress:=======>                      24%] [Cov:===============================>   90%]
[Progress:=======>                      24%] [Cov:================================>  94%]
[Progress:=======>                      25%] [Cov:================================>  94%]
[Progress:=======>                      25%] [Cov:===============================>   90%]
[Progress:=======>                      25%] [Cov:================================>  94%]
[Progress:=======>                      26%] [Cov:================================>  92%]
[Progress:=======>                      26%] [Cov:================================>  94%]
[Progress:=======>                      26%] [Cov:===============================>   90%]
[Progress:=======>                      26%] [Cov:================================>  94%]
[Progress:=======>                      26%] [Cov:===============================>   90%]
[Progress:=======>                      26%] [Cov:================================>  94%]
[Progress:========>                     27%] [Cov:================================>  94%]
[Progress:========>                     27%] [Cov:===============================>   90%]
[Progress:========>                     27%] [Cov:================================>  94%]
[Progress:========>                     27%] [Cov:===============================>   90%]
[Progress:========>                     27%] [Cov:================================>  92%]
[Progress:========>                     27%] [Cov:================================>  94%]
[Progress:========>                     28%] [Cov:================================>  94%]
[Progress:========>                     28%] [Cov:===============================>   90%]
[Progress:========>                     28%] [Cov:================================>  94%]
[Progress:========>                     28%] [Cov:===============================>   90%]
[Progress:========>                     28%] [Cov:================================>  94%]
[Progress:========>                     29%] [Cov:================================>  94%]
[Progress:=========>                    30%] [Cov:================================>  94%]
[Progress:=========>                    30%] [Cov:===============================>   90%]
[Progress:=========>                    30%] [Cov:================================>  93%]
[Progress:=========>                    30%] [Cov:================================>  94%]
[Progress:=========>                    30%] [Cov:===============================>   90%]
[Progress:=========>                    30%] [Cov:================================>  94%]
[Progress:=========>                    31%] [Cov:================================>  94%]
[Progress:=========>                    31%] [Cov:===============================>   90%]
[Progress:=========>                    31%] [Cov:================================>  94%]
[Progress:=========>                    32%] [Cov:================================>  94%]
[Progress:=========>                    32%] [Cov:================================>  93%]
[Progress:=========>                    32%] [Cov:================================>  94%]
[Progress:=========>                    32%] [Cov:================================>  93%]
[Progress:=========>                    32%] [Cov:================================>  94%]
[Progress:=========>                    33%] [Cov:================================>  92%]
[Progress:=========>                    33%] [Cov:================================>  94%]
[Progress:=========>                    33%] [Cov:================================>  93%]
[Progress:=========>                    33%] [Cov:================================>  94%]
[Progress:==========>                   34%] [Cov:================================>  92%]
[Progress:==========>                   34%] [Cov:================================>  94%]
[Progress:==========>                   34%] [Cov:================================>  93%]
[Progress:==========>                   34%] [Cov:================================>  94%]
[Progress:==========>                   35%] [Cov:================================>  94%]
[Progress:==========>                   35%] [Cov:================================>  93%]
[Progress:==========>                   35%] [Cov:================================>  94%]
[Progress:==========>                   35%] [Cov:================================>  93%]
[Progress:==========>                   35%] [Cov:================================>  94%]
[Progress:==========>                   36%] [Cov:================================>  94%]
[Progress:==========>                   36%] [Cov:================================>  93%]
[Progress:==========>                   36%] [Cov:================================>  94%]
[Progress:==========>                   36%] [Cov:================================>  93%]
[Progress:==========>                   36%] [Cov:================================>  94%]
[Progress:===========>                  37%] [Cov:================================>  94%]
[Progress:===========>                  37%] [Cov:================================>  93%]
[Progress:===========>                  37%] [Cov:================================>  94%]
[Progress:===========>                  38%] [Cov:================================>  94%]
[Progress:===========>                  38%] [Cov:================================>  93%]
[Progress:===========>                  38%] [Cov:================================>  94%]
[Progress:===========>                  38%] [Cov:================================>  93%]
[Progress:===========>                  39%] [Cov:=============================>     85%]
[Progress:===========>                  39%] [Cov:================================>  92%]
[Progress:===========>                  39%] [Cov:================================>  94%]
[Progress:===========>                  39%] [Cov:================================>  93%]
[Progress:===========>                  39%] [Cov:================================>  94%]
[Progress:============>                 40%] [Cov:================================>  94%]
[Progress:============>                 40%] [Cov:================================>  93%]
[Progress:============>                 40%] [Cov:================================>  94%]
[Progress:============>                 41%] [Cov:================================>  94%]
[Progress:============>                 41%] [Cov:================================>  93%]
[Progress:============>                 41%] [Cov:================================>  94%]
[Progress:============>                 42%] [Cov:=============================>     85%]
[Progress:============>                 42%] [Cov:================================>  93%]
[Progress:============>                 42%] [Cov:================================>  94%]
[Progress:============>                 42%] [Cov:================================>  93%]
[Progress:============>                 42%] [Cov:================================>  94%]
[Progress:============>                 42%] [Cov:================================>  93%]
[Progress:============>                 42%] [Cov:================================>  94%]
[Progress:============>                 43%] [Cov:================================>  94%]
[Progress:============>                 43%] [Cov:================================>  93%]
[Progress:============>                 43%] [Cov:================================>  94%]
[Progress:=============>                44%] [Cov:================================>  94%]
[Progress:=============>                44%] [Cov:================================>  93%]
[Progress:=============>                44%] [Cov:================================>  94%]
[Progress:=============>                44%] [Cov:================================>  93%]
[Progress:=============>                44%] [Cov:================================>  94%]
[Progress:=============>                45%] [Cov:================================>  94%]
[Progress:=============>                45%] [Cov:================================>  93%]
[Progress:=============>                45%] [Cov:================================>  94%]
[Progress:=============>                46%] [Cov:================================>  94%]
[Progress:=============>                46%] [Cov:================================>  93%]
[Progress:=============>                46%] [Cov:================================>  94%]
[Progress:=============>                46%] [Cov:================================>  93%]
[Progress:=============>                46%] [Cov:================================>  94%]
[Progress:==============>               47%] [Cov:================================>  94%]
[Progress:==============>               47%] [Cov:================================>  93%]
[Progress:==============>               47%] [Cov:================================>  94%]
[Progress:==============>               48%] [Cov:================================>  94%]
[Progress:==============>               48%] [Cov:================================>  93%]
[Progress:==============>               48%] [Cov:================================>  94%]
[Progress:==============>               48%] [Cov:================================>  93%]
[Progress:==============>               48%] [Cov:================================>  94%]
[Progress:==============>               49%] [Cov:================================>  94%]
[Progress:==============>               49%] [Cov:================================>  93%]
[Progress:==============>               49%] [Cov:================================>  94%]
[Progress:===============>              50%] [Cov:=============================>     85%]
[Progress:===============>              50%] [Cov:================================>  92%]
[Progress:===============>              50%] [Cov:================================>  94%]
[Progress:===============>              50%] [Cov:================================>  93%]
[Progress:===============>              50%] [Cov:================================>  94%]
[Progress:===============>              51%] [Cov:================================>  94%]
[Progress:===============>              51%] [Cov:================================>  93%]
[Progress:===============>              51%] [Cov:================================>  94%]
[Progress:===============>              52%] [Cov:================================>  94%]
[Progress:===============>              52%] [Cov:================================>  93%]
[Progress:===============>              52%] [Cov:================================>  94%]
[Progress:===============>              52%] [Cov:================================>  93%]
[Progress:===============>              52%] [Cov:================================>  94%]
[Progress:===============>              53%] [Cov:================================>  94%]
[Progress:===============>              53%] [Cov:================================>  93%]
[Progress:===============>              53%] [Cov:================================>  94%]
[Progress:===============>              53%] [Cov:================================>  93%]
[Progress:===============>              53%] [Cov:================================>  94%]
[Progress:================>             54%] [Cov:================================>  94%]
[Progress:================>             54%] [Cov:================================>  93%]
[Progress:================>             54%] [Cov:================================>  94%]
[Progress:================>             54%] [Cov:================================>  93%]
[Progress:================>             54%] [Cov:================================>  94%]
[Progress:================>             55%] [Cov:================================>  94%]
[Progress:================>             55%] [Cov:================================>  93%]
[Progress:================>             55%] [Cov:================================>  94%]
[Progress:================>             56%] [Cov:================================>  94%]
[Progress:================>             56%] [Cov:================================>  93%]
[Progress:================>             56%] [Cov:================================>  94%]
[Progress:================>             56%] [Cov:================================>  93%]
[Progress:================>             56%] [Cov:================================>  94%]
[Progress:=================>            57%] [Cov:================================>  94%]
[Progress:=================>            57%] [Cov:================================>  93%]
[Progress:=================>            57%] [Cov:================================>  94%]
[Progress:=================>            57%] [Cov:================================>  93%]
[Progress:=================>            57%] [Cov:================================>  94%]
[Progress:=================>            58%] [Cov:================================>  94%]
[Progress:=================>            58%] [Cov:================================>  93%]
[Progress:=================>            58%] [Cov:================================>  94%]
[Progress:=================>            58%] [Cov:================================>  93%]
[Progress:=================>            58%] [Cov:================================>  94%]
[Progress:=================>            59%] [Cov:================================>  94%]
[Progress:=================>            59%] [Cov:================================>  93%]
[Progress:=================>            59%] [Cov:================================>  94%]
[Progress:==================>           60%] [Cov:================================>  94%]
[Progress:==================>           60%] [Cov:================================>  93%]
[Progress:==================>           60%] [Cov:================================>  94%]
[Progress:==================>           60%] [Cov:================================>  94%]
[Progress:==================>           60%] [Cov:================================>  93%]
[Progress:==================>           60%] [Cov:================================>  94%]
[Progress:==================>           61%] [Cov:================================>  94%]
[Progress:==================>           61%] [Cov:================================>  93%]
[Progress:==================>           61%] [Cov:================================>  94%]
[Progress:==================>           62%] [Cov:================================>  92%]
[Progress:==================>           62%] [Cov:================================>  94%]
[Progress:==================>           62%] [Cov:================================>  93%]
[Progress:==================>           62%] [Cov:================================>  94%]
[Progress:==================>           62%] [Cov:================================>  93%]
[Progress:==================>           62%] [Cov:================================>  94%]
[Progress:==================>           63%] [Cov:================================>  93%]
[Progress:==================>           63%] [Cov:================================>  94%]
[Progress:==================>           63%] [Cov:================================>  94%]
[Progress:==================>           63%] [Cov:================================>  94%]
[Progress:===================>          64%] [Cov:================================>  94%]
[Progress:===================>          64%] [Cov:================================>  94%]
[Progress:===================>          64%] [Cov:================================>  94%]
[Progress:===================>          65%] [Cov:================================>  94%]
[Progress:===================>          65%] [Cov:================================>  94%]
[Progress:===================>          66%] [Cov:================================>  94%]
[Progress:===================>          66%] [Cov:================================>  94%]
[Progress:===================>          66%] [Cov:================================>  94%]
[Progress:====================>         67%] [Cov:================================>  94%]
[Progress:====================>         67%] [Cov:================================>  94%]
[Progress:====================>         67%] [Cov:================================>  94%]
[Progress:====================>         68%] [Cov:================================>  94%]
[Progress:====================>         68%] [Cov:================================>  94%]
[Progress:====================>         68%] [Cov:================================>  94%]
[Progress:====================>         68%] [Cov:================================>  94%]
[Progress:====================>         69%] [Cov:================================>  94%]
[Progress:====================>         69%] [Cov:================================>  94%]
[Progress:=====================>        70%] [Cov:=======================>           67%]
[Progress:=====================>        70%] [Cov:================================>  94%]
[Progress:=====================>        70%] [Cov:================================>  94%]
[Progress:=====================>        70%] [Cov:================================>  94%]
[Progress:=====================>        70%] [Cov:================================>  93%]
[Progress:=====================>        70%] [Cov:================================>  94%]
[Progress:=====================>        71%] [Cov:================================>  94%]
[Progress:=====================>        72%] [Cov:================================>  94%]
[Progress:=====================>        72%] [Cov:================================>  93%]
[Progress:=====================>        72%] [Cov:================================>  94%]
[Progress:=====================>        72%] [Cov:================================>  93%]
[Progress:=====================>        72%] [Cov:================================>  94%]
[Progress:=====================>        72%] [Cov:================================>  93%]
[Progress:=====================>        72%] [Cov:================================>  94%]
[Progress:=====================>        73%] [Cov:================================>  94%]
[Progress:=====================>        73%] [Cov:================================>  93%]
[Progress:=====================>        73%] [Cov:================================>  94%]
[Progress:=====================>        73%] [Cov:================================>  93%]
[Progress:=====================>        73%] [Cov:================================>  94%]
[Progress:======================>       74%] [Cov:================================>  94%]
[Progress:======================>       74%] [Cov:================================>  93%]
[Progress:======================>       74%] [Cov:================================>  94%]
[Progress:======================>       74%] [Cov:================================>  93%]
[Progress:======================>       74%] [Cov:================================>  94%]
[Progress:======================>       75%] [Cov:================================>  94%]
[Progress:======================>       75%] [Cov:================================>  93%]
[Progress:======================>       75%] [Cov:================================>  94%]
[Progress:======================>       76%] [Cov:================================>  94%]
[Progress:======================>       76%] [Cov:================================>  93%]
[Progress:======================>       76%] [Cov:================================>  94%]
[Progress:======================>       76%] [Cov:================================>  93%]
[Progress:======================>       76%] [Cov:================================>  94%]
[Progress:======================>       76%] [Cov:================================>  93%]
[Progress:======================>       76%] [Cov:================================>  94%]
[Progress:=======================>      77%] [Cov:================================>  94%]
[Progress:=======================>      77%] [Cov:================================>  93%]
[Progress:=======================>      77%] [Cov:================================>  94%]
[Progress:=======================>      77%] [Cov:================================>  93%]
[Progress:=======================>      77%] [Cov:================================>  94%]
[Progress:=======================>      78%] [Cov:================================>  94%]
[Progress:=======================>      78%] [Cov:================================>  93%]
[Progress:=======================>      78%] [Cov:================================>  94%]
[Progress:=======================>      78%] [Cov:================================>  93%]
[Progress:=======================>      78%] [Cov:================================>  94%]
[Progress:=======================>      79%] [Cov:================================>  94%]
[Progress:=======================>      79%] [Cov:================================>  93%]
[Progress:=======================>      79%] [Cov:================================>  94%]
[Progress:========================>     80%] [Cov:================================>  94%]
[Progress:========================>     80%] [Cov:================================>  93%]
[Progress:========================>     80%] [Cov:================================>  94%]
[Progress:========================>     80%] [Cov:================================>  93%]
[Progress:========================>     80%] [Cov:================================>  94%]
[Progress:========================>     81%] [Cov:================================>  94%]
[Progress:========================>     81%] [Cov:================================>  93%]
[Progress:========================>     81%] [Cov:================================>  94%]
[Progress:========================>     82%] [Cov:================================>  94%]
[Progress:========================>     82%] [Cov:================================>  93%]
[Progress:========================>     82%] [Cov:================================>  94%]
[Progress:========================>     82%] [Cov:================================>  93%]
[Progress:========================>     82%] [Cov:================================>  94%]
[Progress:========================>     82%] [Cov:================================>  93%]
[Progress:========================>     82%] [Cov:================================>  94%]
[Progress:========================>     83%] [Cov:================================>  94%]
[Progress:========================>     83%] [Cov:================================>  93%]
[Progress:========================>     83%] [Cov:================================>  94%]
[Progress:=========================>    84%] [Cov:================================>  94%]
[Progress:=========================>    84%] [Cov:================================>  93%]
[Progress:=========================>    84%] [Cov:================================>  94%]
[Progress:=========================>    84%] [Cov:================================>  93%]
[Progress:=========================>    84%] [Cov:================================>  94%]
[Progress:=========================>    84%] [Cov:================================>  93%]
[Progress:=========================>    84%] [Cov:================================>  94%]
[Progress:=========================>    85%] [Cov:==============================>    86%]
[Progress:=========================>    85%] [Cov:================================>  94%]
[Progress:=========================>    85%] [Cov:===============================>   89%]
[Progress:=========================>    85%] [Cov:================================>  94%]
[Progress:=========================>    86%] [Cov:================================>  94%]
[Progress:=========================>    86%] [Cov:===============================>   89%]
[Progress:=========================>    86%] [Cov:================================>  94%]
[Progress:=========================>    86%] [Cov:===============================>   89%]
[Progress:=========================>    86%] [Cov:================================>  94%]
[Progress:=========================>    86%] [Cov:===============================>   89%]
[Progress:=========================>    86%] [Cov:================================>  94%]
[Progress:==========================>   87%] [Cov:================================>  94%]
[Progress:==========================>   87%] [Cov:===============================>   89%]
[Progress:==========================>   87%] [Cov:================================>  93%]
[Progress:==========================>   87%] [Cov:================================>  94%]
[Progress:==========================>   88%] [Cov:================================>  94%]
[Progress:==========================>   88%] [Cov:===============================>   89%]
[Progress:==========================>   88%] [Cov:================================>  94%]
[Progress:==========================>   88%] [Cov:===============================>   89%]
[Progress:==========================>   88%] [Cov:================================>  94%]
[Progress:==========================>   89%] [Cov:================================>  94%]
[Progress:==========================>   89%] [Cov:===============================>   89%]
[Progress:==========================>   89%] [Cov:================================>  94%]
[Progress:===========================>  90%] [Cov:================================>  94%]
[Progress:===========================>  90%] [Cov:===============================>   89%]
[Progress:===========================>  90%] [Cov:================================>  94%]
[Progress:===========================>  90%] [Cov:===============================>   89%]
[Progress:===========================>  90%] [Cov:================================>  94%]
[Progress:===========================>  91%] [Cov:===============================>   89%]
[Progress:===========================>  91%] [Cov:===============================>   91%]
[Progress:===========================>  91%] [Cov:================================>  93%]
[Progress:===========================>  91%] [Cov:================================>  94%]
[Progress:===========================>  91%] [Cov:===============================>   89%]
[Progress:===========================>  91%] [Cov:================================>  94%]
[Progress:===========================>  92%] [Cov:================================>  94%]
[Progress:===========================>  92%] [Cov:===============================>   89%]
[Progress:===========================>  92%] [Cov:================================>  94%]
[Progress:===========================>  92%] [Cov:===============================>   89%]
[Progress:===========================>  92%] [Cov:================================>  94%]
[Progress:===========================>  92%] [Cov:===============================>   89%]
[Progress:===========================>  92%] [Cov:================================>  94%]
[Progress:===========================>  93%] [Cov:================================>  94%]
[Progress:===========================>  93%] [Cov:===============================>   89%]
[Progress:===========================>  93%] [Cov:================================>  94%]
[Progress:============================> 94%] [Cov:================================>  94%]
[Progress:============================> 94%] [Cov:===============================>   89%]
[Progress:============================> 94%] [Cov:================================>  94%]
[Progress:============================> 94%] [Cov:===============================>   89%]
[Progress:============================> 94%] [Cov:================================>  94%]
[Progress:============================> 95%] [Cov:================================>  94%]
[Progress:============================> 95%] [Cov:===============================>   89%]
[Progress:============================> 95%] [Cov:================================>  94%]
[Progress:============================> 96%] [Cov:==============================>    86%]
[Progress:============================> 96%] [Cov:================================>  94%]
[Progress:============================> 96%] [Cov:===============================>   89%]
[Progress:============================> 96%] [Cov:================================>  94%]
[Progress:============================> 96%] [Cov:===============================>   89%]
[Progress:============================> 96%] [Cov:================================>  94%]
[Progress:============================> 96%] [Cov:===============================>   89%]
[Progress:============================> 96%] [Cov:================================>  94%]
[Progress:=============================>97%] [Cov:==============================>    87%]
[Progress:=============================>97%] [Cov:================================>  94%]
[Progress:=============================>97%] [Cov:===============================>   89%]
[Progress:=============================>97%] [Cov:================================>  94%]
[Progress:=============================>98%] [Cov:================================>  94%]
[Progress:=============================>98%] [Cov:===============================>   89%]
[Progress:=============================>98%] [Cov:===============================>   90%]
[Progress:=============================>98%] [Cov:================================>  94%]
[Progress:=============================>98%] [Cov:===============================>   89%]
[Progress:=============================>98%] [Cov:================================>  94%]
[Progress:=============================>99%] [Cov:===============================>   90%]
[Progress:=============================>99%] [Cov:================================>  94%]
[Progress:=============================>99%] [Cov:===============================>   89%]
[Progress:=============================>99%] [Cov:================================>  94%]
[Progress:==============================100%] [Cov:================================>  94%]
[Progress:==============================100%] [Cov:===============================>   89%]
[Progress:==============================100%] [Cov:================================>  94%]
[Progress:==============================100%] [Cov:===============================>   89%]
[Progress:==============================100%] [Cov:================================>  94%]
[Progress:==============================100%] [Cov:===============================>   89%]
* Search finished after 152s and 174 generations, 44030 statements, best individual has fitness: 37.24999999862519
* Minimizing test suite
* Going to analyze the coverage criteria
* Coverage analysis for criterion LINE
* Coverage of criterion LINE: 98%
* Total number of goals: 53
* Number of covered goals: 52
* Coverage analysis for criterion BRANCH
* Coverage of criterion BRANCH: 100%
* Total number of goals: 23
* Number of covered goals: 23
* Coverage analysis for criterion EXCEPTION
* Coverage of criterion EXCEPTION: 75%
* Total number of goals: 4
* Number of covered goals: 3
* Coverage analysis for criterion WEAKMUTATION
* Coverage of criterion WEAKMUTATION: 97%
* Total number of goals: 531
* Number of covered goals: 515
* Coverage analysis for criterion OUTPUT
* Coverage of criterion OUTPUT: 36%
* Total number of goals: 36
* Number of covered goals: 13
* Coverage analysis for criterion METHOD
* Coverage of criterion METHOD: 88%
* Total number of goals: 16
* Number of covered goals: 14
* Coverage analysis for criterion METHODNOEXCEPTION
* Coverage of criterion METHODNOEXCEPTION: 81%
* Total number of goals: 16
* Number of covered goals: 13
* Coverage analysis for criterion CBRANCH
* Coverage of criterion CBRANCH: 100%
* Total number of goals: 23
* Number of covered goals: 23
* Generated 17 tests with total length 34
* Resulting test suite's coverage: 89% (average coverage for all fitness functions)
* Generating assertions
* Resulting test suite's mutation score: 57%
* Compiling and checking tests
* Writing tests to file
* Writing JUnit test case 'FDistribution_ESTest' to evosuite-tests
* Done!

* Computation finished

